[08/24 09:44:37][INFO] train_net_few_shot:  283: Train with config:
[08/24 09:44:37][INFO] train_net_few_shot:  284: {
  "TASK_TYPE": "few_shot_action",
  "PRETRAIN": {
    "ENABLE": false
  },
  "LOCALIZATION": {
    "ENABLE": false
  },
  "TRAIN": {
    "ENABLE": true,
    "DATASET": "SSv2-Full",
    "BATCH_SIZE": 1,
    "LOG_FILE": "train.log",
    "EVAL_PERIOD": 2,
    "NUM_FOLDS": 1,
    "AUTO_RESUME": false,
    "CHECKPOINT_PERIOD": 10,
    "CHECKPOINT_FILE_PATH": "",
    "CHECKPOINT_TYPE": "pytorch",
    "CHECKPOINT_INFLATE": false,
    "CHECKPOINT_PRE_PROCESS": {
      "ENABLE": false
    },
    "FINE_TUNE": true,
    "ONLY_LINEAR": false,
    "LR_REDUCE": false,
    "TRAIN_VAL_COMBINE": false,
    "LOSS_FUNC": "cross_entropy",
    "USE_CLASSIFICATION_VALUE": 2.0,
    "GRADIENT_CHECKPOINT": true,
    "NUM_CLASS": 64,
    "META_BATCH": true,
    "WAY": 5,
    "SHOT": 1,
    "QUERY_PER_CLASS": 1,
    "QUERY_PER_CLASS_TEST": 1,
    "NUM_TRAIN_TASKS": 30000,
    "NUM_TEST_TASKS": 10000,
    "VAL_FRE_ITER": 10000,
    "BATCH_SIZE_PER_TASK": 4,
    "NORMALIZE_ACCUMULATED_GRADIENTS": false
  },
  "TEST": {
    "ENABLE": true,
    "DATASET": "SSv2-Full",
    "BATCH_SIZE": 1,
    "NUM_SPATIAL_CROPS": 1,
    "SPATIAL_CROPS": "cctltr",
    "NUM_ENSEMBLE_VIEWS": 1,
    "LOG_FILE": "test.log",
    "CHECKPOINT_FILE_PATH": "",
    "CHECKPOINT_TYPE": "pytorch",
    "AUTOMATIC_MULTI_SCALE_TEST": false,
    "TEST_SET": "val",
    "UPLOAD_CLASSIFIER_RESULTS": true,
    "SHOT": [
      1,
      5
    ],
    "EPISODE_SEED": 2026
  },
  "VISUALIZATION": {
    "ENABLE": false,
    "NAME": "",
    "FEATURE_MAPS": {
      "ENABLE": false,
      "BASE_OUTPUT_DIR": ""
    }
  },
  "SUBMISSION": {
    "ENABLE": false,
    "SAVE_RESULTS_PATH": "test.json"
  },
  "DATA": {
    "DATA_ROOT_DIR": "/mnt/data/yanyi2025/lrc/action_data/ssv2/videos/videos/",
    "ANNO_DIR": "config/ssv2_full/",
    "NUM_INPUT_FRAMES": 8,
    "NUM_INPUT_CHANNELS": 2304,
    "SAMPLING_MODE": "interval_based",
    "SAMPLING_RATE": 50,
    "TRAIN_JITTER_SCALES": [
      256,
      256
    ],
    "TRAIN_CROP_SIZE": 224,
    "TEST_SCALE": 256,
    "TEST_CROP_SIZE": 224,
    "MEAN": [
      0.48145466,
      0.4578275,
      0.40821073
    ],
    "STD": [
      0.26862954,
      0.26130258,
      0.27577711
    ],
    "MULTI_LABEL": false,
    "ENSEMBLE_METHOD": "sum",
    "TARGET_FPS": 12,
    "MINUS_INTERVAL": false,
    "FPS": 12,
    "NORM_FEATURE": false,
    "USE_AUG_FEATURE": false,
    "AUG": false,
    "LOAD_PROPS": false,
    "TEMPORAL_SCALE": 256,
    "LABELS_TYPE": "cls",
    "LOAD_TYPE": "pickle",
    "DOWNLOAD_FEATURE": true,
    "VIDEO_EXT": ".webm",
    "SAMPLING_UNIFORM": false,
    "TEST_CENTER_CROP": true,
    "CLIP_INTERVAL": 8
  },
  "MODEL": {
    "NAME": "BaseVideoModel",
    "EMA": {
      "ENABLE": false,
      "DECAY": 0.99996
    }
  },
  "VIDEO": {
    "BACKBONE": {
      "DEPTH": null,
      "META_ARCH": "Identity",
      "NUM_FILTERS": null,
      "NUM_INPUT_CHANNELS": 3,
      "NUM_OUT_FEATURES": null,
      "KERNEL_SIZE": null,
      "DOWNSAMPLING": null,
      "DOWNSAMPLING_TEMPORAL": null,
      "NUM_STREAMS": 1,
      "EXPANSION_RATIO": 2,
      "BRANCH": {
        "NAME": null
      },
      "STEM": {
        "NAME": null
      },
      "NONLOCAL": {
        "ENABLE": false,
        "STAGES": [
          5
        ],
        "MASK_ENABLE": false
      },
      "INITIALIZATION": null
    },
    "HEAD": {
      "NAME": "BaseTemporalClassifier",
      "ACTIVATION": "softmax",
      "DROPOUT_RATE": 0.0,
      "NUM_CLASSES": 200
    }
  },
  "OPTIMIZER": {
    "ADJUST_LR": false,
    "BASE_LR": 0.002,
    "LR_POLICY": "cosine",
    "MAX_EPOCH": 300,
    "MOMENTUM": 0.9,
    "WEIGHT_DECAY": "1e-3",
    "WARMUP_EPOCHS": 10,
    "WARMUP_START_LR": 0.0002,
    "OPTIM_METHOD": "adam",
    "DAMPENING": 0.0,
    "NESTEROV": true
  },
  "BN": {
    "WB_LOCK": false,
    "FREEZE": false,
    "WEIGHT_DECAY": 0.0,
    "MOMENTUM": 0.1,
    "EPS": "1e-3",
    "SYNC": false
  },
  "DATA_LOADER": {
    "NUM_WORKERS": 8,
    "PIN_MEMORY": true,
    "ENABLE_MULTI_THREAD_DECODE": true,
    "COLLATE_FN": null
  },
  "NUM_GPUS": 1,
  "SHARD_ID": 0,
  "NUM_SHARDS": 1,
  "RANDOM_SEED": 18,
  "OUTPUT_DIR": "output/SSv2_Full_PROTO_CALIB",
  "OUTPUT_CFG_FILE": "configuration.log",
  "LOG_PERIOD": 200,
  "DIST_BACKEND": "nccl",
  "LOG_MODEL_INFO": false,
  "LOG_CONFIG_INFO": true,
  "OSS": {
    "ENABLE": false,
    "KEY": null,
    "SECRET": null,
    "ENDPOINT": null,
    "CHECKPOINT_OUTPUT_PATH": null,
    "SECONDARY_DATA_OSS": {
      "ENABLE": false,
      "KEY": null,
      "SECRET": null,
      "ENDPOINT": null,
      "BUCKETS": [
        ""
      ]
    }
  },
  "AUGMENTATION": {
    "COLOR_AUG": false,
    "BRIGHTNESS": 0.5,
    "CONTRAST": 0.5,
    "SATURATION": 0.5,
    "HUE": 0.25,
    "GRAYSCALE": 0.3,
    "CONSISTENT": true,
    "SHUFFLE": true,
    "GRAY_FIRST": true,
    "RATIO": [
      0.857142857142857,
      1.1666666666666667
    ],
    "USE_GPU": false,
    "MIXUP": {
      "ENABLE": false,
      "ALPHA": 0.0,
      "PROB": 1.0,
      "MODE": "batch",
      "SWITCH_PROB": 0.5
    },
    "CUTMIX": {
      "ENABLE": false,
      "ALPHA": 0.0,
      "MINMAX": null
    },
    "RANDOM_ERASING": {
      "ENABLE": false,
      "PROB": 0.25,
      "MODE": "const",
      "COUNT": [
        1,
        1
      ],
      "NUM_SPLITS": 0,
      "AREA_RANGE": [
        0.02,
        0.33
      ],
      "MIN_ASPECT": 0.3
    },
    "LABEL_SMOOTHING": 0.0,
    "SSV2_FLIP": false,
    "IS_SPLIT": false,
    "NO_RANDOM_ERASE": true,
    "SUPPORT_QUERY_DIFF": true
  },
  "PAI": false,
  "USE_MULTISEG_VAL_DIST": false,
  "DETECTION": {
    "ENABLE": false
  },
  "TENSORBOARD": {
    "ENABLE": false
  },
  "SOLVER": {
    "BASE_LR": 0.001,
    "LR_POLICY": "steps_with_relative_lrs",
    "MAX_EPOCH": 10,
    "MOMENTUM": 0.9,
    "WEIGHT_DECAY": "5e-4",
    "WARMUP_EPOCHS": 1,
    "WARMUP_START_LR": 0.0002,
    "OPTIM_METHOD": "adam",
    "DAMPENING": 0.0,
    "NESTEROV": true,
    "STEPS_ITER": 3000,
    "STEPS": [
      0,
      4,
      6,
      8
    ],
    "LRS": [
      1,
      0.5,
      0.1,
      0.05
    ]
  },
  "PRE_DOWNLOAD": {
    "ENABLE": false
  },
  "SUPPORT_SHOT": 1,
  "PROTO_CALIB": {
    "ENABLE": true,
    "TEMPERATURE": 0.2,
    "STRENGTH": 1.0,
    "ALPHA_INIT": -4.0
  },
  "ADAPTER": {
    "NAME": "ViT_CLIP",
    "PRETRAINED": "ViT-B/16",
    "WIDTH": 768,
    "PATCH_SIZE": 16,
    "LAYERS": 12,
    "HEADS": 12,
    "ADAPTER_SCALE": 0.25
  },
  "INIT_METHOD": "tcp://localhost:1111",
  "CUDA_VISIBLE_DEVICES": "1"
}

[08/24 09:44:37][INFO] models.base.adapter:  849: load model from: ViT-B/16
[08/24 09:44:39][INFO] models.base.adapter:  856: Missing keys: ['temporal_embedding', 'proto_calib_alpha', 'transformer.resblocks.0.Adapter.down.weight', 'transformer.resblocks.0.Adapter.down.bias', 'transformer.resblocks.0.Adapter.pos_embed.weight', 'transformer.resblocks.0.Adapter.pos_embed.bias', 'transformer.resblocks.0.Adapter.s_ln.weight', 'transformer.resblocks.0.Adapter.s_ln.bias', 'transformer.resblocks.0.Adapter.s_attn.conv_offset.0.weight', 'transformer.resblocks.0.Adapter.s_attn.conv_offset.0.bias', 'transformer.resblocks.0.Adapter.s_attn.conv_offset.1.norm.weight', 'transformer.resblocks.0.Adapter.s_attn.conv_offset.1.norm.bias', 'transformer.resblocks.0.Adapter.s_attn.conv_offset.3.weight', 'transformer.resblocks.0.Adapter.s_attn.proj_q.weight', 'transformer.resblocks.0.Adapter.s_attn.proj_q.bias', 'transformer.resblocks.0.Adapter.s_attn.proj_k.weight', 'transformer.resblocks.0.Adapter.s_attn.proj_k.bias', 'transformer.resblocks.0.Adapter.s_attn.proj_v.weight', 'transformer.resblocks.0.Adapter.s_attn.proj_v.bias', 'transformer.resblocks.0.Adapter.s_attn.proj_out.weight', 'transformer.resblocks.0.Adapter.s_attn.proj_out.bias', 'transformer.resblocks.0.Adapter.t_ln.weight', 'transformer.resblocks.0.Adapter.t_ln.bias', 'transformer.resblocks.0.Adapter.t_attn.conv_offset.0.weight', 'transformer.resblocks.0.Adapter.t_attn.conv_offset.0.bias', 'transformer.resblocks.0.Adapter.t_attn.conv_offset.1.norm.weight', 'transformer.resblocks.0.Adapter.t_attn.conv_offset.1.norm.bias', 'transformer.resblocks.0.Adapter.t_attn.conv_offset.3.weight', 'transformer.resblocks.0.Adapter.t_attn.proj_q.weight', 'transformer.resblocks.0.Adapter.t_attn.proj_q.bias', 'transformer.resblocks.0.Adapter.t_attn.proj_k.weight', 'transformer.resblocks.0.Adapter.t_attn.proj_k.bias', 'transformer.resblocks.0.Adapter.t_attn.proj_v.weight', 'transformer.resblocks.0.Adapter.t_attn.proj_v.bias', 'transformer.resblocks.0.Adapter.t_attn.proj_out.weight', 'transformer.resblocks.0.Adapter.t_attn.proj_out.bias', 'transformer.resblocks.0.Adapter.up.weight', 'transformer.resblocks.0.Adapter.up.bias', 'transformer.resblocks.1.Adapter.down.weight', 'transformer.resblocks.1.Adapter.down.bias', 'transformer.resblocks.1.Adapter.pos_embed.weight', 'transformer.resblocks.1.Adapter.pos_embed.bias', 'transformer.resblocks.1.Adapter.s_ln.weight', 'transformer.resblocks.1.Adapter.s_ln.bias', 'transformer.resblocks.1.Adapter.s_attn.conv_offset.0.weight', 'transformer.resblocks.1.Adapter.s_attn.conv_offset.0.bias', 'transformer.resblocks.1.Adapter.s_attn.conv_offset.1.norm.weight', 'transformer.resblocks.1.Adapter.s_attn.conv_offset.1.norm.bias', 'transformer.resblocks.1.Adapter.s_attn.conv_offset.3.weight', 'transformer.resblocks.1.Adapter.s_attn.proj_q.weight', 'transformer.resblocks.1.Adapter.s_attn.proj_q.bias', 'transformer.resblocks.1.Adapter.s_attn.proj_k.weight', 'transformer.resblocks.1.Adapter.s_attn.proj_k.bias', 'transformer.resblocks.1.Adapter.s_attn.proj_v.weight', 'transformer.resblocks.1.Adapter.s_attn.proj_v.bias', 'transformer.resblocks.1.Adapter.s_attn.proj_out.weight', 'transformer.resblocks.1.Adapter.s_attn.proj_out.bias', 'transformer.resblocks.1.Adapter.t_ln.weight', 'transformer.resblocks.1.Adapter.t_ln.bias', 'transformer.resblocks.1.Adapter.t_attn.conv_offset.0.weight', 'transformer.resblocks.1.Adapter.t_attn.conv_offset.0.bias', 'transformer.resblocks.1.Adapter.t_attn.conv_offset.1.norm.weight', 'transformer.resblocks.1.Adapter.t_attn.conv_offset.1.norm.bias', 'transformer.resblocks.1.Adapter.t_attn.conv_offset.3.weight', 'transformer.resblocks.1.Adapter.t_attn.proj_q.weight', 'transformer.resblocks.1.Adapter.t_attn.proj_q.bias', 'transformer.resblocks.1.Adapter.t_attn.proj_k.weight', 'transformer.resblocks.1.Adapter.t_attn.proj_k.bias', 'transformer.resblocks.1.Adapter.t_attn.proj_v.weight', 'transformer.resblocks.1.Adapter.t_attn.proj_v.bias', 'transformer.resblocks.1.Adapter.t_attn.proj_out.weight', 'transformer.resblocks.1.Adapter.t_attn.proj_out.bias', 'transformer.resblocks.1.Adapter.up.weight', 'transformer.resblocks.1.Adapter.up.bias', 'transformer.resblocks.2.Adapter.down.weight', 'transformer.resblocks.2.Adapter.down.bias', 'transformer.resblocks.2.Adapter.pos_embed.weight', 'transformer.resblocks.2.Adapter.pos_embed.bias', 'transformer.resblocks.2.Adapter.s_ln.weight', 'transformer.resblocks.2.Adapter.s_ln.bias', 'transformer.resblocks.2.Adapter.s_attn.conv_offset.0.weight', 'transformer.resblocks.2.Adapter.s_attn.conv_offset.0.bias', 'transformer.resblocks.2.Adapter.s_attn.conv_offset.1.norm.weight', 'transformer.resblocks.2.Adapter.s_attn.conv_offset.1.norm.bias', 'transformer.resblocks.2.Adapter.s_attn.conv_offset.3.weight', 'transformer.resblocks.2.Adapter.s_attn.proj_q.weight', 'transformer.resblocks.2.Adapter.s_attn.proj_q.bias', 'transformer.resblocks.2.Adapter.s_attn.proj_k.weight', 'transformer.resblocks.2.Adapter.s_attn.proj_k.bias', 'transformer.resblocks.2.Adapter.s_attn.proj_v.weight', 'transformer.resblocks.2.Adapter.s_attn.proj_v.bias', 'transformer.resblocks.2.Adapter.s_attn.proj_out.weight', 'transformer.resblocks.2.Adapter.s_attn.proj_out.bias', 'transformer.resblocks.2.Adapter.t_ln.weight', 'transformer.resblocks.2.Adapter.t_ln.bias', 'transformer.resblocks.2.Adapter.t_attn.conv_offset.0.weight', 'transformer.resblocks.2.Adapter.t_attn.conv_offset.0.bias', 'transformer.resblocks.2.Adapter.t_attn.conv_offset.1.norm.weight', 'transformer.resblocks.2.Adapter.t_attn.conv_offset.1.norm.bias', 'transformer.resblocks.2.Adapter.t_attn.conv_offset.3.weight', 'transformer.resblocks.2.Adapter.t_attn.proj_q.weight', 'transformer.resblocks.2.Adapter.t_attn.proj_q.bias', 'transformer.resblocks.2.Adapter.t_attn.proj_k.weight', 'transformer.resblocks.2.Adapter.t_attn.proj_k.bias', 'transformer.resblocks.2.Adapter.t_attn.proj_v.weight', 'transformer.resblocks.2.Adapter.t_attn.proj_v.bias', 'transformer.resblocks.2.Adapter.t_attn.proj_out.weight', 'transformer.resblocks.2.Adapter.t_attn.proj_out.bias', 'transformer.resblocks.2.Adapter.up.weight', 'transformer.resblocks.2.Adapter.up.bias', 'transformer.resblocks.3.Adapter.down.weight', 'transformer.resblocks.3.Adapter.down.bias', 'transformer.resblocks.3.Adapter.pos_embed.weight', 'transformer.resblocks.3.Adapter.pos_embed.bias', 'transformer.resblocks.3.Adapter.s_ln.weight', 'transformer.resblocks.3.Adapter.s_ln.bias', 'transformer.resblocks.3.Adapter.s_attn.conv_offset.0.weight', 'transformer.resblocks.3.Adapter.s_attn.conv_offset.0.bias', 'transformer.resblocks.3.Adapter.s_attn.conv_offset.1.norm.weight', 'transformer.resblocks.3.Adapter.s_attn.conv_offset.1.norm.bias', 'transformer.resblocks.3.Adapter.s_attn.conv_offset.3.weight', 'transformer.resblocks.3.Adapter.s_attn.proj_q.weight', 'transformer.resblocks.3.Adapter.s_attn.proj_q.bias', 'transformer.resblocks.3.Adapter.s_attn.proj_k.weight', 'transformer.resblocks.3.Adapter.s_attn.proj_k.bias', 'transformer.resblocks.3.Adapter.s_attn.proj_v.weight', 'transformer.resblocks.3.Adapter.s_attn.proj_v.bias', 'transformer.resblocks.3.Adapter.s_attn.proj_out.weight', 'transformer.resblocks.3.Adapter.s_attn.proj_out.bias', 'transformer.resblocks.3.Adapter.t_ln.weight', 'transformer.resblocks.3.Adapter.t_ln.bias', 'transformer.resblocks.3.Adapter.t_attn.conv_offset.0.weight', 'transformer.resblocks.3.Adapter.t_attn.conv_offset.0.bias', 'transformer.resblocks.3.Adapter.t_attn.conv_offset.1.norm.weight', 'transformer.resblocks.3.Adapter.t_attn.conv_offset.1.norm.bias', 'transformer.resblocks.3.Adapter.t_attn.conv_offset.3.weight', 'transformer.resblocks.3.Adapter.t_attn.proj_q.weight', 'transformer.resblocks.3.Adapter.t_attn.proj_q.bias', 'transformer.resblocks.3.Adapter.t_attn.proj_k.weight', 'transformer.resblocks.3.Adapter.t_attn.proj_k.bias', 'transformer.resblocks.3.Adapter.t_attn.proj_v.weight', 'transformer.resblocks.3.Adapter.t_attn.proj_v.bias', 'transformer.resblocks.3.Adapter.t_attn.proj_out.weight', 'transformer.resblocks.3.Adapter.t_attn.proj_out.bias', 'transformer.resblocks.3.Adapter.up.weight', 'transformer.resblocks.3.Adapter.up.bias', 'transformer.resblocks.4.Adapter.down.weight', 'transformer.resblocks.4.Adapter.down.bias', 'transformer.resblocks.4.Adapter.pos_embed.weight', 'transformer.resblocks.4.Adapter.pos_embed.bias', 'transformer.resblocks.4.Adapter.s_ln.weight', 'transformer.resblocks.4.Adapter.s_ln.bias', 'transformer.resblocks.4.Adapter.s_attn.conv_offset.0.weight', 'transformer.resblocks.4.Adapter.s_attn.conv_offset.0.bias', 'transformer.resblocks.4.Adapter.s_attn.conv_offset.1.norm.weight', 'transformer.resblocks.4.Adapter.s_attn.conv_offset.1.norm.bias', 'transformer.resblocks.4.Adapter.s_attn.conv_offset.3.weight', 'transformer.resblocks.4.Adapter.s_attn.proj_q.weight', 'transformer.resblocks.4.Adapter.s_attn.proj_q.bias', 'transformer.resblocks.4.Adapter.s_attn.proj_k.weight', 'transformer.resblocks.4.Adapter.s_attn.proj_k.bias', 'transformer.resblocks.4.Adapter.s_attn.proj_v.weight', 'transformer.resblocks.4.Adapter.s_attn.proj_v.bias', 'transformer.resblocks.4.Adapter.s_attn.proj_out.weight', 'transformer.resblocks.4.Adapter.s_attn.proj_out.bias', 'transformer.resblocks.4.Adapter.t_ln.weight', 'transformer.resblocks.4.Adapter.t_ln.bias', 'transformer.resblocks.4.Adapter.t_attn.conv_offset.0.weight', 'transformer.resblocks.4.Adapter.t_attn.conv_offset.0.bias', 'transformer.resblocks.4.Adapter.t_attn.conv_offset.1.norm.weight', 'transformer.resblocks.4.Adapter.t_attn.conv_offset.1.norm.bias', 'transformer.resblocks.4.Adapter.t_attn.conv_offset.3.weight', 'transformer.resblocks.4.Adapter.t_attn.proj_q.weight', 'transformer.resblocks.4.Adapter.t_attn.proj_q.bias', 'transformer.resblocks.4.Adapter.t_attn.proj_k.weight', 'transformer.resblocks.4.Adapter.t_attn.proj_k.bias', 'transformer.resblocks.4.Adapter.t_attn.proj_v.weight', 'transformer.resblocks.4.Adapter.t_attn.proj_v.bias', 'transformer.resblocks.4.Adapter.t_attn.proj_out.weight', 'transformer.resblocks.4.Adapter.t_attn.proj_out.bias', 'transformer.resblocks.4.Adapter.up.weight', 'transformer.resblocks.4.Adapter.up.bias', 'transformer.resblocks.5.Adapter.down.weight', 'transformer.resblocks.5.Adapter.down.bias', 'transformer.resblocks.5.Adapter.pos_embed.weight', 'transformer.resblocks.5.Adapter.pos_embed.bias', 'transformer.resblocks.5.Adapter.s_ln.weight', 'transformer.resblocks.5.Adapter.s_ln.bias', 'transformer.resblocks.5.Adapter.s_attn.conv_offset.0.weight', 'transformer.resblocks.5.Adapter.s_attn.conv_offset.0.bias', 'transformer.resblocks.5.Adapter.s_attn.conv_offset.1.norm.weight', 'transformer.resblocks.5.Adapter.s_attn.conv_offset.1.norm.bias', 'transformer.resblocks.5.Adapter.s_attn.conv_offset.3.weight', 'transformer.resblocks.5.Adapter.s_attn.proj_q.weight', 'transformer.resblocks.5.Adapter.s_attn.proj_q.bias', 'transformer.resblocks.5.Adapter.s_attn.proj_k.weight', 'transformer.resblocks.5.Adapter.s_attn.proj_k.bias', 'transformer.resblocks.5.Adapter.s_attn.proj_v.weight', 'transformer.resblocks.5.Adapter.s_attn.proj_v.bias', 'transformer.resblocks.5.Adapter.s_attn.proj_out.weight', 'transformer.resblocks.5.Adapter.s_attn.proj_out.bias', 'transformer.resblocks.5.Adapter.t_ln.weight', 'transformer.resblocks.5.Adapter.t_ln.bias', 'transformer.resblocks.5.Adapter.t_attn.conv_offset.0.weight', 'transformer.resblocks.5.Adapter.t_attn.conv_offset.0.bias', 'transformer.resblocks.5.Adapter.t_attn.conv_offset.1.norm.weight', 'transformer.resblocks.5.Adapter.t_attn.conv_offset.1.norm.bias', 'transformer.resblocks.5.Adapter.t_attn.conv_offset.3.weight', 'transformer.resblocks.5.Adapter.t_attn.proj_q.weight', 'transformer.resblocks.5.Adapter.t_attn.proj_q.bias', 'transformer.resblocks.5.Adapter.t_attn.proj_k.weight', 'transformer.resblocks.5.Adapter.t_attn.proj_k.bias', 'transformer.resblocks.5.Adapter.t_attn.proj_v.weight', 'transformer.resblocks.5.Adapter.t_attn.proj_v.bias', 'transformer.resblocks.5.Adapter.t_attn.proj_out.weight', 'transformer.resblocks.5.Adapter.t_attn.proj_out.bias', 'transformer.resblocks.5.Adapter.up.weight', 'transformer.resblocks.5.Adapter.up.bias', 'transformer.resblocks.6.Adapter.down.weight', 'transformer.resblocks.6.Adapter.down.bias', 'transformer.resblocks.6.Adapter.pos_embed.weight', 'transformer.resblocks.6.Adapter.pos_embed.bias', 'transformer.resblocks.6.Adapter.s_ln.weight', 'transformer.resblocks.6.Adapter.s_ln.bias', 'transformer.resblocks.6.Adapter.s_attn.conv_offset.0.weight', 'transformer.resblocks.6.Adapter.s_attn.conv_offset.0.bias', 'transformer.resblocks.6.Adapter.s_attn.conv_offset.1.norm.weight', 'transformer.resblocks.6.Adapter.s_attn.conv_offset.1.norm.bias', 'transformer.resblocks.6.Adapter.s_attn.conv_offset.3.weight', 'transformer.resblocks.6.Adapter.s_attn.proj_q.weight', 'transformer.resblocks.6.Adapter.s_attn.proj_q.bias', 'transformer.resblocks.6.Adapter.s_attn.proj_k.weight', 'transformer.resblocks.6.Adapter.s_attn.proj_k.bias', 'transformer.resblocks.6.Adapter.s_attn.proj_v.weight', 'transformer.resblocks.6.Adapter.s_attn.proj_v.bias', 'transformer.resblocks.6.Adapter.s_attn.proj_out.weight', 'transformer.resblocks.6.Adapter.s_attn.proj_out.bias', 'transformer.resblocks.6.Adapter.t_ln.weight', 'transformer.resblocks.6.Adapter.t_ln.bias', 'transformer.resblocks.6.Adapter.t_attn.conv_offset.0.weight', 'transformer.resblocks.6.Adapter.t_attn.conv_offset.0.bias', 'transformer.resblocks.6.Adapter.t_attn.conv_offset.1.norm.weight', 'transformer.resblocks.6.Adapter.t_attn.conv_offset.1.norm.bias', 'transformer.resblocks.6.Adapter.t_attn.conv_offset.3.weight', 'transformer.resblocks.6.Adapter.t_attn.proj_q.weight', 'transformer.resblocks.6.Adapter.t_attn.proj_q.bias', 'transformer.resblocks.6.Adapter.t_attn.proj_k.weight', 'transformer.resblocks.6.Adapter.t_attn.proj_k.bias', 'transformer.resblocks.6.Adapter.t_attn.proj_v.weight', 'transformer.resblocks.6.Adapter.t_attn.proj_v.bias', 'transformer.resblocks.6.Adapter.t_attn.proj_out.weight', 'transformer.resblocks.6.Adapter.t_attn.proj_out.bias', 'transformer.resblocks.6.Adapter.up.weight', 'transformer.resblocks.6.Adapter.up.bias', 'transformer.resblocks.7.Adapter.down.weight', 'transformer.resblocks.7.Adapter.down.bias', 'transformer.resblocks.7.Adapter.pos_embed.weight', 'transformer.resblocks.7.Adapter.pos_embed.bias', 'transformer.resblocks.7.Adapter.s_ln.weight', 'transformer.resblocks.7.Adapter.s_ln.bias', 'transformer.resblocks.7.Adapter.s_attn.conv_offset.0.weight', 'transformer.resblocks.7.Adapter.s_attn.conv_offset.0.bias', 'transformer.resblocks.7.Adapter.s_attn.conv_offset.1.norm.weight', 'transformer.resblocks.7.Adapter.s_attn.conv_offset.1.norm.bias', 'transformer.resblocks.7.Adapter.s_attn.conv_offset.3.weight', 'transformer.resblocks.7.Adapter.s_attn.proj_q.weight', 'transformer.resblocks.7.Adapter.s_attn.proj_q.bias', 'transformer.resblocks.7.Adapter.s_attn.proj_k.weight', 'transformer.resblocks.7.Adapter.s_attn.proj_k.bias', 'transformer.resblocks.7.Adapter.s_attn.proj_v.weight', 'transformer.resblocks.7.Adapter.s_attn.proj_v.bias', 'transformer.resblocks.7.Adapter.s_attn.proj_out.weight', 'transformer.resblocks.7.Adapter.s_attn.proj_out.bias', 'transformer.resblocks.7.Adapter.t_ln.weight', 'transformer.resblocks.7.Adapter.t_ln.bias', 'transformer.resblocks.7.Adapter.t_attn.conv_offset.0.weight', 'transformer.resblocks.7.Adapter.t_attn.conv_offset.0.bias', 'transformer.resblocks.7.Adapter.t_attn.conv_offset.1.norm.weight', 'transformer.resblocks.7.Adapter.t_attn.conv_offset.1.norm.bias', 'transformer.resblocks.7.Adapter.t_attn.conv_offset.3.weight', 'transformer.resblocks.7.Adapter.t_attn.proj_q.weight', 'transformer.resblocks.7.Adapter.t_attn.proj_q.bias', 'transformer.resblocks.7.Adapter.t_attn.proj_k.weight', 'transformer.resblocks.7.Adapter.t_attn.proj_k.bias', 'transformer.resblocks.7.Adapter.t_attn.proj_v.weight', 'transformer.resblocks.7.Adapter.t_attn.proj_v.bias', 'transformer.resblocks.7.Adapter.t_attn.proj_out.weight', 'transformer.resblocks.7.Adapter.t_attn.proj_out.bias', 'transformer.resblocks.7.Adapter.up.weight', 'transformer.resblocks.7.Adapter.up.bias', 'transformer.resblocks.8.Adapter.down.weight', 'transformer.resblocks.8.Adapter.down.bias', 'transformer.resblocks.8.Adapter.pos_embed.weight', 'transformer.resblocks.8.Adapter.pos_embed.bias', 'transformer.resblocks.8.Adapter.s_ln.weight', 'transformer.resblocks.8.Adapter.s_ln.bias', 'transformer.resblocks.8.Adapter.s_attn.conv_offset.0.weight', 'transformer.resblocks.8.Adapter.s_attn.conv_offset.0.bias', 'transformer.resblocks.8.Adapter.s_attn.conv_offset.1.norm.weight', 'transformer.resblocks.8.Adapter.s_attn.conv_offset.1.norm.bias', 'transformer.resblocks.8.Adapter.s_attn.conv_offset.3.weight', 'transformer.resblocks.8.Adapter.s_attn.proj_q.weight', 'transformer.resblocks.8.Adapter.s_attn.proj_q.bias', 'transformer.resblocks.8.Adapter.s_attn.proj_k.weight', 'transformer.resblocks.8.Adapter.s_attn.proj_k.bias', 'transformer.resblocks.8.Adapter.s_attn.proj_v.weight', 'transformer.resblocks.8.Adapter.s_attn.proj_v.bias', 'transformer.resblocks.8.Adapter.s_attn.proj_out.weight', 'transformer.resblocks.8.Adapter.s_attn.proj_out.bias', 'transformer.resblocks.8.Adapter.t_ln.weight', 'transformer.resblocks.8.Adapter.t_ln.bias', 'transformer.resblocks.8.Adapter.t_attn.conv_offset.0.weight', 'transformer.resblocks.8.Adapter.t_attn.conv_offset.0.bias', 'transformer.resblocks.8.Adapter.t_attn.conv_offset.1.norm.weight', 'transformer.resblocks.8.Adapter.t_attn.conv_offset.1.norm.bias', 'transformer.resblocks.8.Adapter.t_attn.conv_offset.3.weight', 'transformer.resblocks.8.Adapter.t_attn.proj_q.weight', 'transformer.resblocks.8.Adapter.t_attn.proj_q.bias', 'transformer.resblocks.8.Adapter.t_attn.proj_k.weight', 'transformer.resblocks.8.Adapter.t_attn.proj_k.bias', 'transformer.resblocks.8.Adapter.t_attn.proj_v.weight', 'transformer.resblocks.8.Adapter.t_attn.proj_v.bias', 'transformer.resblocks.8.Adapter.t_attn.proj_out.weight', 'transformer.resblocks.8.Adapter.t_attn.proj_out.bias', 'transformer.resblocks.8.Adapter.up.weight', 'transformer.resblocks.8.Adapter.up.bias', 'transformer.resblocks.9.Adapter.down.weight', 'transformer.resblocks.9.Adapter.down.bias', 'transformer.resblocks.9.Adapter.pos_embed.weight', 'transformer.resblocks.9.Adapter.pos_embed.bias', 'transformer.resblocks.9.Adapter.s_ln.weight', 'transformer.resblocks.9.Adapter.s_ln.bias', 'transformer.resblocks.9.Adapter.s_attn.conv_offset.0.weight', 'transformer.resblocks.9.Adapter.s_attn.conv_offset.0.bias', 'transformer.resblocks.9.Adapter.s_attn.conv_offset.1.norm.weight', 'transformer.resblocks.9.Adapter.s_attn.conv_offset.1.norm.bias', 'transformer.resblocks.9.Adapter.s_attn.conv_offset.3.weight', 'transformer.resblocks.9.Adapter.s_attn.proj_q.weight', 'transformer.resblocks.9.Adapter.s_attn.proj_q.bias', 'transformer.resblocks.9.Adapter.s_attn.proj_k.weight', 'transformer.resblocks.9.Adapter.s_attn.proj_k.bias', 'transformer.resblocks.9.Adapter.s_attn.proj_v.weight', 'transformer.resblocks.9.Adapter.s_attn.proj_v.bias', 'transformer.resblocks.9.Adapter.s_attn.proj_out.weight', 'transformer.resblocks.9.Adapter.s_attn.proj_out.bias', 'transformer.resblocks.9.Adapter.t_ln.weight', 'transformer.resblocks.9.Adapter.t_ln.bias', 'transformer.resblocks.9.Adapter.t_attn.conv_offset.0.weight', 'transformer.resblocks.9.Adapter.t_attn.conv_offset.0.bias', 'transformer.resblocks.9.Adapter.t_attn.conv_offset.1.norm.weight', 'transformer.resblocks.9.Adapter.t_attn.conv_offset.1.norm.bias', 'transformer.resblocks.9.Adapter.t_attn.conv_offset.3.weight', 'transformer.resblocks.9.Adapter.t_attn.proj_q.weight', 'transformer.resblocks.9.Adapter.t_attn.proj_q.bias', 'transformer.resblocks.9.Adapter.t_attn.proj_k.weight', 'transformer.resblocks.9.Adapter.t_attn.proj_k.bias', 'transformer.resblocks.9.Adapter.t_attn.proj_v.weight', 'transformer.resblocks.9.Adapter.t_attn.proj_v.bias', 'transformer.resblocks.9.Adapter.t_attn.proj_out.weight', 'transformer.resblocks.9.Adapter.t_attn.proj_out.bias', 'transformer.resblocks.9.Adapter.up.weight', 'transformer.resblocks.9.Adapter.up.bias', 'transformer.resblocks.10.Adapter.down.weight', 'transformer.resblocks.10.Adapter.down.bias', 'transformer.resblocks.10.Adapter.pos_embed.weight', 'transformer.resblocks.10.Adapter.pos_embed.bias', 'transformer.resblocks.10.Adapter.s_ln.weight', 'transformer.resblocks.10.Adapter.s_ln.bias', 'transformer.resblocks.10.Adapter.s_attn.conv_offset.0.weight', 'transformer.resblocks.10.Adapter.s_attn.conv_offset.0.bias', 'transformer.resblocks.10.Adapter.s_attn.conv_offset.1.norm.weight', 'transformer.resblocks.10.Adapter.s_attn.conv_offset.1.norm.bias', 'transformer.resblocks.10.Adapter.s_attn.conv_offset.3.weight', 'transformer.resblocks.10.Adapter.s_attn.proj_q.weight', 'transformer.resblocks.10.Adapter.s_attn.proj_q.bias', 'transformer.resblocks.10.Adapter.s_attn.proj_k.weight', 'transformer.resblocks.10.Adapter.s_attn.proj_k.bias', 'transformer.resblocks.10.Adapter.s_attn.proj_v.weight', 'transformer.resblocks.10.Adapter.s_attn.proj_v.bias', 'transformer.resblocks.10.Adapter.s_attn.proj_out.weight', 'transformer.resblocks.10.Adapter.s_attn.proj_out.bias', 'transformer.resblocks.10.Adapter.t_ln.weight', 'transformer.resblocks.10.Adapter.t_ln.bias', 'transformer.resblocks.10.Adapter.t_attn.conv_offset.0.weight', 'transformer.resblocks.10.Adapter.t_attn.conv_offset.0.bias', 'transformer.resblocks.10.Adapter.t_attn.conv_offset.1.norm.weight', 'transformer.resblocks.10.Adapter.t_attn.conv_offset.1.norm.bias', 'transformer.resblocks.10.Adapter.t_attn.conv_offset.3.weight', 'transformer.resblocks.10.Adapter.t_attn.proj_q.weight', 'transformer.resblocks.10.Adapter.t_attn.proj_q.bias', 'transformer.resblocks.10.Adapter.t_attn.proj_k.weight', 'transformer.resblocks.10.Adapter.t_attn.proj_k.bias', 'transformer.resblocks.10.Adapter.t_attn.proj_v.weight', 'transformer.resblocks.10.Adapter.t_attn.proj_v.bias', 'transformer.resblocks.10.Adapter.t_attn.proj_out.weight', 'transformer.resblocks.10.Adapter.t_attn.proj_out.bias', 'transformer.resblocks.10.Adapter.up.weight', 'transformer.resblocks.10.Adapter.up.bias', 'transformer.resblocks.11.Adapter.down.weight', 'transformer.resblocks.11.Adapter.down.bias', 'transformer.resblocks.11.Adapter.pos_embed.weight', 'transformer.resblocks.11.Adapter.pos_embed.bias', 'transformer.resblocks.11.Adapter.s_ln.weight', 'transformer.resblocks.11.Adapter.s_ln.bias', 'transformer.resblocks.11.Adapter.s_attn.conv_offset.0.weight', 'transformer.resblocks.11.Adapter.s_attn.conv_offset.0.bias', 'transformer.resblocks.11.Adapter.s_attn.conv_offset.1.norm.weight', 'transformer.resblocks.11.Adapter.s_attn.conv_offset.1.norm.bias', 'transformer.resblocks.11.Adapter.s_attn.conv_offset.3.weight', 'transformer.resblocks.11.Adapter.s_attn.proj_q.weight', 'transformer.resblocks.11.Adapter.s_attn.proj_q.bias', 'transformer.resblocks.11.Adapter.s_attn.proj_k.weight', 'transformer.resblocks.11.Adapter.s_attn.proj_k.bias', 'transformer.resblocks.11.Adapter.s_attn.proj_v.weight', 'transformer.resblocks.11.Adapter.s_attn.proj_v.bias', 'transformer.resblocks.11.Adapter.s_attn.proj_out.weight', 'transformer.resblocks.11.Adapter.s_attn.proj_out.bias', 'transformer.resblocks.11.Adapter.t_ln.weight', 'transformer.resblocks.11.Adapter.t_ln.bias', 'transformer.resblocks.11.Adapter.t_attn.conv_offset.0.weight', 'transformer.resblocks.11.Adapter.t_attn.conv_offset.0.bias', 'transformer.resblocks.11.Adapter.t_attn.conv_offset.1.norm.weight', 'transformer.resblocks.11.Adapter.t_attn.conv_offset.1.norm.bias', 'transformer.resblocks.11.Adapter.t_attn.conv_offset.3.weight', 'transformer.resblocks.11.Adapter.t_attn.proj_q.weight', 'transformer.resblocks.11.Adapter.t_attn.proj_q.bias', 'transformer.resblocks.11.Adapter.t_attn.proj_k.weight', 'transformer.resblocks.11.Adapter.t_attn.proj_k.bias', 'transformer.resblocks.11.Adapter.t_attn.proj_v.weight', 'transformer.resblocks.11.Adapter.t_attn.proj_v.bias', 'transformer.resblocks.11.Adapter.t_attn.proj_out.weight', 'transformer.resblocks.11.Adapter.t_attn.proj_out.bias', 'transformer.resblocks.11.Adapter.up.weight', 'transformer.resblocks.11.Adapter.up.bias', 'classification_layer.weight', 'classification_layer.bias']
[08/24 09:44:39][INFO] models.base.adapter:  857: Unexpected keys: []
[08/24 09:44:39][INFO] models.base.adapter:  858: => loaded successfully 'ViT-B/16'
[08/24 09:44:39][INFO] models.base.adapter:  865: init:  transformer.resblocks.0.Adapter.up
[08/24 09:44:39][INFO] models.base.adapter:  865: init:  transformer.resblocks.1.Adapter.up
[08/24 09:44:39][INFO] models.base.adapter:  865: init:  transformer.resblocks.2.Adapter.up
[08/24 09:44:39][INFO] models.base.adapter:  865: init:  transformer.resblocks.3.Adapter.up
[08/24 09:44:39][INFO] models.base.adapter:  865: init:  transformer.resblocks.4.Adapter.up
[08/24 09:44:39][INFO] models.base.adapter:  865: init:  transformer.resblocks.5.Adapter.up
[08/24 09:44:39][INFO] models.base.adapter:  865: init:  transformer.resblocks.6.Adapter.up
[08/24 09:44:39][INFO] models.base.adapter:  865: init:  transformer.resblocks.7.Adapter.up
[08/24 09:44:39][INFO] models.base.adapter:  865: init:  transformer.resblocks.8.Adapter.up
[08/24 09:44:39][INFO] models.base.adapter:  865: init:  transformer.resblocks.9.Adapter.up
[08/24 09:44:39][INFO] models.base.adapter:  865: init:  transformer.resblocks.10.Adapter.up
[08/24 09:44:39][INFO] models.base.adapter:  865: init:  transformer.resblocks.11.Adapter.up
[08/24 09:44:39][INFO] train_net_few_shot:  288: Model:
BaseVideoModel(
  (model): ViT_CLIP(
    (conv1): Conv2d(3, 768, kernel_size=(16, 16), stride=(16, 16), bias=False)
    (ln_pre): LayerNorm((768,), eps=1e-05, elementwise_affine=True, bias=True)
    (transformer): Transformer(
      (resblocks): ModuleList(
        (0-11): 12 x ResidualAttentionBlock(
          (ln_1): LayerNorm((768,), eps=1e-05, elementwise_affine=True, bias=True)
          (attn): MultiheadAttention(
            (out_proj): NonDynamicallyQuantizableLinear(in_features=768, out_features=768, bias=True)
          )
          (ln_2): LayerNorm((768,), eps=1e-05, elementwise_affine=True, bias=True)
          (mlp): Sequential(
            (c_fc): Linear(in_features=768, out_features=3072, bias=True)
            (gelu): QuickGELU()
            (c_proj): Linear(in_features=3072, out_features=768, bias=True)
          )
          (Adapter): ViT_D2ST_Adapter(
            (down): Linear(in_features=768, out_features=192, bias=True)
            (gelu1): GELU(approximate='none')
            (pos_embed): Conv3d(192, 192, kernel_size=(3, 3, 3), stride=(1, 1, 1), padding=(1, 1, 1), groups=192)
            (s_ln): LayerNorm((192,), eps=1e-05, elementwise_affine=True, bias=True)
            (s_attn): ViT_DeformAttention(
              (conv_offset): Sequential(
                (0): Conv3d(48, 48, kernel_size=(4, 5, 5), stride=(4, 3, 3), groups=48)
                (1): LayerNormProxy(
                  (norm): LayerNorm((48,), eps=1e-05, elementwise_affine=True, bias=True)
                )
                (2): GELU(approximate='none')
                (3): Conv3d(48, 3, kernel_size=(1, 1, 1), stride=(1, 1, 1), bias=False)
              )
              (proj_q): Linear(in_features=192, out_features=192, bias=True)
              (proj_k): Linear(in_features=192, out_features=192, bias=True)
              (proj_v): Linear(in_features=192, out_features=192, bias=True)
              (proj_out): Linear(in_features=192, out_features=192, bias=True)
            )
            (t_ln): LayerNorm((192,), eps=1e-05, elementwise_affine=True, bias=True)
            (t_attn): ViT_DeformAttention(
              (conv_offset): Sequential(
                (0): Conv3d(48, 48, kernel_size=(1, 7, 7), stride=(1, 7, 7), groups=48)
                (1): LayerNormProxy(
                  (norm): LayerNorm((48,), eps=1e-05, elementwise_affine=True, bias=True)
                )
                (2): GELU(approximate='none')
                (3): Conv3d(48, 3, kernel_size=(1, 1, 1), stride=(1, 1, 1), bias=False)
              )
              (proj_q): Linear(in_features=192, out_features=192, bias=True)
              (proj_k): Linear(in_features=192, out_features=192, bias=True)
              (proj_v): Linear(in_features=192, out_features=192, bias=True)
              (proj_out): Linear(in_features=192, out_features=192, bias=True)
            )
            (gelu): GELU(approximate='none')
            (up): Linear(in_features=192, out_features=768, bias=True)
            (gelu2): GELU(approximate='none')
          )
        )
      )
    )
    (ln_post): LayerNorm((768,), eps=1e-05, elementwise_affine=True, bias=True)
    (classification_layer): Linear(in_features=768, out_features=64, bias=True)
    (proto_calibrator): D2STEpisodePrototypeCalibrator()
  )
)
[08/24 09:44:39][INFO] models.utils.optimizer:   82: Optimized parameters constructed. Parameters without weight decay: []
[08/24 09:44:39][INFO] datasets.base.few_shot_dataset:   97: Reading video list from file: train_few_shot.txt
[08/24 09:44:39][INFO] datasets.base.few_shot_dataset:  127: Loading SSv2-Full dataset list for split 'train'...
[08/24 09:44:39][INFO] datasets.base.few_shot_dataset:   47: loaded 67013 videos from train dataset: SSv2-Full !
[08/24 09:44:39][INFO] datasets.base.few_shot_dataset:  153: Dataset SSv2-Full split train loaded. Length 67013.
[08/24 09:44:39][INFO] datasets.base.few_shot_dataset:   97: Reading video list from file: test_few_shot.txt
[08/24 09:44:39][INFO] datasets.base.few_shot_dataset:  127: Loading SSv2-Full dataset list for split 'test'...
[08/24 09:44:39][INFO] datasets.base.few_shot_dataset:   47: loaded 2857 videos from test dataset: SSv2-Full !
[08/24 09:44:39][INFO] datasets.base.few_shot_dataset:  153: Dataset SSv2-Full split test loaded. Length 2857.
[08/24 09:44:39][INFO] train_net_few_shot:  310: Start epoch: 1
[08/24 09:44:39][INFO] train_net_few_shot:  341: Number of total parameters: 93129089, tunable parameters: 7331969
[08/24 09:44:39][INFO] train_net_few_shot:   69: Norm training: True
[08/24 09:44:39][INFO] train_net_few_shot:   87: Gradient accumulation: steps=4, normalize=False
[08/24 09:46:02][INFO] utils.logging:   91: {"_type": "train_iter", "iter": "200/30000", "loss": 9.913992, "lr": 0.000253, "top1_acc": 33.099999}
[08/24 09:47:24][INFO] utils.logging:   91: {"_type": "train_iter", "iter": "400/30000", "loss": 9.108607, "lr": 0.000306, "top1_acc": 43.100000}
[08/24 09:48:46][INFO] utils.logging:   91: {"_type": "train_iter", "iter": "600/30000", "loss": 8.106922, "lr": 0.000360, "top1_acc": 48.200000}
[08/24 09:50:08][INFO] utils.logging:   91: {"_type": "train_iter", "iter": "800/30000", "loss": 7.425655, "lr": 0.000413, "top1_acc": 50.800000}
[08/24 09:51:30][INFO] utils.logging:   91: {"_type": "train_iter", "iter": "1000/30000", "loss": 6.986892, "lr": 0.000466, "top1_acc": 54.000001}
[08/24 09:52:52][INFO] utils.logging:   91: {"_type": "train_iter", "iter": "1200/30000", "loss": 6.478336, "lr": 0.000520, "top1_acc": 57.300001}
[08/24 09:54:14][INFO] utils.logging:   91: {"_type": "train_iter", "iter": "1400/30000", "loss": 6.040836, "lr": 0.000573, "top1_acc": 58.500001}
[08/24 09:55:36][INFO] utils.logging:   91: {"_type": "train_iter", "iter": "1600/30000", "loss": 5.882274, "lr": 0.000626, "top1_acc": 56.100001}
[08/24 09:56:58][INFO] utils.logging:   91: {"_type": "train_iter", "iter": "1800/30000", "loss": 5.788742, "lr": 0.000680, "top1_acc": 57.200001}
[08/24 09:58:20][INFO] utils.logging:   91: {"_type": "train_iter", "iter": "2000/30000", "loss": 5.448081, "lr": 0.000733, "top1_acc": 64.200001}
[08/24 09:59:43][INFO] utils.logging:   91: {"_type": "train_iter", "iter": "2200/30000", "loss": 5.560206, "lr": 0.000786, "top1_acc": 59.800001}
[08/24 10:01:04][INFO] utils.logging:   91: {"_type": "train_iter", "iter": "2400/30000", "loss": 5.275926, "lr": 0.000840, "top1_acc": 62.200001}
[08/24 10:02:27][INFO] utils.logging:   91: {"_type": "train_iter", "iter": "2600/30000", "loss": 5.077381, "lr": 0.000893, "top1_acc": 61.100001}
[08/24 10:03:48][INFO] utils.logging:   91: {"_type": "train_iter", "iter": "2800/30000", "loss": 5.190748, "lr": 0.000946, "top1_acc": 62.900001}
[08/24 10:05:11][INFO] utils.logging:   91: {"_type": "train_iter", "iter": "3000/30000", "loss": 4.910663, "lr": 0.001000, "top1_acc": 63.000001}
[08/24 10:06:33][INFO] utils.logging:   91: {"_type": "train_iter", "iter": "3200/30000", "loss": 4.632947, "lr": 0.001000, "top1_acc": 65.100001}
[08/24 10:07:55][INFO] utils.logging:   91: {"_type": "train_iter", "iter": "3400/30000", "loss": 4.729283, "lr": 0.001000, "top1_acc": 64.400001}
[08/24 10:09:16][INFO] utils.logging:   91: {"_type": "train_iter", "iter": "3600/30000", "loss": 4.638153, "lr": 0.001000, "top1_acc": 67.200001}
[08/24 10:10:39][INFO] utils.logging:   91: {"_type": "train_iter", "iter": "3800/30000", "loss": 4.329803, "lr": 0.001000, "top1_acc": 67.500002}
[08/24 10:12:00][INFO] utils.logging:   91: {"_type": "train_iter", "iter": "4000/30000", "loss": 4.254535, "lr": 0.001000, "top1_acc": 66.700001}
[08/24 10:13:23][INFO] utils.logging:   91: {"_type": "train_iter", "iter": "4200/30000", "loss": 4.293234, "lr": 0.001000, "top1_acc": 65.800001}
[08/24 10:14:45][INFO] utils.logging:   91: {"_type": "train_iter", "iter": "4400/30000", "loss": 4.073758, "lr": 0.001000, "top1_acc": 71.200001}
[08/24 10:16:07][INFO] utils.logging:   91: {"_type": "train_iter", "iter": "4600/30000", "loss": 4.074973, "lr": 0.001000, "top1_acc": 69.300002}
[08/24 10:17:29][INFO] utils.logging:   91: {"_type": "train_iter", "iter": "4800/30000", "loss": 3.829739, "lr": 0.001000, "top1_acc": 72.100001}
[08/24 10:18:51][INFO] utils.logging:   91: {"_type": "train_iter", "iter": "5000/30000", "loss": 3.926566, "lr": 0.001000, "top1_acc": 69.100002}
[08/24 10:20:13][INFO] utils.logging:   91: {"_type": "train_iter", "iter": "5200/30000", "loss": 3.719379, "lr": 0.001000, "top1_acc": 70.100001}
[08/24 10:21:35][INFO] utils.logging:   91: {"_type": "train_iter", "iter": "5400/30000", "loss": 3.581391, "lr": 0.001000, "top1_acc": 70.100001}
[08/24 10:22:57][INFO] utils.logging:   91: {"_type": "train_iter", "iter": "5600/30000", "loss": 3.688560, "lr": 0.001000, "top1_acc": 70.700001}
[08/24 10:24:20][INFO] utils.logging:   91: {"_type": "train_iter", "iter": "5800/30000", "loss": 3.524214, "lr": 0.001000, "top1_acc": 70.400001}
[08/24 10:25:42][INFO] utils.logging:   91: {"_type": "train_iter", "iter": "6000/30000", "loss": 3.543564, "lr": 0.001000, "top1_acc": 71.200002}
[08/24 10:27:04][INFO] utils.logging:   91: {"_type": "train_iter", "iter": "6200/30000", "loss": 3.535627, "lr": 0.001000, "top1_acc": 71.900001}
[08/24 10:28:26][INFO] utils.logging:   91: {"_type": "train_iter", "iter": "6400/30000", "loss": 3.390236, "lr": 0.001000, "top1_acc": 73.900001}
[08/24 10:29:48][INFO] utils.logging:   91: {"_type": "train_iter", "iter": "6600/30000", "loss": 3.376903, "lr": 0.001000, "top1_acc": 73.700001}
[08/24 10:31:10][INFO] utils.logging:   91: {"_type": "train_iter", "iter": "6800/30000", "loss": 3.190736, "lr": 0.001000, "top1_acc": 75.500002}
[08/24 10:32:32][INFO] utils.logging:   91: {"_type": "train_iter", "iter": "7000/30000", "loss": 3.335951, "lr": 0.001000, "top1_acc": 72.000001}
[08/24 10:33:54][INFO] utils.logging:   91: {"_type": "train_iter", "iter": "7200/30000", "loss": 2.910965, "lr": 0.001000, "top1_acc": 75.900002}
[08/24 10:35:16][INFO] utils.logging:   91: {"_type": "train_iter", "iter": "7400/30000", "loss": 2.906186, "lr": 0.001000, "top1_acc": 75.700001}
[08/24 10:36:38][INFO] utils.logging:   91: {"_type": "train_iter", "iter": "7600/30000", "loss": 3.036475, "lr": 0.001000, "top1_acc": 73.100001}
[08/24 10:38:00][INFO] utils.logging:   91: {"_type": "train_iter", "iter": "7800/30000", "loss": 2.902985, "lr": 0.001000, "top1_acc": 78.200002}
[08/24 10:39:22][INFO] utils.logging:   91: {"_type": "train_iter", "iter": "8000/30000", "loss": 3.108274, "lr": 0.001000, "top1_acc": 75.400002}
[08/24 10:40:35][INFO] datasets.base.few_shot_dataset:  420: Error at decoding. Vid index: 54100, Vid path: /mnt/data/yanyi2025/lrc/action_data/ssv2/videos/videos/96464.webm
[08/24 10:40:44][INFO] utils.logging:   91: {"_type": "train_iter", "iter": "8200/30000", "loss": 2.706158, "lr": 0.001000, "top1_acc": 77.500001}
[08/24 10:42:06][INFO] utils.logging:   91: {"_type": "train_iter", "iter": "8400/30000", "loss": 2.833579, "lr": 0.001000, "top1_acc": 77.300001}
[08/24 10:43:28][INFO] utils.logging:   91: {"_type": "train_iter", "iter": "8600/30000", "loss": 2.816422, "lr": 0.001000, "top1_acc": 78.800001}
[08/24 10:44:50][INFO] utils.logging:   91: {"_type": "train_iter", "iter": "8800/30000", "loss": 2.845932, "lr": 0.001000, "top1_acc": 77.400002}
[08/24 10:46:12][INFO] utils.logging:   91: {"_type": "train_iter", "iter": "9000/30000", "loss": 2.678477, "lr": 0.001000, "top1_acc": 79.600001}
[08/24 10:47:35][INFO] utils.logging:   91: {"_type": "train_iter", "iter": "9200/30000", "loss": 2.666001, "lr": 0.001000, "top1_acc": 77.400001}
[08/24 10:48:57][INFO] utils.logging:   91: {"_type": "train_iter", "iter": "9400/30000", "loss": 2.527652, "lr": 0.001000, "top1_acc": 80.700001}
[08/24 10:50:19][INFO] utils.logging:   91: {"_type": "train_iter", "iter": "9600/30000", "loss": 2.620254, "lr": 0.001000, "top1_acc": 78.600001}
[08/24 10:51:41][INFO] utils.logging:   91: {"_type": "train_iter", "iter": "9800/30000", "loss": 2.648568, "lr": 0.001000, "top1_acc": 77.400002}
[08/24 10:53:07][INFO] datasets.base.few_shot_dataset:  420: Error at decoding. Vid index: 2581, Vid path: /mnt/data/yanyi2025/lrc/action_data/ssv2/videos/videos/113474.webm
[08/24 10:53:15][INFO] datasets.base.few_shot_dataset:  420: Error at decoding. Vid index: 2581, Vid path: /mnt/data/yanyi2025/lrc/action_data/ssv2/videos/videos/113474.webm
[08/24 10:53:27][INFO] utils.logging:   91: {"_type": "val_iter", "gpu_mem": "1.78 GB", "iter": "200/10000", "top1_acc": 59.100001}
[08/24 10:53:51][INFO] utils.logging:   91: {"_type": "val_iter", "gpu_mem": "1.78 GB", "iter": "400/10000", "top1_acc": 57.800001}
[08/24 10:54:15][WARNING] datasets.base.few_shot_dataset:  251: Error at decoding. 1/5. Vid index: [185, 182], Vid path: 9
[08/24 10:54:16][INFO] utils.logging:   91: {"_type": "val_iter", "gpu_mem": "1.78 GB", "iter": "600/10000", "top1_acc": 60.100001}
[08/24 10:54:40][INFO] utils.logging:   91: {"_type": "val_iter", "gpu_mem": "1.78 GB", "iter": "800/10000", "top1_acc": 59.000001}
[08/24 10:55:04][INFO] utils.logging:   91: {"_type": "val_iter", "gpu_mem": "1.78 GB", "iter": "1000/10000", "top1_acc": 60.900001}
[08/24 10:55:22][WARNING] datasets.base.few_shot_dataset:  251: Error at decoding. 1/5. Vid index: [64, 185], Vid path: 9
[08/24 10:55:28][INFO] utils.logging:   91: {"_type": "val_iter", "gpu_mem": "1.78 GB", "iter": "1200/10000", "top1_acc": 59.600001}
[08/24 10:55:52][INFO] utils.logging:   91: {"_type": "val_iter", "gpu_mem": "1.78 GB", "iter": "1400/10000", "top1_acc": 58.600001}
[08/24 10:56:16][INFO] utils.logging:   91: {"_type": "val_iter", "gpu_mem": "1.78 GB", "iter": "1600/10000", "top1_acc": 59.400001}
[08/24 10:56:40][INFO] utils.logging:   91: {"_type": "val_iter", "gpu_mem": "1.78 GB", "iter": "1800/10000", "top1_acc": 60.300001}
[08/24 10:57:04][INFO] utils.logging:   91: {"_type": "val_iter", "gpu_mem": "1.78 GB", "iter": "2000/10000", "top1_acc": 60.900001}
[08/24 10:57:23][INFO] datasets.base.few_shot_dataset:  420: Error at decoding. Vid index: 2581, Vid path: /mnt/data/yanyi2025/lrc/action_data/ssv2/videos/videos/113474.webm
[08/24 10:57:29][INFO] utils.logging:   91: {"_type": "val_iter", "gpu_mem": "1.78 GB", "iter": "2200/10000", "top1_acc": 60.500001}
[08/24 10:57:48][WARNING] datasets.base.few_shot_dataset:  251: Error at decoding. 1/5. Vid index: [86, 185], Vid path: 9
[08/24 10:57:52][INFO] utils.logging:   91: {"_type": "val_iter", "gpu_mem": "1.78 GB", "iter": "2400/10000", "top1_acc": 57.400001}
[08/24 10:58:16][INFO] utils.logging:   91: {"_type": "val_iter", "gpu_mem": "1.78 GB", "iter": "2600/10000", "top1_acc": 59.200001}
[08/24 10:58:40][INFO] utils.logging:   91: {"_type": "val_iter", "gpu_mem": "1.78 GB", "iter": "2800/10000", "top1_acc": 60.700001}
[08/24 10:59:04][INFO] utils.logging:   91: {"_type": "val_iter", "gpu_mem": "1.78 GB", "iter": "3000/10000", "top1_acc": 60.200001}
[08/24 10:59:29][INFO] utils.logging:   91: {"_type": "val_iter", "gpu_mem": "1.78 GB", "iter": "3200/10000", "top1_acc": 59.500001}
[08/24 10:59:53][INFO] utils.logging:   91: {"_type": "val_iter", "gpu_mem": "1.78 GB", "iter": "3400/10000", "top1_acc": 59.800001}
[08/24 11:00:08][WARNING] datasets.base.few_shot_dataset:  251: Error at decoding. 1/5. Vid index: [185, 52], Vid path: 9
[08/24 11:00:17][INFO] utils.logging:   91: {"_type": "val_iter", "gpu_mem": "1.78 GB", "iter": "3600/10000", "top1_acc": 59.600001}
[08/24 11:00:41][INFO] utils.logging:   91: {"_type": "val_iter", "gpu_mem": "1.78 GB", "iter": "3800/10000", "top1_acc": 58.700001}
[08/24 11:01:01][WARNING] datasets.base.few_shot_dataset:  251: Error at decoding. 1/5. Vid index: [116, 185], Vid path: 9
[08/24 11:01:05][INFO] utils.logging:   91: {"_type": "val_iter", "gpu_mem": "1.78 GB", "iter": "4000/10000", "top1_acc": 65.100001}
[08/24 11:01:28][INFO] datasets.base.few_shot_dataset:  420: Error at decoding. Vid index: 2581, Vid path: /mnt/data/yanyi2025/lrc/action_data/ssv2/videos/videos/113474.webm
[08/24 11:01:29][INFO] utils.logging:   91: {"_type": "val_iter", "gpu_mem": "1.78 GB", "iter": "4200/10000", "top1_acc": 61.500001}
[08/24 11:01:53][INFO] utils.logging:   91: {"_type": "val_iter", "gpu_mem": "1.78 GB", "iter": "4400/10000", "top1_acc": 62.600001}
[08/24 11:02:18][INFO] utils.logging:   91: {"_type": "val_iter", "gpu_mem": "1.78 GB", "iter": "4600/10000", "top1_acc": 59.900001}
[08/24 11:02:42][INFO] utils.logging:   91: {"_type": "val_iter", "gpu_mem": "1.78 GB", "iter": "4800/10000", "top1_acc": 58.800001}
[08/24 11:03:06][INFO] utils.logging:   91: {"_type": "val_iter", "gpu_mem": "1.78 GB", "iter": "5000/10000", "top1_acc": 59.900001}
[08/24 11:03:22][WARNING] datasets.base.few_shot_dataset:  251: Error at decoding. 1/5. Vid index: [179, 185], Vid path: 9
[08/24 11:03:26][WARNING] datasets.base.few_shot_dataset:  251: Error at decoding. 1/5. Vid index: [185, 88], Vid path: 9
[08/24 11:03:30][INFO] utils.logging:   91: {"_type": "val_iter", "gpu_mem": "1.78 GB", "iter": "5200/10000", "top1_acc": 60.800001}
[08/24 11:03:53][INFO] utils.logging:   91: {"_type": "val_iter", "gpu_mem": "1.78 GB", "iter": "5400/10000", "top1_acc": 59.600001}
[08/24 11:04:17][INFO] utils.logging:   91: {"_type": "val_iter", "gpu_mem": "1.78 GB", "iter": "5600/10000", "top1_acc": 58.300001}
[08/24 11:04:28][WARNING] datasets.base.few_shot_dataset:  251: Error at decoding. 1/5. Vid index: [159, 185], Vid path: 9
[08/24 11:04:42][INFO] utils.logging:   91: {"_type": "val_iter", "gpu_mem": "1.78 GB", "iter": "5800/10000", "top1_acc": 59.600001}
[08/24 11:05:06][INFO] utils.logging:   91: {"_type": "val_iter", "gpu_mem": "1.78 GB", "iter": "6000/10000", "top1_acc": 59.200001}
[08/24 11:05:30][INFO] utils.logging:   91: {"_type": "val_iter", "gpu_mem": "1.78 GB", "iter": "6200/10000", "top1_acc": 58.400001}
[08/24 11:05:54][INFO] utils.logging:   91: {"_type": "val_iter", "gpu_mem": "1.78 GB", "iter": "6400/10000", "top1_acc": 58.900001}
[08/24 11:06:18][INFO] utils.logging:   91: {"_type": "val_iter", "gpu_mem": "1.78 GB", "iter": "6600/10000", "top1_acc": 61.000001}
[08/24 11:06:42][INFO] utils.logging:   91: {"_type": "val_iter", "gpu_mem": "1.78 GB", "iter": "6800/10000", "top1_acc": 60.300001}
[08/24 11:07:06][INFO] utils.logging:   91: {"_type": "val_iter", "gpu_mem": "1.78 GB", "iter": "7000/10000", "top1_acc": 61.400001}
[08/24 11:07:31][INFO] utils.logging:   91: {"_type": "val_iter", "gpu_mem": "1.78 GB", "iter": "7200/10000", "top1_acc": 57.700001}
[08/24 11:07:55][INFO] utils.logging:   91: {"_type": "val_iter", "gpu_mem": "1.78 GB", "iter": "7400/10000", "top1_acc": 59.500001}
[08/24 11:08:19][INFO] utils.logging:   91: {"_type": "val_iter", "gpu_mem": "1.78 GB", "iter": "7600/10000", "top1_acc": 64.300001}
[08/24 11:08:44][INFO] utils.logging:   91: {"_type": "val_iter", "gpu_mem": "1.78 GB", "iter": "7800/10000", "top1_acc": 57.500001}
[08/24 11:09:08][INFO] utils.logging:   91: {"_type": "val_iter", "gpu_mem": "1.78 GB", "iter": "8000/10000", "top1_acc": 60.300001}
[08/24 11:09:32][INFO] utils.logging:   91: {"_type": "val_iter", "gpu_mem": "1.78 GB", "iter": "8200/10000", "top1_acc": 61.500001}
[08/24 11:09:56][INFO] utils.logging:   91: {"_type": "val_iter", "gpu_mem": "1.78 GB", "iter": "8400/10000", "top1_acc": 60.200001}
[08/24 11:10:20][INFO] utils.logging:   91: {"_type": "val_iter", "gpu_mem": "1.78 GB", "iter": "8600/10000", "top1_acc": 59.100001}
[08/24 11:10:44][INFO] utils.logging:   91: {"_type": "val_iter", "gpu_mem": "1.78 GB", "iter": "8800/10000", "top1_acc": 59.100001}
[08/24 11:11:09][INFO] utils.logging:   91: {"_type": "val_iter", "gpu_mem": "1.78 GB", "iter": "9000/10000", "top1_acc": 58.400001}
[08/24 11:11:32][INFO] datasets.base.few_shot_dataset:  420: Error at decoding. Vid index: 2581, Vid path: /mnt/data/yanyi2025/lrc/action_data/ssv2/videos/videos/113474.webm
[08/24 11:11:33][INFO] utils.logging:   91: {"_type": "val_iter", "gpu_mem": "1.78 GB", "iter": "9200/10000", "top1_acc": 61.700001}
[08/24 11:11:57][INFO] utils.logging:   91: {"_type": "val_iter", "gpu_mem": "1.78 GB", "iter": "9400/10000", "top1_acc": 60.100001}
[08/24 11:12:15][WARNING] datasets.base.few_shot_dataset:  251: Error at decoding. 1/5. Vid index: [81, 185], Vid path: 9
[08/24 11:12:21][INFO] utils.logging:   91: {"_type": "val_iter", "gpu_mem": "1.78 GB", "iter": "9600/10000", "top1_acc": 61.000001}
[08/24 11:12:46][INFO] utils.logging:   91: {"_type": "val_iter", "gpu_mem": "1.78 GB", "iter": "9800/10000", "top1_acc": 58.300001}
[08/24 11:13:09][INFO] utils.logging:   91: {"_type": "val_iter", "gpu_mem": "1.78 GB", "iter": "10000/10000", "top1_acc": 58.900001}
[08/24 11:13:09][INFO] utils.logging:   91: {"RAM": "21.18/125.63 GB", "_type": "val_epoch", "epoch": "1", "gpu_mem": "1.78 GB", "top1_acc": 59.884001}
[08/24 11:13:09][INFO] train_net_few_shot:   53: Fusion weights: proto_calib=0.056896
[08/24 11:13:10][INFO] train_net_few_shot:  125: New best validation accuracy: 59.8840; checkpoint=output/SSv2_Full_PROTO_CALIB/checkpoints/checkpoint_best.pyth
[08/24 11:13:10][INFO] utils.logging:   91: {"_type": "train_iter", "iter": "10000/30000", "loss": 2.612834, "lr": 0.001000, "top1_acc": 78.700001}
[08/24 11:14:32][INFO] utils.logging:   91: {"_type": "train_iter", "iter": "10200/30000", "loss": 2.639499, "lr": 0.001000, "top1_acc": 79.700001}
[08/24 11:15:55][INFO] utils.logging:   91: {"_type": "train_iter", "iter": "10400/30000", "loss": 2.603010, "lr": 0.001000, "top1_acc": 79.700002}
[08/24 11:17:17][INFO] utils.logging:   91: {"_type": "train_iter", "iter": "10600/30000", "loss": 2.527491, "lr": 0.001000, "top1_acc": 80.500001}
[08/24 11:18:39][INFO] utils.logging:   91: {"_type": "train_iter", "iter": "10800/30000", "loss": 2.390224, "lr": 0.001000, "top1_acc": 82.500001}
[08/24 11:20:00][INFO] utils.logging:   91: {"_type": "train_iter", "iter": "11000/30000", "loss": 2.272434, "lr": 0.001000, "top1_acc": 80.000001}
[08/24 11:21:23][INFO] utils.logging:   91: {"_type": "train_iter", "iter": "11200/30000", "loss": 2.450155, "lr": 0.001000, "top1_acc": 82.100001}
[08/24 11:22:44][INFO] utils.logging:   91: {"_type": "train_iter", "iter": "11400/30000", "loss": 2.364421, "lr": 0.001000, "top1_acc": 80.200001}
[08/24 11:24:07][INFO] utils.logging:   91: {"_type": "train_iter", "iter": "11600/30000", "loss": 2.356729, "lr": 0.001000, "top1_acc": 80.600001}
[08/24 11:25:29][INFO] utils.logging:   91: {"_type": "train_iter", "iter": "11800/30000", "loss": 2.425900, "lr": 0.001000, "top1_acc": 79.500001}
[08/24 11:26:51][INFO] utils.logging:   91: {"_type": "train_iter", "iter": "12000/30000", "loss": 2.416182, "lr": 0.001000, "top1_acc": 79.100001}
[08/24 11:28:13][INFO] utils.logging:   91: {"_type": "train_iter", "iter": "12200/30000", "loss": 1.906916, "lr": 0.000500, "top1_acc": 81.300001}
[08/24 11:29:35][INFO] utils.logging:   91: {"_type": "train_iter", "iter": "12400/30000", "loss": 1.647819, "lr": 0.000500, "top1_acc": 84.900001}
[08/24 11:30:57][INFO] utils.logging:   91: {"_type": "train_iter", "iter": "12600/30000", "loss": 1.922654, "lr": 0.000500, "top1_acc": 82.900001}
[08/24 11:32:19][INFO] utils.logging:   91: {"_type": "train_iter", "iter": "12800/30000", "loss": 1.967885, "lr": 0.000500, "top1_acc": 82.900001}
[08/24 11:33:41][INFO] utils.logging:   91: {"_type": "train_iter", "iter": "13000/30000", "loss": 1.894696, "lr": 0.000500, "top1_acc": 84.300001}
[08/24 11:35:03][INFO] utils.logging:   91: {"_type": "train_iter", "iter": "13200/30000", "loss": 1.740083, "lr": 0.000500, "top1_acc": 84.800001}
[08/24 11:36:25][INFO] utils.logging:   91: {"_type": "train_iter", "iter": "13400/30000", "loss": 1.569107, "lr": 0.000500, "top1_acc": 86.800001}
[08/24 11:37:47][INFO] utils.logging:   91: {"_type": "train_iter", "iter": "13600/30000", "loss": 1.741376, "lr": 0.000500, "top1_acc": 85.400001}
[08/24 11:39:09][INFO] utils.logging:   91: {"_type": "train_iter", "iter": "13800/30000", "loss": 1.689448, "lr": 0.000500, "top1_acc": 87.100001}
[08/24 11:40:30][INFO] utils.logging:   91: {"_type": "train_iter", "iter": "14000/30000", "loss": 1.597511, "lr": 0.000500, "top1_acc": 88.100001}
[08/24 11:41:52][INFO] utils.logging:   91: {"_type": "train_iter", "iter": "14200/30000", "loss": 1.514409, "lr": 0.000500, "top1_acc": 87.100001}
[08/24 11:43:14][INFO] utils.logging:   91: {"_type": "train_iter", "iter": "14400/30000", "loss": 1.741019, "lr": 0.000500, "top1_acc": 86.000001}
[08/24 11:44:35][INFO] utils.logging:   91: {"_type": "train_iter", "iter": "14600/30000", "loss": 1.685563, "lr": 0.000500, "top1_acc": 87.600001}
[08/24 11:45:57][INFO] utils.logging:   91: {"_type": "train_iter", "iter": "14800/30000", "loss": 1.454419, "lr": 0.000500, "top1_acc": 86.400001}
[08/24 11:47:19][INFO] utils.logging:   91: {"_type": "train_iter", "iter": "15000/30000", "loss": 1.517056, "lr": 0.000500, "top1_acc": 87.500001}
[08/24 11:48:41][INFO] utils.logging:   91: {"_type": "train_iter", "iter": "15200/30000", "loss": 1.618206, "lr": 0.000500, "top1_acc": 84.700001}
[08/24 11:50:02][INFO] utils.logging:   91: {"_type": "train_iter", "iter": "15400/30000", "loss": 1.441728, "lr": 0.000500, "top1_acc": 86.900001}
[08/24 11:51:24][INFO] utils.logging:   91: {"_type": "train_iter", "iter": "15600/30000", "loss": 1.497492, "lr": 0.000500, "top1_acc": 87.300001}
[08/24 11:52:46][INFO] utils.logging:   91: {"_type": "train_iter", "iter": "15800/30000", "loss": 1.501653, "lr": 0.000500, "top1_acc": 88.400001}
[08/24 11:54:07][INFO] utils.logging:   91: {"_type": "train_iter", "iter": "16000/30000", "loss": 1.569663, "lr": 0.000500, "top1_acc": 85.000001}
[08/24 11:55:29][INFO] utils.logging:   91: {"_type": "train_iter", "iter": "16200/30000", "loss": 1.668389, "lr": 0.000500, "top1_acc": 85.600001}
[08/24 11:56:51][INFO] utils.logging:   91: {"_type": "train_iter", "iter": "16400/30000", "loss": 1.645987, "lr": 0.000500, "top1_acc": 86.100001}
[08/24 11:58:12][INFO] utils.logging:   91: {"_type": "train_iter", "iter": "16600/30000", "loss": 1.365272, "lr": 0.000500, "top1_acc": 88.100001}
[08/24 11:59:34][INFO] utils.logging:   91: {"_type": "train_iter", "iter": "16800/30000", "loss": 1.463779, "lr": 0.000500, "top1_acc": 88.100001}
[08/24 12:00:56][INFO] utils.logging:   91: {"_type": "train_iter", "iter": "17000/30000", "loss": 1.460759, "lr": 0.000500, "top1_acc": 87.400001}
[08/24 12:02:17][INFO] utils.logging:   91: {"_type": "train_iter", "iter": "17200/30000", "loss": 1.387417, "lr": 0.000500, "top1_acc": 88.000001}
[08/24 12:03:35][INFO] utils.logging:   91: {"_type": "train_iter", "iter": "17400/30000", "loss": 1.523767, "lr": 0.000500, "top1_acc": 87.000001}
[08/24 12:04:52][INFO] utils.logging:   91: {"_type": "train_iter", "iter": "17600/30000", "loss": 1.395823, "lr": 0.000500, "top1_acc": 86.300001}
[08/24 12:06:10][INFO] utils.logging:   91: {"_type": "train_iter", "iter": "17800/30000", "loss": 1.478819, "lr": 0.000500, "top1_acc": 88.100001}
[08/24 12:07:27][INFO] utils.logging:   91: {"_type": "train_iter", "iter": "18000/30000", "loss": 1.423738, "lr": 0.000500, "top1_acc": 87.700001}
[08/24 12:08:45][INFO] utils.logging:   91: {"_type": "train_iter", "iter": "18200/30000", "loss": 1.315313, "lr": 0.000100, "top1_acc": 86.000001}
[08/24 12:10:02][INFO] utils.logging:   91: {"_type": "train_iter", "iter": "18400/30000", "loss": 1.163631, "lr": 0.000100, "top1_acc": 89.100001}
[08/24 12:11:20][INFO] utils.logging:   91: {"_type": "train_iter", "iter": "18600/30000", "loss": 1.290025, "lr": 0.000100, "top1_acc": 87.200001}
[08/24 12:12:37][INFO] utils.logging:   91: {"_type": "train_iter", "iter": "18800/30000", "loss": 1.083146, "lr": 0.000100, "top1_acc": 87.600001}
[08/24 12:13:55][INFO] utils.logging:   91: {"_type": "train_iter", "iter": "19000/30000", "loss": 1.146021, "lr": 0.000100, "top1_acc": 89.500001}
[08/24 12:15:12][INFO] utils.logging:   91: {"_type": "train_iter", "iter": "19200/30000", "loss": 1.113159, "lr": 0.000100, "top1_acc": 88.200001}
[08/24 12:16:30][INFO] utils.logging:   91: {"_type": "train_iter", "iter": "19400/30000", "loss": 1.221087, "lr": 0.000100, "top1_acc": 89.000001}
[08/24 12:17:47][INFO] utils.logging:   91: {"_type": "train_iter", "iter": "19600/30000", "loss": 1.184843, "lr": 0.000100, "top1_acc": 88.400001}
[08/24 12:19:05][INFO] utils.logging:   91: {"_type": "train_iter", "iter": "19800/30000", "loss": 1.135472, "lr": 0.000100, "top1_acc": 89.200001}
[08/24 12:20:26][INFO] datasets.base.few_shot_dataset:  420: Error at decoding. Vid index: 2581, Vid path: /mnt/data/yanyi2025/lrc/action_data/ssv2/videos/videos/113474.webm
[08/24 12:20:34][INFO] datasets.base.few_shot_dataset:  420: Error at decoding. Vid index: 2581, Vid path: /mnt/data/yanyi2025/lrc/action_data/ssv2/videos/videos/113474.webm
[08/24 12:20:45][INFO] utils.logging:   91: {"_type": "val_iter", "gpu_mem": "1.78 GB", "iter": "200/10000", "top1_acc": 63.200001}
[08/24 12:21:07][INFO] utils.logging:   91: {"_type": "val_iter", "gpu_mem": "1.78 GB", "iter": "400/10000", "top1_acc": 61.600001}
[08/24 12:21:29][WARNING] datasets.base.few_shot_dataset:  251: Error at decoding. 1/5. Vid index: [185, 182], Vid path: 9
[08/24 12:21:29][INFO] utils.logging:   91: {"_type": "val_iter", "gpu_mem": "1.78 GB", "iter": "600/10000", "top1_acc": 63.700001}
[08/24 12:21:52][INFO] utils.logging:   91: {"_type": "val_iter", "gpu_mem": "1.78 GB", "iter": "800/10000", "top1_acc": 65.500001}
[08/24 12:22:14][INFO] utils.logging:   91: {"_type": "val_iter", "gpu_mem": "1.78 GB", "iter": "1000/10000", "top1_acc": 65.800001}
[08/24 12:22:31][WARNING] datasets.base.few_shot_dataset:  251: Error at decoding. 1/5. Vid index: [64, 185], Vid path: 9
[08/24 12:22:37][INFO] utils.logging:   91: {"_type": "val_iter", "gpu_mem": "1.78 GB", "iter": "1200/10000", "top1_acc": 62.600001}
[08/24 12:22:59][INFO] utils.logging:   91: {"_type": "val_iter", "gpu_mem": "1.78 GB", "iter": "1400/10000", "top1_acc": 63.100001}
[08/24 12:23:21][INFO] utils.logging:   91: {"_type": "val_iter", "gpu_mem": "1.78 GB", "iter": "1600/10000", "top1_acc": 63.500001}
[08/24 12:23:44][INFO] utils.logging:   91: {"_type": "val_iter", "gpu_mem": "1.78 GB", "iter": "1800/10000", "top1_acc": 66.500001}
[08/24 12:24:06][INFO] utils.logging:   91: {"_type": "val_iter", "gpu_mem": "1.78 GB", "iter": "2000/10000", "top1_acc": 66.000001}
[08/24 12:24:23][INFO] datasets.base.few_shot_dataset:  420: Error at decoding. Vid index: 2581, Vid path: /mnt/data/yanyi2025/lrc/action_data/ssv2/videos/videos/113474.webm
[08/24 12:24:28][INFO] utils.logging:   91: {"_type": "val_iter", "gpu_mem": "1.78 GB", "iter": "2200/10000", "top1_acc": 64.500001}
[08/24 12:24:47][WARNING] datasets.base.few_shot_dataset:  251: Error at decoding. 1/5. Vid index: [86, 185], Vid path: 9
[08/24 12:24:51][INFO] utils.logging:   91: {"_type": "val_iter", "gpu_mem": "1.78 GB", "iter": "2400/10000", "top1_acc": 61.700001}
[08/24 12:25:13][INFO] utils.logging:   91: {"_type": "val_iter", "gpu_mem": "1.78 GB", "iter": "2600/10000", "top1_acc": 61.100000}
[08/24 12:25:36][INFO] utils.logging:   91: {"_type": "val_iter", "gpu_mem": "1.78 GB", "iter": "2800/10000", "top1_acc": 65.200001}
[08/24 12:25:58][INFO] utils.logging:   91: {"_type": "val_iter", "gpu_mem": "1.78 GB", "iter": "3000/10000", "top1_acc": 65.400001}
[08/24 12:26:20][INFO] utils.logging:   91: {"_type": "val_iter", "gpu_mem": "1.78 GB", "iter": "3200/10000", "top1_acc": 64.100001}
[08/24 12:26:43][INFO] utils.logging:   91: {"_type": "val_iter", "gpu_mem": "1.78 GB", "iter": "3400/10000", "top1_acc": 65.000001}
[08/24 12:26:57][WARNING] datasets.base.few_shot_dataset:  251: Error at decoding. 1/5. Vid index: [185, 52], Vid path: 9
[08/24 12:27:05][INFO] utils.logging:   91: {"_type": "val_iter", "gpu_mem": "1.78 GB", "iter": "3600/10000", "top1_acc": 64.100001}
[08/24 12:27:28][INFO] utils.logging:   91: {"_type": "val_iter", "gpu_mem": "1.78 GB", "iter": "3800/10000", "top1_acc": 65.000001}
[08/24 12:27:46][WARNING] datasets.base.few_shot_dataset:  251: Error at decoding. 1/5. Vid index: [116, 185], Vid path: 9
[08/24 12:27:50][INFO] utils.logging:   91: {"_type": "val_iter", "gpu_mem": "1.78 GB", "iter": "4000/10000", "top1_acc": 67.000001}
[08/24 12:28:11][INFO] datasets.base.few_shot_dataset:  420: Error at decoding. Vid index: 2581, Vid path: /mnt/data/yanyi2025/lrc/action_data/ssv2/videos/videos/113474.webm
[08/24 12:28:13][INFO] utils.logging:   91: {"_type": "val_iter", "gpu_mem": "1.78 GB", "iter": "4200/10000", "top1_acc": 63.800002}
[08/24 12:28:35][INFO] utils.logging:   91: {"_type": "val_iter", "gpu_mem": "1.78 GB", "iter": "4400/10000", "top1_acc": 67.100001}
[08/24 12:28:57][INFO] utils.logging:   91: {"_type": "val_iter", "gpu_mem": "1.78 GB", "iter": "4600/10000", "top1_acc": 66.100001}
[08/24 12:29:20][INFO] utils.logging:   91: {"_type": "val_iter", "gpu_mem": "1.78 GB", "iter": "4800/10000", "top1_acc": 64.700001}
[08/24 12:29:42][INFO] utils.logging:   91: {"_type": "val_iter", "gpu_mem": "1.78 GB", "iter": "5000/10000", "top1_acc": 66.400001}
[08/24 12:29:58][WARNING] datasets.base.few_shot_dataset:  251: Error at decoding. 1/5. Vid index: [179, 185], Vid path: 9
[08/24 12:30:01][WARNING] datasets.base.few_shot_dataset:  251: Error at decoding. 1/5. Vid index: [185, 88], Vid path: 9
[08/24 12:30:05][INFO] utils.logging:   91: {"_type": "val_iter", "gpu_mem": "1.78 GB", "iter": "5200/10000", "top1_acc": 63.900001}
[08/24 12:30:27][INFO] utils.logging:   91: {"_type": "val_iter", "gpu_mem": "1.78 GB", "iter": "5400/10000", "top1_acc": 62.600001}
[08/24 12:30:50][INFO] utils.logging:   91: {"_type": "val_iter", "gpu_mem": "1.78 GB", "iter": "5600/10000", "top1_acc": 63.600001}
[08/24 12:30:59][WARNING] datasets.base.few_shot_dataset:  251: Error at decoding. 1/5. Vid index: [159, 185], Vid path: 9
[08/24 12:31:12][INFO] utils.logging:   91: {"_type": "val_iter", "gpu_mem": "1.78 GB", "iter": "5800/10000", "top1_acc": 64.400002}
[08/24 12:31:34][INFO] utils.logging:   91: {"_type": "val_iter", "gpu_mem": "1.78 GB", "iter": "6000/10000", "top1_acc": 66.000001}
[08/24 12:31:57][INFO] utils.logging:   91: {"_type": "val_iter", "gpu_mem": "1.78 GB", "iter": "6200/10000", "top1_acc": 65.000001}
[08/24 12:32:19][INFO] utils.logging:   91: {"_type": "val_iter", "gpu_mem": "1.78 GB", "iter": "6400/10000", "top1_acc": 63.500001}
[08/24 12:32:42][INFO] utils.logging:   91: {"_type": "val_iter", "gpu_mem": "1.78 GB", "iter": "6600/10000", "top1_acc": 64.300001}
[08/24 12:33:04][INFO] utils.logging:   91: {"_type": "val_iter", "gpu_mem": "1.78 GB", "iter": "6800/10000", "top1_acc": 65.500001}
[08/24 12:33:27][INFO] utils.logging:   91: {"_type": "val_iter", "gpu_mem": "1.78 GB", "iter": "7000/10000", "top1_acc": 66.100001}
[08/24 12:33:49][INFO] utils.logging:   91: {"_type": "val_iter", "gpu_mem": "1.78 GB", "iter": "7200/10000", "top1_acc": 62.500001}
[08/24 12:34:12][INFO] utils.logging:   91: {"_type": "val_iter", "gpu_mem": "1.78 GB", "iter": "7400/10000", "top1_acc": 66.900001}
[08/24 12:34:34][INFO] utils.logging:   91: {"_type": "val_iter", "gpu_mem": "1.78 GB", "iter": "7600/10000", "top1_acc": 67.200001}
[08/24 12:34:56][INFO] utils.logging:   91: {"_type": "val_iter", "gpu_mem": "1.78 GB", "iter": "7800/10000", "top1_acc": 61.400001}
[08/24 12:35:19][INFO] utils.logging:   91: {"_type": "val_iter", "gpu_mem": "1.78 GB", "iter": "8000/10000", "top1_acc": 64.800001}
[08/24 12:35:41][INFO] utils.logging:   91: {"_type": "val_iter", "gpu_mem": "1.78 GB", "iter": "8200/10000", "top1_acc": 64.400001}
[08/24 12:36:04][INFO] utils.logging:   91: {"_type": "val_iter", "gpu_mem": "1.78 GB", "iter": "8400/10000", "top1_acc": 65.100002}
[08/24 12:36:26][INFO] utils.logging:   91: {"_type": "val_iter", "gpu_mem": "1.78 GB", "iter": "8600/10000", "top1_acc": 63.900001}
[08/24 12:36:49][INFO] utils.logging:   91: {"_type": "val_iter", "gpu_mem": "1.78 GB", "iter": "8800/10000", "top1_acc": 65.900001}
[08/24 12:37:11][INFO] utils.logging:   91: {"_type": "val_iter", "gpu_mem": "1.78 GB", "iter": "9000/10000", "top1_acc": 62.600001}
[08/24 12:37:33][INFO] datasets.base.few_shot_dataset:  420: Error at decoding. Vid index: 2581, Vid path: /mnt/data/yanyi2025/lrc/action_data/ssv2/videos/videos/113474.webm
[08/24 12:37:34][INFO] utils.logging:   91: {"_type": "val_iter", "gpu_mem": "1.78 GB", "iter": "9200/10000", "top1_acc": 66.300001}
[08/24 12:37:56][INFO] utils.logging:   91: {"_type": "val_iter", "gpu_mem": "1.78 GB", "iter": "9400/10000", "top1_acc": 65.100001}
[08/24 12:38:13][WARNING] datasets.base.few_shot_dataset:  251: Error at decoding. 1/5. Vid index: [81, 185], Vid path: 9
[08/24 12:38:19][INFO] utils.logging:   91: {"_type": "val_iter", "gpu_mem": "1.78 GB", "iter": "9600/10000", "top1_acc": 65.700001}
[08/24 12:38:41][INFO] utils.logging:   91: {"_type": "val_iter", "gpu_mem": "1.78 GB", "iter": "9800/10000", "top1_acc": 62.200001}
[08/24 12:39:03][INFO] utils.logging:   91: {"_type": "val_iter", "gpu_mem": "1.78 GB", "iter": "10000/10000", "top1_acc": 63.900001}
[08/24 12:39:04][INFO] utils.logging:   91: {"RAM": "16.13/125.63 GB", "_type": "val_epoch", "epoch": "2", "gpu_mem": "1.78 GB", "top1_acc": 64.510001}
[08/24 12:39:04][INFO] train_net_few_shot:   53: Fusion weights: proto_calib=0.102285
[08/24 12:39:05][INFO] train_net_few_shot:  125: New best validation accuracy: 64.5100; checkpoint=output/SSv2_Full_PROTO_CALIB/checkpoints/checkpoint_best.pyth
[08/24 12:39:06][INFO] utils.logging:   91: {"_type": "train_iter", "iter": "20000/30000", "loss": 0.889802, "lr": 0.000100, "top1_acc": 90.400001}
[08/24 12:40:09][WARNING] datasets.base.few_shot_dataset:  251: Error at decoding. 1/5. Vid index: [1026, 1189], Vid path: 7
[08/24 12:40:23][INFO] utils.logging:   91: {"_type": "train_iter", "iter": "20200/30000", "loss": 1.023268, "lr": 0.000100, "top1_acc": 89.300001}
[08/24 12:41:41][INFO] utils.logging:   91: {"_type": "train_iter", "iter": "20400/30000", "loss": 1.067545, "lr": 0.000100, "top1_acc": 87.800001}
[08/24 12:42:58][INFO] utils.logging:   91: {"_type": "train_iter", "iter": "20600/30000", "loss": 0.972580, "lr": 0.000100, "top1_acc": 89.500001}
[08/24 12:44:16][INFO] utils.logging:   91: {"_type": "train_iter", "iter": "20800/30000", "loss": 1.048457, "lr": 0.000100, "top1_acc": 89.700001}
[08/24 12:45:33][INFO] utils.logging:   91: {"_type": "train_iter", "iter": "21000/30000", "loss": 0.892007, "lr": 0.000100, "top1_acc": 92.600001}
[08/24 12:46:51][INFO] utils.logging:   91: {"_type": "train_iter", "iter": "21200/30000", "loss": 1.010540, "lr": 0.000100, "top1_acc": 89.200001}
[08/24 12:48:08][INFO] utils.logging:   91: {"_type": "train_iter", "iter": "21400/30000", "loss": 1.005728, "lr": 0.000100, "top1_acc": 90.000001}
[08/24 12:49:26][INFO] utils.logging:   91: {"_type": "train_iter", "iter": "21600/30000", "loss": 1.078139, "lr": 0.000100, "top1_acc": 89.700001}
[08/24 12:50:43][INFO] utils.logging:   91: {"_type": "train_iter", "iter": "21800/30000", "loss": 0.959740, "lr": 0.000100, "top1_acc": 91.600001}
[08/24 12:52:01][INFO] utils.logging:   91: {"_type": "train_iter", "iter": "22000/30000", "loss": 0.966104, "lr": 0.000100, "top1_acc": 90.600001}
[08/24 12:53:18][INFO] utils.logging:   91: {"_type": "train_iter", "iter": "22200/30000", "loss": 0.946354, "lr": 0.000100, "top1_acc": 90.800001}
[08/24 12:54:36][INFO] utils.logging:   91: {"_type": "train_iter", "iter": "22400/30000", "loss": 0.953715, "lr": 0.000100, "top1_acc": 90.600001}
[08/24 12:55:53][INFO] utils.logging:   91: {"_type": "train_iter", "iter": "22600/30000", "loss": 0.956543, "lr": 0.000100, "top1_acc": 89.100001}
[08/24 12:57:11][INFO] utils.logging:   91: {"_type": "train_iter", "iter": "22800/30000", "loss": 1.012159, "lr": 0.000100, "top1_acc": 90.700001}
[08/24 12:58:28][INFO] utils.logging:   91: {"_type": "train_iter", "iter": "23000/30000", "loss": 0.978408, "lr": 0.000100, "top1_acc": 89.800001}
[08/24 12:59:46][INFO] utils.logging:   91: {"_type": "train_iter", "iter": "23200/30000", "loss": 1.045416, "lr": 0.000100, "top1_acc": 90.200001}
[08/24 13:01:03][INFO] utils.logging:   91: {"_type": "train_iter", "iter": "23400/30000", "loss": 1.054986, "lr": 0.000100, "top1_acc": 90.000001}
[08/24 13:02:21][INFO] utils.logging:   91: {"_type": "train_iter", "iter": "23600/30000", "loss": 1.056159, "lr": 0.000100, "top1_acc": 89.700001}
[08/24 13:03:38][INFO] utils.logging:   91: {"_type": "train_iter", "iter": "23800/30000", "loss": 1.101489, "lr": 0.000100, "top1_acc": 89.200001}
[08/24 13:04:56][INFO] utils.logging:   91: {"_type": "train_iter", "iter": "24000/30000", "loss": 1.005631, "lr": 0.000100, "top1_acc": 90.300001}
[08/24 13:06:13][INFO] utils.logging:   91: {"_type": "train_iter", "iter": "24200/30000", "loss": 0.937036, "lr": 0.000050, "top1_acc": 90.200001}
[08/24 13:07:31][INFO] utils.logging:   91: {"_type": "train_iter", "iter": "24400/30000", "loss": 0.850547, "lr": 0.000050, "top1_acc": 91.600001}
[08/24 13:08:48][INFO] utils.logging:   91: {"_type": "train_iter", "iter": "24600/30000", "loss": 0.980409, "lr": 0.000050, "top1_acc": 92.400001}
[08/24 13:10:06][INFO] utils.logging:   91: {"_type": "train_iter", "iter": "24800/30000", "loss": 0.889047, "lr": 0.000050, "top1_acc": 90.900001}
[08/24 13:11:23][INFO] utils.logging:   91: {"_type": "train_iter", "iter": "25000/30000", "loss": 0.997460, "lr": 0.000050, "top1_acc": 90.700001}
[08/24 13:12:41][INFO] utils.logging:   91: {"_type": "train_iter", "iter": "25200/30000", "loss": 0.920944, "lr": 0.000050, "top1_acc": 90.700001}
[08/24 13:13:58][INFO] utils.logging:   91: {"_type": "train_iter", "iter": "25400/30000", "loss": 0.931398, "lr": 0.000050, "top1_acc": 90.700001}
[08/24 13:15:16][INFO] utils.logging:   91: {"_type": "train_iter", "iter": "25600/30000", "loss": 0.932341, "lr": 0.000050, "top1_acc": 90.900001}
[08/24 13:16:33][INFO] utils.logging:   91: {"_type": "train_iter", "iter": "25800/30000", "loss": 0.957416, "lr": 0.000050, "top1_acc": 89.900001}
[08/24 13:16:44][INFO] datasets.base.few_shot_dataset:  500: Error at decoding. Vid index: 54100, Vid path: /mnt/data/yanyi2025/lrc/action_data/ssv2/videos/videos/96464.webm
[08/24 13:17:51][INFO] utils.logging:   91: {"_type": "train_iter", "iter": "26000/30000", "loss": 0.970560, "lr": 0.000050, "top1_acc": 89.800001}
[08/24 13:19:08][INFO] utils.logging:   91: {"_type": "train_iter", "iter": "26200/30000", "loss": 0.906086, "lr": 0.000050, "top1_acc": 92.700001}
[08/24 13:20:26][INFO] utils.logging:   91: {"_type": "train_iter", "iter": "26400/30000", "loss": 0.912644, "lr": 0.000050, "top1_acc": 90.400001}
[08/24 13:21:43][INFO] utils.logging:   91: {"_type": "train_iter", "iter": "26600/30000", "loss": 0.965303, "lr": 0.000050, "top1_acc": 90.400001}
[08/24 13:23:01][INFO] utils.logging:   91: {"_type": "train_iter", "iter": "26800/30000", "loss": 0.831839, "lr": 0.000050, "top1_acc": 90.200001}
[08/24 13:24:18][INFO] utils.logging:   91: {"_type": "train_iter", "iter": "27000/30000", "loss": 0.890203, "lr": 0.000050, "top1_acc": 90.800001}
[08/24 13:25:35][INFO] utils.logging:   91: {"_type": "train_iter", "iter": "27200/30000", "loss": 0.850574, "lr": 0.000050, "top1_acc": 91.300001}
[08/24 13:26:53][INFO] utils.logging:   91: {"_type": "train_iter", "iter": "27400/30000", "loss": 0.893745, "lr": 0.000050, "top1_acc": 90.400001}
[08/24 13:28:10][INFO] utils.logging:   91: {"_type": "train_iter", "iter": "27600/30000", "loss": 0.807704, "lr": 0.000050, "top1_acc": 90.000001}
[08/24 13:29:28][INFO] utils.logging:   91: {"_type": "train_iter", "iter": "27800/30000", "loss": 0.939897, "lr": 0.000050, "top1_acc": 91.000001}
[08/24 13:30:45][INFO] utils.logging:   91: {"_type": "train_iter", "iter": "28000/30000", "loss": 0.919676, "lr": 0.000050, "top1_acc": 90.700001}
[08/24 13:32:03][INFO] utils.logging:   91: {"_type": "train_iter", "iter": "28200/30000", "loss": 0.765846, "lr": 0.000050, "top1_acc": 92.700001}
[08/24 13:33:20][INFO] utils.logging:   91: {"_type": "train_iter", "iter": "28400/30000", "loss": 0.823992, "lr": 0.000050, "top1_acc": 90.500001}
[08/24 13:34:38][INFO] utils.logging:   91: {"_type": "train_iter", "iter": "28600/30000", "loss": 0.904750, "lr": 0.000050, "top1_acc": 91.000001}
[08/24 13:35:45][WARNING] datasets.base.few_shot_dataset:  251: Error at decoding. 1/5. Vid index: [1174, 1189], Vid path: 7
[08/24 13:35:55][INFO] utils.logging:   91: {"_type": "train_iter", "iter": "28800/30000", "loss": 0.817760, "lr": 0.000050, "top1_acc": 90.000001}
[08/24 13:37:13][INFO] utils.logging:   91: {"_type": "train_iter", "iter": "29000/30000", "loss": 0.864948, "lr": 0.000050, "top1_acc": 91.200001}
[08/24 13:38:30][INFO] utils.logging:   91: {"_type": "train_iter", "iter": "29200/30000", "loss": 0.803300, "lr": 0.000050, "top1_acc": 92.000001}
[08/24 13:39:48][INFO] utils.logging:   91: {"_type": "train_iter", "iter": "29400/30000", "loss": 0.818226, "lr": 0.000050, "top1_acc": 91.000001}
[08/24 13:41:05][INFO] utils.logging:   91: {"_type": "train_iter", "iter": "29600/30000", "loss": 0.800545, "lr": 0.000050, "top1_acc": 90.200001}
[08/24 13:42:23][INFO] utils.logging:   91: {"_type": "train_iter", "iter": "29800/30000", "loss": 0.802338, "lr": 0.000050, "top1_acc": 91.600001}
[08/24 13:43:44][INFO] datasets.base.few_shot_dataset:  420: Error at decoding. Vid index: 2581, Vid path: /mnt/data/yanyi2025/lrc/action_data/ssv2/videos/videos/113474.webm
[08/24 13:43:51][INFO] datasets.base.few_shot_dataset:  420: Error at decoding. Vid index: 2581, Vid path: /mnt/data/yanyi2025/lrc/action_data/ssv2/videos/videos/113474.webm
[08/24 13:44:02][INFO] utils.logging:   91: {"_type": "val_iter", "gpu_mem": "1.78 GB", "iter": "200/10000", "top1_acc": 67.300001}
[08/24 13:44:25][INFO] utils.logging:   91: {"_type": "val_iter", "gpu_mem": "1.78 GB", "iter": "400/10000", "top1_acc": 62.600001}
[08/24 13:44:47][WARNING] datasets.base.few_shot_dataset:  251: Error at decoding. 1/5. Vid index: [185, 182], Vid path: 9
[08/24 13:44:47][INFO] utils.logging:   91: {"_type": "val_iter", "gpu_mem": "1.78 GB", "iter": "600/10000", "top1_acc": 63.200001}
[08/24 13:45:10][INFO] utils.logging:   91: {"_type": "val_iter", "gpu_mem": "1.78 GB", "iter": "800/10000", "top1_acc": 64.400001}
[08/24 13:45:32][INFO] utils.logging:   91: {"_type": "val_iter", "gpu_mem": "1.78 GB", "iter": "1000/10000", "top1_acc": 68.300001}
[08/24 13:45:48][WARNING] datasets.base.few_shot_dataset:  251: Error at decoding. 1/5. Vid index: [64, 185], Vid path: 9
[08/24 13:45:54][INFO] utils.logging:   91: {"_type": "val_iter", "gpu_mem": "1.78 GB", "iter": "1200/10000", "top1_acc": 63.200001}
[08/24 13:46:17][INFO] utils.logging:   91: {"_type": "val_iter", "gpu_mem": "1.78 GB", "iter": "1400/10000", "top1_acc": 63.900001}
[08/24 13:46:39][INFO] utils.logging:   91: {"_type": "val_iter", "gpu_mem": "1.78 GB", "iter": "1600/10000", "top1_acc": 64.200001}
[08/24 13:47:01][INFO] utils.logging:   91: {"_type": "val_iter", "gpu_mem": "1.78 GB", "iter": "1800/10000", "top1_acc": 64.900001}
[08/24 13:47:23][INFO] utils.logging:   91: {"_type": "val_iter", "gpu_mem": "1.78 GB", "iter": "2000/10000", "top1_acc": 66.000001}
[08/24 13:47:42][INFO] datasets.base.few_shot_dataset:  420: Error at decoding. Vid index: 2581, Vid path: /mnt/data/yanyi2025/lrc/action_data/ssv2/videos/videos/113474.webm
[08/24 13:47:47][INFO] utils.logging:   91: {"_type": "val_iter", "gpu_mem": "1.78 GB", "iter": "2200/10000", "top1_acc": 63.700001}
[08/24 13:48:07][WARNING] datasets.base.few_shot_dataset:  251: Error at decoding. 1/5. Vid index: [86, 185], Vid path: 9
[08/24 13:48:11][INFO] utils.logging:   91: {"_type": "val_iter", "gpu_mem": "1.78 GB", "iter": "2400/10000", "top1_acc": 62.900001}
[08/24 13:48:35][INFO] utils.logging:   91: {"_type": "val_iter", "gpu_mem": "1.78 GB", "iter": "2600/10000", "top1_acc": 63.900001}
[08/24 13:48:59][INFO] utils.logging:   91: {"_type": "val_iter", "gpu_mem": "1.78 GB", "iter": "2800/10000", "top1_acc": 66.600001}
[08/24 13:49:23][INFO] utils.logging:   91: {"_type": "val_iter", "gpu_mem": "1.78 GB", "iter": "3000/10000", "top1_acc": 65.900002}
[08/24 13:49:47][INFO] utils.logging:   91: {"_type": "val_iter", "gpu_mem": "1.78 GB", "iter": "3200/10000", "top1_acc": 65.800001}
[08/24 13:50:11][INFO] utils.logging:   91: {"_type": "val_iter", "gpu_mem": "1.78 GB", "iter": "3400/10000", "top1_acc": 65.800001}
[08/24 13:50:26][WARNING] datasets.base.few_shot_dataset:  251: Error at decoding. 1/5. Vid index: [185, 52], Vid path: 9
[08/24 13:50:35][INFO] utils.logging:   91: {"_type": "val_iter", "gpu_mem": "1.78 GB", "iter": "3600/10000", "top1_acc": 64.200001}
[08/24 13:50:59][INFO] utils.logging:   91: {"_type": "val_iter", "gpu_mem": "1.78 GB", "iter": "3800/10000", "top1_acc": 64.200001}
[08/24 13:51:19][WARNING] datasets.base.few_shot_dataset:  251: Error at decoding. 1/5. Vid index: [116, 185], Vid path: 9
[08/24 13:51:23][INFO] utils.logging:   91: {"_type": "val_iter", "gpu_mem": "1.78 GB", "iter": "4000/10000", "top1_acc": 67.900001}
[08/24 13:51:46][INFO] datasets.base.few_shot_dataset:  420: Error at decoding. Vid index: 2581, Vid path: /mnt/data/yanyi2025/lrc/action_data/ssv2/videos/videos/113474.webm
[08/24 13:51:47][INFO] utils.logging:   91: {"_type": "val_iter", "gpu_mem": "1.78 GB", "iter": "4200/10000", "top1_acc": 65.000001}
[08/24 13:52:11][INFO] utils.logging:   91: {"_type": "val_iter", "gpu_mem": "1.78 GB", "iter": "4400/10000", "top1_acc": 65.600001}
[08/24 13:52:35][INFO] utils.logging:   91: {"_type": "val_iter", "gpu_mem": "1.78 GB", "iter": "4600/10000", "top1_acc": 66.000001}
[08/24 13:53:00][INFO] utils.logging:   91: {"_type": "val_iter", "gpu_mem": "1.78 GB", "iter": "4800/10000", "top1_acc": 65.700001}
[08/24 13:53:24][INFO] utils.logging:   91: {"_type": "val_iter", "gpu_mem": "1.78 GB", "iter": "5000/10000", "top1_acc": 65.700001}
[08/24 13:53:41][WARNING] datasets.base.few_shot_dataset:  251: Error at decoding. 1/5. Vid index: [179, 185], Vid path: 9
[08/24 13:53:45][WARNING] datasets.base.few_shot_dataset:  251: Error at decoding. 1/5. Vid index: [185, 88], Vid path: 9
[08/24 13:53:48][INFO] utils.logging:   91: {"_type": "val_iter", "gpu_mem": "1.78 GB", "iter": "5200/10000", "top1_acc": 65.200001}
[08/24 13:54:12][INFO] utils.logging:   91: {"_type": "val_iter", "gpu_mem": "1.78 GB", "iter": "5400/10000", "top1_acc": 65.500001}
[08/24 13:54:36][INFO] utils.logging:   91: {"_type": "val_iter", "gpu_mem": "1.78 GB", "iter": "5600/10000", "top1_acc": 63.400001}
[08/24 13:54:47][WARNING] datasets.base.few_shot_dataset:  251: Error at decoding. 1/5. Vid index: [159, 185], Vid path: 9
[08/24 13:55:00][INFO] utils.logging:   91: {"_type": "val_iter", "gpu_mem": "1.78 GB", "iter": "5800/10000", "top1_acc": 65.200001}
[08/24 13:55:25][INFO] utils.logging:   91: {"_type": "val_iter", "gpu_mem": "1.78 GB", "iter": "6000/10000", "top1_acc": 66.800002}
[08/24 13:55:49][INFO] utils.logging:   91: {"_type": "val_iter", "gpu_mem": "1.78 GB", "iter": "6200/10000", "top1_acc": 64.300001}
[08/24 13:56:13][INFO] utils.logging:   91: {"_type": "val_iter", "gpu_mem": "1.78 GB", "iter": "6400/10000", "top1_acc": 63.900001}
[08/24 13:56:37][INFO] utils.logging:   91: {"_type": "val_iter", "gpu_mem": "1.78 GB", "iter": "6600/10000", "top1_acc": 64.800001}
[08/24 13:57:01][INFO] utils.logging:   91: {"_type": "val_iter", "gpu_mem": "1.78 GB", "iter": "6800/10000", "top1_acc": 66.500001}
[08/24 13:57:25][INFO] utils.logging:   91: {"_type": "val_iter", "gpu_mem": "1.78 GB", "iter": "7000/10000", "top1_acc": 66.500001}
[08/24 13:57:49][INFO] utils.logging:   91: {"_type": "val_iter", "gpu_mem": "1.78 GB", "iter": "7200/10000", "top1_acc": 61.500001}
[08/24 13:58:14][INFO] utils.logging:   91: {"_type": "val_iter", "gpu_mem": "1.78 GB", "iter": "7400/10000", "top1_acc": 67.000001}
[08/24 13:58:38][INFO] utils.logging:   91: {"_type": "val_iter", "gpu_mem": "1.78 GB", "iter": "7600/10000", "top1_acc": 68.300001}
[08/24 13:59:03][INFO] utils.logging:   91: {"_type": "val_iter", "gpu_mem": "1.78 GB", "iter": "7800/10000", "top1_acc": 63.400001}
[08/24 13:59:27][INFO] utils.logging:   91: {"_type": "val_iter", "gpu_mem": "1.78 GB", "iter": "8000/10000", "top1_acc": 64.400001}
[08/24 13:59:51][INFO] utils.logging:   91: {"_type": "val_iter", "gpu_mem": "1.78 GB", "iter": "8200/10000", "top1_acc": 66.700001}
[08/24 14:00:15][INFO] utils.logging:   91: {"_type": "val_iter", "gpu_mem": "1.78 GB", "iter": "8400/10000", "top1_acc": 65.100002}
[08/24 14:00:39][INFO] utils.logging:   91: {"_type": "val_iter", "gpu_mem": "1.78 GB", "iter": "8600/10000", "top1_acc": 65.600001}
[08/24 14:01:04][INFO] utils.logging:   91: {"_type": "val_iter", "gpu_mem": "1.78 GB", "iter": "8800/10000", "top1_acc": 66.300001}
[08/24 14:01:29][INFO] utils.logging:   91: {"_type": "val_iter", "gpu_mem": "1.78 GB", "iter": "9000/10000", "top1_acc": 63.800001}
[08/24 14:01:52][INFO] datasets.base.few_shot_dataset:  420: Error at decoding. Vid index: 2581, Vid path: /mnt/data/yanyi2025/lrc/action_data/ssv2/videos/videos/113474.webm
[08/24 14:01:53][INFO] utils.logging:   91: {"_type": "val_iter", "gpu_mem": "1.78 GB", "iter": "9200/10000", "top1_acc": 66.500001}
[08/24 14:02:17][INFO] utils.logging:   91: {"_type": "val_iter", "gpu_mem": "1.78 GB", "iter": "9400/10000", "top1_acc": 67.600001}
[08/24 14:02:35][WARNING] datasets.base.few_shot_dataset:  251: Error at decoding. 1/5. Vid index: [81, 185], Vid path: 9
[08/24 14:02:41][INFO] utils.logging:   91: {"_type": "val_iter", "gpu_mem": "1.78 GB", "iter": "9600/10000", "top1_acc": 65.200001}
[08/24 14:03:05][INFO] utils.logging:   91: {"_type": "val_iter", "gpu_mem": "1.78 GB", "iter": "9800/10000", "top1_acc": 63.300001}
[08/24 14:03:30][INFO] utils.logging:   91: {"_type": "val_iter", "gpu_mem": "1.78 GB", "iter": "10000/10000", "top1_acc": 64.200001}
[08/24 14:03:30][INFO] utils.logging:   91: {"RAM": "20.55/125.63 GB", "_type": "val_epoch", "epoch": "3", "gpu_mem": "1.78 GB", "top1_acc": 65.158001}
[08/24 14:03:30][INFO] train_net_few_shot:   53: Fusion weights: proto_calib=0.109284
[08/24 14:03:31][INFO] train_net_few_shot:  125: New best validation accuracy: 65.1580; checkpoint=output/SSv2_Full_PROTO_CALIB/checkpoints/checkpoint_best.pyth
[08/24 14:03:32][INFO] utils.logging:   91: {"_type": "train_iter", "iter": "30000/30000", "loss": 0.813598, "lr": 0.000050, "top1_acc": 90.700001}
[08/24 14:03:32][INFO] utils.logging:   91: {"RAM": "17.22/125.63 GB", "_type": "train_epoch", "epoch": "10", "gpu_mem": "1.78 GB", "loss": 2.467603, "lr": 0.000050, "top1_acc": 81.296001}
