[08/17 21:50:55][INFO] train_net_few_shot:  166: Train with config:
[08/17 21:50:55][INFO] train_net_few_shot:  167: {
  "TASK_TYPE": "few_shot_action",
  "PRETRAIN": {
    "ENABLE": false
  },
  "LOCALIZATION": {
    "ENABLE": false
  },
  "TRAIN": {
    "ENABLE": true,
    "DATASET": "SSv2-Full",
    "BATCH_SIZE": 1,
    "LOG_FILE": "train.log",
    "EVAL_PERIOD": 2,
    "NUM_FOLDS": 1,
    "AUTO_RESUME": true,
    "CHECKPOINT_PERIOD": 10,
    "CHECKPOINT_FILE_PATH": "",
    "CHECKPOINT_TYPE": "pytorch",
    "CHECKPOINT_INFLATE": false,
    "CHECKPOINT_PRE_PROCESS": {
      "ENABLE": false
    },
    "FINE_TUNE": true,
    "ONLY_LINEAR": false,
    "LR_REDUCE": false,
    "TRAIN_VAL_COMBINE": false,
    "LOSS_FUNC": "cross_entropy",
    "USE_CLASSIFICATION_VALUE": 2.0,
    "GRADIENT_CHECKPOINT": true,
    "NUM_CLASS": 64,
    "META_BATCH": true,
    "WAY": 5,
    "SHOT": 1,
    "QUERY_PER_CLASS": 1,
    "QUERY_PER_CLASS_TEST": 1,
    "NUM_TRAIN_TASKS": 30000,
    "NUM_TEST_TASKS": 10000,
    "VAL_FRE_ITER": 10000,
    "BATCH_SIZE_PER_TASK": 4
  },
  "TEST": {
    "ENABLE": true,
    "DATASET": "SSv2-Full",
    "BATCH_SIZE": 1,
    "NUM_SPATIAL_CROPS": 1,
    "SPATIAL_CROPS": "cctltr",
    "NUM_ENSEMBLE_VIEWS": 1,
    "LOG_FILE": "test.log",
    "CHECKPOINT_FILE_PATH": "",
    "CHECKPOINT_TYPE": "pytorch",
    "AUTOMATIC_MULTI_SCALE_TEST": false,
    "TEST_SET": "val",
    "UPLOAD_CLASSIFIER_RESULTS": true,
    "SHOT": [
      1,
      5
    ]
  },
  "VISUALIZATION": {
    "ENABLE": false,
    "NAME": "",
    "FEATURE_MAPS": {
      "ENABLE": false,
      "BASE_OUTPUT_DIR": ""
    }
  },
  "SUBMISSION": {
    "ENABLE": false,
    "SAVE_RESULTS_PATH": "test.json"
  },
  "DATA": {
    "DATA_ROOT_DIR": "/mnt/data/yanyi2025/lrc/action_data/ssv2/videos/videos/",
    "ANNO_DIR": "config/ssv2_full/",
    "NUM_INPUT_FRAMES": 8,
    "NUM_INPUT_CHANNELS": 2304,
    "SAMPLING_MODE": "interval_based",
    "SAMPLING_RATE": 50,
    "TRAIN_JITTER_SCALES": [
      256,
      256
    ],
    "TRAIN_CROP_SIZE": 224,
    "TEST_SCALE": 256,
    "TEST_CROP_SIZE": 224,
    "MEAN": [
      0.48145466,
      0.4578275,
      0.40821073
    ],
    "STD": [
      0.26862954,
      0.26130258,
      0.27577711
    ],
    "MULTI_LABEL": false,
    "ENSEMBLE_METHOD": "sum",
    "TARGET_FPS": 12,
    "MINUS_INTERVAL": false,
    "FPS": 12,
    "NORM_FEATURE": false,
    "USE_AUG_FEATURE": false,
    "AUG": false,
    "LOAD_PROPS": false,
    "TEMPORAL_SCALE": 256,
    "LABELS_TYPE": "cls",
    "LOAD_TYPE": "pickle",
    "DOWNLOAD_FEATURE": true,
    "VIDEO_EXT": ".webm",
    "SAMPLING_UNIFORM": false,
    "TEST_CENTER_CROP": true,
    "CLIP_INTERVAL": 8
  },
  "MODEL": {
    "NAME": "BaseVideoModel",
    "EMA": {
      "ENABLE": false,
      "DECAY": 0.99996
    }
  },
  "VIDEO": {
    "BACKBONE": {
      "DEPTH": null,
      "META_ARCH": "Identity",
      "NUM_FILTERS": null,
      "NUM_INPUT_CHANNELS": 3,
      "NUM_OUT_FEATURES": null,
      "KERNEL_SIZE": null,
      "DOWNSAMPLING": null,
      "DOWNSAMPLING_TEMPORAL": null,
      "NUM_STREAMS": 1,
      "EXPANSION_RATIO": 2,
      "BRANCH": {
        "NAME": null
      },
      "STEM": {
        "NAME": null
      },
      "NONLOCAL": {
        "ENABLE": false,
        "STAGES": [
          5
        ],
        "MASK_ENABLE": false
      },
      "INITIALIZATION": null
    },
    "HEAD": {
      "NAME": "BaseTemporalClassifier",
      "ACTIVATION": "softmax",
      "DROPOUT_RATE": 0.0,
      "NUM_CLASSES": 200
    }
  },
  "OPTIMIZER": {
    "ADJUST_LR": false,
    "BASE_LR": 0.002,
    "LR_POLICY": "cosine",
    "MAX_EPOCH": 300,
    "MOMENTUM": 0.9,
    "WEIGHT_DECAY": "1e-3",
    "WARMUP_EPOCHS": 10,
    "WARMUP_START_LR": 0.0002,
    "OPTIM_METHOD": "adam",
    "DAMPENING": 0.0,
    "NESTEROV": true
  },
  "BN": {
    "WB_LOCK": false,
    "FREEZE": false,
    "WEIGHT_DECAY": 0.0,
    "MOMENTUM": 0.1,
    "EPS": "1e-3",
    "SYNC": false
  },
  "DATA_LOADER": {
    "NUM_WORKERS": 8,
    "PIN_MEMORY": true,
    "ENABLE_MULTI_THREAD_DECODE": true,
    "COLLATE_FN": null
  },
  "NUM_GPUS": 1,
  "SHARD_ID": 0,
  "NUM_SHARDS": 1,
  "RANDOM_SEED": 18,
  "OUTPUT_DIR": "output/SSv2_Full_TASK_MATCH",
  "OUTPUT_CFG_FILE": "configuration.log",
  "LOG_PERIOD": 200,
  "DIST_BACKEND": "nccl",
  "LOG_MODEL_INFO": false,
  "LOG_CONFIG_INFO": true,
  "OSS": {
    "ENABLE": false,
    "KEY": null,
    "SECRET": null,
    "ENDPOINT": null,
    "CHECKPOINT_OUTPUT_PATH": null,
    "SECONDARY_DATA_OSS": {
      "ENABLE": false,
      "KEY": null,
      "SECRET": null,
      "ENDPOINT": null,
      "BUCKETS": [
        ""
      ]
    }
  },
  "AUGMENTATION": {
    "COLOR_AUG": false,
    "BRIGHTNESS": 0.5,
    "CONTRAST": 0.5,
    "SATURATION": 0.5,
    "HUE": 0.25,
    "GRAYSCALE": 0.3,
    "CONSISTENT": true,
    "SHUFFLE": true,
    "GRAY_FIRST": true,
    "RATIO": [
      0.857142857142857,
      1.1666666666666667
    ],
    "USE_GPU": false,
    "MIXUP": {
      "ENABLE": false,
      "ALPHA": 0.0,
      "PROB": 1.0,
      "MODE": "batch",
      "SWITCH_PROB": 0.5
    },
    "CUTMIX": {
      "ENABLE": false,
      "ALPHA": 0.0,
      "MINMAX": null
    },
    "RANDOM_ERASING": {
      "ENABLE": false,
      "PROB": 0.25,
      "MODE": "const",
      "COUNT": [
        1,
        1
      ],
      "NUM_SPLITS": 0,
      "AREA_RANGE": [
        0.02,
        0.33
      ],
      "MIN_ASPECT": 0.3
    },
    "LABEL_SMOOTHING": 0.0,
    "SSV2_FLIP": false,
    "IS_SPLIT": false,
    "NO_RANDOM_ERASE": true,
    "SUPPORT_QUERY_DIFF": true
  },
  "PAI": false,
  "USE_MULTISEG_VAL_DIST": false,
  "DETECTION": {
    "ENABLE": false
  },
  "TENSORBOARD": {
    "ENABLE": false
  },
  "SOLVER": {
    "BASE_LR": 0.001,
    "LR_POLICY": "steps_with_relative_lrs",
    "MAX_EPOCH": 10,
    "MOMENTUM": 0.9,
    "WEIGHT_DECAY": "5e-4",
    "WARMUP_EPOCHS": 1,
    "WARMUP_START_LR": 0.0002,
    "OPTIM_METHOD": "adam",
    "DAMPENING": 0.0,
    "NESTEROV": true,
    "STEPS_ITER": 3000,
    "STEPS": [
      0,
      4,
      6,
      8
    ],
    "LRS": [
      1,
      0.5,
      0.1,
      0.05
    ]
  },
  "PRE_DOWNLOAD": {
    "ENABLE": false
  },
  "SUPPORT_SHOT": 1,
  "TASK_MATCH": {
    "ENABLE": true,
    "HIDDEN_RATIO": 0.25,
    "DROPOUT": 0.1,
    "TEMPERATURE": 1.0,
    "DISTANCE_SCALE": 16.0,
    "ALPHA_INIT": -4.0,
    "USE_FOCUS_FEATURES": false
  },
  "ADAPTER": {
    "NAME": "ViT_CLIP",
    "PRETRAINED": "ViT-B/16",
    "WIDTH": 768,
    "PATCH_SIZE": 16,
    "LAYERS": 12,
    "HEADS": 12,
    "ADAPTER_SCALE": 0.25
  },
  "INIT_METHOD": "tcp://localhost:1111",
  "CUDA_VISIBLE_DEVICES": "1"
}

[08/17 21:50:55][INFO] models.base.adapter:  748: load model from: ViT-B/16
[08/17 21:50:57][INFO] models.base.adapter:  755: Missing keys: ['temporal_embedding', 'task_match_alpha', 'transformer.resblocks.0.Adapter.down.weight', 'transformer.resblocks.0.Adapter.down.bias', 'transformer.resblocks.0.Adapter.pos_embed.weight', 'transformer.resblocks.0.Adapter.pos_embed.bias', 'transformer.resblocks.0.Adapter.s_ln.weight', 'transformer.resblocks.0.Adapter.s_ln.bias', 'transformer.resblocks.0.Adapter.s_attn.conv_offset.0.weight', 'transformer.resblocks.0.Adapter.s_attn.conv_offset.0.bias', 'transformer.resblocks.0.Adapter.s_attn.conv_offset.1.norm.weight', 'transformer.resblocks.0.Adapter.s_attn.conv_offset.1.norm.bias', 'transformer.resblocks.0.Adapter.s_attn.conv_offset.3.weight', 'transformer.resblocks.0.Adapter.s_attn.proj_q.weight', 'transformer.resblocks.0.Adapter.s_attn.proj_q.bias', 'transformer.resblocks.0.Adapter.s_attn.proj_k.weight', 'transformer.resblocks.0.Adapter.s_attn.proj_k.bias', 'transformer.resblocks.0.Adapter.s_attn.proj_v.weight', 'transformer.resblocks.0.Adapter.s_attn.proj_v.bias', 'transformer.resblocks.0.Adapter.s_attn.proj_out.weight', 'transformer.resblocks.0.Adapter.s_attn.proj_out.bias', 'transformer.resblocks.0.Adapter.t_ln.weight', 'transformer.resblocks.0.Adapter.t_ln.bias', 'transformer.resblocks.0.Adapter.t_attn.conv_offset.0.weight', 'transformer.resblocks.0.Adapter.t_attn.conv_offset.0.bias', 'transformer.resblocks.0.Adapter.t_attn.conv_offset.1.norm.weight', 'transformer.resblocks.0.Adapter.t_attn.conv_offset.1.norm.bias', 'transformer.resblocks.0.Adapter.t_attn.conv_offset.3.weight', 'transformer.resblocks.0.Adapter.t_attn.proj_q.weight', 'transformer.resblocks.0.Adapter.t_attn.proj_q.bias', 'transformer.resblocks.0.Adapter.t_attn.proj_k.weight', 'transformer.resblocks.0.Adapter.t_attn.proj_k.bias', 'transformer.resblocks.0.Adapter.t_attn.proj_v.weight', 'transformer.resblocks.0.Adapter.t_attn.proj_v.bias', 'transformer.resblocks.0.Adapter.t_attn.proj_out.weight', 'transformer.resblocks.0.Adapter.t_attn.proj_out.bias', 'transformer.resblocks.0.Adapter.up.weight', 'transformer.resblocks.0.Adapter.up.bias', 'transformer.resblocks.1.Adapter.down.weight', 'transformer.resblocks.1.Adapter.down.bias', 'transformer.resblocks.1.Adapter.pos_embed.weight', 'transformer.resblocks.1.Adapter.pos_embed.bias', 'transformer.resblocks.1.Adapter.s_ln.weight', 'transformer.resblocks.1.Adapter.s_ln.bias', 'transformer.resblocks.1.Adapter.s_attn.conv_offset.0.weight', 'transformer.resblocks.1.Adapter.s_attn.conv_offset.0.bias', 'transformer.resblocks.1.Adapter.s_attn.conv_offset.1.norm.weight', 'transformer.resblocks.1.Adapter.s_attn.conv_offset.1.norm.bias', 'transformer.resblocks.1.Adapter.s_attn.conv_offset.3.weight', 'transformer.resblocks.1.Adapter.s_attn.proj_q.weight', 'transformer.resblocks.1.Adapter.s_attn.proj_q.bias', 'transformer.resblocks.1.Adapter.s_attn.proj_k.weight', 'transformer.resblocks.1.Adapter.s_attn.proj_k.bias', 'transformer.resblocks.1.Adapter.s_attn.proj_v.weight', 'transformer.resblocks.1.Adapter.s_attn.proj_v.bias', 'transformer.resblocks.1.Adapter.s_attn.proj_out.weight', 'transformer.resblocks.1.Adapter.s_attn.proj_out.bias', 'transformer.resblocks.1.Adapter.t_ln.weight', 'transformer.resblocks.1.Adapter.t_ln.bias', 'transformer.resblocks.1.Adapter.t_attn.conv_offset.0.weight', 'transformer.resblocks.1.Adapter.t_attn.conv_offset.0.bias', 'transformer.resblocks.1.Adapter.t_attn.conv_offset.1.norm.weight', 'transformer.resblocks.1.Adapter.t_attn.conv_offset.1.norm.bias', 'transformer.resblocks.1.Adapter.t_attn.conv_offset.3.weight', 'transformer.resblocks.1.Adapter.t_attn.proj_q.weight', 'transformer.resblocks.1.Adapter.t_attn.proj_q.bias', 'transformer.resblocks.1.Adapter.t_attn.proj_k.weight', 'transformer.resblocks.1.Adapter.t_attn.proj_k.bias', 'transformer.resblocks.1.Adapter.t_attn.proj_v.weight', 'transformer.resblocks.1.Adapter.t_attn.proj_v.bias', 'transformer.resblocks.1.Adapter.t_attn.proj_out.weight', 'transformer.resblocks.1.Adapter.t_attn.proj_out.bias', 'transformer.resblocks.1.Adapter.up.weight', 'transformer.resblocks.1.Adapter.up.bias', 'transformer.resblocks.2.Adapter.down.weight', 'transformer.resblocks.2.Adapter.down.bias', 'transformer.resblocks.2.Adapter.pos_embed.weight', 'transformer.resblocks.2.Adapter.pos_embed.bias', 'transformer.resblocks.2.Adapter.s_ln.weight', 'transformer.resblocks.2.Adapter.s_ln.bias', 'transformer.resblocks.2.Adapter.s_attn.conv_offset.0.weight', 'transformer.resblocks.2.Adapter.s_attn.conv_offset.0.bias', 'transformer.resblocks.2.Adapter.s_attn.conv_offset.1.norm.weight', 'transformer.resblocks.2.Adapter.s_attn.conv_offset.1.norm.bias', 'transformer.resblocks.2.Adapter.s_attn.conv_offset.3.weight', 'transformer.resblocks.2.Adapter.s_attn.proj_q.weight', 'transformer.resblocks.2.Adapter.s_attn.proj_q.bias', 'transformer.resblocks.2.Adapter.s_attn.proj_k.weight', 'transformer.resblocks.2.Adapter.s_attn.proj_k.bias', 'transformer.resblocks.2.Adapter.s_attn.proj_v.weight', 'transformer.resblocks.2.Adapter.s_attn.proj_v.bias', 'transformer.resblocks.2.Adapter.s_attn.proj_out.weight', 'transformer.resblocks.2.Adapter.s_attn.proj_out.bias', 'transformer.resblocks.2.Adapter.t_ln.weight', 'transformer.resblocks.2.Adapter.t_ln.bias', 'transformer.resblocks.2.Adapter.t_attn.conv_offset.0.weight', 'transformer.resblocks.2.Adapter.t_attn.conv_offset.0.bias', 'transformer.resblocks.2.Adapter.t_attn.conv_offset.1.norm.weight', 'transformer.resblocks.2.Adapter.t_attn.conv_offset.1.norm.bias', 'transformer.resblocks.2.Adapter.t_attn.conv_offset.3.weight', 'transformer.resblocks.2.Adapter.t_attn.proj_q.weight', 'transformer.resblocks.2.Adapter.t_attn.proj_q.bias', 'transformer.resblocks.2.Adapter.t_attn.proj_k.weight', 'transformer.resblocks.2.Adapter.t_attn.proj_k.bias', 'transformer.resblocks.2.Adapter.t_attn.proj_v.weight', 'transformer.resblocks.2.Adapter.t_attn.proj_v.bias', 'transformer.resblocks.2.Adapter.t_attn.proj_out.weight', 'transformer.resblocks.2.Adapter.t_attn.proj_out.bias', 'transformer.resblocks.2.Adapter.up.weight', 'transformer.resblocks.2.Adapter.up.bias', 'transformer.resblocks.3.Adapter.down.weight', 'transformer.resblocks.3.Adapter.down.bias', 'transformer.resblocks.3.Adapter.pos_embed.weight', 'transformer.resblocks.3.Adapter.pos_embed.bias', 'transformer.resblocks.3.Adapter.s_ln.weight', 'transformer.resblocks.3.Adapter.s_ln.bias', 'transformer.resblocks.3.Adapter.s_attn.conv_offset.0.weight', 'transformer.resblocks.3.Adapter.s_attn.conv_offset.0.bias', 'transformer.resblocks.3.Adapter.s_attn.conv_offset.1.norm.weight', 'transformer.resblocks.3.Adapter.s_attn.conv_offset.1.norm.bias', 'transformer.resblocks.3.Adapter.s_attn.conv_offset.3.weight', 'transformer.resblocks.3.Adapter.s_attn.proj_q.weight', 'transformer.resblocks.3.Adapter.s_attn.proj_q.bias', 'transformer.resblocks.3.Adapter.s_attn.proj_k.weight', 'transformer.resblocks.3.Adapter.s_attn.proj_k.bias', 'transformer.resblocks.3.Adapter.s_attn.proj_v.weight', 'transformer.resblocks.3.Adapter.s_attn.proj_v.bias', 'transformer.resblocks.3.Adapter.s_attn.proj_out.weight', 'transformer.resblocks.3.Adapter.s_attn.proj_out.bias', 'transformer.resblocks.3.Adapter.t_ln.weight', 'transformer.resblocks.3.Adapter.t_ln.bias', 'transformer.resblocks.3.Adapter.t_attn.conv_offset.0.weight', 'transformer.resblocks.3.Adapter.t_attn.conv_offset.0.bias', 'transformer.resblocks.3.Adapter.t_attn.conv_offset.1.norm.weight', 'transformer.resblocks.3.Adapter.t_attn.conv_offset.1.norm.bias', 'transformer.resblocks.3.Adapter.t_attn.conv_offset.3.weight', 'transformer.resblocks.3.Adapter.t_attn.proj_q.weight', 'transformer.resblocks.3.Adapter.t_attn.proj_q.bias', 'transformer.resblocks.3.Adapter.t_attn.proj_k.weight', 'transformer.resblocks.3.Adapter.t_attn.proj_k.bias', 'transformer.resblocks.3.Adapter.t_attn.proj_v.weight', 'transformer.resblocks.3.Adapter.t_attn.proj_v.bias', 'transformer.resblocks.3.Adapter.t_attn.proj_out.weight', 'transformer.resblocks.3.Adapter.t_attn.proj_out.bias', 'transformer.resblocks.3.Adapter.up.weight', 'transformer.resblocks.3.Adapter.up.bias', 'transformer.resblocks.4.Adapter.down.weight', 'transformer.resblocks.4.Adapter.down.bias', 'transformer.resblocks.4.Adapter.pos_embed.weight', 'transformer.resblocks.4.Adapter.pos_embed.bias', 'transformer.resblocks.4.Adapter.s_ln.weight', 'transformer.resblocks.4.Adapter.s_ln.bias', 'transformer.resblocks.4.Adapter.s_attn.conv_offset.0.weight', 'transformer.resblocks.4.Adapter.s_attn.conv_offset.0.bias', 'transformer.resblocks.4.Adapter.s_attn.conv_offset.1.norm.weight', 'transformer.resblocks.4.Adapter.s_attn.conv_offset.1.norm.bias', 'transformer.resblocks.4.Adapter.s_attn.conv_offset.3.weight', 'transformer.resblocks.4.Adapter.s_attn.proj_q.weight', 'transformer.resblocks.4.Adapter.s_attn.proj_q.bias', 'transformer.resblocks.4.Adapter.s_attn.proj_k.weight', 'transformer.resblocks.4.Adapter.s_attn.proj_k.bias', 'transformer.resblocks.4.Adapter.s_attn.proj_v.weight', 'transformer.resblocks.4.Adapter.s_attn.proj_v.bias', 'transformer.resblocks.4.Adapter.s_attn.proj_out.weight', 'transformer.resblocks.4.Adapter.s_attn.proj_out.bias', 'transformer.resblocks.4.Adapter.t_ln.weight', 'transformer.resblocks.4.Adapter.t_ln.bias', 'transformer.resblocks.4.Adapter.t_attn.conv_offset.0.weight', 'transformer.resblocks.4.Adapter.t_attn.conv_offset.0.bias', 'transformer.resblocks.4.Adapter.t_attn.conv_offset.1.norm.weight', 'transformer.resblocks.4.Adapter.t_attn.conv_offset.1.norm.bias', 'transformer.resblocks.4.Adapter.t_attn.conv_offset.3.weight', 'transformer.resblocks.4.Adapter.t_attn.proj_q.weight', 'transformer.resblocks.4.Adapter.t_attn.proj_q.bias', 'transformer.resblocks.4.Adapter.t_attn.proj_k.weight', 'transformer.resblocks.4.Adapter.t_attn.proj_k.bias', 'transformer.resblocks.4.Adapter.t_attn.proj_v.weight', 'transformer.resblocks.4.Adapter.t_attn.proj_v.bias', 'transformer.resblocks.4.Adapter.t_attn.proj_out.weight', 'transformer.resblocks.4.Adapter.t_attn.proj_out.bias', 'transformer.resblocks.4.Adapter.up.weight', 'transformer.resblocks.4.Adapter.up.bias', 'transformer.resblocks.5.Adapter.down.weight', 'transformer.resblocks.5.Adapter.down.bias', 'transformer.resblocks.5.Adapter.pos_embed.weight', 'transformer.resblocks.5.Adapter.pos_embed.bias', 'transformer.resblocks.5.Adapter.s_ln.weight', 'transformer.resblocks.5.Adapter.s_ln.bias', 'transformer.resblocks.5.Adapter.s_attn.conv_offset.0.weight', 'transformer.resblocks.5.Adapter.s_attn.conv_offset.0.bias', 'transformer.resblocks.5.Adapter.s_attn.conv_offset.1.norm.weight', 'transformer.resblocks.5.Adapter.s_attn.conv_offset.1.norm.bias', 'transformer.resblocks.5.Adapter.s_attn.conv_offset.3.weight', 'transformer.resblocks.5.Adapter.s_attn.proj_q.weight', 'transformer.resblocks.5.Adapter.s_attn.proj_q.bias', 'transformer.resblocks.5.Adapter.s_attn.proj_k.weight', 'transformer.resblocks.5.Adapter.s_attn.proj_k.bias', 'transformer.resblocks.5.Adapter.s_attn.proj_v.weight', 'transformer.resblocks.5.Adapter.s_attn.proj_v.bias', 'transformer.resblocks.5.Adapter.s_attn.proj_out.weight', 'transformer.resblocks.5.Adapter.s_attn.proj_out.bias', 'transformer.resblocks.5.Adapter.t_ln.weight', 'transformer.resblocks.5.Adapter.t_ln.bias', 'transformer.resblocks.5.Adapter.t_attn.conv_offset.0.weight', 'transformer.resblocks.5.Adapter.t_attn.conv_offset.0.bias', 'transformer.resblocks.5.Adapter.t_attn.conv_offset.1.norm.weight', 'transformer.resblocks.5.Adapter.t_attn.conv_offset.1.norm.bias', 'transformer.resblocks.5.Adapter.t_attn.conv_offset.3.weight', 'transformer.resblocks.5.Adapter.t_attn.proj_q.weight', 'transformer.resblocks.5.Adapter.t_attn.proj_q.bias', 'transformer.resblocks.5.Adapter.t_attn.proj_k.weight', 'transformer.resblocks.5.Adapter.t_attn.proj_k.bias', 'transformer.resblocks.5.Adapter.t_attn.proj_v.weight', 'transformer.resblocks.5.Adapter.t_attn.proj_v.bias', 'transformer.resblocks.5.Adapter.t_attn.proj_out.weight', 'transformer.resblocks.5.Adapter.t_attn.proj_out.bias', 'transformer.resblocks.5.Adapter.up.weight', 'transformer.resblocks.5.Adapter.up.bias', 'transformer.resblocks.6.Adapter.down.weight', 'transformer.resblocks.6.Adapter.down.bias', 'transformer.resblocks.6.Adapter.pos_embed.weight', 'transformer.resblocks.6.Adapter.pos_embed.bias', 'transformer.resblocks.6.Adapter.s_ln.weight', 'transformer.resblocks.6.Adapter.s_ln.bias', 'transformer.resblocks.6.Adapter.s_attn.conv_offset.0.weight', 'transformer.resblocks.6.Adapter.s_attn.conv_offset.0.bias', 'transformer.resblocks.6.Adapter.s_attn.conv_offset.1.norm.weight', 'transformer.resblocks.6.Adapter.s_attn.conv_offset.1.norm.bias', 'transformer.resblocks.6.Adapter.s_attn.conv_offset.3.weight', 'transformer.resblocks.6.Adapter.s_attn.proj_q.weight', 'transformer.resblocks.6.Adapter.s_attn.proj_q.bias', 'transformer.resblocks.6.Adapter.s_attn.proj_k.weight', 'transformer.resblocks.6.Adapter.s_attn.proj_k.bias', 'transformer.resblocks.6.Adapter.s_attn.proj_v.weight', 'transformer.resblocks.6.Adapter.s_attn.proj_v.bias', 'transformer.resblocks.6.Adapter.s_attn.proj_out.weight', 'transformer.resblocks.6.Adapter.s_attn.proj_out.bias', 'transformer.resblocks.6.Adapter.t_ln.weight', 'transformer.resblocks.6.Adapter.t_ln.bias', 'transformer.resblocks.6.Adapter.t_attn.conv_offset.0.weight', 'transformer.resblocks.6.Adapter.t_attn.conv_offset.0.bias', 'transformer.resblocks.6.Adapter.t_attn.conv_offset.1.norm.weight', 'transformer.resblocks.6.Adapter.t_attn.conv_offset.1.norm.bias', 'transformer.resblocks.6.Adapter.t_attn.conv_offset.3.weight', 'transformer.resblocks.6.Adapter.t_attn.proj_q.weight', 'transformer.resblocks.6.Adapter.t_attn.proj_q.bias', 'transformer.resblocks.6.Adapter.t_attn.proj_k.weight', 'transformer.resblocks.6.Adapter.t_attn.proj_k.bias', 'transformer.resblocks.6.Adapter.t_attn.proj_v.weight', 'transformer.resblocks.6.Adapter.t_attn.proj_v.bias', 'transformer.resblocks.6.Adapter.t_attn.proj_out.weight', 'transformer.resblocks.6.Adapter.t_attn.proj_out.bias', 'transformer.resblocks.6.Adapter.up.weight', 'transformer.resblocks.6.Adapter.up.bias', 'transformer.resblocks.7.Adapter.down.weight', 'transformer.resblocks.7.Adapter.down.bias', 'transformer.resblocks.7.Adapter.pos_embed.weight', 'transformer.resblocks.7.Adapter.pos_embed.bias', 'transformer.resblocks.7.Adapter.s_ln.weight', 'transformer.resblocks.7.Adapter.s_ln.bias', 'transformer.resblocks.7.Adapter.s_attn.conv_offset.0.weight', 'transformer.resblocks.7.Adapter.s_attn.conv_offset.0.bias', 'transformer.resblocks.7.Adapter.s_attn.conv_offset.1.norm.weight', 'transformer.resblocks.7.Adapter.s_attn.conv_offset.1.norm.bias', 'transformer.resblocks.7.Adapter.s_attn.conv_offset.3.weight', 'transformer.resblocks.7.Adapter.s_attn.proj_q.weight', 'transformer.resblocks.7.Adapter.s_attn.proj_q.bias', 'transformer.resblocks.7.Adapter.s_attn.proj_k.weight', 'transformer.resblocks.7.Adapter.s_attn.proj_k.bias', 'transformer.resblocks.7.Adapter.s_attn.proj_v.weight', 'transformer.resblocks.7.Adapter.s_attn.proj_v.bias', 'transformer.resblocks.7.Adapter.s_attn.proj_out.weight', 'transformer.resblocks.7.Adapter.s_attn.proj_out.bias', 'transformer.resblocks.7.Adapter.t_ln.weight', 'transformer.resblocks.7.Adapter.t_ln.bias', 'transformer.resblocks.7.Adapter.t_attn.conv_offset.0.weight', 'transformer.resblocks.7.Adapter.t_attn.conv_offset.0.bias', 'transformer.resblocks.7.Adapter.t_attn.conv_offset.1.norm.weight', 'transformer.resblocks.7.Adapter.t_attn.conv_offset.1.norm.bias', 'transformer.resblocks.7.Adapter.t_attn.conv_offset.3.weight', 'transformer.resblocks.7.Adapter.t_attn.proj_q.weight', 'transformer.resblocks.7.Adapter.t_attn.proj_q.bias', 'transformer.resblocks.7.Adapter.t_attn.proj_k.weight', 'transformer.resblocks.7.Adapter.t_attn.proj_k.bias', 'transformer.resblocks.7.Adapter.t_attn.proj_v.weight', 'transformer.resblocks.7.Adapter.t_attn.proj_v.bias', 'transformer.resblocks.7.Adapter.t_attn.proj_out.weight', 'transformer.resblocks.7.Adapter.t_attn.proj_out.bias', 'transformer.resblocks.7.Adapter.up.weight', 'transformer.resblocks.7.Adapter.up.bias', 'transformer.resblocks.8.Adapter.down.weight', 'transformer.resblocks.8.Adapter.down.bias', 'transformer.resblocks.8.Adapter.pos_embed.weight', 'transformer.resblocks.8.Adapter.pos_embed.bias', 'transformer.resblocks.8.Adapter.s_ln.weight', 'transformer.resblocks.8.Adapter.s_ln.bias', 'transformer.resblocks.8.Adapter.s_attn.conv_offset.0.weight', 'transformer.resblocks.8.Adapter.s_attn.conv_offset.0.bias', 'transformer.resblocks.8.Adapter.s_attn.conv_offset.1.norm.weight', 'transformer.resblocks.8.Adapter.s_attn.conv_offset.1.norm.bias', 'transformer.resblocks.8.Adapter.s_attn.conv_offset.3.weight', 'transformer.resblocks.8.Adapter.s_attn.proj_q.weight', 'transformer.resblocks.8.Adapter.s_attn.proj_q.bias', 'transformer.resblocks.8.Adapter.s_attn.proj_k.weight', 'transformer.resblocks.8.Adapter.s_attn.proj_k.bias', 'transformer.resblocks.8.Adapter.s_attn.proj_v.weight', 'transformer.resblocks.8.Adapter.s_attn.proj_v.bias', 'transformer.resblocks.8.Adapter.s_attn.proj_out.weight', 'transformer.resblocks.8.Adapter.s_attn.proj_out.bias', 'transformer.resblocks.8.Adapter.t_ln.weight', 'transformer.resblocks.8.Adapter.t_ln.bias', 'transformer.resblocks.8.Adapter.t_attn.conv_offset.0.weight', 'transformer.resblocks.8.Adapter.t_attn.conv_offset.0.bias', 'transformer.resblocks.8.Adapter.t_attn.conv_offset.1.norm.weight', 'transformer.resblocks.8.Adapter.t_attn.conv_offset.1.norm.bias', 'transformer.resblocks.8.Adapter.t_attn.conv_offset.3.weight', 'transformer.resblocks.8.Adapter.t_attn.proj_q.weight', 'transformer.resblocks.8.Adapter.t_attn.proj_q.bias', 'transformer.resblocks.8.Adapter.t_attn.proj_k.weight', 'transformer.resblocks.8.Adapter.t_attn.proj_k.bias', 'transformer.resblocks.8.Adapter.t_attn.proj_v.weight', 'transformer.resblocks.8.Adapter.t_attn.proj_v.bias', 'transformer.resblocks.8.Adapter.t_attn.proj_out.weight', 'transformer.resblocks.8.Adapter.t_attn.proj_out.bias', 'transformer.resblocks.8.Adapter.up.weight', 'transformer.resblocks.8.Adapter.up.bias', 'transformer.resblocks.9.Adapter.down.weight', 'transformer.resblocks.9.Adapter.down.bias', 'transformer.resblocks.9.Adapter.pos_embed.weight', 'transformer.resblocks.9.Adapter.pos_embed.bias', 'transformer.resblocks.9.Adapter.s_ln.weight', 'transformer.resblocks.9.Adapter.s_ln.bias', 'transformer.resblocks.9.Adapter.s_attn.conv_offset.0.weight', 'transformer.resblocks.9.Adapter.s_attn.conv_offset.0.bias', 'transformer.resblocks.9.Adapter.s_attn.conv_offset.1.norm.weight', 'transformer.resblocks.9.Adapter.s_attn.conv_offset.1.norm.bias', 'transformer.resblocks.9.Adapter.s_attn.conv_offset.3.weight', 'transformer.resblocks.9.Adapter.s_attn.proj_q.weight', 'transformer.resblocks.9.Adapter.s_attn.proj_q.bias', 'transformer.resblocks.9.Adapter.s_attn.proj_k.weight', 'transformer.resblocks.9.Adapter.s_attn.proj_k.bias', 'transformer.resblocks.9.Adapter.s_attn.proj_v.weight', 'transformer.resblocks.9.Adapter.s_attn.proj_v.bias', 'transformer.resblocks.9.Adapter.s_attn.proj_out.weight', 'transformer.resblocks.9.Adapter.s_attn.proj_out.bias', 'transformer.resblocks.9.Adapter.t_ln.weight', 'transformer.resblocks.9.Adapter.t_ln.bias', 'transformer.resblocks.9.Adapter.t_attn.conv_offset.0.weight', 'transformer.resblocks.9.Adapter.t_attn.conv_offset.0.bias', 'transformer.resblocks.9.Adapter.t_attn.conv_offset.1.norm.weight', 'transformer.resblocks.9.Adapter.t_attn.conv_offset.1.norm.bias', 'transformer.resblocks.9.Adapter.t_attn.conv_offset.3.weight', 'transformer.resblocks.9.Adapter.t_attn.proj_q.weight', 'transformer.resblocks.9.Adapter.t_attn.proj_q.bias', 'transformer.resblocks.9.Adapter.t_attn.proj_k.weight', 'transformer.resblocks.9.Adapter.t_attn.proj_k.bias', 'transformer.resblocks.9.Adapter.t_attn.proj_v.weight', 'transformer.resblocks.9.Adapter.t_attn.proj_v.bias', 'transformer.resblocks.9.Adapter.t_attn.proj_out.weight', 'transformer.resblocks.9.Adapter.t_attn.proj_out.bias', 'transformer.resblocks.9.Adapter.up.weight', 'transformer.resblocks.9.Adapter.up.bias', 'transformer.resblocks.10.Adapter.down.weight', 'transformer.resblocks.10.Adapter.down.bias', 'transformer.resblocks.10.Adapter.pos_embed.weight', 'transformer.resblocks.10.Adapter.pos_embed.bias', 'transformer.resblocks.10.Adapter.s_ln.weight', 'transformer.resblocks.10.Adapter.s_ln.bias', 'transformer.resblocks.10.Adapter.s_attn.conv_offset.0.weight', 'transformer.resblocks.10.Adapter.s_attn.conv_offset.0.bias', 'transformer.resblocks.10.Adapter.s_attn.conv_offset.1.norm.weight', 'transformer.resblocks.10.Adapter.s_attn.conv_offset.1.norm.bias', 'transformer.resblocks.10.Adapter.s_attn.conv_offset.3.weight', 'transformer.resblocks.10.Adapter.s_attn.proj_q.weight', 'transformer.resblocks.10.Adapter.s_attn.proj_q.bias', 'transformer.resblocks.10.Adapter.s_attn.proj_k.weight', 'transformer.resblocks.10.Adapter.s_attn.proj_k.bias', 'transformer.resblocks.10.Adapter.s_attn.proj_v.weight', 'transformer.resblocks.10.Adapter.s_attn.proj_v.bias', 'transformer.resblocks.10.Adapter.s_attn.proj_out.weight', 'transformer.resblocks.10.Adapter.s_attn.proj_out.bias', 'transformer.resblocks.10.Adapter.t_ln.weight', 'transformer.resblocks.10.Adapter.t_ln.bias', 'transformer.resblocks.10.Adapter.t_attn.conv_offset.0.weight', 'transformer.resblocks.10.Adapter.t_attn.conv_offset.0.bias', 'transformer.resblocks.10.Adapter.t_attn.conv_offset.1.norm.weight', 'transformer.resblocks.10.Adapter.t_attn.conv_offset.1.norm.bias', 'transformer.resblocks.10.Adapter.t_attn.conv_offset.3.weight', 'transformer.resblocks.10.Adapter.t_attn.proj_q.weight', 'transformer.resblocks.10.Adapter.t_attn.proj_q.bias', 'transformer.resblocks.10.Adapter.t_attn.proj_k.weight', 'transformer.resblocks.10.Adapter.t_attn.proj_k.bias', 'transformer.resblocks.10.Adapter.t_attn.proj_v.weight', 'transformer.resblocks.10.Adapter.t_attn.proj_v.bias', 'transformer.resblocks.10.Adapter.t_attn.proj_out.weight', 'transformer.resblocks.10.Adapter.t_attn.proj_out.bias', 'transformer.resblocks.10.Adapter.up.weight', 'transformer.resblocks.10.Adapter.up.bias', 'transformer.resblocks.11.Adapter.down.weight', 'transformer.resblocks.11.Adapter.down.bias', 'transformer.resblocks.11.Adapter.pos_embed.weight', 'transformer.resblocks.11.Adapter.pos_embed.bias', 'transformer.resblocks.11.Adapter.s_ln.weight', 'transformer.resblocks.11.Adapter.s_ln.bias', 'transformer.resblocks.11.Adapter.s_attn.conv_offset.0.weight', 'transformer.resblocks.11.Adapter.s_attn.conv_offset.0.bias', 'transformer.resblocks.11.Adapter.s_attn.conv_offset.1.norm.weight', 'transformer.resblocks.11.Adapter.s_attn.conv_offset.1.norm.bias', 'transformer.resblocks.11.Adapter.s_attn.conv_offset.3.weight', 'transformer.resblocks.11.Adapter.s_attn.proj_q.weight', 'transformer.resblocks.11.Adapter.s_attn.proj_q.bias', 'transformer.resblocks.11.Adapter.s_attn.proj_k.weight', 'transformer.resblocks.11.Adapter.s_attn.proj_k.bias', 'transformer.resblocks.11.Adapter.s_attn.proj_v.weight', 'transformer.resblocks.11.Adapter.s_attn.proj_v.bias', 'transformer.resblocks.11.Adapter.s_attn.proj_out.weight', 'transformer.resblocks.11.Adapter.s_attn.proj_out.bias', 'transformer.resblocks.11.Adapter.t_ln.weight', 'transformer.resblocks.11.Adapter.t_ln.bias', 'transformer.resblocks.11.Adapter.t_attn.conv_offset.0.weight', 'transformer.resblocks.11.Adapter.t_attn.conv_offset.0.bias', 'transformer.resblocks.11.Adapter.t_attn.conv_offset.1.norm.weight', 'transformer.resblocks.11.Adapter.t_attn.conv_offset.1.norm.bias', 'transformer.resblocks.11.Adapter.t_attn.conv_offset.3.weight', 'transformer.resblocks.11.Adapter.t_attn.proj_q.weight', 'transformer.resblocks.11.Adapter.t_attn.proj_q.bias', 'transformer.resblocks.11.Adapter.t_attn.proj_k.weight', 'transformer.resblocks.11.Adapter.t_attn.proj_k.bias', 'transformer.resblocks.11.Adapter.t_attn.proj_v.weight', 'transformer.resblocks.11.Adapter.t_attn.proj_v.bias', 'transformer.resblocks.11.Adapter.t_attn.proj_out.weight', 'transformer.resblocks.11.Adapter.t_attn.proj_out.bias', 'transformer.resblocks.11.Adapter.up.weight', 'transformer.resblocks.11.Adapter.up.bias', 'classification_layer.weight', 'classification_layer.bias', 'task_matcher.context_norm.weight', 'task_matcher.context_norm.bias', 'task_matcher.generator.0.weight', 'task_matcher.generator.0.bias', 'task_matcher.generator.3.weight', 'task_matcher.generator.3.bias']
[08/17 21:50:57][INFO] models.base.adapter:  756: Unexpected keys: []
[08/17 21:50:57][INFO] models.base.adapter:  757: => loaded successfully 'ViT-B/16'
[08/17 21:50:57][INFO] models.base.adapter:  764: init:  transformer.resblocks.0.Adapter.up
[08/17 21:50:57][INFO] models.base.adapter:  764: init:  transformer.resblocks.1.Adapter.up
[08/17 21:50:57][INFO] models.base.adapter:  764: init:  transformer.resblocks.2.Adapter.up
[08/17 21:50:57][INFO] models.base.adapter:  764: init:  transformer.resblocks.3.Adapter.up
[08/17 21:50:57][INFO] models.base.adapter:  764: init:  transformer.resblocks.4.Adapter.up
[08/17 21:50:57][INFO] models.base.adapter:  764: init:  transformer.resblocks.5.Adapter.up
[08/17 21:50:57][INFO] models.base.adapter:  764: init:  transformer.resblocks.6.Adapter.up
[08/17 21:50:57][INFO] models.base.adapter:  764: init:  transformer.resblocks.7.Adapter.up
[08/17 21:50:57][INFO] models.base.adapter:  764: init:  transformer.resblocks.8.Adapter.up
[08/17 21:50:57][INFO] models.base.adapter:  764: init:  transformer.resblocks.9.Adapter.up
[08/17 21:50:57][INFO] models.base.adapter:  764: init:  transformer.resblocks.10.Adapter.up
[08/17 21:50:57][INFO] models.base.adapter:  764: init:  transformer.resblocks.11.Adapter.up
[08/17 21:50:57][INFO] train_net_few_shot:  171: Model:
BaseVideoModel(
  (model): ViT_CLIP(
    (conv1): Conv2d(3, 768, kernel_size=(16, 16), stride=(16, 16), bias=False)
    (ln_pre): LayerNorm((768,), eps=1e-05, elementwise_affine=True, bias=True)
    (transformer): Transformer(
      (resblocks): ModuleList(
        (0-11): 12 x ResidualAttentionBlock(
          (ln_1): LayerNorm((768,), eps=1e-05, elementwise_affine=True, bias=True)
          (attn): MultiheadAttention(
            (out_proj): NonDynamicallyQuantizableLinear(in_features=768, out_features=768, bias=True)
          )
          (ln_2): LayerNorm((768,), eps=1e-05, elementwise_affine=True, bias=True)
          (mlp): Sequential(
            (c_fc): Linear(in_features=768, out_features=3072, bias=True)
            (gelu): QuickGELU()
            (c_proj): Linear(in_features=3072, out_features=768, bias=True)
          )
          (Adapter): ViT_D2ST_Adapter(
            (down): Linear(in_features=768, out_features=192, bias=True)
            (gelu1): GELU(approximate='none')
            (pos_embed): Conv3d(192, 192, kernel_size=(3, 3, 3), stride=(1, 1, 1), padding=(1, 1, 1), groups=192)
            (s_ln): LayerNorm((192,), eps=1e-05, elementwise_affine=True, bias=True)
            (s_attn): ViT_DeformAttention(
              (conv_offset): Sequential(
                (0): Conv3d(48, 48, kernel_size=(4, 5, 5), stride=(4, 3, 3), groups=48)
                (1): LayerNormProxy(
                  (norm): LayerNorm((48,), eps=1e-05, elementwise_affine=True, bias=True)
                )
                (2): GELU(approximate='none')
                (3): Conv3d(48, 3, kernel_size=(1, 1, 1), stride=(1, 1, 1), bias=False)
              )
              (proj_q): Linear(in_features=192, out_features=192, bias=True)
              (proj_k): Linear(in_features=192, out_features=192, bias=True)
              (proj_v): Linear(in_features=192, out_features=192, bias=True)
              (proj_out): Linear(in_features=192, out_features=192, bias=True)
            )
            (t_ln): LayerNorm((192,), eps=1e-05, elementwise_affine=True, bias=True)
            (t_attn): ViT_DeformAttention(
              (conv_offset): Sequential(
                (0): Conv3d(48, 48, kernel_size=(1, 7, 7), stride=(1, 7, 7), groups=48)
                (1): LayerNormProxy(
                  (norm): LayerNorm((48,), eps=1e-05, elementwise_affine=True, bias=True)
                )
                (2): GELU(approximate='none')
                (3): Conv3d(48, 3, kernel_size=(1, 1, 1), stride=(1, 1, 1), bias=False)
              )
              (proj_q): Linear(in_features=192, out_features=192, bias=True)
              (proj_k): Linear(in_features=192, out_features=192, bias=True)
              (proj_v): Linear(in_features=192, out_features=192, bias=True)
              (proj_out): Linear(in_features=192, out_features=192, bias=True)
            )
            (gelu): GELU(approximate='none')
            (up): Linear(in_features=192, out_features=768, bias=True)
            (gelu2): GELU(approximate='none')
          )
        )
      )
    )
    (ln_post): LayerNorm((768,), eps=1e-05, elementwise_affine=True, bias=True)
    (classification_layer): Linear(in_features=768, out_features=64, bias=True)
    (task_matcher): D2STTaskAwareMatcher(
      (context_norm): LayerNorm((768,), eps=1e-05, elementwise_affine=True, bias=True)
      (generator): Sequential(
        (0): Linear(in_features=768, out_features=192, bias=True)
        (1): GELU(approximate='none')
        (2): Dropout(p=0.1, inplace=False)
        (3): Linear(in_features=192, out_features=64, bias=True)
      )
    )
  )
)
[08/17 21:50:57][INFO] models.utils.optimizer:   82: Optimized parameters constructed. Parameters without weight decay: []
[08/17 21:50:57][INFO] datasets.base.few_shot_dataset:   97: Reading video list from file: train_few_shot.txt
[08/17 21:50:57][INFO] datasets.base.few_shot_dataset:  127: Loading SSv2-Full dataset list for split 'train'...
[08/17 21:50:57][INFO] datasets.base.few_shot_dataset:   47: loaded 67013 videos from train dataset: SSv2-Full !
[08/17 21:50:57][INFO] datasets.base.few_shot_dataset:  153: Dataset SSv2-Full split train loaded. Length 67013.
[08/17 21:50:57][INFO] datasets.base.few_shot_dataset:   97: Reading video list from file: test_few_shot.txt
[08/17 21:50:57][INFO] datasets.base.few_shot_dataset:  127: Loading SSv2-Full dataset list for split 'test'...
[08/17 21:50:57][INFO] datasets.base.few_shot_dataset:   47: loaded 2857 videos from test dataset: SSv2-Full !
[08/17 21:50:57][INFO] datasets.base.few_shot_dataset:  153: Dataset SSv2-Full split test loaded. Length 2857.
[08/17 21:50:57][INFO] train_net_few_shot:  193: Start epoch: 1
[08/17 21:50:57][INFO] train_net_few_shot:  222: Number of total parameters: 93290625, tunable parameters: 7493505
[08/17 21:50:57][INFO] train_net_few_shot:   34: Norm training: True
[08/17 21:52:17][INFO] utils.logging:   91: {"_type": "train_iter", "iter": "200/30000", "loss": 9.948161, "lr": 0.000253, "top1_acc": 35.599999}
[08/17 21:53:35][INFO] utils.logging:   91: {"_type": "train_iter", "iter": "400/30000", "loss": 9.248301, "lr": 0.000306, "top1_acc": 42.300000}
[08/17 21:54:53][INFO] utils.logging:   91: {"_type": "train_iter", "iter": "600/30000", "loss": 8.433578, "lr": 0.000360, "top1_acc": 47.100000}
[08/17 21:57:18][INFO] utils.logging:   91: {"_type": "train_iter", "iter": "800/30000", "loss": 7.524340, "lr": 0.000413, "top1_acc": 46.800000}
[08/17 22:00:07][INFO] utils.logging:   91: {"_type": "train_iter", "iter": "1000/30000", "loss": 7.027974, "lr": 0.000466, "top1_acc": 53.400001}
[08/17 22:03:01][INFO] utils.logging:   91: {"_type": "train_iter", "iter": "1200/30000", "loss": 6.312377, "lr": 0.000520, "top1_acc": 56.200001}
[08/17 22:05:56][INFO] utils.logging:   91: {"_type": "train_iter", "iter": "1400/30000", "loss": 6.372036, "lr": 0.000573, "top1_acc": 56.300001}
[08/17 22:08:50][INFO] utils.logging:   91: {"_type": "train_iter", "iter": "1600/30000", "loss": 5.911791, "lr": 0.000626, "top1_acc": 61.400001}
[08/17 22:11:27][INFO] utils.logging:   91: {"_type": "train_iter", "iter": "1800/30000", "loss": 5.861064, "lr": 0.000680, "top1_acc": 60.900001}
[08/17 22:14:15][INFO] utils.logging:   91: {"_type": "train_iter", "iter": "2000/30000", "loss": 5.438277, "lr": 0.000733, "top1_acc": 60.700001}
[08/17 22:16:32][INFO] utils.logging:   91: {"_type": "train_iter", "iter": "2200/30000", "loss": 5.347960, "lr": 0.000786, "top1_acc": 61.400001}
[08/17 22:17:46][INFO] datasets.base.few_shot_dataset:  409: Error at decoding. Vid index: 54100, Vid path: /mnt/data/yanyi2025/lrc/action_data/ssv2/videos/videos/96464.webm
[08/17 22:17:50][INFO] utils.logging:   91: {"_type": "train_iter", "iter": "2400/30000", "loss": 4.983109, "lr": 0.000840, "top1_acc": 64.000001}
[08/17 22:19:08][INFO] utils.logging:   91: {"_type": "train_iter", "iter": "2600/30000", "loss": 4.805126, "lr": 0.000893, "top1_acc": 63.500001}
[08/17 22:20:26][INFO] utils.logging:   91: {"_type": "train_iter", "iter": "2800/30000", "loss": 5.129106, "lr": 0.000946, "top1_acc": 64.200001}
[08/17 22:21:45][INFO] utils.logging:   91: {"_type": "train_iter", "iter": "3000/30000", "loss": 4.612531, "lr": 0.001000, "top1_acc": 65.800001}
[08/17 22:23:04][INFO] utils.logging:   91: {"_type": "train_iter", "iter": "3200/30000", "loss": 5.016229, "lr": 0.001000, "top1_acc": 62.800001}
[08/17 22:24:25][INFO] utils.logging:   91: {"_type": "train_iter", "iter": "3400/30000", "loss": 4.582100, "lr": 0.001000, "top1_acc": 63.800001}
[08/17 22:25:45][INFO] utils.logging:   91: {"_type": "train_iter", "iter": "3600/30000", "loss": 4.317390, "lr": 0.001000, "top1_acc": 69.600001}
[08/17 22:27:06][INFO] utils.logging:   91: {"_type": "train_iter", "iter": "3800/30000", "loss": 4.563718, "lr": 0.001000, "top1_acc": 64.300001}
[08/17 22:28:26][INFO] utils.logging:   91: {"_type": "train_iter", "iter": "4000/30000", "loss": 4.173836, "lr": 0.001000, "top1_acc": 69.400001}
[08/17 22:29:45][INFO] utils.logging:   91: {"_type": "train_iter", "iter": "4200/30000", "loss": 4.137743, "lr": 0.001000, "top1_acc": 67.200001}
[08/17 22:31:05][INFO] utils.logging:   91: {"_type": "train_iter", "iter": "4400/30000", "loss": 4.311544, "lr": 0.001000, "top1_acc": 67.500001}
[08/17 22:32:24][INFO] utils.logging:   91: {"_type": "train_iter", "iter": "4600/30000", "loss": 3.819747, "lr": 0.001000, "top1_acc": 70.500001}
[08/17 22:33:43][INFO] utils.logging:   91: {"_type": "train_iter", "iter": "4800/30000", "loss": 3.939394, "lr": 0.001000, "top1_acc": 69.300001}
[08/17 22:35:01][INFO] utils.logging:   91: {"_type": "train_iter", "iter": "5000/30000", "loss": 3.848581, "lr": 0.001000, "top1_acc": 70.400001}
[08/17 22:36:20][INFO] utils.logging:   91: {"_type": "train_iter", "iter": "5200/30000", "loss": 3.654308, "lr": 0.001000, "top1_acc": 71.900001}
[08/17 22:37:39][INFO] utils.logging:   91: {"_type": "train_iter", "iter": "5400/30000", "loss": 3.661977, "lr": 0.001000, "top1_acc": 71.200001}
[08/17 22:38:57][INFO] utils.logging:   91: {"_type": "train_iter", "iter": "5600/30000", "loss": 3.501557, "lr": 0.001000, "top1_acc": 73.300001}
[08/17 22:40:16][INFO] utils.logging:   91: {"_type": "train_iter", "iter": "5800/30000", "loss": 3.282810, "lr": 0.001000, "top1_acc": 74.100001}
[08/17 22:41:35][INFO] utils.logging:   91: {"_type": "train_iter", "iter": "6000/30000", "loss": 3.380999, "lr": 0.001000, "top1_acc": 73.300001}
[08/17 22:42:54][INFO] utils.logging:   91: {"_type": "train_iter", "iter": "6200/30000", "loss": 3.416880, "lr": 0.001000, "top1_acc": 72.700002}
[08/17 22:44:12][INFO] utils.logging:   91: {"_type": "train_iter", "iter": "6400/30000", "loss": 3.504641, "lr": 0.001000, "top1_acc": 73.700001}
[08/17 22:45:31][INFO] utils.logging:   91: {"_type": "train_iter", "iter": "6600/30000", "loss": 3.252278, "lr": 0.001000, "top1_acc": 74.700001}
[08/17 22:46:49][INFO] utils.logging:   91: {"_type": "train_iter", "iter": "6800/30000", "loss": 3.222658, "lr": 0.001000, "top1_acc": 75.700001}
[08/17 22:48:08][INFO] utils.logging:   91: {"_type": "train_iter", "iter": "7000/30000", "loss": 3.098773, "lr": 0.001000, "top1_acc": 76.100001}
[08/17 22:49:27][INFO] utils.logging:   91: {"_type": "train_iter", "iter": "7200/30000", "loss": 2.968374, "lr": 0.001000, "top1_acc": 76.800002}
[08/17 22:50:45][INFO] utils.logging:   91: {"_type": "train_iter", "iter": "7400/30000", "loss": 3.030172, "lr": 0.001000, "top1_acc": 76.400001}
[08/17 22:52:04][INFO] utils.logging:   91: {"_type": "train_iter", "iter": "7600/30000", "loss": 3.080365, "lr": 0.001000, "top1_acc": 75.500001}
[08/17 22:53:23][INFO] utils.logging:   91: {"_type": "train_iter", "iter": "7800/30000", "loss": 2.980414, "lr": 0.001000, "top1_acc": 77.400001}
[08/17 22:54:41][INFO] utils.logging:   91: {"_type": "train_iter", "iter": "8000/30000", "loss": 2.843967, "lr": 0.001000, "top1_acc": 77.100001}
[08/17 22:56:00][INFO] utils.logging:   91: {"_type": "train_iter", "iter": "8200/30000", "loss": 2.928536, "lr": 0.001000, "top1_acc": 74.900002}
[08/17 22:57:19][INFO] utils.logging:   91: {"_type": "train_iter", "iter": "8400/30000", "loss": 2.826018, "lr": 0.001000, "top1_acc": 76.500001}
[08/17 22:58:37][INFO] utils.logging:   91: {"_type": "train_iter", "iter": "8600/30000", "loss": 2.675317, "lr": 0.001000, "top1_acc": 79.200002}
[08/17 22:59:56][INFO] utils.logging:   91: {"_type": "train_iter", "iter": "8800/30000", "loss": 3.012439, "lr": 0.001000, "top1_acc": 74.700001}
[08/17 23:01:15][INFO] utils.logging:   91: {"_type": "train_iter", "iter": "9000/30000", "loss": 2.796849, "lr": 0.001000, "top1_acc": 76.200002}
[08/17 23:02:33][INFO] utils.logging:   91: {"_type": "train_iter", "iter": "9200/30000", "loss": 2.698502, "lr": 0.001000, "top1_acc": 80.000001}
[08/17 23:03:52][INFO] utils.logging:   91: {"_type": "train_iter", "iter": "9400/30000", "loss": 2.698986, "lr": 0.001000, "top1_acc": 78.500001}
[08/17 23:05:11][INFO] utils.logging:   91: {"_type": "train_iter", "iter": "9600/30000", "loss": 2.914088, "lr": 0.001000, "top1_acc": 76.800001}
[08/17 23:06:30][INFO] utils.logging:   91: {"_type": "train_iter", "iter": "9800/30000", "loss": 2.578289, "lr": 0.001000, "top1_acc": 78.700001}
[08/17 23:08:12][INFO] utils.logging:   91: {"_type": "val_iter", "gpu_mem": "1.79 GB", "iter": "200/10000", "top1_acc": 60.400001}
[08/17 23:08:22][INFO] datasets.base.few_shot_dataset:  409: Error at decoding. Vid index: 2581, Vid path: /mnt/data/yanyi2025/lrc/action_data/ssv2/videos/videos/113474.webm
[08/17 23:08:35][INFO] utils.logging:   91: {"_type": "val_iter", "gpu_mem": "1.79 GB", "iter": "400/10000", "top1_acc": 62.300001}
[08/17 23:08:58][INFO] utils.logging:   91: {"_type": "val_iter", "gpu_mem": "1.79 GB", "iter": "600/10000", "top1_acc": 62.300001}
[08/17 23:09:20][INFO] utils.logging:   91: {"_type": "val_iter", "gpu_mem": "1.79 GB", "iter": "800/10000", "top1_acc": 60.500001}
[08/17 23:09:43][INFO] utils.logging:   91: {"_type": "val_iter", "gpu_mem": "1.79 GB", "iter": "1000/10000", "top1_acc": 61.900001}
[08/17 23:10:06][INFO] utils.logging:   91: {"_type": "val_iter", "gpu_mem": "1.79 GB", "iter": "1200/10000", "top1_acc": 56.700001}
[08/17 23:10:28][INFO] utils.logging:   91: {"_type": "val_iter", "gpu_mem": "1.79 GB", "iter": "1400/10000", "top1_acc": 61.400001}
[08/17 23:10:51][INFO] utils.logging:   91: {"_type": "val_iter", "gpu_mem": "1.79 GB", "iter": "1600/10000", "top1_acc": 61.400001}
[08/17 23:10:58][WARNING] datasets.base.few_shot_dataset:  240: Error at decoding. 1/5. Vid index: [123, 185], Vid path: 9
[08/17 23:11:14][INFO] utils.logging:   91: {"_type": "val_iter", "gpu_mem": "1.79 GB", "iter": "1800/10000", "top1_acc": 59.700001}
[08/17 23:11:37][INFO] utils.logging:   91: {"_type": "val_iter", "gpu_mem": "1.79 GB", "iter": "2000/10000", "top1_acc": 64.600001}
[08/17 23:12:00][INFO] utils.logging:   91: {"_type": "val_iter", "gpu_mem": "1.79 GB", "iter": "2200/10000", "top1_acc": 58.100001}
[08/17 23:12:22][INFO] utils.logging:   91: {"_type": "val_iter", "gpu_mem": "1.79 GB", "iter": "2400/10000", "top1_acc": 58.500001}
[08/17 23:12:45][INFO] utils.logging:   91: {"_type": "val_iter", "gpu_mem": "1.79 GB", "iter": "2600/10000", "top1_acc": 59.800001}
[08/17 23:13:08][INFO] utils.logging:   91: {"_type": "val_iter", "gpu_mem": "1.79 GB", "iter": "2800/10000", "top1_acc": 62.700001}
[08/17 23:13:31][INFO] utils.logging:   91: {"_type": "val_iter", "gpu_mem": "1.79 GB", "iter": "3000/10000", "top1_acc": 57.600001}
[08/17 23:13:53][INFO] utils.logging:   91: {"_type": "val_iter", "gpu_mem": "1.79 GB", "iter": "3200/10000", "top1_acc": 62.000001}
[08/17 23:14:16][INFO] utils.logging:   91: {"_type": "val_iter", "gpu_mem": "1.79 GB", "iter": "3400/10000", "top1_acc": 59.400001}
[08/17 23:14:40][INFO] utils.logging:   91: {"_type": "val_iter", "gpu_mem": "1.79 GB", "iter": "3600/10000", "top1_acc": 61.300001}
[08/17 23:15:03][INFO] utils.logging:   91: {"_type": "val_iter", "gpu_mem": "1.79 GB", "iter": "3800/10000", "top1_acc": 62.800001}
[08/17 23:15:26][INFO] utils.logging:   91: {"_type": "val_iter", "gpu_mem": "1.79 GB", "iter": "4000/10000", "top1_acc": 56.600001}
[08/17 23:15:49][INFO] utils.logging:   91: {"_type": "val_iter", "gpu_mem": "1.79 GB", "iter": "4200/10000", "top1_acc": 59.700001}
[08/17 23:16:11][INFO] utils.logging:   91: {"_type": "val_iter", "gpu_mem": "1.79 GB", "iter": "4400/10000", "top1_acc": 59.400001}
[08/17 23:16:18][INFO] datasets.base.few_shot_dataset:  409: Error at decoding. Vid index: 2581, Vid path: /mnt/data/yanyi2025/lrc/action_data/ssv2/videos/videos/113474.webm
[08/17 23:16:21][INFO] datasets.base.few_shot_dataset:  409: Error at decoding. Vid index: 2581, Vid path: /mnt/data/yanyi2025/lrc/action_data/ssv2/videos/videos/113474.webm
[08/17 23:16:29][INFO] datasets.base.few_shot_dataset:  409: Error at decoding. Vid index: 2581, Vid path: /mnt/data/yanyi2025/lrc/action_data/ssv2/videos/videos/113474.webm
[08/17 23:16:34][INFO] utils.logging:   91: {"_type": "val_iter", "gpu_mem": "1.79 GB", "iter": "4600/10000", "top1_acc": 60.800001}
[08/17 23:16:48][WARNING] datasets.base.few_shot_dataset:  240: Error at decoding. 1/5. Vid index: [185, 59], Vid path: 9
[08/17 23:16:57][INFO] utils.logging:   91: {"_type": "val_iter", "gpu_mem": "1.79 GB", "iter": "4800/10000", "top1_acc": 58.200001}
[08/17 23:17:20][INFO] utils.logging:   91: {"_type": "val_iter", "gpu_mem": "1.79 GB", "iter": "5000/10000", "top1_acc": 58.500001}
[08/17 23:17:43][INFO] utils.logging:   91: {"_type": "val_iter", "gpu_mem": "1.79 GB", "iter": "5200/10000", "top1_acc": 61.300001}
[08/17 23:18:06][INFO] utils.logging:   91: {"_type": "val_iter", "gpu_mem": "1.79 GB", "iter": "5400/10000", "top1_acc": 61.600001}
[08/17 23:18:29][INFO] utils.logging:   91: {"_type": "val_iter", "gpu_mem": "1.79 GB", "iter": "5600/10000", "top1_acc": 59.700001}
[08/17 23:18:52][INFO] utils.logging:   91: {"_type": "val_iter", "gpu_mem": "1.79 GB", "iter": "5800/10000", "top1_acc": 63.700001}
[08/17 23:19:13][WARNING] datasets.base.few_shot_dataset:  240: Error at decoding. 1/5. Vid index: [185, 30], Vid path: 9
[08/17 23:19:15][INFO] utils.logging:   91: {"_type": "val_iter", "gpu_mem": "1.79 GB", "iter": "6000/10000", "top1_acc": 60.400001}
[08/17 23:19:38][INFO] utils.logging:   91: {"_type": "val_iter", "gpu_mem": "1.79 GB", "iter": "6200/10000", "top1_acc": 62.800001}
[08/17 23:20:01][INFO] utils.logging:   91: {"_type": "val_iter", "gpu_mem": "1.79 GB", "iter": "6400/10000", "top1_acc": 60.700001}
[08/17 23:20:24][INFO] utils.logging:   91: {"_type": "val_iter", "gpu_mem": "1.79 GB", "iter": "6600/10000", "top1_acc": 60.700001}
[08/17 23:20:47][INFO] utils.logging:   91: {"_type": "val_iter", "gpu_mem": "1.79 GB", "iter": "6800/10000", "top1_acc": 61.100001}
[08/17 23:21:10][INFO] utils.logging:   91: {"_type": "val_iter", "gpu_mem": "1.79 GB", "iter": "7000/10000", "top1_acc": 62.200001}
[08/17 23:21:33][INFO] utils.logging:   91: {"_type": "val_iter", "gpu_mem": "1.79 GB", "iter": "7200/10000", "top1_acc": 61.700001}
[08/17 23:21:56][INFO] utils.logging:   91: {"_type": "val_iter", "gpu_mem": "1.79 GB", "iter": "7400/10000", "top1_acc": 62.600001}
[08/17 23:22:05][WARNING] datasets.base.few_shot_dataset:  240: Error at decoding. 1/5. Vid index: [185, 153], Vid path: 9
[08/17 23:22:09][WARNING] datasets.base.few_shot_dataset:  240: Error at decoding. 1/5. Vid index: [185, 64], Vid path: 9
[08/17 23:22:19][INFO] utils.logging:   91: {"_type": "val_iter", "gpu_mem": "1.79 GB", "iter": "7600/10000", "top1_acc": 60.800001}
[08/17 23:22:31][WARNING] datasets.base.few_shot_dataset:  240: Error at decoding. 1/5. Vid index: [13, 185], Vid path: 9
[08/17 23:22:42][INFO] utils.logging:   91: {"_type": "val_iter", "gpu_mem": "1.79 GB", "iter": "7800/10000", "top1_acc": 60.500001}
[08/17 23:23:05][INFO] utils.logging:   91: {"_type": "val_iter", "gpu_mem": "1.79 GB", "iter": "8000/10000", "top1_acc": 60.600001}
[08/17 23:23:28][INFO] utils.logging:   91: {"_type": "val_iter", "gpu_mem": "1.79 GB", "iter": "8200/10000", "top1_acc": 59.400001}
[08/17 23:23:51][INFO] utils.logging:   91: {"_type": "val_iter", "gpu_mem": "1.79 GB", "iter": "8400/10000", "top1_acc": 59.300001}
[08/17 23:23:52][INFO] datasets.base.few_shot_dataset:  409: Error at decoding. Vid index: 2581, Vid path: /mnt/data/yanyi2025/lrc/action_data/ssv2/videos/videos/113474.webm
[08/17 23:24:14][INFO] utils.logging:   91: {"_type": "val_iter", "gpu_mem": "1.79 GB", "iter": "8600/10000", "top1_acc": 61.200001}
[08/17 23:24:19][WARNING] datasets.base.few_shot_dataset:  240: Error at decoding. 1/5. Vid index: [172, 185], Vid path: 9
[08/17 23:24:36][INFO] utils.logging:   91: {"_type": "val_iter", "gpu_mem": "1.79 GB", "iter": "8800/10000", "top1_acc": 61.200001}
[08/17 23:24:56][WARNING] datasets.base.few_shot_dataset:  240: Error at decoding. 1/5. Vid index: [187, 185], Vid path: 9
[08/17 23:24:57][WARNING] datasets.base.few_shot_dataset:  240: Error at decoding. 1/5. Vid index: [185, 3], Vid path: 9
[08/17 23:24:59][WARNING] datasets.base.few_shot_dataset:  240: Error at decoding. 1/5. Vid index: [185, 11], Vid path: 9
[08/17 23:24:59][INFO] utils.logging:   91: {"_type": "val_iter", "gpu_mem": "1.79 GB", "iter": "9000/10000", "top1_acc": 58.400001}
[08/17 23:25:00][INFO] datasets.base.few_shot_dataset:  409: Error at decoding. Vid index: 2581, Vid path: /mnt/data/yanyi2025/lrc/action_data/ssv2/videos/videos/113474.webm
[08/17 23:25:22][INFO] utils.logging:   91: {"_type": "val_iter", "gpu_mem": "1.79 GB", "iter": "9200/10000", "top1_acc": 59.100001}
[08/17 23:25:45][INFO] utils.logging:   91: {"_type": "val_iter", "gpu_mem": "1.79 GB", "iter": "9400/10000", "top1_acc": 60.100001}
[08/17 23:26:08][INFO] utils.logging:   91: {"_type": "val_iter", "gpu_mem": "1.79 GB", "iter": "9600/10000", "top1_acc": 59.400001}
[08/17 23:26:31][INFO] utils.logging:   91: {"_type": "val_iter", "gpu_mem": "1.79 GB", "iter": "9800/10000", "top1_acc": 60.900001}
[08/17 23:26:54][INFO] utils.logging:   91: {"_type": "val_iter", "gpu_mem": "1.79 GB", "iter": "10000/10000", "top1_acc": 61.200001}
[08/17 23:26:54][INFO] utils.logging:   91: {"RAM": "21.33/125.63 GB", "_type": "val_epoch", "epoch": "1", "gpu_mem": "1.79 GB", "top1_acc": 60.544001}
[08/17 23:26:54][INFO] utils.logging:   91: {"_type": "train_iter", "iter": "10000/30000", "loss": 2.442451, "lr": 0.001000, "top1_acc": 77.600001}
[08/17 23:28:14][INFO] utils.logging:   91: {"_type": "train_iter", "iter": "10200/30000", "loss": 2.546286, "lr": 0.001000, "top1_acc": 80.400001}
[08/17 23:29:33][INFO] utils.logging:   91: {"_type": "train_iter", "iter": "10400/30000", "loss": 2.631120, "lr": 0.001000, "top1_acc": 81.600001}
[08/17 23:30:52][INFO] utils.logging:   91: {"_type": "train_iter", "iter": "10600/30000", "loss": 2.380530, "lr": 0.001000, "top1_acc": 78.800001}
[08/17 23:32:10][INFO] utils.logging:   91: {"_type": "train_iter", "iter": "10800/30000", "loss": 2.439935, "lr": 0.001000, "top1_acc": 80.800001}
[08/17 23:33:29][INFO] utils.logging:   91: {"_type": "train_iter", "iter": "11000/30000", "loss": 2.508036, "lr": 0.001000, "top1_acc": 80.500001}
[08/17 23:34:47][INFO] utils.logging:   91: {"_type": "train_iter", "iter": "11200/30000", "loss": 2.299595, "lr": 0.001000, "top1_acc": 81.100001}
[08/17 23:36:06][INFO] utils.logging:   91: {"_type": "train_iter", "iter": "11400/30000", "loss": 2.188495, "lr": 0.001000, "top1_acc": 83.200001}
[08/17 23:37:25][INFO] utils.logging:   91: {"_type": "train_iter", "iter": "11600/30000", "loss": 2.273536, "lr": 0.001000, "top1_acc": 82.300001}
[08/17 23:37:57][INFO] datasets.base.few_shot_dataset:  409: Error at decoding. Vid index: 54100, Vid path: /mnt/data/yanyi2025/lrc/action_data/ssv2/videos/videos/96464.webm
[08/17 23:38:43][INFO] utils.logging:   91: {"_type": "train_iter", "iter": "11800/30000", "loss": 2.437904, "lr": 0.001000, "top1_acc": 78.500001}
[08/17 23:40:01][INFO] utils.logging:   91: {"_type": "train_iter", "iter": "12000/30000", "loss": 2.220782, "lr": 0.001000, "top1_acc": 81.500001}
[08/17 23:41:19][INFO] utils.logging:   91: {"_type": "train_iter", "iter": "12200/30000", "loss": 2.051201, "lr": 0.000500, "top1_acc": 82.300001}
[08/17 23:42:37][INFO] utils.logging:   91: {"_type": "train_iter", "iter": "12400/30000", "loss": 2.080492, "lr": 0.000500, "top1_acc": 82.700001}
[08/17 23:43:55][INFO] utils.logging:   91: {"_type": "train_iter", "iter": "12600/30000", "loss": 1.865429, "lr": 0.000500, "top1_acc": 83.500001}
[08/17 23:45:14][INFO] utils.logging:   91: {"_type": "train_iter", "iter": "12800/30000", "loss": 1.804139, "lr": 0.000500, "top1_acc": 84.300001}
[08/17 23:46:32][INFO] utils.logging:   91: {"_type": "train_iter", "iter": "13000/30000", "loss": 1.780900, "lr": 0.000500, "top1_acc": 81.800001}
[08/17 23:47:50][INFO] utils.logging:   91: {"_type": "train_iter", "iter": "13200/30000", "loss": 1.812647, "lr": 0.000500, "top1_acc": 84.300001}
[08/17 23:49:08][INFO] utils.logging:   91: {"_type": "train_iter", "iter": "13400/30000", "loss": 1.865487, "lr": 0.000500, "top1_acc": 85.100001}
[08/17 23:50:26][INFO] utils.logging:   91: {"_type": "train_iter", "iter": "13600/30000", "loss": 1.683451, "lr": 0.000500, "top1_acc": 87.300001}
[08/17 23:51:44][INFO] utils.logging:   91: {"_type": "train_iter", "iter": "13800/30000", "loss": 1.678382, "lr": 0.000500, "top1_acc": 86.200001}
[08/17 23:53:02][INFO] utils.logging:   91: {"_type": "train_iter", "iter": "14000/30000", "loss": 1.803993, "lr": 0.000500, "top1_acc": 84.200001}
[08/17 23:54:21][INFO] utils.logging:   91: {"_type": "train_iter", "iter": "14200/30000", "loss": 1.634889, "lr": 0.000500, "top1_acc": 84.600001}
[08/17 23:55:39][INFO] utils.logging:   91: {"_type": "train_iter", "iter": "14400/30000", "loss": 1.520324, "lr": 0.000500, "top1_acc": 87.300001}
[08/17 23:56:57][INFO] utils.logging:   91: {"_type": "train_iter", "iter": "14600/30000", "loss": 1.614632, "lr": 0.000500, "top1_acc": 87.300001}
[08/17 23:58:15][INFO] utils.logging:   91: {"_type": "train_iter", "iter": "14800/30000", "loss": 1.494507, "lr": 0.000500, "top1_acc": 86.900001}
[08/17 23:59:33][INFO] utils.logging:   91: {"_type": "train_iter", "iter": "15000/30000", "loss": 1.541372, "lr": 0.000500, "top1_acc": 86.200001}
[08/18 00:00:51][INFO] utils.logging:   91: {"_type": "train_iter", "iter": "15200/30000", "loss": 1.661226, "lr": 0.000500, "top1_acc": 85.100001}
[08/18 00:02:09][INFO] utils.logging:   91: {"_type": "train_iter", "iter": "15400/30000", "loss": 1.560381, "lr": 0.000500, "top1_acc": 86.800001}
[08/18 00:03:27][INFO] utils.logging:   91: {"_type": "train_iter", "iter": "15600/30000", "loss": 1.640488, "lr": 0.000500, "top1_acc": 84.000001}
[08/18 00:04:46][INFO] utils.logging:   91: {"_type": "train_iter", "iter": "15800/30000", "loss": 1.484712, "lr": 0.000500, "top1_acc": 87.700001}
[08/18 00:06:04][INFO] utils.logging:   91: {"_type": "train_iter", "iter": "16000/30000", "loss": 1.479872, "lr": 0.000500, "top1_acc": 85.500001}
[08/18 00:07:22][INFO] utils.logging:   91: {"_type": "train_iter", "iter": "16200/30000", "loss": 1.477071, "lr": 0.000500, "top1_acc": 86.100001}
[08/18 00:08:40][INFO] utils.logging:   91: {"_type": "train_iter", "iter": "16400/30000", "loss": 1.558966, "lr": 0.000500, "top1_acc": 86.400001}
[08/18 00:09:58][INFO] utils.logging:   91: {"_type": "train_iter", "iter": "16600/30000", "loss": 1.485917, "lr": 0.000500, "top1_acc": 87.800001}
[08/18 00:11:16][INFO] utils.logging:   91: {"_type": "train_iter", "iter": "16800/30000", "loss": 1.503757, "lr": 0.000500, "top1_acc": 86.700001}
[08/18 00:12:34][INFO] utils.logging:   91: {"_type": "train_iter", "iter": "17000/30000", "loss": 1.529234, "lr": 0.000500, "top1_acc": 84.400001}
[08/18 00:13:52][INFO] utils.logging:   91: {"_type": "train_iter", "iter": "17200/30000", "loss": 1.390311, "lr": 0.000500, "top1_acc": 89.200001}
[08/18 00:15:10][INFO] utils.logging:   91: {"_type": "train_iter", "iter": "17400/30000", "loss": 1.504639, "lr": 0.000500, "top1_acc": 87.900001}
[08/18 00:16:28][INFO] utils.logging:   91: {"_type": "train_iter", "iter": "17600/30000", "loss": 1.411453, "lr": 0.000500, "top1_acc": 87.400001}
[08/18 00:17:46][INFO] utils.logging:   91: {"_type": "train_iter", "iter": "17800/30000", "loss": 1.345041, "lr": 0.000500, "top1_acc": 87.600001}
[08/18 00:19:05][INFO] utils.logging:   91: {"_type": "train_iter", "iter": "18000/30000", "loss": 1.415615, "lr": 0.000500, "top1_acc": 87.000001}
[08/18 00:20:23][INFO] utils.logging:   91: {"_type": "train_iter", "iter": "18200/30000", "loss": 1.331199, "lr": 0.000100, "top1_acc": 88.900001}
[08/18 00:21:41][INFO] utils.logging:   91: {"_type": "train_iter", "iter": "18400/30000", "loss": 1.200991, "lr": 0.000100, "top1_acc": 88.800001}
[08/18 00:22:59][INFO] utils.logging:   91: {"_type": "train_iter", "iter": "18600/30000", "loss": 1.267440, "lr": 0.000100, "top1_acc": 88.200001}
[08/18 00:24:17][INFO] utils.logging:   91: {"_type": "train_iter", "iter": "18800/30000", "loss": 1.202604, "lr": 0.000100, "top1_acc": 90.100001}
[08/18 00:25:35][INFO] utils.logging:   91: {"_type": "train_iter", "iter": "19000/30000", "loss": 1.188450, "lr": 0.000100, "top1_acc": 88.600001}
[08/18 00:26:53][INFO] utils.logging:   91: {"_type": "train_iter", "iter": "19200/30000", "loss": 1.146446, "lr": 0.000100, "top1_acc": 89.700001}
[08/18 00:28:11][INFO] utils.logging:   91: {"_type": "train_iter", "iter": "19400/30000", "loss": 1.095657, "lr": 0.000100, "top1_acc": 89.400001}
[08/18 00:29:29][INFO] utils.logging:   91: {"_type": "train_iter", "iter": "19600/30000", "loss": 1.144249, "lr": 0.000100, "top1_acc": 89.900001}
[08/18 00:30:40][WARNING] datasets.base.few_shot_dataset:  240: Error at decoding. 1/5. Vid index: [147, 1189], Vid path: 7
[08/18 00:30:47][INFO] utils.logging:   91: {"_type": "train_iter", "iter": "19800/30000", "loss": 1.108823, "lr": 0.000100, "top1_acc": 91.300001}
[08/18 00:32:28][INFO] utils.logging:   91: {"_type": "val_iter", "gpu_mem": "1.79 GB", "iter": "200/10000", "top1_acc": 63.100001}
[08/18 00:32:51][INFO] utils.logging:   91: {"_type": "val_iter", "gpu_mem": "1.79 GB", "iter": "400/10000", "top1_acc": 66.600001}
[08/18 00:33:08][INFO] datasets.base.few_shot_dataset:  409: Error at decoding. Vid index: 2581, Vid path: /mnt/data/yanyi2025/lrc/action_data/ssv2/videos/videos/113474.webm
[08/18 00:33:14][INFO] utils.logging:   91: {"_type": "val_iter", "gpu_mem": "1.79 GB", "iter": "600/10000", "top1_acc": 65.800001}
[08/18 00:33:30][INFO] datasets.base.few_shot_dataset:  409: Error at decoding. Vid index: 2581, Vid path: /mnt/data/yanyi2025/lrc/action_data/ssv2/videos/videos/113474.webm
[08/18 00:33:37][INFO] utils.logging:   91: {"_type": "val_iter", "gpu_mem": "1.79 GB", "iter": "800/10000", "top1_acc": 64.200001}
[08/18 00:33:59][INFO] utils.logging:   91: {"_type": "val_iter", "gpu_mem": "1.79 GB", "iter": "1000/10000", "top1_acc": 66.700001}
[08/18 00:34:22][INFO] utils.logging:   91: {"_type": "val_iter", "gpu_mem": "1.79 GB", "iter": "1200/10000", "top1_acc": 64.600001}
[08/18 00:34:45][INFO] utils.logging:   91: {"_type": "val_iter", "gpu_mem": "1.79 GB", "iter": "1400/10000", "top1_acc": 63.700001}
[08/18 00:35:07][INFO] utils.logging:   91: {"_type": "val_iter", "gpu_mem": "1.79 GB", "iter": "1600/10000", "top1_acc": 66.700001}
[08/18 00:35:10][INFO] datasets.base.few_shot_dataset:  409: Error at decoding. Vid index: 2581, Vid path: /mnt/data/yanyi2025/lrc/action_data/ssv2/videos/videos/113474.webm
[08/18 00:35:30][INFO] utils.logging:   91: {"_type": "val_iter", "gpu_mem": "1.79 GB", "iter": "1800/10000", "top1_acc": 66.000001}
[08/18 00:35:53][INFO] utils.logging:   91: {"_type": "val_iter", "gpu_mem": "1.79 GB", "iter": "2000/10000", "top1_acc": 67.500001}
[08/18 00:36:15][INFO] utils.logging:   91: {"_type": "val_iter", "gpu_mem": "1.79 GB", "iter": "2200/10000", "top1_acc": 69.300001}
[08/18 00:36:38][INFO] utils.logging:   91: {"_type": "val_iter", "gpu_mem": "1.79 GB", "iter": "2400/10000", "top1_acc": 65.100001}
[08/18 00:37:01][INFO] utils.logging:   91: {"_type": "val_iter", "gpu_mem": "1.79 GB", "iter": "2600/10000", "top1_acc": 64.500001}
[08/18 00:37:15][WARNING] datasets.base.few_shot_dataset:  240: Error at decoding. 1/5. Vid index: [14, 185], Vid path: 9
[08/18 00:37:23][INFO] utils.logging:   91: {"_type": "val_iter", "gpu_mem": "1.79 GB", "iter": "2800/10000", "top1_acc": 65.300001}
[08/18 00:37:46][INFO] datasets.base.few_shot_dataset:  409: Error at decoding. Vid index: 2581, Vid path: /mnt/data/yanyi2025/lrc/action_data/ssv2/videos/videos/113474.webm
[08/18 00:37:46][INFO] utils.logging:   91: {"_type": "val_iter", "gpu_mem": "1.79 GB", "iter": "3000/10000", "top1_acc": 65.400002}
[08/18 00:37:54][WARNING] datasets.base.few_shot_dataset:  240: Error at decoding. 1/5. Vid index: [75, 185], Vid path: 9
[08/18 00:38:09][INFO] utils.logging:   91: {"_type": "val_iter", "gpu_mem": "1.79 GB", "iter": "3200/10000", "top1_acc": 68.000001}
[08/18 00:38:32][INFO] utils.logging:   91: {"_type": "val_iter", "gpu_mem": "1.79 GB", "iter": "3400/10000", "top1_acc": 64.300001}
[08/18 00:38:54][INFO] utils.logging:   91: {"_type": "val_iter", "gpu_mem": "1.79 GB", "iter": "3600/10000", "top1_acc": 66.800001}
[08/18 00:39:17][INFO] utils.logging:   91: {"_type": "val_iter", "gpu_mem": "1.79 GB", "iter": "3800/10000", "top1_acc": 65.700001}
[08/18 00:39:40][INFO] utils.logging:   91: {"_type": "val_iter", "gpu_mem": "1.79 GB", "iter": "4000/10000", "top1_acc": 67.100001}
[08/18 00:40:03][INFO] utils.logging:   91: {"_type": "val_iter", "gpu_mem": "1.79 GB", "iter": "4200/10000", "top1_acc": 63.900001}
[08/18 00:40:24][INFO] datasets.base.few_shot_dataset:  409: Error at decoding. Vid index: 2581, Vid path: /mnt/data/yanyi2025/lrc/action_data/ssv2/videos/videos/113474.webm
[08/18 00:40:25][INFO] utils.logging:   91: {"_type": "val_iter", "gpu_mem": "1.79 GB", "iter": "4400/10000", "top1_acc": 65.400001}
[08/18 00:40:48][INFO] utils.logging:   91: {"_type": "val_iter", "gpu_mem": "1.79 GB", "iter": "4600/10000", "top1_acc": 67.200002}
[08/18 00:41:10][INFO] utils.logging:   91: {"_type": "val_iter", "gpu_mem": "1.79 GB", "iter": "4800/10000", "top1_acc": 64.100001}
[08/18 00:41:16][WARNING] datasets.base.few_shot_dataset:  240: Error at decoding. 1/5. Vid index: [64, 185], Vid path: 9
[08/18 00:41:24][WARNING] datasets.base.few_shot_dataset:  240: Error at decoding. 1/5. Vid index: [185, 188], Vid path: 9
[08/18 00:41:33][INFO] utils.logging:   91: {"_type": "val_iter", "gpu_mem": "1.79 GB", "iter": "5000/10000", "top1_acc": 66.900001}
[08/18 00:41:42][WARNING] datasets.base.few_shot_dataset:  240: Error at decoding. 1/5. Vid index: [72, 185], Vid path: 9
[08/18 00:41:49][WARNING] datasets.base.few_shot_dataset:  240: Error at decoding. 1/5. Vid index: [165, 185], Vid path: 9
[08/18 00:41:56][INFO] utils.logging:   91: {"_type": "val_iter", "gpu_mem": "1.79 GB", "iter": "5200/10000", "top1_acc": 67.600001}
[08/18 00:42:18][WARNING] datasets.base.few_shot_dataset:  240: Error at decoding. 1/5. Vid index: [185, 148], Vid path: 9
[08/18 00:42:18][INFO] utils.logging:   91: {"_type": "val_iter", "gpu_mem": "1.79 GB", "iter": "5400/10000", "top1_acc": 64.700001}
[08/18 00:42:41][INFO] utils.logging:   91: {"_type": "val_iter", "gpu_mem": "1.79 GB", "iter": "5600/10000", "top1_acc": 62.100001}
[08/18 00:43:04][INFO] utils.logging:   91: {"_type": "val_iter", "gpu_mem": "1.79 GB", "iter": "5800/10000", "top1_acc": 64.800001}
[08/18 00:43:15][WARNING] datasets.base.few_shot_dataset:  240: Error at decoding. 1/5. Vid index: [3, 185], Vid path: 9
[08/18 00:43:26][INFO] utils.logging:   91: {"_type": "val_iter", "gpu_mem": "1.79 GB", "iter": "6000/10000", "top1_acc": 64.100001}
[08/18 00:43:49][INFO] utils.logging:   91: {"_type": "val_iter", "gpu_mem": "1.79 GB", "iter": "6200/10000", "top1_acc": 65.300001}
[08/18 00:44:12][INFO] utils.logging:   91: {"_type": "val_iter", "gpu_mem": "1.79 GB", "iter": "6400/10000", "top1_acc": 64.800002}
[08/18 00:44:32][INFO] datasets.base.few_shot_dataset:  409: Error at decoding. Vid index: 2581, Vid path: /mnt/data/yanyi2025/lrc/action_data/ssv2/videos/videos/113474.webm
[08/18 00:44:34][INFO] utils.logging:   91: {"_type": "val_iter", "gpu_mem": "1.79 GB", "iter": "6600/10000", "top1_acc": 67.600001}
[08/18 00:44:38][INFO] datasets.base.few_shot_dataset:  409: Error at decoding. Vid index: 2581, Vid path: /mnt/data/yanyi2025/lrc/action_data/ssv2/videos/videos/113474.webm
[08/18 00:44:40][WARNING] datasets.base.few_shot_dataset:  240: Error at decoding. 1/5. Vid index: [185, 162], Vid path: 9
[08/18 00:44:57][INFO] utils.logging:   91: {"_type": "val_iter", "gpu_mem": "1.79 GB", "iter": "6800/10000", "top1_acc": 64.000001}
[08/18 00:45:06][WARNING] datasets.base.few_shot_dataset:  240: Error at decoding. 1/5. Vid index: [185, 25], Vid path: 9
[08/18 00:45:09][WARNING] datasets.base.few_shot_dataset:  240: Error at decoding. 1/5. Vid index: [185, 40], Vid path: 9
[08/18 00:45:20][INFO] utils.logging:   91: {"_type": "val_iter", "gpu_mem": "1.79 GB", "iter": "7000/10000", "top1_acc": 66.500001}
[08/18 00:45:43][INFO] utils.logging:   91: {"_type": "val_iter", "gpu_mem": "1.79 GB", "iter": "7200/10000", "top1_acc": 65.900001}
[08/18 00:46:06][INFO] utils.logging:   91: {"_type": "val_iter", "gpu_mem": "1.79 GB", "iter": "7400/10000", "top1_acc": 64.900001}
[08/18 00:46:28][INFO] utils.logging:   91: {"_type": "val_iter", "gpu_mem": "1.79 GB", "iter": "7600/10000", "top1_acc": 65.600001}
[08/18 00:46:51][INFO] utils.logging:   91: {"_type": "val_iter", "gpu_mem": "1.79 GB", "iter": "7800/10000", "top1_acc": 63.600001}
[08/18 00:47:14][INFO] utils.logging:   91: {"_type": "val_iter", "gpu_mem": "1.79 GB", "iter": "8000/10000", "top1_acc": 66.400001}
[08/18 00:47:37][INFO] utils.logging:   91: {"_type": "val_iter", "gpu_mem": "1.79 GB", "iter": "8200/10000", "top1_acc": 65.800001}
[08/18 00:47:59][INFO] utils.logging:   91: {"_type": "val_iter", "gpu_mem": "1.79 GB", "iter": "8400/10000", "top1_acc": 65.400001}
[08/18 00:48:14][WARNING] datasets.base.few_shot_dataset:  240: Error at decoding. 1/5. Vid index: [185, 130], Vid path: 9
[08/18 00:48:22][INFO] utils.logging:   91: {"_type": "val_iter", "gpu_mem": "1.79 GB", "iter": "8600/10000", "top1_acc": 63.600001}
[08/18 00:48:44][WARNING] datasets.base.few_shot_dataset:  240: Error at decoding. 1/5. Vid index: [185, 86], Vid path: 9
[08/18 00:48:45][INFO] utils.logging:   91: {"_type": "val_iter", "gpu_mem": "1.79 GB", "iter": "8800/10000", "top1_acc": 67.300001}
[08/18 00:49:08][INFO] utils.logging:   91: {"_type": "val_iter", "gpu_mem": "1.79 GB", "iter": "9000/10000", "top1_acc": 67.400001}
[08/18 00:49:22][WARNING] datasets.base.few_shot_dataset:  240: Error at decoding. 1/5. Vid index: [185, 13], Vid path: 9
[08/18 00:49:30][INFO] utils.logging:   91: {"_type": "val_iter", "gpu_mem": "1.79 GB", "iter": "9200/10000", "top1_acc": 64.200001}
[08/18 00:49:53][INFO] utils.logging:   91: {"_type": "val_iter", "gpu_mem": "1.79 GB", "iter": "9400/10000", "top1_acc": 68.700001}
[08/18 00:50:16][INFO] utils.logging:   91: {"_type": "val_iter", "gpu_mem": "1.79 GB", "iter": "9600/10000", "top1_acc": 66.500001}
[08/18 00:50:39][INFO] utils.logging:   91: {"_type": "val_iter", "gpu_mem": "1.79 GB", "iter": "9800/10000", "top1_acc": 64.700001}
[08/18 00:50:54][WARNING] datasets.base.few_shot_dataset:  240: Error at decoding. 1/5. Vid index: [185, 136], Vid path: 9
[08/18 00:51:01][INFO] utils.logging:   91: {"_type": "val_iter", "gpu_mem": "1.79 GB", "iter": "10000/10000", "top1_acc": 66.100001}
[08/18 00:51:02][INFO] utils.logging:   91: {"RAM": "21.30/125.63 GB", "_type": "val_epoch", "epoch": "2", "gpu_mem": "1.79 GB", "top1_acc": 65.630001}
[08/18 00:51:02][INFO] utils.logging:   91: {"_type": "train_iter", "iter": "20000/30000", "loss": 1.231936, "lr": 0.000100, "top1_acc": 88.100001}
[08/18 00:52:21][INFO] utils.logging:   91: {"_type": "train_iter", "iter": "20200/30000", "loss": 1.112113, "lr": 0.000100, "top1_acc": 90.400001}
[08/18 00:53:39][INFO] utils.logging:   91: {"_type": "train_iter", "iter": "20400/30000", "loss": 1.092147, "lr": 0.000100, "top1_acc": 90.100001}
[08/18 00:54:57][INFO] utils.logging:   91: {"_type": "train_iter", "iter": "20600/30000", "loss": 1.108275, "lr": 0.000100, "top1_acc": 88.400001}
[08/18 00:56:15][INFO] utils.logging:   91: {"_type": "train_iter", "iter": "20800/30000", "loss": 1.137549, "lr": 0.000100, "top1_acc": 89.300001}
[08/18 00:57:33][INFO] utils.logging:   91: {"_type": "train_iter", "iter": "21000/30000", "loss": 1.060970, "lr": 0.000100, "top1_acc": 90.900001}
[08/18 00:58:51][INFO] utils.logging:   91: {"_type": "train_iter", "iter": "21200/30000", "loss": 1.031664, "lr": 0.000100, "top1_acc": 87.400001}
[08/18 01:00:09][INFO] utils.logging:   91: {"_type": "train_iter", "iter": "21400/30000", "loss": 1.043867, "lr": 0.000100, "top1_acc": 88.500001}
[08/18 01:01:27][INFO] utils.logging:   91: {"_type": "train_iter", "iter": "21600/30000", "loss": 0.920254, "lr": 0.000100, "top1_acc": 91.800001}
[08/18 01:02:45][INFO] utils.logging:   91: {"_type": "train_iter", "iter": "21800/30000", "loss": 1.008338, "lr": 0.000100, "top1_acc": 89.000001}
[08/18 01:04:03][INFO] utils.logging:   91: {"_type": "train_iter", "iter": "22000/30000", "loss": 1.045165, "lr": 0.000100, "top1_acc": 89.700001}
[08/18 01:05:21][INFO] utils.logging:   91: {"_type": "train_iter", "iter": "22200/30000", "loss": 1.022531, "lr": 0.000100, "top1_acc": 89.100001}
[08/18 01:06:39][INFO] utils.logging:   91: {"_type": "train_iter", "iter": "22400/30000", "loss": 0.941857, "lr": 0.000100, "top1_acc": 89.500001}
[08/18 01:07:57][INFO] utils.logging:   91: {"_type": "train_iter", "iter": "22600/30000", "loss": 1.031932, "lr": 0.000100, "top1_acc": 89.500001}
[08/18 01:09:15][INFO] utils.logging:   91: {"_type": "train_iter", "iter": "22800/30000", "loss": 0.934836, "lr": 0.000100, "top1_acc": 91.000001}
[08/18 01:10:33][INFO] utils.logging:   91: {"_type": "train_iter", "iter": "23000/30000", "loss": 1.158760, "lr": 0.000100, "top1_acc": 88.300001}
[08/18 01:11:51][INFO] utils.logging:   91: {"_type": "train_iter", "iter": "23200/30000", "loss": 0.925740, "lr": 0.000100, "top1_acc": 91.500001}
[08/18 01:13:09][INFO] utils.logging:   91: {"_type": "train_iter", "iter": "23400/30000", "loss": 0.954236, "lr": 0.000100, "top1_acc": 91.000001}
[08/18 01:14:27][INFO] utils.logging:   91: {"_type": "train_iter", "iter": "23600/30000", "loss": 0.917358, "lr": 0.000100, "top1_acc": 90.700001}
[08/18 01:15:46][INFO] utils.logging:   91: {"_type": "train_iter", "iter": "23800/30000", "loss": 1.050630, "lr": 0.000100, "top1_acc": 89.600001}
[08/18 01:17:04][INFO] utils.logging:   91: {"_type": "train_iter", "iter": "24000/30000", "loss": 0.981815, "lr": 0.000100, "top1_acc": 90.300001}
[08/18 01:18:22][INFO] utils.logging:   91: {"_type": "train_iter", "iter": "24200/30000", "loss": 0.950565, "lr": 0.000050, "top1_acc": 90.600001}
[08/18 01:19:40][INFO] utils.logging:   91: {"_type": "train_iter", "iter": "24400/30000", "loss": 1.043870, "lr": 0.000050, "top1_acc": 88.700001}
[08/18 01:20:58][INFO] utils.logging:   91: {"_type": "train_iter", "iter": "24600/30000", "loss": 0.858559, "lr": 0.000050, "top1_acc": 90.600001}
[08/18 01:22:16][INFO] utils.logging:   91: {"_type": "train_iter", "iter": "24800/30000", "loss": 1.052737, "lr": 0.000050, "top1_acc": 90.000001}
[08/18 01:23:34][INFO] utils.logging:   91: {"_type": "train_iter", "iter": "25000/30000", "loss": 1.041089, "lr": 0.000050, "top1_acc": 89.500001}
[08/18 01:24:52][INFO] utils.logging:   91: {"_type": "train_iter", "iter": "25200/30000", "loss": 0.988520, "lr": 0.000050, "top1_acc": 91.100001}
[08/18 01:26:10][INFO] utils.logging:   91: {"_type": "train_iter", "iter": "25400/30000", "loss": 0.878222, "lr": 0.000050, "top1_acc": 91.200001}
[08/18 01:27:28][INFO] utils.logging:   91: {"_type": "train_iter", "iter": "25600/30000", "loss": 1.053517, "lr": 0.000050, "top1_acc": 90.300001}
[08/18 01:28:46][INFO] utils.logging:   91: {"_type": "train_iter", "iter": "25800/30000", "loss": 0.936067, "lr": 0.000050, "top1_acc": 90.600001}
[08/18 01:30:04][INFO] utils.logging:   91: {"_type": "train_iter", "iter": "26000/30000", "loss": 0.991101, "lr": 0.000050, "top1_acc": 90.600001}
[08/18 01:31:22][INFO] utils.logging:   91: {"_type": "train_iter", "iter": "26200/30000", "loss": 0.962740, "lr": 0.000050, "top1_acc": 90.200001}
[08/18 01:32:40][INFO] utils.logging:   91: {"_type": "train_iter", "iter": "26400/30000", "loss": 0.943053, "lr": 0.000050, "top1_acc": 89.300001}
[08/18 01:33:58][INFO] utils.logging:   91: {"_type": "train_iter", "iter": "26600/30000", "loss": 0.807433, "lr": 0.000050, "top1_acc": 91.300001}
[08/18 01:35:16][INFO] utils.logging:   91: {"_type": "train_iter", "iter": "26800/30000", "loss": 0.868123, "lr": 0.000050, "top1_acc": 90.700001}
[08/18 01:36:34][INFO] utils.logging:   91: {"_type": "train_iter", "iter": "27000/30000", "loss": 0.871286, "lr": 0.000050, "top1_acc": 92.300001}
[08/18 01:37:52][INFO] utils.logging:   91: {"_type": "train_iter", "iter": "27200/30000", "loss": 0.861823, "lr": 0.000050, "top1_acc": 91.400001}
[08/18 01:39:10][INFO] utils.logging:   91: {"_type": "train_iter", "iter": "27400/30000", "loss": 0.939916, "lr": 0.000050, "top1_acc": 89.700001}
[08/18 01:40:28][INFO] utils.logging:   91: {"_type": "train_iter", "iter": "27600/30000", "loss": 0.872234, "lr": 0.000050, "top1_acc": 91.600001}
[08/18 01:41:47][INFO] utils.logging:   91: {"_type": "train_iter", "iter": "27800/30000", "loss": 0.850858, "lr": 0.000050, "top1_acc": 92.100001}
[08/18 01:43:05][INFO] utils.logging:   91: {"_type": "train_iter", "iter": "28000/30000", "loss": 0.846117, "lr": 0.000050, "top1_acc": 91.900001}
[08/18 01:44:23][INFO] utils.logging:   91: {"_type": "train_iter", "iter": "28200/30000", "loss": 0.951185, "lr": 0.000050, "top1_acc": 91.700001}
[08/18 01:45:41][INFO] utils.logging:   91: {"_type": "train_iter", "iter": "28400/30000", "loss": 0.947715, "lr": 0.000050, "top1_acc": 89.400001}
[08/18 01:46:59][INFO] utils.logging:   91: {"_type": "train_iter", "iter": "28600/30000", "loss": 0.938257, "lr": 0.000050, "top1_acc": 90.100001}
[08/18 01:48:17][INFO] utils.logging:   91: {"_type": "train_iter", "iter": "28800/30000", "loss": 0.978096, "lr": 0.000050, "top1_acc": 89.400001}
[08/18 01:49:35][INFO] utils.logging:   91: {"_type": "train_iter", "iter": "29000/30000", "loss": 1.094541, "lr": 0.000050, "top1_acc": 89.700001}
[08/18 01:50:53][INFO] utils.logging:   91: {"_type": "train_iter", "iter": "29200/30000", "loss": 0.847651, "lr": 0.000050, "top1_acc": 91.400001}
[08/18 01:52:11][INFO] utils.logging:   91: {"_type": "train_iter", "iter": "29400/30000", "loss": 0.807875, "lr": 0.000050, "top1_acc": 90.200001}
[08/18 01:53:29][INFO] utils.logging:   91: {"_type": "train_iter", "iter": "29600/30000", "loss": 0.836591, "lr": 0.000050, "top1_acc": 91.800001}
[08/18 01:54:47][INFO] utils.logging:   91: {"_type": "train_iter", "iter": "29800/30000", "loss": 0.809007, "lr": 0.000050, "top1_acc": 91.700001}
[08/18 01:56:16][INFO] datasets.base.few_shot_dataset:  409: Error at decoding. Vid index: 2581, Vid path: /mnt/data/yanyi2025/lrc/action_data/ssv2/videos/videos/113474.webm
[08/18 01:56:28][INFO] utils.logging:   91: {"_type": "val_iter", "gpu_mem": "1.79 GB", "iter": "200/10000", "top1_acc": 68.800001}
[08/18 01:56:51][INFO] utils.logging:   91: {"_type": "val_iter", "gpu_mem": "1.79 GB", "iter": "400/10000", "top1_acc": 66.500001}
[08/18 01:57:14][INFO] utils.logging:   91: {"_type": "val_iter", "gpu_mem": "1.79 GB", "iter": "600/10000", "top1_acc": 64.200001}
[08/18 01:57:17][INFO] datasets.base.few_shot_dataset:  409: Error at decoding. Vid index: 2581, Vid path: /mnt/data/yanyi2025/lrc/action_data/ssv2/videos/videos/113474.webm
[08/18 01:57:36][INFO] utils.logging:   91: {"_type": "val_iter", "gpu_mem": "1.79 GB", "iter": "800/10000", "top1_acc": 66.300001}
[08/18 01:57:59][INFO] utils.logging:   91: {"_type": "val_iter", "gpu_mem": "1.79 GB", "iter": "1000/10000", "top1_acc": 68.000001}
[08/18 01:58:22][INFO] utils.logging:   91: {"_type": "val_iter", "gpu_mem": "1.79 GB", "iter": "1200/10000", "top1_acc": 67.000001}
[08/18 01:58:29][INFO] datasets.base.few_shot_dataset:  409: Error at decoding. Vid index: 2581, Vid path: /mnt/data/yanyi2025/lrc/action_data/ssv2/videos/videos/113474.webm
[08/18 01:58:44][INFO] utils.logging:   91: {"_type": "val_iter", "gpu_mem": "1.79 GB", "iter": "1400/10000", "top1_acc": 65.900001}
[08/18 01:59:07][INFO] utils.logging:   91: {"_type": "val_iter", "gpu_mem": "1.79 GB", "iter": "1600/10000", "top1_acc": 68.300001}
[08/18 01:59:30][INFO] utils.logging:   91: {"_type": "val_iter", "gpu_mem": "1.79 GB", "iter": "1800/10000", "top1_acc": 68.000001}
[08/18 01:59:53][INFO] utils.logging:   91: {"_type": "val_iter", "gpu_mem": "1.79 GB", "iter": "2000/10000", "top1_acc": 67.400001}
[08/18 02:00:03][WARNING] datasets.base.few_shot_dataset:  240: Error at decoding. 1/5. Vid index: [185, 109], Vid path: 9
[08/18 02:00:13][INFO] datasets.base.few_shot_dataset:  409: Error at decoding. Vid index: 2581, Vid path: /mnt/data/yanyi2025/lrc/action_data/ssv2/videos/videos/113474.webm
[08/18 02:00:15][INFO] utils.logging:   91: {"_type": "val_iter", "gpu_mem": "1.79 GB", "iter": "2200/10000", "top1_acc": 66.500001}
[08/18 02:00:23][INFO] datasets.base.few_shot_dataset:  409: Error at decoding. Vid index: 2581, Vid path: /mnt/data/yanyi2025/lrc/action_data/ssv2/videos/videos/113474.webm
[08/18 02:00:38][INFO] utils.logging:   91: {"_type": "val_iter", "gpu_mem": "1.79 GB", "iter": "2400/10000", "top1_acc": 66.500001}
[08/18 02:01:01][INFO] utils.logging:   91: {"_type": "val_iter", "gpu_mem": "1.79 GB", "iter": "2600/10000", "top1_acc": 66.100001}
[08/18 02:01:23][INFO] utils.logging:   91: {"_type": "val_iter", "gpu_mem": "1.79 GB", "iter": "2800/10000", "top1_acc": 66.400001}
[08/18 02:01:46][INFO] utils.logging:   91: {"_type": "val_iter", "gpu_mem": "1.79 GB", "iter": "3000/10000", "top1_acc": 65.900001}
[08/18 02:02:10][INFO] utils.logging:   91: {"_type": "val_iter", "gpu_mem": "1.79 GB", "iter": "3200/10000", "top1_acc": 66.000001}
[08/18 02:02:16][WARNING] datasets.base.few_shot_dataset:  240: Error at decoding. 1/5. Vid index: [185, 87], Vid path: 9
[08/18 02:02:33][INFO] utils.logging:   91: {"_type": "val_iter", "gpu_mem": "1.79 GB", "iter": "3400/10000", "top1_acc": 66.500001}
[08/18 02:02:55][INFO] utils.logging:   91: {"_type": "val_iter", "gpu_mem": "1.79 GB", "iter": "3600/10000", "top1_acc": 66.800001}
[08/18 02:03:14][WARNING] datasets.base.few_shot_dataset:  240: Error at decoding. 1/5. Vid index: [185, 89], Vid path: 9
[08/18 02:03:18][INFO] utils.logging:   91: {"_type": "val_iter", "gpu_mem": "1.79 GB", "iter": "3800/10000", "top1_acc": 67.400001}
[08/18 02:03:34][INFO] datasets.base.few_shot_dataset:  409: Error at decoding. Vid index: 2581, Vid path: /mnt/data/yanyi2025/lrc/action_data/ssv2/videos/videos/113474.webm
[08/18 02:03:40][INFO] utils.logging:   91: {"_type": "val_iter", "gpu_mem": "1.79 GB", "iter": "4000/10000", "top1_acc": 63.700001}
[08/18 02:04:03][INFO] utils.logging:   91: {"_type": "val_iter", "gpu_mem": "1.79 GB", "iter": "4200/10000", "top1_acc": 66.200001}
[08/18 02:04:26][INFO] utils.logging:   91: {"_type": "val_iter", "gpu_mem": "1.79 GB", "iter": "4400/10000", "top1_acc": 68.200001}
[08/18 02:04:48][INFO] utils.logging:   91: {"_type": "val_iter", "gpu_mem": "1.79 GB", "iter": "4600/10000", "top1_acc": 63.000001}
[08/18 02:05:11][INFO] utils.logging:   91: {"_type": "val_iter", "gpu_mem": "1.79 GB", "iter": "4800/10000", "top1_acc": 67.000001}
[08/18 02:05:34][INFO] utils.logging:   91: {"_type": "val_iter", "gpu_mem": "1.79 GB", "iter": "5000/10000", "top1_acc": 67.000001}
[08/18 02:05:55][WARNING] datasets.base.few_shot_dataset:  240: Error at decoding. 1/5. Vid index: [185, 155], Vid path: 9
[08/18 02:05:56][INFO] utils.logging:   91: {"_type": "val_iter", "gpu_mem": "1.79 GB", "iter": "5200/10000", "top1_acc": 66.900001}
[08/18 02:06:19][INFO] utils.logging:   91: {"_type": "val_iter", "gpu_mem": "1.79 GB", "iter": "5400/10000", "top1_acc": 67.300001}
[08/18 02:06:41][INFO] utils.logging:   91: {"_type": "val_iter", "gpu_mem": "1.79 GB", "iter": "5600/10000", "top1_acc": 64.500001}
[08/18 02:07:04][INFO] utils.logging:   91: {"_type": "val_iter", "gpu_mem": "1.79 GB", "iter": "5800/10000", "top1_acc": 66.000001}
[08/18 02:07:04][INFO] datasets.base.few_shot_dataset:  409: Error at decoding. Vid index: 2581, Vid path: /mnt/data/yanyi2025/lrc/action_data/ssv2/videos/videos/113474.webm
[08/18 02:07:25][WARNING] datasets.base.few_shot_dataset:  240: Error at decoding. 1/5. Vid index: [172, 185], Vid path: 9
[08/18 02:07:27][INFO] utils.logging:   91: {"_type": "val_iter", "gpu_mem": "1.79 GB", "iter": "6000/10000", "top1_acc": 65.100002}
[08/18 02:07:32][WARNING] datasets.base.few_shot_dataset:  240: Error at decoding. 1/5. Vid index: [185, 119], Vid path: 9
[08/18 02:07:49][INFO] utils.logging:   91: {"_type": "val_iter", "gpu_mem": "1.79 GB", "iter": "6200/10000", "top1_acc": 63.200002}
[08/18 02:08:12][INFO] utils.logging:   91: {"_type": "val_iter", "gpu_mem": "1.79 GB", "iter": "6400/10000", "top1_acc": 64.800001}
[08/18 02:08:19][INFO] datasets.base.few_shot_dataset:  409: Error at decoding. Vid index: 2581, Vid path: /mnt/data/yanyi2025/lrc/action_data/ssv2/videos/videos/113474.webm
[08/18 02:08:35][INFO] utils.logging:   91: {"_type": "val_iter", "gpu_mem": "1.79 GB", "iter": "6600/10000", "top1_acc": 66.600002}
[08/18 02:08:58][INFO] utils.logging:   91: {"_type": "val_iter", "gpu_mem": "1.79 GB", "iter": "6800/10000", "top1_acc": 63.400001}
[08/18 02:09:16][WARNING] datasets.base.few_shot_dataset:  240: Error at decoding. 1/5. Vid index: [185, 155], Vid path: 9
[08/18 02:09:17][WARNING] datasets.base.few_shot_dataset:  240: Error at decoding. 1/5. Vid index: [143, 185], Vid path: 9
[08/18 02:09:20][INFO] utils.logging:   91: {"_type": "val_iter", "gpu_mem": "1.79 GB", "iter": "7000/10000", "top1_acc": 67.800001}
[08/18 02:09:22][WARNING] datasets.base.few_shot_dataset:  240: Error at decoding. 1/5. Vid index: [185, 155], Vid path: 9
[08/18 02:09:43][INFO] utils.logging:   91: {"_type": "val_iter", "gpu_mem": "1.79 GB", "iter": "7200/10000", "top1_acc": 62.800001}
[08/18 02:10:03][WARNING] datasets.base.few_shot_dataset:  240: Error at decoding. 1/5. Vid index: [185, 69], Vid path: 9
[08/18 02:10:06][INFO] utils.logging:   91: {"_type": "val_iter", "gpu_mem": "1.79 GB", "iter": "7400/10000", "top1_acc": 65.200001}
[08/18 02:10:29][INFO] utils.logging:   91: {"_type": "val_iter", "gpu_mem": "1.79 GB", "iter": "7600/10000", "top1_acc": 66.700002}
[08/18 02:10:51][INFO] utils.logging:   91: {"_type": "val_iter", "gpu_mem": "1.79 GB", "iter": "7800/10000", "top1_acc": 70.800001}
[08/18 02:11:14][INFO] utils.logging:   91: {"_type": "val_iter", "gpu_mem": "1.79 GB", "iter": "8000/10000", "top1_acc": 67.300002}
[08/18 02:11:36][INFO] utils.logging:   91: {"_type": "val_iter", "gpu_mem": "1.79 GB", "iter": "8200/10000", "top1_acc": 65.800001}
[08/18 02:11:59][INFO] utils.logging:   91: {"_type": "val_iter", "gpu_mem": "1.79 GB", "iter": "8400/10000", "top1_acc": 65.100001}
[08/18 02:12:22][INFO] utils.logging:   91: {"_type": "val_iter", "gpu_mem": "1.79 GB", "iter": "8600/10000", "top1_acc": 67.300001}
[08/18 02:12:38][WARNING] datasets.base.few_shot_dataset:  240: Error at decoding. 1/5. Vid index: [185, 180], Vid path: 9
[08/18 02:12:44][INFO] utils.logging:   91: {"_type": "val_iter", "gpu_mem": "1.79 GB", "iter": "8800/10000", "top1_acc": 64.800001}
[08/18 02:12:56][WARNING] datasets.base.few_shot_dataset:  240: Error at decoding. 1/5. Vid index: [3, 185], Vid path: 9
[08/18 02:13:07][INFO] utils.logging:   91: {"_type": "val_iter", "gpu_mem": "1.79 GB", "iter": "9000/10000", "top1_acc": 62.300001}
[08/18 02:13:18][WARNING] datasets.base.few_shot_dataset:  240: Error at decoding. 1/5. Vid index: [57, 185], Vid path: 9
[08/18 02:13:30][INFO] utils.logging:   91: {"_type": "val_iter", "gpu_mem": "1.79 GB", "iter": "9200/10000", "top1_acc": 68.100001}
[08/18 02:13:48][WARNING] datasets.base.few_shot_dataset:  240: Error at decoding. 1/5. Vid index: [106, 185], Vid path: 9
[08/18 02:13:52][INFO] utils.logging:   91: {"_type": "val_iter", "gpu_mem": "1.79 GB", "iter": "9400/10000", "top1_acc": 64.500001}
[08/18 02:14:15][INFO] utils.logging:   91: {"_type": "val_iter", "gpu_mem": "1.79 GB", "iter": "9600/10000", "top1_acc": 65.400001}
[08/18 02:14:28][WARNING] datasets.base.few_shot_dataset:  240: Error at decoding. 1/5. Vid index: [185, 54], Vid path: 9
[08/18 02:14:38][INFO] utils.logging:   91: {"_type": "val_iter", "gpu_mem": "1.79 GB", "iter": "9800/10000", "top1_acc": 66.000001}
[08/18 02:15:00][INFO] utils.logging:   91: {"_type": "val_iter", "gpu_mem": "1.79 GB", "iter": "10000/10000", "top1_acc": 66.300001}
[08/18 02:15:01][INFO] utils.logging:   91: {"RAM": "21.27/125.63 GB", "_type": "val_epoch", "epoch": "3", "gpu_mem": "1.79 GB", "top1_acc": 66.152001}
[08/18 02:15:01][INFO] utils.logging:   91: {"_type": "train_iter", "iter": "30000/30000", "loss": 0.839818, "lr": 0.000050, "top1_acc": 90.900001}
[08/18 02:15:01][INFO] utils.logging:   91: {"RAM": "17.44/125.63 GB", "_type": "train_epoch", "epoch": "10", "gpu_mem": "1.79 GB", "loss": 2.475469, "lr": 0.000050, "top1_acc": 81.324668}
