[08/25 09:29:05][INFO] train_net_few_shot:  293: Train with config:
[08/25 09:29:05][INFO] train_net_few_shot:  294: {
  "TASK_TYPE": "few_shot_action",
  "PRETRAIN": {
    "ENABLE": false
  },
  "LOCALIZATION": {
    "ENABLE": false
  },
  "TRAIN": {
    "ENABLE": true,
    "DATASET": "SSv2-Full",
    "BATCH_SIZE": 1,
    "LOG_FILE": "train.log",
    "EVAL_PERIOD": 2,
    "NUM_FOLDS": 1,
    "AUTO_RESUME": false,
    "CHECKPOINT_PERIOD": 10,
    "CHECKPOINT_FILE_PATH": "",
    "CHECKPOINT_TYPE": "pytorch",
    "CHECKPOINT_INFLATE": false,
    "CHECKPOINT_PRE_PROCESS": {
      "ENABLE": false
    },
    "FINE_TUNE": true,
    "ONLY_LINEAR": false,
    "LR_REDUCE": false,
    "TRAIN_VAL_COMBINE": false,
    "LOSS_FUNC": "cross_entropy",
    "USE_CLASSIFICATION_VALUE": 2.0,
    "GRADIENT_CHECKPOINT": true,
    "NUM_CLASS": 64,
    "META_BATCH": true,
    "WAY": 5,
    "SHOT": 1,
    "QUERY_PER_CLASS": 1,
    "QUERY_PER_CLASS_TEST": 1,
    "NUM_TRAIN_TASKS": 30000,
    "NUM_TEST_TASKS": 10000,
    "VAL_FRE_ITER": 10000,
    "BATCH_SIZE_PER_TASK": 4,
    "NORMALIZE_ACCUMULATED_GRADIENTS": false
  },
  "TEST": {
    "ENABLE": true,
    "DATASET": "SSv2-Full",
    "BATCH_SIZE": 1,
    "NUM_SPATIAL_CROPS": 1,
    "SPATIAL_CROPS": "cctltr",
    "NUM_ENSEMBLE_VIEWS": 1,
    "LOG_FILE": "test.log",
    "CHECKPOINT_FILE_PATH": "",
    "CHECKPOINT_TYPE": "pytorch",
    "AUTOMATIC_MULTI_SCALE_TEST": false,
    "TEST_SET": "val",
    "UPLOAD_CLASSIFIER_RESULTS": true,
    "SHOT": [
      1,
      5
    ],
    "EPISODE_SEED": 2026
  },
  "VISUALIZATION": {
    "ENABLE": false,
    "NAME": "",
    "FEATURE_MAPS": {
      "ENABLE": false,
      "BASE_OUTPUT_DIR": ""
    }
  },
  "SUBMISSION": {
    "ENABLE": false,
    "SAVE_RESULTS_PATH": "test.json"
  },
  "DATA": {
    "DATA_ROOT_DIR": "/mnt/data/yanyi2025/lrc/action_data/ssv2/videos/videos/",
    "ANNO_DIR": "config/ssv2_full/",
    "NUM_INPUT_FRAMES": 8,
    "NUM_INPUT_CHANNELS": 2304,
    "SAMPLING_MODE": "interval_based",
    "SAMPLING_RATE": 50,
    "TRAIN_JITTER_SCALES": [
      256,
      256
    ],
    "TRAIN_CROP_SIZE": 224,
    "TEST_SCALE": 256,
    "TEST_CROP_SIZE": 224,
    "MEAN": [
      0.48145466,
      0.4578275,
      0.40821073
    ],
    "STD": [
      0.26862954,
      0.26130258,
      0.27577711
    ],
    "MULTI_LABEL": false,
    "ENSEMBLE_METHOD": "sum",
    "TARGET_FPS": 12,
    "MINUS_INTERVAL": false,
    "FPS": 12,
    "NORM_FEATURE": false,
    "USE_AUG_FEATURE": false,
    "AUG": false,
    "LOAD_PROPS": false,
    "TEMPORAL_SCALE": 256,
    "LABELS_TYPE": "cls",
    "LOAD_TYPE": "pickle",
    "DOWNLOAD_FEATURE": true,
    "VIDEO_EXT": ".webm",
    "SAMPLING_UNIFORM": false,
    "TEST_CENTER_CROP": true,
    "CLIP_INTERVAL": 8
  },
  "MODEL": {
    "NAME": "BaseVideoModel",
    "EMA": {
      "ENABLE": false,
      "DECAY": 0.99996
    }
  },
  "VIDEO": {
    "BACKBONE": {
      "DEPTH": null,
      "META_ARCH": "Identity",
      "NUM_FILTERS": null,
      "NUM_INPUT_CHANNELS": 3,
      "NUM_OUT_FEATURES": null,
      "KERNEL_SIZE": null,
      "DOWNSAMPLING": null,
      "DOWNSAMPLING_TEMPORAL": null,
      "NUM_STREAMS": 1,
      "EXPANSION_RATIO": 2,
      "BRANCH": {
        "NAME": null
      },
      "STEM": {
        "NAME": null
      },
      "NONLOCAL": {
        "ENABLE": false,
        "STAGES": [
          5
        ],
        "MASK_ENABLE": false
      },
      "INITIALIZATION": null
    },
    "HEAD": {
      "NAME": "BaseTemporalClassifier",
      "ACTIVATION": "softmax",
      "DROPOUT_RATE": 0.0,
      "NUM_CLASSES": 200
    }
  },
  "OPTIMIZER": {
    "ADJUST_LR": false,
    "BASE_LR": 0.002,
    "LR_POLICY": "cosine",
    "MAX_EPOCH": 300,
    "MOMENTUM": 0.9,
    "WEIGHT_DECAY": "1e-3",
    "WARMUP_EPOCHS": 10,
    "WARMUP_START_LR": 0.0002,
    "OPTIM_METHOD": "adam",
    "DAMPENING": 0.0,
    "NESTEROV": true
  },
  "BN": {
    "WB_LOCK": false,
    "FREEZE": false,
    "WEIGHT_DECAY": 0.0,
    "MOMENTUM": 0.1,
    "EPS": "1e-3",
    "SYNC": false
  },
  "DATA_LOADER": {
    "NUM_WORKERS": 8,
    "PIN_MEMORY": true,
    "ENABLE_MULTI_THREAD_DECODE": true,
    "COLLATE_FN": null
  },
  "NUM_GPUS": 1,
  "SHARD_ID": 0,
  "NUM_SHARDS": 1,
  "RANDOM_SEED": 18,
  "OUTPUT_DIR": "output/SSv2_Full_PROTO_CALIB_V2",
  "OUTPUT_CFG_FILE": "configuration.log",
  "LOG_PERIOD": 200,
  "DIST_BACKEND": "nccl",
  "LOG_MODEL_INFO": false,
  "LOG_CONFIG_INFO": true,
  "OSS": {
    "ENABLE": false,
    "KEY": null,
    "SECRET": null,
    "ENDPOINT": null,
    "CHECKPOINT_OUTPUT_PATH": null,
    "SECONDARY_DATA_OSS": {
      "ENABLE": false,
      "KEY": null,
      "SECRET": null,
      "ENDPOINT": null,
      "BUCKETS": [
        ""
      ]
    }
  },
  "AUGMENTATION": {
    "COLOR_AUG": false,
    "BRIGHTNESS": 0.5,
    "CONTRAST": 0.5,
    "SATURATION": 0.5,
    "HUE": 0.25,
    "GRAYSCALE": 0.3,
    "CONSISTENT": true,
    "SHUFFLE": true,
    "GRAY_FIRST": true,
    "RATIO": [
      0.857142857142857,
      1.1666666666666667
    ],
    "USE_GPU": false,
    "MIXUP": {
      "ENABLE": false,
      "ALPHA": 0.0,
      "PROB": 1.0,
      "MODE": "batch",
      "SWITCH_PROB": 0.5
    },
    "CUTMIX": {
      "ENABLE": false,
      "ALPHA": 0.0,
      "MINMAX": null
    },
    "RANDOM_ERASING": {
      "ENABLE": false,
      "PROB": 0.25,
      "MODE": "const",
      "COUNT": [
        1,
        1
      ],
      "NUM_SPLITS": 0,
      "AREA_RANGE": [
        0.02,
        0.33
      ],
      "MIN_ASPECT": 0.3
    },
    "LABEL_SMOOTHING": 0.0,
    "SSV2_FLIP": false,
    "IS_SPLIT": false,
    "NO_RANDOM_ERASE": true,
    "SUPPORT_QUERY_DIFF": true
  },
  "PAI": false,
  "USE_MULTISEG_VAL_DIST": false,
  "DETECTION": {
    "ENABLE": false
  },
  "TENSORBOARD": {
    "ENABLE": false
  },
  "SOLVER": {
    "BASE_LR": 0.001,
    "LR_POLICY": "steps_with_relative_lrs",
    "MAX_EPOCH": 10,
    "MOMENTUM": 0.9,
    "WEIGHT_DECAY": "5e-4",
    "WARMUP_EPOCHS": 1,
    "WARMUP_START_LR": 0.0002,
    "OPTIM_METHOD": "adam",
    "DAMPENING": 0.0,
    "NESTEROV": true,
    "STEPS_ITER": 3000,
    "STEPS": [
      0,
      4,
      6,
      8
    ],
    "LRS": [
      1,
      0.5,
      0.1,
      0.05
    ]
  },
  "PRE_DOWNLOAD": {
    "ENABLE": false
  },
  "SUPPORT_SHOT": 1,
  "PROTO_CALIB": {
    "ENABLE": true,
    "MODE": "nearest_contrastive",
    "TOP_K": 1,
    "TEMPERATURE": 0.2,
    "STRENGTH": 1.0,
    "SHOT_SCALE_POWER": 0.5,
    "ALPHA_INIT": -4.0
  },
  "ADAPTER": {
    "NAME": "ViT_CLIP",
    "PRETRAINED": "ViT-B/16",
    "WIDTH": 768,
    "PATCH_SIZE": 16,
    "LAYERS": 12,
    "HEADS": 12,
    "ADAPTER_SCALE": 0.25
  },
  "INIT_METHOD": "tcp://localhost:1111",
  "CUDA_VISIBLE_DEVICES": "1"
}

[08/25 09:29:06][INFO] models.base.adapter:  920: load model from: ViT-B/16
[08/25 09:29:07][INFO] models.base.adapter:  927: Missing keys: ['temporal_embedding', 'proto_calib_alpha', 'transformer.resblocks.0.Adapter.down.weight', 'transformer.resblocks.0.Adapter.down.bias', 'transformer.resblocks.0.Adapter.pos_embed.weight', 'transformer.resblocks.0.Adapter.pos_embed.bias', 'transformer.resblocks.0.Adapter.s_ln.weight', 'transformer.resblocks.0.Adapter.s_ln.bias', 'transformer.resblocks.0.Adapter.s_attn.conv_offset.0.weight', 'transformer.resblocks.0.Adapter.s_attn.conv_offset.0.bias', 'transformer.resblocks.0.Adapter.s_attn.conv_offset.1.norm.weight', 'transformer.resblocks.0.Adapter.s_attn.conv_offset.1.norm.bias', 'transformer.resblocks.0.Adapter.s_attn.conv_offset.3.weight', 'transformer.resblocks.0.Adapter.s_attn.proj_q.weight', 'transformer.resblocks.0.Adapter.s_attn.proj_q.bias', 'transformer.resblocks.0.Adapter.s_attn.proj_k.weight', 'transformer.resblocks.0.Adapter.s_attn.proj_k.bias', 'transformer.resblocks.0.Adapter.s_attn.proj_v.weight', 'transformer.resblocks.0.Adapter.s_attn.proj_v.bias', 'transformer.resblocks.0.Adapter.s_attn.proj_out.weight', 'transformer.resblocks.0.Adapter.s_attn.proj_out.bias', 'transformer.resblocks.0.Adapter.t_ln.weight', 'transformer.resblocks.0.Adapter.t_ln.bias', 'transformer.resblocks.0.Adapter.t_attn.conv_offset.0.weight', 'transformer.resblocks.0.Adapter.t_attn.conv_offset.0.bias', 'transformer.resblocks.0.Adapter.t_attn.conv_offset.1.norm.weight', 'transformer.resblocks.0.Adapter.t_attn.conv_offset.1.norm.bias', 'transformer.resblocks.0.Adapter.t_attn.conv_offset.3.weight', 'transformer.resblocks.0.Adapter.t_attn.proj_q.weight', 'transformer.resblocks.0.Adapter.t_attn.proj_q.bias', 'transformer.resblocks.0.Adapter.t_attn.proj_k.weight', 'transformer.resblocks.0.Adapter.t_attn.proj_k.bias', 'transformer.resblocks.0.Adapter.t_attn.proj_v.weight', 'transformer.resblocks.0.Adapter.t_attn.proj_v.bias', 'transformer.resblocks.0.Adapter.t_attn.proj_out.weight', 'transformer.resblocks.0.Adapter.t_attn.proj_out.bias', 'transformer.resblocks.0.Adapter.up.weight', 'transformer.resblocks.0.Adapter.up.bias', 'transformer.resblocks.1.Adapter.down.weight', 'transformer.resblocks.1.Adapter.down.bias', 'transformer.resblocks.1.Adapter.pos_embed.weight', 'transformer.resblocks.1.Adapter.pos_embed.bias', 'transformer.resblocks.1.Adapter.s_ln.weight', 'transformer.resblocks.1.Adapter.s_ln.bias', 'transformer.resblocks.1.Adapter.s_attn.conv_offset.0.weight', 'transformer.resblocks.1.Adapter.s_attn.conv_offset.0.bias', 'transformer.resblocks.1.Adapter.s_attn.conv_offset.1.norm.weight', 'transformer.resblocks.1.Adapter.s_attn.conv_offset.1.norm.bias', 'transformer.resblocks.1.Adapter.s_attn.conv_offset.3.weight', 'transformer.resblocks.1.Adapter.s_attn.proj_q.weight', 'transformer.resblocks.1.Adapter.s_attn.proj_q.bias', 'transformer.resblocks.1.Adapter.s_attn.proj_k.weight', 'transformer.resblocks.1.Adapter.s_attn.proj_k.bias', 'transformer.resblocks.1.Adapter.s_attn.proj_v.weight', 'transformer.resblocks.1.Adapter.s_attn.proj_v.bias', 'transformer.resblocks.1.Adapter.s_attn.proj_out.weight', 'transformer.resblocks.1.Adapter.s_attn.proj_out.bias', 'transformer.resblocks.1.Adapter.t_ln.weight', 'transformer.resblocks.1.Adapter.t_ln.bias', 'transformer.resblocks.1.Adapter.t_attn.conv_offset.0.weight', 'transformer.resblocks.1.Adapter.t_attn.conv_offset.0.bias', 'transformer.resblocks.1.Adapter.t_attn.conv_offset.1.norm.weight', 'transformer.resblocks.1.Adapter.t_attn.conv_offset.1.norm.bias', 'transformer.resblocks.1.Adapter.t_attn.conv_offset.3.weight', 'transformer.resblocks.1.Adapter.t_attn.proj_q.weight', 'transformer.resblocks.1.Adapter.t_attn.proj_q.bias', 'transformer.resblocks.1.Adapter.t_attn.proj_k.weight', 'transformer.resblocks.1.Adapter.t_attn.proj_k.bias', 'transformer.resblocks.1.Adapter.t_attn.proj_v.weight', 'transformer.resblocks.1.Adapter.t_attn.proj_v.bias', 'transformer.resblocks.1.Adapter.t_attn.proj_out.weight', 'transformer.resblocks.1.Adapter.t_attn.proj_out.bias', 'transformer.resblocks.1.Adapter.up.weight', 'transformer.resblocks.1.Adapter.up.bias', 'transformer.resblocks.2.Adapter.down.weight', 'transformer.resblocks.2.Adapter.down.bias', 'transformer.resblocks.2.Adapter.pos_embed.weight', 'transformer.resblocks.2.Adapter.pos_embed.bias', 'transformer.resblocks.2.Adapter.s_ln.weight', 'transformer.resblocks.2.Adapter.s_ln.bias', 'transformer.resblocks.2.Adapter.s_attn.conv_offset.0.weight', 'transformer.resblocks.2.Adapter.s_attn.conv_offset.0.bias', 'transformer.resblocks.2.Adapter.s_attn.conv_offset.1.norm.weight', 'transformer.resblocks.2.Adapter.s_attn.conv_offset.1.norm.bias', 'transformer.resblocks.2.Adapter.s_attn.conv_offset.3.weight', 'transformer.resblocks.2.Adapter.s_attn.proj_q.weight', 'transformer.resblocks.2.Adapter.s_attn.proj_q.bias', 'transformer.resblocks.2.Adapter.s_attn.proj_k.weight', 'transformer.resblocks.2.Adapter.s_attn.proj_k.bias', 'transformer.resblocks.2.Adapter.s_attn.proj_v.weight', 'transformer.resblocks.2.Adapter.s_attn.proj_v.bias', 'transformer.resblocks.2.Adapter.s_attn.proj_out.weight', 'transformer.resblocks.2.Adapter.s_attn.proj_out.bias', 'transformer.resblocks.2.Adapter.t_ln.weight', 'transformer.resblocks.2.Adapter.t_ln.bias', 'transformer.resblocks.2.Adapter.t_attn.conv_offset.0.weight', 'transformer.resblocks.2.Adapter.t_attn.conv_offset.0.bias', 'transformer.resblocks.2.Adapter.t_attn.conv_offset.1.norm.weight', 'transformer.resblocks.2.Adapter.t_attn.conv_offset.1.norm.bias', 'transformer.resblocks.2.Adapter.t_attn.conv_offset.3.weight', 'transformer.resblocks.2.Adapter.t_attn.proj_q.weight', 'transformer.resblocks.2.Adapter.t_attn.proj_q.bias', 'transformer.resblocks.2.Adapter.t_attn.proj_k.weight', 'transformer.resblocks.2.Adapter.t_attn.proj_k.bias', 'transformer.resblocks.2.Adapter.t_attn.proj_v.weight', 'transformer.resblocks.2.Adapter.t_attn.proj_v.bias', 'transformer.resblocks.2.Adapter.t_attn.proj_out.weight', 'transformer.resblocks.2.Adapter.t_attn.proj_out.bias', 'transformer.resblocks.2.Adapter.up.weight', 'transformer.resblocks.2.Adapter.up.bias', 'transformer.resblocks.3.Adapter.down.weight', 'transformer.resblocks.3.Adapter.down.bias', 'transformer.resblocks.3.Adapter.pos_embed.weight', 'transformer.resblocks.3.Adapter.pos_embed.bias', 'transformer.resblocks.3.Adapter.s_ln.weight', 'transformer.resblocks.3.Adapter.s_ln.bias', 'transformer.resblocks.3.Adapter.s_attn.conv_offset.0.weight', 'transformer.resblocks.3.Adapter.s_attn.conv_offset.0.bias', 'transformer.resblocks.3.Adapter.s_attn.conv_offset.1.norm.weight', 'transformer.resblocks.3.Adapter.s_attn.conv_offset.1.norm.bias', 'transformer.resblocks.3.Adapter.s_attn.conv_offset.3.weight', 'transformer.resblocks.3.Adapter.s_attn.proj_q.weight', 'transformer.resblocks.3.Adapter.s_attn.proj_q.bias', 'transformer.resblocks.3.Adapter.s_attn.proj_k.weight', 'transformer.resblocks.3.Adapter.s_attn.proj_k.bias', 'transformer.resblocks.3.Adapter.s_attn.proj_v.weight', 'transformer.resblocks.3.Adapter.s_attn.proj_v.bias', 'transformer.resblocks.3.Adapter.s_attn.proj_out.weight', 'transformer.resblocks.3.Adapter.s_attn.proj_out.bias', 'transformer.resblocks.3.Adapter.t_ln.weight', 'transformer.resblocks.3.Adapter.t_ln.bias', 'transformer.resblocks.3.Adapter.t_attn.conv_offset.0.weight', 'transformer.resblocks.3.Adapter.t_attn.conv_offset.0.bias', 'transformer.resblocks.3.Adapter.t_attn.conv_offset.1.norm.weight', 'transformer.resblocks.3.Adapter.t_attn.conv_offset.1.norm.bias', 'transformer.resblocks.3.Adapter.t_attn.conv_offset.3.weight', 'transformer.resblocks.3.Adapter.t_attn.proj_q.weight', 'transformer.resblocks.3.Adapter.t_attn.proj_q.bias', 'transformer.resblocks.3.Adapter.t_attn.proj_k.weight', 'transformer.resblocks.3.Adapter.t_attn.proj_k.bias', 'transformer.resblocks.3.Adapter.t_attn.proj_v.weight', 'transformer.resblocks.3.Adapter.t_attn.proj_v.bias', 'transformer.resblocks.3.Adapter.t_attn.proj_out.weight', 'transformer.resblocks.3.Adapter.t_attn.proj_out.bias', 'transformer.resblocks.3.Adapter.up.weight', 'transformer.resblocks.3.Adapter.up.bias', 'transformer.resblocks.4.Adapter.down.weight', 'transformer.resblocks.4.Adapter.down.bias', 'transformer.resblocks.4.Adapter.pos_embed.weight', 'transformer.resblocks.4.Adapter.pos_embed.bias', 'transformer.resblocks.4.Adapter.s_ln.weight', 'transformer.resblocks.4.Adapter.s_ln.bias', 'transformer.resblocks.4.Adapter.s_attn.conv_offset.0.weight', 'transformer.resblocks.4.Adapter.s_attn.conv_offset.0.bias', 'transformer.resblocks.4.Adapter.s_attn.conv_offset.1.norm.weight', 'transformer.resblocks.4.Adapter.s_attn.conv_offset.1.norm.bias', 'transformer.resblocks.4.Adapter.s_attn.conv_offset.3.weight', 'transformer.resblocks.4.Adapter.s_attn.proj_q.weight', 'transformer.resblocks.4.Adapter.s_attn.proj_q.bias', 'transformer.resblocks.4.Adapter.s_attn.proj_k.weight', 'transformer.resblocks.4.Adapter.s_attn.proj_k.bias', 'transformer.resblocks.4.Adapter.s_attn.proj_v.weight', 'transformer.resblocks.4.Adapter.s_attn.proj_v.bias', 'transformer.resblocks.4.Adapter.s_attn.proj_out.weight', 'transformer.resblocks.4.Adapter.s_attn.proj_out.bias', 'transformer.resblocks.4.Adapter.t_ln.weight', 'transformer.resblocks.4.Adapter.t_ln.bias', 'transformer.resblocks.4.Adapter.t_attn.conv_offset.0.weight', 'transformer.resblocks.4.Adapter.t_attn.conv_offset.0.bias', 'transformer.resblocks.4.Adapter.t_attn.conv_offset.1.norm.weight', 'transformer.resblocks.4.Adapter.t_attn.conv_offset.1.norm.bias', 'transformer.resblocks.4.Adapter.t_attn.conv_offset.3.weight', 'transformer.resblocks.4.Adapter.t_attn.proj_q.weight', 'transformer.resblocks.4.Adapter.t_attn.proj_q.bias', 'transformer.resblocks.4.Adapter.t_attn.proj_k.weight', 'transformer.resblocks.4.Adapter.t_attn.proj_k.bias', 'transformer.resblocks.4.Adapter.t_attn.proj_v.weight', 'transformer.resblocks.4.Adapter.t_attn.proj_v.bias', 'transformer.resblocks.4.Adapter.t_attn.proj_out.weight', 'transformer.resblocks.4.Adapter.t_attn.proj_out.bias', 'transformer.resblocks.4.Adapter.up.weight', 'transformer.resblocks.4.Adapter.up.bias', 'transformer.resblocks.5.Adapter.down.weight', 'transformer.resblocks.5.Adapter.down.bias', 'transformer.resblocks.5.Adapter.pos_embed.weight', 'transformer.resblocks.5.Adapter.pos_embed.bias', 'transformer.resblocks.5.Adapter.s_ln.weight', 'transformer.resblocks.5.Adapter.s_ln.bias', 'transformer.resblocks.5.Adapter.s_attn.conv_offset.0.weight', 'transformer.resblocks.5.Adapter.s_attn.conv_offset.0.bias', 'transformer.resblocks.5.Adapter.s_attn.conv_offset.1.norm.weight', 'transformer.resblocks.5.Adapter.s_attn.conv_offset.1.norm.bias', 'transformer.resblocks.5.Adapter.s_attn.conv_offset.3.weight', 'transformer.resblocks.5.Adapter.s_attn.proj_q.weight', 'transformer.resblocks.5.Adapter.s_attn.proj_q.bias', 'transformer.resblocks.5.Adapter.s_attn.proj_k.weight', 'transformer.resblocks.5.Adapter.s_attn.proj_k.bias', 'transformer.resblocks.5.Adapter.s_attn.proj_v.weight', 'transformer.resblocks.5.Adapter.s_attn.proj_v.bias', 'transformer.resblocks.5.Adapter.s_attn.proj_out.weight', 'transformer.resblocks.5.Adapter.s_attn.proj_out.bias', 'transformer.resblocks.5.Adapter.t_ln.weight', 'transformer.resblocks.5.Adapter.t_ln.bias', 'transformer.resblocks.5.Adapter.t_attn.conv_offset.0.weight', 'transformer.resblocks.5.Adapter.t_attn.conv_offset.0.bias', 'transformer.resblocks.5.Adapter.t_attn.conv_offset.1.norm.weight', 'transformer.resblocks.5.Adapter.t_attn.conv_offset.1.norm.bias', 'transformer.resblocks.5.Adapter.t_attn.conv_offset.3.weight', 'transformer.resblocks.5.Adapter.t_attn.proj_q.weight', 'transformer.resblocks.5.Adapter.t_attn.proj_q.bias', 'transformer.resblocks.5.Adapter.t_attn.proj_k.weight', 'transformer.resblocks.5.Adapter.t_attn.proj_k.bias', 'transformer.resblocks.5.Adapter.t_attn.proj_v.weight', 'transformer.resblocks.5.Adapter.t_attn.proj_v.bias', 'transformer.resblocks.5.Adapter.t_attn.proj_out.weight', 'transformer.resblocks.5.Adapter.t_attn.proj_out.bias', 'transformer.resblocks.5.Adapter.up.weight', 'transformer.resblocks.5.Adapter.up.bias', 'transformer.resblocks.6.Adapter.down.weight', 'transformer.resblocks.6.Adapter.down.bias', 'transformer.resblocks.6.Adapter.pos_embed.weight', 'transformer.resblocks.6.Adapter.pos_embed.bias', 'transformer.resblocks.6.Adapter.s_ln.weight', 'transformer.resblocks.6.Adapter.s_ln.bias', 'transformer.resblocks.6.Adapter.s_attn.conv_offset.0.weight', 'transformer.resblocks.6.Adapter.s_attn.conv_offset.0.bias', 'transformer.resblocks.6.Adapter.s_attn.conv_offset.1.norm.weight', 'transformer.resblocks.6.Adapter.s_attn.conv_offset.1.norm.bias', 'transformer.resblocks.6.Adapter.s_attn.conv_offset.3.weight', 'transformer.resblocks.6.Adapter.s_attn.proj_q.weight', 'transformer.resblocks.6.Adapter.s_attn.proj_q.bias', 'transformer.resblocks.6.Adapter.s_attn.proj_k.weight', 'transformer.resblocks.6.Adapter.s_attn.proj_k.bias', 'transformer.resblocks.6.Adapter.s_attn.proj_v.weight', 'transformer.resblocks.6.Adapter.s_attn.proj_v.bias', 'transformer.resblocks.6.Adapter.s_attn.proj_out.weight', 'transformer.resblocks.6.Adapter.s_attn.proj_out.bias', 'transformer.resblocks.6.Adapter.t_ln.weight', 'transformer.resblocks.6.Adapter.t_ln.bias', 'transformer.resblocks.6.Adapter.t_attn.conv_offset.0.weight', 'transformer.resblocks.6.Adapter.t_attn.conv_offset.0.bias', 'transformer.resblocks.6.Adapter.t_attn.conv_offset.1.norm.weight', 'transformer.resblocks.6.Adapter.t_attn.conv_offset.1.norm.bias', 'transformer.resblocks.6.Adapter.t_attn.conv_offset.3.weight', 'transformer.resblocks.6.Adapter.t_attn.proj_q.weight', 'transformer.resblocks.6.Adapter.t_attn.proj_q.bias', 'transformer.resblocks.6.Adapter.t_attn.proj_k.weight', 'transformer.resblocks.6.Adapter.t_attn.proj_k.bias', 'transformer.resblocks.6.Adapter.t_attn.proj_v.weight', 'transformer.resblocks.6.Adapter.t_attn.proj_v.bias', 'transformer.resblocks.6.Adapter.t_attn.proj_out.weight', 'transformer.resblocks.6.Adapter.t_attn.proj_out.bias', 'transformer.resblocks.6.Adapter.up.weight', 'transformer.resblocks.6.Adapter.up.bias', 'transformer.resblocks.7.Adapter.down.weight', 'transformer.resblocks.7.Adapter.down.bias', 'transformer.resblocks.7.Adapter.pos_embed.weight', 'transformer.resblocks.7.Adapter.pos_embed.bias', 'transformer.resblocks.7.Adapter.s_ln.weight', 'transformer.resblocks.7.Adapter.s_ln.bias', 'transformer.resblocks.7.Adapter.s_attn.conv_offset.0.weight', 'transformer.resblocks.7.Adapter.s_attn.conv_offset.0.bias', 'transformer.resblocks.7.Adapter.s_attn.conv_offset.1.norm.weight', 'transformer.resblocks.7.Adapter.s_attn.conv_offset.1.norm.bias', 'transformer.resblocks.7.Adapter.s_attn.conv_offset.3.weight', 'transformer.resblocks.7.Adapter.s_attn.proj_q.weight', 'transformer.resblocks.7.Adapter.s_attn.proj_q.bias', 'transformer.resblocks.7.Adapter.s_attn.proj_k.weight', 'transformer.resblocks.7.Adapter.s_attn.proj_k.bias', 'transformer.resblocks.7.Adapter.s_attn.proj_v.weight', 'transformer.resblocks.7.Adapter.s_attn.proj_v.bias', 'transformer.resblocks.7.Adapter.s_attn.proj_out.weight', 'transformer.resblocks.7.Adapter.s_attn.proj_out.bias', 'transformer.resblocks.7.Adapter.t_ln.weight', 'transformer.resblocks.7.Adapter.t_ln.bias', 'transformer.resblocks.7.Adapter.t_attn.conv_offset.0.weight', 'transformer.resblocks.7.Adapter.t_attn.conv_offset.0.bias', 'transformer.resblocks.7.Adapter.t_attn.conv_offset.1.norm.weight', 'transformer.resblocks.7.Adapter.t_attn.conv_offset.1.norm.bias', 'transformer.resblocks.7.Adapter.t_attn.conv_offset.3.weight', 'transformer.resblocks.7.Adapter.t_attn.proj_q.weight', 'transformer.resblocks.7.Adapter.t_attn.proj_q.bias', 'transformer.resblocks.7.Adapter.t_attn.proj_k.weight', 'transformer.resblocks.7.Adapter.t_attn.proj_k.bias', 'transformer.resblocks.7.Adapter.t_attn.proj_v.weight', 'transformer.resblocks.7.Adapter.t_attn.proj_v.bias', 'transformer.resblocks.7.Adapter.t_attn.proj_out.weight', 'transformer.resblocks.7.Adapter.t_attn.proj_out.bias', 'transformer.resblocks.7.Adapter.up.weight', 'transformer.resblocks.7.Adapter.up.bias', 'transformer.resblocks.8.Adapter.down.weight', 'transformer.resblocks.8.Adapter.down.bias', 'transformer.resblocks.8.Adapter.pos_embed.weight', 'transformer.resblocks.8.Adapter.pos_embed.bias', 'transformer.resblocks.8.Adapter.s_ln.weight', 'transformer.resblocks.8.Adapter.s_ln.bias', 'transformer.resblocks.8.Adapter.s_attn.conv_offset.0.weight', 'transformer.resblocks.8.Adapter.s_attn.conv_offset.0.bias', 'transformer.resblocks.8.Adapter.s_attn.conv_offset.1.norm.weight', 'transformer.resblocks.8.Adapter.s_attn.conv_offset.1.norm.bias', 'transformer.resblocks.8.Adapter.s_attn.conv_offset.3.weight', 'transformer.resblocks.8.Adapter.s_attn.proj_q.weight', 'transformer.resblocks.8.Adapter.s_attn.proj_q.bias', 'transformer.resblocks.8.Adapter.s_attn.proj_k.weight', 'transformer.resblocks.8.Adapter.s_attn.proj_k.bias', 'transformer.resblocks.8.Adapter.s_attn.proj_v.weight', 'transformer.resblocks.8.Adapter.s_attn.proj_v.bias', 'transformer.resblocks.8.Adapter.s_attn.proj_out.weight', 'transformer.resblocks.8.Adapter.s_attn.proj_out.bias', 'transformer.resblocks.8.Adapter.t_ln.weight', 'transformer.resblocks.8.Adapter.t_ln.bias', 'transformer.resblocks.8.Adapter.t_attn.conv_offset.0.weight', 'transformer.resblocks.8.Adapter.t_attn.conv_offset.0.bias', 'transformer.resblocks.8.Adapter.t_attn.conv_offset.1.norm.weight', 'transformer.resblocks.8.Adapter.t_attn.conv_offset.1.norm.bias', 'transformer.resblocks.8.Adapter.t_attn.conv_offset.3.weight', 'transformer.resblocks.8.Adapter.t_attn.proj_q.weight', 'transformer.resblocks.8.Adapter.t_attn.proj_q.bias', 'transformer.resblocks.8.Adapter.t_attn.proj_k.weight', 'transformer.resblocks.8.Adapter.t_attn.proj_k.bias', 'transformer.resblocks.8.Adapter.t_attn.proj_v.weight', 'transformer.resblocks.8.Adapter.t_attn.proj_v.bias', 'transformer.resblocks.8.Adapter.t_attn.proj_out.weight', 'transformer.resblocks.8.Adapter.t_attn.proj_out.bias', 'transformer.resblocks.8.Adapter.up.weight', 'transformer.resblocks.8.Adapter.up.bias', 'transformer.resblocks.9.Adapter.down.weight', 'transformer.resblocks.9.Adapter.down.bias', 'transformer.resblocks.9.Adapter.pos_embed.weight', 'transformer.resblocks.9.Adapter.pos_embed.bias', 'transformer.resblocks.9.Adapter.s_ln.weight', 'transformer.resblocks.9.Adapter.s_ln.bias', 'transformer.resblocks.9.Adapter.s_attn.conv_offset.0.weight', 'transformer.resblocks.9.Adapter.s_attn.conv_offset.0.bias', 'transformer.resblocks.9.Adapter.s_attn.conv_offset.1.norm.weight', 'transformer.resblocks.9.Adapter.s_attn.conv_offset.1.norm.bias', 'transformer.resblocks.9.Adapter.s_attn.conv_offset.3.weight', 'transformer.resblocks.9.Adapter.s_attn.proj_q.weight', 'transformer.resblocks.9.Adapter.s_attn.proj_q.bias', 'transformer.resblocks.9.Adapter.s_attn.proj_k.weight', 'transformer.resblocks.9.Adapter.s_attn.proj_k.bias', 'transformer.resblocks.9.Adapter.s_attn.proj_v.weight', 'transformer.resblocks.9.Adapter.s_attn.proj_v.bias', 'transformer.resblocks.9.Adapter.s_attn.proj_out.weight', 'transformer.resblocks.9.Adapter.s_attn.proj_out.bias', 'transformer.resblocks.9.Adapter.t_ln.weight', 'transformer.resblocks.9.Adapter.t_ln.bias', 'transformer.resblocks.9.Adapter.t_attn.conv_offset.0.weight', 'transformer.resblocks.9.Adapter.t_attn.conv_offset.0.bias', 'transformer.resblocks.9.Adapter.t_attn.conv_offset.1.norm.weight', 'transformer.resblocks.9.Adapter.t_attn.conv_offset.1.norm.bias', 'transformer.resblocks.9.Adapter.t_attn.conv_offset.3.weight', 'transformer.resblocks.9.Adapter.t_attn.proj_q.weight', 'transformer.resblocks.9.Adapter.t_attn.proj_q.bias', 'transformer.resblocks.9.Adapter.t_attn.proj_k.weight', 'transformer.resblocks.9.Adapter.t_attn.proj_k.bias', 'transformer.resblocks.9.Adapter.t_attn.proj_v.weight', 'transformer.resblocks.9.Adapter.t_attn.proj_v.bias', 'transformer.resblocks.9.Adapter.t_attn.proj_out.weight', 'transformer.resblocks.9.Adapter.t_attn.proj_out.bias', 'transformer.resblocks.9.Adapter.up.weight', 'transformer.resblocks.9.Adapter.up.bias', 'transformer.resblocks.10.Adapter.down.weight', 'transformer.resblocks.10.Adapter.down.bias', 'transformer.resblocks.10.Adapter.pos_embed.weight', 'transformer.resblocks.10.Adapter.pos_embed.bias', 'transformer.resblocks.10.Adapter.s_ln.weight', 'transformer.resblocks.10.Adapter.s_ln.bias', 'transformer.resblocks.10.Adapter.s_attn.conv_offset.0.weight', 'transformer.resblocks.10.Adapter.s_attn.conv_offset.0.bias', 'transformer.resblocks.10.Adapter.s_attn.conv_offset.1.norm.weight', 'transformer.resblocks.10.Adapter.s_attn.conv_offset.1.norm.bias', 'transformer.resblocks.10.Adapter.s_attn.conv_offset.3.weight', 'transformer.resblocks.10.Adapter.s_attn.proj_q.weight', 'transformer.resblocks.10.Adapter.s_attn.proj_q.bias', 'transformer.resblocks.10.Adapter.s_attn.proj_k.weight', 'transformer.resblocks.10.Adapter.s_attn.proj_k.bias', 'transformer.resblocks.10.Adapter.s_attn.proj_v.weight', 'transformer.resblocks.10.Adapter.s_attn.proj_v.bias', 'transformer.resblocks.10.Adapter.s_attn.proj_out.weight', 'transformer.resblocks.10.Adapter.s_attn.proj_out.bias', 'transformer.resblocks.10.Adapter.t_ln.weight', 'transformer.resblocks.10.Adapter.t_ln.bias', 'transformer.resblocks.10.Adapter.t_attn.conv_offset.0.weight', 'transformer.resblocks.10.Adapter.t_attn.conv_offset.0.bias', 'transformer.resblocks.10.Adapter.t_attn.conv_offset.1.norm.weight', 'transformer.resblocks.10.Adapter.t_attn.conv_offset.1.norm.bias', 'transformer.resblocks.10.Adapter.t_attn.conv_offset.3.weight', 'transformer.resblocks.10.Adapter.t_attn.proj_q.weight', 'transformer.resblocks.10.Adapter.t_attn.proj_q.bias', 'transformer.resblocks.10.Adapter.t_attn.proj_k.weight', 'transformer.resblocks.10.Adapter.t_attn.proj_k.bias', 'transformer.resblocks.10.Adapter.t_attn.proj_v.weight', 'transformer.resblocks.10.Adapter.t_attn.proj_v.bias', 'transformer.resblocks.10.Adapter.t_attn.proj_out.weight', 'transformer.resblocks.10.Adapter.t_attn.proj_out.bias', 'transformer.resblocks.10.Adapter.up.weight', 'transformer.resblocks.10.Adapter.up.bias', 'transformer.resblocks.11.Adapter.down.weight', 'transformer.resblocks.11.Adapter.down.bias', 'transformer.resblocks.11.Adapter.pos_embed.weight', 'transformer.resblocks.11.Adapter.pos_embed.bias', 'transformer.resblocks.11.Adapter.s_ln.weight', 'transformer.resblocks.11.Adapter.s_ln.bias', 'transformer.resblocks.11.Adapter.s_attn.conv_offset.0.weight', 'transformer.resblocks.11.Adapter.s_attn.conv_offset.0.bias', 'transformer.resblocks.11.Adapter.s_attn.conv_offset.1.norm.weight', 'transformer.resblocks.11.Adapter.s_attn.conv_offset.1.norm.bias', 'transformer.resblocks.11.Adapter.s_attn.conv_offset.3.weight', 'transformer.resblocks.11.Adapter.s_attn.proj_q.weight', 'transformer.resblocks.11.Adapter.s_attn.proj_q.bias', 'transformer.resblocks.11.Adapter.s_attn.proj_k.weight', 'transformer.resblocks.11.Adapter.s_attn.proj_k.bias', 'transformer.resblocks.11.Adapter.s_attn.proj_v.weight', 'transformer.resblocks.11.Adapter.s_attn.proj_v.bias', 'transformer.resblocks.11.Adapter.s_attn.proj_out.weight', 'transformer.resblocks.11.Adapter.s_attn.proj_out.bias', 'transformer.resblocks.11.Adapter.t_ln.weight', 'transformer.resblocks.11.Adapter.t_ln.bias', 'transformer.resblocks.11.Adapter.t_attn.conv_offset.0.weight', 'transformer.resblocks.11.Adapter.t_attn.conv_offset.0.bias', 'transformer.resblocks.11.Adapter.t_attn.conv_offset.1.norm.weight', 'transformer.resblocks.11.Adapter.t_attn.conv_offset.1.norm.bias', 'transformer.resblocks.11.Adapter.t_attn.conv_offset.3.weight', 'transformer.resblocks.11.Adapter.t_attn.proj_q.weight', 'transformer.resblocks.11.Adapter.t_attn.proj_q.bias', 'transformer.resblocks.11.Adapter.t_attn.proj_k.weight', 'transformer.resblocks.11.Adapter.t_attn.proj_k.bias', 'transformer.resblocks.11.Adapter.t_attn.proj_v.weight', 'transformer.resblocks.11.Adapter.t_attn.proj_v.bias', 'transformer.resblocks.11.Adapter.t_attn.proj_out.weight', 'transformer.resblocks.11.Adapter.t_attn.proj_out.bias', 'transformer.resblocks.11.Adapter.up.weight', 'transformer.resblocks.11.Adapter.up.bias', 'classification_layer.weight', 'classification_layer.bias']
[08/25 09:29:07][INFO] models.base.adapter:  928: Unexpected keys: []
[08/25 09:29:07][INFO] models.base.adapter:  929: => loaded successfully 'ViT-B/16'
[08/25 09:29:07][INFO] models.base.adapter:  936: init:  transformer.resblocks.0.Adapter.up
[08/25 09:29:07][INFO] models.base.adapter:  936: init:  transformer.resblocks.1.Adapter.up
[08/25 09:29:07][INFO] models.base.adapter:  936: init:  transformer.resblocks.2.Adapter.up
[08/25 09:29:07][INFO] models.base.adapter:  936: init:  transformer.resblocks.3.Adapter.up
[08/25 09:29:07][INFO] models.base.adapter:  936: init:  transformer.resblocks.4.Adapter.up
[08/25 09:29:07][INFO] models.base.adapter:  936: init:  transformer.resblocks.5.Adapter.up
[08/25 09:29:07][INFO] models.base.adapter:  936: init:  transformer.resblocks.6.Adapter.up
[08/25 09:29:07][INFO] models.base.adapter:  936: init:  transformer.resblocks.7.Adapter.up
[08/25 09:29:07][INFO] models.base.adapter:  936: init:  transformer.resblocks.8.Adapter.up
[08/25 09:29:07][INFO] models.base.adapter:  936: init:  transformer.resblocks.9.Adapter.up
[08/25 09:29:07][INFO] models.base.adapter:  936: init:  transformer.resblocks.10.Adapter.up
[08/25 09:29:07][INFO] models.base.adapter:  936: init:  transformer.resblocks.11.Adapter.up
[08/25 09:29:07][INFO] train_net_few_shot:  298: Model:
BaseVideoModel(
  (model): ViT_CLIP(
    (conv1): Conv2d(3, 768, kernel_size=(16, 16), stride=(16, 16), bias=False)
    (ln_pre): LayerNorm((768,), eps=1e-05, elementwise_affine=True, bias=True)
    (transformer): Transformer(
      (resblocks): ModuleList(
        (0-11): 12 x ResidualAttentionBlock(
          (ln_1): LayerNorm((768,), eps=1e-05, elementwise_affine=True, bias=True)
          (attn): MultiheadAttention(
            (out_proj): NonDynamicallyQuantizableLinear(in_features=768, out_features=768, bias=True)
          )
          (ln_2): LayerNorm((768,), eps=1e-05, elementwise_affine=True, bias=True)
          (mlp): Sequential(
            (c_fc): Linear(in_features=768, out_features=3072, bias=True)
            (gelu): QuickGELU()
            (c_proj): Linear(in_features=3072, out_features=768, bias=True)
          )
          (Adapter): ViT_D2ST_Adapter(
            (down): Linear(in_features=768, out_features=192, bias=True)
            (gelu1): GELU(approximate='none')
            (pos_embed): Conv3d(192, 192, kernel_size=(3, 3, 3), stride=(1, 1, 1), padding=(1, 1, 1), groups=192)
            (s_ln): LayerNorm((192,), eps=1e-05, elementwise_affine=True, bias=True)
            (s_attn): ViT_DeformAttention(
              (conv_offset): Sequential(
                (0): Conv3d(48, 48, kernel_size=(4, 5, 5), stride=(4, 3, 3), groups=48)
                (1): LayerNormProxy(
                  (norm): LayerNorm((48,), eps=1e-05, elementwise_affine=True, bias=True)
                )
                (2): GELU(approximate='none')
                (3): Conv3d(48, 3, kernel_size=(1, 1, 1), stride=(1, 1, 1), bias=False)
              )
              (proj_q): Linear(in_features=192, out_features=192, bias=True)
              (proj_k): Linear(in_features=192, out_features=192, bias=True)
              (proj_v): Linear(in_features=192, out_features=192, bias=True)
              (proj_out): Linear(in_features=192, out_features=192, bias=True)
            )
            (t_ln): LayerNorm((192,), eps=1e-05, elementwise_affine=True, bias=True)
            (t_attn): ViT_DeformAttention(
              (conv_offset): Sequential(
                (0): Conv3d(48, 48, kernel_size=(1, 7, 7), stride=(1, 7, 7), groups=48)
                (1): LayerNormProxy(
                  (norm): LayerNorm((48,), eps=1e-05, elementwise_affine=True, bias=True)
                )
                (2): GELU(approximate='none')
                (3): Conv3d(48, 3, kernel_size=(1, 1, 1), stride=(1, 1, 1), bias=False)
              )
              (proj_q): Linear(in_features=192, out_features=192, bias=True)
              (proj_k): Linear(in_features=192, out_features=192, bias=True)
              (proj_v): Linear(in_features=192, out_features=192, bias=True)
              (proj_out): Linear(in_features=192, out_features=192, bias=True)
            )
            (gelu): GELU(approximate='none')
            (up): Linear(in_features=192, out_features=768, bias=True)
            (gelu2): GELU(approximate='none')
          )
        )
      )
    )
    (ln_post): LayerNorm((768,), eps=1e-05, elementwise_affine=True, bias=True)
    (classification_layer): Linear(in_features=768, out_features=64, bias=True)
    (proto_calibrator): D2STEpisodePrototypeCalibrator()
  )
)
[08/25 09:29:07][INFO] models.utils.optimizer:   82: Optimized parameters constructed. Parameters without weight decay: []
[08/25 09:29:07][INFO] datasets.base.few_shot_dataset:   97: Reading video list from file: train_few_shot.txt
[08/25 09:29:07][INFO] datasets.base.few_shot_dataset:  127: Loading SSv2-Full dataset list for split 'train'...
[08/25 09:29:07][INFO] datasets.base.few_shot_dataset:   47: loaded 67013 videos from train dataset: SSv2-Full !
[08/25 09:29:07][INFO] datasets.base.few_shot_dataset:  153: Dataset SSv2-Full split train loaded. Length 67013.
[08/25 09:29:07][INFO] datasets.base.few_shot_dataset:   97: Reading video list from file: test_few_shot.txt
[08/25 09:29:07][INFO] datasets.base.few_shot_dataset:  127: Loading SSv2-Full dataset list for split 'test'...
[08/25 09:29:07][INFO] datasets.base.few_shot_dataset:   47: loaded 2857 videos from test dataset: SSv2-Full !
[08/25 09:29:07][INFO] datasets.base.few_shot_dataset:  153: Dataset SSv2-Full split test loaded. Length 2857.
[08/25 09:29:07][INFO] train_net_few_shot:  320: Start epoch: 1
[08/25 09:29:07][INFO] train_net_few_shot:  351: Number of total parameters: 93129089, tunable parameters: 7331969
[08/25 09:29:07][INFO] train_net_few_shot:   79: Norm training: True
[08/25 09:29:07][INFO] train_net_few_shot:   97: Gradient accumulation: steps=4, normalize=False
[08/25 09:30:30][INFO] utils.logging:   91: {"_type": "train_iter", "iter": "200/30000", "loss": 9.895340, "lr": 0.000253, "top1_acc": 33.499999}
[08/25 09:31:51][INFO] utils.logging:   91: {"_type": "train_iter", "iter": "400/30000", "loss": 9.112960, "lr": 0.000306, "top1_acc": 43.200000}
[08/25 09:33:13][INFO] utils.logging:   91: {"_type": "train_iter", "iter": "600/30000", "loss": 8.124246, "lr": 0.000360, "top1_acc": 47.600000}
[08/25 09:34:36][INFO] utils.logging:   91: {"_type": "train_iter", "iter": "800/30000", "loss": 7.410463, "lr": 0.000413, "top1_acc": 51.400000}
[08/25 09:35:58][INFO] utils.logging:   91: {"_type": "train_iter", "iter": "1000/30000", "loss": 6.991746, "lr": 0.000466, "top1_acc": 53.500000}
[08/25 09:37:20][INFO] utils.logging:   91: {"_type": "train_iter", "iter": "1200/30000", "loss": 6.447997, "lr": 0.000520, "top1_acc": 57.900001}
[08/25 09:38:43][INFO] utils.logging:   91: {"_type": "train_iter", "iter": "1400/30000", "loss": 6.009379, "lr": 0.000573, "top1_acc": 56.700001}
[08/25 09:40:06][INFO] utils.logging:   91: {"_type": "train_iter", "iter": "1600/30000", "loss": 5.991687, "lr": 0.000626, "top1_acc": 56.500001}
[08/25 09:41:28][INFO] utils.logging:   91: {"_type": "train_iter", "iter": "1800/30000", "loss": 5.885077, "lr": 0.000680, "top1_acc": 56.900001}
[08/25 09:42:50][INFO] utils.logging:   91: {"_type": "train_iter", "iter": "2000/30000", "loss": 5.439564, "lr": 0.000733, "top1_acc": 63.500001}
[08/25 09:44:12][INFO] utils.logging:   91: {"_type": "train_iter", "iter": "2200/30000", "loss": 5.484497, "lr": 0.000786, "top1_acc": 60.600000}
[08/25 09:45:34][INFO] utils.logging:   91: {"_type": "train_iter", "iter": "2400/30000", "loss": 5.218089, "lr": 0.000840, "top1_acc": 62.500001}
[08/25 09:46:55][INFO] utils.logging:   91: {"_type": "train_iter", "iter": "2600/30000", "loss": 5.044008, "lr": 0.000893, "top1_acc": 61.100001}
[08/25 09:48:17][INFO] utils.logging:   91: {"_type": "train_iter", "iter": "2800/30000", "loss": 5.149164, "lr": 0.000946, "top1_acc": 63.300001}
[08/25 09:49:38][INFO] utils.logging:   91: {"_type": "train_iter", "iter": "3000/30000", "loss": 4.957973, "lr": 0.001000, "top1_acc": 62.200001}
[08/25 09:51:00][INFO] utils.logging:   91: {"_type": "train_iter", "iter": "3200/30000", "loss": 4.641034, "lr": 0.001000, "top1_acc": 65.300001}
[08/25 09:52:22][INFO] utils.logging:   91: {"_type": "train_iter", "iter": "3400/30000", "loss": 4.839512, "lr": 0.001000, "top1_acc": 66.800001}
[08/25 09:53:43][INFO] utils.logging:   91: {"_type": "train_iter", "iter": "3600/30000", "loss": 4.556376, "lr": 0.001000, "top1_acc": 64.100001}
[08/25 09:55:04][INFO] utils.logging:   91: {"_type": "train_iter", "iter": "3800/30000", "loss": 4.346151, "lr": 0.001000, "top1_acc": 68.400001}
[08/25 09:56:26][INFO] utils.logging:   91: {"_type": "train_iter", "iter": "4000/30000", "loss": 4.402617, "lr": 0.001000, "top1_acc": 66.800001}
[08/25 09:57:47][INFO] utils.logging:   91: {"_type": "train_iter", "iter": "4200/30000", "loss": 4.388794, "lr": 0.001000, "top1_acc": 65.200001}
[08/25 09:59:09][INFO] utils.logging:   91: {"_type": "train_iter", "iter": "4400/30000", "loss": 4.091488, "lr": 0.001000, "top1_acc": 69.900001}
[08/25 10:00:30][INFO] utils.logging:   91: {"_type": "train_iter", "iter": "4600/30000", "loss": 4.052562, "lr": 0.001000, "top1_acc": 69.300002}
[08/25 10:01:51][INFO] utils.logging:   91: {"_type": "train_iter", "iter": "4800/30000", "loss": 3.836798, "lr": 0.001000, "top1_acc": 73.300001}
[08/25 10:03:12][INFO] utils.logging:   91: {"_type": "train_iter", "iter": "5000/30000", "loss": 4.045257, "lr": 0.001000, "top1_acc": 69.900001}
[08/25 10:04:34][INFO] utils.logging:   91: {"_type": "train_iter", "iter": "5200/30000", "loss": 3.707172, "lr": 0.001000, "top1_acc": 71.100001}
[08/25 10:05:55][INFO] utils.logging:   91: {"_type": "train_iter", "iter": "5400/30000", "loss": 3.708062, "lr": 0.001000, "top1_acc": 71.900001}
[08/25 10:07:16][INFO] utils.logging:   91: {"_type": "train_iter", "iter": "5600/30000", "loss": 3.715850, "lr": 0.001000, "top1_acc": 69.400001}
[08/25 10:08:38][INFO] utils.logging:   91: {"_type": "train_iter", "iter": "5800/30000", "loss": 3.574854, "lr": 0.001000, "top1_acc": 71.700002}
[08/25 10:09:59][INFO] utils.logging:   91: {"_type": "train_iter", "iter": "6000/30000", "loss": 3.440233, "lr": 0.001000, "top1_acc": 72.200002}
[08/25 10:11:20][INFO] utils.logging:   91: {"_type": "train_iter", "iter": "6200/30000", "loss": 3.552151, "lr": 0.001000, "top1_acc": 70.600001}
[08/25 10:12:41][INFO] utils.logging:   91: {"_type": "train_iter", "iter": "6400/30000", "loss": 3.584698, "lr": 0.001000, "top1_acc": 74.100001}
[08/25 10:14:03][INFO] utils.logging:   91: {"_type": "train_iter", "iter": "6600/30000", "loss": 3.385890, "lr": 0.001000, "top1_acc": 72.100001}
[08/25 10:15:24][INFO] utils.logging:   91: {"_type": "train_iter", "iter": "6800/30000", "loss": 3.144558, "lr": 0.001000, "top1_acc": 75.100001}
[08/25 10:16:45][INFO] utils.logging:   91: {"_type": "train_iter", "iter": "7000/30000", "loss": 3.282592, "lr": 0.001000, "top1_acc": 74.700002}
[08/25 10:18:07][INFO] utils.logging:   91: {"_type": "train_iter", "iter": "7200/30000", "loss": 3.071427, "lr": 0.001000, "top1_acc": 75.400002}
[08/25 10:19:28][INFO] utils.logging:   91: {"_type": "train_iter", "iter": "7400/30000", "loss": 2.880327, "lr": 0.001000, "top1_acc": 76.500001}
[08/25 10:20:49][INFO] utils.logging:   91: {"_type": "train_iter", "iter": "7600/30000", "loss": 3.242936, "lr": 0.001000, "top1_acc": 74.400001}
[08/25 10:22:11][INFO] utils.logging:   91: {"_type": "train_iter", "iter": "7800/30000", "loss": 2.812002, "lr": 0.001000, "top1_acc": 79.200001}
[08/25 10:23:32][INFO] utils.logging:   91: {"_type": "train_iter", "iter": "8000/30000", "loss": 3.154464, "lr": 0.001000, "top1_acc": 74.300002}
[08/25 10:24:45][INFO] datasets.base.few_shot_dataset:  420: Error at decoding. Vid index: 54100, Vid path: /mnt/data/yanyi2025/lrc/action_data/ssv2/videos/videos/96464.webm
[08/25 10:24:54][INFO] utils.logging:   91: {"_type": "train_iter", "iter": "8200/30000", "loss": 2.762010, "lr": 0.001000, "top1_acc": 77.800001}
[08/25 10:26:15][INFO] utils.logging:   91: {"_type": "train_iter", "iter": "8400/30000", "loss": 2.910555, "lr": 0.001000, "top1_acc": 77.500002}
[08/25 10:27:37][INFO] utils.logging:   91: {"_type": "train_iter", "iter": "8600/30000", "loss": 2.842279, "lr": 0.001000, "top1_acc": 75.900001}
[08/25 10:28:58][INFO] utils.logging:   91: {"_type": "train_iter", "iter": "8800/30000", "loss": 2.880089, "lr": 0.001000, "top1_acc": 78.000002}
[08/25 10:30:19][INFO] utils.logging:   91: {"_type": "train_iter", "iter": "9000/30000", "loss": 2.752530, "lr": 0.001000, "top1_acc": 78.000001}
[08/25 10:31:41][INFO] utils.logging:   91: {"_type": "train_iter", "iter": "9200/30000", "loss": 2.737844, "lr": 0.001000, "top1_acc": 78.700001}
[08/25 10:33:02][INFO] utils.logging:   91: {"_type": "train_iter", "iter": "9400/30000", "loss": 2.590198, "lr": 0.001000, "top1_acc": 80.500001}
[08/25 10:34:24][INFO] utils.logging:   91: {"_type": "train_iter", "iter": "9600/30000", "loss": 2.718019, "lr": 0.001000, "top1_acc": 77.400001}
[08/25 10:35:45][INFO] utils.logging:   91: {"_type": "train_iter", "iter": "9800/30000", "loss": 2.548667, "lr": 0.001000, "top1_acc": 80.100001}
[08/25 10:37:12][INFO] datasets.base.few_shot_dataset:  420: Error at decoding. Vid index: 2581, Vid path: /mnt/data/yanyi2025/lrc/action_data/ssv2/videos/videos/113474.webm
[08/25 10:37:20][INFO] datasets.base.few_shot_dataset:  420: Error at decoding. Vid index: 2581, Vid path: /mnt/data/yanyi2025/lrc/action_data/ssv2/videos/videos/113474.webm
[08/25 10:37:33][INFO] utils.logging:   91: {"_type": "val_iter", "gpu_mem": "1.78 GB", "iter": "200/10000", "top1_acc": 60.700001}
[08/25 10:37:56][INFO] utils.logging:   91: {"_type": "val_iter", "gpu_mem": "1.78 GB", "iter": "400/10000", "top1_acc": 56.600001}
[08/25 10:38:19][WARNING] datasets.base.few_shot_dataset:  251: Error at decoding. 1/5. Vid index: [185, 182], Vid path: 9
[08/25 10:38:20][INFO] utils.logging:   91: {"_type": "val_iter", "gpu_mem": "1.78 GB", "iter": "600/10000", "top1_acc": 59.300001}
[08/25 10:38:44][INFO] utils.logging:   91: {"_type": "val_iter", "gpu_mem": "1.78 GB", "iter": "800/10000", "top1_acc": 59.600001}
[08/25 10:39:07][INFO] utils.logging:   91: {"_type": "val_iter", "gpu_mem": "1.78 GB", "iter": "1000/10000", "top1_acc": 61.800001}
[08/25 10:39:25][WARNING] datasets.base.few_shot_dataset:  251: Error at decoding. 1/5. Vid index: [64, 185], Vid path: 9
[08/25 10:39:32][INFO] utils.logging:   91: {"_type": "val_iter", "gpu_mem": "1.78 GB", "iter": "1200/10000", "top1_acc": 58.500001}
[08/25 10:39:56][INFO] utils.logging:   91: {"_type": "val_iter", "gpu_mem": "1.78 GB", "iter": "1400/10000", "top1_acc": 57.300001}
[08/25 10:40:20][INFO] utils.logging:   91: {"_type": "val_iter", "gpu_mem": "1.78 GB", "iter": "1600/10000", "top1_acc": 57.800001}
[08/25 10:40:44][INFO] utils.logging:   91: {"_type": "val_iter", "gpu_mem": "1.78 GB", "iter": "1800/10000", "top1_acc": 60.500001}
[08/25 10:41:08][INFO] utils.logging:   91: {"_type": "val_iter", "gpu_mem": "1.78 GB", "iter": "2000/10000", "top1_acc": 57.100001}
[08/25 10:41:26][INFO] datasets.base.few_shot_dataset:  420: Error at decoding. Vid index: 2581, Vid path: /mnt/data/yanyi2025/lrc/action_data/ssv2/videos/videos/113474.webm
[08/25 10:41:33][INFO] utils.logging:   91: {"_type": "val_iter", "gpu_mem": "1.78 GB", "iter": "2200/10000", "top1_acc": 59.200001}
[08/25 10:41:52][WARNING] datasets.base.few_shot_dataset:  251: Error at decoding. 1/5. Vid index: [86, 185], Vid path: 9
[08/25 10:41:57][INFO] utils.logging:   91: {"_type": "val_iter", "gpu_mem": "1.78 GB", "iter": "2400/10000", "top1_acc": 56.600001}
[08/25 10:42:22][INFO] utils.logging:   91: {"_type": "val_iter", "gpu_mem": "1.78 GB", "iter": "2600/10000", "top1_acc": 57.800001}
[08/25 10:42:46][INFO] utils.logging:   91: {"_type": "val_iter", "gpu_mem": "1.78 GB", "iter": "2800/10000", "top1_acc": 59.200001}
[08/25 10:43:10][INFO] utils.logging:   91: {"_type": "val_iter", "gpu_mem": "1.78 GB", "iter": "3000/10000", "top1_acc": 58.300001}
[08/25 10:43:33][INFO] utils.logging:   91: {"_type": "val_iter", "gpu_mem": "1.78 GB", "iter": "3200/10000", "top1_acc": 59.500001}
[08/25 10:43:57][INFO] utils.logging:   91: {"_type": "val_iter", "gpu_mem": "1.78 GB", "iter": "3400/10000", "top1_acc": 59.800001}
[08/25 10:44:12][WARNING] datasets.base.few_shot_dataset:  251: Error at decoding. 1/5. Vid index: [185, 52], Vid path: 9
[08/25 10:44:21][INFO] utils.logging:   91: {"_type": "val_iter", "gpu_mem": "1.78 GB", "iter": "3600/10000", "top1_acc": 60.300001}
[08/25 10:44:46][INFO] utils.logging:   91: {"_type": "val_iter", "gpu_mem": "1.78 GB", "iter": "3800/10000", "top1_acc": 56.900001}
[08/25 10:45:06][WARNING] datasets.base.few_shot_dataset:  251: Error at decoding. 1/5. Vid index: [116, 185], Vid path: 9
[08/25 10:45:10][INFO] utils.logging:   91: {"_type": "val_iter", "gpu_mem": "1.78 GB", "iter": "4000/10000", "top1_acc": 62.200001}
[08/25 10:45:34][INFO] datasets.base.few_shot_dataset:  420: Error at decoding. Vid index: 2581, Vid path: /mnt/data/yanyi2025/lrc/action_data/ssv2/videos/videos/113474.webm
[08/25 10:45:35][INFO] utils.logging:   91: {"_type": "val_iter", "gpu_mem": "1.78 GB", "iter": "4200/10000", "top1_acc": 61.100001}
[08/25 10:45:59][INFO] utils.logging:   91: {"_type": "val_iter", "gpu_mem": "1.78 GB", "iter": "4400/10000", "top1_acc": 59.300001}
[08/25 10:46:23][INFO] utils.logging:   91: {"_type": "val_iter", "gpu_mem": "1.78 GB", "iter": "4600/10000", "top1_acc": 60.800001}
[08/25 10:46:48][INFO] utils.logging:   91: {"_type": "val_iter", "gpu_mem": "1.78 GB", "iter": "4800/10000", "top1_acc": 59.100001}
[08/25 10:47:12][INFO] utils.logging:   91: {"_type": "val_iter", "gpu_mem": "1.78 GB", "iter": "5000/10000", "top1_acc": 57.900001}
[08/25 10:47:29][WARNING] datasets.base.few_shot_dataset:  251: Error at decoding. 1/5. Vid index: [179, 185], Vid path: 9
[08/25 10:47:33][WARNING] datasets.base.few_shot_dataset:  251: Error at decoding. 1/5. Vid index: [185, 88], Vid path: 9
[08/25 10:47:36][INFO] utils.logging:   91: {"_type": "val_iter", "gpu_mem": "1.78 GB", "iter": "5200/10000", "top1_acc": 60.400001}
[08/25 10:48:00][INFO] utils.logging:   91: {"_type": "val_iter", "gpu_mem": "1.78 GB", "iter": "5400/10000", "top1_acc": 57.500001}
[08/25 10:48:26][INFO] utils.logging:   91: {"_type": "val_iter", "gpu_mem": "1.78 GB", "iter": "5600/10000", "top1_acc": 57.400001}
[08/25 10:48:36][WARNING] datasets.base.few_shot_dataset:  251: Error at decoding. 1/5. Vid index: [159, 185], Vid path: 9
[08/25 10:48:49][INFO] utils.logging:   91: {"_type": "val_iter", "gpu_mem": "1.78 GB", "iter": "5800/10000", "top1_acc": 59.100001}
[08/25 10:49:14][INFO] utils.logging:   91: {"_type": "val_iter", "gpu_mem": "1.78 GB", "iter": "6000/10000", "top1_acc": 60.200001}
[08/25 10:49:39][INFO] utils.logging:   91: {"_type": "val_iter", "gpu_mem": "1.78 GB", "iter": "6200/10000", "top1_acc": 58.700001}
[08/25 10:50:03][INFO] utils.logging:   91: {"_type": "val_iter", "gpu_mem": "1.78 GB", "iter": "6400/10000", "top1_acc": 58.900001}
[08/25 10:50:27][INFO] utils.logging:   91: {"_type": "val_iter", "gpu_mem": "1.78 GB", "iter": "6600/10000", "top1_acc": 58.600001}
[08/25 10:50:52][INFO] utils.logging:   91: {"_type": "val_iter", "gpu_mem": "1.78 GB", "iter": "6800/10000", "top1_acc": 59.400001}
[08/25 10:51:15][INFO] utils.logging:   91: {"_type": "val_iter", "gpu_mem": "1.78 GB", "iter": "7000/10000", "top1_acc": 58.500001}
[08/25 10:51:40][INFO] utils.logging:   91: {"_type": "val_iter", "gpu_mem": "1.78 GB", "iter": "7200/10000", "top1_acc": 57.900001}
[08/25 10:52:04][INFO] utils.logging:   91: {"_type": "val_iter", "gpu_mem": "1.78 GB", "iter": "7400/10000", "top1_acc": 59.700001}
[08/25 10:52:28][INFO] utils.logging:   91: {"_type": "val_iter", "gpu_mem": "1.78 GB", "iter": "7600/10000", "top1_acc": 61.700001}
[08/25 10:52:53][INFO] utils.logging:   91: {"_type": "val_iter", "gpu_mem": "1.78 GB", "iter": "7800/10000", "top1_acc": 57.400001}
[08/25 10:53:18][INFO] utils.logging:   91: {"_type": "val_iter", "gpu_mem": "1.78 GB", "iter": "8000/10000", "top1_acc": 60.800001}
[08/25 10:53:42][INFO] utils.logging:   91: {"_type": "val_iter", "gpu_mem": "1.78 GB", "iter": "8200/10000", "top1_acc": 59.900001}
[08/25 10:54:06][INFO] utils.logging:   91: {"_type": "val_iter", "gpu_mem": "1.78 GB", "iter": "8400/10000", "top1_acc": 58.300001}
[08/25 10:54:30][INFO] utils.logging:   91: {"_type": "val_iter", "gpu_mem": "1.78 GB", "iter": "8600/10000", "top1_acc": 59.000001}
[08/25 10:54:54][INFO] utils.logging:   91: {"_type": "val_iter", "gpu_mem": "1.78 GB", "iter": "8800/10000", "top1_acc": 58.900001}
[08/25 10:55:20][INFO] utils.logging:   91: {"_type": "val_iter", "gpu_mem": "1.78 GB", "iter": "9000/10000", "top1_acc": 57.400001}
[08/25 10:55:44][INFO] datasets.base.few_shot_dataset:  420: Error at decoding. Vid index: 2581, Vid path: /mnt/data/yanyi2025/lrc/action_data/ssv2/videos/videos/113474.webm
[08/25 10:55:44][INFO] utils.logging:   91: {"_type": "val_iter", "gpu_mem": "1.78 GB", "iter": "9200/10000", "top1_acc": 59.800001}
[08/25 10:56:08][INFO] utils.logging:   91: {"_type": "val_iter", "gpu_mem": "1.78 GB", "iter": "9400/10000", "top1_acc": 60.600001}
[08/25 10:56:26][WARNING] datasets.base.few_shot_dataset:  251: Error at decoding. 1/5. Vid index: [81, 185], Vid path: 9
[08/25 10:56:32][INFO] utils.logging:   91: {"_type": "val_iter", "gpu_mem": "1.78 GB", "iter": "9600/10000", "top1_acc": 59.000001}
[08/25 10:56:56][INFO] utils.logging:   91: {"_type": "val_iter", "gpu_mem": "1.78 GB", "iter": "9800/10000", "top1_acc": 58.100001}
[08/25 10:57:20][INFO] utils.logging:   91: {"_type": "val_iter", "gpu_mem": "1.78 GB", "iter": "10000/10000", "top1_acc": 58.500001}
[08/25 10:57:20][INFO] utils.logging:   91: {"RAM": "22.40/125.63 GB", "_type": "val_epoch", "epoch": "1", "gpu_mem": "1.78 GB", "top1_acc": 59.058001}
[08/25 10:57:20][INFO] train_net_few_shot:   53: Fusion weights: proto_calib=0.056525
[08/25 10:57:20][INFO] train_net_few_shot:   63: Prototype calibration: ambiguity=0.172840, shot_scale=1.000000, logit_delta=0.452352
[08/25 10:57:21][INFO] train_net_few_shot:  135: New best validation accuracy: 59.0580; checkpoint=output/SSv2_Full_PROTO_CALIB_V2/checkpoints/checkpoint_best.pyth
[08/25 10:57:21][INFO] utils.logging:   91: {"_type": "train_iter", "iter": "10000/30000", "loss": 2.606498, "lr": 0.001000, "top1_acc": 80.000001}
[08/25 10:58:43][INFO] utils.logging:   91: {"_type": "train_iter", "iter": "10200/30000", "loss": 2.701325, "lr": 0.001000, "top1_acc": 79.000001}
[08/25 11:00:04][INFO] utils.logging:   91: {"_type": "train_iter", "iter": "10400/30000", "loss": 2.550418, "lr": 0.001000, "top1_acc": 77.900001}
[08/25 11:01:25][INFO] utils.logging:   91: {"_type": "train_iter", "iter": "10600/30000", "loss": 2.454834, "lr": 0.001000, "top1_acc": 80.600001}
[08/25 11:02:46][INFO] utils.logging:   91: {"_type": "train_iter", "iter": "10800/30000", "loss": 2.382112, "lr": 0.001000, "top1_acc": 79.500001}
[08/25 11:04:08][INFO] utils.logging:   91: {"_type": "train_iter", "iter": "11000/30000", "loss": 2.261814, "lr": 0.001000, "top1_acc": 81.300001}
[08/25 11:05:29][INFO] utils.logging:   91: {"_type": "train_iter", "iter": "11200/30000", "loss": 2.428610, "lr": 0.001000, "top1_acc": 81.100001}
[08/25 11:06:51][INFO] utils.logging:   91: {"_type": "train_iter", "iter": "11400/30000", "loss": 2.375634, "lr": 0.001000, "top1_acc": 82.900001}
[08/25 11:08:12][INFO] utils.logging:   91: {"_type": "train_iter", "iter": "11600/30000", "loss": 2.266554, "lr": 0.001000, "top1_acc": 81.900001}
[08/25 11:09:33][INFO] utils.logging:   91: {"_type": "train_iter", "iter": "11800/30000", "loss": 2.488854, "lr": 0.001000, "top1_acc": 79.900001}
[08/25 11:10:55][INFO] utils.logging:   91: {"_type": "train_iter", "iter": "12000/30000", "loss": 2.353090, "lr": 0.001000, "top1_acc": 80.400001}
[08/25 11:12:16][INFO] utils.logging:   91: {"_type": "train_iter", "iter": "12200/30000", "loss": 1.930196, "lr": 0.000500, "top1_acc": 81.400001}
[08/25 11:13:38][INFO] utils.logging:   91: {"_type": "train_iter", "iter": "12400/30000", "loss": 1.710189, "lr": 0.000500, "top1_acc": 85.400001}
[08/25 11:14:59][INFO] utils.logging:   91: {"_type": "train_iter", "iter": "12600/30000", "loss": 1.762651, "lr": 0.000500, "top1_acc": 83.000001}
[08/25 11:16:20][INFO] utils.logging:   91: {"_type": "train_iter", "iter": "12800/30000", "loss": 1.994169, "lr": 0.000500, "top1_acc": 83.100001}
[08/25 11:17:41][INFO] utils.logging:   91: {"_type": "train_iter", "iter": "13000/30000", "loss": 1.862999, "lr": 0.000500, "top1_acc": 83.900001}
[08/25 11:19:03][INFO] utils.logging:   91: {"_type": "train_iter", "iter": "13200/30000", "loss": 1.756867, "lr": 0.000500, "top1_acc": 83.700001}
[08/25 11:20:24][INFO] utils.logging:   91: {"_type": "train_iter", "iter": "13400/30000", "loss": 1.697893, "lr": 0.000500, "top1_acc": 84.900001}
[08/25 11:21:46][INFO] utils.logging:   91: {"_type": "train_iter", "iter": "13600/30000", "loss": 1.797742, "lr": 0.000500, "top1_acc": 85.200001}
[08/25 11:23:07][INFO] utils.logging:   91: {"_type": "train_iter", "iter": "13800/30000", "loss": 1.755380, "lr": 0.000500, "top1_acc": 86.300001}
[08/25 11:24:29][INFO] utils.logging:   91: {"_type": "train_iter", "iter": "14000/30000", "loss": 1.520758, "lr": 0.000500, "top1_acc": 84.800001}
[08/25 11:25:50][INFO] utils.logging:   91: {"_type": "train_iter", "iter": "14200/30000", "loss": 1.559326, "lr": 0.000500, "top1_acc": 85.700001}
[08/25 11:27:11][INFO] utils.logging:   91: {"_type": "train_iter", "iter": "14400/30000", "loss": 1.629874, "lr": 0.000500, "top1_acc": 87.300001}
[08/25 11:28:32][INFO] utils.logging:   91: {"_type": "train_iter", "iter": "14600/30000", "loss": 1.647088, "lr": 0.000500, "top1_acc": 86.300001}
[08/25 11:29:54][INFO] utils.logging:   91: {"_type": "train_iter", "iter": "14800/30000", "loss": 1.461342, "lr": 0.000500, "top1_acc": 86.700001}
[08/25 11:31:15][INFO] utils.logging:   91: {"_type": "train_iter", "iter": "15000/30000", "loss": 1.541431, "lr": 0.000500, "top1_acc": 87.100001}
[08/25 11:32:36][INFO] utils.logging:   91: {"_type": "train_iter", "iter": "15200/30000", "loss": 1.597683, "lr": 0.000500, "top1_acc": 85.700001}
[08/25 11:33:57][INFO] utils.logging:   91: {"_type": "train_iter", "iter": "15400/30000", "loss": 1.519904, "lr": 0.000500, "top1_acc": 87.100001}
[08/25 11:35:19][INFO] utils.logging:   91: {"_type": "train_iter", "iter": "15600/30000", "loss": 1.596629, "lr": 0.000500, "top1_acc": 87.100001}
[08/25 11:36:40][INFO] utils.logging:   91: {"_type": "train_iter", "iter": "15800/30000", "loss": 1.517001, "lr": 0.000500, "top1_acc": 88.400001}
[08/25 11:38:01][INFO] utils.logging:   91: {"_type": "train_iter", "iter": "16000/30000", "loss": 1.697625, "lr": 0.000500, "top1_acc": 86.200001}
[08/25 11:39:23][INFO] utils.logging:   91: {"_type": "train_iter", "iter": "16200/30000", "loss": 1.514816, "lr": 0.000500, "top1_acc": 84.400001}
[08/25 11:40:43][INFO] utils.logging:   91: {"_type": "train_iter", "iter": "16400/30000", "loss": 1.503966, "lr": 0.000500, "top1_acc": 86.900001}
[08/25 11:42:05][INFO] utils.logging:   91: {"_type": "train_iter", "iter": "16600/30000", "loss": 1.411853, "lr": 0.000500, "top1_acc": 89.100001}
[08/25 11:43:26][INFO] utils.logging:   91: {"_type": "train_iter", "iter": "16800/30000", "loss": 1.401469, "lr": 0.000500, "top1_acc": 88.100001}
[08/25 11:44:47][INFO] utils.logging:   91: {"_type": "train_iter", "iter": "17000/30000", "loss": 1.392349, "lr": 0.000500, "top1_acc": 87.300001}
[08/25 11:46:08][INFO] utils.logging:   91: {"_type": "train_iter", "iter": "17200/30000", "loss": 1.418389, "lr": 0.000500, "top1_acc": 87.400001}
[08/25 11:47:29][INFO] utils.logging:   91: {"_type": "train_iter", "iter": "17400/30000", "loss": 1.486559, "lr": 0.000500, "top1_acc": 86.200001}
[08/25 11:48:50][INFO] utils.logging:   91: {"_type": "train_iter", "iter": "17600/30000", "loss": 1.442679, "lr": 0.000500, "top1_acc": 87.800001}
[08/25 11:50:11][INFO] utils.logging:   91: {"_type": "train_iter", "iter": "17800/30000", "loss": 1.426344, "lr": 0.000500, "top1_acc": 87.300001}
[08/25 11:51:32][INFO] utils.logging:   91: {"_type": "train_iter", "iter": "18000/30000", "loss": 1.404765, "lr": 0.000500, "top1_acc": 87.700001}
[08/25 11:52:53][INFO] utils.logging:   91: {"_type": "train_iter", "iter": "18200/30000", "loss": 1.266014, "lr": 0.000100, "top1_acc": 85.300001}
[08/25 11:54:14][INFO] utils.logging:   91: {"_type": "train_iter", "iter": "18400/30000", "loss": 1.136852, "lr": 0.000100, "top1_acc": 89.300001}
[08/25 11:55:35][INFO] utils.logging:   91: {"_type": "train_iter", "iter": "18600/30000", "loss": 1.181480, "lr": 0.000100, "top1_acc": 87.400001}
[08/25 11:56:55][INFO] utils.logging:   91: {"_type": "train_iter", "iter": "18800/30000", "loss": 1.107147, "lr": 0.000100, "top1_acc": 88.700001}
[08/25 11:58:17][INFO] utils.logging:   91: {"_type": "train_iter", "iter": "19000/30000", "loss": 1.245988, "lr": 0.000100, "top1_acc": 89.600001}
[08/25 11:59:38][INFO] utils.logging:   91: {"_type": "train_iter", "iter": "19200/30000", "loss": 1.092211, "lr": 0.000100, "top1_acc": 88.500001}
[08/25 12:00:59][INFO] utils.logging:   91: {"_type": "train_iter", "iter": "19400/30000", "loss": 1.131080, "lr": 0.000100, "top1_acc": 89.000001}
[08/25 12:02:20][INFO] utils.logging:   91: {"_type": "train_iter", "iter": "19600/30000", "loss": 1.173743, "lr": 0.000100, "top1_acc": 89.200001}
[08/25 12:03:38][INFO] utils.logging:   91: {"_type": "train_iter", "iter": "19800/30000", "loss": 1.091961, "lr": 0.000100, "top1_acc": 90.500001}
[08/25 12:05:00][INFO] datasets.base.few_shot_dataset:  420: Error at decoding. Vid index: 2581, Vid path: /mnt/data/yanyi2025/lrc/action_data/ssv2/videos/videos/113474.webm
[08/25 12:05:07][INFO] datasets.base.few_shot_dataset:  420: Error at decoding. Vid index: 2581, Vid path: /mnt/data/yanyi2025/lrc/action_data/ssv2/videos/videos/113474.webm
[08/25 12:05:18][INFO] utils.logging:   91: {"_type": "val_iter", "gpu_mem": "1.78 GB", "iter": "200/10000", "top1_acc": 64.400001}
[08/25 12:05:40][INFO] utils.logging:   91: {"_type": "val_iter", "gpu_mem": "1.78 GB", "iter": "400/10000", "top1_acc": 61.700001}
[08/25 12:06:02][WARNING] datasets.base.few_shot_dataset:  251: Error at decoding. 1/5. Vid index: [185, 182], Vid path: 9
[08/25 12:06:03][INFO] utils.logging:   91: {"_type": "val_iter", "gpu_mem": "1.78 GB", "iter": "600/10000", "top1_acc": 64.200001}
[08/25 12:06:25][INFO] utils.logging:   91: {"_type": "val_iter", "gpu_mem": "1.78 GB", "iter": "800/10000", "top1_acc": 64.700001}
[08/25 12:06:47][INFO] utils.logging:   91: {"_type": "val_iter", "gpu_mem": "1.78 GB", "iter": "1000/10000", "top1_acc": 63.300001}
[08/25 12:07:04][WARNING] datasets.base.few_shot_dataset:  251: Error at decoding. 1/5. Vid index: [64, 185], Vid path: 9
[08/25 12:07:10][INFO] utils.logging:   91: {"_type": "val_iter", "gpu_mem": "1.78 GB", "iter": "1200/10000", "top1_acc": 63.100001}
[08/25 12:07:32][INFO] utils.logging:   91: {"_type": "val_iter", "gpu_mem": "1.78 GB", "iter": "1400/10000", "top1_acc": 64.100001}
[08/25 12:07:54][INFO] utils.logging:   91: {"_type": "val_iter", "gpu_mem": "1.78 GB", "iter": "1600/10000", "top1_acc": 64.800001}
[08/25 12:08:16][INFO] utils.logging:   91: {"_type": "val_iter", "gpu_mem": "1.78 GB", "iter": "1800/10000", "top1_acc": 66.700001}
[08/25 12:08:39][INFO] utils.logging:   91: {"_type": "val_iter", "gpu_mem": "1.78 GB", "iter": "2000/10000", "top1_acc": 65.200001}
[08/25 12:08:55][INFO] datasets.base.few_shot_dataset:  420: Error at decoding. Vid index: 2581, Vid path: /mnt/data/yanyi2025/lrc/action_data/ssv2/videos/videos/113474.webm
[08/25 12:09:01][INFO] utils.logging:   91: {"_type": "val_iter", "gpu_mem": "1.78 GB", "iter": "2200/10000", "top1_acc": 64.900001}
[08/25 12:09:19][WARNING] datasets.base.few_shot_dataset:  251: Error at decoding. 1/5. Vid index: [86, 185], Vid path: 9
[08/25 12:09:23][INFO] utils.logging:   91: {"_type": "val_iter", "gpu_mem": "1.78 GB", "iter": "2400/10000", "top1_acc": 62.000001}
[08/25 12:09:45][INFO] utils.logging:   91: {"_type": "val_iter", "gpu_mem": "1.78 GB", "iter": "2600/10000", "top1_acc": 65.300001}
[08/25 12:10:08][INFO] utils.logging:   91: {"_type": "val_iter", "gpu_mem": "1.78 GB", "iter": "2800/10000", "top1_acc": 65.500001}
[08/25 12:10:30][INFO] utils.logging:   91: {"_type": "val_iter", "gpu_mem": "1.78 GB", "iter": "3000/10000", "top1_acc": 64.200001}
[08/25 12:10:52][INFO] utils.logging:   91: {"_type": "val_iter", "gpu_mem": "1.78 GB", "iter": "3200/10000", "top1_acc": 64.900001}
[08/25 12:11:15][INFO] utils.logging:   91: {"_type": "val_iter", "gpu_mem": "1.78 GB", "iter": "3400/10000", "top1_acc": 65.700001}
[08/25 12:11:28][WARNING] datasets.base.few_shot_dataset:  251: Error at decoding. 1/5. Vid index: [185, 52], Vid path: 9
[08/25 12:11:37][INFO] utils.logging:   91: {"_type": "val_iter", "gpu_mem": "1.78 GB", "iter": "3600/10000", "top1_acc": 66.300001}
[08/25 12:11:59][INFO] utils.logging:   91: {"_type": "val_iter", "gpu_mem": "1.78 GB", "iter": "3800/10000", "top1_acc": 65.200001}
[08/25 12:12:18][WARNING] datasets.base.few_shot_dataset:  251: Error at decoding. 1/5. Vid index: [116, 185], Vid path: 9
[08/25 12:12:22][INFO] utils.logging:   91: {"_type": "val_iter", "gpu_mem": "1.78 GB", "iter": "4000/10000", "top1_acc": 68.300001}
[08/25 12:12:43][INFO] datasets.base.few_shot_dataset:  420: Error at decoding. Vid index: 2581, Vid path: /mnt/data/yanyi2025/lrc/action_data/ssv2/videos/videos/113474.webm
[08/25 12:12:44][INFO] utils.logging:   91: {"_type": "val_iter", "gpu_mem": "1.78 GB", "iter": "4200/10000", "top1_acc": 66.800002}
[08/25 12:13:06][INFO] utils.logging:   91: {"_type": "val_iter", "gpu_mem": "1.78 GB", "iter": "4400/10000", "top1_acc": 65.200001}
[08/25 12:13:29][INFO] utils.logging:   91: {"_type": "val_iter", "gpu_mem": "1.78 GB", "iter": "4600/10000", "top1_acc": 64.200001}
[08/25 12:13:51][INFO] utils.logging:   91: {"_type": "val_iter", "gpu_mem": "1.78 GB", "iter": "4800/10000", "top1_acc": 64.400001}
[08/25 12:14:13][INFO] utils.logging:   91: {"_type": "val_iter", "gpu_mem": "1.78 GB", "iter": "5000/10000", "top1_acc": 65.600001}
[08/25 12:14:29][WARNING] datasets.base.few_shot_dataset:  251: Error at decoding. 1/5. Vid index: [179, 185], Vid path: 9
[08/25 12:14:33][WARNING] datasets.base.few_shot_dataset:  251: Error at decoding. 1/5. Vid index: [185, 88], Vid path: 9
[08/25 12:14:36][INFO] utils.logging:   91: {"_type": "val_iter", "gpu_mem": "1.78 GB", "iter": "5200/10000", "top1_acc": 64.000001}
[08/25 12:14:58][INFO] utils.logging:   91: {"_type": "val_iter", "gpu_mem": "1.78 GB", "iter": "5400/10000", "top1_acc": 63.500001}
[08/25 12:15:20][INFO] utils.logging:   91: {"_type": "val_iter", "gpu_mem": "1.78 GB", "iter": "5600/10000", "top1_acc": 61.900001}
[08/25 12:15:30][WARNING] datasets.base.few_shot_dataset:  251: Error at decoding. 1/5. Vid index: [159, 185], Vid path: 9
[08/25 12:15:43][INFO] utils.logging:   91: {"_type": "val_iter", "gpu_mem": "1.78 GB", "iter": "5800/10000", "top1_acc": 65.600001}
[08/25 12:16:05][INFO] utils.logging:   91: {"_type": "val_iter", "gpu_mem": "1.78 GB", "iter": "6000/10000", "top1_acc": 64.500001}
[08/25 12:16:27][INFO] utils.logging:   91: {"_type": "val_iter", "gpu_mem": "1.78 GB", "iter": "6200/10000", "top1_acc": 64.900001}
[08/25 12:16:50][INFO] utils.logging:   91: {"_type": "val_iter", "gpu_mem": "1.78 GB", "iter": "6400/10000", "top1_acc": 63.400001}
[08/25 12:17:12][INFO] utils.logging:   91: {"_type": "val_iter", "gpu_mem": "1.78 GB", "iter": "6600/10000", "top1_acc": 65.300001}
[08/25 12:17:35][INFO] utils.logging:   91: {"_type": "val_iter", "gpu_mem": "1.78 GB", "iter": "6800/10000", "top1_acc": 65.200001}
[08/25 12:17:57][INFO] utils.logging:   91: {"_type": "val_iter", "gpu_mem": "1.78 GB", "iter": "7000/10000", "top1_acc": 65.700001}
[08/25 12:18:19][INFO] utils.logging:   91: {"_type": "val_iter", "gpu_mem": "1.78 GB", "iter": "7200/10000", "top1_acc": 62.900001}
[08/25 12:18:42][INFO] utils.logging:   91: {"_type": "val_iter", "gpu_mem": "1.78 GB", "iter": "7400/10000", "top1_acc": 64.800001}
[08/25 12:19:04][INFO] utils.logging:   91: {"_type": "val_iter", "gpu_mem": "1.78 GB", "iter": "7600/10000", "top1_acc": 67.300001}
[08/25 12:19:26][INFO] utils.logging:   91: {"_type": "val_iter", "gpu_mem": "1.78 GB", "iter": "7800/10000", "top1_acc": 63.200001}
[08/25 12:19:49][INFO] utils.logging:   91: {"_type": "val_iter", "gpu_mem": "1.78 GB", "iter": "8000/10000", "top1_acc": 64.300001}
[08/25 12:20:11][INFO] utils.logging:   91: {"_type": "val_iter", "gpu_mem": "1.78 GB", "iter": "8200/10000", "top1_acc": 64.200001}
[08/25 12:20:33][INFO] utils.logging:   91: {"_type": "val_iter", "gpu_mem": "1.78 GB", "iter": "8400/10000", "top1_acc": 65.000001}
[08/25 12:20:56][INFO] utils.logging:   91: {"_type": "val_iter", "gpu_mem": "1.78 GB", "iter": "8600/10000", "top1_acc": 64.700001}
[08/25 12:21:18][INFO] utils.logging:   91: {"_type": "val_iter", "gpu_mem": "1.78 GB", "iter": "8800/10000", "top1_acc": 64.300001}
[08/25 12:21:40][INFO] utils.logging:   91: {"_type": "val_iter", "gpu_mem": "1.78 GB", "iter": "9000/10000", "top1_acc": 65.600001}
[08/25 12:22:02][INFO] datasets.base.few_shot_dataset:  420: Error at decoding. Vid index: 2581, Vid path: /mnt/data/yanyi2025/lrc/action_data/ssv2/videos/videos/113474.webm
[08/25 12:22:03][INFO] utils.logging:   91: {"_type": "val_iter", "gpu_mem": "1.78 GB", "iter": "9200/10000", "top1_acc": 67.100001}
[08/25 12:22:25][INFO] utils.logging:   91: {"_type": "val_iter", "gpu_mem": "1.78 GB", "iter": "9400/10000", "top1_acc": 65.300001}
[08/25 12:22:42][WARNING] datasets.base.few_shot_dataset:  251: Error at decoding. 1/5. Vid index: [81, 185], Vid path: 9
[08/25 12:22:47][INFO] utils.logging:   91: {"_type": "val_iter", "gpu_mem": "1.78 GB", "iter": "9600/10000", "top1_acc": 65.300001}
[08/25 12:23:10][INFO] utils.logging:   91: {"_type": "val_iter", "gpu_mem": "1.78 GB", "iter": "9800/10000", "top1_acc": 62.800001}
[08/25 12:23:32][INFO] utils.logging:   91: {"_type": "val_iter", "gpu_mem": "1.78 GB", "iter": "10000/10000", "top1_acc": 64.500001}
[08/25 12:23:32][INFO] utils.logging:   91: {"RAM": "17.87/125.63 GB", "_type": "val_epoch", "epoch": "2", "gpu_mem": "1.78 GB", "top1_acc": 64.720001}
[08/25 12:23:32][INFO] train_net_few_shot:   53: Fusion weights: proto_calib=0.101449
[08/25 12:23:32][INFO] train_net_few_shot:   63: Prototype calibration: ambiguity=0.146484, shot_scale=1.000000, logit_delta=0.283067
[08/25 12:23:34][INFO] train_net_few_shot:  135: New best validation accuracy: 64.7200; checkpoint=output/SSv2_Full_PROTO_CALIB_V2/checkpoints/checkpoint_best.pyth
[08/25 12:23:34][INFO] utils.logging:   91: {"_type": "train_iter", "iter": "20000/30000", "loss": 0.947387, "lr": 0.000100, "top1_acc": 90.000001}
[08/25 12:24:37][WARNING] datasets.base.few_shot_dataset:  251: Error at decoding. 1/5. Vid index: [1026, 1189], Vid path: 7
[08/25 12:24:52][INFO] utils.logging:   91: {"_type": "train_iter", "iter": "20200/30000", "loss": 0.988455, "lr": 0.000100, "top1_acc": 90.000001}
[08/25 12:26:09][INFO] utils.logging:   91: {"_type": "train_iter", "iter": "20400/30000", "loss": 1.142568, "lr": 0.000100, "top1_acc": 88.100001}
[08/25 12:27:26][INFO] utils.logging:   91: {"_type": "train_iter", "iter": "20600/30000", "loss": 0.994731, "lr": 0.000100, "top1_acc": 90.000001}
[08/25 12:28:43][INFO] utils.logging:   91: {"_type": "train_iter", "iter": "20800/30000", "loss": 1.077713, "lr": 0.000100, "top1_acc": 89.000001}
[08/25 12:30:00][INFO] utils.logging:   91: {"_type": "train_iter", "iter": "21000/30000", "loss": 0.883897, "lr": 0.000100, "top1_acc": 91.900001}
[08/25 12:31:17][INFO] utils.logging:   91: {"_type": "train_iter", "iter": "21200/30000", "loss": 1.062632, "lr": 0.000100, "top1_acc": 89.700001}
[08/25 12:32:34][INFO] utils.logging:   91: {"_type": "train_iter", "iter": "21400/30000", "loss": 1.037490, "lr": 0.000100, "top1_acc": 90.800001}
[08/25 12:33:51][INFO] utils.logging:   91: {"_type": "train_iter", "iter": "21600/30000", "loss": 1.153373, "lr": 0.000100, "top1_acc": 89.300001}
[08/25 12:35:08][INFO] utils.logging:   91: {"_type": "train_iter", "iter": "21800/30000", "loss": 0.909564, "lr": 0.000100, "top1_acc": 90.500001}
[08/25 12:36:25][INFO] utils.logging:   91: {"_type": "train_iter", "iter": "22000/30000", "loss": 0.944896, "lr": 0.000100, "top1_acc": 91.100001}
[08/25 12:37:42][INFO] utils.logging:   91: {"_type": "train_iter", "iter": "22200/30000", "loss": 0.876043, "lr": 0.000100, "top1_acc": 91.100001}
[08/25 12:38:59][INFO] utils.logging:   91: {"_type": "train_iter", "iter": "22400/30000", "loss": 0.884085, "lr": 0.000100, "top1_acc": 90.600001}
[08/25 12:40:16][INFO] utils.logging:   91: {"_type": "train_iter", "iter": "22600/30000", "loss": 1.020629, "lr": 0.000100, "top1_acc": 89.500001}
[08/25 12:41:33][INFO] utils.logging:   91: {"_type": "train_iter", "iter": "22800/30000", "loss": 0.917926, "lr": 0.000100, "top1_acc": 89.900001}
[08/25 12:42:51][INFO] utils.logging:   91: {"_type": "train_iter", "iter": "23000/30000", "loss": 0.949947, "lr": 0.000100, "top1_acc": 90.400001}
[08/25 12:44:08][INFO] utils.logging:   91: {"_type": "train_iter", "iter": "23200/30000", "loss": 1.005614, "lr": 0.000100, "top1_acc": 89.900001}
[08/25 12:45:25][INFO] utils.logging:   91: {"_type": "train_iter", "iter": "23400/30000", "loss": 0.948644, "lr": 0.000100, "top1_acc": 91.700001}
[08/25 12:46:42][INFO] utils.logging:   91: {"_type": "train_iter", "iter": "23600/30000", "loss": 0.995100, "lr": 0.000100, "top1_acc": 91.600001}
[08/25 12:47:59][INFO] utils.logging:   91: {"_type": "train_iter", "iter": "23800/30000", "loss": 1.119387, "lr": 0.000100, "top1_acc": 90.100001}
[08/25 12:49:16][INFO] utils.logging:   91: {"_type": "train_iter", "iter": "24000/30000", "loss": 0.947572, "lr": 0.000100, "top1_acc": 90.700001}
[08/25 12:50:33][INFO] utils.logging:   91: {"_type": "train_iter", "iter": "24200/30000", "loss": 0.956056, "lr": 0.000050, "top1_acc": 90.900001}
[08/25 12:51:50][INFO] utils.logging:   91: {"_type": "train_iter", "iter": "24400/30000", "loss": 0.883058, "lr": 0.000050, "top1_acc": 90.900001}
[08/25 12:53:07][INFO] utils.logging:   91: {"_type": "train_iter", "iter": "24600/30000", "loss": 0.863763, "lr": 0.000050, "top1_acc": 91.500001}
[08/25 12:54:24][INFO] utils.logging:   91: {"_type": "train_iter", "iter": "24800/30000", "loss": 0.932128, "lr": 0.000050, "top1_acc": 91.100001}
[08/25 12:55:41][INFO] utils.logging:   91: {"_type": "train_iter", "iter": "25000/30000", "loss": 1.010302, "lr": 0.000050, "top1_acc": 89.900001}
[08/25 12:56:58][INFO] utils.logging:   91: {"_type": "train_iter", "iter": "25200/30000", "loss": 0.900418, "lr": 0.000050, "top1_acc": 90.200001}
[08/25 12:58:15][INFO] utils.logging:   91: {"_type": "train_iter", "iter": "25400/30000", "loss": 0.895670, "lr": 0.000050, "top1_acc": 91.700001}
[08/25 12:59:33][INFO] utils.logging:   91: {"_type": "train_iter", "iter": "25600/30000", "loss": 0.874426, "lr": 0.000050, "top1_acc": 91.200001}
[08/25 13:00:50][INFO] utils.logging:   91: {"_type": "train_iter", "iter": "25800/30000", "loss": 0.936907, "lr": 0.000050, "top1_acc": 89.500001}
[08/25 13:01:01][INFO] datasets.base.few_shot_dataset:  500: Error at decoding. Vid index: 54100, Vid path: /mnt/data/yanyi2025/lrc/action_data/ssv2/videos/videos/96464.webm
[08/25 13:02:08][INFO] utils.logging:   91: {"_type": "train_iter", "iter": "26000/30000", "loss": 0.973871, "lr": 0.000050, "top1_acc": 89.400001}
[08/25 13:03:25][INFO] utils.logging:   91: {"_type": "train_iter", "iter": "26200/30000", "loss": 0.897111, "lr": 0.000050, "top1_acc": 92.700001}
[08/25 13:04:43][INFO] utils.logging:   91: {"_type": "train_iter", "iter": "26400/30000", "loss": 0.901137, "lr": 0.000050, "top1_acc": 90.200001}
[08/25 13:06:00][INFO] utils.logging:   91: {"_type": "train_iter", "iter": "26600/30000", "loss": 1.039894, "lr": 0.000050, "top1_acc": 89.000001}
[08/25 13:07:17][INFO] utils.logging:   91: {"_type": "train_iter", "iter": "26800/30000", "loss": 0.842127, "lr": 0.000050, "top1_acc": 91.300001}
[08/25 13:08:35][INFO] utils.logging:   91: {"_type": "train_iter", "iter": "27000/30000", "loss": 0.914537, "lr": 0.000050, "top1_acc": 91.700001}
[08/25 13:09:52][INFO] utils.logging:   91: {"_type": "train_iter", "iter": "27200/30000", "loss": 0.828206, "lr": 0.000050, "top1_acc": 91.600001}
[08/25 13:11:10][INFO] utils.logging:   91: {"_type": "train_iter", "iter": "27400/30000", "loss": 0.908811, "lr": 0.000050, "top1_acc": 90.300001}
[08/25 13:12:27][INFO] utils.logging:   91: {"_type": "train_iter", "iter": "27600/30000", "loss": 0.838082, "lr": 0.000050, "top1_acc": 90.300001}
[08/25 13:13:45][INFO] utils.logging:   91: {"_type": "train_iter", "iter": "27800/30000", "loss": 0.932901, "lr": 0.000050, "top1_acc": 90.800001}
[08/25 13:15:02][INFO] utils.logging:   91: {"_type": "train_iter", "iter": "28000/30000", "loss": 0.908845, "lr": 0.000050, "top1_acc": 90.900001}
[08/25 13:16:20][INFO] utils.logging:   91: {"_type": "train_iter", "iter": "28200/30000", "loss": 0.781282, "lr": 0.000050, "top1_acc": 91.200001}
[08/25 13:17:37][INFO] utils.logging:   91: {"_type": "train_iter", "iter": "28400/30000", "loss": 0.782410, "lr": 0.000050, "top1_acc": 91.700001}
[08/25 13:18:55][INFO] utils.logging:   91: {"_type": "train_iter", "iter": "28600/30000", "loss": 0.879166, "lr": 0.000050, "top1_acc": 91.200001}
[08/25 13:20:01][WARNING] datasets.base.few_shot_dataset:  251: Error at decoding. 1/5. Vid index: [1174, 1189], Vid path: 7
[08/25 13:20:12][INFO] utils.logging:   91: {"_type": "train_iter", "iter": "28800/30000", "loss": 0.854227, "lr": 0.000050, "top1_acc": 91.400001}
[08/25 13:21:30][INFO] utils.logging:   91: {"_type": "train_iter", "iter": "29000/30000", "loss": 0.882195, "lr": 0.000050, "top1_acc": 91.300001}
[08/25 13:22:47][INFO] utils.logging:   91: {"_type": "train_iter", "iter": "29200/30000", "loss": 0.757104, "lr": 0.000050, "top1_acc": 91.700001}
[08/25 13:24:05][INFO] utils.logging:   91: {"_type": "train_iter", "iter": "29400/30000", "loss": 0.770009, "lr": 0.000050, "top1_acc": 91.400001}
[08/25 13:25:22][INFO] utils.logging:   91: {"_type": "train_iter", "iter": "29600/30000", "loss": 0.817165, "lr": 0.000050, "top1_acc": 89.500001}
[08/25 13:26:40][INFO] utils.logging:   91: {"_type": "train_iter", "iter": "29800/30000", "loss": 0.799981, "lr": 0.000050, "top1_acc": 91.700001}
[08/25 13:28:01][INFO] datasets.base.few_shot_dataset:  420: Error at decoding. Vid index: 2581, Vid path: /mnt/data/yanyi2025/lrc/action_data/ssv2/videos/videos/113474.webm
[08/25 13:28:08][INFO] datasets.base.few_shot_dataset:  420: Error at decoding. Vid index: 2581, Vid path: /mnt/data/yanyi2025/lrc/action_data/ssv2/videos/videos/113474.webm
[08/25 13:28:20][INFO] utils.logging:   91: {"_type": "val_iter", "gpu_mem": "1.78 GB", "iter": "200/10000", "top1_acc": 65.400002}
[08/25 13:28:42][INFO] utils.logging:   91: {"_type": "val_iter", "gpu_mem": "1.78 GB", "iter": "400/10000", "top1_acc": 61.700001}
[08/25 13:29:04][WARNING] datasets.base.few_shot_dataset:  251: Error at decoding. 1/5. Vid index: [185, 182], Vid path: 9
[08/25 13:29:04][INFO] utils.logging:   91: {"_type": "val_iter", "gpu_mem": "1.78 GB", "iter": "600/10000", "top1_acc": 64.500001}
[08/25 13:29:27][INFO] utils.logging:   91: {"_type": "val_iter", "gpu_mem": "1.78 GB", "iter": "800/10000", "top1_acc": 66.600001}
[08/25 13:29:49][INFO] utils.logging:   91: {"_type": "val_iter", "gpu_mem": "1.78 GB", "iter": "1000/10000", "top1_acc": 65.200001}
[08/25 13:30:06][WARNING] datasets.base.few_shot_dataset:  251: Error at decoding. 1/5. Vid index: [64, 185], Vid path: 9
[08/25 13:30:11][INFO] utils.logging:   91: {"_type": "val_iter", "gpu_mem": "1.78 GB", "iter": "1200/10000", "top1_acc": 64.300001}
[08/25 13:30:34][INFO] utils.logging:   91: {"_type": "val_iter", "gpu_mem": "1.78 GB", "iter": "1400/10000", "top1_acc": 64.700001}
[08/25 13:30:56][INFO] utils.logging:   91: {"_type": "val_iter", "gpu_mem": "1.78 GB", "iter": "1600/10000", "top1_acc": 65.000001}
[08/25 13:31:18][INFO] utils.logging:   91: {"_type": "val_iter", "gpu_mem": "1.78 GB", "iter": "1800/10000", "top1_acc": 65.100001}
[08/25 13:31:41][INFO] utils.logging:   91: {"_type": "val_iter", "gpu_mem": "1.78 GB", "iter": "2000/10000", "top1_acc": 67.200001}
[08/25 13:31:58][INFO] datasets.base.few_shot_dataset:  420: Error at decoding. Vid index: 2581, Vid path: /mnt/data/yanyi2025/lrc/action_data/ssv2/videos/videos/113474.webm
[08/25 13:32:03][INFO] utils.logging:   91: {"_type": "val_iter", "gpu_mem": "1.78 GB", "iter": "2200/10000", "top1_acc": 65.200002}
[08/25 13:32:21][WARNING] datasets.base.few_shot_dataset:  251: Error at decoding. 1/5. Vid index: [86, 185], Vid path: 9
[08/25 13:32:25][INFO] utils.logging:   91: {"_type": "val_iter", "gpu_mem": "1.78 GB", "iter": "2400/10000", "top1_acc": 63.400001}
[08/25 13:32:48][INFO] utils.logging:   91: {"_type": "val_iter", "gpu_mem": "1.78 GB", "iter": "2600/10000", "top1_acc": 66.500001}
[08/25 13:33:10][INFO] utils.logging:   91: {"_type": "val_iter", "gpu_mem": "1.78 GB", "iter": "2800/10000", "top1_acc": 66.500001}
[08/25 13:33:33][INFO] utils.logging:   91: {"_type": "val_iter", "gpu_mem": "1.78 GB", "iter": "3000/10000", "top1_acc": 65.000001}
[08/25 13:33:55][INFO] utils.logging:   91: {"_type": "val_iter", "gpu_mem": "1.78 GB", "iter": "3200/10000", "top1_acc": 66.000001}
[08/25 13:34:17][INFO] utils.logging:   91: {"_type": "val_iter", "gpu_mem": "1.78 GB", "iter": "3400/10000", "top1_acc": 65.300001}
[08/25 13:34:31][WARNING] datasets.base.few_shot_dataset:  251: Error at decoding. 1/5. Vid index: [185, 52], Vid path: 9
[08/25 13:34:40][INFO] utils.logging:   91: {"_type": "val_iter", "gpu_mem": "1.78 GB", "iter": "3600/10000", "top1_acc": 65.800001}
[08/25 13:35:02][INFO] utils.logging:   91: {"_type": "val_iter", "gpu_mem": "1.78 GB", "iter": "3800/10000", "top1_acc": 66.200001}
[08/25 13:35:20][WARNING] datasets.base.few_shot_dataset:  251: Error at decoding. 1/5. Vid index: [116, 185], Vid path: 9
[08/25 13:35:25][INFO] utils.logging:   91: {"_type": "val_iter", "gpu_mem": "1.78 GB", "iter": "4000/10000", "top1_acc": 68.300001}
[08/25 13:35:46][INFO] datasets.base.few_shot_dataset:  420: Error at decoding. Vid index: 2581, Vid path: /mnt/data/yanyi2025/lrc/action_data/ssv2/videos/videos/113474.webm
[08/25 13:35:47][INFO] utils.logging:   91: {"_type": "val_iter", "gpu_mem": "1.78 GB", "iter": "4200/10000", "top1_acc": 65.700001}
[08/25 13:36:09][INFO] utils.logging:   91: {"_type": "val_iter", "gpu_mem": "1.78 GB", "iter": "4400/10000", "top1_acc": 65.300001}
[08/25 13:36:32][INFO] utils.logging:   91: {"_type": "val_iter", "gpu_mem": "1.78 GB", "iter": "4600/10000", "top1_acc": 64.100001}
[08/25 13:36:54][INFO] utils.logging:   91: {"_type": "val_iter", "gpu_mem": "1.78 GB", "iter": "4800/10000", "top1_acc": 65.900001}
[08/25 13:37:17][INFO] utils.logging:   91: {"_type": "val_iter", "gpu_mem": "1.78 GB", "iter": "5000/10000", "top1_acc": 66.700001}
[08/25 13:37:32][WARNING] datasets.base.few_shot_dataset:  251: Error at decoding. 1/5. Vid index: [179, 185], Vid path: 9
[08/25 13:37:36][WARNING] datasets.base.few_shot_dataset:  251: Error at decoding. 1/5. Vid index: [185, 88], Vid path: 9
[08/25 13:37:39][INFO] utils.logging:   91: {"_type": "val_iter", "gpu_mem": "1.78 GB", "iter": "5200/10000", "top1_acc": 64.400001}
[08/25 13:38:02][INFO] utils.logging:   91: {"_type": "val_iter", "gpu_mem": "1.78 GB", "iter": "5400/10000", "top1_acc": 64.200001}
[08/25 13:38:24][INFO] utils.logging:   91: {"_type": "val_iter", "gpu_mem": "1.78 GB", "iter": "5600/10000", "top1_acc": 63.800001}
[08/25 13:38:34][WARNING] datasets.base.few_shot_dataset:  251: Error at decoding. 1/5. Vid index: [159, 185], Vid path: 9
[08/25 13:38:47][INFO] utils.logging:   91: {"_type": "val_iter", "gpu_mem": "1.78 GB", "iter": "5800/10000", "top1_acc": 64.400001}
[08/25 13:39:09][INFO] utils.logging:   91: {"_type": "val_iter", "gpu_mem": "1.78 GB", "iter": "6000/10000", "top1_acc": 67.200001}
[08/25 13:39:31][INFO] utils.logging:   91: {"_type": "val_iter", "gpu_mem": "1.78 GB", "iter": "6200/10000", "top1_acc": 66.000001}
[08/25 13:39:54][INFO] utils.logging:   91: {"_type": "val_iter", "gpu_mem": "1.78 GB", "iter": "6400/10000", "top1_acc": 65.300001}
[08/25 13:40:16][INFO] utils.logging:   91: {"_type": "val_iter", "gpu_mem": "1.78 GB", "iter": "6600/10000", "top1_acc": 67.100001}
[08/25 13:40:39][INFO] utils.logging:   91: {"_type": "val_iter", "gpu_mem": "1.78 GB", "iter": "6800/10000", "top1_acc": 63.600001}
[08/25 13:41:01][INFO] utils.logging:   91: {"_type": "val_iter", "gpu_mem": "1.78 GB", "iter": "7000/10000", "top1_acc": 66.900001}
[08/25 13:41:24][INFO] utils.logging:   91: {"_type": "val_iter", "gpu_mem": "1.78 GB", "iter": "7200/10000", "top1_acc": 63.100001}
[08/25 13:41:46][INFO] utils.logging:   91: {"_type": "val_iter", "gpu_mem": "1.78 GB", "iter": "7400/10000", "top1_acc": 64.800001}
[08/25 13:42:09][INFO] utils.logging:   91: {"_type": "val_iter", "gpu_mem": "1.78 GB", "iter": "7600/10000", "top1_acc": 66.200001}
[08/25 13:42:31][INFO] utils.logging:   91: {"_type": "val_iter", "gpu_mem": "1.78 GB", "iter": "7800/10000", "top1_acc": 63.200001}
[08/25 13:42:54][INFO] utils.logging:   91: {"_type": "val_iter", "gpu_mem": "1.78 GB", "iter": "8000/10000", "top1_acc": 65.700001}
[08/25 13:43:16][INFO] utils.logging:   91: {"_type": "val_iter", "gpu_mem": "1.78 GB", "iter": "8200/10000", "top1_acc": 65.100001}
[08/25 13:43:39][INFO] utils.logging:   91: {"_type": "val_iter", "gpu_mem": "1.78 GB", "iter": "8400/10000", "top1_acc": 64.200001}
[08/25 13:44:01][INFO] utils.logging:   91: {"_type": "val_iter", "gpu_mem": "1.78 GB", "iter": "8600/10000", "top1_acc": 64.300001}
[08/25 13:44:24][INFO] utils.logging:   91: {"_type": "val_iter", "gpu_mem": "1.78 GB", "iter": "8800/10000", "top1_acc": 66.100001}
[08/25 13:44:46][INFO] utils.logging:   91: {"_type": "val_iter", "gpu_mem": "1.78 GB", "iter": "9000/10000", "top1_acc": 64.600001}
[08/25 13:45:08][INFO] datasets.base.few_shot_dataset:  420: Error at decoding. Vid index: 2581, Vid path: /mnt/data/yanyi2025/lrc/action_data/ssv2/videos/videos/113474.webm
[08/25 13:45:09][INFO] utils.logging:   91: {"_type": "val_iter", "gpu_mem": "1.78 GB", "iter": "9200/10000", "top1_acc": 65.500001}
[08/25 13:45:31][INFO] utils.logging:   91: {"_type": "val_iter", "gpu_mem": "1.78 GB", "iter": "9400/10000", "top1_acc": 66.700001}
[08/25 13:45:48][WARNING] datasets.base.few_shot_dataset:  251: Error at decoding. 1/5. Vid index: [81, 185], Vid path: 9
[08/25 13:45:54][INFO] utils.logging:   91: {"_type": "val_iter", "gpu_mem": "1.78 GB", "iter": "9600/10000", "top1_acc": 67.400001}
[08/25 13:46:16][INFO] utils.logging:   91: {"_type": "val_iter", "gpu_mem": "1.78 GB", "iter": "9800/10000", "top1_acc": 65.100002}
[08/25 13:46:39][INFO] utils.logging:   91: {"_type": "val_iter", "gpu_mem": "1.78 GB", "iter": "10000/10000", "top1_acc": 65.000001}
[08/25 13:46:39][INFO] utils.logging:   91: {"RAM": "17.80/125.63 GB", "_type": "val_epoch", "epoch": "3", "gpu_mem": "1.78 GB", "top1_acc": 65.310001}
[08/25 13:46:39][INFO] train_net_few_shot:   53: Fusion weights: proto_calib=0.109280
[08/25 13:46:39][INFO] train_net_few_shot:   63: Prototype calibration: ambiguity=0.145112, shot_scale=1.000000, logit_delta=0.229203
[08/25 13:46:40][INFO] train_net_few_shot:  135: New best validation accuracy: 65.3100; checkpoint=output/SSv2_Full_PROTO_CALIB_V2/checkpoints/checkpoint_best.pyth
[08/25 13:46:41][INFO] utils.logging:   91: {"_type": "train_iter", "iter": "30000/30000", "loss": 0.814177, "lr": 0.000050, "top1_acc": 92.700001}
[08/25 13:46:41][INFO] utils.logging:   91: {"RAM": "14.78/125.63 GB", "_type": "train_epoch", "epoch": "10", "gpu_mem": "1.78 GB", "loss": 2.468107, "lr": 0.000050, "top1_acc": 81.362001}
