[09/03 21:57:48][INFO] train_net_few_shot:  303: Train with config:
[09/03 21:57:48][INFO] train_net_few_shot:  304: {
  "TASK_TYPE": "few_shot_action",
  "PRETRAIN": {
    "ENABLE": false
  },
  "LOCALIZATION": {
    "ENABLE": false
  },
  "TRAIN": {
    "ENABLE": true,
    "DATASET": "HMDB51",
    "BATCH_SIZE": 1,
    "LOG_FILE": "train.log",
    "EVAL_PERIOD": 2,
    "NUM_FOLDS": 1,
    "AUTO_RESUME": false,
    "CHECKPOINT_PERIOD": 10,
    "CHECKPOINT_FILE_PATH": "",
    "CHECKPOINT_TYPE": "pytorch",
    "CHECKPOINT_INFLATE": false,
    "CHECKPOINT_PRE_PROCESS": {
      "ENABLE": false
    },
    "FINE_TUNE": true,
    "ONLY_LINEAR": false,
    "LR_REDUCE": false,
    "TRAIN_VAL_COMBINE": false,
    "LOSS_FUNC": "cross_entropy",
    "USE_CLASSIFICATION_VALUE": 2.5,
    "GRADIENT_CHECKPOINT": true,
    "NUM_CLASS": 31,
    "META_BATCH": true,
    "WAY": 5,
    "SHOT": 1,
    "QUERY_PER_CLASS": 1,
    "QUERY_PER_CLASS_TEST": 1,
    "NUM_TRAIN_TASKS": 6000,
    "NUM_TEST_TASKS": 10000,
    "VAL_FRE_ITER": 2000,
    "BATCH_SIZE_PER_TASK": 8,
    "NORMALIZE_ACCUMULATED_GRADIENTS": false,
    "EARLY_STOP": {
      "ENABLE": true,
      "PATIENCE": 0,
      "MIN_DELTA": 0.05
    }
  },
  "TEST": {
    "ENABLE": true,
    "DATASET": "HMDB51",
    "BATCH_SIZE": 1,
    "NUM_SPATIAL_CROPS": 1,
    "SPATIAL_CROPS": "cctltr",
    "NUM_ENSEMBLE_VIEWS": 1,
    "LOG_FILE": "test.log",
    "CHECKPOINT_FILE_PATH": "",
    "CHECKPOINT_TYPE": "pytorch",
    "AUTOMATIC_MULTI_SCALE_TEST": false,
    "TEST_SET": "val",
    "UPLOAD_CLASSIFIER_RESULTS": true,
    "SHOT": [
      1,
      5
    ],
    "EPISODE_SEED": 2026
  },
  "VISUALIZATION": {
    "ENABLE": false,
    "NAME": "",
    "FEATURE_MAPS": {
      "ENABLE": false,
      "BASE_OUTPUT_DIR": ""
    }
  },
  "SUBMISSION": {
    "ENABLE": false,
    "SAVE_RESULTS_PATH": "test.json"
  },
  "DATA": {
    "DATA_ROOT_DIR": "/mnt/data/yanyi2025/lrc/action_data/hmdb51/",
    "ANNO_DIR": "config/hmdb51/",
    "NUM_INPUT_FRAMES": 8,
    "NUM_INPUT_CHANNELS": 2304,
    "SAMPLING_MODE": "interval_based",
    "SAMPLING_RATE": 50,
    "TRAIN_JITTER_SCALES": [
      256,
      256
    ],
    "TRAIN_CROP_SIZE": 224,
    "TEST_SCALE": 256,
    "TEST_CROP_SIZE": 224,
    "MEAN": [
      0.48145466,
      0.4578275,
      0.40821073
    ],
    "STD": [
      0.26862954,
      0.26130258,
      0.27577711
    ],
    "MULTI_LABEL": false,
    "ENSEMBLE_METHOD": "sum",
    "TARGET_FPS": 12,
    "MINUS_INTERVAL": false,
    "FPS": 12,
    "NORM_FEATURE": false,
    "USE_AUG_FEATURE": false,
    "AUG": false,
    "LOAD_PROPS": false,
    "TEMPORAL_SCALE": 256,
    "LABELS_TYPE": "cls",
    "LOAD_TYPE": "pickle",
    "DOWNLOAD_FEATURE": true,
    "SAMPLING_UNIFORM": false,
    "TEST_CENTER_CROP": true,
    "CLIP_INTERVAL": 8
  },
  "MODEL": {
    "NAME": "BaseVideoModel",
    "EMA": {
      "ENABLE": false,
      "DECAY": 0.99996
    }
  },
  "VIDEO": {
    "BACKBONE": {
      "DEPTH": null,
      "META_ARCH": "Identity",
      "NUM_FILTERS": null,
      "NUM_INPUT_CHANNELS": 3,
      "NUM_OUT_FEATURES": null,
      "KERNEL_SIZE": null,
      "DOWNSAMPLING": null,
      "DOWNSAMPLING_TEMPORAL": null,
      "NUM_STREAMS": 1,
      "EXPANSION_RATIO": 2,
      "BRANCH": {
        "NAME": null
      },
      "STEM": {
        "NAME": null
      },
      "NONLOCAL": {
        "ENABLE": false,
        "STAGES": [
          5
        ],
        "MASK_ENABLE": false
      },
      "INITIALIZATION": null
    },
    "HEAD": {
      "NAME": "BaseTemporalClassifier",
      "ACTIVATION": "softmax",
      "DROPOUT_RATE": 0.0,
      "NUM_CLASSES": 200
    }
  },
  "OPTIMIZER": {
    "ADJUST_LR": false,
    "BASE_LR": 0.002,
    "LR_POLICY": "cosine",
    "MAX_EPOCH": 300,
    "MOMENTUM": 0.9,
    "WEIGHT_DECAY": "1e-3",
    "WARMUP_EPOCHS": 10,
    "WARMUP_START_LR": 0.0002,
    "OPTIM_METHOD": "adam",
    "DAMPENING": 0.0,
    "NESTEROV": true
  },
  "BN": {
    "WB_LOCK": false,
    "FREEZE": false,
    "WEIGHT_DECAY": 0.0,
    "MOMENTUM": 0.1,
    "EPS": "1e-3",
    "SYNC": false
  },
  "DATA_LOADER": {
    "NUM_WORKERS": 8,
    "PIN_MEMORY": true,
    "ENABLE_MULTI_THREAD_DECODE": true,
    "COLLATE_FN": null
  },
  "NUM_GPUS": 1,
  "SHARD_ID": 0,
  "NUM_SHARDS": 1,
  "RANDOM_SEED": 18,
  "OUTPUT_DIR": "output/HMDB51_FOCUS_TASK_MATCH",
  "OUTPUT_CFG_FILE": "configuration.log",
  "LOG_PERIOD": 100,
  "DIST_BACKEND": "nccl",
  "LOG_MODEL_INFO": false,
  "LOG_CONFIG_INFO": true,
  "OSS": {
    "ENABLE": false,
    "KEY": null,
    "SECRET": null,
    "ENDPOINT": null,
    "CHECKPOINT_OUTPUT_PATH": null,
    "SECONDARY_DATA_OSS": {
      "ENABLE": false,
      "KEY": null,
      "SECRET": null,
      "ENDPOINT": null,
      "BUCKETS": [
        ""
      ]
    }
  },
  "AUGMENTATION": {
    "COLOR_AUG": false,
    "BRIGHTNESS": 0.5,
    "CONTRAST": 0.5,
    "SATURATION": 0.5,
    "HUE": 0.25,
    "GRAYSCALE": 0.3,
    "CONSISTENT": true,
    "SHUFFLE": true,
    "GRAY_FIRST": true,
    "RATIO": [
      0.857142857142857,
      1.1666666666666667
    ],
    "USE_GPU": false,
    "MIXUP": {
      "ENABLE": false,
      "ALPHA": 0.0,
      "PROB": 1.0,
      "MODE": "batch",
      "SWITCH_PROB": 0.5
    },
    "CUTMIX": {
      "ENABLE": false,
      "ALPHA": 0.0,
      "MINMAX": null
    },
    "RANDOM_ERASING": {
      "ENABLE": false,
      "PROB": 0.25,
      "MODE": "const",
      "COUNT": [
        1,
        1
      ],
      "NUM_SPLITS": 0,
      "AREA_RANGE": [
        0.02,
        0.33
      ],
      "MIN_ASPECT": 0.3
    },
    "LABEL_SMOOTHING": 0.0,
    "SSV2_FLIP": false,
    "IS_SPLIT": false,
    "NO_RANDOM_ERASE": true,
    "SUPPORT_QUERY_DIFF": true
  },
  "PAI": false,
  "USE_MULTISEG_VAL_DIST": false,
  "DETECTION": {
    "ENABLE": false
  },
  "TENSORBOARD": {
    "ENABLE": false
  },
  "SOLVER": {
    "BASE_LR": 0.001,
    "LR_POLICY": "steps_with_relative_lrs",
    "MAX_EPOCH": 10,
    "MOMENTUM": 0.9,
    "WEIGHT_DECAY": "5e-4",
    "WARMUP_EPOCHS": 1,
    "WARMUP_START_LR": 0.0002,
    "OPTIM_METHOD": "adam",
    "DAMPENING": 0.0,
    "NESTEROV": true,
    "STEPS_ITER": 600,
    "STEPS": [
      0,
      5,
      7,
      9
    ],
    "LRS": [
      1,
      0.5,
      0.1,
      0.05
    ]
  },
  "PRE_DOWNLOAD": {
    "ENABLE": false
  },
  "SUPPORT_SHOT": 1,
  "FOCUS": {
    "ENABLE": true,
    "HEADS": 8,
    "DROPOUT": 0.1,
    "GATE_INIT": -4.0,
    "TEMPORAL_GATE_INIT": -4.0,
    "ALPHA_INIT": -4.0,
    "DETACH_INPUT": true
  },
  "TASK_MATCH": {
    "ENABLE": true,
    "HIDDEN_RATIO": 0.25,
    "DROPOUT": 0.1,
    "TEMPERATURE": 1.0,
    "DISTANCE_SCALE": 16.0,
    "ALPHA_INIT": -4.0,
    "USE_FOCUS_FEATURES": false
  },
  "ADAPTER": {
    "NAME": "ViT_CLIP",
    "PRETRAINED": "ViT-B/16",
    "WIDTH": 768,
    "PATCH_SIZE": 16,
    "LAYERS": 12,
    "HEADS": 12,
    "ADAPTER_SCALE": 0.25
  },
  "INIT_METHOD": "tcp://localhost:1111",
  "CUDA_VISIBLE_DEVICES": "0"
}

[09/03 21:57:48][INFO] models.base.adapter: 1070: load model from: ViT-B/16
[09/03 21:57:49][INFO] models.base.adapter: 1077: Missing keys: ['temporal_embedding', 'focus_alpha', 'task_match_alpha', 'transformer.resblocks.0.Adapter.down.weight', 'transformer.resblocks.0.Adapter.down.bias', 'transformer.resblocks.0.Adapter.pos_embed.weight', 'transformer.resblocks.0.Adapter.pos_embed.bias', 'transformer.resblocks.0.Adapter.s_ln.weight', 'transformer.resblocks.0.Adapter.s_ln.bias', 'transformer.resblocks.0.Adapter.s_attn.conv_offset.0.weight', 'transformer.resblocks.0.Adapter.s_attn.conv_offset.0.bias', 'transformer.resblocks.0.Adapter.s_attn.conv_offset.1.norm.weight', 'transformer.resblocks.0.Adapter.s_attn.conv_offset.1.norm.bias', 'transformer.resblocks.0.Adapter.s_attn.conv_offset.3.weight', 'transformer.resblocks.0.Adapter.s_attn.proj_q.weight', 'transformer.resblocks.0.Adapter.s_attn.proj_q.bias', 'transformer.resblocks.0.Adapter.s_attn.proj_k.weight', 'transformer.resblocks.0.Adapter.s_attn.proj_k.bias', 'transformer.resblocks.0.Adapter.s_attn.proj_v.weight', 'transformer.resblocks.0.Adapter.s_attn.proj_v.bias', 'transformer.resblocks.0.Adapter.s_attn.proj_out.weight', 'transformer.resblocks.0.Adapter.s_attn.proj_out.bias', 'transformer.resblocks.0.Adapter.t_ln.weight', 'transformer.resblocks.0.Adapter.t_ln.bias', 'transformer.resblocks.0.Adapter.t_attn.conv_offset.0.weight', 'transformer.resblocks.0.Adapter.t_attn.conv_offset.0.bias', 'transformer.resblocks.0.Adapter.t_attn.conv_offset.1.norm.weight', 'transformer.resblocks.0.Adapter.t_attn.conv_offset.1.norm.bias', 'transformer.resblocks.0.Adapter.t_attn.conv_offset.3.weight', 'transformer.resblocks.0.Adapter.t_attn.proj_q.weight', 'transformer.resblocks.0.Adapter.t_attn.proj_q.bias', 'transformer.resblocks.0.Adapter.t_attn.proj_k.weight', 'transformer.resblocks.0.Adapter.t_attn.proj_k.bias', 'transformer.resblocks.0.Adapter.t_attn.proj_v.weight', 'transformer.resblocks.0.Adapter.t_attn.proj_v.bias', 'transformer.resblocks.0.Adapter.t_attn.proj_out.weight', 'transformer.resblocks.0.Adapter.t_attn.proj_out.bias', 'transformer.resblocks.0.Adapter.up.weight', 'transformer.resblocks.0.Adapter.up.bias', 'transformer.resblocks.1.Adapter.down.weight', 'transformer.resblocks.1.Adapter.down.bias', 'transformer.resblocks.1.Adapter.pos_embed.weight', 'transformer.resblocks.1.Adapter.pos_embed.bias', 'transformer.resblocks.1.Adapter.s_ln.weight', 'transformer.resblocks.1.Adapter.s_ln.bias', 'transformer.resblocks.1.Adapter.s_attn.conv_offset.0.weight', 'transformer.resblocks.1.Adapter.s_attn.conv_offset.0.bias', 'transformer.resblocks.1.Adapter.s_attn.conv_offset.1.norm.weight', 'transformer.resblocks.1.Adapter.s_attn.conv_offset.1.norm.bias', 'transformer.resblocks.1.Adapter.s_attn.conv_offset.3.weight', 'transformer.resblocks.1.Adapter.s_attn.proj_q.weight', 'transformer.resblocks.1.Adapter.s_attn.proj_q.bias', 'transformer.resblocks.1.Adapter.s_attn.proj_k.weight', 'transformer.resblocks.1.Adapter.s_attn.proj_k.bias', 'transformer.resblocks.1.Adapter.s_attn.proj_v.weight', 'transformer.resblocks.1.Adapter.s_attn.proj_v.bias', 'transformer.resblocks.1.Adapter.s_attn.proj_out.weight', 'transformer.resblocks.1.Adapter.s_attn.proj_out.bias', 'transformer.resblocks.1.Adapter.t_ln.weight', 'transformer.resblocks.1.Adapter.t_ln.bias', 'transformer.resblocks.1.Adapter.t_attn.conv_offset.0.weight', 'transformer.resblocks.1.Adapter.t_attn.conv_offset.0.bias', 'transformer.resblocks.1.Adapter.t_attn.conv_offset.1.norm.weight', 'transformer.resblocks.1.Adapter.t_attn.conv_offset.1.norm.bias', 'transformer.resblocks.1.Adapter.t_attn.conv_offset.3.weight', 'transformer.resblocks.1.Adapter.t_attn.proj_q.weight', 'transformer.resblocks.1.Adapter.t_attn.proj_q.bias', 'transformer.resblocks.1.Adapter.t_attn.proj_k.weight', 'transformer.resblocks.1.Adapter.t_attn.proj_k.bias', 'transformer.resblocks.1.Adapter.t_attn.proj_v.weight', 'transformer.resblocks.1.Adapter.t_attn.proj_v.bias', 'transformer.resblocks.1.Adapter.t_attn.proj_out.weight', 'transformer.resblocks.1.Adapter.t_attn.proj_out.bias', 'transformer.resblocks.1.Adapter.up.weight', 'transformer.resblocks.1.Adapter.up.bias', 'transformer.resblocks.2.Adapter.down.weight', 'transformer.resblocks.2.Adapter.down.bias', 'transformer.resblocks.2.Adapter.pos_embed.weight', 'transformer.resblocks.2.Adapter.pos_embed.bias', 'transformer.resblocks.2.Adapter.s_ln.weight', 'transformer.resblocks.2.Adapter.s_ln.bias', 'transformer.resblocks.2.Adapter.s_attn.conv_offset.0.weight', 'transformer.resblocks.2.Adapter.s_attn.conv_offset.0.bias', 'transformer.resblocks.2.Adapter.s_attn.conv_offset.1.norm.weight', 'transformer.resblocks.2.Adapter.s_attn.conv_offset.1.norm.bias', 'transformer.resblocks.2.Adapter.s_attn.conv_offset.3.weight', 'transformer.resblocks.2.Adapter.s_attn.proj_q.weight', 'transformer.resblocks.2.Adapter.s_attn.proj_q.bias', 'transformer.resblocks.2.Adapter.s_attn.proj_k.weight', 'transformer.resblocks.2.Adapter.s_attn.proj_k.bias', 'transformer.resblocks.2.Adapter.s_attn.proj_v.weight', 'transformer.resblocks.2.Adapter.s_attn.proj_v.bias', 'transformer.resblocks.2.Adapter.s_attn.proj_out.weight', 'transformer.resblocks.2.Adapter.s_attn.proj_out.bias', 'transformer.resblocks.2.Adapter.t_ln.weight', 'transformer.resblocks.2.Adapter.t_ln.bias', 'transformer.resblocks.2.Adapter.t_attn.conv_offset.0.weight', 'transformer.resblocks.2.Adapter.t_attn.conv_offset.0.bias', 'transformer.resblocks.2.Adapter.t_attn.conv_offset.1.norm.weight', 'transformer.resblocks.2.Adapter.t_attn.conv_offset.1.norm.bias', 'transformer.resblocks.2.Adapter.t_attn.conv_offset.3.weight', 'transformer.resblocks.2.Adapter.t_attn.proj_q.weight', 'transformer.resblocks.2.Adapter.t_attn.proj_q.bias', 'transformer.resblocks.2.Adapter.t_attn.proj_k.weight', 'transformer.resblocks.2.Adapter.t_attn.proj_k.bias', 'transformer.resblocks.2.Adapter.t_attn.proj_v.weight', 'transformer.resblocks.2.Adapter.t_attn.proj_v.bias', 'transformer.resblocks.2.Adapter.t_attn.proj_out.weight', 'transformer.resblocks.2.Adapter.t_attn.proj_out.bias', 'transformer.resblocks.2.Adapter.up.weight', 'transformer.resblocks.2.Adapter.up.bias', 'transformer.resblocks.3.Adapter.down.weight', 'transformer.resblocks.3.Adapter.down.bias', 'transformer.resblocks.3.Adapter.pos_embed.weight', 'transformer.resblocks.3.Adapter.pos_embed.bias', 'transformer.resblocks.3.Adapter.s_ln.weight', 'transformer.resblocks.3.Adapter.s_ln.bias', 'transformer.resblocks.3.Adapter.s_attn.conv_offset.0.weight', 'transformer.resblocks.3.Adapter.s_attn.conv_offset.0.bias', 'transformer.resblocks.3.Adapter.s_attn.conv_offset.1.norm.weight', 'transformer.resblocks.3.Adapter.s_attn.conv_offset.1.norm.bias', 'transformer.resblocks.3.Adapter.s_attn.conv_offset.3.weight', 'transformer.resblocks.3.Adapter.s_attn.proj_q.weight', 'transformer.resblocks.3.Adapter.s_attn.proj_q.bias', 'transformer.resblocks.3.Adapter.s_attn.proj_k.weight', 'transformer.resblocks.3.Adapter.s_attn.proj_k.bias', 'transformer.resblocks.3.Adapter.s_attn.proj_v.weight', 'transformer.resblocks.3.Adapter.s_attn.proj_v.bias', 'transformer.resblocks.3.Adapter.s_attn.proj_out.weight', 'transformer.resblocks.3.Adapter.s_attn.proj_out.bias', 'transformer.resblocks.3.Adapter.t_ln.weight', 'transformer.resblocks.3.Adapter.t_ln.bias', 'transformer.resblocks.3.Adapter.t_attn.conv_offset.0.weight', 'transformer.resblocks.3.Adapter.t_attn.conv_offset.0.bias', 'transformer.resblocks.3.Adapter.t_attn.conv_offset.1.norm.weight', 'transformer.resblocks.3.Adapter.t_attn.conv_offset.1.norm.bias', 'transformer.resblocks.3.Adapter.t_attn.conv_offset.3.weight', 'transformer.resblocks.3.Adapter.t_attn.proj_q.weight', 'transformer.resblocks.3.Adapter.t_attn.proj_q.bias', 'transformer.resblocks.3.Adapter.t_attn.proj_k.weight', 'transformer.resblocks.3.Adapter.t_attn.proj_k.bias', 'transformer.resblocks.3.Adapter.t_attn.proj_v.weight', 'transformer.resblocks.3.Adapter.t_attn.proj_v.bias', 'transformer.resblocks.3.Adapter.t_attn.proj_out.weight', 'transformer.resblocks.3.Adapter.t_attn.proj_out.bias', 'transformer.resblocks.3.Adapter.up.weight', 'transformer.resblocks.3.Adapter.up.bias', 'transformer.resblocks.4.Adapter.down.weight', 'transformer.resblocks.4.Adapter.down.bias', 'transformer.resblocks.4.Adapter.pos_embed.weight', 'transformer.resblocks.4.Adapter.pos_embed.bias', 'transformer.resblocks.4.Adapter.s_ln.weight', 'transformer.resblocks.4.Adapter.s_ln.bias', 'transformer.resblocks.4.Adapter.s_attn.conv_offset.0.weight', 'transformer.resblocks.4.Adapter.s_attn.conv_offset.0.bias', 'transformer.resblocks.4.Adapter.s_attn.conv_offset.1.norm.weight', 'transformer.resblocks.4.Adapter.s_attn.conv_offset.1.norm.bias', 'transformer.resblocks.4.Adapter.s_attn.conv_offset.3.weight', 'transformer.resblocks.4.Adapter.s_attn.proj_q.weight', 'transformer.resblocks.4.Adapter.s_attn.proj_q.bias', 'transformer.resblocks.4.Adapter.s_attn.proj_k.weight', 'transformer.resblocks.4.Adapter.s_attn.proj_k.bias', 'transformer.resblocks.4.Adapter.s_attn.proj_v.weight', 'transformer.resblocks.4.Adapter.s_attn.proj_v.bias', 'transformer.resblocks.4.Adapter.s_attn.proj_out.weight', 'transformer.resblocks.4.Adapter.s_attn.proj_out.bias', 'transformer.resblocks.4.Adapter.t_ln.weight', 'transformer.resblocks.4.Adapter.t_ln.bias', 'transformer.resblocks.4.Adapter.t_attn.conv_offset.0.weight', 'transformer.resblocks.4.Adapter.t_attn.conv_offset.0.bias', 'transformer.resblocks.4.Adapter.t_attn.conv_offset.1.norm.weight', 'transformer.resblocks.4.Adapter.t_attn.conv_offset.1.norm.bias', 'transformer.resblocks.4.Adapter.t_attn.conv_offset.3.weight', 'transformer.resblocks.4.Adapter.t_attn.proj_q.weight', 'transformer.resblocks.4.Adapter.t_attn.proj_q.bias', 'transformer.resblocks.4.Adapter.t_attn.proj_k.weight', 'transformer.resblocks.4.Adapter.t_attn.proj_k.bias', 'transformer.resblocks.4.Adapter.t_attn.proj_v.weight', 'transformer.resblocks.4.Adapter.t_attn.proj_v.bias', 'transformer.resblocks.4.Adapter.t_attn.proj_out.weight', 'transformer.resblocks.4.Adapter.t_attn.proj_out.bias', 'transformer.resblocks.4.Adapter.up.weight', 'transformer.resblocks.4.Adapter.up.bias', 'transformer.resblocks.5.Adapter.down.weight', 'transformer.resblocks.5.Adapter.down.bias', 'transformer.resblocks.5.Adapter.pos_embed.weight', 'transformer.resblocks.5.Adapter.pos_embed.bias', 'transformer.resblocks.5.Adapter.s_ln.weight', 'transformer.resblocks.5.Adapter.s_ln.bias', 'transformer.resblocks.5.Adapter.s_attn.conv_offset.0.weight', 'transformer.resblocks.5.Adapter.s_attn.conv_offset.0.bias', 'transformer.resblocks.5.Adapter.s_attn.conv_offset.1.norm.weight', 'transformer.resblocks.5.Adapter.s_attn.conv_offset.1.norm.bias', 'transformer.resblocks.5.Adapter.s_attn.conv_offset.3.weight', 'transformer.resblocks.5.Adapter.s_attn.proj_q.weight', 'transformer.resblocks.5.Adapter.s_attn.proj_q.bias', 'transformer.resblocks.5.Adapter.s_attn.proj_k.weight', 'transformer.resblocks.5.Adapter.s_attn.proj_k.bias', 'transformer.resblocks.5.Adapter.s_attn.proj_v.weight', 'transformer.resblocks.5.Adapter.s_attn.proj_v.bias', 'transformer.resblocks.5.Adapter.s_attn.proj_out.weight', 'transformer.resblocks.5.Adapter.s_attn.proj_out.bias', 'transformer.resblocks.5.Adapter.t_ln.weight', 'transformer.resblocks.5.Adapter.t_ln.bias', 'transformer.resblocks.5.Adapter.t_attn.conv_offset.0.weight', 'transformer.resblocks.5.Adapter.t_attn.conv_offset.0.bias', 'transformer.resblocks.5.Adapter.t_attn.conv_offset.1.norm.weight', 'transformer.resblocks.5.Adapter.t_attn.conv_offset.1.norm.bias', 'transformer.resblocks.5.Adapter.t_attn.conv_offset.3.weight', 'transformer.resblocks.5.Adapter.t_attn.proj_q.weight', 'transformer.resblocks.5.Adapter.t_attn.proj_q.bias', 'transformer.resblocks.5.Adapter.t_attn.proj_k.weight', 'transformer.resblocks.5.Adapter.t_attn.proj_k.bias', 'transformer.resblocks.5.Adapter.t_attn.proj_v.weight', 'transformer.resblocks.5.Adapter.t_attn.proj_v.bias', 'transformer.resblocks.5.Adapter.t_attn.proj_out.weight', 'transformer.resblocks.5.Adapter.t_attn.proj_out.bias', 'transformer.resblocks.5.Adapter.up.weight', 'transformer.resblocks.5.Adapter.up.bias', 'transformer.resblocks.6.Adapter.down.weight', 'transformer.resblocks.6.Adapter.down.bias', 'transformer.resblocks.6.Adapter.pos_embed.weight', 'transformer.resblocks.6.Adapter.pos_embed.bias', 'transformer.resblocks.6.Adapter.s_ln.weight', 'transformer.resblocks.6.Adapter.s_ln.bias', 'transformer.resblocks.6.Adapter.s_attn.conv_offset.0.weight', 'transformer.resblocks.6.Adapter.s_attn.conv_offset.0.bias', 'transformer.resblocks.6.Adapter.s_attn.conv_offset.1.norm.weight', 'transformer.resblocks.6.Adapter.s_attn.conv_offset.1.norm.bias', 'transformer.resblocks.6.Adapter.s_attn.conv_offset.3.weight', 'transformer.resblocks.6.Adapter.s_attn.proj_q.weight', 'transformer.resblocks.6.Adapter.s_attn.proj_q.bias', 'transformer.resblocks.6.Adapter.s_attn.proj_k.weight', 'transformer.resblocks.6.Adapter.s_attn.proj_k.bias', 'transformer.resblocks.6.Adapter.s_attn.proj_v.weight', 'transformer.resblocks.6.Adapter.s_attn.proj_v.bias', 'transformer.resblocks.6.Adapter.s_attn.proj_out.weight', 'transformer.resblocks.6.Adapter.s_attn.proj_out.bias', 'transformer.resblocks.6.Adapter.t_ln.weight', 'transformer.resblocks.6.Adapter.t_ln.bias', 'transformer.resblocks.6.Adapter.t_attn.conv_offset.0.weight', 'transformer.resblocks.6.Adapter.t_attn.conv_offset.0.bias', 'transformer.resblocks.6.Adapter.t_attn.conv_offset.1.norm.weight', 'transformer.resblocks.6.Adapter.t_attn.conv_offset.1.norm.bias', 'transformer.resblocks.6.Adapter.t_attn.conv_offset.3.weight', 'transformer.resblocks.6.Adapter.t_attn.proj_q.weight', 'transformer.resblocks.6.Adapter.t_attn.proj_q.bias', 'transformer.resblocks.6.Adapter.t_attn.proj_k.weight', 'transformer.resblocks.6.Adapter.t_attn.proj_k.bias', 'transformer.resblocks.6.Adapter.t_attn.proj_v.weight', 'transformer.resblocks.6.Adapter.t_attn.proj_v.bias', 'transformer.resblocks.6.Adapter.t_attn.proj_out.weight', 'transformer.resblocks.6.Adapter.t_attn.proj_out.bias', 'transformer.resblocks.6.Adapter.up.weight', 'transformer.resblocks.6.Adapter.up.bias', 'transformer.resblocks.7.Adapter.down.weight', 'transformer.resblocks.7.Adapter.down.bias', 'transformer.resblocks.7.Adapter.pos_embed.weight', 'transformer.resblocks.7.Adapter.pos_embed.bias', 'transformer.resblocks.7.Adapter.s_ln.weight', 'transformer.resblocks.7.Adapter.s_ln.bias', 'transformer.resblocks.7.Adapter.s_attn.conv_offset.0.weight', 'transformer.resblocks.7.Adapter.s_attn.conv_offset.0.bias', 'transformer.resblocks.7.Adapter.s_attn.conv_offset.1.norm.weight', 'transformer.resblocks.7.Adapter.s_attn.conv_offset.1.norm.bias', 'transformer.resblocks.7.Adapter.s_attn.conv_offset.3.weight', 'transformer.resblocks.7.Adapter.s_attn.proj_q.weight', 'transformer.resblocks.7.Adapter.s_attn.proj_q.bias', 'transformer.resblocks.7.Adapter.s_attn.proj_k.weight', 'transformer.resblocks.7.Adapter.s_attn.proj_k.bias', 'transformer.resblocks.7.Adapter.s_attn.proj_v.weight', 'transformer.resblocks.7.Adapter.s_attn.proj_v.bias', 'transformer.resblocks.7.Adapter.s_attn.proj_out.weight', 'transformer.resblocks.7.Adapter.s_attn.proj_out.bias', 'transformer.resblocks.7.Adapter.t_ln.weight', 'transformer.resblocks.7.Adapter.t_ln.bias', 'transformer.resblocks.7.Adapter.t_attn.conv_offset.0.weight', 'transformer.resblocks.7.Adapter.t_attn.conv_offset.0.bias', 'transformer.resblocks.7.Adapter.t_attn.conv_offset.1.norm.weight', 'transformer.resblocks.7.Adapter.t_attn.conv_offset.1.norm.bias', 'transformer.resblocks.7.Adapter.t_attn.conv_offset.3.weight', 'transformer.resblocks.7.Adapter.t_attn.proj_q.weight', 'transformer.resblocks.7.Adapter.t_attn.proj_q.bias', 'transformer.resblocks.7.Adapter.t_attn.proj_k.weight', 'transformer.resblocks.7.Adapter.t_attn.proj_k.bias', 'transformer.resblocks.7.Adapter.t_attn.proj_v.weight', 'transformer.resblocks.7.Adapter.t_attn.proj_v.bias', 'transformer.resblocks.7.Adapter.t_attn.proj_out.weight', 'transformer.resblocks.7.Adapter.t_attn.proj_out.bias', 'transformer.resblocks.7.Adapter.up.weight', 'transformer.resblocks.7.Adapter.up.bias', 'transformer.resblocks.8.Adapter.down.weight', 'transformer.resblocks.8.Adapter.down.bias', 'transformer.resblocks.8.Adapter.pos_embed.weight', 'transformer.resblocks.8.Adapter.pos_embed.bias', 'transformer.resblocks.8.Adapter.s_ln.weight', 'transformer.resblocks.8.Adapter.s_ln.bias', 'transformer.resblocks.8.Adapter.s_attn.conv_offset.0.weight', 'transformer.resblocks.8.Adapter.s_attn.conv_offset.0.bias', 'transformer.resblocks.8.Adapter.s_attn.conv_offset.1.norm.weight', 'transformer.resblocks.8.Adapter.s_attn.conv_offset.1.norm.bias', 'transformer.resblocks.8.Adapter.s_attn.conv_offset.3.weight', 'transformer.resblocks.8.Adapter.s_attn.proj_q.weight', 'transformer.resblocks.8.Adapter.s_attn.proj_q.bias', 'transformer.resblocks.8.Adapter.s_attn.proj_k.weight', 'transformer.resblocks.8.Adapter.s_attn.proj_k.bias', 'transformer.resblocks.8.Adapter.s_attn.proj_v.weight', 'transformer.resblocks.8.Adapter.s_attn.proj_v.bias', 'transformer.resblocks.8.Adapter.s_attn.proj_out.weight', 'transformer.resblocks.8.Adapter.s_attn.proj_out.bias', 'transformer.resblocks.8.Adapter.t_ln.weight', 'transformer.resblocks.8.Adapter.t_ln.bias', 'transformer.resblocks.8.Adapter.t_attn.conv_offset.0.weight', 'transformer.resblocks.8.Adapter.t_attn.conv_offset.0.bias', 'transformer.resblocks.8.Adapter.t_attn.conv_offset.1.norm.weight', 'transformer.resblocks.8.Adapter.t_attn.conv_offset.1.norm.bias', 'transformer.resblocks.8.Adapter.t_attn.conv_offset.3.weight', 'transformer.resblocks.8.Adapter.t_attn.proj_q.weight', 'transformer.resblocks.8.Adapter.t_attn.proj_q.bias', 'transformer.resblocks.8.Adapter.t_attn.proj_k.weight', 'transformer.resblocks.8.Adapter.t_attn.proj_k.bias', 'transformer.resblocks.8.Adapter.t_attn.proj_v.weight', 'transformer.resblocks.8.Adapter.t_attn.proj_v.bias', 'transformer.resblocks.8.Adapter.t_attn.proj_out.weight', 'transformer.resblocks.8.Adapter.t_attn.proj_out.bias', 'transformer.resblocks.8.Adapter.up.weight', 'transformer.resblocks.8.Adapter.up.bias', 'transformer.resblocks.9.Adapter.down.weight', 'transformer.resblocks.9.Adapter.down.bias', 'transformer.resblocks.9.Adapter.pos_embed.weight', 'transformer.resblocks.9.Adapter.pos_embed.bias', 'transformer.resblocks.9.Adapter.s_ln.weight', 'transformer.resblocks.9.Adapter.s_ln.bias', 'transformer.resblocks.9.Adapter.s_attn.conv_offset.0.weight', 'transformer.resblocks.9.Adapter.s_attn.conv_offset.0.bias', 'transformer.resblocks.9.Adapter.s_attn.conv_offset.1.norm.weight', 'transformer.resblocks.9.Adapter.s_attn.conv_offset.1.norm.bias', 'transformer.resblocks.9.Adapter.s_attn.conv_offset.3.weight', 'transformer.resblocks.9.Adapter.s_attn.proj_q.weight', 'transformer.resblocks.9.Adapter.s_attn.proj_q.bias', 'transformer.resblocks.9.Adapter.s_attn.proj_k.weight', 'transformer.resblocks.9.Adapter.s_attn.proj_k.bias', 'transformer.resblocks.9.Adapter.s_attn.proj_v.weight', 'transformer.resblocks.9.Adapter.s_attn.proj_v.bias', 'transformer.resblocks.9.Adapter.s_attn.proj_out.weight', 'transformer.resblocks.9.Adapter.s_attn.proj_out.bias', 'transformer.resblocks.9.Adapter.t_ln.weight', 'transformer.resblocks.9.Adapter.t_ln.bias', 'transformer.resblocks.9.Adapter.t_attn.conv_offset.0.weight', 'transformer.resblocks.9.Adapter.t_attn.conv_offset.0.bias', 'transformer.resblocks.9.Adapter.t_attn.conv_offset.1.norm.weight', 'transformer.resblocks.9.Adapter.t_attn.conv_offset.1.norm.bias', 'transformer.resblocks.9.Adapter.t_attn.conv_offset.3.weight', 'transformer.resblocks.9.Adapter.t_attn.proj_q.weight', 'transformer.resblocks.9.Adapter.t_attn.proj_q.bias', 'transformer.resblocks.9.Adapter.t_attn.proj_k.weight', 'transformer.resblocks.9.Adapter.t_attn.proj_k.bias', 'transformer.resblocks.9.Adapter.t_attn.proj_v.weight', 'transformer.resblocks.9.Adapter.t_attn.proj_v.bias', 'transformer.resblocks.9.Adapter.t_attn.proj_out.weight', 'transformer.resblocks.9.Adapter.t_attn.proj_out.bias', 'transformer.resblocks.9.Adapter.up.weight', 'transformer.resblocks.9.Adapter.up.bias', 'transformer.resblocks.10.Adapter.down.weight', 'transformer.resblocks.10.Adapter.down.bias', 'transformer.resblocks.10.Adapter.pos_embed.weight', 'transformer.resblocks.10.Adapter.pos_embed.bias', 'transformer.resblocks.10.Adapter.s_ln.weight', 'transformer.resblocks.10.Adapter.s_ln.bias', 'transformer.resblocks.10.Adapter.s_attn.conv_offset.0.weight', 'transformer.resblocks.10.Adapter.s_attn.conv_offset.0.bias', 'transformer.resblocks.10.Adapter.s_attn.conv_offset.1.norm.weight', 'transformer.resblocks.10.Adapter.s_attn.conv_offset.1.norm.bias', 'transformer.resblocks.10.Adapter.s_attn.conv_offset.3.weight', 'transformer.resblocks.10.Adapter.s_attn.proj_q.weight', 'transformer.resblocks.10.Adapter.s_attn.proj_q.bias', 'transformer.resblocks.10.Adapter.s_attn.proj_k.weight', 'transformer.resblocks.10.Adapter.s_attn.proj_k.bias', 'transformer.resblocks.10.Adapter.s_attn.proj_v.weight', 'transformer.resblocks.10.Adapter.s_attn.proj_v.bias', 'transformer.resblocks.10.Adapter.s_attn.proj_out.weight', 'transformer.resblocks.10.Adapter.s_attn.proj_out.bias', 'transformer.resblocks.10.Adapter.t_ln.weight', 'transformer.resblocks.10.Adapter.t_ln.bias', 'transformer.resblocks.10.Adapter.t_attn.conv_offset.0.weight', 'transformer.resblocks.10.Adapter.t_attn.conv_offset.0.bias', 'transformer.resblocks.10.Adapter.t_attn.conv_offset.1.norm.weight', 'transformer.resblocks.10.Adapter.t_attn.conv_offset.1.norm.bias', 'transformer.resblocks.10.Adapter.t_attn.conv_offset.3.weight', 'transformer.resblocks.10.Adapter.t_attn.proj_q.weight', 'transformer.resblocks.10.Adapter.t_attn.proj_q.bias', 'transformer.resblocks.10.Adapter.t_attn.proj_k.weight', 'transformer.resblocks.10.Adapter.t_attn.proj_k.bias', 'transformer.resblocks.10.Adapter.t_attn.proj_v.weight', 'transformer.resblocks.10.Adapter.t_attn.proj_v.bias', 'transformer.resblocks.10.Adapter.t_attn.proj_out.weight', 'transformer.resblocks.10.Adapter.t_attn.proj_out.bias', 'transformer.resblocks.10.Adapter.up.weight', 'transformer.resblocks.10.Adapter.up.bias', 'transformer.resblocks.11.Adapter.down.weight', 'transformer.resblocks.11.Adapter.down.bias', 'transformer.resblocks.11.Adapter.pos_embed.weight', 'transformer.resblocks.11.Adapter.pos_embed.bias', 'transformer.resblocks.11.Adapter.s_ln.weight', 'transformer.resblocks.11.Adapter.s_ln.bias', 'transformer.resblocks.11.Adapter.s_attn.conv_offset.0.weight', 'transformer.resblocks.11.Adapter.s_attn.conv_offset.0.bias', 'transformer.resblocks.11.Adapter.s_attn.conv_offset.1.norm.weight', 'transformer.resblocks.11.Adapter.s_attn.conv_offset.1.norm.bias', 'transformer.resblocks.11.Adapter.s_attn.conv_offset.3.weight', 'transformer.resblocks.11.Adapter.s_attn.proj_q.weight', 'transformer.resblocks.11.Adapter.s_attn.proj_q.bias', 'transformer.resblocks.11.Adapter.s_attn.proj_k.weight', 'transformer.resblocks.11.Adapter.s_attn.proj_k.bias', 'transformer.resblocks.11.Adapter.s_attn.proj_v.weight', 'transformer.resblocks.11.Adapter.s_attn.proj_v.bias', 'transformer.resblocks.11.Adapter.s_attn.proj_out.weight', 'transformer.resblocks.11.Adapter.s_attn.proj_out.bias', 'transformer.resblocks.11.Adapter.t_ln.weight', 'transformer.resblocks.11.Adapter.t_ln.bias', 'transformer.resblocks.11.Adapter.t_attn.conv_offset.0.weight', 'transformer.resblocks.11.Adapter.t_attn.conv_offset.0.bias', 'transformer.resblocks.11.Adapter.t_attn.conv_offset.1.norm.weight', 'transformer.resblocks.11.Adapter.t_attn.conv_offset.1.norm.bias', 'transformer.resblocks.11.Adapter.t_attn.conv_offset.3.weight', 'transformer.resblocks.11.Adapter.t_attn.proj_q.weight', 'transformer.resblocks.11.Adapter.t_attn.proj_q.bias', 'transformer.resblocks.11.Adapter.t_attn.proj_k.weight', 'transformer.resblocks.11.Adapter.t_attn.proj_k.bias', 'transformer.resblocks.11.Adapter.t_attn.proj_v.weight', 'transformer.resblocks.11.Adapter.t_attn.proj_v.bias', 'transformer.resblocks.11.Adapter.t_attn.proj_out.weight', 'transformer.resblocks.11.Adapter.t_attn.proj_out.bias', 'transformer.resblocks.11.Adapter.up.weight', 'transformer.resblocks.11.Adapter.up.bias', 'classification_layer.weight', 'classification_layer.bias', 'focus_branch.temporal_alpha', 'focus_branch.norm.weight', 'focus_branch.norm.bias', 'focus_branch.time_proj.weight', 'focus_branch.time_proj.bias', 'focus_branch.temporal.self_attn.in_proj_weight', 'focus_branch.temporal.self_attn.in_proj_bias', 'focus_branch.temporal.self_attn.out_proj.weight', 'focus_branch.temporal.self_attn.out_proj.bias', 'focus_branch.temporal.linear1.weight', 'focus_branch.temporal.linear1.bias', 'focus_branch.temporal.linear2.weight', 'focus_branch.temporal.linear2.bias', 'focus_branch.temporal.norm1.weight', 'focus_branch.temporal.norm1.bias', 'focus_branch.temporal.norm2.weight', 'focus_branch.temporal.norm2.bias', 'focus_branch.gate.0.weight', 'focus_branch.gate.0.bias', 'focus_branch.gate.2.weight', 'focus_branch.gate.2.bias', 'task_matcher.context_norm.weight', 'task_matcher.context_norm.bias', 'task_matcher.generator.0.weight', 'task_matcher.generator.0.bias', 'task_matcher.generator.3.weight', 'task_matcher.generator.3.bias']
[09/03 21:57:49][INFO] models.base.adapter: 1078: Unexpected keys: []
[09/03 21:57:49][INFO] models.base.adapter: 1079: => loaded successfully 'ViT-B/16'
[09/03 21:57:49][INFO] models.base.adapter: 1086: init:  transformer.resblocks.0.Adapter.up
[09/03 21:57:49][INFO] models.base.adapter: 1086: init:  transformer.resblocks.1.Adapter.up
[09/03 21:57:49][INFO] models.base.adapter: 1086: init:  transformer.resblocks.2.Adapter.up
[09/03 21:57:49][INFO] models.base.adapter: 1086: init:  transformer.resblocks.3.Adapter.up
[09/03 21:57:49][INFO] models.base.adapter: 1086: init:  transformer.resblocks.4.Adapter.up
[09/03 21:57:49][INFO] models.base.adapter: 1086: init:  transformer.resblocks.5.Adapter.up
[09/03 21:57:49][INFO] models.base.adapter: 1086: init:  transformer.resblocks.6.Adapter.up
[09/03 21:57:49][INFO] models.base.adapter: 1086: init:  transformer.resblocks.7.Adapter.up
[09/03 21:57:49][INFO] models.base.adapter: 1086: init:  transformer.resblocks.8.Adapter.up
[09/03 21:57:49][INFO] models.base.adapter: 1086: init:  transformer.resblocks.9.Adapter.up
[09/03 21:57:49][INFO] models.base.adapter: 1086: init:  transformer.resblocks.10.Adapter.up
[09/03 21:57:49][INFO] models.base.adapter: 1086: init:  transformer.resblocks.11.Adapter.up
[09/03 21:57:50][INFO] train_net_few_shot:  308: Model:
BaseVideoModel(
  (model): ViT_CLIP(
    (conv1): Conv2d(3, 768, kernel_size=(16, 16), stride=(16, 16), bias=False)
    (ln_pre): LayerNorm((768,), eps=1e-05, elementwise_affine=True, bias=True)
    (transformer): Transformer(
      (resblocks): ModuleList(
        (0-11): 12 x ResidualAttentionBlock(
          (ln_1): LayerNorm((768,), eps=1e-05, elementwise_affine=True, bias=True)
          (attn): MultiheadAttention(
            (out_proj): NonDynamicallyQuantizableLinear(in_features=768, out_features=768, bias=True)
          )
          (ln_2): LayerNorm((768,), eps=1e-05, elementwise_affine=True, bias=True)
          (mlp): Sequential(
            (c_fc): Linear(in_features=768, out_features=3072, bias=True)
            (gelu): QuickGELU()
            (c_proj): Linear(in_features=3072, out_features=768, bias=True)
          )
          (Adapter): ViT_D2ST_Adapter(
            (down): Linear(in_features=768, out_features=192, bias=True)
            (gelu1): GELU(approximate='none')
            (pos_embed): Conv3d(192, 192, kernel_size=(3, 3, 3), stride=(1, 1, 1), padding=(1, 1, 1), groups=192)
            (s_ln): LayerNorm((192,), eps=1e-05, elementwise_affine=True, bias=True)
            (s_attn): ViT_DeformAttention(
              (conv_offset): Sequential(
                (0): Conv3d(48, 48, kernel_size=(4, 5, 5), stride=(4, 3, 3), groups=48)
                (1): LayerNormProxy(
                  (norm): LayerNorm((48,), eps=1e-05, elementwise_affine=True, bias=True)
                )
                (2): GELU(approximate='none')
                (3): Conv3d(48, 3, kernel_size=(1, 1, 1), stride=(1, 1, 1), bias=False)
              )
              (proj_q): Linear(in_features=192, out_features=192, bias=True)
              (proj_k): Linear(in_features=192, out_features=192, bias=True)
              (proj_v): Linear(in_features=192, out_features=192, bias=True)
              (proj_out): Linear(in_features=192, out_features=192, bias=True)
            )
            (t_ln): LayerNorm((192,), eps=1e-05, elementwise_affine=True, bias=True)
            (t_attn): ViT_DeformAttention(
              (conv_offset): Sequential(
                (0): Conv3d(48, 48, kernel_size=(1, 7, 7), stride=(1, 7, 7), groups=48)
                (1): LayerNormProxy(
                  (norm): LayerNorm((48,), eps=1e-05, elementwise_affine=True, bias=True)
                )
                (2): GELU(approximate='none')
                (3): Conv3d(48, 3, kernel_size=(1, 1, 1), stride=(1, 1, 1), bias=False)
              )
              (proj_q): Linear(in_features=192, out_features=192, bias=True)
              (proj_k): Linear(in_features=192, out_features=192, bias=True)
              (proj_v): Linear(in_features=192, out_features=192, bias=True)
              (proj_out): Linear(in_features=192, out_features=192, bias=True)
            )
            (gelu): GELU(approximate='none')
            (up): Linear(in_features=192, out_features=768, bias=True)
            (gelu2): GELU(approximate='none')
          )
        )
      )
    )
    (ln_post): LayerNorm((768,), eps=1e-05, elementwise_affine=True, bias=True)
    (classification_layer): Linear(in_features=768, out_features=31, bias=True)
    (focus_branch): D2STFocusResidual(
      (norm): LayerNorm((768,), eps=1e-05, elementwise_affine=True, bias=True)
      (time_proj): Linear(in_features=1, out_features=768, bias=True)
      (temporal): TransformerEncoderLayer(
        (self_attn): MultiheadAttention(
          (out_proj): NonDynamicallyQuantizableLinear(in_features=768, out_features=768, bias=True)
        )
        (linear1): Linear(in_features=768, out_features=1536, bias=True)
        (dropout): Dropout(p=0.1, inplace=False)
        (linear2): Linear(in_features=1536, out_features=768, bias=True)
        (norm1): LayerNorm((768,), eps=1e-05, elementwise_affine=True, bias=True)
        (norm2): LayerNorm((768,), eps=1e-05, elementwise_affine=True, bias=True)
        (dropout1): Dropout(p=0.1, inplace=False)
        (dropout2): Dropout(p=0.1, inplace=False)
      )
      (gate): Sequential(
        (0): Linear(in_features=768, out_features=48, bias=True)
        (1): GELU(approximate='none')
        (2): Linear(in_features=48, out_features=1, bias=True)
      )
    )
    (task_matcher): D2STTaskAwareMatcher(
      (context_norm): LayerNorm((768,), eps=1e-05, elementwise_affine=True, bias=True)
      (generator): Sequential(
        (0): Linear(in_features=768, out_features=192, bias=True)
        (1): GELU(approximate='none')
        (2): Dropout(p=0.1, inplace=False)
        (3): Linear(in_features=192, out_features=64, bias=True)
      )
    )
  )
)
[09/03 21:57:50][INFO] models.utils.optimizer:   82: Optimized parameters constructed. Parameters without weight decay: []
[09/03 21:57:50][INFO] datasets.base.few_shot_dataset:   97: Reading video list from file: train_few_shot.txt
[09/03 21:57:50][INFO] datasets.base.few_shot_dataset:  127: Loading HMDB51 dataset list for split 'train'...
[09/03 21:57:50][INFO] datasets.base.few_shot_dataset:   47: loaded 4280 videos from train dataset: HMDB51 !
[09/03 21:57:50][INFO] datasets.base.few_shot_dataset:  153: Dataset HMDB51 split train loaded. Length 4280.
[09/03 21:57:50][INFO] datasets.base.few_shot_dataset:   97: Reading video list from file: test_few_shot.txt
[09/03 21:57:50][INFO] datasets.base.few_shot_dataset:  127: Loading HMDB51 dataset list for split 'test'...
[09/03 21:57:50][INFO] datasets.base.few_shot_dataset:   47: loaded 1292 videos from test dataset: HMDB51 !
[09/03 21:57:50][INFO] datasets.base.few_shot_dataset:  153: Dataset HMDB51 split test loaded. Length 1292.
[09/03 21:57:50][INFO] train_net_few_shot:  330: Start epoch: 1
[09/03 21:57:50][INFO] train_net_few_shot:  363: Number of total parameters: 98032323, tunable parameters: 12235203
[09/03 21:57:50][INFO] train_net_few_shot:   89: Norm training: True
[09/03 21:57:50][INFO] train_net_few_shot:  107: Gradient accumulation: steps=8, normalize=False
[09/03 21:58:31][INFO] utils.logging:   91: {"_type": "train_iter", "iter": "100/6000", "loss": 9.024618, "lr": 0.000332, "top1_acc": 69.600001}
[09/03 21:59:09][INFO] utils.logging:   91: {"_type": "train_iter", "iter": "200/6000", "loss": 7.192941, "lr": 0.000465, "top1_acc": 73.600001}
[09/03 21:59:48][INFO] utils.logging:   91: {"_type": "train_iter", "iter": "300/6000", "loss": 4.785612, "lr": 0.000599, "top1_acc": 76.800001}
[09/03 22:00:27][INFO] utils.logging:   91: {"_type": "train_iter", "iter": "400/6000", "loss": 3.168757, "lr": 0.000732, "top1_acc": 82.600001}
[09/03 22:01:06][INFO] utils.logging:   91: {"_type": "train_iter", "iter": "500/6000", "loss": 2.264257, "lr": 0.000865, "top1_acc": 84.800001}
[09/03 22:01:45][INFO] utils.logging:   91: {"_type": "train_iter", "iter": "600/6000", "loss": 1.770865, "lr": 0.000999, "top1_acc": 87.400001}
[09/03 22:02:24][INFO] utils.logging:   91: {"_type": "train_iter", "iter": "700/6000", "loss": 1.855634, "lr": 0.001000, "top1_acc": 86.400001}
[09/03 22:03:03][INFO] utils.logging:   91: {"_type": "train_iter", "iter": "800/6000", "loss": 1.469578, "lr": 0.001000, "top1_acc": 88.800001}
[09/03 22:03:42][INFO] utils.logging:   91: {"_type": "train_iter", "iter": "900/6000", "loss": 1.522344, "lr": 0.001000, "top1_acc": 88.200001}
[09/03 22:04:21][INFO] utils.logging:   91: {"_type": "train_iter", "iter": "1000/6000", "loss": 1.268157, "lr": 0.001000, "top1_acc": 90.000001}
[09/03 22:05:00][INFO] utils.logging:   91: {"_type": "train_iter", "iter": "1100/6000", "loss": 1.299741, "lr": 0.001000, "top1_acc": 90.200001}
[09/03 22:05:38][INFO] utils.logging:   91: {"_type": "train_iter", "iter": "1200/6000", "loss": 1.064694, "lr": 0.001000, "top1_acc": 92.600001}
[09/03 22:06:17][INFO] utils.logging:   91: {"_type": "train_iter", "iter": "1300/6000", "loss": 1.248276, "lr": 0.001000, "top1_acc": 89.800001}
[09/03 22:06:56][INFO] utils.logging:   91: {"_type": "train_iter", "iter": "1400/6000", "loss": 1.236378, "lr": 0.001000, "top1_acc": 91.000001}
[09/03 22:07:35][INFO] utils.logging:   91: {"_type": "train_iter", "iter": "1500/6000", "loss": 0.954009, "lr": 0.001000, "top1_acc": 92.200001}
[09/03 22:08:14][INFO] utils.logging:   91: {"_type": "train_iter", "iter": "1600/6000", "loss": 0.651089, "lr": 0.001000, "top1_acc": 92.800001}
[09/03 22:08:53][INFO] utils.logging:   91: {"_type": "train_iter", "iter": "1700/6000", "loss": 0.957021, "lr": 0.001000, "top1_acc": 91.000001}
[09/03 22:09:32][INFO] utils.logging:   91: {"_type": "train_iter", "iter": "1800/6000", "loss": 0.992529, "lr": 0.001000, "top1_acc": 92.800001}
[09/03 22:10:11][INFO] utils.logging:   91: {"_type": "train_iter", "iter": "1900/6000", "loss": 0.975872, "lr": 0.001000, "top1_acc": 91.200001}
[09/03 22:11:02][INFO] utils.logging:   91: {"_type": "val_iter", "gpu_mem": "1.86 GB", "iter": "100/10000", "top1_acc": 75.600002}
[09/03 22:11:13][INFO] utils.logging:   91: {"_type": "val_iter", "gpu_mem": "1.86 GB", "iter": "200/10000", "top1_acc": 77.400001}
[09/03 22:11:24][INFO] utils.logging:   91: {"_type": "val_iter", "gpu_mem": "1.86 GB", "iter": "300/10000", "top1_acc": 71.400001}
[09/03 22:11:35][INFO] utils.logging:   91: {"_type": "val_iter", "gpu_mem": "1.86 GB", "iter": "400/10000", "top1_acc": 76.400002}
[09/03 22:11:46][INFO] utils.logging:   91: {"_type": "val_iter", "gpu_mem": "1.86 GB", "iter": "500/10000", "top1_acc": 76.000001}
[09/03 22:11:58][INFO] utils.logging:   91: {"_type": "val_iter", "gpu_mem": "1.86 GB", "iter": "600/10000", "top1_acc": 75.200002}
[09/03 22:12:09][INFO] utils.logging:   91: {"_type": "val_iter", "gpu_mem": "1.86 GB", "iter": "700/10000", "top1_acc": 78.000001}
[09/03 22:12:20][INFO] utils.logging:   91: {"_type": "val_iter", "gpu_mem": "1.86 GB", "iter": "800/10000", "top1_acc": 72.800001}
[09/03 22:12:31][INFO] utils.logging:   91: {"_type": "val_iter", "gpu_mem": "1.86 GB", "iter": "900/10000", "top1_acc": 77.000001}
[09/03 22:12:43][INFO] utils.logging:   91: {"_type": "val_iter", "gpu_mem": "1.86 GB", "iter": "1000/10000", "top1_acc": 74.400001}
[09/03 22:12:54][INFO] utils.logging:   91: {"_type": "val_iter", "gpu_mem": "1.86 GB", "iter": "1100/10000", "top1_acc": 73.800001}
[09/03 22:13:05][INFO] utils.logging:   91: {"_type": "val_iter", "gpu_mem": "1.86 GB", "iter": "1200/10000", "top1_acc": 74.800001}
[09/03 22:13:16][INFO] utils.logging:   91: {"_type": "val_iter", "gpu_mem": "1.86 GB", "iter": "1300/10000", "top1_acc": 72.800001}
[09/03 22:13:28][INFO] utils.logging:   91: {"_type": "val_iter", "gpu_mem": "1.86 GB", "iter": "1400/10000", "top1_acc": 77.800001}
[09/03 22:13:39][INFO] utils.logging:   91: {"_type": "val_iter", "gpu_mem": "1.86 GB", "iter": "1500/10000", "top1_acc": 75.400001}
[09/03 22:13:50][INFO] utils.logging:   91: {"_type": "val_iter", "gpu_mem": "1.86 GB", "iter": "1600/10000", "top1_acc": 76.600001}
[09/03 22:14:01][INFO] utils.logging:   91: {"_type": "val_iter", "gpu_mem": "1.86 GB", "iter": "1700/10000", "top1_acc": 74.800001}
[09/03 22:14:12][INFO] utils.logging:   91: {"_type": "val_iter", "gpu_mem": "1.86 GB", "iter": "1800/10000", "top1_acc": 73.000001}
[09/03 22:14:24][INFO] utils.logging:   91: {"_type": "val_iter", "gpu_mem": "1.86 GB", "iter": "1900/10000", "top1_acc": 78.800002}
[09/03 22:14:35][INFO] utils.logging:   91: {"_type": "val_iter", "gpu_mem": "1.86 GB", "iter": "2000/10000", "top1_acc": 77.000002}
[09/03 22:14:46][INFO] utils.logging:   91: {"_type": "val_iter", "gpu_mem": "1.86 GB", "iter": "2100/10000", "top1_acc": 73.400001}
[09/03 22:14:57][INFO] utils.logging:   91: {"_type": "val_iter", "gpu_mem": "1.86 GB", "iter": "2200/10000", "top1_acc": 74.400002}
[09/03 22:15:09][INFO] utils.logging:   91: {"_type": "val_iter", "gpu_mem": "1.86 GB", "iter": "2300/10000", "top1_acc": 78.800001}
[09/03 22:15:20][INFO] utils.logging:   91: {"_type": "val_iter", "gpu_mem": "1.86 GB", "iter": "2400/10000", "top1_acc": 74.800002}
[09/03 22:15:31][INFO] utils.logging:   91: {"_type": "val_iter", "gpu_mem": "1.86 GB", "iter": "2500/10000", "top1_acc": 78.200002}
[09/03 22:15:42][INFO] utils.logging:   91: {"_type": "val_iter", "gpu_mem": "1.86 GB", "iter": "2600/10000", "top1_acc": 76.400002}
[09/03 22:15:54][INFO] utils.logging:   91: {"_type": "val_iter", "gpu_mem": "1.86 GB", "iter": "2700/10000", "top1_acc": 77.600001}
[09/03 22:16:05][INFO] utils.logging:   91: {"_type": "val_iter", "gpu_mem": "1.86 GB", "iter": "2800/10000", "top1_acc": 75.800001}
[09/03 22:16:16][INFO] utils.logging:   91: {"_type": "val_iter", "gpu_mem": "1.86 GB", "iter": "2900/10000", "top1_acc": 73.000001}
[09/03 22:16:27][INFO] utils.logging:   91: {"_type": "val_iter", "gpu_mem": "1.86 GB", "iter": "3000/10000", "top1_acc": 78.600002}
[09/03 22:16:39][INFO] utils.logging:   91: {"_type": "val_iter", "gpu_mem": "1.86 GB", "iter": "3100/10000", "top1_acc": 71.800002}
[09/03 22:16:50][INFO] utils.logging:   91: {"_type": "val_iter", "gpu_mem": "1.86 GB", "iter": "3200/10000", "top1_acc": 74.000002}
[09/03 22:17:01][INFO] utils.logging:   91: {"_type": "val_iter", "gpu_mem": "1.86 GB", "iter": "3300/10000", "top1_acc": 76.000001}
[09/03 22:17:13][INFO] utils.logging:   91: {"_type": "val_iter", "gpu_mem": "1.86 GB", "iter": "3400/10000", "top1_acc": 71.600002}
[09/03 22:17:24][INFO] utils.logging:   91: {"_type": "val_iter", "gpu_mem": "1.86 GB", "iter": "3500/10000", "top1_acc": 74.000001}
[09/03 22:17:35][INFO] utils.logging:   91: {"_type": "val_iter", "gpu_mem": "1.86 GB", "iter": "3600/10000", "top1_acc": 75.200001}
[09/03 22:17:46][INFO] utils.logging:   91: {"_type": "val_iter", "gpu_mem": "1.86 GB", "iter": "3700/10000", "top1_acc": 79.200002}
[09/03 22:17:58][INFO] utils.logging:   91: {"_type": "val_iter", "gpu_mem": "1.86 GB", "iter": "3800/10000", "top1_acc": 78.600001}
[09/03 22:18:09][INFO] utils.logging:   91: {"_type": "val_iter", "gpu_mem": "1.86 GB", "iter": "3900/10000", "top1_acc": 73.800002}
[09/03 22:18:20][INFO] utils.logging:   91: {"_type": "val_iter", "gpu_mem": "1.86 GB", "iter": "4000/10000", "top1_acc": 76.200001}
[09/03 22:18:31][INFO] utils.logging:   91: {"_type": "val_iter", "gpu_mem": "1.86 GB", "iter": "4100/10000", "top1_acc": 78.200002}
[09/03 22:18:43][INFO] utils.logging:   91: {"_type": "val_iter", "gpu_mem": "1.86 GB", "iter": "4200/10000", "top1_acc": 73.600001}
[09/03 22:18:54][INFO] utils.logging:   91: {"_type": "val_iter", "gpu_mem": "1.86 GB", "iter": "4300/10000", "top1_acc": 73.800002}
[09/03 22:19:05][INFO] utils.logging:   91: {"_type": "val_iter", "gpu_mem": "1.86 GB", "iter": "4400/10000", "top1_acc": 74.200002}
[09/03 22:19:16][INFO] utils.logging:   91: {"_type": "val_iter", "gpu_mem": "1.86 GB", "iter": "4500/10000", "top1_acc": 74.400002}
[09/03 22:19:28][INFO] utils.logging:   91: {"_type": "val_iter", "gpu_mem": "1.86 GB", "iter": "4600/10000", "top1_acc": 73.400002}
[09/03 22:19:39][INFO] utils.logging:   91: {"_type": "val_iter", "gpu_mem": "1.86 GB", "iter": "4700/10000", "top1_acc": 74.400001}
[09/03 22:19:50][INFO] utils.logging:   91: {"_type": "val_iter", "gpu_mem": "1.86 GB", "iter": "4800/10000", "top1_acc": 71.600002}
[09/03 22:20:02][INFO] utils.logging:   91: {"_type": "val_iter", "gpu_mem": "1.86 GB", "iter": "4900/10000", "top1_acc": 75.400001}
[09/03 22:20:13][INFO] utils.logging:   91: {"_type": "val_iter", "gpu_mem": "1.86 GB", "iter": "5000/10000", "top1_acc": 74.200001}
[09/03 22:20:24][INFO] utils.logging:   91: {"_type": "val_iter", "gpu_mem": "1.86 GB", "iter": "5100/10000", "top1_acc": 76.200002}
[09/03 22:20:35][INFO] utils.logging:   91: {"_type": "val_iter", "gpu_mem": "1.86 GB", "iter": "5200/10000", "top1_acc": 78.400002}
[09/03 22:20:47][INFO] utils.logging:   91: {"_type": "val_iter", "gpu_mem": "1.86 GB", "iter": "5300/10000", "top1_acc": 72.000001}
[09/03 22:20:58][INFO] utils.logging:   91: {"_type": "val_iter", "gpu_mem": "1.86 GB", "iter": "5400/10000", "top1_acc": 74.200002}
[09/03 22:21:09][INFO] utils.logging:   91: {"_type": "val_iter", "gpu_mem": "1.86 GB", "iter": "5500/10000", "top1_acc": 72.200001}
[09/03 22:21:20][INFO] utils.logging:   91: {"_type": "val_iter", "gpu_mem": "1.86 GB", "iter": "5600/10000", "top1_acc": 77.000002}
[09/03 22:21:32][INFO] utils.logging:   91: {"_type": "val_iter", "gpu_mem": "1.86 GB", "iter": "5700/10000", "top1_acc": 75.600002}
[09/03 22:21:43][INFO] utils.logging:   91: {"_type": "val_iter", "gpu_mem": "1.86 GB", "iter": "5800/10000", "top1_acc": 74.400002}
[09/03 22:21:54][INFO] utils.logging:   91: {"_type": "val_iter", "gpu_mem": "1.86 GB", "iter": "5900/10000", "top1_acc": 71.000001}
[09/03 22:22:06][INFO] utils.logging:   91: {"_type": "val_iter", "gpu_mem": "1.86 GB", "iter": "6000/10000", "top1_acc": 75.600001}
[09/03 22:22:17][INFO] utils.logging:   91: {"_type": "val_iter", "gpu_mem": "1.86 GB", "iter": "6100/10000", "top1_acc": 74.400002}
[09/03 22:22:28][INFO] utils.logging:   91: {"_type": "val_iter", "gpu_mem": "1.86 GB", "iter": "6200/10000", "top1_acc": 76.600001}
[09/03 22:22:39][INFO] utils.logging:   91: {"_type": "val_iter", "gpu_mem": "1.86 GB", "iter": "6300/10000", "top1_acc": 76.200002}
[09/03 22:22:51][INFO] utils.logging:   91: {"_type": "val_iter", "gpu_mem": "1.86 GB", "iter": "6400/10000", "top1_acc": 72.600001}
[09/03 22:23:02][INFO] utils.logging:   91: {"_type": "val_iter", "gpu_mem": "1.86 GB", "iter": "6500/10000", "top1_acc": 76.000002}
[09/03 22:23:13][INFO] utils.logging:   91: {"_type": "val_iter", "gpu_mem": "1.86 GB", "iter": "6600/10000", "top1_acc": 71.600002}
[09/03 22:23:24][INFO] utils.logging:   91: {"_type": "val_iter", "gpu_mem": "1.86 GB", "iter": "6700/10000", "top1_acc": 71.000002}
[09/03 22:23:36][INFO] utils.logging:   91: {"_type": "val_iter", "gpu_mem": "1.86 GB", "iter": "6800/10000", "top1_acc": 78.400002}
[09/03 22:23:47][INFO] utils.logging:   91: {"_type": "val_iter", "gpu_mem": "1.86 GB", "iter": "6900/10000", "top1_acc": 79.800001}
[09/03 22:23:58][INFO] utils.logging:   91: {"_type": "val_iter", "gpu_mem": "1.86 GB", "iter": "7000/10000", "top1_acc": 74.800001}
[09/03 22:24:10][INFO] utils.logging:   91: {"_type": "val_iter", "gpu_mem": "1.86 GB", "iter": "7100/10000", "top1_acc": 75.400001}
[09/03 22:24:21][INFO] utils.logging:   91: {"_type": "val_iter", "gpu_mem": "1.86 GB", "iter": "7200/10000", "top1_acc": 76.000001}
[09/03 22:24:32][INFO] utils.logging:   91: {"_type": "val_iter", "gpu_mem": "1.86 GB", "iter": "7300/10000", "top1_acc": 72.400002}
[09/03 22:24:43][INFO] utils.logging:   91: {"_type": "val_iter", "gpu_mem": "1.86 GB", "iter": "7400/10000", "top1_acc": 77.000002}
[09/03 22:24:55][INFO] utils.logging:   91: {"_type": "val_iter", "gpu_mem": "1.86 GB", "iter": "7500/10000", "top1_acc": 73.600001}
[09/03 22:25:06][INFO] utils.logging:   91: {"_type": "val_iter", "gpu_mem": "1.86 GB", "iter": "7600/10000", "top1_acc": 76.800001}
[09/03 22:25:17][INFO] utils.logging:   91: {"_type": "val_iter", "gpu_mem": "1.86 GB", "iter": "7700/10000", "top1_acc": 75.800001}
[09/03 22:25:28][INFO] utils.logging:   91: {"_type": "val_iter", "gpu_mem": "1.86 GB", "iter": "7800/10000", "top1_acc": 74.600001}
[09/03 22:25:40][INFO] utils.logging:   91: {"_type": "val_iter", "gpu_mem": "1.86 GB", "iter": "7900/10000", "top1_acc": 74.000001}
[09/03 22:25:51][INFO] utils.logging:   91: {"_type": "val_iter", "gpu_mem": "1.86 GB", "iter": "8000/10000", "top1_acc": 73.400002}
[09/03 22:26:02][INFO] utils.logging:   91: {"_type": "val_iter", "gpu_mem": "1.86 GB", "iter": "8100/10000", "top1_acc": 74.600001}
[09/03 22:26:14][INFO] utils.logging:   91: {"_type": "val_iter", "gpu_mem": "1.86 GB", "iter": "8200/10000", "top1_acc": 76.800001}
[09/03 22:26:25][INFO] utils.logging:   91: {"_type": "val_iter", "gpu_mem": "1.86 GB", "iter": "8300/10000", "top1_acc": 78.000001}
[09/03 22:26:36][INFO] utils.logging:   91: {"_type": "val_iter", "gpu_mem": "1.86 GB", "iter": "8400/10000", "top1_acc": 79.800002}
[09/03 22:26:47][INFO] utils.logging:   91: {"_type": "val_iter", "gpu_mem": "1.86 GB", "iter": "8500/10000", "top1_acc": 72.200002}
[09/03 22:26:59][INFO] utils.logging:   91: {"_type": "val_iter", "gpu_mem": "1.86 GB", "iter": "8600/10000", "top1_acc": 73.400002}
[09/03 22:27:10][INFO] utils.logging:   91: {"_type": "val_iter", "gpu_mem": "1.86 GB", "iter": "8700/10000", "top1_acc": 72.400002}
[09/03 22:27:21][INFO] utils.logging:   91: {"_type": "val_iter", "gpu_mem": "1.86 GB", "iter": "8800/10000", "top1_acc": 71.400001}
[09/03 22:27:32][INFO] utils.logging:   91: {"_type": "val_iter", "gpu_mem": "1.86 GB", "iter": "8900/10000", "top1_acc": 73.800001}
[09/03 22:27:44][INFO] utils.logging:   91: {"_type": "val_iter", "gpu_mem": "1.86 GB", "iter": "9000/10000", "top1_acc": 77.200002}
[09/03 22:27:55][INFO] utils.logging:   91: {"_type": "val_iter", "gpu_mem": "1.86 GB", "iter": "9100/10000", "top1_acc": 76.200001}
[09/03 22:28:06][INFO] utils.logging:   91: {"_type": "val_iter", "gpu_mem": "1.86 GB", "iter": "9200/10000", "top1_acc": 76.400002}
[09/03 22:28:18][INFO] utils.logging:   91: {"_type": "val_iter", "gpu_mem": "1.86 GB", "iter": "9300/10000", "top1_acc": 75.200001}
[09/03 22:28:29][INFO] utils.logging:   91: {"_type": "val_iter", "gpu_mem": "1.86 GB", "iter": "9400/10000", "top1_acc": 74.600001}
[09/03 22:28:40][INFO] utils.logging:   91: {"_type": "val_iter", "gpu_mem": "1.86 GB", "iter": "9500/10000", "top1_acc": 76.000001}
[09/03 22:28:51][INFO] utils.logging:   91: {"_type": "val_iter", "gpu_mem": "1.86 GB", "iter": "9600/10000", "top1_acc": 79.600001}
[09/03 22:29:03][INFO] utils.logging:   91: {"_type": "val_iter", "gpu_mem": "1.86 GB", "iter": "9700/10000", "top1_acc": 78.000002}
[09/03 22:29:14][INFO] utils.logging:   91: {"_type": "val_iter", "gpu_mem": "1.86 GB", "iter": "9800/10000", "top1_acc": 76.200002}
[09/03 22:29:25][INFO] utils.logging:   91: {"_type": "val_iter", "gpu_mem": "1.86 GB", "iter": "9900/10000", "top1_acc": 76.000002}
[09/03 22:29:36][INFO] utils.logging:   91: {"_type": "val_iter", "gpu_mem": "1.86 GB", "iter": "10000/10000", "top1_acc": 76.800001}
[09/03 22:29:36][INFO] utils.logging:   91: {"RAM": "19.46/125.63 GB", "_type": "val_epoch", "epoch": "1", "gpu_mem": "1.86 GB", "top1_acc": 75.252001}
[09/03 22:29:36][INFO] train_net_few_shot:   53: Fusion weights: focus=0.022231, task_match=0.021554
[09/03 22:29:37][INFO] train_net_few_shot:  145: New best validation accuracy: 75.2520; checkpoint=output/HMDB51_FOCUS_TASK_MATCH/checkpoints/checkpoint_best.pyth
[09/03 22:29:37][INFO] utils.logging:   91: {"_type": "train_iter", "iter": "2000/6000", "loss": 0.697672, "lr": 0.001000, "top1_acc": 93.000001}
[09/03 22:30:16][INFO] utils.logging:   91: {"_type": "train_iter", "iter": "2100/6000", "loss": 0.737116, "lr": 0.001000, "top1_acc": 92.200001}
[09/03 22:30:55][INFO] utils.logging:   91: {"_type": "train_iter", "iter": "2200/6000", "loss": 0.628244, "lr": 0.001000, "top1_acc": 93.600001}
[09/03 22:31:34][INFO] utils.logging:   91: {"_type": "train_iter", "iter": "2300/6000", "loss": 0.563920, "lr": 0.001000, "top1_acc": 93.000001}
[09/03 22:32:13][INFO] utils.logging:   91: {"_type": "train_iter", "iter": "2400/6000", "loss": 0.715954, "lr": 0.001000, "top1_acc": 91.400001}
[09/03 22:32:52][INFO] utils.logging:   91: {"_type": "train_iter", "iter": "2500/6000", "loss": 0.562338, "lr": 0.001000, "top1_acc": 94.000000}
[09/03 22:33:31][INFO] utils.logging:   91: {"_type": "train_iter", "iter": "2600/6000", "loss": 0.590352, "lr": 0.001000, "top1_acc": 92.600001}
[09/03 22:34:10][INFO] utils.logging:   91: {"_type": "train_iter", "iter": "2700/6000", "loss": 0.626818, "lr": 0.001000, "top1_acc": 93.000001}
[09/03 22:34:49][INFO] utils.logging:   91: {"_type": "train_iter", "iter": "2800/6000", "loss": 0.558209, "lr": 0.001000, "top1_acc": 95.400000}
[09/03 22:35:28][INFO] utils.logging:   91: {"_type": "train_iter", "iter": "2900/6000", "loss": 0.511643, "lr": 0.001000, "top1_acc": 95.000000}
[09/03 22:36:07][INFO] utils.logging:   91: {"_type": "train_iter", "iter": "3000/6000", "loss": 0.558023, "lr": 0.001000, "top1_acc": 95.600000}
[09/03 22:36:45][INFO] utils.logging:   91: {"_type": "train_iter", "iter": "3100/6000", "loss": 0.458234, "lr": 0.000500, "top1_acc": 94.800000}
[09/03 22:37:24][INFO] utils.logging:   91: {"_type": "train_iter", "iter": "3200/6000", "loss": 0.337357, "lr": 0.000500, "top1_acc": 96.400000}
[09/03 22:38:03][INFO] utils.logging:   91: {"_type": "train_iter", "iter": "3300/6000", "loss": 0.241426, "lr": 0.000500, "top1_acc": 96.600000}
[09/03 22:38:42][INFO] utils.logging:   91: {"_type": "train_iter", "iter": "3400/6000", "loss": 0.297037, "lr": 0.000500, "top1_acc": 97.000000}
[09/03 22:39:21][INFO] utils.logging:   91: {"_type": "train_iter", "iter": "3500/6000", "loss": 0.203116, "lr": 0.000500, "top1_acc": 97.200000}
[09/03 22:40:00][INFO] utils.logging:   91: {"_type": "train_iter", "iter": "3600/6000", "loss": 0.238084, "lr": 0.000500, "top1_acc": 96.800000}
[09/03 22:40:39][INFO] utils.logging:   91: {"_type": "train_iter", "iter": "3700/6000", "loss": 0.219194, "lr": 0.000500, "top1_acc": 97.800000}
[09/03 22:41:18][INFO] utils.logging:   91: {"_type": "train_iter", "iter": "3800/6000", "loss": 0.233430, "lr": 0.000500, "top1_acc": 95.800000}
[09/03 22:41:57][INFO] utils.logging:   91: {"_type": "train_iter", "iter": "3900/6000", "loss": 0.237728, "lr": 0.000500, "top1_acc": 96.200000}
[09/03 22:42:47][INFO] utils.logging:   91: {"_type": "val_iter", "gpu_mem": "1.86 GB", "iter": "100/10000", "top1_acc": 74.800001}
[09/03 22:42:59][INFO] utils.logging:   91: {"_type": "val_iter", "gpu_mem": "1.86 GB", "iter": "200/10000", "top1_acc": 75.200002}
[09/03 22:43:10][INFO] utils.logging:   91: {"_type": "val_iter", "gpu_mem": "1.86 GB", "iter": "300/10000", "top1_acc": 72.200001}
[09/03 22:43:21][INFO] utils.logging:   91: {"_type": "val_iter", "gpu_mem": "1.86 GB", "iter": "400/10000", "top1_acc": 74.200001}
[09/03 22:43:32][INFO] utils.logging:   91: {"_type": "val_iter", "gpu_mem": "1.86 GB", "iter": "500/10000", "top1_acc": 75.200001}
[09/03 22:43:43][INFO] utils.logging:   91: {"_type": "val_iter", "gpu_mem": "1.86 GB", "iter": "600/10000", "top1_acc": 77.400002}
[09/03 22:43:55][INFO] utils.logging:   91: {"_type": "val_iter", "gpu_mem": "1.86 GB", "iter": "700/10000", "top1_acc": 74.800001}
[09/03 22:44:06][INFO] utils.logging:   91: {"_type": "val_iter", "gpu_mem": "1.86 GB", "iter": "800/10000", "top1_acc": 73.800002}
[09/03 22:44:17][INFO] utils.logging:   91: {"_type": "val_iter", "gpu_mem": "1.86 GB", "iter": "900/10000", "top1_acc": 74.600002}
[09/03 22:44:28][INFO] utils.logging:   91: {"_type": "val_iter", "gpu_mem": "1.86 GB", "iter": "1000/10000", "top1_acc": 72.200002}
[09/03 22:44:39][INFO] utils.logging:   91: {"_type": "val_iter", "gpu_mem": "1.86 GB", "iter": "1100/10000", "top1_acc": 72.800002}
[09/03 22:44:51][INFO] utils.logging:   91: {"_type": "val_iter", "gpu_mem": "1.86 GB", "iter": "1200/10000", "top1_acc": 73.200002}
[09/03 22:45:02][INFO] utils.logging:   91: {"_type": "val_iter", "gpu_mem": "1.86 GB", "iter": "1300/10000", "top1_acc": 73.000001}
[09/03 22:45:13][INFO] utils.logging:   91: {"_type": "val_iter", "gpu_mem": "1.86 GB", "iter": "1400/10000", "top1_acc": 76.800001}
[09/03 22:45:24][INFO] utils.logging:   91: {"_type": "val_iter", "gpu_mem": "1.86 GB", "iter": "1500/10000", "top1_acc": 78.000002}
[09/03 22:45:36][INFO] utils.logging:   91: {"_type": "val_iter", "gpu_mem": "1.86 GB", "iter": "1600/10000", "top1_acc": 76.200002}
[09/03 22:45:47][INFO] utils.logging:   91: {"_type": "val_iter", "gpu_mem": "1.86 GB", "iter": "1700/10000", "top1_acc": 72.600002}
[09/03 22:45:58][INFO] utils.logging:   91: {"_type": "val_iter", "gpu_mem": "1.86 GB", "iter": "1800/10000", "top1_acc": 73.200001}
[09/03 22:46:09][INFO] utils.logging:   91: {"_type": "val_iter", "gpu_mem": "1.86 GB", "iter": "1900/10000", "top1_acc": 75.400002}
[09/03 22:46:21][INFO] utils.logging:   91: {"_type": "val_iter", "gpu_mem": "1.86 GB", "iter": "2000/10000", "top1_acc": 77.200002}
[09/03 22:46:32][INFO] utils.logging:   91: {"_type": "val_iter", "gpu_mem": "1.86 GB", "iter": "2100/10000", "top1_acc": 73.200002}
[09/03 22:46:43][INFO] utils.logging:   91: {"_type": "val_iter", "gpu_mem": "1.86 GB", "iter": "2200/10000", "top1_acc": 74.400002}
[09/03 22:46:54][INFO] utils.logging:   91: {"_type": "val_iter", "gpu_mem": "1.86 GB", "iter": "2300/10000", "top1_acc": 76.400001}
[09/03 22:47:06][INFO] utils.logging:   91: {"_type": "val_iter", "gpu_mem": "1.86 GB", "iter": "2400/10000", "top1_acc": 73.400002}
[09/03 22:47:17][INFO] utils.logging:   91: {"_type": "val_iter", "gpu_mem": "1.86 GB", "iter": "2500/10000", "top1_acc": 75.600002}
[09/03 22:47:28][INFO] utils.logging:   91: {"_type": "val_iter", "gpu_mem": "1.86 GB", "iter": "2600/10000", "top1_acc": 73.800002}
[09/03 22:47:39][INFO] utils.logging:   91: {"_type": "val_iter", "gpu_mem": "1.86 GB", "iter": "2700/10000", "top1_acc": 78.200002}
[09/03 22:47:51][INFO] utils.logging:   91: {"_type": "val_iter", "gpu_mem": "1.86 GB", "iter": "2800/10000", "top1_acc": 75.000001}
[09/03 22:48:02][INFO] utils.logging:   91: {"_type": "val_iter", "gpu_mem": "1.86 GB", "iter": "2900/10000", "top1_acc": 71.800001}
[09/03 22:48:13][INFO] utils.logging:   91: {"_type": "val_iter", "gpu_mem": "1.86 GB", "iter": "3000/10000", "top1_acc": 78.400002}
[09/03 22:48:25][INFO] utils.logging:   91: {"_type": "val_iter", "gpu_mem": "1.86 GB", "iter": "3100/10000", "top1_acc": 72.000002}
[09/03 22:48:36][INFO] utils.logging:   91: {"_type": "val_iter", "gpu_mem": "1.86 GB", "iter": "3200/10000", "top1_acc": 73.200001}
[09/03 22:48:47][INFO] utils.logging:   91: {"_type": "val_iter", "gpu_mem": "1.86 GB", "iter": "3300/10000", "top1_acc": 75.000001}
[09/03 22:48:58][INFO] utils.logging:   91: {"_type": "val_iter", "gpu_mem": "1.86 GB", "iter": "3400/10000", "top1_acc": 72.000002}
[09/03 22:49:10][INFO] utils.logging:   91: {"_type": "val_iter", "gpu_mem": "1.86 GB", "iter": "3500/10000", "top1_acc": 74.400001}
[09/03 22:49:21][INFO] utils.logging:   91: {"_type": "val_iter", "gpu_mem": "1.86 GB", "iter": "3600/10000", "top1_acc": 76.600001}
[09/03 22:49:32][INFO] utils.logging:   91: {"_type": "val_iter", "gpu_mem": "1.86 GB", "iter": "3700/10000", "top1_acc": 75.400002}
[09/03 22:49:43][INFO] utils.logging:   91: {"_type": "val_iter", "gpu_mem": "1.86 GB", "iter": "3800/10000", "top1_acc": 75.200002}
[09/03 22:49:55][INFO] utils.logging:   91: {"_type": "val_iter", "gpu_mem": "1.86 GB", "iter": "3900/10000", "top1_acc": 72.000001}
[09/03 22:50:06][INFO] utils.logging:   91: {"_type": "val_iter", "gpu_mem": "1.86 GB", "iter": "4000/10000", "top1_acc": 76.800001}
[09/03 22:50:17][INFO] utils.logging:   91: {"_type": "val_iter", "gpu_mem": "1.86 GB", "iter": "4100/10000", "top1_acc": 73.000002}
[09/03 22:50:29][INFO] utils.logging:   91: {"_type": "val_iter", "gpu_mem": "1.86 GB", "iter": "4200/10000", "top1_acc": 73.000001}
[09/03 22:50:40][INFO] utils.logging:   91: {"_type": "val_iter", "gpu_mem": "1.86 GB", "iter": "4300/10000", "top1_acc": 73.800001}
[09/03 22:50:51][INFO] utils.logging:   91: {"_type": "val_iter", "gpu_mem": "1.86 GB", "iter": "4400/10000", "top1_acc": 72.600001}
[09/03 22:51:02][INFO] utils.logging:   91: {"_type": "val_iter", "gpu_mem": "1.86 GB", "iter": "4500/10000", "top1_acc": 73.400002}
[09/03 22:51:14][INFO] utils.logging:   91: {"_type": "val_iter", "gpu_mem": "1.86 GB", "iter": "4600/10000", "top1_acc": 70.200002}
[09/03 22:51:25][INFO] utils.logging:   91: {"_type": "val_iter", "gpu_mem": "1.86 GB", "iter": "4700/10000", "top1_acc": 73.400002}
[09/03 22:51:36][INFO] utils.logging:   91: {"_type": "val_iter", "gpu_mem": "1.86 GB", "iter": "4800/10000", "top1_acc": 72.800001}
[09/03 22:51:47][INFO] utils.logging:   91: {"_type": "val_iter", "gpu_mem": "1.86 GB", "iter": "4900/10000", "top1_acc": 73.600002}
[09/03 22:51:59][INFO] utils.logging:   91: {"_type": "val_iter", "gpu_mem": "1.86 GB", "iter": "5000/10000", "top1_acc": 73.000001}
[09/03 22:52:10][INFO] utils.logging:   91: {"_type": "val_iter", "gpu_mem": "1.86 GB", "iter": "5100/10000", "top1_acc": 74.000002}
[09/03 22:52:21][INFO] utils.logging:   91: {"_type": "val_iter", "gpu_mem": "1.86 GB", "iter": "5200/10000", "top1_acc": 77.400002}
[09/03 22:52:33][INFO] utils.logging:   91: {"_type": "val_iter", "gpu_mem": "1.86 GB", "iter": "5300/10000", "top1_acc": 73.000001}
[09/03 22:52:44][INFO] utils.logging:   91: {"_type": "val_iter", "gpu_mem": "1.86 GB", "iter": "5400/10000", "top1_acc": 72.400002}
[09/03 22:52:55][INFO] utils.logging:   91: {"_type": "val_iter", "gpu_mem": "1.86 GB", "iter": "5500/10000", "top1_acc": 73.200001}
[09/03 22:53:06][INFO] utils.logging:   91: {"_type": "val_iter", "gpu_mem": "1.86 GB", "iter": "5600/10000", "top1_acc": 75.400001}
[09/03 22:53:18][INFO] utils.logging:   91: {"_type": "val_iter", "gpu_mem": "1.86 GB", "iter": "5700/10000", "top1_acc": 74.400002}
[09/03 22:53:29][INFO] utils.logging:   91: {"_type": "val_iter", "gpu_mem": "1.86 GB", "iter": "5800/10000", "top1_acc": 75.200001}
[09/03 22:53:40][INFO] utils.logging:   91: {"_type": "val_iter", "gpu_mem": "1.86 GB", "iter": "5900/10000", "top1_acc": 74.200001}
[09/03 22:53:51][INFO] utils.logging:   91: {"_type": "val_iter", "gpu_mem": "1.86 GB", "iter": "6000/10000", "top1_acc": 73.400002}
[09/03 22:54:03][INFO] utils.logging:   91: {"_type": "val_iter", "gpu_mem": "1.86 GB", "iter": "6100/10000", "top1_acc": 72.800002}
[09/03 22:54:14][INFO] utils.logging:   91: {"_type": "val_iter", "gpu_mem": "1.86 GB", "iter": "6200/10000", "top1_acc": 75.400002}
[09/03 22:54:25][INFO] utils.logging:   91: {"_type": "val_iter", "gpu_mem": "1.86 GB", "iter": "6300/10000", "top1_acc": 74.000002}
[09/03 22:54:37][INFO] utils.logging:   91: {"_type": "val_iter", "gpu_mem": "1.86 GB", "iter": "6400/10000", "top1_acc": 74.800002}
[09/03 22:54:48][INFO] utils.logging:   91: {"_type": "val_iter", "gpu_mem": "1.86 GB", "iter": "6500/10000", "top1_acc": 74.400002}
[09/03 22:54:59][INFO] utils.logging:   91: {"_type": "val_iter", "gpu_mem": "1.86 GB", "iter": "6600/10000", "top1_acc": 71.200002}
[09/03 22:55:10][INFO] utils.logging:   91: {"_type": "val_iter", "gpu_mem": "1.86 GB", "iter": "6700/10000", "top1_acc": 71.200001}
[09/03 22:55:22][INFO] utils.logging:   91: {"_type": "val_iter", "gpu_mem": "1.86 GB", "iter": "6800/10000", "top1_acc": 77.800001}
[09/03 22:55:33][INFO] utils.logging:   91: {"_type": "val_iter", "gpu_mem": "1.86 GB", "iter": "6900/10000", "top1_acc": 76.200002}
[09/03 22:55:44][INFO] utils.logging:   91: {"_type": "val_iter", "gpu_mem": "1.86 GB", "iter": "7000/10000", "top1_acc": 76.600001}
[09/03 22:55:55][INFO] utils.logging:   91: {"_type": "val_iter", "gpu_mem": "1.86 GB", "iter": "7100/10000", "top1_acc": 74.000001}
[09/03 22:56:07][INFO] utils.logging:   91: {"_type": "val_iter", "gpu_mem": "1.86 GB", "iter": "7200/10000", "top1_acc": 74.000001}
[09/03 22:56:18][INFO] utils.logging:   91: {"_type": "val_iter", "gpu_mem": "1.86 GB", "iter": "7300/10000", "top1_acc": 71.600001}
[09/03 22:56:29][INFO] utils.logging:   91: {"_type": "val_iter", "gpu_mem": "1.86 GB", "iter": "7400/10000", "top1_acc": 79.000001}
[09/03 22:56:41][INFO] utils.logging:   91: {"_type": "val_iter", "gpu_mem": "1.86 GB", "iter": "7500/10000", "top1_acc": 74.000002}
[09/03 22:56:52][INFO] utils.logging:   91: {"_type": "val_iter", "gpu_mem": "1.86 GB", "iter": "7600/10000", "top1_acc": 79.200001}
[09/03 22:57:03][INFO] utils.logging:   91: {"_type": "val_iter", "gpu_mem": "1.86 GB", "iter": "7700/10000", "top1_acc": 75.400002}
[09/03 22:57:15][INFO] utils.logging:   91: {"_type": "val_iter", "gpu_mem": "1.86 GB", "iter": "7800/10000", "top1_acc": 73.000001}
[09/03 22:57:26][INFO] utils.logging:   91: {"_type": "val_iter", "gpu_mem": "1.86 GB", "iter": "7900/10000", "top1_acc": 76.000002}
[09/03 22:57:37][INFO] utils.logging:   91: {"_type": "val_iter", "gpu_mem": "1.86 GB", "iter": "8000/10000", "top1_acc": 72.600002}
[09/03 22:57:48][INFO] utils.logging:   91: {"_type": "val_iter", "gpu_mem": "1.86 GB", "iter": "8100/10000", "top1_acc": 73.200002}
[09/03 22:58:00][INFO] utils.logging:   91: {"_type": "val_iter", "gpu_mem": "1.86 GB", "iter": "8200/10000", "top1_acc": 78.000001}
[09/03 22:58:11][INFO] utils.logging:   91: {"_type": "val_iter", "gpu_mem": "1.86 GB", "iter": "8300/10000", "top1_acc": 77.400002}
[09/03 22:58:22][INFO] utils.logging:   91: {"_type": "val_iter", "gpu_mem": "1.86 GB", "iter": "8400/10000", "top1_acc": 78.800001}
[09/03 22:58:33][INFO] utils.logging:   91: {"_type": "val_iter", "gpu_mem": "1.86 GB", "iter": "8500/10000", "top1_acc": 73.800002}
[09/03 22:58:45][INFO] utils.logging:   91: {"_type": "val_iter", "gpu_mem": "1.86 GB", "iter": "8600/10000", "top1_acc": 72.200002}
[09/03 22:58:56][INFO] utils.logging:   91: {"_type": "val_iter", "gpu_mem": "1.86 GB", "iter": "8700/10000", "top1_acc": 72.000001}
[09/03 22:59:07][INFO] utils.logging:   91: {"_type": "val_iter", "gpu_mem": "1.86 GB", "iter": "8800/10000", "top1_acc": 75.200002}
[09/03 22:59:19][INFO] utils.logging:   91: {"_type": "val_iter", "gpu_mem": "1.86 GB", "iter": "8900/10000", "top1_acc": 74.200002}
[09/03 22:59:30][INFO] utils.logging:   91: {"_type": "val_iter", "gpu_mem": "1.86 GB", "iter": "9000/10000", "top1_acc": 75.000002}
[09/03 22:59:41][INFO] utils.logging:   91: {"_type": "val_iter", "gpu_mem": "1.86 GB", "iter": "9100/10000", "top1_acc": 73.800001}
[09/03 22:59:53][INFO] utils.logging:   91: {"_type": "val_iter", "gpu_mem": "1.86 GB", "iter": "9200/10000", "top1_acc": 78.600001}
[09/03 23:00:04][INFO] utils.logging:   91: {"_type": "val_iter", "gpu_mem": "1.86 GB", "iter": "9300/10000", "top1_acc": 75.200001}
[09/03 23:00:15][INFO] utils.logging:   91: {"_type": "val_iter", "gpu_mem": "1.86 GB", "iter": "9400/10000", "top1_acc": 73.000001}
[09/03 23:00:26][INFO] utils.logging:   91: {"_type": "val_iter", "gpu_mem": "1.86 GB", "iter": "9500/10000", "top1_acc": 73.400001}
[09/03 23:00:38][INFO] utils.logging:   91: {"_type": "val_iter", "gpu_mem": "1.86 GB", "iter": "9600/10000", "top1_acc": 76.600001}
[09/03 23:00:49][INFO] utils.logging:   91: {"_type": "val_iter", "gpu_mem": "1.86 GB", "iter": "9700/10000", "top1_acc": 77.000002}
[09/03 23:01:00][INFO] utils.logging:   91: {"_type": "val_iter", "gpu_mem": "1.86 GB", "iter": "9800/10000", "top1_acc": 78.000002}
[09/03 23:01:11][INFO] utils.logging:   91: {"_type": "val_iter", "gpu_mem": "1.86 GB", "iter": "9900/10000", "top1_acc": 76.200002}
[09/03 23:01:23][INFO] utils.logging:   91: {"_type": "val_iter", "gpu_mem": "1.86 GB", "iter": "10000/10000", "top1_acc": 75.400001}
[09/03 23:01:23][INFO] utils.logging:   91: {"RAM": "19.60/125.63 GB", "_type": "val_epoch", "epoch": "2", "gpu_mem": "1.86 GB", "top1_acc": 74.572002}
[09/03 23:01:23][INFO] train_net_few_shot:   53: Fusion weights: focus=0.026541, task_match=0.023683
[09/03 23:01:23][INFO] train_net_few_shot:  152: Validation accuracy 74.5720 did not improve best 75.2520 (1/0 evaluations without improvement).
[09/03 23:01:23][INFO] train_net_few_shot:  161: Early stopping at iteration 4000; best validation accuracy was 75.2520.
[09/03 23:01:23][INFO] utils.logging:   91: {"RAM": "16.12/125.63 GB", "_type": "train_epoch", "epoch": "7", "gpu_mem": "1.86 GB", "loss": 1.493575, "lr": 0.000500, "top1_acc": 91.137785}
