[08/22 17:58:28][INFO] train_net_few_shot:  283: Train with config:
[08/22 17:58:28][INFO] train_net_few_shot:  284: {
  "TASK_TYPE": "few_shot_action",
  "PRETRAIN": {
    "ENABLE": false
  },
  "LOCALIZATION": {
    "ENABLE": false
  },
  "TRAIN": {
    "ENABLE": true,
    "DATASET": "UCF101",
    "BATCH_SIZE": 1,
    "LOG_FILE": "train.log",
    "EVAL_PERIOD": 2,
    "NUM_FOLDS": 1,
    "AUTO_RESUME": false,
    "CHECKPOINT_PERIOD": 10,
    "CHECKPOINT_FILE_PATH": "",
    "CHECKPOINT_TYPE": "pytorch",
    "CHECKPOINT_INFLATE": false,
    "CHECKPOINT_PRE_PROCESS": {
      "ENABLE": false
    },
    "FINE_TUNE": true,
    "ONLY_LINEAR": false,
    "LR_REDUCE": false,
    "TRAIN_VAL_COMBINE": false,
    "LOSS_FUNC": "cross_entropy",
    "NUM_CLASS": 70,
    "META_BATCH": true,
    "WAY": 5,
    "SHOT": 1,
    "QUERY_PER_CLASS": 1,
    "QUERY_PER_CLASS_TEST": 1,
    "NUM_TRAIN_TASKS": 18000,
    "NUM_TEST_TASKS": 10000,
    "VAL_FRE_ITER": 6000,
    "BATCH_SIZE_PER_TASK": 16,
    "NORMALIZE_ACCUMULATED_GRADIENTS": true,
    "EARLY_STOP": {
      "ENABLE": true,
      "PATIENCE": 0,
      "MIN_DELTA": 0.05
    }
  },
  "TEST": {
    "ENABLE": true,
    "DATASET": "UCF101",
    "BATCH_SIZE": 1,
    "NUM_SPATIAL_CROPS": 1,
    "SPATIAL_CROPS": "cctltr",
    "NUM_ENSEMBLE_VIEWS": 1,
    "LOG_FILE": "test.log",
    "CHECKPOINT_FILE_PATH": "",
    "CHECKPOINT_TYPE": "pytorch",
    "AUTOMATIC_MULTI_SCALE_TEST": false,
    "TEST_SET": "val",
    "UPLOAD_CLASSIFIER_RESULTS": true,
    "SHOT": [
      1,
      5
    ],
    "EPISODE_SEED": 2026
  },
  "VISUALIZATION": {
    "ENABLE": false,
    "NAME": "",
    "FEATURE_MAPS": {
      "ENABLE": false,
      "BASE_OUTPUT_DIR": ""
    }
  },
  "SUBMISSION": {
    "ENABLE": false,
    "SAVE_RESULTS_PATH": "test.json"
  },
  "DATA": {
    "DATA_ROOT_DIR": "/mnt/data/yanyi2025/lrc/action_data/ucf101/",
    "ANNO_DIR": "config/ucf101/",
    "NUM_INPUT_FRAMES": 8,
    "NUM_INPUT_CHANNELS": 2304,
    "SAMPLING_MODE": "interval_based",
    "SAMPLING_RATE": 50,
    "TRAIN_JITTER_SCALES": [
      256,
      256
    ],
    "TRAIN_CROP_SIZE": 224,
    "TEST_SCALE": 256,
    "TEST_CROP_SIZE": 224,
    "MEAN": [
      0.48145466,
      0.4578275,
      0.40821073
    ],
    "STD": [
      0.26862954,
      0.26130258,
      0.27577711
    ],
    "MULTI_LABEL": false,
    "ENSEMBLE_METHOD": "sum",
    "TARGET_FPS": 12,
    "MINUS_INTERVAL": false,
    "FPS": 12,
    "NORM_FEATURE": false,
    "USE_AUG_FEATURE": false,
    "AUG": false,
    "LOAD_PROPS": false,
    "TEMPORAL_SCALE": 256,
    "LABELS_TYPE": "cls",
    "LOAD_TYPE": "pickle",
    "DOWNLOAD_FEATURE": true,
    "SAMPLING_UNIFORM": false,
    "TEST_CENTER_CROP": true,
    "CLIP_INTERVAL": 8
  },
  "MODEL": {
    "NAME": "BaseVideoModel",
    "EMA": {
      "ENABLE": false,
      "DECAY": 0.99996
    }
  },
  "VIDEO": {
    "BACKBONE": {
      "DEPTH": null,
      "META_ARCH": "Identity",
      "NUM_FILTERS": null,
      "NUM_INPUT_CHANNELS": 3,
      "NUM_OUT_FEATURES": null,
      "KERNEL_SIZE": null,
      "DOWNSAMPLING": null,
      "DOWNSAMPLING_TEMPORAL": null,
      "NUM_STREAMS": 1,
      "EXPANSION_RATIO": 2,
      "BRANCH": {
        "NAME": null
      },
      "STEM": {
        "NAME": null
      },
      "NONLOCAL": {
        "ENABLE": false,
        "STAGES": [
          5
        ],
        "MASK_ENABLE": false
      },
      "INITIALIZATION": null
    },
    "HEAD": {
      "NAME": "BaseTemporalClassifier",
      "ACTIVATION": "softmax",
      "DROPOUT_RATE": 0.0,
      "NUM_CLASSES": 200
    }
  },
  "OPTIMIZER": {
    "ADJUST_LR": false,
    "BASE_LR": 0.002,
    "LR_POLICY": "cosine",
    "MAX_EPOCH": 300,
    "MOMENTUM": 0.9,
    "WEIGHT_DECAY": "5e-3",
    "WARMUP_EPOCHS": 10,
    "WARMUP_START_LR": 0.0002,
    "OPTIM_METHOD": "adam",
    "DAMPENING": 0.0,
    "NESTEROV": true
  },
  "BN": {
    "WB_LOCK": false,
    "FREEZE": false,
    "WEIGHT_DECAY": 0.0,
    "MOMENTUM": 0.1,
    "EPS": "1e-3",
    "SYNC": false
  },
  "DATA_LOADER": {
    "NUM_WORKERS": 8,
    "PIN_MEMORY": true,
    "ENABLE_MULTI_THREAD_DECODE": true,
    "COLLATE_FN": null
  },
  "NUM_GPUS": 1,
  "SHARD_ID": 0,
  "NUM_SHARDS": 1,
  "RANDOM_SEED": 18,
  "OUTPUT_DIR": "output/UCF101_FOCUS_TASK_MATCH",
  "OUTPUT_CFG_FILE": "configuration.log",
  "LOG_PERIOD": 200,
  "DIST_BACKEND": "nccl",
  "LOG_MODEL_INFO": false,
  "LOG_CONFIG_INFO": true,
  "OSS": {
    "ENABLE": false,
    "KEY": null,
    "SECRET": null,
    "ENDPOINT": null,
    "CHECKPOINT_OUTPUT_PATH": null,
    "SECONDARY_DATA_OSS": {
      "ENABLE": false,
      "KEY": null,
      "SECRET": null,
      "ENDPOINT": null,
      "BUCKETS": [
        ""
      ]
    }
  },
  "AUGMENTATION": {
    "COLOR_AUG": false,
    "BRIGHTNESS": 0.5,
    "CONTRAST": 0.5,
    "SATURATION": 0.5,
    "HUE": 0.25,
    "GRAYSCALE": 0.3,
    "CONSISTENT": true,
    "SHUFFLE": true,
    "GRAY_FIRST": true,
    "RATIO": [
      0.857142857142857,
      1.1666666666666667
    ],
    "USE_GPU": false,
    "MIXUP": {
      "ENABLE": false,
      "ALPHA": 0.0,
      "PROB": 1.0,
      "MODE": "batch",
      "SWITCH_PROB": 0.5
    },
    "CUTMIX": {
      "ENABLE": false,
      "ALPHA": 0.0,
      "MINMAX": null
    },
    "RANDOM_ERASING": {
      "ENABLE": false,
      "PROB": 0.25,
      "MODE": "const",
      "COUNT": [
        1,
        1
      ],
      "NUM_SPLITS": 0,
      "AREA_RANGE": [
        0.02,
        0.33
      ],
      "MIN_ASPECT": 0.3
    },
    "LABEL_SMOOTHING": 0.0,
    "SSV2_FLIP": false,
    "IS_SPLIT": false,
    "NO_RANDOM_ERASE": true,
    "SUPPORT_QUERY_DIFF": true
  },
  "PAI": false,
  "USE_MULTISEG_VAL_DIST": false,
  "DETECTION": {
    "ENABLE": false
  },
  "TENSORBOARD": {
    "ENABLE": false
  },
  "SOLVER": {
    "BASE_LR": 0.00025,
    "LR_POLICY": "steps_with_relative_lrs",
    "MAX_EPOCH": 10,
    "MOMENTUM": 0.9,
    "WEIGHT_DECAY": "5e-4",
    "WARMUP_EPOCHS": 1,
    "WARMUP_START_LR": 5e-05,
    "OPTIM_METHOD": "adam",
    "DAMPENING": 0.0,
    "NESTEROV": true,
    "STEPS_ITER": 1800,
    "STEPS": [
      0,
      5,
      7,
      9
    ],
    "LRS": [
      1,
      0.1,
      0.05,
      0.01
    ]
  },
  "PRE_DOWNLOAD": {
    "ENABLE": false
  },
  "SUPPORT_SHOT": 1,
  "FOCUS": {
    "ENABLE": true,
    "HEADS": 8,
    "DROPOUT": 0.1,
    "GATE_INIT": -4.0,
    "TEMPORAL_GATE_INIT": -4.0,
    "ALPHA_INIT": -4.0
  },
  "TASK_MATCH": {
    "ENABLE": true,
    "HIDDEN_RATIO": 0.25,
    "DROPOUT": 0.1,
    "TEMPERATURE": 1.0,
    "DISTANCE_SCALE": 16.0,
    "ALPHA_INIT": -4.0,
    "USE_FOCUS_FEATURES": true
  },
  "ADAPTER": {
    "NAME": "ViT_CLIP",
    "PRETRAINED": "ViT-B/16",
    "WIDTH": 768,
    "PATCH_SIZE": 16,
    "LAYERS": 12,
    "HEADS": 12,
    "ADAPTER_SCALE": 0.25
  },
  "INIT_METHOD": "tcp://localhost:1111",
  "CUDA_VISIBLE_DEVICES": "0"
}

[08/22 17:58:28][INFO] models.base.adapter:  761: load model from: ViT-B/16
[08/22 17:58:29][INFO] models.base.adapter:  768: Missing keys: ['temporal_embedding', 'focus_alpha', 'task_match_alpha', 'transformer.resblocks.0.Adapter.down.weight', 'transformer.resblocks.0.Adapter.down.bias', 'transformer.resblocks.0.Adapter.pos_embed.weight', 'transformer.resblocks.0.Adapter.pos_embed.bias', 'transformer.resblocks.0.Adapter.s_ln.weight', 'transformer.resblocks.0.Adapter.s_ln.bias', 'transformer.resblocks.0.Adapter.s_attn.conv_offset.0.weight', 'transformer.resblocks.0.Adapter.s_attn.conv_offset.0.bias', 'transformer.resblocks.0.Adapter.s_attn.conv_offset.1.norm.weight', 'transformer.resblocks.0.Adapter.s_attn.conv_offset.1.norm.bias', 'transformer.resblocks.0.Adapter.s_attn.conv_offset.3.weight', 'transformer.resblocks.0.Adapter.s_attn.proj_q.weight', 'transformer.resblocks.0.Adapter.s_attn.proj_q.bias', 'transformer.resblocks.0.Adapter.s_attn.proj_k.weight', 'transformer.resblocks.0.Adapter.s_attn.proj_k.bias', 'transformer.resblocks.0.Adapter.s_attn.proj_v.weight', 'transformer.resblocks.0.Adapter.s_attn.proj_v.bias', 'transformer.resblocks.0.Adapter.s_attn.proj_out.weight', 'transformer.resblocks.0.Adapter.s_attn.proj_out.bias', 'transformer.resblocks.0.Adapter.t_ln.weight', 'transformer.resblocks.0.Adapter.t_ln.bias', 'transformer.resblocks.0.Adapter.t_attn.conv_offset.0.weight', 'transformer.resblocks.0.Adapter.t_attn.conv_offset.0.bias', 'transformer.resblocks.0.Adapter.t_attn.conv_offset.1.norm.weight', 'transformer.resblocks.0.Adapter.t_attn.conv_offset.1.norm.bias', 'transformer.resblocks.0.Adapter.t_attn.conv_offset.3.weight', 'transformer.resblocks.0.Adapter.t_attn.proj_q.weight', 'transformer.resblocks.0.Adapter.t_attn.proj_q.bias', 'transformer.resblocks.0.Adapter.t_attn.proj_k.weight', 'transformer.resblocks.0.Adapter.t_attn.proj_k.bias', 'transformer.resblocks.0.Adapter.t_attn.proj_v.weight', 'transformer.resblocks.0.Adapter.t_attn.proj_v.bias', 'transformer.resblocks.0.Adapter.t_attn.proj_out.weight', 'transformer.resblocks.0.Adapter.t_attn.proj_out.bias', 'transformer.resblocks.0.Adapter.up.weight', 'transformer.resblocks.0.Adapter.up.bias', 'transformer.resblocks.1.Adapter.down.weight', 'transformer.resblocks.1.Adapter.down.bias', 'transformer.resblocks.1.Adapter.pos_embed.weight', 'transformer.resblocks.1.Adapter.pos_embed.bias', 'transformer.resblocks.1.Adapter.s_ln.weight', 'transformer.resblocks.1.Adapter.s_ln.bias', 'transformer.resblocks.1.Adapter.s_attn.conv_offset.0.weight', 'transformer.resblocks.1.Adapter.s_attn.conv_offset.0.bias', 'transformer.resblocks.1.Adapter.s_attn.conv_offset.1.norm.weight', 'transformer.resblocks.1.Adapter.s_attn.conv_offset.1.norm.bias', 'transformer.resblocks.1.Adapter.s_attn.conv_offset.3.weight', 'transformer.resblocks.1.Adapter.s_attn.proj_q.weight', 'transformer.resblocks.1.Adapter.s_attn.proj_q.bias', 'transformer.resblocks.1.Adapter.s_attn.proj_k.weight', 'transformer.resblocks.1.Adapter.s_attn.proj_k.bias', 'transformer.resblocks.1.Adapter.s_attn.proj_v.weight', 'transformer.resblocks.1.Adapter.s_attn.proj_v.bias', 'transformer.resblocks.1.Adapter.s_attn.proj_out.weight', 'transformer.resblocks.1.Adapter.s_attn.proj_out.bias', 'transformer.resblocks.1.Adapter.t_ln.weight', 'transformer.resblocks.1.Adapter.t_ln.bias', 'transformer.resblocks.1.Adapter.t_attn.conv_offset.0.weight', 'transformer.resblocks.1.Adapter.t_attn.conv_offset.0.bias', 'transformer.resblocks.1.Adapter.t_attn.conv_offset.1.norm.weight', 'transformer.resblocks.1.Adapter.t_attn.conv_offset.1.norm.bias', 'transformer.resblocks.1.Adapter.t_attn.conv_offset.3.weight', 'transformer.resblocks.1.Adapter.t_attn.proj_q.weight', 'transformer.resblocks.1.Adapter.t_attn.proj_q.bias', 'transformer.resblocks.1.Adapter.t_attn.proj_k.weight', 'transformer.resblocks.1.Adapter.t_attn.proj_k.bias', 'transformer.resblocks.1.Adapter.t_attn.proj_v.weight', 'transformer.resblocks.1.Adapter.t_attn.proj_v.bias', 'transformer.resblocks.1.Adapter.t_attn.proj_out.weight', 'transformer.resblocks.1.Adapter.t_attn.proj_out.bias', 'transformer.resblocks.1.Adapter.up.weight', 'transformer.resblocks.1.Adapter.up.bias', 'transformer.resblocks.2.Adapter.down.weight', 'transformer.resblocks.2.Adapter.down.bias', 'transformer.resblocks.2.Adapter.pos_embed.weight', 'transformer.resblocks.2.Adapter.pos_embed.bias', 'transformer.resblocks.2.Adapter.s_ln.weight', 'transformer.resblocks.2.Adapter.s_ln.bias', 'transformer.resblocks.2.Adapter.s_attn.conv_offset.0.weight', 'transformer.resblocks.2.Adapter.s_attn.conv_offset.0.bias', 'transformer.resblocks.2.Adapter.s_attn.conv_offset.1.norm.weight', 'transformer.resblocks.2.Adapter.s_attn.conv_offset.1.norm.bias', 'transformer.resblocks.2.Adapter.s_attn.conv_offset.3.weight', 'transformer.resblocks.2.Adapter.s_attn.proj_q.weight', 'transformer.resblocks.2.Adapter.s_attn.proj_q.bias', 'transformer.resblocks.2.Adapter.s_attn.proj_k.weight', 'transformer.resblocks.2.Adapter.s_attn.proj_k.bias', 'transformer.resblocks.2.Adapter.s_attn.proj_v.weight', 'transformer.resblocks.2.Adapter.s_attn.proj_v.bias', 'transformer.resblocks.2.Adapter.s_attn.proj_out.weight', 'transformer.resblocks.2.Adapter.s_attn.proj_out.bias', 'transformer.resblocks.2.Adapter.t_ln.weight', 'transformer.resblocks.2.Adapter.t_ln.bias', 'transformer.resblocks.2.Adapter.t_attn.conv_offset.0.weight', 'transformer.resblocks.2.Adapter.t_attn.conv_offset.0.bias', 'transformer.resblocks.2.Adapter.t_attn.conv_offset.1.norm.weight', 'transformer.resblocks.2.Adapter.t_attn.conv_offset.1.norm.bias', 'transformer.resblocks.2.Adapter.t_attn.conv_offset.3.weight', 'transformer.resblocks.2.Adapter.t_attn.proj_q.weight', 'transformer.resblocks.2.Adapter.t_attn.proj_q.bias', 'transformer.resblocks.2.Adapter.t_attn.proj_k.weight', 'transformer.resblocks.2.Adapter.t_attn.proj_k.bias', 'transformer.resblocks.2.Adapter.t_attn.proj_v.weight', 'transformer.resblocks.2.Adapter.t_attn.proj_v.bias', 'transformer.resblocks.2.Adapter.t_attn.proj_out.weight', 'transformer.resblocks.2.Adapter.t_attn.proj_out.bias', 'transformer.resblocks.2.Adapter.up.weight', 'transformer.resblocks.2.Adapter.up.bias', 'transformer.resblocks.3.Adapter.down.weight', 'transformer.resblocks.3.Adapter.down.bias', 'transformer.resblocks.3.Adapter.pos_embed.weight', 'transformer.resblocks.3.Adapter.pos_embed.bias', 'transformer.resblocks.3.Adapter.s_ln.weight', 'transformer.resblocks.3.Adapter.s_ln.bias', 'transformer.resblocks.3.Adapter.s_attn.conv_offset.0.weight', 'transformer.resblocks.3.Adapter.s_attn.conv_offset.0.bias', 'transformer.resblocks.3.Adapter.s_attn.conv_offset.1.norm.weight', 'transformer.resblocks.3.Adapter.s_attn.conv_offset.1.norm.bias', 'transformer.resblocks.3.Adapter.s_attn.conv_offset.3.weight', 'transformer.resblocks.3.Adapter.s_attn.proj_q.weight', 'transformer.resblocks.3.Adapter.s_attn.proj_q.bias', 'transformer.resblocks.3.Adapter.s_attn.proj_k.weight', 'transformer.resblocks.3.Adapter.s_attn.proj_k.bias', 'transformer.resblocks.3.Adapter.s_attn.proj_v.weight', 'transformer.resblocks.3.Adapter.s_attn.proj_v.bias', 'transformer.resblocks.3.Adapter.s_attn.proj_out.weight', 'transformer.resblocks.3.Adapter.s_attn.proj_out.bias', 'transformer.resblocks.3.Adapter.t_ln.weight', 'transformer.resblocks.3.Adapter.t_ln.bias', 'transformer.resblocks.3.Adapter.t_attn.conv_offset.0.weight', 'transformer.resblocks.3.Adapter.t_attn.conv_offset.0.bias', 'transformer.resblocks.3.Adapter.t_attn.conv_offset.1.norm.weight', 'transformer.resblocks.3.Adapter.t_attn.conv_offset.1.norm.bias', 'transformer.resblocks.3.Adapter.t_attn.conv_offset.3.weight', 'transformer.resblocks.3.Adapter.t_attn.proj_q.weight', 'transformer.resblocks.3.Adapter.t_attn.proj_q.bias', 'transformer.resblocks.3.Adapter.t_attn.proj_k.weight', 'transformer.resblocks.3.Adapter.t_attn.proj_k.bias', 'transformer.resblocks.3.Adapter.t_attn.proj_v.weight', 'transformer.resblocks.3.Adapter.t_attn.proj_v.bias', 'transformer.resblocks.3.Adapter.t_attn.proj_out.weight', 'transformer.resblocks.3.Adapter.t_attn.proj_out.bias', 'transformer.resblocks.3.Adapter.up.weight', 'transformer.resblocks.3.Adapter.up.bias', 'transformer.resblocks.4.Adapter.down.weight', 'transformer.resblocks.4.Adapter.down.bias', 'transformer.resblocks.4.Adapter.pos_embed.weight', 'transformer.resblocks.4.Adapter.pos_embed.bias', 'transformer.resblocks.4.Adapter.s_ln.weight', 'transformer.resblocks.4.Adapter.s_ln.bias', 'transformer.resblocks.4.Adapter.s_attn.conv_offset.0.weight', 'transformer.resblocks.4.Adapter.s_attn.conv_offset.0.bias', 'transformer.resblocks.4.Adapter.s_attn.conv_offset.1.norm.weight', 'transformer.resblocks.4.Adapter.s_attn.conv_offset.1.norm.bias', 'transformer.resblocks.4.Adapter.s_attn.conv_offset.3.weight', 'transformer.resblocks.4.Adapter.s_attn.proj_q.weight', 'transformer.resblocks.4.Adapter.s_attn.proj_q.bias', 'transformer.resblocks.4.Adapter.s_attn.proj_k.weight', 'transformer.resblocks.4.Adapter.s_attn.proj_k.bias', 'transformer.resblocks.4.Adapter.s_attn.proj_v.weight', 'transformer.resblocks.4.Adapter.s_attn.proj_v.bias', 'transformer.resblocks.4.Adapter.s_attn.proj_out.weight', 'transformer.resblocks.4.Adapter.s_attn.proj_out.bias', 'transformer.resblocks.4.Adapter.t_ln.weight', 'transformer.resblocks.4.Adapter.t_ln.bias', 'transformer.resblocks.4.Adapter.t_attn.conv_offset.0.weight', 'transformer.resblocks.4.Adapter.t_attn.conv_offset.0.bias', 'transformer.resblocks.4.Adapter.t_attn.conv_offset.1.norm.weight', 'transformer.resblocks.4.Adapter.t_attn.conv_offset.1.norm.bias', 'transformer.resblocks.4.Adapter.t_attn.conv_offset.3.weight', 'transformer.resblocks.4.Adapter.t_attn.proj_q.weight', 'transformer.resblocks.4.Adapter.t_attn.proj_q.bias', 'transformer.resblocks.4.Adapter.t_attn.proj_k.weight', 'transformer.resblocks.4.Adapter.t_attn.proj_k.bias', 'transformer.resblocks.4.Adapter.t_attn.proj_v.weight', 'transformer.resblocks.4.Adapter.t_attn.proj_v.bias', 'transformer.resblocks.4.Adapter.t_attn.proj_out.weight', 'transformer.resblocks.4.Adapter.t_attn.proj_out.bias', 'transformer.resblocks.4.Adapter.up.weight', 'transformer.resblocks.4.Adapter.up.bias', 'transformer.resblocks.5.Adapter.down.weight', 'transformer.resblocks.5.Adapter.down.bias', 'transformer.resblocks.5.Adapter.pos_embed.weight', 'transformer.resblocks.5.Adapter.pos_embed.bias', 'transformer.resblocks.5.Adapter.s_ln.weight', 'transformer.resblocks.5.Adapter.s_ln.bias', 'transformer.resblocks.5.Adapter.s_attn.conv_offset.0.weight', 'transformer.resblocks.5.Adapter.s_attn.conv_offset.0.bias', 'transformer.resblocks.5.Adapter.s_attn.conv_offset.1.norm.weight', 'transformer.resblocks.5.Adapter.s_attn.conv_offset.1.norm.bias', 'transformer.resblocks.5.Adapter.s_attn.conv_offset.3.weight', 'transformer.resblocks.5.Adapter.s_attn.proj_q.weight', 'transformer.resblocks.5.Adapter.s_attn.proj_q.bias', 'transformer.resblocks.5.Adapter.s_attn.proj_k.weight', 'transformer.resblocks.5.Adapter.s_attn.proj_k.bias', 'transformer.resblocks.5.Adapter.s_attn.proj_v.weight', 'transformer.resblocks.5.Adapter.s_attn.proj_v.bias', 'transformer.resblocks.5.Adapter.s_attn.proj_out.weight', 'transformer.resblocks.5.Adapter.s_attn.proj_out.bias', 'transformer.resblocks.5.Adapter.t_ln.weight', 'transformer.resblocks.5.Adapter.t_ln.bias', 'transformer.resblocks.5.Adapter.t_attn.conv_offset.0.weight', 'transformer.resblocks.5.Adapter.t_attn.conv_offset.0.bias', 'transformer.resblocks.5.Adapter.t_attn.conv_offset.1.norm.weight', 'transformer.resblocks.5.Adapter.t_attn.conv_offset.1.norm.bias', 'transformer.resblocks.5.Adapter.t_attn.conv_offset.3.weight', 'transformer.resblocks.5.Adapter.t_attn.proj_q.weight', 'transformer.resblocks.5.Adapter.t_attn.proj_q.bias', 'transformer.resblocks.5.Adapter.t_attn.proj_k.weight', 'transformer.resblocks.5.Adapter.t_attn.proj_k.bias', 'transformer.resblocks.5.Adapter.t_attn.proj_v.weight', 'transformer.resblocks.5.Adapter.t_attn.proj_v.bias', 'transformer.resblocks.5.Adapter.t_attn.proj_out.weight', 'transformer.resblocks.5.Adapter.t_attn.proj_out.bias', 'transformer.resblocks.5.Adapter.up.weight', 'transformer.resblocks.5.Adapter.up.bias', 'transformer.resblocks.6.Adapter.down.weight', 'transformer.resblocks.6.Adapter.down.bias', 'transformer.resblocks.6.Adapter.pos_embed.weight', 'transformer.resblocks.6.Adapter.pos_embed.bias', 'transformer.resblocks.6.Adapter.s_ln.weight', 'transformer.resblocks.6.Adapter.s_ln.bias', 'transformer.resblocks.6.Adapter.s_attn.conv_offset.0.weight', 'transformer.resblocks.6.Adapter.s_attn.conv_offset.0.bias', 'transformer.resblocks.6.Adapter.s_attn.conv_offset.1.norm.weight', 'transformer.resblocks.6.Adapter.s_attn.conv_offset.1.norm.bias', 'transformer.resblocks.6.Adapter.s_attn.conv_offset.3.weight', 'transformer.resblocks.6.Adapter.s_attn.proj_q.weight', 'transformer.resblocks.6.Adapter.s_attn.proj_q.bias', 'transformer.resblocks.6.Adapter.s_attn.proj_k.weight', 'transformer.resblocks.6.Adapter.s_attn.proj_k.bias', 'transformer.resblocks.6.Adapter.s_attn.proj_v.weight', 'transformer.resblocks.6.Adapter.s_attn.proj_v.bias', 'transformer.resblocks.6.Adapter.s_attn.proj_out.weight', 'transformer.resblocks.6.Adapter.s_attn.proj_out.bias', 'transformer.resblocks.6.Adapter.t_ln.weight', 'transformer.resblocks.6.Adapter.t_ln.bias', 'transformer.resblocks.6.Adapter.t_attn.conv_offset.0.weight', 'transformer.resblocks.6.Adapter.t_attn.conv_offset.0.bias', 'transformer.resblocks.6.Adapter.t_attn.conv_offset.1.norm.weight', 'transformer.resblocks.6.Adapter.t_attn.conv_offset.1.norm.bias', 'transformer.resblocks.6.Adapter.t_attn.conv_offset.3.weight', 'transformer.resblocks.6.Adapter.t_attn.proj_q.weight', 'transformer.resblocks.6.Adapter.t_attn.proj_q.bias', 'transformer.resblocks.6.Adapter.t_attn.proj_k.weight', 'transformer.resblocks.6.Adapter.t_attn.proj_k.bias', 'transformer.resblocks.6.Adapter.t_attn.proj_v.weight', 'transformer.resblocks.6.Adapter.t_attn.proj_v.bias', 'transformer.resblocks.6.Adapter.t_attn.proj_out.weight', 'transformer.resblocks.6.Adapter.t_attn.proj_out.bias', 'transformer.resblocks.6.Adapter.up.weight', 'transformer.resblocks.6.Adapter.up.bias', 'transformer.resblocks.7.Adapter.down.weight', 'transformer.resblocks.7.Adapter.down.bias', 'transformer.resblocks.7.Adapter.pos_embed.weight', 'transformer.resblocks.7.Adapter.pos_embed.bias', 'transformer.resblocks.7.Adapter.s_ln.weight', 'transformer.resblocks.7.Adapter.s_ln.bias', 'transformer.resblocks.7.Adapter.s_attn.conv_offset.0.weight', 'transformer.resblocks.7.Adapter.s_attn.conv_offset.0.bias', 'transformer.resblocks.7.Adapter.s_attn.conv_offset.1.norm.weight', 'transformer.resblocks.7.Adapter.s_attn.conv_offset.1.norm.bias', 'transformer.resblocks.7.Adapter.s_attn.conv_offset.3.weight', 'transformer.resblocks.7.Adapter.s_attn.proj_q.weight', 'transformer.resblocks.7.Adapter.s_attn.proj_q.bias', 'transformer.resblocks.7.Adapter.s_attn.proj_k.weight', 'transformer.resblocks.7.Adapter.s_attn.proj_k.bias', 'transformer.resblocks.7.Adapter.s_attn.proj_v.weight', 'transformer.resblocks.7.Adapter.s_attn.proj_v.bias', 'transformer.resblocks.7.Adapter.s_attn.proj_out.weight', 'transformer.resblocks.7.Adapter.s_attn.proj_out.bias', 'transformer.resblocks.7.Adapter.t_ln.weight', 'transformer.resblocks.7.Adapter.t_ln.bias', 'transformer.resblocks.7.Adapter.t_attn.conv_offset.0.weight', 'transformer.resblocks.7.Adapter.t_attn.conv_offset.0.bias', 'transformer.resblocks.7.Adapter.t_attn.conv_offset.1.norm.weight', 'transformer.resblocks.7.Adapter.t_attn.conv_offset.1.norm.bias', 'transformer.resblocks.7.Adapter.t_attn.conv_offset.3.weight', 'transformer.resblocks.7.Adapter.t_attn.proj_q.weight', 'transformer.resblocks.7.Adapter.t_attn.proj_q.bias', 'transformer.resblocks.7.Adapter.t_attn.proj_k.weight', 'transformer.resblocks.7.Adapter.t_attn.proj_k.bias', 'transformer.resblocks.7.Adapter.t_attn.proj_v.weight', 'transformer.resblocks.7.Adapter.t_attn.proj_v.bias', 'transformer.resblocks.7.Adapter.t_attn.proj_out.weight', 'transformer.resblocks.7.Adapter.t_attn.proj_out.bias', 'transformer.resblocks.7.Adapter.up.weight', 'transformer.resblocks.7.Adapter.up.bias', 'transformer.resblocks.8.Adapter.down.weight', 'transformer.resblocks.8.Adapter.down.bias', 'transformer.resblocks.8.Adapter.pos_embed.weight', 'transformer.resblocks.8.Adapter.pos_embed.bias', 'transformer.resblocks.8.Adapter.s_ln.weight', 'transformer.resblocks.8.Adapter.s_ln.bias', 'transformer.resblocks.8.Adapter.s_attn.conv_offset.0.weight', 'transformer.resblocks.8.Adapter.s_attn.conv_offset.0.bias', 'transformer.resblocks.8.Adapter.s_attn.conv_offset.1.norm.weight', 'transformer.resblocks.8.Adapter.s_attn.conv_offset.1.norm.bias', 'transformer.resblocks.8.Adapter.s_attn.conv_offset.3.weight', 'transformer.resblocks.8.Adapter.s_attn.proj_q.weight', 'transformer.resblocks.8.Adapter.s_attn.proj_q.bias', 'transformer.resblocks.8.Adapter.s_attn.proj_k.weight', 'transformer.resblocks.8.Adapter.s_attn.proj_k.bias', 'transformer.resblocks.8.Adapter.s_attn.proj_v.weight', 'transformer.resblocks.8.Adapter.s_attn.proj_v.bias', 'transformer.resblocks.8.Adapter.s_attn.proj_out.weight', 'transformer.resblocks.8.Adapter.s_attn.proj_out.bias', 'transformer.resblocks.8.Adapter.t_ln.weight', 'transformer.resblocks.8.Adapter.t_ln.bias', 'transformer.resblocks.8.Adapter.t_attn.conv_offset.0.weight', 'transformer.resblocks.8.Adapter.t_attn.conv_offset.0.bias', 'transformer.resblocks.8.Adapter.t_attn.conv_offset.1.norm.weight', 'transformer.resblocks.8.Adapter.t_attn.conv_offset.1.norm.bias', 'transformer.resblocks.8.Adapter.t_attn.conv_offset.3.weight', 'transformer.resblocks.8.Adapter.t_attn.proj_q.weight', 'transformer.resblocks.8.Adapter.t_attn.proj_q.bias', 'transformer.resblocks.8.Adapter.t_attn.proj_k.weight', 'transformer.resblocks.8.Adapter.t_attn.proj_k.bias', 'transformer.resblocks.8.Adapter.t_attn.proj_v.weight', 'transformer.resblocks.8.Adapter.t_attn.proj_v.bias', 'transformer.resblocks.8.Adapter.t_attn.proj_out.weight', 'transformer.resblocks.8.Adapter.t_attn.proj_out.bias', 'transformer.resblocks.8.Adapter.up.weight', 'transformer.resblocks.8.Adapter.up.bias', 'transformer.resblocks.9.Adapter.down.weight', 'transformer.resblocks.9.Adapter.down.bias', 'transformer.resblocks.9.Adapter.pos_embed.weight', 'transformer.resblocks.9.Adapter.pos_embed.bias', 'transformer.resblocks.9.Adapter.s_ln.weight', 'transformer.resblocks.9.Adapter.s_ln.bias', 'transformer.resblocks.9.Adapter.s_attn.conv_offset.0.weight', 'transformer.resblocks.9.Adapter.s_attn.conv_offset.0.bias', 'transformer.resblocks.9.Adapter.s_attn.conv_offset.1.norm.weight', 'transformer.resblocks.9.Adapter.s_attn.conv_offset.1.norm.bias', 'transformer.resblocks.9.Adapter.s_attn.conv_offset.3.weight', 'transformer.resblocks.9.Adapter.s_attn.proj_q.weight', 'transformer.resblocks.9.Adapter.s_attn.proj_q.bias', 'transformer.resblocks.9.Adapter.s_attn.proj_k.weight', 'transformer.resblocks.9.Adapter.s_attn.proj_k.bias', 'transformer.resblocks.9.Adapter.s_attn.proj_v.weight', 'transformer.resblocks.9.Adapter.s_attn.proj_v.bias', 'transformer.resblocks.9.Adapter.s_attn.proj_out.weight', 'transformer.resblocks.9.Adapter.s_attn.proj_out.bias', 'transformer.resblocks.9.Adapter.t_ln.weight', 'transformer.resblocks.9.Adapter.t_ln.bias', 'transformer.resblocks.9.Adapter.t_attn.conv_offset.0.weight', 'transformer.resblocks.9.Adapter.t_attn.conv_offset.0.bias', 'transformer.resblocks.9.Adapter.t_attn.conv_offset.1.norm.weight', 'transformer.resblocks.9.Adapter.t_attn.conv_offset.1.norm.bias', 'transformer.resblocks.9.Adapter.t_attn.conv_offset.3.weight', 'transformer.resblocks.9.Adapter.t_attn.proj_q.weight', 'transformer.resblocks.9.Adapter.t_attn.proj_q.bias', 'transformer.resblocks.9.Adapter.t_attn.proj_k.weight', 'transformer.resblocks.9.Adapter.t_attn.proj_k.bias', 'transformer.resblocks.9.Adapter.t_attn.proj_v.weight', 'transformer.resblocks.9.Adapter.t_attn.proj_v.bias', 'transformer.resblocks.9.Adapter.t_attn.proj_out.weight', 'transformer.resblocks.9.Adapter.t_attn.proj_out.bias', 'transformer.resblocks.9.Adapter.up.weight', 'transformer.resblocks.9.Adapter.up.bias', 'transformer.resblocks.10.Adapter.down.weight', 'transformer.resblocks.10.Adapter.down.bias', 'transformer.resblocks.10.Adapter.pos_embed.weight', 'transformer.resblocks.10.Adapter.pos_embed.bias', 'transformer.resblocks.10.Adapter.s_ln.weight', 'transformer.resblocks.10.Adapter.s_ln.bias', 'transformer.resblocks.10.Adapter.s_attn.conv_offset.0.weight', 'transformer.resblocks.10.Adapter.s_attn.conv_offset.0.bias', 'transformer.resblocks.10.Adapter.s_attn.conv_offset.1.norm.weight', 'transformer.resblocks.10.Adapter.s_attn.conv_offset.1.norm.bias', 'transformer.resblocks.10.Adapter.s_attn.conv_offset.3.weight', 'transformer.resblocks.10.Adapter.s_attn.proj_q.weight', 'transformer.resblocks.10.Adapter.s_attn.proj_q.bias', 'transformer.resblocks.10.Adapter.s_attn.proj_k.weight', 'transformer.resblocks.10.Adapter.s_attn.proj_k.bias', 'transformer.resblocks.10.Adapter.s_attn.proj_v.weight', 'transformer.resblocks.10.Adapter.s_attn.proj_v.bias', 'transformer.resblocks.10.Adapter.s_attn.proj_out.weight', 'transformer.resblocks.10.Adapter.s_attn.proj_out.bias', 'transformer.resblocks.10.Adapter.t_ln.weight', 'transformer.resblocks.10.Adapter.t_ln.bias', 'transformer.resblocks.10.Adapter.t_attn.conv_offset.0.weight', 'transformer.resblocks.10.Adapter.t_attn.conv_offset.0.bias', 'transformer.resblocks.10.Adapter.t_attn.conv_offset.1.norm.weight', 'transformer.resblocks.10.Adapter.t_attn.conv_offset.1.norm.bias', 'transformer.resblocks.10.Adapter.t_attn.conv_offset.3.weight', 'transformer.resblocks.10.Adapter.t_attn.proj_q.weight', 'transformer.resblocks.10.Adapter.t_attn.proj_q.bias', 'transformer.resblocks.10.Adapter.t_attn.proj_k.weight', 'transformer.resblocks.10.Adapter.t_attn.proj_k.bias', 'transformer.resblocks.10.Adapter.t_attn.proj_v.weight', 'transformer.resblocks.10.Adapter.t_attn.proj_v.bias', 'transformer.resblocks.10.Adapter.t_attn.proj_out.weight', 'transformer.resblocks.10.Adapter.t_attn.proj_out.bias', 'transformer.resblocks.10.Adapter.up.weight', 'transformer.resblocks.10.Adapter.up.bias', 'transformer.resblocks.11.Adapter.down.weight', 'transformer.resblocks.11.Adapter.down.bias', 'transformer.resblocks.11.Adapter.pos_embed.weight', 'transformer.resblocks.11.Adapter.pos_embed.bias', 'transformer.resblocks.11.Adapter.s_ln.weight', 'transformer.resblocks.11.Adapter.s_ln.bias', 'transformer.resblocks.11.Adapter.s_attn.conv_offset.0.weight', 'transformer.resblocks.11.Adapter.s_attn.conv_offset.0.bias', 'transformer.resblocks.11.Adapter.s_attn.conv_offset.1.norm.weight', 'transformer.resblocks.11.Adapter.s_attn.conv_offset.1.norm.bias', 'transformer.resblocks.11.Adapter.s_attn.conv_offset.3.weight', 'transformer.resblocks.11.Adapter.s_attn.proj_q.weight', 'transformer.resblocks.11.Adapter.s_attn.proj_q.bias', 'transformer.resblocks.11.Adapter.s_attn.proj_k.weight', 'transformer.resblocks.11.Adapter.s_attn.proj_k.bias', 'transformer.resblocks.11.Adapter.s_attn.proj_v.weight', 'transformer.resblocks.11.Adapter.s_attn.proj_v.bias', 'transformer.resblocks.11.Adapter.s_attn.proj_out.weight', 'transformer.resblocks.11.Adapter.s_attn.proj_out.bias', 'transformer.resblocks.11.Adapter.t_ln.weight', 'transformer.resblocks.11.Adapter.t_ln.bias', 'transformer.resblocks.11.Adapter.t_attn.conv_offset.0.weight', 'transformer.resblocks.11.Adapter.t_attn.conv_offset.0.bias', 'transformer.resblocks.11.Adapter.t_attn.conv_offset.1.norm.weight', 'transformer.resblocks.11.Adapter.t_attn.conv_offset.1.norm.bias', 'transformer.resblocks.11.Adapter.t_attn.conv_offset.3.weight', 'transformer.resblocks.11.Adapter.t_attn.proj_q.weight', 'transformer.resblocks.11.Adapter.t_attn.proj_q.bias', 'transformer.resblocks.11.Adapter.t_attn.proj_k.weight', 'transformer.resblocks.11.Adapter.t_attn.proj_k.bias', 'transformer.resblocks.11.Adapter.t_attn.proj_v.weight', 'transformer.resblocks.11.Adapter.t_attn.proj_v.bias', 'transformer.resblocks.11.Adapter.t_attn.proj_out.weight', 'transformer.resblocks.11.Adapter.t_attn.proj_out.bias', 'transformer.resblocks.11.Adapter.up.weight', 'transformer.resblocks.11.Adapter.up.bias', 'focus_branch.temporal_alpha', 'focus_branch.norm.weight', 'focus_branch.norm.bias', 'focus_branch.time_proj.weight', 'focus_branch.time_proj.bias', 'focus_branch.temporal.self_attn.in_proj_weight', 'focus_branch.temporal.self_attn.in_proj_bias', 'focus_branch.temporal.self_attn.out_proj.weight', 'focus_branch.temporal.self_attn.out_proj.bias', 'focus_branch.temporal.linear1.weight', 'focus_branch.temporal.linear1.bias', 'focus_branch.temporal.linear2.weight', 'focus_branch.temporal.linear2.bias', 'focus_branch.temporal.norm1.weight', 'focus_branch.temporal.norm1.bias', 'focus_branch.temporal.norm2.weight', 'focus_branch.temporal.norm2.bias', 'focus_branch.gate.0.weight', 'focus_branch.gate.0.bias', 'focus_branch.gate.2.weight', 'focus_branch.gate.2.bias', 'task_matcher.context_norm.weight', 'task_matcher.context_norm.bias', 'task_matcher.generator.0.weight', 'task_matcher.generator.0.bias', 'task_matcher.generator.3.weight', 'task_matcher.generator.3.bias']
[08/22 17:58:29][INFO] models.base.adapter:  769: Unexpected keys: []
[08/22 17:58:29][INFO] models.base.adapter:  770: => loaded successfully 'ViT-B/16'
[08/22 17:58:29][INFO] models.base.adapter:  777: init:  transformer.resblocks.0.Adapter.up
[08/22 17:58:29][INFO] models.base.adapter:  777: init:  transformer.resblocks.1.Adapter.up
[08/22 17:58:29][INFO] models.base.adapter:  777: init:  transformer.resblocks.2.Adapter.up
[08/22 17:58:29][INFO] models.base.adapter:  777: init:  transformer.resblocks.3.Adapter.up
[08/22 17:58:29][INFO] models.base.adapter:  777: init:  transformer.resblocks.4.Adapter.up
[08/22 17:58:29][INFO] models.base.adapter:  777: init:  transformer.resblocks.5.Adapter.up
[08/22 17:58:29][INFO] models.base.adapter:  777: init:  transformer.resblocks.6.Adapter.up
[08/22 17:58:29][INFO] models.base.adapter:  777: init:  transformer.resblocks.7.Adapter.up
[08/22 17:58:29][INFO] models.base.adapter:  777: init:  transformer.resblocks.8.Adapter.up
[08/22 17:58:29][INFO] models.base.adapter:  777: init:  transformer.resblocks.9.Adapter.up
[08/22 17:58:29][INFO] models.base.adapter:  777: init:  transformer.resblocks.10.Adapter.up
[08/22 17:58:29][INFO] models.base.adapter:  777: init:  transformer.resblocks.11.Adapter.up
[08/22 17:58:29][INFO] train_net_few_shot:  288: Model:
BaseVideoModel(
  (model): ViT_CLIP(
    (conv1): Conv2d(3, 768, kernel_size=(16, 16), stride=(16, 16), bias=False)
    (ln_pre): LayerNorm((768,), eps=1e-05, elementwise_affine=True, bias=True)
    (transformer): Transformer(
      (resblocks): ModuleList(
        (0-11): 12 x ResidualAttentionBlock(
          (ln_1): LayerNorm((768,), eps=1e-05, elementwise_affine=True, bias=True)
          (attn): MultiheadAttention(
            (out_proj): NonDynamicallyQuantizableLinear(in_features=768, out_features=768, bias=True)
          )
          (ln_2): LayerNorm((768,), eps=1e-05, elementwise_affine=True, bias=True)
          (mlp): Sequential(
            (c_fc): Linear(in_features=768, out_features=3072, bias=True)
            (gelu): QuickGELU()
            (c_proj): Linear(in_features=3072, out_features=768, bias=True)
          )
          (Adapter): ViT_D2ST_Adapter(
            (down): Linear(in_features=768, out_features=192, bias=True)
            (gelu1): GELU(approximate='none')
            (pos_embed): Conv3d(192, 192, kernel_size=(3, 3, 3), stride=(1, 1, 1), padding=(1, 1, 1), groups=192)
            (s_ln): LayerNorm((192,), eps=1e-05, elementwise_affine=True, bias=True)
            (s_attn): ViT_DeformAttention(
              (conv_offset): Sequential(
                (0): Conv3d(48, 48, kernel_size=(4, 5, 5), stride=(4, 3, 3), groups=48)
                (1): LayerNormProxy(
                  (norm): LayerNorm((48,), eps=1e-05, elementwise_affine=True, bias=True)
                )
                (2): GELU(approximate='none')
                (3): Conv3d(48, 3, kernel_size=(1, 1, 1), stride=(1, 1, 1), bias=False)
              )
              (proj_q): Linear(in_features=192, out_features=192, bias=True)
              (proj_k): Linear(in_features=192, out_features=192, bias=True)
              (proj_v): Linear(in_features=192, out_features=192, bias=True)
              (proj_out): Linear(in_features=192, out_features=192, bias=True)
            )
            (t_ln): LayerNorm((192,), eps=1e-05, elementwise_affine=True, bias=True)
            (t_attn): ViT_DeformAttention(
              (conv_offset): Sequential(
                (0): Conv3d(48, 48, kernel_size=(1, 7, 7), stride=(1, 7, 7), groups=48)
                (1): LayerNormProxy(
                  (norm): LayerNorm((48,), eps=1e-05, elementwise_affine=True, bias=True)
                )
                (2): GELU(approximate='none')
                (3): Conv3d(48, 3, kernel_size=(1, 1, 1), stride=(1, 1, 1), bias=False)
              )
              (proj_q): Linear(in_features=192, out_features=192, bias=True)
              (proj_k): Linear(in_features=192, out_features=192, bias=True)
              (proj_v): Linear(in_features=192, out_features=192, bias=True)
              (proj_out): Linear(in_features=192, out_features=192, bias=True)
            )
            (gelu): GELU(approximate='none')
            (up): Linear(in_features=192, out_features=768, bias=True)
            (gelu2): GELU(approximate='none')
          )
        )
      )
    )
    (ln_post): LayerNorm((768,), eps=1e-05, elementwise_affine=True, bias=True)
    (focus_branch): D2STFocusResidual(
      (norm): LayerNorm((768,), eps=1e-05, elementwise_affine=True, bias=True)
      (time_proj): Linear(in_features=1, out_features=768, bias=True)
      (temporal): TransformerEncoderLayer(
        (self_attn): MultiheadAttention(
          (out_proj): NonDynamicallyQuantizableLinear(in_features=768, out_features=768, bias=True)
        )
        (linear1): Linear(in_features=768, out_features=1536, bias=True)
        (dropout): Dropout(p=0.1, inplace=False)
        (linear2): Linear(in_features=1536, out_features=768, bias=True)
        (norm1): LayerNorm((768,), eps=1e-05, elementwise_affine=True, bias=True)
        (norm2): LayerNorm((768,), eps=1e-05, elementwise_affine=True, bias=True)
        (dropout1): Dropout(p=0.1, inplace=False)
        (dropout2): Dropout(p=0.1, inplace=False)
      )
      (gate): Sequential(
        (0): Linear(in_features=768, out_features=48, bias=True)
        (1): GELU(approximate='none')
        (2): Linear(in_features=48, out_features=1, bias=True)
      )
    )
    (task_matcher): D2STTaskAwareMatcher(
      (context_norm): LayerNorm((768,), eps=1e-05, elementwise_affine=True, bias=True)
      (generator): Sequential(
        (0): Linear(in_features=768, out_features=192, bias=True)
        (1): GELU(approximate='none')
        (2): Dropout(p=0.1, inplace=False)
        (3): Linear(in_features=192, out_features=64, bias=True)
      )
    )
  )
)
[08/22 17:58:29][INFO] models.utils.optimizer:   82: Optimized parameters constructed. Parameters without weight decay: []
[08/22 17:58:29][INFO] datasets.base.few_shot_dataset:   97: Reading video list from file: train_few_shot.txt
[08/22 17:58:29][INFO] datasets.base.few_shot_dataset:  127: Loading UCF101 dataset list for split 'train'...
[08/22 17:58:29][INFO] datasets.base.few_shot_dataset:   47: loaded 9154 videos from train dataset: UCF101 !
[08/22 17:58:29][INFO] datasets.base.few_shot_dataset:  153: Dataset UCF101 split train loaded. Length 9154.
[08/22 17:58:29][INFO] datasets.base.few_shot_dataset:   97: Reading video list from file: test_few_shot.txt
[08/22 17:58:29][INFO] datasets.base.few_shot_dataset:  127: Loading UCF101 dataset list for split 'test'...
[08/22 17:58:29][INFO] datasets.base.few_shot_dataset:   47: loaded 2745 videos from test dataset: UCF101 !
[08/22 17:58:29][INFO] datasets.base.few_shot_dataset:  153: Dataset UCF101 split test loaded. Length 2745.
[08/22 17:58:29][INFO] train_net_few_shot:  310: Start epoch: 1
[08/22 17:58:29][INFO] train_net_few_shot:  339: Number of total parameters: 98008484, tunable parameters: 12211364
[08/22 17:58:29][INFO] train_net_few_shot:   69: Norm training: True
[08/22 17:58:29][INFO] train_net_few_shot:   87: Gradient accumulation: steps=16, normalize=True
[08/22 17:59:29][INFO] utils.logging:   91: {"_type": "train_iter", "iter": "200/18000", "loss": 0.255466, "lr": 0.000072, "top1_acc": 91.300001}
[08/22 18:00:26][INFO] utils.logging:   91: {"_type": "train_iter", "iter": "400/18000", "loss": 0.136884, "lr": 0.000094, "top1_acc": 94.200001}
[08/22 18:01:24][INFO] utils.logging:   91: {"_type": "train_iter", "iter": "600/18000", "loss": 0.097364, "lr": 0.000117, "top1_acc": 94.900000}
[08/22 18:02:22][INFO] utils.logging:   91: {"_type": "train_iter", "iter": "800/18000", "loss": 0.060919, "lr": 0.000139, "top1_acc": 95.900000}
[08/22 18:03:19][INFO] utils.logging:   91: {"_type": "train_iter", "iter": "1000/18000", "loss": 0.045318, "lr": 0.000161, "top1_acc": 97.100000}
[08/22 18:04:17][INFO] utils.logging:   91: {"_type": "train_iter", "iter": "1200/18000", "loss": 0.030954, "lr": 0.000183, "top1_acc": 96.600000}
[08/22 18:05:15][INFO] utils.logging:   91: {"_type": "train_iter", "iter": "1400/18000", "loss": 0.025772, "lr": 0.000205, "top1_acc": 97.000000}
[08/22 18:06:12][INFO] utils.logging:   91: {"_type": "train_iter", "iter": "1600/18000", "loss": 0.028514, "lr": 0.000228, "top1_acc": 96.600000}
[08/22 18:07:10][INFO] utils.logging:   91: {"_type": "train_iter", "iter": "1800/18000", "loss": 0.021457, "lr": 0.000250, "top1_acc": 97.600000}
[08/22 18:08:07][INFO] utils.logging:   91: {"_type": "train_iter", "iter": "2000/18000", "loss": 0.029222, "lr": 0.000250, "top1_acc": 96.600000}
[08/22 18:09:05][INFO] utils.logging:   91: {"_type": "train_iter", "iter": "2200/18000", "loss": 0.019781, "lr": 0.000250, "top1_acc": 97.200000}
[08/22 18:10:03][INFO] utils.logging:   91: {"_type": "train_iter", "iter": "2400/18000", "loss": 0.020022, "lr": 0.000250, "top1_acc": 97.500000}
[08/22 18:11:01][INFO] utils.logging:   91: {"_type": "train_iter", "iter": "2600/18000", "loss": 0.024785, "lr": 0.000250, "top1_acc": 98.000000}
[08/22 18:11:58][INFO] utils.logging:   91: {"_type": "train_iter", "iter": "2800/18000", "loss": 0.022612, "lr": 0.000250, "top1_acc": 98.200000}
[08/22 18:12:56][INFO] utils.logging:   91: {"_type": "train_iter", "iter": "3000/18000", "loss": 0.017993, "lr": 0.000250, "top1_acc": 97.400000}
[08/22 18:13:54][INFO] utils.logging:   91: {"_type": "train_iter", "iter": "3200/18000", "loss": 0.021518, "lr": 0.000250, "top1_acc": 97.200000}
[08/22 18:14:52][INFO] utils.logging:   91: {"_type": "train_iter", "iter": "3400/18000", "loss": 0.025527, "lr": 0.000250, "top1_acc": 97.400000}
[08/22 18:15:49][INFO] utils.logging:   91: {"_type": "train_iter", "iter": "3600/18000", "loss": 0.017841, "lr": 0.000250, "top1_acc": 97.500000}
[08/22 18:16:47][INFO] utils.logging:   91: {"_type": "train_iter", "iter": "3800/18000", "loss": 0.015684, "lr": 0.000250, "top1_acc": 97.700000}
[08/22 18:17:45][INFO] utils.logging:   91: {"_type": "train_iter", "iter": "4000/18000", "loss": 0.022371, "lr": 0.000250, "top1_acc": 97.200000}
[08/22 18:18:43][INFO] utils.logging:   91: {"_type": "train_iter", "iter": "4200/18000", "loss": 0.020825, "lr": 0.000250, "top1_acc": 98.300000}
[08/22 18:19:40][INFO] utils.logging:   91: {"_type": "train_iter", "iter": "4400/18000", "loss": 0.021365, "lr": 0.000250, "top1_acc": 97.100000}
[08/22 18:20:38][INFO] utils.logging:   91: {"_type": "train_iter", "iter": "4600/18000", "loss": 0.015582, "lr": 0.000250, "top1_acc": 98.200000}
[08/22 18:21:36][INFO] utils.logging:   91: {"_type": "train_iter", "iter": "4800/18000", "loss": 0.021389, "lr": 0.000250, "top1_acc": 97.800000}
[08/22 18:22:33][INFO] utils.logging:   91: {"_type": "train_iter", "iter": "5000/18000", "loss": 0.014607, "lr": 0.000250, "top1_acc": 98.000000}
[08/22 18:23:31][INFO] utils.logging:   91: {"_type": "train_iter", "iter": "5200/18000", "loss": 0.020061, "lr": 0.000250, "top1_acc": 98.300000}
[08/22 18:24:28][INFO] utils.logging:   91: {"_type": "train_iter", "iter": "5400/18000", "loss": 0.019783, "lr": 0.000250, "top1_acc": 97.700000}
[08/22 18:25:26][INFO] utils.logging:   91: {"_type": "train_iter", "iter": "5600/18000", "loss": 0.021880, "lr": 0.000250, "top1_acc": 97.700000}
[08/22 18:26:24][INFO] utils.logging:   91: {"_type": "train_iter", "iter": "5800/18000", "loss": 0.016885, "lr": 0.000250, "top1_acc": 96.700000}
[08/22 18:27:46][INFO] utils.logging:   91: {"_type": "val_iter", "gpu_mem": "11.84 GB", "iter": "200/10000", "top1_acc": 96.900000}
[08/22 18:28:10][INFO] utils.logging:   91: {"_type": "val_iter", "gpu_mem": "11.84 GB", "iter": "400/10000", "top1_acc": 97.800000}
[08/22 18:28:33][INFO] utils.logging:   91: {"_type": "val_iter", "gpu_mem": "11.84 GB", "iter": "600/10000", "top1_acc": 96.500000}
[08/22 18:28:55][INFO] utils.logging:   91: {"_type": "val_iter", "gpu_mem": "11.84 GB", "iter": "800/10000", "top1_acc": 96.100000}
[08/22 18:29:18][INFO] utils.logging:   91: {"_type": "val_iter", "gpu_mem": "11.84 GB", "iter": "1000/10000", "top1_acc": 97.500000}
[08/22 18:29:42][INFO] utils.logging:   91: {"_type": "val_iter", "gpu_mem": "11.84 GB", "iter": "1200/10000", "top1_acc": 97.600000}
[08/22 18:30:05][INFO] utils.logging:   91: {"_type": "val_iter", "gpu_mem": "11.84 GB", "iter": "1400/10000", "top1_acc": 97.400000}
[08/22 18:30:27][INFO] utils.logging:   91: {"_type": "val_iter", "gpu_mem": "11.84 GB", "iter": "1600/10000", "top1_acc": 97.600000}
[08/22 18:30:50][INFO] utils.logging:   91: {"_type": "val_iter", "gpu_mem": "11.84 GB", "iter": "1800/10000", "top1_acc": 96.300000}
[08/22 18:31:14][INFO] utils.logging:   91: {"_type": "val_iter", "gpu_mem": "11.84 GB", "iter": "2000/10000", "top1_acc": 96.500000}
[08/22 18:31:37][INFO] utils.logging:   91: {"_type": "val_iter", "gpu_mem": "11.84 GB", "iter": "2200/10000", "top1_acc": 97.800000}
[08/22 18:32:00][INFO] utils.logging:   91: {"_type": "val_iter", "gpu_mem": "11.84 GB", "iter": "2400/10000", "top1_acc": 96.500000}
[08/22 18:32:23][INFO] utils.logging:   91: {"_type": "val_iter", "gpu_mem": "11.84 GB", "iter": "2600/10000", "top1_acc": 96.300000}
[08/22 18:32:46][INFO] utils.logging:   91: {"_type": "val_iter", "gpu_mem": "11.84 GB", "iter": "2800/10000", "top1_acc": 97.000000}
[08/22 18:33:09][INFO] utils.logging:   91: {"_type": "val_iter", "gpu_mem": "11.84 GB", "iter": "3000/10000", "top1_acc": 96.600000}
[08/22 18:33:32][INFO] utils.logging:   91: {"_type": "val_iter", "gpu_mem": "11.84 GB", "iter": "3200/10000", "top1_acc": 96.100000}
[08/22 18:33:55][INFO] utils.logging:   91: {"_type": "val_iter", "gpu_mem": "11.84 GB", "iter": "3400/10000", "top1_acc": 97.100000}
[08/22 18:34:18][INFO] utils.logging:   91: {"_type": "val_iter", "gpu_mem": "11.84 GB", "iter": "3600/10000", "top1_acc": 96.700000}
[08/22 18:34:41][INFO] utils.logging:   91: {"_type": "val_iter", "gpu_mem": "11.84 GB", "iter": "3800/10000", "top1_acc": 97.300000}
[08/22 18:35:03][INFO] utils.logging:   91: {"_type": "val_iter", "gpu_mem": "11.84 GB", "iter": "4000/10000", "top1_acc": 96.200000}
[08/22 18:35:26][INFO] utils.logging:   91: {"_type": "val_iter", "gpu_mem": "11.84 GB", "iter": "4200/10000", "top1_acc": 97.600000}
[08/22 18:35:49][INFO] utils.logging:   91: {"_type": "val_iter", "gpu_mem": "11.84 GB", "iter": "4400/10000", "top1_acc": 95.500000}
[08/22 18:36:12][INFO] utils.logging:   91: {"_type": "val_iter", "gpu_mem": "11.84 GB", "iter": "4600/10000", "top1_acc": 97.100000}
[08/22 18:36:35][INFO] utils.logging:   91: {"_type": "val_iter", "gpu_mem": "11.84 GB", "iter": "4800/10000", "top1_acc": 97.100000}
[08/22 18:36:58][INFO] utils.logging:   91: {"_type": "val_iter", "gpu_mem": "11.84 GB", "iter": "5000/10000", "top1_acc": 96.200000}
[08/22 18:37:22][INFO] utils.logging:   91: {"_type": "val_iter", "gpu_mem": "11.84 GB", "iter": "5200/10000", "top1_acc": 95.700000}
[08/22 18:37:45][INFO] utils.logging:   91: {"_type": "val_iter", "gpu_mem": "11.84 GB", "iter": "5400/10000", "top1_acc": 96.200000}
[08/22 18:38:08][INFO] utils.logging:   91: {"_type": "val_iter", "gpu_mem": "11.84 GB", "iter": "5600/10000", "top1_acc": 96.400000}
[08/22 18:38:31][INFO] utils.logging:   91: {"_type": "val_iter", "gpu_mem": "11.84 GB", "iter": "5800/10000", "top1_acc": 97.500000}
[08/22 18:38:54][INFO] utils.logging:   91: {"_type": "val_iter", "gpu_mem": "11.84 GB", "iter": "6000/10000", "top1_acc": 97.200000}
[08/22 18:39:17][INFO] utils.logging:   91: {"_type": "val_iter", "gpu_mem": "11.84 GB", "iter": "6200/10000", "top1_acc": 96.200000}
[08/22 18:39:40][INFO] utils.logging:   91: {"_type": "val_iter", "gpu_mem": "11.84 GB", "iter": "6400/10000", "top1_acc": 97.000000}
[08/22 18:40:03][INFO] utils.logging:   91: {"_type": "val_iter", "gpu_mem": "11.84 GB", "iter": "6600/10000", "top1_acc": 95.900000}
[08/22 18:40:26][INFO] utils.logging:   91: {"_type": "val_iter", "gpu_mem": "11.84 GB", "iter": "6800/10000", "top1_acc": 96.200000}
[08/22 18:40:49][INFO] utils.logging:   91: {"_type": "val_iter", "gpu_mem": "11.84 GB", "iter": "7000/10000", "top1_acc": 97.300000}
[08/22 18:41:12][INFO] utils.logging:   91: {"_type": "val_iter", "gpu_mem": "11.84 GB", "iter": "7200/10000", "top1_acc": 95.800000}
[08/22 18:41:35][INFO] utils.logging:   91: {"_type": "val_iter", "gpu_mem": "11.84 GB", "iter": "7400/10000", "top1_acc": 96.900000}
[08/22 18:41:58][INFO] utils.logging:   91: {"_type": "val_iter", "gpu_mem": "11.84 GB", "iter": "7600/10000", "top1_acc": 97.800000}
[08/22 18:42:21][INFO] utils.logging:   91: {"_type": "val_iter", "gpu_mem": "11.84 GB", "iter": "7800/10000", "top1_acc": 97.800000}
[08/22 18:42:44][INFO] utils.logging:   91: {"_type": "val_iter", "gpu_mem": "11.84 GB", "iter": "8000/10000", "top1_acc": 97.300000}
[08/22 18:43:07][INFO] utils.logging:   91: {"_type": "val_iter", "gpu_mem": "11.84 GB", "iter": "8200/10000", "top1_acc": 97.800000}
[08/22 18:43:30][INFO] utils.logging:   91: {"_type": "val_iter", "gpu_mem": "11.84 GB", "iter": "8400/10000", "top1_acc": 96.000000}
[08/22 18:43:52][INFO] utils.logging:   91: {"_type": "val_iter", "gpu_mem": "11.84 GB", "iter": "8600/10000", "top1_acc": 97.500000}
[08/22 18:44:15][INFO] utils.logging:   91: {"_type": "val_iter", "gpu_mem": "11.84 GB", "iter": "8800/10000", "top1_acc": 97.400000}
[08/22 18:44:38][INFO] utils.logging:   91: {"_type": "val_iter", "gpu_mem": "11.84 GB", "iter": "9000/10000", "top1_acc": 96.900000}
[08/22 18:45:01][INFO] utils.logging:   91: {"_type": "val_iter", "gpu_mem": "11.84 GB", "iter": "9200/10000", "top1_acc": 97.000000}
[08/22 18:45:24][INFO] utils.logging:   91: {"_type": "val_iter", "gpu_mem": "11.84 GB", "iter": "9400/10000", "top1_acc": 97.100000}
[08/22 18:45:47][INFO] utils.logging:   91: {"_type": "val_iter", "gpu_mem": "11.84 GB", "iter": "9600/10000", "top1_acc": 96.800000}
[08/22 18:46:10][INFO] utils.logging:   91: {"_type": "val_iter", "gpu_mem": "11.84 GB", "iter": "9800/10000", "top1_acc": 96.200000}
[08/22 18:46:33][INFO] utils.logging:   91: {"_type": "val_iter", "gpu_mem": "11.84 GB", "iter": "10000/10000", "top1_acc": 96.800000}
[08/22 18:46:33][INFO] utils.logging:   91: {"RAM": "19.62/125.63 GB", "_type": "val_epoch", "epoch": "1", "gpu_mem": "11.84 GB", "top1_acc": 96.840000}
[08/22 18:46:33][INFO] train_net_few_shot:   53: Fusion weights: focus=0.019492, task_match=0.019494
[08/22 18:46:34][INFO] train_net_few_shot:  125: New best validation accuracy: 96.8400; checkpoint=output/UCF101_FOCUS_TASK_MATCH/checkpoints/checkpoint_best.pyth
[08/22 18:46:34][INFO] utils.logging:   91: {"_type": "train_iter", "iter": "6000/18000", "loss": 0.023250, "lr": 0.000250, "top1_acc": 97.100000}
[08/22 18:47:32][INFO] utils.logging:   91: {"_type": "train_iter", "iter": "6200/18000", "loss": 0.022829, "lr": 0.000250, "top1_acc": 98.300000}
[08/22 18:48:29][INFO] utils.logging:   91: {"_type": "train_iter", "iter": "6400/18000", "loss": 0.016259, "lr": 0.000250, "top1_acc": 97.800000}
[08/22 18:49:27][INFO] utils.logging:   91: {"_type": "train_iter", "iter": "6600/18000", "loss": 0.009206, "lr": 0.000250, "top1_acc": 97.300000}
[08/22 18:50:24][INFO] utils.logging:   91: {"_type": "train_iter", "iter": "6800/18000", "loss": 0.021952, "lr": 0.000250, "top1_acc": 97.500000}
[08/22 18:51:22][INFO] utils.logging:   91: {"_type": "train_iter", "iter": "7000/18000", "loss": 0.018114, "lr": 0.000250, "top1_acc": 97.200000}
[08/22 18:52:19][INFO] utils.logging:   91: {"_type": "train_iter", "iter": "7200/18000", "loss": 0.015812, "lr": 0.000250, "top1_acc": 98.300000}
[08/22 18:53:17][INFO] utils.logging:   91: {"_type": "train_iter", "iter": "7400/18000", "loss": 0.013070, "lr": 0.000250, "top1_acc": 97.900000}
[08/22 18:54:14][INFO] utils.logging:   91: {"_type": "train_iter", "iter": "7600/18000", "loss": 0.016817, "lr": 0.000250, "top1_acc": 97.900000}
[08/22 18:55:12][INFO] utils.logging:   91: {"_type": "train_iter", "iter": "7800/18000", "loss": 0.016799, "lr": 0.000250, "top1_acc": 98.500000}
[08/22 18:56:09][INFO] utils.logging:   91: {"_type": "train_iter", "iter": "8000/18000", "loss": 0.015894, "lr": 0.000250, "top1_acc": 98.100000}
[08/22 18:57:07][INFO] utils.logging:   91: {"_type": "train_iter", "iter": "8200/18000", "loss": 0.016717, "lr": 0.000250, "top1_acc": 98.000000}
[08/22 18:58:05][INFO] utils.logging:   91: {"_type": "train_iter", "iter": "8400/18000", "loss": 0.016966, "lr": 0.000250, "top1_acc": 97.200000}
[08/22 18:59:02][INFO] utils.logging:   91: {"_type": "train_iter", "iter": "8600/18000", "loss": 0.012934, "lr": 0.000250, "top1_acc": 98.500000}
[08/22 19:00:00][INFO] utils.logging:   91: {"_type": "train_iter", "iter": "8800/18000", "loss": 0.015609, "lr": 0.000250, "top1_acc": 98.200000}
[08/22 19:00:57][INFO] utils.logging:   91: {"_type": "train_iter", "iter": "9000/18000", "loss": 0.019537, "lr": 0.000250, "top1_acc": 97.700000}
[08/22 19:01:55][INFO] utils.logging:   91: {"_type": "train_iter", "iter": "9200/18000", "loss": 0.014640, "lr": 0.000025, "top1_acc": 98.300000}
[08/22 19:02:53][INFO] utils.logging:   91: {"_type": "train_iter", "iter": "9400/18000", "loss": 0.015371, "lr": 0.000025, "top1_acc": 98.600000}
[08/22 19:03:50][INFO] utils.logging:   91: {"_type": "train_iter", "iter": "9600/18000", "loss": 0.010965, "lr": 0.000025, "top1_acc": 98.300000}
[08/22 19:04:48][INFO] utils.logging:   91: {"_type": "train_iter", "iter": "9800/18000", "loss": 0.016130, "lr": 0.000025, "top1_acc": 97.300000}
[08/22 19:05:46][INFO] utils.logging:   91: {"_type": "train_iter", "iter": "10000/18000", "loss": 0.009847, "lr": 0.000025, "top1_acc": 99.000000}
[08/22 19:06:43][INFO] utils.logging:   91: {"_type": "train_iter", "iter": "10200/18000", "loss": 0.013100, "lr": 0.000025, "top1_acc": 98.100000}
[08/22 19:07:41][INFO] utils.logging:   91: {"_type": "train_iter", "iter": "10400/18000", "loss": 0.008730, "lr": 0.000025, "top1_acc": 98.200000}
[08/22 19:08:38][INFO] utils.logging:   91: {"_type": "train_iter", "iter": "10600/18000", "loss": 0.010675, "lr": 0.000025, "top1_acc": 98.200000}
[08/22 19:09:36][INFO] utils.logging:   91: {"_type": "train_iter", "iter": "10800/18000", "loss": 0.008511, "lr": 0.000025, "top1_acc": 98.700000}
[08/22 19:10:33][INFO] utils.logging:   91: {"_type": "train_iter", "iter": "11000/18000", "loss": 0.009942, "lr": 0.000025, "top1_acc": 98.300000}
[08/22 19:11:31][INFO] utils.logging:   91: {"_type": "train_iter", "iter": "11200/18000", "loss": 0.008723, "lr": 0.000025, "top1_acc": 98.000000}
[08/22 19:12:29][INFO] utils.logging:   91: {"_type": "train_iter", "iter": "11400/18000", "loss": 0.013513, "lr": 0.000025, "top1_acc": 97.800000}
[08/22 19:13:26][INFO] utils.logging:   91: {"_type": "train_iter", "iter": "11600/18000", "loss": 0.009086, "lr": 0.000025, "top1_acc": 98.200000}
[08/22 19:14:24][INFO] utils.logging:   91: {"_type": "train_iter", "iter": "11800/18000", "loss": 0.008950, "lr": 0.000025, "top1_acc": 97.800000}
[08/22 19:15:45][INFO] utils.logging:   91: {"_type": "val_iter", "gpu_mem": "11.84 GB", "iter": "200/10000", "top1_acc": 97.100000}
[08/22 19:16:07][INFO] utils.logging:   91: {"_type": "val_iter", "gpu_mem": "11.84 GB", "iter": "400/10000", "top1_acc": 97.400000}
[08/22 19:16:30][INFO] utils.logging:   91: {"_type": "val_iter", "gpu_mem": "11.84 GB", "iter": "600/10000", "top1_acc": 97.300000}
[08/22 19:16:53][INFO] utils.logging:   91: {"_type": "val_iter", "gpu_mem": "11.84 GB", "iter": "800/10000", "top1_acc": 96.900000}
[08/22 19:17:16][INFO] utils.logging:   91: {"_type": "val_iter", "gpu_mem": "11.84 GB", "iter": "1000/10000", "top1_acc": 98.000000}
[08/22 19:17:39][INFO] utils.logging:   91: {"_type": "val_iter", "gpu_mem": "11.84 GB", "iter": "1200/10000", "top1_acc": 97.800000}
[08/22 19:18:02][INFO] utils.logging:   91: {"_type": "val_iter", "gpu_mem": "11.84 GB", "iter": "1400/10000", "top1_acc": 97.200000}
[08/22 19:18:25][INFO] utils.logging:   91: {"_type": "val_iter", "gpu_mem": "11.84 GB", "iter": "1600/10000", "top1_acc": 96.800000}
[08/22 19:18:48][INFO] utils.logging:   91: {"_type": "val_iter", "gpu_mem": "11.84 GB", "iter": "1800/10000", "top1_acc": 97.000000}
[08/22 19:19:11][INFO] utils.logging:   91: {"_type": "val_iter", "gpu_mem": "11.84 GB", "iter": "2000/10000", "top1_acc": 96.100000}
[08/22 19:19:34][INFO] utils.logging:   91: {"_type": "val_iter", "gpu_mem": "11.84 GB", "iter": "2200/10000", "top1_acc": 98.100000}
[08/22 19:19:57][INFO] utils.logging:   91: {"_type": "val_iter", "gpu_mem": "11.84 GB", "iter": "2400/10000", "top1_acc": 96.500000}
[08/22 19:20:20][INFO] utils.logging:   91: {"_type": "val_iter", "gpu_mem": "11.84 GB", "iter": "2600/10000", "top1_acc": 96.600000}
[08/22 19:20:43][INFO] utils.logging:   91: {"_type": "val_iter", "gpu_mem": "11.84 GB", "iter": "2800/10000", "top1_acc": 96.900000}
[08/22 19:21:06][INFO] utils.logging:   91: {"_type": "val_iter", "gpu_mem": "11.84 GB", "iter": "3000/10000", "top1_acc": 97.000000}
[08/22 19:21:29][INFO] utils.logging:   91: {"_type": "val_iter", "gpu_mem": "11.84 GB", "iter": "3200/10000", "top1_acc": 97.000000}
[08/22 19:21:52][INFO] utils.logging:   91: {"_type": "val_iter", "gpu_mem": "11.84 GB", "iter": "3400/10000", "top1_acc": 97.000000}
[08/22 19:22:15][INFO] utils.logging:   91: {"_type": "val_iter", "gpu_mem": "11.84 GB", "iter": "3600/10000", "top1_acc": 97.000000}
[08/22 19:22:38][INFO] utils.logging:   91: {"_type": "val_iter", "gpu_mem": "11.84 GB", "iter": "3800/10000", "top1_acc": 97.300000}
[08/22 19:23:01][INFO] utils.logging:   91: {"_type": "val_iter", "gpu_mem": "11.84 GB", "iter": "4000/10000", "top1_acc": 97.300000}
[08/22 19:23:24][INFO] utils.logging:   91: {"_type": "val_iter", "gpu_mem": "11.84 GB", "iter": "4200/10000", "top1_acc": 97.200000}
[08/22 19:23:47][INFO] utils.logging:   91: {"_type": "val_iter", "gpu_mem": "11.84 GB", "iter": "4400/10000", "top1_acc": 95.300000}
[08/22 19:24:10][INFO] utils.logging:   91: {"_type": "val_iter", "gpu_mem": "11.84 GB", "iter": "4600/10000", "top1_acc": 97.000000}
[08/22 19:24:33][INFO] utils.logging:   91: {"_type": "val_iter", "gpu_mem": "11.84 GB", "iter": "4800/10000", "top1_acc": 97.700000}
[08/22 19:24:55][INFO] utils.logging:   91: {"_type": "val_iter", "gpu_mem": "11.84 GB", "iter": "5000/10000", "top1_acc": 96.600000}
[08/22 19:25:18][INFO] utils.logging:   91: {"_type": "val_iter", "gpu_mem": "11.84 GB", "iter": "5200/10000", "top1_acc": 95.800000}
[08/22 19:25:41][INFO] utils.logging:   91: {"_type": "val_iter", "gpu_mem": "11.84 GB", "iter": "5400/10000", "top1_acc": 95.800000}
[08/22 19:26:04][INFO] utils.logging:   91: {"_type": "val_iter", "gpu_mem": "11.84 GB", "iter": "5600/10000", "top1_acc": 96.900000}
[08/22 19:26:27][INFO] utils.logging:   91: {"_type": "val_iter", "gpu_mem": "11.84 GB", "iter": "5800/10000", "top1_acc": 97.300000}
[08/22 19:26:50][INFO] utils.logging:   91: {"_type": "val_iter", "gpu_mem": "11.84 GB", "iter": "6000/10000", "top1_acc": 96.700000}
[08/22 19:27:13][INFO] utils.logging:   91: {"_type": "val_iter", "gpu_mem": "11.84 GB", "iter": "6200/10000", "top1_acc": 96.600000}
[08/22 19:27:36][INFO] utils.logging:   91: {"_type": "val_iter", "gpu_mem": "11.84 GB", "iter": "6400/10000", "top1_acc": 97.000000}
[08/22 19:27:59][INFO] utils.logging:   91: {"_type": "val_iter", "gpu_mem": "11.84 GB", "iter": "6600/10000", "top1_acc": 96.500000}
[08/22 19:28:22][INFO] utils.logging:   91: {"_type": "val_iter", "gpu_mem": "11.84 GB", "iter": "6800/10000", "top1_acc": 96.400000}
[08/22 19:28:45][INFO] utils.logging:   91: {"_type": "val_iter", "gpu_mem": "11.84 GB", "iter": "7000/10000", "top1_acc": 97.200000}
[08/22 19:29:08][INFO] utils.logging:   91: {"_type": "val_iter", "gpu_mem": "11.84 GB", "iter": "7200/10000", "top1_acc": 95.900000}
[08/22 19:29:31][INFO] utils.logging:   91: {"_type": "val_iter", "gpu_mem": "11.84 GB", "iter": "7400/10000", "top1_acc": 97.600000}
[08/22 19:29:54][INFO] utils.logging:   91: {"_type": "val_iter", "gpu_mem": "11.84 GB", "iter": "7600/10000", "top1_acc": 96.900000}
[08/22 19:30:17][INFO] utils.logging:   91: {"_type": "val_iter", "gpu_mem": "11.84 GB", "iter": "7800/10000", "top1_acc": 97.400000}
[08/22 19:30:40][INFO] utils.logging:   91: {"_type": "val_iter", "gpu_mem": "11.84 GB", "iter": "8000/10000", "top1_acc": 97.200000}
[08/22 19:31:03][INFO] utils.logging:   91: {"_type": "val_iter", "gpu_mem": "11.84 GB", "iter": "8200/10000", "top1_acc": 97.200000}
[08/22 19:31:26][INFO] utils.logging:   91: {"_type": "val_iter", "gpu_mem": "11.84 GB", "iter": "8400/10000", "top1_acc": 96.800000}
[08/22 19:31:49][INFO] utils.logging:   91: {"_type": "val_iter", "gpu_mem": "11.84 GB", "iter": "8600/10000", "top1_acc": 97.100000}
[08/22 19:32:12][INFO] utils.logging:   91: {"_type": "val_iter", "gpu_mem": "11.84 GB", "iter": "8800/10000", "top1_acc": 97.500000}
[08/22 19:32:35][INFO] utils.logging:   91: {"_type": "val_iter", "gpu_mem": "11.84 GB", "iter": "9000/10000", "top1_acc": 97.200000}
[08/22 19:32:58][INFO] utils.logging:   91: {"_type": "val_iter", "gpu_mem": "11.84 GB", "iter": "9200/10000", "top1_acc": 96.600000}
[08/22 19:33:21][INFO] utils.logging:   91: {"_type": "val_iter", "gpu_mem": "11.84 GB", "iter": "9400/10000", "top1_acc": 96.300000}
[08/22 19:33:44][INFO] utils.logging:   91: {"_type": "val_iter", "gpu_mem": "11.84 GB", "iter": "9600/10000", "top1_acc": 97.000000}
[08/22 19:34:07][INFO] utils.logging:   91: {"_type": "val_iter", "gpu_mem": "11.84 GB", "iter": "9800/10000", "top1_acc": 96.700000}
[08/22 19:34:29][INFO] utils.logging:   91: {"_type": "val_iter", "gpu_mem": "11.84 GB", "iter": "10000/10000", "top1_acc": 96.800000}
[08/22 19:34:30][INFO] utils.logging:   91: {"RAM": "19.56/125.63 GB", "_type": "val_epoch", "epoch": "2", "gpu_mem": "11.84 GB", "top1_acc": 96.930000}
[08/22 19:34:30][INFO] train_net_few_shot:   53: Fusion weights: focus=0.020491, task_match=0.020494
[08/22 19:34:32][INFO] train_net_few_shot:  125: New best validation accuracy: 96.9300; checkpoint=output/UCF101_FOCUS_TASK_MATCH/checkpoints/checkpoint_best.pyth
[08/22 19:34:32][INFO] utils.logging:   91: {"_type": "train_iter", "iter": "12000/18000", "loss": 0.014316, "lr": 0.000025, "top1_acc": 98.000000}
[08/22 19:35:30][INFO] utils.logging:   91: {"_type": "train_iter", "iter": "12200/18000", "loss": 0.011882, "lr": 0.000025, "top1_acc": 97.900000}
[08/22 19:36:27][INFO] utils.logging:   91: {"_type": "train_iter", "iter": "12400/18000", "loss": 0.011417, "lr": 0.000025, "top1_acc": 98.900000}
[08/22 19:37:25][INFO] utils.logging:   91: {"_type": "train_iter", "iter": "12600/18000", "loss": 0.008697, "lr": 0.000025, "top1_acc": 98.800000}
[08/22 19:38:23][INFO] utils.logging:   91: {"_type": "train_iter", "iter": "12800/18000", "loss": 0.010872, "lr": 0.000013, "top1_acc": 98.100000}
[08/22 19:39:20][INFO] utils.logging:   91: {"_type": "train_iter", "iter": "13000/18000", "loss": 0.013327, "lr": 0.000013, "top1_acc": 98.600000}
[08/22 19:40:18][INFO] utils.logging:   91: {"_type": "train_iter", "iter": "13200/18000", "loss": 0.009194, "lr": 0.000013, "top1_acc": 97.700000}
[08/22 19:41:15][INFO] utils.logging:   91: {"_type": "train_iter", "iter": "13400/18000", "loss": 0.013189, "lr": 0.000013, "top1_acc": 98.400000}
[08/22 19:42:13][INFO] utils.logging:   91: {"_type": "train_iter", "iter": "13600/18000", "loss": 0.009111, "lr": 0.000013, "top1_acc": 97.700000}
[08/22 19:43:11][INFO] utils.logging:   91: {"_type": "train_iter", "iter": "13800/18000", "loss": 0.010280, "lr": 0.000013, "top1_acc": 98.500000}
[08/22 19:44:08][INFO] utils.logging:   91: {"_type": "train_iter", "iter": "14000/18000", "loss": 0.011965, "lr": 0.000013, "top1_acc": 98.600000}
[08/22 19:45:06][INFO] utils.logging:   91: {"_type": "train_iter", "iter": "14200/18000", "loss": 0.013546, "lr": 0.000013, "top1_acc": 98.800000}
[08/22 19:46:03][INFO] utils.logging:   91: {"_type": "train_iter", "iter": "14400/18000", "loss": 0.010127, "lr": 0.000013, "top1_acc": 97.400000}
[08/22 19:47:01][INFO] utils.logging:   91: {"_type": "train_iter", "iter": "14600/18000", "loss": 0.012498, "lr": 0.000013, "top1_acc": 97.400000}
[08/22 19:47:58][INFO] utils.logging:   91: {"_type": "train_iter", "iter": "14800/18000", "loss": 0.011942, "lr": 0.000013, "top1_acc": 98.200000}
[08/22 19:48:56][INFO] utils.logging:   91: {"_type": "train_iter", "iter": "15000/18000", "loss": 0.010229, "lr": 0.000013, "top1_acc": 97.700000}
[08/22 19:49:54][INFO] utils.logging:   91: {"_type": "train_iter", "iter": "15200/18000", "loss": 0.014487, "lr": 0.000013, "top1_acc": 97.200000}
[08/22 19:50:51][INFO] utils.logging:   91: {"_type": "train_iter", "iter": "15400/18000", "loss": 0.010540, "lr": 0.000013, "top1_acc": 97.600000}
[08/22 19:51:49][INFO] utils.logging:   91: {"_type": "train_iter", "iter": "15600/18000", "loss": 0.010679, "lr": 0.000013, "top1_acc": 98.600000}
[08/22 19:52:47][INFO] utils.logging:   91: {"_type": "train_iter", "iter": "15800/18000", "loss": 0.013948, "lr": 0.000013, "top1_acc": 98.200000}
[08/22 19:53:44][INFO] utils.logging:   91: {"_type": "train_iter", "iter": "16000/18000", "loss": 0.010398, "lr": 0.000013, "top1_acc": 98.500000}
[08/22 19:54:42][INFO] utils.logging:   91: {"_type": "train_iter", "iter": "16200/18000", "loss": 0.008506, "lr": 0.000013, "top1_acc": 97.900000}
[08/22 19:55:39][INFO] utils.logging:   91: {"_type": "train_iter", "iter": "16400/18000", "loss": 0.007976, "lr": 0.000003, "top1_acc": 97.800000}
[08/22 19:56:37][INFO] utils.logging:   91: {"_type": "train_iter", "iter": "16600/18000", "loss": 0.010401, "lr": 0.000003, "top1_acc": 98.100000}
[08/22 19:57:34][INFO] utils.logging:   91: {"_type": "train_iter", "iter": "16800/18000", "loss": 0.010143, "lr": 0.000003, "top1_acc": 97.300000}
[08/22 19:58:32][INFO] utils.logging:   91: {"_type": "train_iter", "iter": "17000/18000", "loss": 0.009606, "lr": 0.000003, "top1_acc": 98.400000}
[08/22 19:59:30][INFO] utils.logging:   91: {"_type": "train_iter", "iter": "17200/18000", "loss": 0.009341, "lr": 0.000003, "top1_acc": 98.400000}
[08/22 20:00:27][INFO] utils.logging:   91: {"_type": "train_iter", "iter": "17400/18000", "loss": 0.011216, "lr": 0.000003, "top1_acc": 97.700000}
[08/22 20:01:25][INFO] utils.logging:   91: {"_type": "train_iter", "iter": "17600/18000", "loss": 0.011079, "lr": 0.000003, "top1_acc": 98.000000}
[08/22 20:02:22][INFO] utils.logging:   91: {"_type": "train_iter", "iter": "17800/18000", "loss": 0.008562, "lr": 0.000003, "top1_acc": 97.900000}
[08/22 20:03:43][INFO] utils.logging:   91: {"_type": "val_iter", "gpu_mem": "11.84 GB", "iter": "200/10000", "top1_acc": 97.300000}
[08/22 20:04:06][INFO] utils.logging:   91: {"_type": "val_iter", "gpu_mem": "11.84 GB", "iter": "400/10000", "top1_acc": 97.500000}
[08/22 20:04:29][INFO] utils.logging:   91: {"_type": "val_iter", "gpu_mem": "11.84 GB", "iter": "600/10000", "top1_acc": 96.600000}
[08/22 20:04:52][INFO] utils.logging:   91: {"_type": "val_iter", "gpu_mem": "11.84 GB", "iter": "800/10000", "top1_acc": 96.700000}
[08/22 20:05:15][INFO] utils.logging:   91: {"_type": "val_iter", "gpu_mem": "11.84 GB", "iter": "1000/10000", "top1_acc": 97.400000}
[08/22 20:05:38][INFO] utils.logging:   91: {"_type": "val_iter", "gpu_mem": "11.84 GB", "iter": "1200/10000", "top1_acc": 97.500000}
[08/22 20:06:01][INFO] utils.logging:   91: {"_type": "val_iter", "gpu_mem": "11.84 GB", "iter": "1400/10000", "top1_acc": 96.900000}
[08/22 20:06:24][INFO] utils.logging:   91: {"_type": "val_iter", "gpu_mem": "11.84 GB", "iter": "1600/10000", "top1_acc": 96.600000}
[08/22 20:06:47][INFO] utils.logging:   91: {"_type": "val_iter", "gpu_mem": "11.84 GB", "iter": "1800/10000", "top1_acc": 96.600000}
[08/22 20:07:10][INFO] utils.logging:   91: {"_type": "val_iter", "gpu_mem": "11.84 GB", "iter": "2000/10000", "top1_acc": 97.100000}
[08/22 20:07:33][INFO] utils.logging:   91: {"_type": "val_iter", "gpu_mem": "11.84 GB", "iter": "2200/10000", "top1_acc": 98.100000}
[08/22 20:07:55][INFO] utils.logging:   91: {"_type": "val_iter", "gpu_mem": "11.84 GB", "iter": "2400/10000", "top1_acc": 96.700000}
[08/22 20:08:18][INFO] utils.logging:   91: {"_type": "val_iter", "gpu_mem": "11.84 GB", "iter": "2600/10000", "top1_acc": 96.700000}
[08/22 20:08:41][INFO] utils.logging:   91: {"_type": "val_iter", "gpu_mem": "11.84 GB", "iter": "2800/10000", "top1_acc": 96.200000}
[08/22 20:09:04][INFO] utils.logging:   91: {"_type": "val_iter", "gpu_mem": "11.84 GB", "iter": "3000/10000", "top1_acc": 96.900000}
[08/22 20:09:27][INFO] utils.logging:   91: {"_type": "val_iter", "gpu_mem": "11.84 GB", "iter": "3200/10000", "top1_acc": 96.300000}
[08/22 20:09:50][INFO] utils.logging:   91: {"_type": "val_iter", "gpu_mem": "11.84 GB", "iter": "3400/10000", "top1_acc": 96.700000}
[08/22 20:10:13][INFO] utils.logging:   91: {"_type": "val_iter", "gpu_mem": "11.84 GB", "iter": "3600/10000", "top1_acc": 97.100000}
[08/22 20:10:36][INFO] utils.logging:   91: {"_type": "val_iter", "gpu_mem": "11.84 GB", "iter": "3800/10000", "top1_acc": 96.900000}
[08/22 20:10:59][INFO] utils.logging:   91: {"_type": "val_iter", "gpu_mem": "11.84 GB", "iter": "4000/10000", "top1_acc": 96.500000}
[08/22 20:11:22][INFO] utils.logging:   91: {"_type": "val_iter", "gpu_mem": "11.84 GB", "iter": "4200/10000", "top1_acc": 97.200000}
[08/22 20:11:45][INFO] utils.logging:   91: {"_type": "val_iter", "gpu_mem": "11.84 GB", "iter": "4400/10000", "top1_acc": 95.200000}
[08/22 20:12:08][INFO] utils.logging:   91: {"_type": "val_iter", "gpu_mem": "11.84 GB", "iter": "4600/10000", "top1_acc": 96.900000}
[08/22 20:12:31][INFO] utils.logging:   91: {"_type": "val_iter", "gpu_mem": "11.84 GB", "iter": "4800/10000", "top1_acc": 98.000000}
[08/22 20:12:54][INFO] utils.logging:   91: {"_type": "val_iter", "gpu_mem": "11.84 GB", "iter": "5000/10000", "top1_acc": 96.300000}
[08/22 20:13:17][INFO] utils.logging:   91: {"_type": "val_iter", "gpu_mem": "11.84 GB", "iter": "5200/10000", "top1_acc": 95.800000}
[08/22 20:13:40][INFO] utils.logging:   91: {"_type": "val_iter", "gpu_mem": "11.84 GB", "iter": "5400/10000", "top1_acc": 96.200000}
[08/22 20:14:03][INFO] utils.logging:   91: {"_type": "val_iter", "gpu_mem": "11.84 GB", "iter": "5600/10000", "top1_acc": 96.200000}
[08/22 20:14:26][INFO] utils.logging:   91: {"_type": "val_iter", "gpu_mem": "11.84 GB", "iter": "5800/10000", "top1_acc": 96.400000}
[08/22 20:14:49][INFO] utils.logging:   91: {"_type": "val_iter", "gpu_mem": "11.84 GB", "iter": "6000/10000", "top1_acc": 97.000000}
[08/22 20:15:12][INFO] utils.logging:   91: {"_type": "val_iter", "gpu_mem": "11.84 GB", "iter": "6200/10000", "top1_acc": 96.600000}
[08/22 20:15:35][INFO] utils.logging:   91: {"_type": "val_iter", "gpu_mem": "11.84 GB", "iter": "6400/10000", "top1_acc": 96.500000}
[08/22 20:15:58][INFO] utils.logging:   91: {"_type": "val_iter", "gpu_mem": "11.84 GB", "iter": "6600/10000", "top1_acc": 96.300000}
[08/22 20:16:21][INFO] utils.logging:   91: {"_type": "val_iter", "gpu_mem": "11.84 GB", "iter": "6800/10000", "top1_acc": 96.500000}
[08/22 20:16:44][INFO] utils.logging:   91: {"_type": "val_iter", "gpu_mem": "11.84 GB", "iter": "7000/10000", "top1_acc": 96.900000}
[08/22 20:17:07][INFO] utils.logging:   91: {"_type": "val_iter", "gpu_mem": "11.84 GB", "iter": "7200/10000", "top1_acc": 95.800000}
[08/22 20:17:30][INFO] utils.logging:   91: {"_type": "val_iter", "gpu_mem": "11.84 GB", "iter": "7400/10000", "top1_acc": 97.700000}
[08/22 20:17:53][INFO] utils.logging:   91: {"_type": "val_iter", "gpu_mem": "11.84 GB", "iter": "7600/10000", "top1_acc": 96.900000}
[08/22 20:18:16][INFO] utils.logging:   91: {"_type": "val_iter", "gpu_mem": "11.84 GB", "iter": "7800/10000", "top1_acc": 97.000000}
[08/22 20:18:39][INFO] utils.logging:   91: {"_type": "val_iter", "gpu_mem": "11.84 GB", "iter": "8000/10000", "top1_acc": 96.800000}
[08/22 20:19:01][INFO] utils.logging:   91: {"_type": "val_iter", "gpu_mem": "11.84 GB", "iter": "8200/10000", "top1_acc": 96.700000}
[08/22 20:19:24][INFO] utils.logging:   91: {"_type": "val_iter", "gpu_mem": "11.84 GB", "iter": "8400/10000", "top1_acc": 96.500000}
[08/22 20:19:47][INFO] utils.logging:   91: {"_type": "val_iter", "gpu_mem": "11.84 GB", "iter": "8600/10000", "top1_acc": 97.300000}
[08/22 20:20:10][INFO] utils.logging:   91: {"_type": "val_iter", "gpu_mem": "11.84 GB", "iter": "8800/10000", "top1_acc": 97.200000}
[08/22 20:20:33][INFO] utils.logging:   91: {"_type": "val_iter", "gpu_mem": "11.84 GB", "iter": "9000/10000", "top1_acc": 96.800000}
[08/22 20:20:56][INFO] utils.logging:   91: {"_type": "val_iter", "gpu_mem": "11.84 GB", "iter": "9200/10000", "top1_acc": 96.500000}
[08/22 20:21:19][INFO] utils.logging:   91: {"_type": "val_iter", "gpu_mem": "11.84 GB", "iter": "9400/10000", "top1_acc": 97.100000}
[08/22 20:21:42][INFO] utils.logging:   91: {"_type": "val_iter", "gpu_mem": "11.84 GB", "iter": "9600/10000", "top1_acc": 96.100000}
[08/22 20:22:05][INFO] utils.logging:   91: {"_type": "val_iter", "gpu_mem": "11.84 GB", "iter": "9800/10000", "top1_acc": 96.700000}
[08/22 20:22:28][INFO] utils.logging:   91: {"_type": "val_iter", "gpu_mem": "11.84 GB", "iter": "10000/10000", "top1_acc": 96.800000}
[08/22 20:22:28][INFO] utils.logging:   91: {"RAM": "18.51/125.63 GB", "_type": "val_epoch", "epoch": "3", "gpu_mem": "11.84 GB", "top1_acc": 96.764000}
[08/22 20:22:28][INFO] train_net_few_shot:   53: Fusion weights: focus=0.020571, task_match=0.020575
[08/22 20:22:28][INFO] train_net_few_shot:  132: Validation accuracy 96.7640 did not improve best 96.9300 (1/0 evaluations without improvement).
[08/22 20:22:28][INFO] train_net_few_shot:  141: Early stopping at iteration 18000; best validation accuracy was 96.9300.
[08/22 20:22:28][INFO] utils.logging:   91: {"RAM": "15.26/125.63 GB", "_type": "train_epoch", "epoch": "10", "gpu_mem": "11.84 GB", "loss": 0.069752, "lr": 0.000003, "top1_acc": 97.704317}
