[09/29 13:45:15][INFO] train_net_few_shot:  344: Train with config:
[09/29 13:45:15][INFO] train_net_few_shot:  345: {
  "TASK_TYPE": "few_shot_action",
  "PRETRAIN": {
    "ENABLE": false
  },
  "LOCALIZATION": {
    "ENABLE": false
  },
  "TRAIN": {
    "ENABLE": true,
    "DATASET": "SSv2-Full",
    "BATCH_SIZE": 1,
    "LOG_FILE": "train.log",
    "EVAL_PERIOD": 2,
    "NUM_FOLDS": 1,
    "AUTO_RESUME": false,
    "CHECKPOINT_PERIOD": 10,
    "CHECKPOINT_FILE_PATH": "",
    "CHECKPOINT_TYPE": "pytorch",
    "CHECKPOINT_INFLATE": false,
    "CHECKPOINT_PRE_PROCESS": {
      "ENABLE": false
    },
    "FINE_TUNE": true,
    "ONLY_LINEAR": false,
    "LR_REDUCE": false,
    "TRAIN_VAL_COMBINE": false,
    "LOSS_FUNC": "cross_entropy",
    "USE_CLASSIFICATION_VALUE": 2.0,
    "GRADIENT_CHECKPOINT": true,
    "NUM_CLASS": 64,
    "META_BATCH": true,
    "WAY": 5,
    "SHOT": 1,
    "QUERY_PER_CLASS": 1,
    "QUERY_PER_CLASS_TEST": 1,
    "NUM_TRAIN_TASKS": 30000,
    "NUM_TEST_TASKS": 10000,
    "VAL_FRE_ITER": 10000,
    "BATCH_SIZE_PER_TASK": 4,
    "NORMALIZE_ACCUMULATED_GRADIENTS": false
  },
  "TEST": {
    "ENABLE": true,
    "DATASET": "SSv2-Full",
    "BATCH_SIZE": 1,
    "NUM_SPATIAL_CROPS": 1,
    "SPATIAL_CROPS": "cctltr",
    "NUM_ENSEMBLE_VIEWS": 1,
    "LOG_FILE": "test.log",
    "CHECKPOINT_FILE_PATH": "",
    "CHECKPOINT_TYPE": "pytorch",
    "AUTOMATIC_MULTI_SCALE_TEST": false,
    "TEST_SET": "val",
    "UPLOAD_CLASSIFIER_RESULTS": true,
    "SHOT": [
      1,
      5
    ],
    "EPISODE_SEED": 2026
  },
  "VISUALIZATION": {
    "ENABLE": false,
    "NAME": "",
    "FEATURE_MAPS": {
      "ENABLE": false,
      "BASE_OUTPUT_DIR": ""
    }
  },
  "SUBMISSION": {
    "ENABLE": false,
    "SAVE_RESULTS_PATH": "test.json"
  },
  "DATA": {
    "DATA_ROOT_DIR": "/mnt/data/yanyi2025/lrc/action_data/ssv2/videos/videos/",
    "ANNO_DIR": "config/ssv2_full/",
    "NUM_INPUT_FRAMES": 8,
    "NUM_INPUT_CHANNELS": 2304,
    "SAMPLING_MODE": "interval_based",
    "SAMPLING_RATE": 50,
    "TRAIN_JITTER_SCALES": [
      256,
      256
    ],
    "TRAIN_CROP_SIZE": 224,
    "TEST_SCALE": 256,
    "TEST_CROP_SIZE": 224,
    "MEAN": [
      0.48145466,
      0.4578275,
      0.40821073
    ],
    "STD": [
      0.26862954,
      0.26130258,
      0.27577711
    ],
    "MULTI_LABEL": false,
    "ENSEMBLE_METHOD": "sum",
    "TARGET_FPS": 12,
    "MINUS_INTERVAL": false,
    "FPS": 12,
    "NORM_FEATURE": false,
    "USE_AUG_FEATURE": false,
    "AUG": false,
    "LOAD_PROPS": false,
    "TEMPORAL_SCALE": 256,
    "LABELS_TYPE": "cls",
    "LOAD_TYPE": "pickle",
    "DOWNLOAD_FEATURE": true,
    "VIDEO_EXT": ".webm",
    "SAMPLING_UNIFORM": false,
    "TEST_CENTER_CROP": true,
    "CLIP_INTERVAL": 8
  },
  "MODEL": {
    "NAME": "BaseVideoModel",
    "EMA": {
      "ENABLE": false,
      "DECAY": 0.99996
    }
  },
  "VIDEO": {
    "BACKBONE": {
      "DEPTH": null,
      "META_ARCH": "Identity",
      "NUM_FILTERS": null,
      "NUM_INPUT_CHANNELS": 3,
      "NUM_OUT_FEATURES": null,
      "KERNEL_SIZE": null,
      "DOWNSAMPLING": null,
      "DOWNSAMPLING_TEMPORAL": null,
      "NUM_STREAMS": 1,
      "EXPANSION_RATIO": 2,
      "BRANCH": {
        "NAME": null
      },
      "STEM": {
        "NAME": null
      },
      "NONLOCAL": {
        "ENABLE": false,
        "STAGES": [
          5
        ],
        "MASK_ENABLE": false
      },
      "INITIALIZATION": null
    },
    "HEAD": {
      "NAME": "BaseTemporalClassifier",
      "ACTIVATION": "softmax",
      "DROPOUT_RATE": 0.0,
      "NUM_CLASSES": 200
    }
  },
  "OPTIMIZER": {
    "ADJUST_LR": false,
    "BASE_LR": 0.002,
    "LR_POLICY": "cosine",
    "MAX_EPOCH": 300,
    "MOMENTUM": 0.9,
    "WEIGHT_DECAY": "1e-3",
    "WARMUP_EPOCHS": 10,
    "WARMUP_START_LR": 0.0002,
    "OPTIM_METHOD": "adam",
    "DAMPENING": 0.0,
    "NESTEROV": true
  },
  "BN": {
    "WB_LOCK": false,
    "FREEZE": false,
    "WEIGHT_DECAY": 0.0,
    "MOMENTUM": 0.1,
    "EPS": "1e-3",
    "SYNC": false
  },
  "DATA_LOADER": {
    "NUM_WORKERS": 8,
    "PIN_MEMORY": true,
    "ENABLE_MULTI_THREAD_DECODE": true,
    "COLLATE_FN": null
  },
  "NUM_GPUS": 1,
  "SHARD_ID": 0,
  "NUM_SHARDS": 1,
  "RANDOM_SEED": 18,
  "OUTPUT_DIR": "output/SSv2_Full_TASK_MATCH_MULTI_VELOCITY_SPATIAL_PATTERN_GATE_FIX",
  "OUTPUT_CFG_FILE": "configuration.log",
  "LOG_PERIOD": 200,
  "DIST_BACKEND": "nccl",
  "LOG_MODEL_INFO": false,
  "LOG_CONFIG_INFO": true,
  "OSS": {
    "ENABLE": false,
    "KEY": null,
    "SECRET": null,
    "ENDPOINT": null,
    "CHECKPOINT_OUTPUT_PATH": null,
    "SECONDARY_DATA_OSS": {
      "ENABLE": false,
      "KEY": null,
      "SECRET": null,
      "ENDPOINT": null,
      "BUCKETS": [
        ""
      ]
    }
  },
  "AUGMENTATION": {
    "COLOR_AUG": false,
    "BRIGHTNESS": 0.5,
    "CONTRAST": 0.5,
    "SATURATION": 0.5,
    "HUE": 0.25,
    "GRAYSCALE": 0.3,
    "CONSISTENT": true,
    "SHUFFLE": true,
    "GRAY_FIRST": true,
    "RATIO": [
      0.857142857142857,
      1.1666666666666667
    ],
    "USE_GPU": false,
    "MIXUP": {
      "ENABLE": false,
      "ALPHA": 0.0,
      "PROB": 1.0,
      "MODE": "batch",
      "SWITCH_PROB": 0.5
    },
    "CUTMIX": {
      "ENABLE": false,
      "ALPHA": 0.0,
      "MINMAX": null
    },
    "RANDOM_ERASING": {
      "ENABLE": false,
      "PROB": 0.25,
      "MODE": "const",
      "COUNT": [
        1,
        1
      ],
      "NUM_SPLITS": 0,
      "AREA_RANGE": [
        0.02,
        0.33
      ],
      "MIN_ASPECT": 0.3
    },
    "LABEL_SMOOTHING": 0.0,
    "SSV2_FLIP": false,
    "IS_SPLIT": false,
    "NO_RANDOM_ERASE": true,
    "SUPPORT_QUERY_DIFF": true
  },
  "PAI": false,
  "USE_MULTISEG_VAL_DIST": false,
  "DETECTION": {
    "ENABLE": false
  },
  "TENSORBOARD": {
    "ENABLE": false
  },
  "SOLVER": {
    "BASE_LR": 0.001,
    "LR_POLICY": "steps_with_relative_lrs",
    "MAX_EPOCH": 10,
    "MOMENTUM": 0.9,
    "WEIGHT_DECAY": "5e-4",
    "WARMUP_EPOCHS": 1,
    "WARMUP_START_LR": 0.0002,
    "OPTIM_METHOD": "adam",
    "DAMPENING": 0.0,
    "NESTEROV": true,
    "STEPS_ITER": 3000,
    "STEPS": [
      0,
      4,
      6,
      8
    ],
    "LRS": [
      1,
      0.5,
      0.1,
      0.05
    ]
  },
  "PRE_DOWNLOAD": {
    "ENABLE": false
  },
  "SUPPORT_SHOT": 1,
  "TASK_MATCH": {
    "ENABLE": true,
    "HIDDEN_RATIO": 0.25,
    "DROPOUT": 0.1,
    "TEMPERATURE": 1.0,
    "DISTANCE_SCALE": 16.0,
    "ALPHA_INIT": -4.0,
    "USE_FOCUS_FEATURES": false
  },
  "MULTI_VELOCITY": {
    "ENABLE": true,
    "VELOCITIES": [
      1,
      2
    ],
    "HIDDEN_RATIO": 0.25,
    "DROPOUT": 0.1,
    "DISTANCE_SCALE": 16.0,
    "OTAM_LAMBDA": 0.5,
    "ALPHA_INIT": -4.0
  },
  "SPATIAL_PATTERN": {
    "ENABLE": true,
    "GRID_SIZE": 2,
    "DISTANCE_SCALE": 1.0,
    "ALPHA_INIT": -4.0,
    "DETACH_INPUT": true
  },
  "ADAPTER": {
    "NAME": "ViT_CLIP",
    "PRETRAINED": "ViT-B/16",
    "WIDTH": 768,
    "PATCH_SIZE": 16,
    "LAYERS": 12,
    "HEADS": 12,
    "ADAPTER_SCALE": 0.25
  },
  "INIT_METHOD": "tcp://localhost:1111",
  "CUDA_VISIBLE_DEVICES": "1"
}

[09/29 13:45:15][INFO] models.base.adapter: 1217: load model from: ViT-B/16
[09/29 13:45:16][INFO] models.base.adapter: 1224: Missing keys: ['temporal_embedding', 'task_match_alpha', 'multi_velocity_alpha', 'spatial_pattern_alpha', 'transformer.resblocks.0.Adapter.down.weight', 'transformer.resblocks.0.Adapter.down.bias', 'transformer.resblocks.0.Adapter.pos_embed.weight', 'transformer.resblocks.0.Adapter.pos_embed.bias', 'transformer.resblocks.0.Adapter.s_ln.weight', 'transformer.resblocks.0.Adapter.s_ln.bias', 'transformer.resblocks.0.Adapter.s_attn.conv_offset.0.weight', 'transformer.resblocks.0.Adapter.s_attn.conv_offset.0.bias', 'transformer.resblocks.0.Adapter.s_attn.conv_offset.1.norm.weight', 'transformer.resblocks.0.Adapter.s_attn.conv_offset.1.norm.bias', 'transformer.resblocks.0.Adapter.s_attn.conv_offset.3.weight', 'transformer.resblocks.0.Adapter.s_attn.proj_q.weight', 'transformer.resblocks.0.Adapter.s_attn.proj_q.bias', 'transformer.resblocks.0.Adapter.s_attn.proj_k.weight', 'transformer.resblocks.0.Adapter.s_attn.proj_k.bias', 'transformer.resblocks.0.Adapter.s_attn.proj_v.weight', 'transformer.resblocks.0.Adapter.s_attn.proj_v.bias', 'transformer.resblocks.0.Adapter.s_attn.proj_out.weight', 'transformer.resblocks.0.Adapter.s_attn.proj_out.bias', 'transformer.resblocks.0.Adapter.t_ln.weight', 'transformer.resblocks.0.Adapter.t_ln.bias', 'transformer.resblocks.0.Adapter.t_attn.conv_offset.0.weight', 'transformer.resblocks.0.Adapter.t_attn.conv_offset.0.bias', 'transformer.resblocks.0.Adapter.t_attn.conv_offset.1.norm.weight', 'transformer.resblocks.0.Adapter.t_attn.conv_offset.1.norm.bias', 'transformer.resblocks.0.Adapter.t_attn.conv_offset.3.weight', 'transformer.resblocks.0.Adapter.t_attn.proj_q.weight', 'transformer.resblocks.0.Adapter.t_attn.proj_q.bias', 'transformer.resblocks.0.Adapter.t_attn.proj_k.weight', 'transformer.resblocks.0.Adapter.t_attn.proj_k.bias', 'transformer.resblocks.0.Adapter.t_attn.proj_v.weight', 'transformer.resblocks.0.Adapter.t_attn.proj_v.bias', 'transformer.resblocks.0.Adapter.t_attn.proj_out.weight', 'transformer.resblocks.0.Adapter.t_attn.proj_out.bias', 'transformer.resblocks.0.Adapter.up.weight', 'transformer.resblocks.0.Adapter.up.bias', 'transformer.resblocks.1.Adapter.down.weight', 'transformer.resblocks.1.Adapter.down.bias', 'transformer.resblocks.1.Adapter.pos_embed.weight', 'transformer.resblocks.1.Adapter.pos_embed.bias', 'transformer.resblocks.1.Adapter.s_ln.weight', 'transformer.resblocks.1.Adapter.s_ln.bias', 'transformer.resblocks.1.Adapter.s_attn.conv_offset.0.weight', 'transformer.resblocks.1.Adapter.s_attn.conv_offset.0.bias', 'transformer.resblocks.1.Adapter.s_attn.conv_offset.1.norm.weight', 'transformer.resblocks.1.Adapter.s_attn.conv_offset.1.norm.bias', 'transformer.resblocks.1.Adapter.s_attn.conv_offset.3.weight', 'transformer.resblocks.1.Adapter.s_attn.proj_q.weight', 'transformer.resblocks.1.Adapter.s_attn.proj_q.bias', 'transformer.resblocks.1.Adapter.s_attn.proj_k.weight', 'transformer.resblocks.1.Adapter.s_attn.proj_k.bias', 'transformer.resblocks.1.Adapter.s_attn.proj_v.weight', 'transformer.resblocks.1.Adapter.s_attn.proj_v.bias', 'transformer.resblocks.1.Adapter.s_attn.proj_out.weight', 'transformer.resblocks.1.Adapter.s_attn.proj_out.bias', 'transformer.resblocks.1.Adapter.t_ln.weight', 'transformer.resblocks.1.Adapter.t_ln.bias', 'transformer.resblocks.1.Adapter.t_attn.conv_offset.0.weight', 'transformer.resblocks.1.Adapter.t_attn.conv_offset.0.bias', 'transformer.resblocks.1.Adapter.t_attn.conv_offset.1.norm.weight', 'transformer.resblocks.1.Adapter.t_attn.conv_offset.1.norm.bias', 'transformer.resblocks.1.Adapter.t_attn.conv_offset.3.weight', 'transformer.resblocks.1.Adapter.t_attn.proj_q.weight', 'transformer.resblocks.1.Adapter.t_attn.proj_q.bias', 'transformer.resblocks.1.Adapter.t_attn.proj_k.weight', 'transformer.resblocks.1.Adapter.t_attn.proj_k.bias', 'transformer.resblocks.1.Adapter.t_attn.proj_v.weight', 'transformer.resblocks.1.Adapter.t_attn.proj_v.bias', 'transformer.resblocks.1.Adapter.t_attn.proj_out.weight', 'transformer.resblocks.1.Adapter.t_attn.proj_out.bias', 'transformer.resblocks.1.Adapter.up.weight', 'transformer.resblocks.1.Adapter.up.bias', 'transformer.resblocks.2.Adapter.down.weight', 'transformer.resblocks.2.Adapter.down.bias', 'transformer.resblocks.2.Adapter.pos_embed.weight', 'transformer.resblocks.2.Adapter.pos_embed.bias', 'transformer.resblocks.2.Adapter.s_ln.weight', 'transformer.resblocks.2.Adapter.s_ln.bias', 'transformer.resblocks.2.Adapter.s_attn.conv_offset.0.weight', 'transformer.resblocks.2.Adapter.s_attn.conv_offset.0.bias', 'transformer.resblocks.2.Adapter.s_attn.conv_offset.1.norm.weight', 'transformer.resblocks.2.Adapter.s_attn.conv_offset.1.norm.bias', 'transformer.resblocks.2.Adapter.s_attn.conv_offset.3.weight', 'transformer.resblocks.2.Adapter.s_attn.proj_q.weight', 'transformer.resblocks.2.Adapter.s_attn.proj_q.bias', 'transformer.resblocks.2.Adapter.s_attn.proj_k.weight', 'transformer.resblocks.2.Adapter.s_attn.proj_k.bias', 'transformer.resblocks.2.Adapter.s_attn.proj_v.weight', 'transformer.resblocks.2.Adapter.s_attn.proj_v.bias', 'transformer.resblocks.2.Adapter.s_attn.proj_out.weight', 'transformer.resblocks.2.Adapter.s_attn.proj_out.bias', 'transformer.resblocks.2.Adapter.t_ln.weight', 'transformer.resblocks.2.Adapter.t_ln.bias', 'transformer.resblocks.2.Adapter.t_attn.conv_offset.0.weight', 'transformer.resblocks.2.Adapter.t_attn.conv_offset.0.bias', 'transformer.resblocks.2.Adapter.t_attn.conv_offset.1.norm.weight', 'transformer.resblocks.2.Adapter.t_attn.conv_offset.1.norm.bias', 'transformer.resblocks.2.Adapter.t_attn.conv_offset.3.weight', 'transformer.resblocks.2.Adapter.t_attn.proj_q.weight', 'transformer.resblocks.2.Adapter.t_attn.proj_q.bias', 'transformer.resblocks.2.Adapter.t_attn.proj_k.weight', 'transformer.resblocks.2.Adapter.t_attn.proj_k.bias', 'transformer.resblocks.2.Adapter.t_attn.proj_v.weight', 'transformer.resblocks.2.Adapter.t_attn.proj_v.bias', 'transformer.resblocks.2.Adapter.t_attn.proj_out.weight', 'transformer.resblocks.2.Adapter.t_attn.proj_out.bias', 'transformer.resblocks.2.Adapter.up.weight', 'transformer.resblocks.2.Adapter.up.bias', 'transformer.resblocks.3.Adapter.down.weight', 'transformer.resblocks.3.Adapter.down.bias', 'transformer.resblocks.3.Adapter.pos_embed.weight', 'transformer.resblocks.3.Adapter.pos_embed.bias', 'transformer.resblocks.3.Adapter.s_ln.weight', 'transformer.resblocks.3.Adapter.s_ln.bias', 'transformer.resblocks.3.Adapter.s_attn.conv_offset.0.weight', 'transformer.resblocks.3.Adapter.s_attn.conv_offset.0.bias', 'transformer.resblocks.3.Adapter.s_attn.conv_offset.1.norm.weight', 'transformer.resblocks.3.Adapter.s_attn.conv_offset.1.norm.bias', 'transformer.resblocks.3.Adapter.s_attn.conv_offset.3.weight', 'transformer.resblocks.3.Adapter.s_attn.proj_q.weight', 'transformer.resblocks.3.Adapter.s_attn.proj_q.bias', 'transformer.resblocks.3.Adapter.s_attn.proj_k.weight', 'transformer.resblocks.3.Adapter.s_attn.proj_k.bias', 'transformer.resblocks.3.Adapter.s_attn.proj_v.weight', 'transformer.resblocks.3.Adapter.s_attn.proj_v.bias', 'transformer.resblocks.3.Adapter.s_attn.proj_out.weight', 'transformer.resblocks.3.Adapter.s_attn.proj_out.bias', 'transformer.resblocks.3.Adapter.t_ln.weight', 'transformer.resblocks.3.Adapter.t_ln.bias', 'transformer.resblocks.3.Adapter.t_attn.conv_offset.0.weight', 'transformer.resblocks.3.Adapter.t_attn.conv_offset.0.bias', 'transformer.resblocks.3.Adapter.t_attn.conv_offset.1.norm.weight', 'transformer.resblocks.3.Adapter.t_attn.conv_offset.1.norm.bias', 'transformer.resblocks.3.Adapter.t_attn.conv_offset.3.weight', 'transformer.resblocks.3.Adapter.t_attn.proj_q.weight', 'transformer.resblocks.3.Adapter.t_attn.proj_q.bias', 'transformer.resblocks.3.Adapter.t_attn.proj_k.weight', 'transformer.resblocks.3.Adapter.t_attn.proj_k.bias', 'transformer.resblocks.3.Adapter.t_attn.proj_v.weight', 'transformer.resblocks.3.Adapter.t_attn.proj_v.bias', 'transformer.resblocks.3.Adapter.t_attn.proj_out.weight', 'transformer.resblocks.3.Adapter.t_attn.proj_out.bias', 'transformer.resblocks.3.Adapter.up.weight', 'transformer.resblocks.3.Adapter.up.bias', 'transformer.resblocks.4.Adapter.down.weight', 'transformer.resblocks.4.Adapter.down.bias', 'transformer.resblocks.4.Adapter.pos_embed.weight', 'transformer.resblocks.4.Adapter.pos_embed.bias', 'transformer.resblocks.4.Adapter.s_ln.weight', 'transformer.resblocks.4.Adapter.s_ln.bias', 'transformer.resblocks.4.Adapter.s_attn.conv_offset.0.weight', 'transformer.resblocks.4.Adapter.s_attn.conv_offset.0.bias', 'transformer.resblocks.4.Adapter.s_attn.conv_offset.1.norm.weight', 'transformer.resblocks.4.Adapter.s_attn.conv_offset.1.norm.bias', 'transformer.resblocks.4.Adapter.s_attn.conv_offset.3.weight', 'transformer.resblocks.4.Adapter.s_attn.proj_q.weight', 'transformer.resblocks.4.Adapter.s_attn.proj_q.bias', 'transformer.resblocks.4.Adapter.s_attn.proj_k.weight', 'transformer.resblocks.4.Adapter.s_attn.proj_k.bias', 'transformer.resblocks.4.Adapter.s_attn.proj_v.weight', 'transformer.resblocks.4.Adapter.s_attn.proj_v.bias', 'transformer.resblocks.4.Adapter.s_attn.proj_out.weight', 'transformer.resblocks.4.Adapter.s_attn.proj_out.bias', 'transformer.resblocks.4.Adapter.t_ln.weight', 'transformer.resblocks.4.Adapter.t_ln.bias', 'transformer.resblocks.4.Adapter.t_attn.conv_offset.0.weight', 'transformer.resblocks.4.Adapter.t_attn.conv_offset.0.bias', 'transformer.resblocks.4.Adapter.t_attn.conv_offset.1.norm.weight', 'transformer.resblocks.4.Adapter.t_attn.conv_offset.1.norm.bias', 'transformer.resblocks.4.Adapter.t_attn.conv_offset.3.weight', 'transformer.resblocks.4.Adapter.t_attn.proj_q.weight', 'transformer.resblocks.4.Adapter.t_attn.proj_q.bias', 'transformer.resblocks.4.Adapter.t_attn.proj_k.weight', 'transformer.resblocks.4.Adapter.t_attn.proj_k.bias', 'transformer.resblocks.4.Adapter.t_attn.proj_v.weight', 'transformer.resblocks.4.Adapter.t_attn.proj_v.bias', 'transformer.resblocks.4.Adapter.t_attn.proj_out.weight', 'transformer.resblocks.4.Adapter.t_attn.proj_out.bias', 'transformer.resblocks.4.Adapter.up.weight', 'transformer.resblocks.4.Adapter.up.bias', 'transformer.resblocks.5.Adapter.down.weight', 'transformer.resblocks.5.Adapter.down.bias', 'transformer.resblocks.5.Adapter.pos_embed.weight', 'transformer.resblocks.5.Adapter.pos_embed.bias', 'transformer.resblocks.5.Adapter.s_ln.weight', 'transformer.resblocks.5.Adapter.s_ln.bias', 'transformer.resblocks.5.Adapter.s_attn.conv_offset.0.weight', 'transformer.resblocks.5.Adapter.s_attn.conv_offset.0.bias', 'transformer.resblocks.5.Adapter.s_attn.conv_offset.1.norm.weight', 'transformer.resblocks.5.Adapter.s_attn.conv_offset.1.norm.bias', 'transformer.resblocks.5.Adapter.s_attn.conv_offset.3.weight', 'transformer.resblocks.5.Adapter.s_attn.proj_q.weight', 'transformer.resblocks.5.Adapter.s_attn.proj_q.bias', 'transformer.resblocks.5.Adapter.s_attn.proj_k.weight', 'transformer.resblocks.5.Adapter.s_attn.proj_k.bias', 'transformer.resblocks.5.Adapter.s_attn.proj_v.weight', 'transformer.resblocks.5.Adapter.s_attn.proj_v.bias', 'transformer.resblocks.5.Adapter.s_attn.proj_out.weight', 'transformer.resblocks.5.Adapter.s_attn.proj_out.bias', 'transformer.resblocks.5.Adapter.t_ln.weight', 'transformer.resblocks.5.Adapter.t_ln.bias', 'transformer.resblocks.5.Adapter.t_attn.conv_offset.0.weight', 'transformer.resblocks.5.Adapter.t_attn.conv_offset.0.bias', 'transformer.resblocks.5.Adapter.t_attn.conv_offset.1.norm.weight', 'transformer.resblocks.5.Adapter.t_attn.conv_offset.1.norm.bias', 'transformer.resblocks.5.Adapter.t_attn.conv_offset.3.weight', 'transformer.resblocks.5.Adapter.t_attn.proj_q.weight', 'transformer.resblocks.5.Adapter.t_attn.proj_q.bias', 'transformer.resblocks.5.Adapter.t_attn.proj_k.weight', 'transformer.resblocks.5.Adapter.t_attn.proj_k.bias', 'transformer.resblocks.5.Adapter.t_attn.proj_v.weight', 'transformer.resblocks.5.Adapter.t_attn.proj_v.bias', 'transformer.resblocks.5.Adapter.t_attn.proj_out.weight', 'transformer.resblocks.5.Adapter.t_attn.proj_out.bias', 'transformer.resblocks.5.Adapter.up.weight', 'transformer.resblocks.5.Adapter.up.bias', 'transformer.resblocks.6.Adapter.down.weight', 'transformer.resblocks.6.Adapter.down.bias', 'transformer.resblocks.6.Adapter.pos_embed.weight', 'transformer.resblocks.6.Adapter.pos_embed.bias', 'transformer.resblocks.6.Adapter.s_ln.weight', 'transformer.resblocks.6.Adapter.s_ln.bias', 'transformer.resblocks.6.Adapter.s_attn.conv_offset.0.weight', 'transformer.resblocks.6.Adapter.s_attn.conv_offset.0.bias', 'transformer.resblocks.6.Adapter.s_attn.conv_offset.1.norm.weight', 'transformer.resblocks.6.Adapter.s_attn.conv_offset.1.norm.bias', 'transformer.resblocks.6.Adapter.s_attn.conv_offset.3.weight', 'transformer.resblocks.6.Adapter.s_attn.proj_q.weight', 'transformer.resblocks.6.Adapter.s_attn.proj_q.bias', 'transformer.resblocks.6.Adapter.s_attn.proj_k.weight', 'transformer.resblocks.6.Adapter.s_attn.proj_k.bias', 'transformer.resblocks.6.Adapter.s_attn.proj_v.weight', 'transformer.resblocks.6.Adapter.s_attn.proj_v.bias', 'transformer.resblocks.6.Adapter.s_attn.proj_out.weight', 'transformer.resblocks.6.Adapter.s_attn.proj_out.bias', 'transformer.resblocks.6.Adapter.t_ln.weight', 'transformer.resblocks.6.Adapter.t_ln.bias', 'transformer.resblocks.6.Adapter.t_attn.conv_offset.0.weight', 'transformer.resblocks.6.Adapter.t_attn.conv_offset.0.bias', 'transformer.resblocks.6.Adapter.t_attn.conv_offset.1.norm.weight', 'transformer.resblocks.6.Adapter.t_attn.conv_offset.1.norm.bias', 'transformer.resblocks.6.Adapter.t_attn.conv_offset.3.weight', 'transformer.resblocks.6.Adapter.t_attn.proj_q.weight', 'transformer.resblocks.6.Adapter.t_attn.proj_q.bias', 'transformer.resblocks.6.Adapter.t_attn.proj_k.weight', 'transformer.resblocks.6.Adapter.t_attn.proj_k.bias', 'transformer.resblocks.6.Adapter.t_attn.proj_v.weight', 'transformer.resblocks.6.Adapter.t_attn.proj_v.bias', 'transformer.resblocks.6.Adapter.t_attn.proj_out.weight', 'transformer.resblocks.6.Adapter.t_attn.proj_out.bias', 'transformer.resblocks.6.Adapter.up.weight', 'transformer.resblocks.6.Adapter.up.bias', 'transformer.resblocks.7.Adapter.down.weight', 'transformer.resblocks.7.Adapter.down.bias', 'transformer.resblocks.7.Adapter.pos_embed.weight', 'transformer.resblocks.7.Adapter.pos_embed.bias', 'transformer.resblocks.7.Adapter.s_ln.weight', 'transformer.resblocks.7.Adapter.s_ln.bias', 'transformer.resblocks.7.Adapter.s_attn.conv_offset.0.weight', 'transformer.resblocks.7.Adapter.s_attn.conv_offset.0.bias', 'transformer.resblocks.7.Adapter.s_attn.conv_offset.1.norm.weight', 'transformer.resblocks.7.Adapter.s_attn.conv_offset.1.norm.bias', 'transformer.resblocks.7.Adapter.s_attn.conv_offset.3.weight', 'transformer.resblocks.7.Adapter.s_attn.proj_q.weight', 'transformer.resblocks.7.Adapter.s_attn.proj_q.bias', 'transformer.resblocks.7.Adapter.s_attn.proj_k.weight', 'transformer.resblocks.7.Adapter.s_attn.proj_k.bias', 'transformer.resblocks.7.Adapter.s_attn.proj_v.weight', 'transformer.resblocks.7.Adapter.s_attn.proj_v.bias', 'transformer.resblocks.7.Adapter.s_attn.proj_out.weight', 'transformer.resblocks.7.Adapter.s_attn.proj_out.bias', 'transformer.resblocks.7.Adapter.t_ln.weight', 'transformer.resblocks.7.Adapter.t_ln.bias', 'transformer.resblocks.7.Adapter.t_attn.conv_offset.0.weight', 'transformer.resblocks.7.Adapter.t_attn.conv_offset.0.bias', 'transformer.resblocks.7.Adapter.t_attn.conv_offset.1.norm.weight', 'transformer.resblocks.7.Adapter.t_attn.conv_offset.1.norm.bias', 'transformer.resblocks.7.Adapter.t_attn.conv_offset.3.weight', 'transformer.resblocks.7.Adapter.t_attn.proj_q.weight', 'transformer.resblocks.7.Adapter.t_attn.proj_q.bias', 'transformer.resblocks.7.Adapter.t_attn.proj_k.weight', 'transformer.resblocks.7.Adapter.t_attn.proj_k.bias', 'transformer.resblocks.7.Adapter.t_attn.proj_v.weight', 'transformer.resblocks.7.Adapter.t_attn.proj_v.bias', 'transformer.resblocks.7.Adapter.t_attn.proj_out.weight', 'transformer.resblocks.7.Adapter.t_attn.proj_out.bias', 'transformer.resblocks.7.Adapter.up.weight', 'transformer.resblocks.7.Adapter.up.bias', 'transformer.resblocks.8.Adapter.down.weight', 'transformer.resblocks.8.Adapter.down.bias', 'transformer.resblocks.8.Adapter.pos_embed.weight', 'transformer.resblocks.8.Adapter.pos_embed.bias', 'transformer.resblocks.8.Adapter.s_ln.weight', 'transformer.resblocks.8.Adapter.s_ln.bias', 'transformer.resblocks.8.Adapter.s_attn.conv_offset.0.weight', 'transformer.resblocks.8.Adapter.s_attn.conv_offset.0.bias', 'transformer.resblocks.8.Adapter.s_attn.conv_offset.1.norm.weight', 'transformer.resblocks.8.Adapter.s_attn.conv_offset.1.norm.bias', 'transformer.resblocks.8.Adapter.s_attn.conv_offset.3.weight', 'transformer.resblocks.8.Adapter.s_attn.proj_q.weight', 'transformer.resblocks.8.Adapter.s_attn.proj_q.bias', 'transformer.resblocks.8.Adapter.s_attn.proj_k.weight', 'transformer.resblocks.8.Adapter.s_attn.proj_k.bias', 'transformer.resblocks.8.Adapter.s_attn.proj_v.weight', 'transformer.resblocks.8.Adapter.s_attn.proj_v.bias', 'transformer.resblocks.8.Adapter.s_attn.proj_out.weight', 'transformer.resblocks.8.Adapter.s_attn.proj_out.bias', 'transformer.resblocks.8.Adapter.t_ln.weight', 'transformer.resblocks.8.Adapter.t_ln.bias', 'transformer.resblocks.8.Adapter.t_attn.conv_offset.0.weight', 'transformer.resblocks.8.Adapter.t_attn.conv_offset.0.bias', 'transformer.resblocks.8.Adapter.t_attn.conv_offset.1.norm.weight', 'transformer.resblocks.8.Adapter.t_attn.conv_offset.1.norm.bias', 'transformer.resblocks.8.Adapter.t_attn.conv_offset.3.weight', 'transformer.resblocks.8.Adapter.t_attn.proj_q.weight', 'transformer.resblocks.8.Adapter.t_attn.proj_q.bias', 'transformer.resblocks.8.Adapter.t_attn.proj_k.weight', 'transformer.resblocks.8.Adapter.t_attn.proj_k.bias', 'transformer.resblocks.8.Adapter.t_attn.proj_v.weight', 'transformer.resblocks.8.Adapter.t_attn.proj_v.bias', 'transformer.resblocks.8.Adapter.t_attn.proj_out.weight', 'transformer.resblocks.8.Adapter.t_attn.proj_out.bias', 'transformer.resblocks.8.Adapter.up.weight', 'transformer.resblocks.8.Adapter.up.bias', 'transformer.resblocks.9.Adapter.down.weight', 'transformer.resblocks.9.Adapter.down.bias', 'transformer.resblocks.9.Adapter.pos_embed.weight', 'transformer.resblocks.9.Adapter.pos_embed.bias', 'transformer.resblocks.9.Adapter.s_ln.weight', 'transformer.resblocks.9.Adapter.s_ln.bias', 'transformer.resblocks.9.Adapter.s_attn.conv_offset.0.weight', 'transformer.resblocks.9.Adapter.s_attn.conv_offset.0.bias', 'transformer.resblocks.9.Adapter.s_attn.conv_offset.1.norm.weight', 'transformer.resblocks.9.Adapter.s_attn.conv_offset.1.norm.bias', 'transformer.resblocks.9.Adapter.s_attn.conv_offset.3.weight', 'transformer.resblocks.9.Adapter.s_attn.proj_q.weight', 'transformer.resblocks.9.Adapter.s_attn.proj_q.bias', 'transformer.resblocks.9.Adapter.s_attn.proj_k.weight', 'transformer.resblocks.9.Adapter.s_attn.proj_k.bias', 'transformer.resblocks.9.Adapter.s_attn.proj_v.weight', 'transformer.resblocks.9.Adapter.s_attn.proj_v.bias', 'transformer.resblocks.9.Adapter.s_attn.proj_out.weight', 'transformer.resblocks.9.Adapter.s_attn.proj_out.bias', 'transformer.resblocks.9.Adapter.t_ln.weight', 'transformer.resblocks.9.Adapter.t_ln.bias', 'transformer.resblocks.9.Adapter.t_attn.conv_offset.0.weight', 'transformer.resblocks.9.Adapter.t_attn.conv_offset.0.bias', 'transformer.resblocks.9.Adapter.t_attn.conv_offset.1.norm.weight', 'transformer.resblocks.9.Adapter.t_attn.conv_offset.1.norm.bias', 'transformer.resblocks.9.Adapter.t_attn.conv_offset.3.weight', 'transformer.resblocks.9.Adapter.t_attn.proj_q.weight', 'transformer.resblocks.9.Adapter.t_attn.proj_q.bias', 'transformer.resblocks.9.Adapter.t_attn.proj_k.weight', 'transformer.resblocks.9.Adapter.t_attn.proj_k.bias', 'transformer.resblocks.9.Adapter.t_attn.proj_v.weight', 'transformer.resblocks.9.Adapter.t_attn.proj_v.bias', 'transformer.resblocks.9.Adapter.t_attn.proj_out.weight', 'transformer.resblocks.9.Adapter.t_attn.proj_out.bias', 'transformer.resblocks.9.Adapter.up.weight', 'transformer.resblocks.9.Adapter.up.bias', 'transformer.resblocks.10.Adapter.down.weight', 'transformer.resblocks.10.Adapter.down.bias', 'transformer.resblocks.10.Adapter.pos_embed.weight', 'transformer.resblocks.10.Adapter.pos_embed.bias', 'transformer.resblocks.10.Adapter.s_ln.weight', 'transformer.resblocks.10.Adapter.s_ln.bias', 'transformer.resblocks.10.Adapter.s_attn.conv_offset.0.weight', 'transformer.resblocks.10.Adapter.s_attn.conv_offset.0.bias', 'transformer.resblocks.10.Adapter.s_attn.conv_offset.1.norm.weight', 'transformer.resblocks.10.Adapter.s_attn.conv_offset.1.norm.bias', 'transformer.resblocks.10.Adapter.s_attn.conv_offset.3.weight', 'transformer.resblocks.10.Adapter.s_attn.proj_q.weight', 'transformer.resblocks.10.Adapter.s_attn.proj_q.bias', 'transformer.resblocks.10.Adapter.s_attn.proj_k.weight', 'transformer.resblocks.10.Adapter.s_attn.proj_k.bias', 'transformer.resblocks.10.Adapter.s_attn.proj_v.weight', 'transformer.resblocks.10.Adapter.s_attn.proj_v.bias', 'transformer.resblocks.10.Adapter.s_attn.proj_out.weight', 'transformer.resblocks.10.Adapter.s_attn.proj_out.bias', 'transformer.resblocks.10.Adapter.t_ln.weight', 'transformer.resblocks.10.Adapter.t_ln.bias', 'transformer.resblocks.10.Adapter.t_attn.conv_offset.0.weight', 'transformer.resblocks.10.Adapter.t_attn.conv_offset.0.bias', 'transformer.resblocks.10.Adapter.t_attn.conv_offset.1.norm.weight', 'transformer.resblocks.10.Adapter.t_attn.conv_offset.1.norm.bias', 'transformer.resblocks.10.Adapter.t_attn.conv_offset.3.weight', 'transformer.resblocks.10.Adapter.t_attn.proj_q.weight', 'transformer.resblocks.10.Adapter.t_attn.proj_q.bias', 'transformer.resblocks.10.Adapter.t_attn.proj_k.weight', 'transformer.resblocks.10.Adapter.t_attn.proj_k.bias', 'transformer.resblocks.10.Adapter.t_attn.proj_v.weight', 'transformer.resblocks.10.Adapter.t_attn.proj_v.bias', 'transformer.resblocks.10.Adapter.t_attn.proj_out.weight', 'transformer.resblocks.10.Adapter.t_attn.proj_out.bias', 'transformer.resblocks.10.Adapter.up.weight', 'transformer.resblocks.10.Adapter.up.bias', 'transformer.resblocks.11.Adapter.down.weight', 'transformer.resblocks.11.Adapter.down.bias', 'transformer.resblocks.11.Adapter.pos_embed.weight', 'transformer.resblocks.11.Adapter.pos_embed.bias', 'transformer.resblocks.11.Adapter.s_ln.weight', 'transformer.resblocks.11.Adapter.s_ln.bias', 'transformer.resblocks.11.Adapter.s_attn.conv_offset.0.weight', 'transformer.resblocks.11.Adapter.s_attn.conv_offset.0.bias', 'transformer.resblocks.11.Adapter.s_attn.conv_offset.1.norm.weight', 'transformer.resblocks.11.Adapter.s_attn.conv_offset.1.norm.bias', 'transformer.resblocks.11.Adapter.s_attn.conv_offset.3.weight', 'transformer.resblocks.11.Adapter.s_attn.proj_q.weight', 'transformer.resblocks.11.Adapter.s_attn.proj_q.bias', 'transformer.resblocks.11.Adapter.s_attn.proj_k.weight', 'transformer.resblocks.11.Adapter.s_attn.proj_k.bias', 'transformer.resblocks.11.Adapter.s_attn.proj_v.weight', 'transformer.resblocks.11.Adapter.s_attn.proj_v.bias', 'transformer.resblocks.11.Adapter.s_attn.proj_out.weight', 'transformer.resblocks.11.Adapter.s_attn.proj_out.bias', 'transformer.resblocks.11.Adapter.t_ln.weight', 'transformer.resblocks.11.Adapter.t_ln.bias', 'transformer.resblocks.11.Adapter.t_attn.conv_offset.0.weight', 'transformer.resblocks.11.Adapter.t_attn.conv_offset.0.bias', 'transformer.resblocks.11.Adapter.t_attn.conv_offset.1.norm.weight', 'transformer.resblocks.11.Adapter.t_attn.conv_offset.1.norm.bias', 'transformer.resblocks.11.Adapter.t_attn.conv_offset.3.weight', 'transformer.resblocks.11.Adapter.t_attn.proj_q.weight', 'transformer.resblocks.11.Adapter.t_attn.proj_q.bias', 'transformer.resblocks.11.Adapter.t_attn.proj_k.weight', 'transformer.resblocks.11.Adapter.t_attn.proj_k.bias', 'transformer.resblocks.11.Adapter.t_attn.proj_v.weight', 'transformer.resblocks.11.Adapter.t_attn.proj_v.bias', 'transformer.resblocks.11.Adapter.t_attn.proj_out.weight', 'transformer.resblocks.11.Adapter.t_attn.proj_out.bias', 'transformer.resblocks.11.Adapter.up.weight', 'transformer.resblocks.11.Adapter.up.bias', 'classification_layer.weight', 'classification_layer.bias', 'task_matcher.context_norm.weight', 'task_matcher.context_norm.bias', 'task_matcher.generator.0.weight', 'task_matcher.generator.0.bias', 'task_matcher.generator.3.weight', 'task_matcher.generator.3.bias', 'multi_velocity_matcher.velocity_logits', 'multi_velocity_matcher.motion_norm.weight', 'multi_velocity_matcher.motion_norm.bias', 'multi_velocity_matcher.motion_projection.0.weight', 'multi_velocity_matcher.motion_projection.0.bias', 'multi_velocity_matcher.motion_projection.3.weight', 'multi_velocity_matcher.motion_projection.3.bias']
[09/29 13:45:16][INFO] models.base.adapter: 1225: Unexpected keys: []
[09/29 13:45:16][INFO] models.base.adapter: 1226: => loaded successfully 'ViT-B/16'
[09/29 13:45:16][INFO] models.base.adapter: 1233: init:  transformer.resblocks.0.Adapter.up
[09/29 13:45:16][INFO] models.base.adapter: 1233: init:  transformer.resblocks.1.Adapter.up
[09/29 13:45:16][INFO] models.base.adapter: 1233: init:  transformer.resblocks.2.Adapter.up
[09/29 13:45:16][INFO] models.base.adapter: 1233: init:  transformer.resblocks.3.Adapter.up
[09/29 13:45:16][INFO] models.base.adapter: 1233: init:  transformer.resblocks.4.Adapter.up
[09/29 13:45:16][INFO] models.base.adapter: 1233: init:  transformer.resblocks.5.Adapter.up
[09/29 13:45:16][INFO] models.base.adapter: 1233: init:  transformer.resblocks.6.Adapter.up
[09/29 13:45:16][INFO] models.base.adapter: 1233: init:  transformer.resblocks.7.Adapter.up
[09/29 13:45:16][INFO] models.base.adapter: 1233: init:  transformer.resblocks.8.Adapter.up
[09/29 13:45:16][INFO] models.base.adapter: 1233: init:  transformer.resblocks.9.Adapter.up
[09/29 13:45:16][INFO] models.base.adapter: 1233: init:  transformer.resblocks.10.Adapter.up
[09/29 13:45:16][INFO] models.base.adapter: 1233: init:  transformer.resblocks.11.Adapter.up
[09/29 13:45:17][INFO] train_net_few_shot:  349: Model:
BaseVideoModel(
  (model): ViT_CLIP(
    (conv1): Conv2d(3, 768, kernel_size=(16, 16), stride=(16, 16), bias=False)
    (ln_pre): LayerNorm((768,), eps=1e-05, elementwise_affine=True, bias=True)
    (transformer): Transformer(
      (resblocks): ModuleList(
        (0-11): 12 x ResidualAttentionBlock(
          (ln_1): LayerNorm((768,), eps=1e-05, elementwise_affine=True, bias=True)
          (attn): MultiheadAttention(
            (out_proj): NonDynamicallyQuantizableLinear(in_features=768, out_features=768, bias=True)
          )
          (ln_2): LayerNorm((768,), eps=1e-05, elementwise_affine=True, bias=True)
          (mlp): Sequential(
            (c_fc): Linear(in_features=768, out_features=3072, bias=True)
            (gelu): QuickGELU()
            (c_proj): Linear(in_features=3072, out_features=768, bias=True)
          )
          (Adapter): ViT_D2ST_Adapter(
            (down): Linear(in_features=768, out_features=192, bias=True)
            (gelu1): GELU(approximate='none')
            (pos_embed): Conv3d(192, 192, kernel_size=(3, 3, 3), stride=(1, 1, 1), padding=(1, 1, 1), groups=192)
            (s_ln): LayerNorm((192,), eps=1e-05, elementwise_affine=True, bias=True)
            (s_attn): ViT_DeformAttention(
              (conv_offset): Sequential(
                (0): Conv3d(48, 48, kernel_size=(4, 5, 5), stride=(4, 3, 3), groups=48)
                (1): LayerNormProxy(
                  (norm): LayerNorm((48,), eps=1e-05, elementwise_affine=True, bias=True)
                )
                (2): GELU(approximate='none')
                (3): Conv3d(48, 3, kernel_size=(1, 1, 1), stride=(1, 1, 1), bias=False)
              )
              (proj_q): Linear(in_features=192, out_features=192, bias=True)
              (proj_k): Linear(in_features=192, out_features=192, bias=True)
              (proj_v): Linear(in_features=192, out_features=192, bias=True)
              (proj_out): Linear(in_features=192, out_features=192, bias=True)
            )
            (t_ln): LayerNorm((192,), eps=1e-05, elementwise_affine=True, bias=True)
            (t_attn): ViT_DeformAttention(
              (conv_offset): Sequential(
                (0): Conv3d(48, 48, kernel_size=(1, 7, 7), stride=(1, 7, 7), groups=48)
                (1): LayerNormProxy(
                  (norm): LayerNorm((48,), eps=1e-05, elementwise_affine=True, bias=True)
                )
                (2): GELU(approximate='none')
                (3): Conv3d(48, 3, kernel_size=(1, 1, 1), stride=(1, 1, 1), bias=False)
              )
              (proj_q): Linear(in_features=192, out_features=192, bias=True)
              (proj_k): Linear(in_features=192, out_features=192, bias=True)
              (proj_v): Linear(in_features=192, out_features=192, bias=True)
              (proj_out): Linear(in_features=192, out_features=192, bias=True)
            )
            (gelu): GELU(approximate='none')
            (up): Linear(in_features=192, out_features=768, bias=True)
            (gelu2): GELU(approximate='none')
          )
        )
      )
    )
    (ln_post): LayerNorm((768,), eps=1e-05, elementwise_affine=True, bias=True)
    (classification_layer): Linear(in_features=768, out_features=64, bias=True)
    (task_matcher): D2STTaskAwareMatcher(
      (context_norm): LayerNorm((768,), eps=1e-05, elementwise_affine=True, bias=True)
      (generator): Sequential(
        (0): Linear(in_features=768, out_features=192, bias=True)
        (1): GELU(approximate='none')
        (2): Dropout(p=0.1, inplace=False)
        (3): Linear(in_features=192, out_features=64, bias=True)
      )
    )
    (multi_velocity_matcher): D2STMultiVelocityMatcher(
      (motion_norm): LayerNorm((768,), eps=1e-05, elementwise_affine=True, bias=True)
      (motion_projection): Sequential(
        (0): Linear(in_features=768, out_features=192, bias=True)
        (1): GELU(approximate='none')
        (2): Dropout(p=0.1, inplace=False)
        (3): Linear(in_features=192, out_features=768, bias=True)
      )
    )
    (spatial_pattern_matcher): D2STSpatialPatternMatcher()
  )
)
[09/29 13:45:17][INFO] models.utils.optimizer:   82: Optimized parameters constructed. Parameters without weight decay: []
[09/29 13:45:17][INFO] datasets.base.few_shot_dataset:   97: Reading video list from file: train_few_shot.txt
[09/29 13:45:17][INFO] datasets.base.few_shot_dataset:  127: Loading SSv2-Full dataset list for split 'train'...
[09/29 13:45:17][INFO] datasets.base.few_shot_dataset:   47: loaded 67013 videos from train dataset: SSv2-Full !
[09/29 13:45:17][INFO] datasets.base.few_shot_dataset:  153: Dataset SSv2-Full split train loaded. Length 67013.
[09/29 13:45:17][INFO] datasets.base.few_shot_dataset:   97: Reading video list from file: test_few_shot.txt
[09/29 13:45:17][INFO] datasets.base.few_shot_dataset:  127: Loading SSv2-Full dataset list for split 'test'...
[09/29 13:45:17][INFO] datasets.base.few_shot_dataset:   47: loaded 2857 videos from test dataset: SSv2-Full !
[09/29 13:45:17][INFO] datasets.base.few_shot_dataset:  153: Dataset SSv2-Full split test loaded. Length 2857.
[09/29 13:45:17][INFO] train_net_few_shot:  371: Start epoch: 1
[09/29 13:45:17][INFO] train_net_few_shot:   47: Spatial pattern gate: model.spatial_pattern_alpha trainable=True optimized=True weight=0.017986
[09/29 13:45:17][INFO] train_net_few_shot:  407: Number of total parameters: 93588037, tunable parameters: 7790917
[09/29 13:45:17][INFO] train_net_few_shot:  125: Norm training: True
[09/29 13:45:17][INFO] train_net_few_shot:  143: Gradient accumulation: steps=4, normalize=False
[09/29 13:45:19][INFO] train_net_few_shot:   42: Spatial pattern gate first backward: model.spatial_pattern_alpha grad=-0.0046002297
[09/29 13:46:42][INFO] utils.logging:   91: {"_type": "train_iter", "iter": "200/30000", "loss": 9.927241, "lr": 0.000253, "top1_acc": 34.199999}
[09/29 13:48:06][INFO] utils.logging:   91: {"_type": "train_iter", "iter": "400/30000", "loss": 9.321064, "lr": 0.000306, "top1_acc": 37.699999}
[09/29 13:49:30][INFO] utils.logging:   91: {"_type": "train_iter", "iter": "600/30000", "loss": 8.469753, "lr": 0.000360, "top1_acc": 46.500000}
[09/29 13:50:54][INFO] utils.logging:   91: {"_type": "train_iter", "iter": "800/30000", "loss": 7.433303, "lr": 0.000413, "top1_acc": 50.000000}
[09/29 13:52:18][INFO] utils.logging:   91: {"_type": "train_iter", "iter": "1000/30000", "loss": 7.149392, "lr": 0.000466, "top1_acc": 53.500001}
[09/29 13:53:41][INFO] utils.logging:   91: {"_type": "train_iter", "iter": "1200/30000", "loss": 6.350460, "lr": 0.000520, "top1_acc": 55.800001}
[09/29 13:55:05][INFO] utils.logging:   91: {"_type": "train_iter", "iter": "1400/30000", "loss": 6.121081, "lr": 0.000573, "top1_acc": 60.700001}
[09/29 13:56:29][INFO] utils.logging:   91: {"_type": "train_iter", "iter": "1600/30000", "loss": 5.892892, "lr": 0.000626, "top1_acc": 58.700001}
[09/29 13:57:53][INFO] utils.logging:   91: {"_type": "train_iter", "iter": "1800/30000", "loss": 5.588934, "lr": 0.000680, "top1_acc": 59.100001}
[09/29 13:59:17][INFO] utils.logging:   91: {"_type": "train_iter", "iter": "2000/30000", "loss": 5.285041, "lr": 0.000733, "top1_acc": 64.200001}
[09/29 14:00:41][INFO] utils.logging:   91: {"_type": "train_iter", "iter": "2200/30000", "loss": 5.412784, "lr": 0.000786, "top1_acc": 59.200001}
[09/29 14:02:04][INFO] utils.logging:   91: {"_type": "train_iter", "iter": "2400/30000", "loss": 5.121129, "lr": 0.000840, "top1_acc": 65.100001}
[09/29 14:03:28][INFO] utils.logging:   91: {"_type": "train_iter", "iter": "2600/30000", "loss": 5.165775, "lr": 0.000893, "top1_acc": 61.800001}
[09/29 14:04:52][INFO] utils.logging:   91: {"_type": "train_iter", "iter": "2800/30000", "loss": 5.014783, "lr": 0.000946, "top1_acc": 64.000001}
[09/29 14:06:16][INFO] utils.logging:   91: {"_type": "train_iter", "iter": "3000/30000", "loss": 4.829808, "lr": 0.001000, "top1_acc": 63.900001}
[09/29 14:07:40][INFO] utils.logging:   91: {"_type": "train_iter", "iter": "3200/30000", "loss": 4.705984, "lr": 0.001000, "top1_acc": 66.300001}
[09/29 14:09:04][INFO] utils.logging:   91: {"_type": "train_iter", "iter": "3400/30000", "loss": 4.605189, "lr": 0.001000, "top1_acc": 67.100001}
[09/29 14:10:28][INFO] utils.logging:   91: {"_type": "train_iter", "iter": "3600/30000", "loss": 4.452465, "lr": 0.001000, "top1_acc": 67.600002}
[09/29 14:11:51][INFO] utils.logging:   91: {"_type": "train_iter", "iter": "3800/30000", "loss": 4.333714, "lr": 0.001000, "top1_acc": 66.700001}
[09/29 14:13:15][INFO] utils.logging:   91: {"_type": "train_iter", "iter": "4000/30000", "loss": 4.255683, "lr": 0.001000, "top1_acc": 69.400001}
[09/29 14:14:39][INFO] utils.logging:   91: {"_type": "train_iter", "iter": "4200/30000", "loss": 4.278711, "lr": 0.001000, "top1_acc": 69.100002}
[09/29 14:16:04][INFO] utils.logging:   91: {"_type": "train_iter", "iter": "4400/30000", "loss": 4.168599, "lr": 0.001000, "top1_acc": 69.700001}
[09/29 14:17:28][INFO] utils.logging:   91: {"_type": "train_iter", "iter": "4600/30000", "loss": 3.965481, "lr": 0.001000, "top1_acc": 69.500001}
[09/29 14:18:53][INFO] utils.logging:   91: {"_type": "train_iter", "iter": "4800/30000", "loss": 3.914679, "lr": 0.001000, "top1_acc": 69.700002}
[09/29 14:20:18][INFO] utils.logging:   91: {"_type": "train_iter", "iter": "5000/30000", "loss": 4.076293, "lr": 0.001000, "top1_acc": 70.400001}
[09/29 14:21:43][INFO] utils.logging:   91: {"_type": "train_iter", "iter": "5200/30000", "loss": 3.764602, "lr": 0.001000, "top1_acc": 69.900001}
[09/29 14:23:07][INFO] utils.logging:   91: {"_type": "train_iter", "iter": "5400/30000", "loss": 3.512170, "lr": 0.001000, "top1_acc": 72.800001}
[09/29 14:24:32][INFO] utils.logging:   91: {"_type": "train_iter", "iter": "5600/30000", "loss": 3.425858, "lr": 0.001000, "top1_acc": 73.300002}
[09/29 14:25:56][INFO] utils.logging:   91: {"_type": "train_iter", "iter": "5800/30000", "loss": 3.559090, "lr": 0.001000, "top1_acc": 71.900001}
[09/29 14:27:21][INFO] utils.logging:   91: {"_type": "train_iter", "iter": "6000/30000", "loss": 3.352522, "lr": 0.001000, "top1_acc": 73.600001}
[09/29 14:28:45][INFO] utils.logging:   91: {"_type": "train_iter", "iter": "6200/30000", "loss": 3.522856, "lr": 0.001000, "top1_acc": 73.500001}
[09/29 14:30:10][INFO] utils.logging:   91: {"_type": "train_iter", "iter": "6400/30000", "loss": 3.460874, "lr": 0.001000, "top1_acc": 73.400001}
[09/29 14:31:34][INFO] utils.logging:   91: {"_type": "train_iter", "iter": "6600/30000", "loss": 3.189417, "lr": 0.001000, "top1_acc": 75.100001}
[09/29 14:32:59][INFO] utils.logging:   91: {"_type": "train_iter", "iter": "6800/30000", "loss": 3.122903, "lr": 0.001000, "top1_acc": 76.200001}
[09/29 14:34:05][INFO] datasets.base.few_shot_dataset:  420: Error at decoding. Vid index: 54100, Vid path: /mnt/data/yanyi2025/lrc/action_data/ssv2/videos/videos/96464.webm
[09/29 14:34:23][INFO] utils.logging:   91: {"_type": "train_iter", "iter": "7000/30000", "loss": 3.111262, "lr": 0.001000, "top1_acc": 76.100001}
[09/29 14:35:47][INFO] utils.logging:   91: {"_type": "train_iter", "iter": "7200/30000", "loss": 3.162764, "lr": 0.001000, "top1_acc": 74.600001}
[09/29 14:37:12][INFO] utils.logging:   91: {"_type": "train_iter", "iter": "7400/30000", "loss": 3.131132, "lr": 0.001000, "top1_acc": 76.100001}
[09/29 14:38:36][INFO] utils.logging:   91: {"_type": "train_iter", "iter": "7600/30000", "loss": 3.185279, "lr": 0.001000, "top1_acc": 77.200001}
[09/29 14:40:00][INFO] utils.logging:   91: {"_type": "train_iter", "iter": "7800/30000", "loss": 3.061563, "lr": 0.001000, "top1_acc": 75.100001}
[09/29 14:41:25][INFO] utils.logging:   91: {"_type": "train_iter", "iter": "8000/30000", "loss": 2.992991, "lr": 0.001000, "top1_acc": 75.300002}
[09/29 14:42:49][INFO] utils.logging:   91: {"_type": "train_iter", "iter": "8200/30000", "loss": 2.768540, "lr": 0.001000, "top1_acc": 78.000001}
[09/29 14:44:14][INFO] utils.logging:   91: {"_type": "train_iter", "iter": "8400/30000", "loss": 2.755009, "lr": 0.001000, "top1_acc": 78.200002}
[09/29 14:45:38][INFO] utils.logging:   91: {"_type": "train_iter", "iter": "8600/30000", "loss": 2.977913, "lr": 0.001000, "top1_acc": 77.500001}
[09/29 14:47:03][INFO] utils.logging:   91: {"_type": "train_iter", "iter": "8800/30000", "loss": 2.884347, "lr": 0.001000, "top1_acc": 77.500002}
[09/29 14:48:27][INFO] utils.logging:   91: {"_type": "train_iter", "iter": "9000/30000", "loss": 2.921198, "lr": 0.001000, "top1_acc": 78.900001}
[09/29 14:49:52][INFO] utils.logging:   91: {"_type": "train_iter", "iter": "9200/30000", "loss": 2.708647, "lr": 0.001000, "top1_acc": 79.300001}
[09/29 14:51:16][INFO] utils.logging:   91: {"_type": "train_iter", "iter": "9400/30000", "loss": 2.529241, "lr": 0.001000, "top1_acc": 80.700001}
[09/29 14:52:41][INFO] utils.logging:   91: {"_type": "train_iter", "iter": "9600/30000", "loss": 2.678706, "lr": 0.001000, "top1_acc": 79.700001}
[09/29 14:54:05][INFO] utils.logging:   91: {"_type": "train_iter", "iter": "9800/30000", "loss": 2.308292, "lr": 0.001000, "top1_acc": 80.800001}
[09/29 14:55:34][INFO] datasets.base.few_shot_dataset:  420: Error at decoding. Vid index: 2581, Vid path: /mnt/data/yanyi2025/lrc/action_data/ssv2/videos/videos/113474.webm
[09/29 14:55:42][INFO] datasets.base.few_shot_dataset:  420: Error at decoding. Vid index: 2581, Vid path: /mnt/data/yanyi2025/lrc/action_data/ssv2/videos/videos/113474.webm
[09/29 14:55:54][INFO] utils.logging:   91: {"_type": "val_iter", "gpu_mem": "1.79 GB", "iter": "200/10000", "top1_acc": 56.500001}
[09/29 14:56:18][INFO] utils.logging:   91: {"_type": "val_iter", "gpu_mem": "1.79 GB", "iter": "400/10000", "top1_acc": 57.900001}
[09/29 14:56:42][WARNING] datasets.base.few_shot_dataset:  251: Error at decoding. 1/5. Vid index: [185, 182], Vid path: 9
[09/29 14:56:43][INFO] utils.logging:   91: {"_type": "val_iter", "gpu_mem": "1.79 GB", "iter": "600/10000", "top1_acc": 59.500001}
[09/29 14:57:07][INFO] utils.logging:   91: {"_type": "val_iter", "gpu_mem": "1.79 GB", "iter": "800/10000", "top1_acc": 63.200001}
[09/29 14:57:31][INFO] utils.logging:   91: {"_type": "val_iter", "gpu_mem": "1.79 GB", "iter": "1000/10000", "top1_acc": 58.300001}
[09/29 14:57:49][WARNING] datasets.base.few_shot_dataset:  251: Error at decoding. 1/5. Vid index: [64, 185], Vid path: 9
[09/29 14:57:56][INFO] utils.logging:   91: {"_type": "val_iter", "gpu_mem": "1.79 GB", "iter": "1200/10000", "top1_acc": 58.800001}
[09/29 14:58:20][INFO] utils.logging:   91: {"_type": "val_iter", "gpu_mem": "1.79 GB", "iter": "1400/10000", "top1_acc": 59.300001}
[09/29 14:58:44][INFO] utils.logging:   91: {"_type": "val_iter", "gpu_mem": "1.79 GB", "iter": "1600/10000", "top1_acc": 58.200001}
[09/29 14:59:08][INFO] utils.logging:   91: {"_type": "val_iter", "gpu_mem": "1.79 GB", "iter": "1800/10000", "top1_acc": 61.000001}
[09/29 14:59:33][INFO] utils.logging:   91: {"_type": "val_iter", "gpu_mem": "1.79 GB", "iter": "2000/10000", "top1_acc": 60.700001}
[09/29 14:59:51][INFO] datasets.base.few_shot_dataset:  420: Error at decoding. Vid index: 2581, Vid path: /mnt/data/yanyi2025/lrc/action_data/ssv2/videos/videos/113474.webm
[09/29 14:59:57][INFO] utils.logging:   91: {"_type": "val_iter", "gpu_mem": "1.79 GB", "iter": "2200/10000", "top1_acc": 58.200001}
[09/29 15:00:17][WARNING] datasets.base.few_shot_dataset:  251: Error at decoding. 1/5. Vid index: [86, 185], Vid path: 9
[09/29 15:00:21][INFO] utils.logging:   91: {"_type": "val_iter", "gpu_mem": "1.79 GB", "iter": "2400/10000", "top1_acc": 56.400000}
[09/29 15:00:45][INFO] utils.logging:   91: {"_type": "val_iter", "gpu_mem": "1.79 GB", "iter": "2600/10000", "top1_acc": 58.300001}
[09/29 15:01:10][INFO] utils.logging:   91: {"_type": "val_iter", "gpu_mem": "1.79 GB", "iter": "2800/10000", "top1_acc": 61.100001}
[09/29 15:01:34][INFO] utils.logging:   91: {"_type": "val_iter", "gpu_mem": "1.79 GB", "iter": "3000/10000", "top1_acc": 61.900001}
[09/29 15:01:58][INFO] utils.logging:   91: {"_type": "val_iter", "gpu_mem": "1.79 GB", "iter": "3200/10000", "top1_acc": 59.300001}
[09/29 15:02:23][INFO] utils.logging:   91: {"_type": "val_iter", "gpu_mem": "1.79 GB", "iter": "3400/10000", "top1_acc": 61.200001}
[09/29 15:02:37][WARNING] datasets.base.few_shot_dataset:  251: Error at decoding. 1/5. Vid index: [185, 52], Vid path: 9
[09/29 15:02:47][INFO] utils.logging:   91: {"_type": "val_iter", "gpu_mem": "1.79 GB", "iter": "3600/10000", "top1_acc": 59.900001}
[09/29 15:03:11][INFO] utils.logging:   91: {"_type": "val_iter", "gpu_mem": "1.79 GB", "iter": "3800/10000", "top1_acc": 59.400001}
[09/29 15:03:31][WARNING] datasets.base.few_shot_dataset:  251: Error at decoding. 1/5. Vid index: [116, 185], Vid path: 9
[09/29 15:03:36][INFO] utils.logging:   91: {"_type": "val_iter", "gpu_mem": "1.79 GB", "iter": "4000/10000", "top1_acc": 61.800001}
[09/29 15:03:59][INFO] datasets.base.few_shot_dataset:  420: Error at decoding. Vid index: 2581, Vid path: /mnt/data/yanyi2025/lrc/action_data/ssv2/videos/videos/113474.webm
[09/29 15:04:00][INFO] utils.logging:   91: {"_type": "val_iter", "gpu_mem": "1.79 GB", "iter": "4200/10000", "top1_acc": 58.700001}
[09/29 15:04:24][INFO] utils.logging:   91: {"_type": "val_iter", "gpu_mem": "1.79 GB", "iter": "4400/10000", "top1_acc": 59.700001}
[09/29 15:04:49][INFO] utils.logging:   91: {"_type": "val_iter", "gpu_mem": "1.79 GB", "iter": "4600/10000", "top1_acc": 59.500001}
[09/29 15:05:13][INFO] utils.logging:   91: {"_type": "val_iter", "gpu_mem": "1.79 GB", "iter": "4800/10000", "top1_acc": 59.700001}
[09/29 15:05:37][INFO] utils.logging:   91: {"_type": "val_iter", "gpu_mem": "1.79 GB", "iter": "5000/10000", "top1_acc": 58.400001}
[09/29 15:05:54][WARNING] datasets.base.few_shot_dataset:  251: Error at decoding. 1/5. Vid index: [179, 185], Vid path: 9
[09/29 15:05:58][WARNING] datasets.base.few_shot_dataset:  251: Error at decoding. 1/5. Vid index: [185, 88], Vid path: 9
[09/29 15:06:02][INFO] utils.logging:   91: {"_type": "val_iter", "gpu_mem": "1.79 GB", "iter": "5200/10000", "top1_acc": 59.800001}
[09/29 15:06:26][INFO] utils.logging:   91: {"_type": "val_iter", "gpu_mem": "1.79 GB", "iter": "5400/10000", "top1_acc": 58.400001}
[09/29 15:06:50][INFO] utils.logging:   91: {"_type": "val_iter", "gpu_mem": "1.79 GB", "iter": "5600/10000", "top1_acc": 57.600001}
[09/29 15:07:01][WARNING] datasets.base.few_shot_dataset:  251: Error at decoding. 1/5. Vid index: [159, 185], Vid path: 9
[09/29 15:07:15][INFO] utils.logging:   91: {"_type": "val_iter", "gpu_mem": "1.79 GB", "iter": "5800/10000", "top1_acc": 59.600001}
[09/29 15:07:39][INFO] utils.logging:   91: {"_type": "val_iter", "gpu_mem": "1.79 GB", "iter": "6000/10000", "top1_acc": 58.400001}
[09/29 15:08:03][INFO] utils.logging:   91: {"_type": "val_iter", "gpu_mem": "1.79 GB", "iter": "6200/10000", "top1_acc": 60.800001}
[09/29 15:08:28][INFO] utils.logging:   91: {"_type": "val_iter", "gpu_mem": "1.79 GB", "iter": "6400/10000", "top1_acc": 58.800001}
[09/29 15:08:52][INFO] utils.logging:   91: {"_type": "val_iter", "gpu_mem": "1.79 GB", "iter": "6600/10000", "top1_acc": 60.200001}
[09/29 15:09:16][INFO] utils.logging:   91: {"_type": "val_iter", "gpu_mem": "1.79 GB", "iter": "6800/10000", "top1_acc": 59.700001}
[09/29 15:09:41][INFO] utils.logging:   91: {"_type": "val_iter", "gpu_mem": "1.79 GB", "iter": "7000/10000", "top1_acc": 60.200001}
[09/29 15:10:05][INFO] utils.logging:   91: {"_type": "val_iter", "gpu_mem": "1.79 GB", "iter": "7200/10000", "top1_acc": 60.000001}
[09/29 15:10:29][INFO] utils.logging:   91: {"_type": "val_iter", "gpu_mem": "1.79 GB", "iter": "7400/10000", "top1_acc": 60.700001}
[09/29 15:10:54][INFO] utils.logging:   91: {"_type": "val_iter", "gpu_mem": "1.79 GB", "iter": "7600/10000", "top1_acc": 62.300001}
[09/29 15:11:18][INFO] utils.logging:   91: {"_type": "val_iter", "gpu_mem": "1.79 GB", "iter": "7800/10000", "top1_acc": 57.800001}
[09/29 15:11:42][INFO] utils.logging:   91: {"_type": "val_iter", "gpu_mem": "1.79 GB", "iter": "8000/10000", "top1_acc": 59.000001}
[09/29 15:12:07][INFO] utils.logging:   91: {"_type": "val_iter", "gpu_mem": "1.79 GB", "iter": "8200/10000", "top1_acc": 59.500001}
[09/29 15:12:31][INFO] utils.logging:   91: {"_type": "val_iter", "gpu_mem": "1.79 GB", "iter": "8400/10000", "top1_acc": 60.300001}
[09/29 15:12:55][INFO] utils.logging:   91: {"_type": "val_iter", "gpu_mem": "1.79 GB", "iter": "8600/10000", "top1_acc": 58.800001}
[09/29 15:13:20][INFO] utils.logging:   91: {"_type": "val_iter", "gpu_mem": "1.79 GB", "iter": "8800/10000", "top1_acc": 59.700001}
[09/29 15:13:44][INFO] utils.logging:   91: {"_type": "val_iter", "gpu_mem": "1.79 GB", "iter": "9000/10000", "top1_acc": 57.800001}
[09/29 15:14:08][INFO] datasets.base.few_shot_dataset:  420: Error at decoding. Vid index: 2581, Vid path: /mnt/data/yanyi2025/lrc/action_data/ssv2/videos/videos/113474.webm
[09/29 15:14:08][INFO] utils.logging:   91: {"_type": "val_iter", "gpu_mem": "1.79 GB", "iter": "9200/10000", "top1_acc": 59.100001}
[09/29 15:14:33][INFO] utils.logging:   91: {"_type": "val_iter", "gpu_mem": "1.79 GB", "iter": "9400/10000", "top1_acc": 60.100001}
[09/29 15:14:51][WARNING] datasets.base.few_shot_dataset:  251: Error at decoding. 1/5. Vid index: [81, 185], Vid path: 9
[09/29 15:14:57][INFO] utils.logging:   91: {"_type": "val_iter", "gpu_mem": "1.79 GB", "iter": "9600/10000", "top1_acc": 59.800001}
[09/29 15:15:21][INFO] utils.logging:   91: {"_type": "val_iter", "gpu_mem": "1.79 GB", "iter": "9800/10000", "top1_acc": 58.500001}
[09/29 15:15:45][INFO] utils.logging:   91: {"_type": "val_iter", "gpu_mem": "1.79 GB", "iter": "10000/10000", "top1_acc": 59.000001}
[09/29 15:15:45][INFO] utils.logging:   91: {"RAM": "15.15/125.63 GB", "_type": "val_epoch", "epoch": "1", "gpu_mem": "1.79 GB", "top1_acc": 59.456001}
[09/29 15:15:45][INFO] train_net_few_shot:   66: Spatial pattern paired evaluation: {'episodes': 10000, 'queries': 50000, 'full_acc': 59.456, 'without_spatial_acc': 59.48, 'spatial_only_acc': 45.136, 'paired_delta_pp': -0.024000000000000004, 'paired_ci95_halfwidth_pp': 0.05050600171723107, 'changed_predictions': 255, 'helped_predictions': 77, 'hurt_predictions': 89}
[09/29 15:15:45][INFO] train_net_few_shot:   79: Fusion weights: task_match=0.035904, multi_velocity=0.035596, spatial_pattern=0.026950
[09/29 15:15:45][INFO] train_net_few_shot:   99: Multi-velocity matcher: motion_delta=0.02836298570036888, velocity_weights=[0.3418565094470978, 0.6581435203552246], logit_delta=3.6475913524627686
[09/29 15:15:45][INFO] train_net_few_shot:  109: Spatial pattern matcher: grid_size=2, tokens_per_frame=4, last_episode_raw_logit_delta=4.738454341888428, gate_trainable=True, detach_input=True
[09/29 15:15:46][INFO] train_net_few_shot:  181: New best validation accuracy: 59.4560; checkpoint=output/SSv2_Full_TASK_MATCH_MULTI_VELOCITY_SPATIAL_PATTERN_GATE_FIX/checkpoints/checkpoint_best.pyth
[09/29 15:15:46][INFO] utils.logging:   91: {"_type": "train_iter", "iter": "10000/30000", "loss": 2.690771, "lr": 0.001000, "top1_acc": 77.800001}
[09/29 15:17:11][INFO] utils.logging:   91: {"_type": "train_iter", "iter": "10200/30000", "loss": 2.449004, "lr": 0.001000, "top1_acc": 82.400001}
[09/29 15:18:35][INFO] utils.logging:   91: {"_type": "train_iter", "iter": "10400/30000", "loss": 2.574431, "lr": 0.001000, "top1_acc": 80.100001}
[09/29 15:20:00][INFO] utils.logging:   91: {"_type": "train_iter", "iter": "10600/30000", "loss": 2.304190, "lr": 0.001000, "top1_acc": 81.900001}
[09/29 15:21:24][INFO] utils.logging:   91: {"_type": "train_iter", "iter": "10800/30000", "loss": 2.477728, "lr": 0.001000, "top1_acc": 82.100001}
[09/29 15:22:49][INFO] utils.logging:   91: {"_type": "train_iter", "iter": "11000/30000", "loss": 2.244321, "lr": 0.001000, "top1_acc": 84.100001}
[09/29 15:24:13][INFO] utils.logging:   91: {"_type": "train_iter", "iter": "11200/30000", "loss": 2.222132, "lr": 0.001000, "top1_acc": 80.900001}
[09/29 15:25:37][INFO] utils.logging:   91: {"_type": "train_iter", "iter": "11400/30000", "loss": 2.351026, "lr": 0.001000, "top1_acc": 82.000001}
[09/29 15:27:02][INFO] utils.logging:   91: {"_type": "train_iter", "iter": "11600/30000", "loss": 2.174932, "lr": 0.001000, "top1_acc": 81.900001}
[09/29 15:28:26][INFO] utils.logging:   91: {"_type": "train_iter", "iter": "11800/30000", "loss": 2.158907, "lr": 0.001000, "top1_acc": 81.900001}
[09/29 15:29:51][INFO] utils.logging:   91: {"_type": "train_iter", "iter": "12000/30000", "loss": 2.197130, "lr": 0.001000, "top1_acc": 81.200001}
[09/29 15:31:15][INFO] utils.logging:   91: {"_type": "train_iter", "iter": "12200/30000", "loss": 2.089395, "lr": 0.000500, "top1_acc": 82.400001}
[09/29 15:32:40][INFO] utils.logging:   91: {"_type": "train_iter", "iter": "12400/30000", "loss": 1.918467, "lr": 0.000500, "top1_acc": 84.200001}
[09/29 15:34:04][INFO] utils.logging:   91: {"_type": "train_iter", "iter": "12600/30000", "loss": 1.915838, "lr": 0.000500, "top1_acc": 83.100001}
[09/29 15:36:24][INFO] utils.logging:   91: {"_type": "train_iter", "iter": "12800/30000", "loss": 1.862576, "lr": 0.000500, "top1_acc": 85.000001}
[09/29 15:39:18][INFO] utils.logging:   91: {"_type": "train_iter", "iter": "13000/30000", "loss": 1.786150, "lr": 0.000500, "top1_acc": 85.800001}
[09/29 15:42:44][INFO] utils.logging:   91: {"_type": "train_iter", "iter": "13200/30000", "loss": 1.797268, "lr": 0.000500, "top1_acc": 85.100001}
[09/29 15:46:15][INFO] utils.logging:   91: {"_type": "train_iter", "iter": "13400/30000", "loss": 1.692208, "lr": 0.000500, "top1_acc": 85.100001}
[09/29 15:49:45][INFO] utils.logging:   91: {"_type": "train_iter", "iter": "13600/30000", "loss": 1.693959, "lr": 0.000500, "top1_acc": 84.400001}
[09/29 15:53:15][INFO] utils.logging:   91: {"_type": "train_iter", "iter": "13800/30000", "loss": 1.669728, "lr": 0.000500, "top1_acc": 85.400001}
[09/29 15:56:46][INFO] utils.logging:   91: {"_type": "train_iter", "iter": "14000/30000", "loss": 1.718833, "lr": 0.000500, "top1_acc": 87.900001}
[09/29 16:00:16][INFO] utils.logging:   91: {"_type": "train_iter", "iter": "14200/30000", "loss": 1.597955, "lr": 0.000500, "top1_acc": 84.800001}
[09/29 16:00:50][INFO] datasets.base.few_shot_dataset:  420: Error at decoding. Vid index: 54100, Vid path: /mnt/data/yanyi2025/lrc/action_data/ssv2/videos/videos/96464.webm
[09/29 16:03:46][INFO] utils.logging:   91: {"_type": "train_iter", "iter": "14400/30000", "loss": 1.529242, "lr": 0.000500, "top1_acc": 85.900001}
[09/29 16:07:16][INFO] utils.logging:   91: {"_type": "train_iter", "iter": "14600/30000", "loss": 1.549343, "lr": 0.000500, "top1_acc": 85.500001}
[09/29 16:09:43][INFO] utils.logging:   91: {"_type": "train_iter", "iter": "14800/30000", "loss": 1.455363, "lr": 0.000500, "top1_acc": 87.600001}
[09/29 16:11:08][INFO] utils.logging:   91: {"_type": "train_iter", "iter": "15000/30000", "loss": 1.530619, "lr": 0.000500, "top1_acc": 87.100001}
[09/29 16:12:32][INFO] utils.logging:   91: {"_type": "train_iter", "iter": "15200/30000", "loss": 1.529879, "lr": 0.000500, "top1_acc": 86.000001}
[09/29 16:13:56][INFO] utils.logging:   91: {"_type": "train_iter", "iter": "15400/30000", "loss": 1.454019, "lr": 0.000500, "top1_acc": 87.900001}
[09/29 16:15:21][INFO] utils.logging:   91: {"_type": "train_iter", "iter": "15600/30000", "loss": 1.455720, "lr": 0.000500, "top1_acc": 88.200001}
[09/29 16:16:45][INFO] utils.logging:   91: {"_type": "train_iter", "iter": "15800/30000", "loss": 1.572796, "lr": 0.000500, "top1_acc": 86.200001}
[09/29 16:18:09][INFO] utils.logging:   91: {"_type": "train_iter", "iter": "16000/30000", "loss": 1.427627, "lr": 0.000500, "top1_acc": 88.000001}
[09/29 16:19:34][INFO] utils.logging:   91: {"_type": "train_iter", "iter": "16200/30000", "loss": 1.490653, "lr": 0.000500, "top1_acc": 88.600001}
[09/29 16:20:58][INFO] utils.logging:   91: {"_type": "train_iter", "iter": "16400/30000", "loss": 1.338521, "lr": 0.000500, "top1_acc": 89.000001}
[09/29 16:22:22][INFO] utils.logging:   91: {"_type": "train_iter", "iter": "16600/30000", "loss": 1.423882, "lr": 0.000500, "top1_acc": 86.900001}
[09/29 16:23:47][INFO] utils.logging:   91: {"_type": "train_iter", "iter": "16800/30000", "loss": 1.382856, "lr": 0.000500, "top1_acc": 86.000001}
[09/29 16:25:11][INFO] utils.logging:   91: {"_type": "train_iter", "iter": "17000/30000", "loss": 1.396466, "lr": 0.000500, "top1_acc": 87.400001}
[09/29 16:26:35][INFO] utils.logging:   91: {"_type": "train_iter", "iter": "17200/30000", "loss": 1.406738, "lr": 0.000500, "top1_acc": 89.600001}
[09/29 16:28:00][INFO] utils.logging:   91: {"_type": "train_iter", "iter": "17400/30000", "loss": 1.534764, "lr": 0.000500, "top1_acc": 87.100001}
[09/29 16:29:24][INFO] utils.logging:   91: {"_type": "train_iter", "iter": "17600/30000", "loss": 1.521210, "lr": 0.000500, "top1_acc": 87.200001}
[09/29 16:30:49][INFO] utils.logging:   91: {"_type": "train_iter", "iter": "17800/30000", "loss": 1.295949, "lr": 0.000500, "top1_acc": 90.300001}
[09/29 16:32:13][INFO] utils.logging:   91: {"_type": "train_iter", "iter": "18000/30000", "loss": 1.540740, "lr": 0.000500, "top1_acc": 87.100001}
[09/29 16:33:37][INFO] utils.logging:   91: {"_type": "train_iter", "iter": "18200/30000", "loss": 1.324380, "lr": 0.000100, "top1_acc": 88.600001}
[09/29 16:35:02][INFO] utils.logging:   91: {"_type": "train_iter", "iter": "18400/30000", "loss": 1.174926, "lr": 0.000100, "top1_acc": 88.700001}
[09/29 16:36:26][INFO] utils.logging:   91: {"_type": "train_iter", "iter": "18600/30000", "loss": 1.129227, "lr": 0.000100, "top1_acc": 89.600001}
[09/29 16:37:50][INFO] utils.logging:   91: {"_type": "train_iter", "iter": "18800/30000", "loss": 1.283574, "lr": 0.000100, "top1_acc": 86.300001}
[09/29 16:39:15][INFO] utils.logging:   91: {"_type": "train_iter", "iter": "19000/30000", "loss": 1.070765, "lr": 0.000100, "top1_acc": 89.500001}
[09/29 16:40:39][INFO] utils.logging:   91: {"_type": "train_iter", "iter": "19200/30000", "loss": 1.052994, "lr": 0.000100, "top1_acc": 90.300001}
[09/29 16:42:03][INFO] utils.logging:   91: {"_type": "train_iter", "iter": "19400/30000", "loss": 1.165151, "lr": 0.000100, "top1_acc": 89.900001}
[09/29 16:43:28][INFO] utils.logging:   91: {"_type": "train_iter", "iter": "19600/30000", "loss": 1.144718, "lr": 0.000100, "top1_acc": 90.900001}
[09/29 16:44:52][INFO] utils.logging:   91: {"_type": "train_iter", "iter": "19800/30000", "loss": 1.134020, "lr": 0.000100, "top1_acc": 90.100001}
[09/29 16:46:21][INFO] datasets.base.few_shot_dataset:  420: Error at decoding. Vid index: 2581, Vid path: /mnt/data/yanyi2025/lrc/action_data/ssv2/videos/videos/113474.webm
[09/29 16:46:29][INFO] datasets.base.few_shot_dataset:  420: Error at decoding. Vid index: 2581, Vid path: /mnt/data/yanyi2025/lrc/action_data/ssv2/videos/videos/113474.webm
[09/29 16:46:41][INFO] utils.logging:   91: {"_type": "val_iter", "gpu_mem": "1.79 GB", "iter": "200/10000", "top1_acc": 65.800001}
[09/29 16:47:05][INFO] utils.logging:   91: {"_type": "val_iter", "gpu_mem": "1.79 GB", "iter": "400/10000", "top1_acc": 63.000001}
[09/29 16:47:29][WARNING] datasets.base.few_shot_dataset:  251: Error at decoding. 1/5. Vid index: [185, 182], Vid path: 9
[09/29 16:47:29][INFO] utils.logging:   91: {"_type": "val_iter", "gpu_mem": "1.79 GB", "iter": "600/10000", "top1_acc": 65.500001}
[09/29 16:47:53][INFO] utils.logging:   91: {"_type": "val_iter", "gpu_mem": "1.79 GB", "iter": "800/10000", "top1_acc": 68.800001}
[09/29 16:48:18][INFO] utils.logging:   91: {"_type": "val_iter", "gpu_mem": "1.79 GB", "iter": "1000/10000", "top1_acc": 66.300001}
[09/29 16:48:35][WARNING] datasets.base.few_shot_dataset:  251: Error at decoding. 1/5. Vid index: [64, 185], Vid path: 9
[09/29 16:48:42][INFO] utils.logging:   91: {"_type": "val_iter", "gpu_mem": "1.79 GB", "iter": "1200/10000", "top1_acc": 65.700001}
[09/29 16:49:06][INFO] utils.logging:   91: {"_type": "val_iter", "gpu_mem": "1.79 GB", "iter": "1400/10000", "top1_acc": 64.400001}
[09/29 16:49:30][INFO] utils.logging:   91: {"_type": "val_iter", "gpu_mem": "1.79 GB", "iter": "1600/10000", "top1_acc": 65.900001}
[09/29 16:49:54][INFO] utils.logging:   91: {"_type": "val_iter", "gpu_mem": "1.79 GB", "iter": "1800/10000", "top1_acc": 67.200001}
[09/29 16:50:18][INFO] utils.logging:   91: {"_type": "val_iter", "gpu_mem": "1.79 GB", "iter": "2000/10000", "top1_acc": 66.700001}
[09/29 16:50:36][INFO] datasets.base.few_shot_dataset:  420: Error at decoding. Vid index: 2581, Vid path: /mnt/data/yanyi2025/lrc/action_data/ssv2/videos/videos/113474.webm
[09/29 16:50:42][INFO] utils.logging:   91: {"_type": "val_iter", "gpu_mem": "1.79 GB", "iter": "2200/10000", "top1_acc": 65.700001}
[09/29 16:51:02][WARNING] datasets.base.few_shot_dataset:  251: Error at decoding. 1/5. Vid index: [86, 185], Vid path: 9
[09/29 16:51:06][INFO] utils.logging:   91: {"_type": "val_iter", "gpu_mem": "1.79 GB", "iter": "2400/10000", "top1_acc": 62.800001}
[09/29 16:51:31][INFO] utils.logging:   91: {"_type": "val_iter", "gpu_mem": "1.79 GB", "iter": "2600/10000", "top1_acc": 62.000001}
[09/29 16:51:55][INFO] utils.logging:   91: {"_type": "val_iter", "gpu_mem": "1.79 GB", "iter": "2800/10000", "top1_acc": 67.700001}
[09/29 16:52:19][INFO] utils.logging:   91: {"_type": "val_iter", "gpu_mem": "1.79 GB", "iter": "3000/10000", "top1_acc": 65.000001}
[09/29 16:52:43][INFO] utils.logging:   91: {"_type": "val_iter", "gpu_mem": "1.79 GB", "iter": "3200/10000", "top1_acc": 65.200001}
[09/29 16:53:07][INFO] utils.logging:   91: {"_type": "val_iter", "gpu_mem": "1.79 GB", "iter": "3400/10000", "top1_acc": 67.100001}
[09/29 16:53:22][WARNING] datasets.base.few_shot_dataset:  251: Error at decoding. 1/5. Vid index: [185, 52], Vid path: 9
[09/29 16:53:31][INFO] utils.logging:   91: {"_type": "val_iter", "gpu_mem": "1.79 GB", "iter": "3600/10000", "top1_acc": 66.500001}
[09/29 16:53:55][INFO] utils.logging:   91: {"_type": "val_iter", "gpu_mem": "1.79 GB", "iter": "3800/10000", "top1_acc": 66.500001}
[09/29 16:54:15][WARNING] datasets.base.few_shot_dataset:  251: Error at decoding. 1/5. Vid index: [116, 185], Vid path: 9
[09/29 16:54:19][INFO] utils.logging:   91: {"_type": "val_iter", "gpu_mem": "1.79 GB", "iter": "4000/10000", "top1_acc": 69.600001}
[09/29 16:54:42][INFO] datasets.base.few_shot_dataset:  420: Error at decoding. Vid index: 2581, Vid path: /mnt/data/yanyi2025/lrc/action_data/ssv2/videos/videos/113474.webm
[09/29 16:54:43][INFO] utils.logging:   91: {"_type": "val_iter", "gpu_mem": "1.79 GB", "iter": "4200/10000", "top1_acc": 66.500001}
[09/29 16:55:07][INFO] utils.logging:   91: {"_type": "val_iter", "gpu_mem": "1.79 GB", "iter": "4400/10000", "top1_acc": 65.800001}
[09/29 16:55:31][INFO] utils.logging:   91: {"_type": "val_iter", "gpu_mem": "1.79 GB", "iter": "4600/10000", "top1_acc": 64.700001}
[09/29 16:55:56][INFO] utils.logging:   91: {"_type": "val_iter", "gpu_mem": "1.79 GB", "iter": "4800/10000", "top1_acc": 66.000001}
[09/29 16:56:20][INFO] utils.logging:   91: {"_type": "val_iter", "gpu_mem": "1.79 GB", "iter": "5000/10000", "top1_acc": 65.400001}
[09/29 16:56:36][WARNING] datasets.base.few_shot_dataset:  251: Error at decoding. 1/5. Vid index: [179, 185], Vid path: 9
[09/29 16:56:40][WARNING] datasets.base.few_shot_dataset:  251: Error at decoding. 1/5. Vid index: [185, 88], Vid path: 9
[09/29 16:56:44][INFO] utils.logging:   91: {"_type": "val_iter", "gpu_mem": "1.79 GB", "iter": "5200/10000", "top1_acc": 63.200001}
[09/29 16:57:08][INFO] utils.logging:   91: {"_type": "val_iter", "gpu_mem": "1.79 GB", "iter": "5400/10000", "top1_acc": 64.500001}
[09/29 16:57:32][INFO] utils.logging:   91: {"_type": "val_iter", "gpu_mem": "1.79 GB", "iter": "5600/10000", "top1_acc": 64.800001}
[09/29 16:57:42][WARNING] datasets.base.few_shot_dataset:  251: Error at decoding. 1/5. Vid index: [159, 185], Vid path: 9
[09/29 16:57:56][INFO] utils.logging:   91: {"_type": "val_iter", "gpu_mem": "1.79 GB", "iter": "5800/10000", "top1_acc": 67.300001}
[09/29 16:58:20][INFO] utils.logging:   91: {"_type": "val_iter", "gpu_mem": "1.79 GB", "iter": "6000/10000", "top1_acc": 65.000001}
[09/29 16:58:44][INFO] utils.logging:   91: {"_type": "val_iter", "gpu_mem": "1.79 GB", "iter": "6200/10000", "top1_acc": 64.800001}
[09/29 16:59:08][INFO] utils.logging:   91: {"_type": "val_iter", "gpu_mem": "1.79 GB", "iter": "6400/10000", "top1_acc": 64.800001}
[09/29 16:59:32][INFO] utils.logging:   91: {"_type": "val_iter", "gpu_mem": "1.79 GB", "iter": "6600/10000", "top1_acc": 65.300001}
[09/29 16:59:57][INFO] utils.logging:   91: {"_type": "val_iter", "gpu_mem": "1.79 GB", "iter": "6800/10000", "top1_acc": 65.400001}
[09/29 17:00:21][INFO] utils.logging:   91: {"_type": "val_iter", "gpu_mem": "1.79 GB", "iter": "7000/10000", "top1_acc": 66.100001}
[09/29 17:00:45][INFO] utils.logging:   91: {"_type": "val_iter", "gpu_mem": "1.79 GB", "iter": "7200/10000", "top1_acc": 64.800001}
[09/29 17:01:09][INFO] utils.logging:   91: {"_type": "val_iter", "gpu_mem": "1.79 GB", "iter": "7400/10000", "top1_acc": 66.100001}
[09/29 17:01:33][INFO] utils.logging:   91: {"_type": "val_iter", "gpu_mem": "1.79 GB", "iter": "7600/10000", "top1_acc": 68.700001}
[09/29 17:01:57][INFO] utils.logging:   91: {"_type": "val_iter", "gpu_mem": "1.79 GB", "iter": "7800/10000", "top1_acc": 63.000001}
[09/29 17:02:21][INFO] utils.logging:   91: {"_type": "val_iter", "gpu_mem": "1.79 GB", "iter": "8000/10000", "top1_acc": 66.500001}
[09/29 17:02:45][INFO] utils.logging:   91: {"_type": "val_iter", "gpu_mem": "1.79 GB", "iter": "8200/10000", "top1_acc": 67.800001}
[09/29 17:03:09][INFO] utils.logging:   91: {"_type": "val_iter", "gpu_mem": "1.79 GB", "iter": "8400/10000", "top1_acc": 65.500001}
[09/29 17:03:34][INFO] utils.logging:   91: {"_type": "val_iter", "gpu_mem": "1.79 GB", "iter": "8600/10000", "top1_acc": 66.400001}
[09/29 17:03:58][INFO] utils.logging:   91: {"_type": "val_iter", "gpu_mem": "1.79 GB", "iter": "8800/10000", "top1_acc": 66.100001}
[09/29 17:04:22][INFO] utils.logging:   91: {"_type": "val_iter", "gpu_mem": "1.79 GB", "iter": "9000/10000", "top1_acc": 65.300001}
[09/29 17:04:45][INFO] datasets.base.few_shot_dataset:  420: Error at decoding. Vid index: 2581, Vid path: /mnt/data/yanyi2025/lrc/action_data/ssv2/videos/videos/113474.webm
[09/29 17:04:46][INFO] utils.logging:   91: {"_type": "val_iter", "gpu_mem": "1.79 GB", "iter": "9200/10000", "top1_acc": 66.100001}
[09/29 17:05:10][INFO] utils.logging:   91: {"_type": "val_iter", "gpu_mem": "1.79 GB", "iter": "9400/10000", "top1_acc": 67.000001}
[09/29 17:05:28][WARNING] datasets.base.few_shot_dataset:  251: Error at decoding. 1/5. Vid index: [81, 185], Vid path: 9
[09/29 17:05:34][INFO] utils.logging:   91: {"_type": "val_iter", "gpu_mem": "1.79 GB", "iter": "9600/10000", "top1_acc": 66.600001}
[09/29 17:05:58][INFO] utils.logging:   91: {"_type": "val_iter", "gpu_mem": "1.79 GB", "iter": "9800/10000", "top1_acc": 63.900001}
[09/29 17:06:22][INFO] utils.logging:   91: {"_type": "val_iter", "gpu_mem": "1.79 GB", "iter": "10000/10000", "top1_acc": 66.200001}
[09/29 17:06:22][INFO] utils.logging:   91: {"RAM": "15.00/125.63 GB", "_type": "val_epoch", "epoch": "2", "gpu_mem": "1.79 GB", "top1_acc": 65.740001}
[09/29 17:06:22][INFO] train_net_few_shot:   66: Spatial pattern paired evaluation: {'episodes': 10000, 'queries': 50000, 'full_acc': 65.74, 'without_spatial_acc': 65.714, 'spatial_only_acc': 51.22, 'paired_delta_pp': 0.026000000000000002, 'paired_ci95_halfwidth_pp': 0.042400340644016925, 'changed_predictions': 166, 'helped_predictions': 65, 'hurt_predictions': 52}
[09/29 17:06:22][INFO] train_net_few_shot:   79: Fusion weights: task_match=0.044454, multi_velocity=0.028876, spatial_pattern=0.021373
[09/29 17:06:22][INFO] train_net_few_shot:   99: Multi-velocity matcher: motion_delta=0.027989231050014496, velocity_weights=[0.41248565912246704, 0.5875142812728882], logit_delta=4.576207160949707
[09/29 17:06:22][INFO] train_net_few_shot:  109: Spatial pattern matcher: grid_size=2, tokens_per_frame=4, last_episode_raw_logit_delta=5.469127178192139, gate_trainable=True, detach_input=True
[09/29 17:06:24][INFO] train_net_few_shot:  181: New best validation accuracy: 65.7400; checkpoint=output/SSv2_Full_TASK_MATCH_MULTI_VELOCITY_SPATIAL_PATTERN_GATE_FIX/checkpoints/checkpoint_best.pyth
[09/29 17:06:25][INFO] utils.logging:   91: {"_type": "train_iter", "iter": "20000/30000", "loss": 1.053007, "lr": 0.000100, "top1_acc": 90.800001}
[09/29 17:07:49][INFO] utils.logging:   91: {"_type": "train_iter", "iter": "20200/30000", "loss": 1.025509, "lr": 0.000100, "top1_acc": 90.600001}
[09/29 17:09:13][INFO] utils.logging:   91: {"_type": "train_iter", "iter": "20400/30000", "loss": 1.041609, "lr": 0.000100, "top1_acc": 90.000001}
[09/29 17:10:37][INFO] utils.logging:   91: {"_type": "train_iter", "iter": "20600/30000", "loss": 1.035772, "lr": 0.000100, "top1_acc": 89.000001}
[09/29 17:12:01][INFO] utils.logging:   91: {"_type": "train_iter", "iter": "20800/30000", "loss": 1.082614, "lr": 0.000100, "top1_acc": 88.800001}
[09/29 17:13:25][INFO] utils.logging:   91: {"_type": "train_iter", "iter": "21000/30000", "loss": 1.087505, "lr": 0.000100, "top1_acc": 90.100001}
[09/29 17:14:48][INFO] utils.logging:   91: {"_type": "train_iter", "iter": "21200/30000", "loss": 0.939515, "lr": 0.000100, "top1_acc": 90.600001}
[09/29 17:16:12][INFO] utils.logging:   91: {"_type": "train_iter", "iter": "21400/30000", "loss": 0.921835, "lr": 0.000100, "top1_acc": 91.000001}
[09/29 17:17:36][INFO] utils.logging:   91: {"_type": "train_iter", "iter": "21600/30000", "loss": 0.924371, "lr": 0.000100, "top1_acc": 90.700001}
[09/29 17:19:00][INFO] utils.logging:   91: {"_type": "train_iter", "iter": "21800/30000", "loss": 1.015226, "lr": 0.000100, "top1_acc": 90.400001}
[09/29 17:20:24][INFO] utils.logging:   91: {"_type": "train_iter", "iter": "22000/30000", "loss": 1.029301, "lr": 0.000100, "top1_acc": 91.200001}
[09/29 17:21:48][INFO] utils.logging:   91: {"_type": "train_iter", "iter": "22200/30000", "loss": 0.926169, "lr": 0.000100, "top1_acc": 90.400001}
[09/29 17:23:12][INFO] utils.logging:   91: {"_type": "train_iter", "iter": "22400/30000", "loss": 0.958360, "lr": 0.000100, "top1_acc": 91.700001}
[09/29 17:24:36][INFO] utils.logging:   91: {"_type": "train_iter", "iter": "22600/30000", "loss": 0.930743, "lr": 0.000100, "top1_acc": 91.500001}
[09/29 17:26:00][INFO] utils.logging:   91: {"_type": "train_iter", "iter": "22800/30000", "loss": 0.984910, "lr": 0.000100, "top1_acc": 89.300001}
[09/29 17:27:23][INFO] utils.logging:   91: {"_type": "train_iter", "iter": "23000/30000", "loss": 1.017929, "lr": 0.000100, "top1_acc": 91.600001}
[09/29 17:28:47][INFO] utils.logging:   91: {"_type": "train_iter", "iter": "23200/30000", "loss": 1.040675, "lr": 0.000100, "top1_acc": 89.200001}
[09/29 17:30:11][INFO] utils.logging:   91: {"_type": "train_iter", "iter": "23400/30000", "loss": 0.955768, "lr": 0.000100, "top1_acc": 89.800001}
[09/29 17:31:35][INFO] utils.logging:   91: {"_type": "train_iter", "iter": "23600/30000", "loss": 1.001601, "lr": 0.000100, "top1_acc": 89.400001}
[09/29 17:32:59][INFO] utils.logging:   91: {"_type": "train_iter", "iter": "23800/30000", "loss": 0.894176, "lr": 0.000100, "top1_acc": 89.600001}
[09/29 17:34:23][INFO] utils.logging:   91: {"_type": "train_iter", "iter": "24000/30000", "loss": 0.820540, "lr": 0.000100, "top1_acc": 92.600001}
[09/29 17:35:47][INFO] utils.logging:   91: {"_type": "train_iter", "iter": "24200/30000", "loss": 0.985697, "lr": 0.000050, "top1_acc": 91.000001}
[09/29 17:37:11][INFO] utils.logging:   91: {"_type": "train_iter", "iter": "24400/30000", "loss": 0.761861, "lr": 0.000050, "top1_acc": 92.600001}
[09/29 17:38:35][INFO] utils.logging:   91: {"_type": "train_iter", "iter": "24600/30000", "loss": 0.983080, "lr": 0.000050, "top1_acc": 92.200001}
[09/29 17:39:59][INFO] utils.logging:   91: {"_type": "train_iter", "iter": "24800/30000", "loss": 0.861247, "lr": 0.000050, "top1_acc": 91.000001}
[09/29 17:41:22][INFO] utils.logging:   91: {"_type": "train_iter", "iter": "25000/30000", "loss": 0.886606, "lr": 0.000050, "top1_acc": 90.400001}
[09/29 17:42:46][INFO] utils.logging:   91: {"_type": "train_iter", "iter": "25200/30000", "loss": 0.887880, "lr": 0.000050, "top1_acc": 89.900001}
[09/29 17:44:10][INFO] utils.logging:   91: {"_type": "train_iter", "iter": "25400/30000", "loss": 0.907777, "lr": 0.000050, "top1_acc": 89.700001}
[09/29 17:45:34][INFO] utils.logging:   91: {"_type": "train_iter", "iter": "25600/30000", "loss": 0.825226, "lr": 0.000050, "top1_acc": 90.700001}
[09/29 17:46:58][INFO] utils.logging:   91: {"_type": "train_iter", "iter": "25800/30000", "loss": 0.889170, "lr": 0.000050, "top1_acc": 92.800001}
[09/29 17:48:22][INFO] utils.logging:   91: {"_type": "train_iter", "iter": "26000/30000", "loss": 0.864061, "lr": 0.000050, "top1_acc": 91.100001}
[09/29 17:49:46][INFO] utils.logging:   91: {"_type": "train_iter", "iter": "26200/30000", "loss": 0.922626, "lr": 0.000050, "top1_acc": 91.400001}
[09/29 17:51:09][INFO] utils.logging:   91: {"_type": "train_iter", "iter": "26400/30000", "loss": 0.937384, "lr": 0.000050, "top1_acc": 91.700001}
[09/29 17:52:33][INFO] utils.logging:   91: {"_type": "train_iter", "iter": "26600/30000", "loss": 0.787883, "lr": 0.000050, "top1_acc": 91.000001}
[09/29 17:53:57][INFO] utils.logging:   91: {"_type": "train_iter", "iter": "26800/30000", "loss": 0.957545, "lr": 0.000050, "top1_acc": 90.300001}
[09/29 17:55:21][INFO] utils.logging:   91: {"_type": "train_iter", "iter": "27000/30000", "loss": 0.858515, "lr": 0.000050, "top1_acc": 91.000001}
[09/29 17:56:45][INFO] utils.logging:   91: {"_type": "train_iter", "iter": "27200/30000", "loss": 0.911593, "lr": 0.000050, "top1_acc": 90.600001}
[09/29 17:58:09][INFO] utils.logging:   91: {"_type": "train_iter", "iter": "27400/30000", "loss": 0.944495, "lr": 0.000050, "top1_acc": 91.200001}
[09/29 17:59:33][INFO] utils.logging:   91: {"_type": "train_iter", "iter": "27600/30000", "loss": 0.810475, "lr": 0.000050, "top1_acc": 92.700001}
[09/29 18:00:56][INFO] utils.logging:   91: {"_type": "train_iter", "iter": "27800/30000", "loss": 0.864410, "lr": 0.000050, "top1_acc": 91.400001}
[09/29 18:02:20][INFO] utils.logging:   91: {"_type": "train_iter", "iter": "28000/30000", "loss": 0.759838, "lr": 0.000050, "top1_acc": 91.000001}
[09/29 18:03:44][INFO] utils.logging:   91: {"_type": "train_iter", "iter": "28200/30000", "loss": 0.824360, "lr": 0.000050, "top1_acc": 91.500001}
[09/29 18:05:08][INFO] utils.logging:   91: {"_type": "train_iter", "iter": "28400/30000", "loss": 0.858484, "lr": 0.000050, "top1_acc": 90.500001}
[09/29 18:06:32][INFO] utils.logging:   91: {"_type": "train_iter", "iter": "28600/30000", "loss": 0.894640, "lr": 0.000050, "top1_acc": 91.100001}
[09/29 18:07:56][INFO] utils.logging:   91: {"_type": "train_iter", "iter": "28800/30000", "loss": 0.754592, "lr": 0.000050, "top1_acc": 92.100001}
[09/29 18:09:19][INFO] utils.logging:   91: {"_type": "train_iter", "iter": "29000/30000", "loss": 0.864524, "lr": 0.000050, "top1_acc": 91.000001}
[09/29 18:10:43][INFO] utils.logging:   91: {"_type": "train_iter", "iter": "29200/30000", "loss": 0.812903, "lr": 0.000050, "top1_acc": 91.200001}
[09/29 18:12:07][INFO] utils.logging:   91: {"_type": "train_iter", "iter": "29400/30000", "loss": 0.813894, "lr": 0.000050, "top1_acc": 92.400001}
[09/29 18:13:31][INFO] utils.logging:   91: {"_type": "train_iter", "iter": "29600/30000", "loss": 0.957159, "lr": 0.000050, "top1_acc": 89.500001}
[09/29 18:14:55][INFO] utils.logging:   91: {"_type": "train_iter", "iter": "29800/30000", "loss": 0.825824, "lr": 0.000050, "top1_acc": 91.100001}
[09/29 18:16:23][INFO] datasets.base.few_shot_dataset:  420: Error at decoding. Vid index: 2581, Vid path: /mnt/data/yanyi2025/lrc/action_data/ssv2/videos/videos/113474.webm
[09/29 18:16:31][INFO] datasets.base.few_shot_dataset:  420: Error at decoding. Vid index: 2581, Vid path: /mnt/data/yanyi2025/lrc/action_data/ssv2/videos/videos/113474.webm
[09/29 18:16:43][INFO] utils.logging:   91: {"_type": "val_iter", "gpu_mem": "1.79 GB", "iter": "200/10000", "top1_acc": 66.800001}
[09/29 18:17:07][INFO] utils.logging:   91: {"_type": "val_iter", "gpu_mem": "1.79 GB", "iter": "400/10000", "top1_acc": 64.200001}
[09/29 18:17:30][WARNING] datasets.base.few_shot_dataset:  251: Error at decoding. 1/5. Vid index: [185, 182], Vid path: 9
[09/29 18:17:31][INFO] utils.logging:   91: {"_type": "val_iter", "gpu_mem": "1.79 GB", "iter": "600/10000", "top1_acc": 67.500001}
[09/29 18:17:55][INFO] utils.logging:   91: {"_type": "val_iter", "gpu_mem": "1.79 GB", "iter": "800/10000", "top1_acc": 67.400001}
[09/29 18:18:19][INFO] utils.logging:   91: {"_type": "val_iter", "gpu_mem": "1.79 GB", "iter": "1000/10000", "top1_acc": 68.500001}
[09/29 18:18:36][WARNING] datasets.base.few_shot_dataset:  251: Error at decoding. 1/5. Vid index: [64, 185], Vid path: 9
[09/29 18:18:43][INFO] utils.logging:   91: {"_type": "val_iter", "gpu_mem": "1.79 GB", "iter": "1200/10000", "top1_acc": 66.800001}
[09/29 18:19:07][INFO] utils.logging:   91: {"_type": "val_iter", "gpu_mem": "1.79 GB", "iter": "1400/10000", "top1_acc": 66.100001}
[09/29 18:19:31][INFO] utils.logging:   91: {"_type": "val_iter", "gpu_mem": "1.79 GB", "iter": "1600/10000", "top1_acc": 66.000001}
[09/29 18:19:55][INFO] utils.logging:   91: {"_type": "val_iter", "gpu_mem": "1.79 GB", "iter": "1800/10000", "top1_acc": 66.700001}
[09/29 18:20:19][INFO] utils.logging:   91: {"_type": "val_iter", "gpu_mem": "1.79 GB", "iter": "2000/10000", "top1_acc": 68.200001}
[09/29 18:20:37][INFO] datasets.base.few_shot_dataset:  420: Error at decoding. Vid index: 2581, Vid path: /mnt/data/yanyi2025/lrc/action_data/ssv2/videos/videos/113474.webm
[09/29 18:20:43][INFO] utils.logging:   91: {"_type": "val_iter", "gpu_mem": "1.79 GB", "iter": "2200/10000", "top1_acc": 67.000001}
[09/29 18:21:03][WARNING] datasets.base.few_shot_dataset:  251: Error at decoding. 1/5. Vid index: [86, 185], Vid path: 9
[09/29 18:21:07][INFO] utils.logging:   91: {"_type": "val_iter", "gpu_mem": "1.79 GB", "iter": "2400/10000", "top1_acc": 64.000001}
[09/29 18:21:31][INFO] utils.logging:   91: {"_type": "val_iter", "gpu_mem": "1.79 GB", "iter": "2600/10000", "top1_acc": 65.600001}
[09/29 18:21:55][INFO] utils.logging:   91: {"_type": "val_iter", "gpu_mem": "1.79 GB", "iter": "2800/10000", "top1_acc": 68.600001}
[09/29 18:22:19][INFO] utils.logging:   91: {"_type": "val_iter", "gpu_mem": "1.79 GB", "iter": "3000/10000", "top1_acc": 66.100002}
[09/29 18:22:43][INFO] utils.logging:   91: {"_type": "val_iter", "gpu_mem": "1.79 GB", "iter": "3200/10000", "top1_acc": 66.600001}
[09/29 18:23:07][INFO] utils.logging:   91: {"_type": "val_iter", "gpu_mem": "1.79 GB", "iter": "3400/10000", "top1_acc": 68.100001}
[09/29 18:23:22][WARNING] datasets.base.few_shot_dataset:  251: Error at decoding. 1/5. Vid index: [185, 52], Vid path: 9
[09/29 18:23:31][INFO] utils.logging:   91: {"_type": "val_iter", "gpu_mem": "1.79 GB", "iter": "3600/10000", "top1_acc": 66.600001}
[09/29 18:23:55][INFO] utils.logging:   91: {"_type": "val_iter", "gpu_mem": "1.79 GB", "iter": "3800/10000", "top1_acc": 66.600001}
[09/29 18:24:15][WARNING] datasets.base.few_shot_dataset:  251: Error at decoding. 1/5. Vid index: [116, 185], Vid path: 9
[09/29 18:24:19][INFO] utils.logging:   91: {"_type": "val_iter", "gpu_mem": "1.79 GB", "iter": "4000/10000", "top1_acc": 70.300001}
[09/29 18:24:42][INFO] datasets.base.few_shot_dataset:  420: Error at decoding. Vid index: 2581, Vid path: /mnt/data/yanyi2025/lrc/action_data/ssv2/videos/videos/113474.webm
[09/29 18:24:43][INFO] utils.logging:   91: {"_type": "val_iter", "gpu_mem": "1.79 GB", "iter": "4200/10000", "top1_acc": 65.900001}
[09/29 18:25:08][INFO] utils.logging:   91: {"_type": "val_iter", "gpu_mem": "1.79 GB", "iter": "4400/10000", "top1_acc": 67.700002}
[09/29 18:25:32][INFO] utils.logging:   91: {"_type": "val_iter", "gpu_mem": "1.79 GB", "iter": "4600/10000", "top1_acc": 66.800001}
[09/29 18:25:56][INFO] utils.logging:   91: {"_type": "val_iter", "gpu_mem": "1.79 GB", "iter": "4800/10000", "top1_acc": 65.900001}
[09/29 18:26:20][INFO] utils.logging:   91: {"_type": "val_iter", "gpu_mem": "1.79 GB", "iter": "5000/10000", "top1_acc": 67.300001}
[09/29 18:26:36][WARNING] datasets.base.few_shot_dataset:  251: Error at decoding. 1/5. Vid index: [179, 185], Vid path: 9
[09/29 18:26:40][WARNING] datasets.base.few_shot_dataset:  251: Error at decoding. 1/5. Vid index: [185, 88], Vid path: 9
[09/29 18:26:44][INFO] utils.logging:   91: {"_type": "val_iter", "gpu_mem": "1.79 GB", "iter": "5200/10000", "top1_acc": 64.700001}
[09/29 18:27:08][INFO] utils.logging:   91: {"_type": "val_iter", "gpu_mem": "1.79 GB", "iter": "5400/10000", "top1_acc": 65.800001}
[09/29 18:27:32][INFO] utils.logging:   91: {"_type": "val_iter", "gpu_mem": "1.79 GB", "iter": "5600/10000", "top1_acc": 66.300001}
[09/29 18:27:42][WARNING] datasets.base.few_shot_dataset:  251: Error at decoding. 1/5. Vid index: [159, 185], Vid path: 9
[09/29 18:27:56][INFO] utils.logging:   91: {"_type": "val_iter", "gpu_mem": "1.79 GB", "iter": "5800/10000", "top1_acc": 67.600001}
[09/29 18:28:20][INFO] utils.logging:   91: {"_type": "val_iter", "gpu_mem": "1.79 GB", "iter": "6000/10000", "top1_acc": 65.700001}
[09/29 18:28:44][INFO] utils.logging:   91: {"_type": "val_iter", "gpu_mem": "1.79 GB", "iter": "6200/10000", "top1_acc": 65.800001}
[09/29 18:29:08][INFO] utils.logging:   91: {"_type": "val_iter", "gpu_mem": "1.79 GB", "iter": "6400/10000", "top1_acc": 65.800001}
[09/29 18:29:32][INFO] utils.logging:   91: {"_type": "val_iter", "gpu_mem": "1.79 GB", "iter": "6600/10000", "top1_acc": 66.000001}
[09/29 18:29:56][INFO] utils.logging:   91: {"_type": "val_iter", "gpu_mem": "1.79 GB", "iter": "6800/10000", "top1_acc": 67.700001}
[09/29 18:30:20][INFO] utils.logging:   91: {"_type": "val_iter", "gpu_mem": "1.79 GB", "iter": "7000/10000", "top1_acc": 68.500001}
[09/29 18:30:44][INFO] utils.logging:   91: {"_type": "val_iter", "gpu_mem": "1.79 GB", "iter": "7200/10000", "top1_acc": 66.200001}
[09/29 18:31:08][INFO] utils.logging:   91: {"_type": "val_iter", "gpu_mem": "1.79 GB", "iter": "7400/10000", "top1_acc": 66.900001}
[09/29 18:31:32][INFO] utils.logging:   91: {"_type": "val_iter", "gpu_mem": "1.79 GB", "iter": "7600/10000", "top1_acc": 69.400001}
[09/29 18:31:56][INFO] utils.logging:   91: {"_type": "val_iter", "gpu_mem": "1.79 GB", "iter": "7800/10000", "top1_acc": 65.100001}
[09/29 18:32:20][INFO] utils.logging:   91: {"_type": "val_iter", "gpu_mem": "1.79 GB", "iter": "8000/10000", "top1_acc": 66.100001}
[09/29 18:32:45][INFO] utils.logging:   91: {"_type": "val_iter", "gpu_mem": "1.79 GB", "iter": "8200/10000", "top1_acc": 68.100001}
[09/29 18:33:09][INFO] utils.logging:   91: {"_type": "val_iter", "gpu_mem": "1.79 GB", "iter": "8400/10000", "top1_acc": 65.900001}
[09/29 18:33:33][INFO] utils.logging:   91: {"_type": "val_iter", "gpu_mem": "1.79 GB", "iter": "8600/10000", "top1_acc": 66.400001}
[09/29 18:33:57][INFO] utils.logging:   91: {"_type": "val_iter", "gpu_mem": "1.79 GB", "iter": "8800/10000", "top1_acc": 65.300001}
[09/29 18:34:21][INFO] utils.logging:   91: {"_type": "val_iter", "gpu_mem": "1.79 GB", "iter": "9000/10000", "top1_acc": 65.200001}
[09/29 18:34:45][INFO] datasets.base.few_shot_dataset:  420: Error at decoding. Vid index: 2581, Vid path: /mnt/data/yanyi2025/lrc/action_data/ssv2/videos/videos/113474.webm
[09/29 18:34:45][INFO] utils.logging:   91: {"_type": "val_iter", "gpu_mem": "1.79 GB", "iter": "9200/10000", "top1_acc": 68.600001}
[09/29 18:35:09][INFO] utils.logging:   91: {"_type": "val_iter", "gpu_mem": "1.79 GB", "iter": "9400/10000", "top1_acc": 67.500001}
[09/29 18:35:27][WARNING] datasets.base.few_shot_dataset:  251: Error at decoding. 1/5. Vid index: [81, 185], Vid path: 9
[09/29 18:35:33][INFO] utils.logging:   91: {"_type": "val_iter", "gpu_mem": "1.79 GB", "iter": "9600/10000", "top1_acc": 68.500001}
[09/29 18:35:57][INFO] utils.logging:   91: {"_type": "val_iter", "gpu_mem": "1.79 GB", "iter": "9800/10000", "top1_acc": 65.900001}
[09/29 18:36:21][INFO] utils.logging:   91: {"_type": "val_iter", "gpu_mem": "1.79 GB", "iter": "10000/10000", "top1_acc": 67.500001}
[09/29 18:36:21][INFO] utils.logging:   91: {"RAM": "14.87/125.63 GB", "_type": "val_epoch", "epoch": "3", "gpu_mem": "1.79 GB", "top1_acc": 66.756001}
[09/29 18:36:21][INFO] train_net_few_shot:   66: Spatial pattern paired evaluation: {'episodes': 10000, 'queries': 50000, 'full_acc': 66.756, 'without_spatial_acc': 66.77, 'spatial_only_acc': 52.082, 'paired_delta_pp': -0.013999999999999999, 'paired_ci95_halfwidth_pp': 0.04016911824332277, 'changed_predictions': 163, 'helped_predictions': 49, 'hurt_predictions': 56}
[09/29 18:36:21][INFO] train_net_few_shot:   79: Fusion weights: task_match=0.046473, multi_velocity=0.027866, spatial_pattern=0.020825
[09/29 18:36:21][INFO] train_net_few_shot:   99: Multi-velocity matcher: motion_delta=0.028076108545064926, velocity_weights=[0.42573609948158264, 0.574263870716095], logit_delta=4.188727855682373
[09/29 18:36:21][INFO] train_net_few_shot:  109: Spatial pattern matcher: grid_size=2, tokens_per_frame=4, last_episode_raw_logit_delta=4.997819900512695, gate_trainable=True, detach_input=True
[09/29 18:36:23][INFO] train_net_few_shot:  181: New best validation accuracy: 66.7560; checkpoint=output/SSv2_Full_TASK_MATCH_MULTI_VELOCITY_SPATIAL_PATTERN_GATE_FIX/checkpoints/checkpoint_best.pyth
[09/29 18:36:24][INFO] utils.logging:   91: {"_type": "train_iter", "iter": "30000/30000", "loss": 0.831423, "lr": 0.000050, "top1_acc": 90.600001}
[09/29 18:36:24][INFO] utils.logging:   91: {"RAM": "11.88/125.63 GB", "_type": "train_epoch", "epoch": "10", "gpu_mem": "1.79 GB", "loss": 2.441269, "lr": 0.000050, "top1_acc": 81.817334}
