[09/23 23:58:34][INFO] train_net_few_shot:  313: Train with config:
[09/23 23:58:34][INFO] train_net_few_shot:  314: {
  "TASK_TYPE": "few_shot_action",
  "PRETRAIN": {
    "ENABLE": false
  },
  "LOCALIZATION": {
    "ENABLE": false
  },
  "TRAIN": {
    "ENABLE": true,
    "DATASET": "SSv2-Full",
    "BATCH_SIZE": 1,
    "LOG_FILE": "train.log",
    "EVAL_PERIOD": 2,
    "NUM_FOLDS": 1,
    "AUTO_RESUME": false,
    "CHECKPOINT_PERIOD": 10,
    "CHECKPOINT_FILE_PATH": "",
    "CHECKPOINT_TYPE": "pytorch",
    "CHECKPOINT_INFLATE": false,
    "CHECKPOINT_PRE_PROCESS": {
      "ENABLE": false
    },
    "FINE_TUNE": true,
    "ONLY_LINEAR": false,
    "LR_REDUCE": false,
    "TRAIN_VAL_COMBINE": false,
    "LOSS_FUNC": "cross_entropy",
    "USE_CLASSIFICATION_VALUE": 2.0,
    "GRADIENT_CHECKPOINT": true,
    "NUM_CLASS": 64,
    "META_BATCH": true,
    "WAY": 5,
    "SHOT": 1,
    "QUERY_PER_CLASS": 1,
    "QUERY_PER_CLASS_TEST": 1,
    "NUM_TRAIN_TASKS": 30000,
    "NUM_TEST_TASKS": 10000,
    "VAL_FRE_ITER": 10000,
    "BATCH_SIZE_PER_TASK": 4,
    "NORMALIZE_ACCUMULATED_GRADIENTS": false
  },
  "TEST": {
    "ENABLE": true,
    "DATASET": "SSv2-Full",
    "BATCH_SIZE": 1,
    "NUM_SPATIAL_CROPS": 1,
    "SPATIAL_CROPS": "cctltr",
    "NUM_ENSEMBLE_VIEWS": 1,
    "LOG_FILE": "test.log",
    "CHECKPOINT_FILE_PATH": "",
    "CHECKPOINT_TYPE": "pytorch",
    "AUTOMATIC_MULTI_SCALE_TEST": false,
    "TEST_SET": "val",
    "UPLOAD_CLASSIFIER_RESULTS": true,
    "SHOT": [
      1,
      5
    ],
    "EPISODE_SEED": 2026
  },
  "VISUALIZATION": {
    "ENABLE": false,
    "NAME": "",
    "FEATURE_MAPS": {
      "ENABLE": false,
      "BASE_OUTPUT_DIR": ""
    }
  },
  "SUBMISSION": {
    "ENABLE": false,
    "SAVE_RESULTS_PATH": "test.json"
  },
  "DATA": {
    "DATA_ROOT_DIR": "/mnt/data/yanyi2025/lrc/action_data/ssv2/videos/videos/",
    "ANNO_DIR": "config/ssv2_full/",
    "NUM_INPUT_FRAMES": 8,
    "NUM_INPUT_CHANNELS": 2304,
    "SAMPLING_MODE": "interval_based",
    "SAMPLING_RATE": 50,
    "TRAIN_JITTER_SCALES": [
      256,
      256
    ],
    "TRAIN_CROP_SIZE": 224,
    "TEST_SCALE": 256,
    "TEST_CROP_SIZE": 224,
    "MEAN": [
      0.48145466,
      0.4578275,
      0.40821073
    ],
    "STD": [
      0.26862954,
      0.26130258,
      0.27577711
    ],
    "MULTI_LABEL": false,
    "ENSEMBLE_METHOD": "sum",
    "TARGET_FPS": 12,
    "MINUS_INTERVAL": false,
    "FPS": 12,
    "NORM_FEATURE": false,
    "USE_AUG_FEATURE": false,
    "AUG": false,
    "LOAD_PROPS": false,
    "TEMPORAL_SCALE": 256,
    "LABELS_TYPE": "cls",
    "LOAD_TYPE": "pickle",
    "DOWNLOAD_FEATURE": true,
    "VIDEO_EXT": ".webm",
    "SAMPLING_UNIFORM": false,
    "TEST_CENTER_CROP": true,
    "CLIP_INTERVAL": 8
  },
  "MODEL": {
    "NAME": "BaseVideoModel",
    "EMA": {
      "ENABLE": false,
      "DECAY": 0.99996
    }
  },
  "VIDEO": {
    "BACKBONE": {
      "DEPTH": null,
      "META_ARCH": "Identity",
      "NUM_FILTERS": null,
      "NUM_INPUT_CHANNELS": 3,
      "NUM_OUT_FEATURES": null,
      "KERNEL_SIZE": null,
      "DOWNSAMPLING": null,
      "DOWNSAMPLING_TEMPORAL": null,
      "NUM_STREAMS": 1,
      "EXPANSION_RATIO": 2,
      "BRANCH": {
        "NAME": null
      },
      "STEM": {
        "NAME": null
      },
      "NONLOCAL": {
        "ENABLE": false,
        "STAGES": [
          5
        ],
        "MASK_ENABLE": false
      },
      "INITIALIZATION": null
    },
    "HEAD": {
      "NAME": "BaseTemporalClassifier",
      "ACTIVATION": "softmax",
      "DROPOUT_RATE": 0.0,
      "NUM_CLASSES": 200
    }
  },
  "OPTIMIZER": {
    "ADJUST_LR": false,
    "BASE_LR": 0.002,
    "LR_POLICY": "cosine",
    "MAX_EPOCH": 300,
    "MOMENTUM": 0.9,
    "WEIGHT_DECAY": "1e-3",
    "WARMUP_EPOCHS": 10,
    "WARMUP_START_LR": 0.0002,
    "OPTIM_METHOD": "adam",
    "DAMPENING": 0.0,
    "NESTEROV": true
  },
  "BN": {
    "WB_LOCK": false,
    "FREEZE": false,
    "WEIGHT_DECAY": 0.0,
    "MOMENTUM": 0.1,
    "EPS": "1e-3",
    "SYNC": false
  },
  "DATA_LOADER": {
    "NUM_WORKERS": 8,
    "PIN_MEMORY": true,
    "ENABLE_MULTI_THREAD_DECODE": true,
    "COLLATE_FN": null
  },
  "NUM_GPUS": 1,
  "SHARD_ID": 0,
  "NUM_SHARDS": 1,
  "RANDOM_SEED": 18,
  "OUTPUT_DIR": "output/SSv2_Full_SPATIAL_PATTERN",
  "OUTPUT_CFG_FILE": "configuration.log",
  "LOG_PERIOD": 200,
  "DIST_BACKEND": "nccl",
  "LOG_MODEL_INFO": false,
  "LOG_CONFIG_INFO": true,
  "OSS": {
    "ENABLE": false,
    "KEY": null,
    "SECRET": null,
    "ENDPOINT": null,
    "CHECKPOINT_OUTPUT_PATH": null,
    "SECONDARY_DATA_OSS": {
      "ENABLE": false,
      "KEY": null,
      "SECRET": null,
      "ENDPOINT": null,
      "BUCKETS": [
        ""
      ]
    }
  },
  "AUGMENTATION": {
    "COLOR_AUG": false,
    "BRIGHTNESS": 0.5,
    "CONTRAST": 0.5,
    "SATURATION": 0.5,
    "HUE": 0.25,
    "GRAYSCALE": 0.3,
    "CONSISTENT": true,
    "SHUFFLE": true,
    "GRAY_FIRST": true,
    "RATIO": [
      0.857142857142857,
      1.1666666666666667
    ],
    "USE_GPU": false,
    "MIXUP": {
      "ENABLE": false,
      "ALPHA": 0.0,
      "PROB": 1.0,
      "MODE": "batch",
      "SWITCH_PROB": 0.5
    },
    "CUTMIX": {
      "ENABLE": false,
      "ALPHA": 0.0,
      "MINMAX": null
    },
    "RANDOM_ERASING": {
      "ENABLE": false,
      "PROB": 0.25,
      "MODE": "const",
      "COUNT": [
        1,
        1
      ],
      "NUM_SPLITS": 0,
      "AREA_RANGE": [
        0.02,
        0.33
      ],
      "MIN_ASPECT": 0.3
    },
    "LABEL_SMOOTHING": 0.0,
    "SSV2_FLIP": false,
    "IS_SPLIT": false,
    "NO_RANDOM_ERASE": true,
    "SUPPORT_QUERY_DIFF": true
  },
  "PAI": false,
  "USE_MULTISEG_VAL_DIST": false,
  "DETECTION": {
    "ENABLE": false
  },
  "TENSORBOARD": {
    "ENABLE": false
  },
  "SOLVER": {
    "BASE_LR": 0.001,
    "LR_POLICY": "steps_with_relative_lrs",
    "MAX_EPOCH": 10,
    "MOMENTUM": 0.9,
    "WEIGHT_DECAY": "5e-4",
    "WARMUP_EPOCHS": 1,
    "WARMUP_START_LR": 0.0002,
    "OPTIM_METHOD": "adam",
    "DAMPENING": 0.0,
    "NESTEROV": true,
    "STEPS_ITER": 3000,
    "STEPS": [
      0,
      4,
      6,
      8
    ],
    "LRS": [
      1,
      0.5,
      0.1,
      0.05
    ]
  },
  "PRE_DOWNLOAD": {
    "ENABLE": false
  },
  "SUPPORT_SHOT": 1,
  "SPATIAL_PATTERN": {
    "ENABLE": true,
    "GRID_SIZE": 2,
    "DISTANCE_SCALE": 1.0,
    "ALPHA_INIT": -4.0,
    "DETACH_INPUT": true
  },
  "ADAPTER": {
    "NAME": "ViT_CLIP",
    "PRETRAINED": "ViT-B/16",
    "WIDTH": 768,
    "PATCH_SIZE": 16,
    "LAYERS": 12,
    "HEADS": 12,
    "ADAPTER_SCALE": 0.25
  },
  "INIT_METHOD": "tcp://localhost:1111",
  "CUDA_VISIBLE_DEVICES": "1"
}

[09/23 23:58:34][INFO] models.base.adapter: 1213: load model from: ViT-B/16
[09/23 23:58:35][INFO] models.base.adapter: 1220: Missing keys: ['temporal_embedding', 'spatial_pattern_alpha', 'transformer.resblocks.0.Adapter.down.weight', 'transformer.resblocks.0.Adapter.down.bias', 'transformer.resblocks.0.Adapter.pos_embed.weight', 'transformer.resblocks.0.Adapter.pos_embed.bias', 'transformer.resblocks.0.Adapter.s_ln.weight', 'transformer.resblocks.0.Adapter.s_ln.bias', 'transformer.resblocks.0.Adapter.s_attn.conv_offset.0.weight', 'transformer.resblocks.0.Adapter.s_attn.conv_offset.0.bias', 'transformer.resblocks.0.Adapter.s_attn.conv_offset.1.norm.weight', 'transformer.resblocks.0.Adapter.s_attn.conv_offset.1.norm.bias', 'transformer.resblocks.0.Adapter.s_attn.conv_offset.3.weight', 'transformer.resblocks.0.Adapter.s_attn.proj_q.weight', 'transformer.resblocks.0.Adapter.s_attn.proj_q.bias', 'transformer.resblocks.0.Adapter.s_attn.proj_k.weight', 'transformer.resblocks.0.Adapter.s_attn.proj_k.bias', 'transformer.resblocks.0.Adapter.s_attn.proj_v.weight', 'transformer.resblocks.0.Adapter.s_attn.proj_v.bias', 'transformer.resblocks.0.Adapter.s_attn.proj_out.weight', 'transformer.resblocks.0.Adapter.s_attn.proj_out.bias', 'transformer.resblocks.0.Adapter.t_ln.weight', 'transformer.resblocks.0.Adapter.t_ln.bias', 'transformer.resblocks.0.Adapter.t_attn.conv_offset.0.weight', 'transformer.resblocks.0.Adapter.t_attn.conv_offset.0.bias', 'transformer.resblocks.0.Adapter.t_attn.conv_offset.1.norm.weight', 'transformer.resblocks.0.Adapter.t_attn.conv_offset.1.norm.bias', 'transformer.resblocks.0.Adapter.t_attn.conv_offset.3.weight', 'transformer.resblocks.0.Adapter.t_attn.proj_q.weight', 'transformer.resblocks.0.Adapter.t_attn.proj_q.bias', 'transformer.resblocks.0.Adapter.t_attn.proj_k.weight', 'transformer.resblocks.0.Adapter.t_attn.proj_k.bias', 'transformer.resblocks.0.Adapter.t_attn.proj_v.weight', 'transformer.resblocks.0.Adapter.t_attn.proj_v.bias', 'transformer.resblocks.0.Adapter.t_attn.proj_out.weight', 'transformer.resblocks.0.Adapter.t_attn.proj_out.bias', 'transformer.resblocks.0.Adapter.up.weight', 'transformer.resblocks.0.Adapter.up.bias', 'transformer.resblocks.1.Adapter.down.weight', 'transformer.resblocks.1.Adapter.down.bias', 'transformer.resblocks.1.Adapter.pos_embed.weight', 'transformer.resblocks.1.Adapter.pos_embed.bias', 'transformer.resblocks.1.Adapter.s_ln.weight', 'transformer.resblocks.1.Adapter.s_ln.bias', 'transformer.resblocks.1.Adapter.s_attn.conv_offset.0.weight', 'transformer.resblocks.1.Adapter.s_attn.conv_offset.0.bias', 'transformer.resblocks.1.Adapter.s_attn.conv_offset.1.norm.weight', 'transformer.resblocks.1.Adapter.s_attn.conv_offset.1.norm.bias', 'transformer.resblocks.1.Adapter.s_attn.conv_offset.3.weight', 'transformer.resblocks.1.Adapter.s_attn.proj_q.weight', 'transformer.resblocks.1.Adapter.s_attn.proj_q.bias', 'transformer.resblocks.1.Adapter.s_attn.proj_k.weight', 'transformer.resblocks.1.Adapter.s_attn.proj_k.bias', 'transformer.resblocks.1.Adapter.s_attn.proj_v.weight', 'transformer.resblocks.1.Adapter.s_attn.proj_v.bias', 'transformer.resblocks.1.Adapter.s_attn.proj_out.weight', 'transformer.resblocks.1.Adapter.s_attn.proj_out.bias', 'transformer.resblocks.1.Adapter.t_ln.weight', 'transformer.resblocks.1.Adapter.t_ln.bias', 'transformer.resblocks.1.Adapter.t_attn.conv_offset.0.weight', 'transformer.resblocks.1.Adapter.t_attn.conv_offset.0.bias', 'transformer.resblocks.1.Adapter.t_attn.conv_offset.1.norm.weight', 'transformer.resblocks.1.Adapter.t_attn.conv_offset.1.norm.bias', 'transformer.resblocks.1.Adapter.t_attn.conv_offset.3.weight', 'transformer.resblocks.1.Adapter.t_attn.proj_q.weight', 'transformer.resblocks.1.Adapter.t_attn.proj_q.bias', 'transformer.resblocks.1.Adapter.t_attn.proj_k.weight', 'transformer.resblocks.1.Adapter.t_attn.proj_k.bias', 'transformer.resblocks.1.Adapter.t_attn.proj_v.weight', 'transformer.resblocks.1.Adapter.t_attn.proj_v.bias', 'transformer.resblocks.1.Adapter.t_attn.proj_out.weight', 'transformer.resblocks.1.Adapter.t_attn.proj_out.bias', 'transformer.resblocks.1.Adapter.up.weight', 'transformer.resblocks.1.Adapter.up.bias', 'transformer.resblocks.2.Adapter.down.weight', 'transformer.resblocks.2.Adapter.down.bias', 'transformer.resblocks.2.Adapter.pos_embed.weight', 'transformer.resblocks.2.Adapter.pos_embed.bias', 'transformer.resblocks.2.Adapter.s_ln.weight', 'transformer.resblocks.2.Adapter.s_ln.bias', 'transformer.resblocks.2.Adapter.s_attn.conv_offset.0.weight', 'transformer.resblocks.2.Adapter.s_attn.conv_offset.0.bias', 'transformer.resblocks.2.Adapter.s_attn.conv_offset.1.norm.weight', 'transformer.resblocks.2.Adapter.s_attn.conv_offset.1.norm.bias', 'transformer.resblocks.2.Adapter.s_attn.conv_offset.3.weight', 'transformer.resblocks.2.Adapter.s_attn.proj_q.weight', 'transformer.resblocks.2.Adapter.s_attn.proj_q.bias', 'transformer.resblocks.2.Adapter.s_attn.proj_k.weight', 'transformer.resblocks.2.Adapter.s_attn.proj_k.bias', 'transformer.resblocks.2.Adapter.s_attn.proj_v.weight', 'transformer.resblocks.2.Adapter.s_attn.proj_v.bias', 'transformer.resblocks.2.Adapter.s_attn.proj_out.weight', 'transformer.resblocks.2.Adapter.s_attn.proj_out.bias', 'transformer.resblocks.2.Adapter.t_ln.weight', 'transformer.resblocks.2.Adapter.t_ln.bias', 'transformer.resblocks.2.Adapter.t_attn.conv_offset.0.weight', 'transformer.resblocks.2.Adapter.t_attn.conv_offset.0.bias', 'transformer.resblocks.2.Adapter.t_attn.conv_offset.1.norm.weight', 'transformer.resblocks.2.Adapter.t_attn.conv_offset.1.norm.bias', 'transformer.resblocks.2.Adapter.t_attn.conv_offset.3.weight', 'transformer.resblocks.2.Adapter.t_attn.proj_q.weight', 'transformer.resblocks.2.Adapter.t_attn.proj_q.bias', 'transformer.resblocks.2.Adapter.t_attn.proj_k.weight', 'transformer.resblocks.2.Adapter.t_attn.proj_k.bias', 'transformer.resblocks.2.Adapter.t_attn.proj_v.weight', 'transformer.resblocks.2.Adapter.t_attn.proj_v.bias', 'transformer.resblocks.2.Adapter.t_attn.proj_out.weight', 'transformer.resblocks.2.Adapter.t_attn.proj_out.bias', 'transformer.resblocks.2.Adapter.up.weight', 'transformer.resblocks.2.Adapter.up.bias', 'transformer.resblocks.3.Adapter.down.weight', 'transformer.resblocks.3.Adapter.down.bias', 'transformer.resblocks.3.Adapter.pos_embed.weight', 'transformer.resblocks.3.Adapter.pos_embed.bias', 'transformer.resblocks.3.Adapter.s_ln.weight', 'transformer.resblocks.3.Adapter.s_ln.bias', 'transformer.resblocks.3.Adapter.s_attn.conv_offset.0.weight', 'transformer.resblocks.3.Adapter.s_attn.conv_offset.0.bias', 'transformer.resblocks.3.Adapter.s_attn.conv_offset.1.norm.weight', 'transformer.resblocks.3.Adapter.s_attn.conv_offset.1.norm.bias', 'transformer.resblocks.3.Adapter.s_attn.conv_offset.3.weight', 'transformer.resblocks.3.Adapter.s_attn.proj_q.weight', 'transformer.resblocks.3.Adapter.s_attn.proj_q.bias', 'transformer.resblocks.3.Adapter.s_attn.proj_k.weight', 'transformer.resblocks.3.Adapter.s_attn.proj_k.bias', 'transformer.resblocks.3.Adapter.s_attn.proj_v.weight', 'transformer.resblocks.3.Adapter.s_attn.proj_v.bias', 'transformer.resblocks.3.Adapter.s_attn.proj_out.weight', 'transformer.resblocks.3.Adapter.s_attn.proj_out.bias', 'transformer.resblocks.3.Adapter.t_ln.weight', 'transformer.resblocks.3.Adapter.t_ln.bias', 'transformer.resblocks.3.Adapter.t_attn.conv_offset.0.weight', 'transformer.resblocks.3.Adapter.t_attn.conv_offset.0.bias', 'transformer.resblocks.3.Adapter.t_attn.conv_offset.1.norm.weight', 'transformer.resblocks.3.Adapter.t_attn.conv_offset.1.norm.bias', 'transformer.resblocks.3.Adapter.t_attn.conv_offset.3.weight', 'transformer.resblocks.3.Adapter.t_attn.proj_q.weight', 'transformer.resblocks.3.Adapter.t_attn.proj_q.bias', 'transformer.resblocks.3.Adapter.t_attn.proj_k.weight', 'transformer.resblocks.3.Adapter.t_attn.proj_k.bias', 'transformer.resblocks.3.Adapter.t_attn.proj_v.weight', 'transformer.resblocks.3.Adapter.t_attn.proj_v.bias', 'transformer.resblocks.3.Adapter.t_attn.proj_out.weight', 'transformer.resblocks.3.Adapter.t_attn.proj_out.bias', 'transformer.resblocks.3.Adapter.up.weight', 'transformer.resblocks.3.Adapter.up.bias', 'transformer.resblocks.4.Adapter.down.weight', 'transformer.resblocks.4.Adapter.down.bias', 'transformer.resblocks.4.Adapter.pos_embed.weight', 'transformer.resblocks.4.Adapter.pos_embed.bias', 'transformer.resblocks.4.Adapter.s_ln.weight', 'transformer.resblocks.4.Adapter.s_ln.bias', 'transformer.resblocks.4.Adapter.s_attn.conv_offset.0.weight', 'transformer.resblocks.4.Adapter.s_attn.conv_offset.0.bias', 'transformer.resblocks.4.Adapter.s_attn.conv_offset.1.norm.weight', 'transformer.resblocks.4.Adapter.s_attn.conv_offset.1.norm.bias', 'transformer.resblocks.4.Adapter.s_attn.conv_offset.3.weight', 'transformer.resblocks.4.Adapter.s_attn.proj_q.weight', 'transformer.resblocks.4.Adapter.s_attn.proj_q.bias', 'transformer.resblocks.4.Adapter.s_attn.proj_k.weight', 'transformer.resblocks.4.Adapter.s_attn.proj_k.bias', 'transformer.resblocks.4.Adapter.s_attn.proj_v.weight', 'transformer.resblocks.4.Adapter.s_attn.proj_v.bias', 'transformer.resblocks.4.Adapter.s_attn.proj_out.weight', 'transformer.resblocks.4.Adapter.s_attn.proj_out.bias', 'transformer.resblocks.4.Adapter.t_ln.weight', 'transformer.resblocks.4.Adapter.t_ln.bias', 'transformer.resblocks.4.Adapter.t_attn.conv_offset.0.weight', 'transformer.resblocks.4.Adapter.t_attn.conv_offset.0.bias', 'transformer.resblocks.4.Adapter.t_attn.conv_offset.1.norm.weight', 'transformer.resblocks.4.Adapter.t_attn.conv_offset.1.norm.bias', 'transformer.resblocks.4.Adapter.t_attn.conv_offset.3.weight', 'transformer.resblocks.4.Adapter.t_attn.proj_q.weight', 'transformer.resblocks.4.Adapter.t_attn.proj_q.bias', 'transformer.resblocks.4.Adapter.t_attn.proj_k.weight', 'transformer.resblocks.4.Adapter.t_attn.proj_k.bias', 'transformer.resblocks.4.Adapter.t_attn.proj_v.weight', 'transformer.resblocks.4.Adapter.t_attn.proj_v.bias', 'transformer.resblocks.4.Adapter.t_attn.proj_out.weight', 'transformer.resblocks.4.Adapter.t_attn.proj_out.bias', 'transformer.resblocks.4.Adapter.up.weight', 'transformer.resblocks.4.Adapter.up.bias', 'transformer.resblocks.5.Adapter.down.weight', 'transformer.resblocks.5.Adapter.down.bias', 'transformer.resblocks.5.Adapter.pos_embed.weight', 'transformer.resblocks.5.Adapter.pos_embed.bias', 'transformer.resblocks.5.Adapter.s_ln.weight', 'transformer.resblocks.5.Adapter.s_ln.bias', 'transformer.resblocks.5.Adapter.s_attn.conv_offset.0.weight', 'transformer.resblocks.5.Adapter.s_attn.conv_offset.0.bias', 'transformer.resblocks.5.Adapter.s_attn.conv_offset.1.norm.weight', 'transformer.resblocks.5.Adapter.s_attn.conv_offset.1.norm.bias', 'transformer.resblocks.5.Adapter.s_attn.conv_offset.3.weight', 'transformer.resblocks.5.Adapter.s_attn.proj_q.weight', 'transformer.resblocks.5.Adapter.s_attn.proj_q.bias', 'transformer.resblocks.5.Adapter.s_attn.proj_k.weight', 'transformer.resblocks.5.Adapter.s_attn.proj_k.bias', 'transformer.resblocks.5.Adapter.s_attn.proj_v.weight', 'transformer.resblocks.5.Adapter.s_attn.proj_v.bias', 'transformer.resblocks.5.Adapter.s_attn.proj_out.weight', 'transformer.resblocks.5.Adapter.s_attn.proj_out.bias', 'transformer.resblocks.5.Adapter.t_ln.weight', 'transformer.resblocks.5.Adapter.t_ln.bias', 'transformer.resblocks.5.Adapter.t_attn.conv_offset.0.weight', 'transformer.resblocks.5.Adapter.t_attn.conv_offset.0.bias', 'transformer.resblocks.5.Adapter.t_attn.conv_offset.1.norm.weight', 'transformer.resblocks.5.Adapter.t_attn.conv_offset.1.norm.bias', 'transformer.resblocks.5.Adapter.t_attn.conv_offset.3.weight', 'transformer.resblocks.5.Adapter.t_attn.proj_q.weight', 'transformer.resblocks.5.Adapter.t_attn.proj_q.bias', 'transformer.resblocks.5.Adapter.t_attn.proj_k.weight', 'transformer.resblocks.5.Adapter.t_attn.proj_k.bias', 'transformer.resblocks.5.Adapter.t_attn.proj_v.weight', 'transformer.resblocks.5.Adapter.t_attn.proj_v.bias', 'transformer.resblocks.5.Adapter.t_attn.proj_out.weight', 'transformer.resblocks.5.Adapter.t_attn.proj_out.bias', 'transformer.resblocks.5.Adapter.up.weight', 'transformer.resblocks.5.Adapter.up.bias', 'transformer.resblocks.6.Adapter.down.weight', 'transformer.resblocks.6.Adapter.down.bias', 'transformer.resblocks.6.Adapter.pos_embed.weight', 'transformer.resblocks.6.Adapter.pos_embed.bias', 'transformer.resblocks.6.Adapter.s_ln.weight', 'transformer.resblocks.6.Adapter.s_ln.bias', 'transformer.resblocks.6.Adapter.s_attn.conv_offset.0.weight', 'transformer.resblocks.6.Adapter.s_attn.conv_offset.0.bias', 'transformer.resblocks.6.Adapter.s_attn.conv_offset.1.norm.weight', 'transformer.resblocks.6.Adapter.s_attn.conv_offset.1.norm.bias', 'transformer.resblocks.6.Adapter.s_attn.conv_offset.3.weight', 'transformer.resblocks.6.Adapter.s_attn.proj_q.weight', 'transformer.resblocks.6.Adapter.s_attn.proj_q.bias', 'transformer.resblocks.6.Adapter.s_attn.proj_k.weight', 'transformer.resblocks.6.Adapter.s_attn.proj_k.bias', 'transformer.resblocks.6.Adapter.s_attn.proj_v.weight', 'transformer.resblocks.6.Adapter.s_attn.proj_v.bias', 'transformer.resblocks.6.Adapter.s_attn.proj_out.weight', 'transformer.resblocks.6.Adapter.s_attn.proj_out.bias', 'transformer.resblocks.6.Adapter.t_ln.weight', 'transformer.resblocks.6.Adapter.t_ln.bias', 'transformer.resblocks.6.Adapter.t_attn.conv_offset.0.weight', 'transformer.resblocks.6.Adapter.t_attn.conv_offset.0.bias', 'transformer.resblocks.6.Adapter.t_attn.conv_offset.1.norm.weight', 'transformer.resblocks.6.Adapter.t_attn.conv_offset.1.norm.bias', 'transformer.resblocks.6.Adapter.t_attn.conv_offset.3.weight', 'transformer.resblocks.6.Adapter.t_attn.proj_q.weight', 'transformer.resblocks.6.Adapter.t_attn.proj_q.bias', 'transformer.resblocks.6.Adapter.t_attn.proj_k.weight', 'transformer.resblocks.6.Adapter.t_attn.proj_k.bias', 'transformer.resblocks.6.Adapter.t_attn.proj_v.weight', 'transformer.resblocks.6.Adapter.t_attn.proj_v.bias', 'transformer.resblocks.6.Adapter.t_attn.proj_out.weight', 'transformer.resblocks.6.Adapter.t_attn.proj_out.bias', 'transformer.resblocks.6.Adapter.up.weight', 'transformer.resblocks.6.Adapter.up.bias', 'transformer.resblocks.7.Adapter.down.weight', 'transformer.resblocks.7.Adapter.down.bias', 'transformer.resblocks.7.Adapter.pos_embed.weight', 'transformer.resblocks.7.Adapter.pos_embed.bias', 'transformer.resblocks.7.Adapter.s_ln.weight', 'transformer.resblocks.7.Adapter.s_ln.bias', 'transformer.resblocks.7.Adapter.s_attn.conv_offset.0.weight', 'transformer.resblocks.7.Adapter.s_attn.conv_offset.0.bias', 'transformer.resblocks.7.Adapter.s_attn.conv_offset.1.norm.weight', 'transformer.resblocks.7.Adapter.s_attn.conv_offset.1.norm.bias', 'transformer.resblocks.7.Adapter.s_attn.conv_offset.3.weight', 'transformer.resblocks.7.Adapter.s_attn.proj_q.weight', 'transformer.resblocks.7.Adapter.s_attn.proj_q.bias', 'transformer.resblocks.7.Adapter.s_attn.proj_k.weight', 'transformer.resblocks.7.Adapter.s_attn.proj_k.bias', 'transformer.resblocks.7.Adapter.s_attn.proj_v.weight', 'transformer.resblocks.7.Adapter.s_attn.proj_v.bias', 'transformer.resblocks.7.Adapter.s_attn.proj_out.weight', 'transformer.resblocks.7.Adapter.s_attn.proj_out.bias', 'transformer.resblocks.7.Adapter.t_ln.weight', 'transformer.resblocks.7.Adapter.t_ln.bias', 'transformer.resblocks.7.Adapter.t_attn.conv_offset.0.weight', 'transformer.resblocks.7.Adapter.t_attn.conv_offset.0.bias', 'transformer.resblocks.7.Adapter.t_attn.conv_offset.1.norm.weight', 'transformer.resblocks.7.Adapter.t_attn.conv_offset.1.norm.bias', 'transformer.resblocks.7.Adapter.t_attn.conv_offset.3.weight', 'transformer.resblocks.7.Adapter.t_attn.proj_q.weight', 'transformer.resblocks.7.Adapter.t_attn.proj_q.bias', 'transformer.resblocks.7.Adapter.t_attn.proj_k.weight', 'transformer.resblocks.7.Adapter.t_attn.proj_k.bias', 'transformer.resblocks.7.Adapter.t_attn.proj_v.weight', 'transformer.resblocks.7.Adapter.t_attn.proj_v.bias', 'transformer.resblocks.7.Adapter.t_attn.proj_out.weight', 'transformer.resblocks.7.Adapter.t_attn.proj_out.bias', 'transformer.resblocks.7.Adapter.up.weight', 'transformer.resblocks.7.Adapter.up.bias', 'transformer.resblocks.8.Adapter.down.weight', 'transformer.resblocks.8.Adapter.down.bias', 'transformer.resblocks.8.Adapter.pos_embed.weight', 'transformer.resblocks.8.Adapter.pos_embed.bias', 'transformer.resblocks.8.Adapter.s_ln.weight', 'transformer.resblocks.8.Adapter.s_ln.bias', 'transformer.resblocks.8.Adapter.s_attn.conv_offset.0.weight', 'transformer.resblocks.8.Adapter.s_attn.conv_offset.0.bias', 'transformer.resblocks.8.Adapter.s_attn.conv_offset.1.norm.weight', 'transformer.resblocks.8.Adapter.s_attn.conv_offset.1.norm.bias', 'transformer.resblocks.8.Adapter.s_attn.conv_offset.3.weight', 'transformer.resblocks.8.Adapter.s_attn.proj_q.weight', 'transformer.resblocks.8.Adapter.s_attn.proj_q.bias', 'transformer.resblocks.8.Adapter.s_attn.proj_k.weight', 'transformer.resblocks.8.Adapter.s_attn.proj_k.bias', 'transformer.resblocks.8.Adapter.s_attn.proj_v.weight', 'transformer.resblocks.8.Adapter.s_attn.proj_v.bias', 'transformer.resblocks.8.Adapter.s_attn.proj_out.weight', 'transformer.resblocks.8.Adapter.s_attn.proj_out.bias', 'transformer.resblocks.8.Adapter.t_ln.weight', 'transformer.resblocks.8.Adapter.t_ln.bias', 'transformer.resblocks.8.Adapter.t_attn.conv_offset.0.weight', 'transformer.resblocks.8.Adapter.t_attn.conv_offset.0.bias', 'transformer.resblocks.8.Adapter.t_attn.conv_offset.1.norm.weight', 'transformer.resblocks.8.Adapter.t_attn.conv_offset.1.norm.bias', 'transformer.resblocks.8.Adapter.t_attn.conv_offset.3.weight', 'transformer.resblocks.8.Adapter.t_attn.proj_q.weight', 'transformer.resblocks.8.Adapter.t_attn.proj_q.bias', 'transformer.resblocks.8.Adapter.t_attn.proj_k.weight', 'transformer.resblocks.8.Adapter.t_attn.proj_k.bias', 'transformer.resblocks.8.Adapter.t_attn.proj_v.weight', 'transformer.resblocks.8.Adapter.t_attn.proj_v.bias', 'transformer.resblocks.8.Adapter.t_attn.proj_out.weight', 'transformer.resblocks.8.Adapter.t_attn.proj_out.bias', 'transformer.resblocks.8.Adapter.up.weight', 'transformer.resblocks.8.Adapter.up.bias', 'transformer.resblocks.9.Adapter.down.weight', 'transformer.resblocks.9.Adapter.down.bias', 'transformer.resblocks.9.Adapter.pos_embed.weight', 'transformer.resblocks.9.Adapter.pos_embed.bias', 'transformer.resblocks.9.Adapter.s_ln.weight', 'transformer.resblocks.9.Adapter.s_ln.bias', 'transformer.resblocks.9.Adapter.s_attn.conv_offset.0.weight', 'transformer.resblocks.9.Adapter.s_attn.conv_offset.0.bias', 'transformer.resblocks.9.Adapter.s_attn.conv_offset.1.norm.weight', 'transformer.resblocks.9.Adapter.s_attn.conv_offset.1.norm.bias', 'transformer.resblocks.9.Adapter.s_attn.conv_offset.3.weight', 'transformer.resblocks.9.Adapter.s_attn.proj_q.weight', 'transformer.resblocks.9.Adapter.s_attn.proj_q.bias', 'transformer.resblocks.9.Adapter.s_attn.proj_k.weight', 'transformer.resblocks.9.Adapter.s_attn.proj_k.bias', 'transformer.resblocks.9.Adapter.s_attn.proj_v.weight', 'transformer.resblocks.9.Adapter.s_attn.proj_v.bias', 'transformer.resblocks.9.Adapter.s_attn.proj_out.weight', 'transformer.resblocks.9.Adapter.s_attn.proj_out.bias', 'transformer.resblocks.9.Adapter.t_ln.weight', 'transformer.resblocks.9.Adapter.t_ln.bias', 'transformer.resblocks.9.Adapter.t_attn.conv_offset.0.weight', 'transformer.resblocks.9.Adapter.t_attn.conv_offset.0.bias', 'transformer.resblocks.9.Adapter.t_attn.conv_offset.1.norm.weight', 'transformer.resblocks.9.Adapter.t_attn.conv_offset.1.norm.bias', 'transformer.resblocks.9.Adapter.t_attn.conv_offset.3.weight', 'transformer.resblocks.9.Adapter.t_attn.proj_q.weight', 'transformer.resblocks.9.Adapter.t_attn.proj_q.bias', 'transformer.resblocks.9.Adapter.t_attn.proj_k.weight', 'transformer.resblocks.9.Adapter.t_attn.proj_k.bias', 'transformer.resblocks.9.Adapter.t_attn.proj_v.weight', 'transformer.resblocks.9.Adapter.t_attn.proj_v.bias', 'transformer.resblocks.9.Adapter.t_attn.proj_out.weight', 'transformer.resblocks.9.Adapter.t_attn.proj_out.bias', 'transformer.resblocks.9.Adapter.up.weight', 'transformer.resblocks.9.Adapter.up.bias', 'transformer.resblocks.10.Adapter.down.weight', 'transformer.resblocks.10.Adapter.down.bias', 'transformer.resblocks.10.Adapter.pos_embed.weight', 'transformer.resblocks.10.Adapter.pos_embed.bias', 'transformer.resblocks.10.Adapter.s_ln.weight', 'transformer.resblocks.10.Adapter.s_ln.bias', 'transformer.resblocks.10.Adapter.s_attn.conv_offset.0.weight', 'transformer.resblocks.10.Adapter.s_attn.conv_offset.0.bias', 'transformer.resblocks.10.Adapter.s_attn.conv_offset.1.norm.weight', 'transformer.resblocks.10.Adapter.s_attn.conv_offset.1.norm.bias', 'transformer.resblocks.10.Adapter.s_attn.conv_offset.3.weight', 'transformer.resblocks.10.Adapter.s_attn.proj_q.weight', 'transformer.resblocks.10.Adapter.s_attn.proj_q.bias', 'transformer.resblocks.10.Adapter.s_attn.proj_k.weight', 'transformer.resblocks.10.Adapter.s_attn.proj_k.bias', 'transformer.resblocks.10.Adapter.s_attn.proj_v.weight', 'transformer.resblocks.10.Adapter.s_attn.proj_v.bias', 'transformer.resblocks.10.Adapter.s_attn.proj_out.weight', 'transformer.resblocks.10.Adapter.s_attn.proj_out.bias', 'transformer.resblocks.10.Adapter.t_ln.weight', 'transformer.resblocks.10.Adapter.t_ln.bias', 'transformer.resblocks.10.Adapter.t_attn.conv_offset.0.weight', 'transformer.resblocks.10.Adapter.t_attn.conv_offset.0.bias', 'transformer.resblocks.10.Adapter.t_attn.conv_offset.1.norm.weight', 'transformer.resblocks.10.Adapter.t_attn.conv_offset.1.norm.bias', 'transformer.resblocks.10.Adapter.t_attn.conv_offset.3.weight', 'transformer.resblocks.10.Adapter.t_attn.proj_q.weight', 'transformer.resblocks.10.Adapter.t_attn.proj_q.bias', 'transformer.resblocks.10.Adapter.t_attn.proj_k.weight', 'transformer.resblocks.10.Adapter.t_attn.proj_k.bias', 'transformer.resblocks.10.Adapter.t_attn.proj_v.weight', 'transformer.resblocks.10.Adapter.t_attn.proj_v.bias', 'transformer.resblocks.10.Adapter.t_attn.proj_out.weight', 'transformer.resblocks.10.Adapter.t_attn.proj_out.bias', 'transformer.resblocks.10.Adapter.up.weight', 'transformer.resblocks.10.Adapter.up.bias', 'transformer.resblocks.11.Adapter.down.weight', 'transformer.resblocks.11.Adapter.down.bias', 'transformer.resblocks.11.Adapter.pos_embed.weight', 'transformer.resblocks.11.Adapter.pos_embed.bias', 'transformer.resblocks.11.Adapter.s_ln.weight', 'transformer.resblocks.11.Adapter.s_ln.bias', 'transformer.resblocks.11.Adapter.s_attn.conv_offset.0.weight', 'transformer.resblocks.11.Adapter.s_attn.conv_offset.0.bias', 'transformer.resblocks.11.Adapter.s_attn.conv_offset.1.norm.weight', 'transformer.resblocks.11.Adapter.s_attn.conv_offset.1.norm.bias', 'transformer.resblocks.11.Adapter.s_attn.conv_offset.3.weight', 'transformer.resblocks.11.Adapter.s_attn.proj_q.weight', 'transformer.resblocks.11.Adapter.s_attn.proj_q.bias', 'transformer.resblocks.11.Adapter.s_attn.proj_k.weight', 'transformer.resblocks.11.Adapter.s_attn.proj_k.bias', 'transformer.resblocks.11.Adapter.s_attn.proj_v.weight', 'transformer.resblocks.11.Adapter.s_attn.proj_v.bias', 'transformer.resblocks.11.Adapter.s_attn.proj_out.weight', 'transformer.resblocks.11.Adapter.s_attn.proj_out.bias', 'transformer.resblocks.11.Adapter.t_ln.weight', 'transformer.resblocks.11.Adapter.t_ln.bias', 'transformer.resblocks.11.Adapter.t_attn.conv_offset.0.weight', 'transformer.resblocks.11.Adapter.t_attn.conv_offset.0.bias', 'transformer.resblocks.11.Adapter.t_attn.conv_offset.1.norm.weight', 'transformer.resblocks.11.Adapter.t_attn.conv_offset.1.norm.bias', 'transformer.resblocks.11.Adapter.t_attn.conv_offset.3.weight', 'transformer.resblocks.11.Adapter.t_attn.proj_q.weight', 'transformer.resblocks.11.Adapter.t_attn.proj_q.bias', 'transformer.resblocks.11.Adapter.t_attn.proj_k.weight', 'transformer.resblocks.11.Adapter.t_attn.proj_k.bias', 'transformer.resblocks.11.Adapter.t_attn.proj_v.weight', 'transformer.resblocks.11.Adapter.t_attn.proj_v.bias', 'transformer.resblocks.11.Adapter.t_attn.proj_out.weight', 'transformer.resblocks.11.Adapter.t_attn.proj_out.bias', 'transformer.resblocks.11.Adapter.up.weight', 'transformer.resblocks.11.Adapter.up.bias', 'classification_layer.weight', 'classification_layer.bias']
[09/23 23:58:35][INFO] models.base.adapter: 1221: Unexpected keys: []
[09/23 23:58:35][INFO] models.base.adapter: 1222: => loaded successfully 'ViT-B/16'
[09/23 23:58:35][INFO] models.base.adapter: 1229: init:  transformer.resblocks.0.Adapter.up
[09/23 23:58:35][INFO] models.base.adapter: 1229: init:  transformer.resblocks.1.Adapter.up
[09/23 23:58:35][INFO] models.base.adapter: 1229: init:  transformer.resblocks.2.Adapter.up
[09/23 23:58:35][INFO] models.base.adapter: 1229: init:  transformer.resblocks.3.Adapter.up
[09/23 23:58:35][INFO] models.base.adapter: 1229: init:  transformer.resblocks.4.Adapter.up
[09/23 23:58:35][INFO] models.base.adapter: 1229: init:  transformer.resblocks.5.Adapter.up
[09/23 23:58:35][INFO] models.base.adapter: 1229: init:  transformer.resblocks.6.Adapter.up
[09/23 23:58:35][INFO] models.base.adapter: 1229: init:  transformer.resblocks.7.Adapter.up
[09/23 23:58:35][INFO] models.base.adapter: 1229: init:  transformer.resblocks.8.Adapter.up
[09/23 23:58:35][INFO] models.base.adapter: 1229: init:  transformer.resblocks.9.Adapter.up
[09/23 23:58:35][INFO] models.base.adapter: 1229: init:  transformer.resblocks.10.Adapter.up
[09/23 23:58:35][INFO] models.base.adapter: 1229: init:  transformer.resblocks.11.Adapter.up
[09/23 23:58:36][INFO] train_net_few_shot:  318: Model:
BaseVideoModel(
  (model): ViT_CLIP(
    (conv1): Conv2d(3, 768, kernel_size=(16, 16), stride=(16, 16), bias=False)
    (ln_pre): LayerNorm((768,), eps=1e-05, elementwise_affine=True, bias=True)
    (transformer): Transformer(
      (resblocks): ModuleList(
        (0-11): 12 x ResidualAttentionBlock(
          (ln_1): LayerNorm((768,), eps=1e-05, elementwise_affine=True, bias=True)
          (attn): MultiheadAttention(
            (out_proj): NonDynamicallyQuantizableLinear(in_features=768, out_features=768, bias=True)
          )
          (ln_2): LayerNorm((768,), eps=1e-05, elementwise_affine=True, bias=True)
          (mlp): Sequential(
            (c_fc): Linear(in_features=768, out_features=3072, bias=True)
            (gelu): QuickGELU()
            (c_proj): Linear(in_features=3072, out_features=768, bias=True)
          )
          (Adapter): ViT_D2ST_Adapter(
            (down): Linear(in_features=768, out_features=192, bias=True)
            (gelu1): GELU(approximate='none')
            (pos_embed): Conv3d(192, 192, kernel_size=(3, 3, 3), stride=(1, 1, 1), padding=(1, 1, 1), groups=192)
            (s_ln): LayerNorm((192,), eps=1e-05, elementwise_affine=True, bias=True)
            (s_attn): ViT_DeformAttention(
              (conv_offset): Sequential(
                (0): Conv3d(48, 48, kernel_size=(4, 5, 5), stride=(4, 3, 3), groups=48)
                (1): LayerNormProxy(
                  (norm): LayerNorm((48,), eps=1e-05, elementwise_affine=True, bias=True)
                )
                (2): GELU(approximate='none')
                (3): Conv3d(48, 3, kernel_size=(1, 1, 1), stride=(1, 1, 1), bias=False)
              )
              (proj_q): Linear(in_features=192, out_features=192, bias=True)
              (proj_k): Linear(in_features=192, out_features=192, bias=True)
              (proj_v): Linear(in_features=192, out_features=192, bias=True)
              (proj_out): Linear(in_features=192, out_features=192, bias=True)
            )
            (t_ln): LayerNorm((192,), eps=1e-05, elementwise_affine=True, bias=True)
            (t_attn): ViT_DeformAttention(
              (conv_offset): Sequential(
                (0): Conv3d(48, 48, kernel_size=(1, 7, 7), stride=(1, 7, 7), groups=48)
                (1): LayerNormProxy(
                  (norm): LayerNorm((48,), eps=1e-05, elementwise_affine=True, bias=True)
                )
                (2): GELU(approximate='none')
                (3): Conv3d(48, 3, kernel_size=(1, 1, 1), stride=(1, 1, 1), bias=False)
              )
              (proj_q): Linear(in_features=192, out_features=192, bias=True)
              (proj_k): Linear(in_features=192, out_features=192, bias=True)
              (proj_v): Linear(in_features=192, out_features=192, bias=True)
              (proj_out): Linear(in_features=192, out_features=192, bias=True)
            )
            (gelu): GELU(approximate='none')
            (up): Linear(in_features=192, out_features=768, bias=True)
            (gelu2): GELU(approximate='none')
          )
        )
      )
    )
    (ln_post): LayerNorm((768,), eps=1e-05, elementwise_affine=True, bias=True)
    (classification_layer): Linear(in_features=768, out_features=64, bias=True)
    (spatial_pattern_matcher): D2STSpatialPatternMatcher()
  )
)
[09/23 23:58:36][INFO] models.utils.optimizer:   82: Optimized parameters constructed. Parameters without weight decay: []
[09/23 23:58:36][INFO] datasets.base.few_shot_dataset:   97: Reading video list from file: train_few_shot.txt
[09/23 23:58:36][INFO] datasets.base.few_shot_dataset:  127: Loading SSv2-Full dataset list for split 'train'...
[09/23 23:58:36][INFO] datasets.base.few_shot_dataset:   47: loaded 67013 videos from train dataset: SSv2-Full !
[09/23 23:58:36][INFO] datasets.base.few_shot_dataset:  153: Dataset SSv2-Full split train loaded. Length 67013.
[09/23 23:58:36][INFO] datasets.base.few_shot_dataset:   97: Reading video list from file: test_few_shot.txt
[09/23 23:58:36][INFO] datasets.base.few_shot_dataset:  127: Loading SSv2-Full dataset list for split 'test'...
[09/23 23:58:36][INFO] datasets.base.few_shot_dataset:   47: loaded 2857 videos from test dataset: SSv2-Full !
[09/23 23:58:36][INFO] datasets.base.few_shot_dataset:  153: Dataset SSv2-Full split test loaded. Length 2857.
[09/23 23:58:36][INFO] train_net_few_shot:  340: Start epoch: 1
[09/23 23:58:36][INFO] train_net_few_shot:  373: Number of total parameters: 93129089, tunable parameters: 7331968
[09/23 23:58:36][INFO] train_net_few_shot:   99: Norm training: True
[09/23 23:58:36][INFO] train_net_few_shot:  117: Gradient accumulation: steps=4, normalize=False
[09/24 00:00:11][INFO] utils.logging:   91: {"_type": "train_iter", "iter": "200/30000", "loss": 9.902962, "lr": 0.000253, "top1_acc": 33.199999}
[09/24 00:02:41][INFO] utils.logging:   91: {"_type": "train_iter", "iter": "400/30000", "loss": 9.121145, "lr": 0.000306, "top1_acc": 42.700000}
[09/24 00:05:11][INFO] utils.logging:   91: {"_type": "train_iter", "iter": "600/30000", "loss": 8.103460, "lr": 0.000360, "top1_acc": 48.400000}
[09/24 00:07:41][INFO] utils.logging:   91: {"_type": "train_iter", "iter": "800/30000", "loss": 7.422343, "lr": 0.000413, "top1_acc": 50.500000}
[09/24 00:10:10][INFO] utils.logging:   91: {"_type": "train_iter", "iter": "1000/30000", "loss": 6.991013, "lr": 0.000466, "top1_acc": 53.200000}
[09/24 00:12:40][INFO] utils.logging:   91: {"_type": "train_iter", "iter": "1200/30000", "loss": 6.410393, "lr": 0.000520, "top1_acc": 56.700000}
[09/24 00:15:09][INFO] utils.logging:   91: {"_type": "train_iter", "iter": "1400/30000", "loss": 6.070287, "lr": 0.000573, "top1_acc": 57.900001}
[09/24 00:17:39][INFO] utils.logging:   91: {"_type": "train_iter", "iter": "1600/30000", "loss": 5.882339, "lr": 0.000626, "top1_acc": 56.900001}
[09/24 00:20:08][INFO] utils.logging:   91: {"_type": "train_iter", "iter": "1800/30000", "loss": 5.921149, "lr": 0.000680, "top1_acc": 57.100001}
[09/24 00:22:38][INFO] utils.logging:   91: {"_type": "train_iter", "iter": "2000/30000", "loss": 5.469831, "lr": 0.000733, "top1_acc": 64.300001}
[09/24 00:25:07][INFO] utils.logging:   91: {"_type": "train_iter", "iter": "2200/30000", "loss": 5.544118, "lr": 0.000786, "top1_acc": 61.100001}
[09/24 00:27:37][INFO] utils.logging:   91: {"_type": "train_iter", "iter": "2400/30000", "loss": 5.255196, "lr": 0.000840, "top1_acc": 63.000001}
[09/24 00:30:07][INFO] utils.logging:   91: {"_type": "train_iter", "iter": "2600/30000", "loss": 4.998061, "lr": 0.000893, "top1_acc": 61.300001}
[09/24 00:32:36][INFO] utils.logging:   91: {"_type": "train_iter", "iter": "2800/30000", "loss": 5.128048, "lr": 0.000946, "top1_acc": 62.100001}
[09/24 00:35:06][INFO] utils.logging:   91: {"_type": "train_iter", "iter": "3000/30000", "loss": 4.815516, "lr": 0.001000, "top1_acc": 63.200001}
[09/24 00:37:36][INFO] utils.logging:   91: {"_type": "train_iter", "iter": "3200/30000", "loss": 4.699145, "lr": 0.001000, "top1_acc": 63.900001}
[09/24 00:40:05][INFO] utils.logging:   91: {"_type": "train_iter", "iter": "3400/30000", "loss": 4.716953, "lr": 0.001000, "top1_acc": 65.900001}
[09/24 00:42:35][INFO] utils.logging:   91: {"_type": "train_iter", "iter": "3600/30000", "loss": 4.498257, "lr": 0.001000, "top1_acc": 68.900001}
[09/24 00:45:05][INFO] utils.logging:   91: {"_type": "train_iter", "iter": "3800/30000", "loss": 4.303954, "lr": 0.001000, "top1_acc": 68.600002}
[09/24 00:47:34][INFO] utils.logging:   91: {"_type": "train_iter", "iter": "4000/30000", "loss": 4.360040, "lr": 0.001000, "top1_acc": 67.800001}
[09/24 00:50:04][INFO] utils.logging:   91: {"_type": "train_iter", "iter": "4200/30000", "loss": 4.284904, "lr": 0.001000, "top1_acc": 66.600001}
[09/24 00:52:33][INFO] utils.logging:   91: {"_type": "train_iter", "iter": "4400/30000", "loss": 4.030804, "lr": 0.001000, "top1_acc": 69.600001}
[09/24 00:55:03][INFO] utils.logging:   91: {"_type": "train_iter", "iter": "4600/30000", "loss": 3.908294, "lr": 0.001000, "top1_acc": 70.000002}
[09/24 00:57:32][INFO] utils.logging:   91: {"_type": "train_iter", "iter": "4800/30000", "loss": 3.872746, "lr": 0.001000, "top1_acc": 72.300001}
[09/24 01:00:02][INFO] utils.logging:   91: {"_type": "train_iter", "iter": "5000/30000", "loss": 3.851909, "lr": 0.001000, "top1_acc": 70.100001}
[09/24 01:02:32][INFO] utils.logging:   91: {"_type": "train_iter", "iter": "5200/30000", "loss": 3.675424, "lr": 0.001000, "top1_acc": 72.000001}
[09/24 01:05:02][INFO] utils.logging:   91: {"_type": "train_iter", "iter": "5400/30000", "loss": 3.639388, "lr": 0.001000, "top1_acc": 70.500001}
[09/24 01:07:31][INFO] utils.logging:   91: {"_type": "train_iter", "iter": "5600/30000", "loss": 3.541664, "lr": 0.001000, "top1_acc": 70.600001}
[09/24 01:10:01][INFO] utils.logging:   91: {"_type": "train_iter", "iter": "5800/30000", "loss": 3.634674, "lr": 0.001000, "top1_acc": 69.900001}
[09/24 01:12:31][INFO] utils.logging:   91: {"_type": "train_iter", "iter": "6000/30000", "loss": 3.612280, "lr": 0.001000, "top1_acc": 71.500001}
[09/24 01:15:00][INFO] utils.logging:   91: {"_type": "train_iter", "iter": "6200/30000", "loss": 3.521208, "lr": 0.001000, "top1_acc": 72.200001}
[09/24 01:17:30][INFO] utils.logging:   91: {"_type": "train_iter", "iter": "6400/30000", "loss": 3.567627, "lr": 0.001000, "top1_acc": 72.000001}
[09/24 01:20:00][INFO] utils.logging:   91: {"_type": "train_iter", "iter": "6600/30000", "loss": 3.265764, "lr": 0.001000, "top1_acc": 71.800001}
[09/24 01:22:30][INFO] utils.logging:   91: {"_type": "train_iter", "iter": "6800/30000", "loss": 3.134905, "lr": 0.001000, "top1_acc": 75.100001}
[09/24 01:24:59][INFO] utils.logging:   91: {"_type": "train_iter", "iter": "7000/30000", "loss": 3.367868, "lr": 0.001000, "top1_acc": 73.400001}
[09/24 01:27:29][INFO] utils.logging:   91: {"_type": "train_iter", "iter": "7200/30000", "loss": 3.132568, "lr": 0.001000, "top1_acc": 75.800001}
[09/24 01:29:59][INFO] utils.logging:   91: {"_type": "train_iter", "iter": "7400/30000", "loss": 3.038427, "lr": 0.001000, "top1_acc": 76.700001}
[09/24 01:32:28][INFO] utils.logging:   91: {"_type": "train_iter", "iter": "7600/30000", "loss": 3.054860, "lr": 0.001000, "top1_acc": 73.900001}
[09/24 01:34:58][INFO] utils.logging:   91: {"_type": "train_iter", "iter": "7800/30000", "loss": 2.894591, "lr": 0.001000, "top1_acc": 76.500002}
[09/24 01:37:28][INFO] utils.logging:   91: {"_type": "train_iter", "iter": "8000/30000", "loss": 3.265869, "lr": 0.001000, "top1_acc": 74.300001}
[09/24 01:39:41][INFO] datasets.base.few_shot_dataset:  420: Error at decoding. Vid index: 54100, Vid path: /mnt/data/yanyi2025/lrc/action_data/ssv2/videos/videos/96464.webm
[09/24 01:39:57][INFO] utils.logging:   91: {"_type": "train_iter", "iter": "8200/30000", "loss": 2.977452, "lr": 0.001000, "top1_acc": 76.100001}
[09/24 01:42:27][INFO] utils.logging:   91: {"_type": "train_iter", "iter": "8400/30000", "loss": 2.980677, "lr": 0.001000, "top1_acc": 76.000001}
[09/24 01:44:57][INFO] utils.logging:   91: {"_type": "train_iter", "iter": "8600/30000", "loss": 2.913792, "lr": 0.001000, "top1_acc": 75.500001}
[09/24 01:47:27][INFO] utils.logging:   91: {"_type": "train_iter", "iter": "8800/30000", "loss": 2.871701, "lr": 0.001000, "top1_acc": 76.800001}
[09/24 01:49:57][INFO] utils.logging:   91: {"_type": "train_iter", "iter": "9000/30000", "loss": 2.686013, "lr": 0.001000, "top1_acc": 80.300001}
[09/24 01:52:26][INFO] utils.logging:   91: {"_type": "train_iter", "iter": "9200/30000", "loss": 2.956514, "lr": 0.001000, "top1_acc": 78.100001}
[09/24 01:54:56][INFO] utils.logging:   91: {"_type": "train_iter", "iter": "9400/30000", "loss": 2.594203, "lr": 0.001000, "top1_acc": 79.300001}
[09/24 01:57:26][INFO] utils.logging:   91: {"_type": "train_iter", "iter": "9600/30000", "loss": 2.875544, "lr": 0.001000, "top1_acc": 77.800002}
[09/24 01:59:56][INFO] utils.logging:   91: {"_type": "train_iter", "iter": "9800/30000", "loss": 2.586471, "lr": 0.001000, "top1_acc": 79.000001}
[09/24 02:02:34][INFO] datasets.base.few_shot_dataset:  420: Error at decoding. Vid index: 2581, Vid path: /mnt/data/yanyi2025/lrc/action_data/ssv2/videos/videos/113474.webm
[09/24 02:02:50][INFO] datasets.base.few_shot_dataset:  420: Error at decoding. Vid index: 2581, Vid path: /mnt/data/yanyi2025/lrc/action_data/ssv2/videos/videos/113474.webm
[09/24 02:03:15][INFO] utils.logging:   91: {"_type": "val_iter", "gpu_mem": "1.78 GB", "iter": "200/10000", "top1_acc": 59.200001}
[09/24 02:04:05][INFO] utils.logging:   91: {"_type": "val_iter", "gpu_mem": "1.78 GB", "iter": "400/10000", "top1_acc": 57.300001}
[09/24 02:04:53][WARNING] datasets.base.few_shot_dataset:  251: Error at decoding. 1/5. Vid index: [185, 182], Vid path: 9
[09/24 02:04:54][INFO] utils.logging:   91: {"_type": "val_iter", "gpu_mem": "1.78 GB", "iter": "600/10000", "top1_acc": 59.100001}
[09/24 02:05:44][INFO] utils.logging:   91: {"_type": "val_iter", "gpu_mem": "1.78 GB", "iter": "800/10000", "top1_acc": 59.600001}
[09/24 02:06:33][INFO] utils.logging:   91: {"_type": "val_iter", "gpu_mem": "1.78 GB", "iter": "1000/10000", "top1_acc": 62.700001}
[09/24 02:07:10][WARNING] datasets.base.few_shot_dataset:  251: Error at decoding. 1/5. Vid index: [64, 185], Vid path: 9
[09/24 02:07:23][INFO] utils.logging:   91: {"_type": "val_iter", "gpu_mem": "1.78 GB", "iter": "1200/10000", "top1_acc": 59.600001}
[09/24 02:08:12][INFO] utils.logging:   91: {"_type": "val_iter", "gpu_mem": "1.78 GB", "iter": "1400/10000", "top1_acc": 58.400001}
[09/24 02:09:02][INFO] utils.logging:   91: {"_type": "val_iter", "gpu_mem": "1.78 GB", "iter": "1600/10000", "top1_acc": 61.600001}
[09/24 02:09:51][INFO] utils.logging:   91: {"_type": "val_iter", "gpu_mem": "1.78 GB", "iter": "1800/10000", "top1_acc": 59.600001}
[09/24 02:10:41][INFO] utils.logging:   91: {"_type": "val_iter", "gpu_mem": "1.78 GB", "iter": "2000/10000", "top1_acc": 60.400001}
[09/24 02:11:18][INFO] datasets.base.few_shot_dataset:  420: Error at decoding. Vid index: 2581, Vid path: /mnt/data/yanyi2025/lrc/action_data/ssv2/videos/videos/113474.webm
[09/24 02:11:30][INFO] utils.logging:   91: {"_type": "val_iter", "gpu_mem": "1.78 GB", "iter": "2200/10000", "top1_acc": 59.600001}
[09/24 02:12:10][WARNING] datasets.base.few_shot_dataset:  251: Error at decoding. 1/5. Vid index: [86, 185], Vid path: 9
[09/24 02:12:20][INFO] utils.logging:   91: {"_type": "val_iter", "gpu_mem": "1.78 GB", "iter": "2400/10000", "top1_acc": 57.300001}
[09/24 02:13:09][INFO] utils.logging:   91: {"_type": "val_iter", "gpu_mem": "1.78 GB", "iter": "2600/10000", "top1_acc": 58.600001}
[09/24 02:13:59][INFO] utils.logging:   91: {"_type": "val_iter", "gpu_mem": "1.78 GB", "iter": "2800/10000", "top1_acc": 60.200001}
[09/24 02:14:48][INFO] utils.logging:   91: {"_type": "val_iter", "gpu_mem": "1.78 GB", "iter": "3000/10000", "top1_acc": 58.400001}
[09/24 02:15:32][INFO] utils.logging:   91: {"_type": "val_iter", "gpu_mem": "1.78 GB", "iter": "3200/10000", "top1_acc": 60.200001}
[09/24 02:16:14][INFO] utils.logging:   91: {"_type": "val_iter", "gpu_mem": "1.78 GB", "iter": "3400/10000", "top1_acc": 61.600001}
[09/24 02:16:40][WARNING] datasets.base.few_shot_dataset:  251: Error at decoding. 1/5. Vid index: [185, 52], Vid path: 9
[09/24 02:16:56][INFO] utils.logging:   91: {"_type": "val_iter", "gpu_mem": "1.78 GB", "iter": "3600/10000", "top1_acc": 59.000001}
[09/24 02:17:38][INFO] utils.logging:   91: {"_type": "val_iter", "gpu_mem": "1.78 GB", "iter": "3800/10000", "top1_acc": 58.400001}
[09/24 02:18:13][WARNING] datasets.base.few_shot_dataset:  251: Error at decoding. 1/5. Vid index: [116, 185], Vid path: 9
[09/24 02:18:20][INFO] utils.logging:   91: {"_type": "val_iter", "gpu_mem": "1.78 GB", "iter": "4000/10000", "top1_acc": 62.300001}
[09/24 02:19:00][INFO] datasets.base.few_shot_dataset:  420: Error at decoding. Vid index: 2581, Vid path: /mnt/data/yanyi2025/lrc/action_data/ssv2/videos/videos/113474.webm
[09/24 02:19:02][INFO] utils.logging:   91: {"_type": "val_iter", "gpu_mem": "1.78 GB", "iter": "4200/10000", "top1_acc": 60.300001}
[09/24 02:19:44][INFO] utils.logging:   91: {"_type": "val_iter", "gpu_mem": "1.78 GB", "iter": "4400/10000", "top1_acc": 60.700001}
[09/24 02:20:27][INFO] utils.logging:   91: {"_type": "val_iter", "gpu_mem": "1.78 GB", "iter": "4600/10000", "top1_acc": 61.200001}
[09/24 02:21:08][INFO] utils.logging:   91: {"_type": "val_iter", "gpu_mem": "1.78 GB", "iter": "4800/10000", "top1_acc": 59.400001}
[09/24 02:21:51][INFO] utils.logging:   91: {"_type": "val_iter", "gpu_mem": "1.78 GB", "iter": "5000/10000", "top1_acc": 59.500001}
[09/24 02:22:20][WARNING] datasets.base.few_shot_dataset:  251: Error at decoding. 1/5. Vid index: [179, 185], Vid path: 9
[09/24 02:22:27][WARNING] datasets.base.few_shot_dataset:  251: Error at decoding. 1/5. Vid index: [185, 88], Vid path: 9
[09/24 02:22:33][INFO] utils.logging:   91: {"_type": "val_iter", "gpu_mem": "1.78 GB", "iter": "5200/10000", "top1_acc": 60.900001}
[09/24 02:23:15][INFO] utils.logging:   91: {"_type": "val_iter", "gpu_mem": "1.78 GB", "iter": "5400/10000", "top1_acc": 58.400001}
[09/24 02:23:57][INFO] utils.logging:   91: {"_type": "val_iter", "gpu_mem": "1.78 GB", "iter": "5600/10000", "top1_acc": 57.500001}
[09/24 02:24:14][WARNING] datasets.base.few_shot_dataset:  251: Error at decoding. 1/5. Vid index: [159, 185], Vid path: 9
[09/24 02:24:39][INFO] utils.logging:   91: {"_type": "val_iter", "gpu_mem": "1.78 GB", "iter": "5800/10000", "top1_acc": 59.500001}
[09/24 02:25:21][INFO] utils.logging:   91: {"_type": "val_iter", "gpu_mem": "1.78 GB", "iter": "6000/10000", "top1_acc": 61.800001}
[09/24 02:26:03][INFO] utils.logging:   91: {"_type": "val_iter", "gpu_mem": "1.78 GB", "iter": "6200/10000", "top1_acc": 60.100001}
[09/24 02:26:45][INFO] utils.logging:   91: {"_type": "val_iter", "gpu_mem": "1.78 GB", "iter": "6400/10000", "top1_acc": 60.600001}
[09/24 02:27:27][INFO] utils.logging:   91: {"_type": "val_iter", "gpu_mem": "1.78 GB", "iter": "6600/10000", "top1_acc": 58.000001}
[09/24 02:28:09][INFO] utils.logging:   91: {"_type": "val_iter", "gpu_mem": "1.78 GB", "iter": "6800/10000", "top1_acc": 60.400001}
[09/24 02:28:51][INFO] utils.logging:   91: {"_type": "val_iter", "gpu_mem": "1.78 GB", "iter": "7000/10000", "top1_acc": 58.200001}
[09/24 02:29:33][INFO] utils.logging:   91: {"_type": "val_iter", "gpu_mem": "1.78 GB", "iter": "7200/10000", "top1_acc": 59.300001}
[09/24 02:30:15][INFO] utils.logging:   91: {"_type": "val_iter", "gpu_mem": "1.78 GB", "iter": "7400/10000", "top1_acc": 59.100001}
[09/24 02:30:57][INFO] utils.logging:   91: {"_type": "val_iter", "gpu_mem": "1.78 GB", "iter": "7600/10000", "top1_acc": 62.900001}
[09/24 02:31:39][INFO] utils.logging:   91: {"_type": "val_iter", "gpu_mem": "1.78 GB", "iter": "7800/10000", "top1_acc": 58.200001}
[09/24 02:32:21][INFO] utils.logging:   91: {"_type": "val_iter", "gpu_mem": "1.78 GB", "iter": "8000/10000", "top1_acc": 59.200001}
[09/24 02:33:03][INFO] utils.logging:   91: {"_type": "val_iter", "gpu_mem": "1.78 GB", "iter": "8200/10000", "top1_acc": 61.000001}
[09/24 02:33:45][INFO] utils.logging:   91: {"_type": "val_iter", "gpu_mem": "1.78 GB", "iter": "8400/10000", "top1_acc": 57.700001}
[09/24 02:34:27][INFO] utils.logging:   91: {"_type": "val_iter", "gpu_mem": "1.78 GB", "iter": "8600/10000", "top1_acc": 59.200001}
[09/24 02:35:09][INFO] utils.logging:   91: {"_type": "val_iter", "gpu_mem": "1.78 GB", "iter": "8800/10000", "top1_acc": 60.300001}
[09/24 02:35:51][INFO] utils.logging:   91: {"_type": "val_iter", "gpu_mem": "1.78 GB", "iter": "9000/10000", "top1_acc": 58.900001}
[09/24 02:36:32][INFO] datasets.base.few_shot_dataset:  420: Error at decoding. Vid index: 2581, Vid path: /mnt/data/yanyi2025/lrc/action_data/ssv2/videos/videos/113474.webm
[09/24 02:36:33][INFO] utils.logging:   91: {"_type": "val_iter", "gpu_mem": "1.78 GB", "iter": "9200/10000", "top1_acc": 60.900001}
[09/24 02:37:15][INFO] utils.logging:   91: {"_type": "val_iter", "gpu_mem": "1.78 GB", "iter": "9400/10000", "top1_acc": 60.700001}
[09/24 02:37:46][WARNING] datasets.base.few_shot_dataset:  251: Error at decoding. 1/5. Vid index: [81, 185], Vid path: 9
[09/24 02:37:57][INFO] utils.logging:   91: {"_type": "val_iter", "gpu_mem": "1.78 GB", "iter": "9600/10000", "top1_acc": 60.900001}
[09/24 02:38:39][INFO] utils.logging:   91: {"_type": "val_iter", "gpu_mem": "1.78 GB", "iter": "9800/10000", "top1_acc": 57.900001}
[09/24 02:39:21][INFO] utils.logging:   91: {"_type": "val_iter", "gpu_mem": "1.78 GB", "iter": "10000/10000", "top1_acc": 57.800001}
[09/24 02:39:21][INFO] utils.logging:   91: {"RAM": "24.31/125.63 GB", "_type": "val_epoch", "epoch": "1", "gpu_mem": "1.78 GB", "top1_acc": 59.672001}
[09/24 02:39:21][INFO] train_net_few_shot:   53: Fusion weights: spatial_pattern=0.017986
[09/24 02:39:21][INFO] train_net_few_shot:   83: Spatial pattern matcher: logit_delta=4.972506999969482
[09/24 02:39:21][INFO] train_net_few_shot:  155: New best validation accuracy: 59.6720; checkpoint=output/SSv2_Full_SPATIAL_PATTERN/checkpoints/checkpoint_best.pyth
[09/24 02:39:22][INFO] utils.logging:   91: {"_type": "train_iter", "iter": "10000/30000", "loss": 2.621799, "lr": 0.001000, "top1_acc": 80.300001}
[09/24 02:41:30][INFO] utils.logging:   91: {"_type": "train_iter", "iter": "10200/30000", "loss": 2.490760, "lr": 0.001000, "top1_acc": 79.100001}
[09/24 02:43:39][INFO] utils.logging:   91: {"_type": "train_iter", "iter": "10400/30000", "loss": 2.664487, "lr": 0.001000, "top1_acc": 78.200001}
[09/24 02:45:47][INFO] utils.logging:   91: {"_type": "train_iter", "iter": "10600/30000", "loss": 2.655837, "lr": 0.001000, "top1_acc": 79.600001}
[09/24 02:47:56][INFO] utils.logging:   91: {"_type": "train_iter", "iter": "10800/30000", "loss": 2.323122, "lr": 0.001000, "top1_acc": 82.600001}
[09/24 02:50:04][INFO] utils.logging:   91: {"_type": "train_iter", "iter": "11000/30000", "loss": 2.313058, "lr": 0.001000, "top1_acc": 82.000001}
[09/24 02:52:13][INFO] utils.logging:   91: {"_type": "train_iter", "iter": "11200/30000", "loss": 2.285581, "lr": 0.001000, "top1_acc": 81.100001}
[09/24 02:54:22][INFO] utils.logging:   91: {"_type": "train_iter", "iter": "11400/30000", "loss": 2.328087, "lr": 0.001000, "top1_acc": 79.900001}
[09/24 02:56:30][INFO] utils.logging:   91: {"_type": "train_iter", "iter": "11600/30000", "loss": 2.302246, "lr": 0.001000, "top1_acc": 81.000001}
[09/24 02:58:57][INFO] utils.logging:   91: {"_type": "train_iter", "iter": "11800/30000", "loss": 2.381738, "lr": 0.001000, "top1_acc": 79.900002}
[09/24 03:01:27][INFO] utils.logging:   91: {"_type": "train_iter", "iter": "12000/30000", "loss": 2.336479, "lr": 0.001000, "top1_acc": 79.400001}
[09/24 03:03:57][INFO] utils.logging:   91: {"_type": "train_iter", "iter": "12200/30000", "loss": 1.955327, "lr": 0.000500, "top1_acc": 82.300001}
[09/24 03:06:27][INFO] utils.logging:   91: {"_type": "train_iter", "iter": "12400/30000", "loss": 1.715943, "lr": 0.000500, "top1_acc": 85.000001}
[09/24 03:08:56][INFO] utils.logging:   91: {"_type": "train_iter", "iter": "12600/30000", "loss": 1.962215, "lr": 0.000500, "top1_acc": 82.500001}
[09/24 03:11:26][INFO] utils.logging:   91: {"_type": "train_iter", "iter": "12800/30000", "loss": 1.933155, "lr": 0.000500, "top1_acc": 83.300001}
[09/24 03:13:56][INFO] utils.logging:   91: {"_type": "train_iter", "iter": "13000/30000", "loss": 1.828712, "lr": 0.000500, "top1_acc": 84.600001}
[09/24 03:16:26][INFO] utils.logging:   91: {"_type": "train_iter", "iter": "13200/30000", "loss": 1.710163, "lr": 0.000500, "top1_acc": 85.100001}
[09/24 03:18:56][INFO] utils.logging:   91: {"_type": "train_iter", "iter": "13400/30000", "loss": 1.596894, "lr": 0.000500, "top1_acc": 86.800001}
[09/24 03:21:25][INFO] utils.logging:   91: {"_type": "train_iter", "iter": "13600/30000", "loss": 1.725019, "lr": 0.000500, "top1_acc": 84.700001}
[09/24 03:23:55][INFO] utils.logging:   91: {"_type": "train_iter", "iter": "13800/30000", "loss": 1.746637, "lr": 0.000500, "top1_acc": 86.700001}
[09/24 03:26:25][INFO] utils.logging:   91: {"_type": "train_iter", "iter": "14000/30000", "loss": 1.508960, "lr": 0.000500, "top1_acc": 86.800001}
[09/24 03:28:55][INFO] utils.logging:   91: {"_type": "train_iter", "iter": "14200/30000", "loss": 1.484659, "lr": 0.000500, "top1_acc": 85.700001}
[09/24 03:31:25][INFO] utils.logging:   91: {"_type": "train_iter", "iter": "14400/30000", "loss": 1.799676, "lr": 0.000500, "top1_acc": 85.600001}
[09/24 03:33:55][INFO] utils.logging:   91: {"_type": "train_iter", "iter": "14600/30000", "loss": 1.643084, "lr": 0.000500, "top1_acc": 87.800001}
[09/24 03:36:24][INFO] utils.logging:   91: {"_type": "train_iter", "iter": "14800/30000", "loss": 1.554782, "lr": 0.000500, "top1_acc": 87.800001}
[09/24 03:38:54][INFO] utils.logging:   91: {"_type": "train_iter", "iter": "15000/30000", "loss": 1.464782, "lr": 0.000500, "top1_acc": 88.500001}
[09/24 03:41:24][INFO] utils.logging:   91: {"_type": "train_iter", "iter": "15200/30000", "loss": 1.614214, "lr": 0.000500, "top1_acc": 85.800001}
[09/24 03:43:54][INFO] utils.logging:   91: {"_type": "train_iter", "iter": "15400/30000", "loss": 1.632877, "lr": 0.000500, "top1_acc": 86.400001}
[09/24 03:46:24][INFO] utils.logging:   91: {"_type": "train_iter", "iter": "15600/30000", "loss": 1.481737, "lr": 0.000500, "top1_acc": 87.600001}
[09/24 03:48:53][INFO] utils.logging:   91: {"_type": "train_iter", "iter": "15800/30000", "loss": 1.391986, "lr": 0.000500, "top1_acc": 88.200001}
[09/24 03:51:23][INFO] utils.logging:   91: {"_type": "train_iter", "iter": "16000/30000", "loss": 1.584864, "lr": 0.000500, "top1_acc": 86.200001}
[09/24 03:53:53][INFO] utils.logging:   91: {"_type": "train_iter", "iter": "16200/30000", "loss": 1.549578, "lr": 0.000500, "top1_acc": 86.200001}
[09/24 03:56:23][INFO] utils.logging:   91: {"_type": "train_iter", "iter": "16400/30000", "loss": 1.540505, "lr": 0.000500, "top1_acc": 87.100001}
[09/24 03:58:53][INFO] utils.logging:   91: {"_type": "train_iter", "iter": "16600/30000", "loss": 1.378299, "lr": 0.000500, "top1_acc": 88.500001}
[09/24 04:01:23][INFO] utils.logging:   91: {"_type": "train_iter", "iter": "16800/30000", "loss": 1.503232, "lr": 0.000500, "top1_acc": 88.100001}
[09/24 04:03:53][INFO] utils.logging:   91: {"_type": "train_iter", "iter": "17000/30000", "loss": 1.449056, "lr": 0.000500, "top1_acc": 87.200001}
[09/24 04:06:22][INFO] utils.logging:   91: {"_type": "train_iter", "iter": "17200/30000", "loss": 1.429936, "lr": 0.000500, "top1_acc": 89.400001}
[09/24 04:08:52][INFO] utils.logging:   91: {"_type": "train_iter", "iter": "17400/30000", "loss": 1.564665, "lr": 0.000500, "top1_acc": 88.100001}
[09/24 04:11:22][INFO] utils.logging:   91: {"_type": "train_iter", "iter": "17600/30000", "loss": 1.377787, "lr": 0.000500, "top1_acc": 87.400001}
[09/24 04:13:52][INFO] utils.logging:   91: {"_type": "train_iter", "iter": "17800/30000", "loss": 1.479747, "lr": 0.000500, "top1_acc": 87.400001}
[09/24 04:16:22][INFO] utils.logging:   91: {"_type": "train_iter", "iter": "18000/30000", "loss": 1.494417, "lr": 0.000500, "top1_acc": 88.200001}
[09/24 04:18:52][INFO] utils.logging:   91: {"_type": "train_iter", "iter": "18200/30000", "loss": 1.326325, "lr": 0.000100, "top1_acc": 86.400001}
[09/24 04:21:22][INFO] utils.logging:   91: {"_type": "train_iter", "iter": "18400/30000", "loss": 1.224980, "lr": 0.000100, "top1_acc": 88.700001}
[09/24 04:23:52][INFO] utils.logging:   91: {"_type": "train_iter", "iter": "18600/30000", "loss": 1.302219, "lr": 0.000100, "top1_acc": 87.300001}
[09/24 04:26:22][INFO] utils.logging:   91: {"_type": "train_iter", "iter": "18800/30000", "loss": 1.048249, "lr": 0.000100, "top1_acc": 88.700001}
[09/24 04:28:52][INFO] utils.logging:   91: {"_type": "train_iter", "iter": "19000/30000", "loss": 1.158505, "lr": 0.000100, "top1_acc": 89.100001}
[09/24 04:31:22][INFO] utils.logging:   91: {"_type": "train_iter", "iter": "19200/30000", "loss": 1.189788, "lr": 0.000100, "top1_acc": 87.500001}
[09/24 04:33:52][INFO] utils.logging:   91: {"_type": "train_iter", "iter": "19400/30000", "loss": 1.101331, "lr": 0.000100, "top1_acc": 88.600001}
[09/24 04:36:21][INFO] utils.logging:   91: {"_type": "train_iter", "iter": "19600/30000", "loss": 1.209512, "lr": 0.000100, "top1_acc": 88.500001}
[09/24 04:38:51][INFO] utils.logging:   91: {"_type": "train_iter", "iter": "19800/30000", "loss": 1.063136, "lr": 0.000100, "top1_acc": 89.100001}
[09/24 04:41:29][INFO] datasets.base.few_shot_dataset:  420: Error at decoding. Vid index: 2581, Vid path: /mnt/data/yanyi2025/lrc/action_data/ssv2/videos/videos/113474.webm
[09/24 04:41:46][INFO] datasets.base.few_shot_dataset:  420: Error at decoding. Vid index: 2581, Vid path: /mnt/data/yanyi2025/lrc/action_data/ssv2/videos/videos/113474.webm
[09/24 04:42:11][INFO] utils.logging:   91: {"_type": "val_iter", "gpu_mem": "1.78 GB", "iter": "200/10000", "top1_acc": 66.100001}
[09/24 04:43:00][INFO] utils.logging:   91: {"_type": "val_iter", "gpu_mem": "1.78 GB", "iter": "400/10000", "top1_acc": 62.000001}
[09/24 04:43:48][WARNING] datasets.base.few_shot_dataset:  251: Error at decoding. 1/5. Vid index: [185, 182], Vid path: 9
[09/24 04:43:49][INFO] utils.logging:   91: {"_type": "val_iter", "gpu_mem": "1.78 GB", "iter": "600/10000", "top1_acc": 64.500002}
[09/24 04:44:39][INFO] utils.logging:   91: {"_type": "val_iter", "gpu_mem": "1.78 GB", "iter": "800/10000", "top1_acc": 65.000001}
[09/24 04:45:28][INFO] utils.logging:   91: {"_type": "val_iter", "gpu_mem": "1.78 GB", "iter": "1000/10000", "top1_acc": 64.600001}
[09/24 04:46:05][WARNING] datasets.base.few_shot_dataset:  251: Error at decoding. 1/5. Vid index: [64, 185], Vid path: 9
[09/24 04:46:18][INFO] utils.logging:   91: {"_type": "val_iter", "gpu_mem": "1.78 GB", "iter": "1200/10000", "top1_acc": 64.100001}
[09/24 04:47:07][INFO] utils.logging:   91: {"_type": "val_iter", "gpu_mem": "1.78 GB", "iter": "1400/10000", "top1_acc": 65.200001}
[09/24 04:47:57][INFO] utils.logging:   91: {"_type": "val_iter", "gpu_mem": "1.78 GB", "iter": "1600/10000", "top1_acc": 67.700001}
[09/24 04:48:46][INFO] utils.logging:   91: {"_type": "val_iter", "gpu_mem": "1.78 GB", "iter": "1800/10000", "top1_acc": 65.600001}
[09/24 04:49:35][INFO] utils.logging:   91: {"_type": "val_iter", "gpu_mem": "1.78 GB", "iter": "2000/10000", "top1_acc": 65.400001}
[09/24 04:50:12][INFO] datasets.base.few_shot_dataset:  420: Error at decoding. Vid index: 2581, Vid path: /mnt/data/yanyi2025/lrc/action_data/ssv2/videos/videos/113474.webm
[09/24 04:50:25][INFO] utils.logging:   91: {"_type": "val_iter", "gpu_mem": "1.78 GB", "iter": "2200/10000", "top1_acc": 65.100001}
[09/24 04:51:05][WARNING] datasets.base.few_shot_dataset:  251: Error at decoding. 1/5. Vid index: [86, 185], Vid path: 9
[09/24 04:51:14][INFO] utils.logging:   91: {"_type": "val_iter", "gpu_mem": "1.78 GB", "iter": "2400/10000", "top1_acc": 62.200001}
[09/24 04:52:04][INFO] utils.logging:   91: {"_type": "val_iter", "gpu_mem": "1.78 GB", "iter": "2600/10000", "top1_acc": 64.400001}
[09/24 04:52:53][INFO] utils.logging:   91: {"_type": "val_iter", "gpu_mem": "1.78 GB", "iter": "2800/10000", "top1_acc": 67.100001}
[09/24 04:53:43][INFO] utils.logging:   91: {"_type": "val_iter", "gpu_mem": "1.78 GB", "iter": "3000/10000", "top1_acc": 66.100001}
[09/24 04:54:32][INFO] utils.logging:   91: {"_type": "val_iter", "gpu_mem": "1.78 GB", "iter": "3200/10000", "top1_acc": 64.100001}
[09/24 04:55:22][INFO] utils.logging:   91: {"_type": "val_iter", "gpu_mem": "1.78 GB", "iter": "3400/10000", "top1_acc": 65.500001}
[09/24 04:55:52][WARNING] datasets.base.few_shot_dataset:  251: Error at decoding. 1/5. Vid index: [185, 52], Vid path: 9
[09/24 04:56:11][INFO] utils.logging:   91: {"_type": "val_iter", "gpu_mem": "1.78 GB", "iter": "3600/10000", "top1_acc": 67.500001}
[09/24 04:57:01][INFO] utils.logging:   91: {"_type": "val_iter", "gpu_mem": "1.78 GB", "iter": "3800/10000", "top1_acc": 64.600001}
[09/24 04:57:41][WARNING] datasets.base.few_shot_dataset:  251: Error at decoding. 1/5. Vid index: [116, 185], Vid path: 9
[09/24 04:57:50][INFO] utils.logging:   91: {"_type": "val_iter", "gpu_mem": "1.78 GB", "iter": "4000/10000", "top1_acc": 68.300001}
[09/24 04:58:37][INFO] datasets.base.few_shot_dataset:  420: Error at decoding. Vid index: 2581, Vid path: /mnt/data/yanyi2025/lrc/action_data/ssv2/videos/videos/113474.webm
[09/24 04:58:40][INFO] utils.logging:   91: {"_type": "val_iter", "gpu_mem": "1.78 GB", "iter": "4200/10000", "top1_acc": 67.000001}
[09/24 04:59:29][INFO] utils.logging:   91: {"_type": "val_iter", "gpu_mem": "1.78 GB", "iter": "4400/10000", "top1_acc": 66.300001}
[09/24 05:00:19][INFO] utils.logging:   91: {"_type": "val_iter", "gpu_mem": "1.78 GB", "iter": "4600/10000", "top1_acc": 66.500001}
[09/24 05:01:08][INFO] utils.logging:   91: {"_type": "val_iter", "gpu_mem": "1.78 GB", "iter": "4800/10000", "top1_acc": 64.800001}
[09/24 05:01:58][INFO] utils.logging:   91: {"_type": "val_iter", "gpu_mem": "1.78 GB", "iter": "5000/10000", "top1_acc": 65.300001}
[09/24 05:02:32][WARNING] datasets.base.few_shot_dataset:  251: Error at decoding. 1/5. Vid index: [179, 185], Vid path: 9
[09/24 05:02:40][WARNING] datasets.base.few_shot_dataset:  251: Error at decoding. 1/5. Vid index: [185, 88], Vid path: 9
[09/24 05:02:47][INFO] utils.logging:   91: {"_type": "val_iter", "gpu_mem": "1.78 GB", "iter": "5200/10000", "top1_acc": 64.300001}
[09/24 05:03:37][INFO] utils.logging:   91: {"_type": "val_iter", "gpu_mem": "1.78 GB", "iter": "5400/10000", "top1_acc": 64.500001}
[09/24 05:04:26][INFO] utils.logging:   91: {"_type": "val_iter", "gpu_mem": "1.78 GB", "iter": "5600/10000", "top1_acc": 64.700001}
[09/24 05:04:48][WARNING] datasets.base.few_shot_dataset:  251: Error at decoding. 1/5. Vid index: [159, 185], Vid path: 9
[09/24 05:05:16][INFO] utils.logging:   91: {"_type": "val_iter", "gpu_mem": "1.78 GB", "iter": "5800/10000", "top1_acc": 65.500001}
[09/24 05:06:05][INFO] utils.logging:   91: {"_type": "val_iter", "gpu_mem": "1.78 GB", "iter": "6000/10000", "top1_acc": 66.000001}
[09/24 05:06:55][INFO] utils.logging:   91: {"_type": "val_iter", "gpu_mem": "1.78 GB", "iter": "6200/10000", "top1_acc": 66.000001}
[09/24 05:07:45][INFO] utils.logging:   91: {"_type": "val_iter", "gpu_mem": "1.78 GB", "iter": "6400/10000", "top1_acc": 65.400002}
[09/24 05:08:34][INFO] utils.logging:   91: {"_type": "val_iter", "gpu_mem": "1.78 GB", "iter": "6600/10000", "top1_acc": 66.000001}
[09/24 05:09:24][INFO] utils.logging:   91: {"_type": "val_iter", "gpu_mem": "1.78 GB", "iter": "6800/10000", "top1_acc": 66.300001}
[09/24 05:10:07][INFO] utils.logging:   91: {"_type": "val_iter", "gpu_mem": "1.78 GB", "iter": "7000/10000", "top1_acc": 67.800001}
[09/24 05:10:49][INFO] utils.logging:   91: {"_type": "val_iter", "gpu_mem": "1.78 GB", "iter": "7200/10000", "top1_acc": 65.400001}
[09/24 05:11:31][INFO] utils.logging:   91: {"_type": "val_iter", "gpu_mem": "1.78 GB", "iter": "7400/10000", "top1_acc": 65.400001}
[09/24 05:12:13][INFO] utils.logging:   91: {"_type": "val_iter", "gpu_mem": "1.78 GB", "iter": "7600/10000", "top1_acc": 67.600001}
[09/24 05:12:54][INFO] utils.logging:   91: {"_type": "val_iter", "gpu_mem": "1.78 GB", "iter": "7800/10000", "top1_acc": 62.700001}
[09/24 05:13:37][INFO] utils.logging:   91: {"_type": "val_iter", "gpu_mem": "1.78 GB", "iter": "8000/10000", "top1_acc": 65.500001}
[09/24 05:14:19][INFO] utils.logging:   91: {"_type": "val_iter", "gpu_mem": "1.78 GB", "iter": "8200/10000", "top1_acc": 67.300001}
[09/24 05:15:01][INFO] utils.logging:   91: {"_type": "val_iter", "gpu_mem": "1.78 GB", "iter": "8400/10000", "top1_acc": 64.900001}
[09/24 05:15:43][INFO] utils.logging:   91: {"_type": "val_iter", "gpu_mem": "1.78 GB", "iter": "8600/10000", "top1_acc": 66.200001}
[09/24 05:16:25][INFO] utils.logging:   91: {"_type": "val_iter", "gpu_mem": "1.78 GB", "iter": "8800/10000", "top1_acc": 68.100001}
[09/24 05:17:07][INFO] utils.logging:   91: {"_type": "val_iter", "gpu_mem": "1.78 GB", "iter": "9000/10000", "top1_acc": 65.200001}
[09/24 05:17:48][INFO] datasets.base.few_shot_dataset:  420: Error at decoding. Vid index: 2581, Vid path: /mnt/data/yanyi2025/lrc/action_data/ssv2/videos/videos/113474.webm
[09/24 05:17:49][INFO] utils.logging:   91: {"_type": "val_iter", "gpu_mem": "1.78 GB", "iter": "9200/10000", "top1_acc": 66.000001}
[09/24 05:18:31][INFO] utils.logging:   91: {"_type": "val_iter", "gpu_mem": "1.78 GB", "iter": "9400/10000", "top1_acc": 64.900001}
[09/24 05:19:02][WARNING] datasets.base.few_shot_dataset:  251: Error at decoding. 1/5. Vid index: [81, 185], Vid path: 9
[09/24 05:19:13][INFO] utils.logging:   91: {"_type": "val_iter", "gpu_mem": "1.78 GB", "iter": "9600/10000", "top1_acc": 67.700001}
[09/24 05:19:55][INFO] utils.logging:   91: {"_type": "val_iter", "gpu_mem": "1.78 GB", "iter": "9800/10000", "top1_acc": 63.000001}
[09/24 05:20:37][INFO] utils.logging:   91: {"_type": "val_iter", "gpu_mem": "1.78 GB", "iter": "10000/10000", "top1_acc": 65.800001}
[09/24 05:20:37][INFO] utils.logging:   91: {"RAM": "23.95/125.63 GB", "_type": "val_epoch", "epoch": "2", "gpu_mem": "1.78 GB", "top1_acc": 65.544001}
[09/24 05:20:37][INFO] train_net_few_shot:   53: Fusion weights: spatial_pattern=0.017986
[09/24 05:20:37][INFO] train_net_few_shot:   83: Spatial pattern matcher: logit_delta=4.461529731750488
[09/24 05:20:39][INFO] train_net_few_shot:  155: New best validation accuracy: 65.5440; checkpoint=output/SSv2_Full_SPATIAL_PATTERN/checkpoints/checkpoint_best.pyth
[09/24 05:20:40][INFO] utils.logging:   91: {"_type": "train_iter", "iter": "20000/30000", "loss": 0.988894, "lr": 0.000100, "top1_acc": 89.900001}
[09/24 05:22:24][WARNING] datasets.base.few_shot_dataset:  251: Error at decoding. 1/5. Vid index: [1026, 1189], Vid path: 7
[09/24 05:22:48][INFO] utils.logging:   91: {"_type": "train_iter", "iter": "20200/30000", "loss": 0.973796, "lr": 0.000100, "top1_acc": 90.400001}
[09/24 05:24:57][INFO] utils.logging:   91: {"_type": "train_iter", "iter": "20400/30000", "loss": 1.144128, "lr": 0.000100, "top1_acc": 87.800001}
[09/24 05:27:06][INFO] utils.logging:   91: {"_type": "train_iter", "iter": "20600/30000", "loss": 0.964784, "lr": 0.000100, "top1_acc": 89.700001}
[09/24 05:29:14][INFO] utils.logging:   91: {"_type": "train_iter", "iter": "20800/30000", "loss": 1.129076, "lr": 0.000100, "top1_acc": 87.700001}
[09/24 05:31:23][INFO] utils.logging:   91: {"_type": "train_iter", "iter": "21000/30000", "loss": 0.852214, "lr": 0.000100, "top1_acc": 91.500001}
[09/24 05:33:31][INFO] utils.logging:   91: {"_type": "train_iter", "iter": "21200/30000", "loss": 0.957573, "lr": 0.000100, "top1_acc": 89.200001}
[09/24 05:35:40][INFO] utils.logging:   91: {"_type": "train_iter", "iter": "21400/30000", "loss": 0.964831, "lr": 0.000100, "top1_acc": 89.200001}
[09/24 05:37:48][INFO] utils.logging:   91: {"_type": "train_iter", "iter": "21600/30000", "loss": 1.130601, "lr": 0.000100, "top1_acc": 88.500001}
[09/24 05:39:57][INFO] utils.logging:   91: {"_type": "train_iter", "iter": "21800/30000", "loss": 0.909135, "lr": 0.000100, "top1_acc": 92.300001}
[09/24 05:42:05][INFO] utils.logging:   91: {"_type": "train_iter", "iter": "22000/30000", "loss": 0.920270, "lr": 0.000100, "top1_acc": 91.000001}
[09/24 05:44:14][INFO] utils.logging:   91: {"_type": "train_iter", "iter": "22200/30000", "loss": 0.904491, "lr": 0.000100, "top1_acc": 91.200001}
[09/24 05:46:23][INFO] utils.logging:   91: {"_type": "train_iter", "iter": "22400/30000", "loss": 0.932420, "lr": 0.000100, "top1_acc": 90.600001}
[09/24 05:48:31][INFO] utils.logging:   91: {"_type": "train_iter", "iter": "22600/30000", "loss": 0.942371, "lr": 0.000100, "top1_acc": 89.000001}
[09/24 05:50:40][INFO] utils.logging:   91: {"_type": "train_iter", "iter": "22800/30000", "loss": 1.014322, "lr": 0.000100, "top1_acc": 90.600001}
[09/24 05:52:48][INFO] utils.logging:   91: {"_type": "train_iter", "iter": "23000/30000", "loss": 0.913842, "lr": 0.000100, "top1_acc": 90.000001}
[09/24 05:55:05][INFO] utils.logging:   91: {"_type": "train_iter", "iter": "23200/30000", "loss": 1.068320, "lr": 0.000100, "top1_acc": 89.600001}
[09/24 05:57:35][INFO] utils.logging:   91: {"_type": "train_iter", "iter": "23400/30000", "loss": 0.896450, "lr": 0.000100, "top1_acc": 91.500001}
[09/24 06:00:05][INFO] utils.logging:   91: {"_type": "train_iter", "iter": "23600/30000", "loss": 1.084295, "lr": 0.000100, "top1_acc": 89.600001}
[09/24 06:02:34][INFO] utils.logging:   91: {"_type": "train_iter", "iter": "23800/30000", "loss": 1.107634, "lr": 0.000100, "top1_acc": 88.300001}
[09/24 06:05:04][INFO] utils.logging:   91: {"_type": "train_iter", "iter": "24000/30000", "loss": 1.041414, "lr": 0.000100, "top1_acc": 89.900001}
[09/24 06:07:34][INFO] utils.logging:   91: {"_type": "train_iter", "iter": "24200/30000", "loss": 0.949614, "lr": 0.000050, "top1_acc": 90.000001}
[09/24 06:10:04][INFO] utils.logging:   91: {"_type": "train_iter", "iter": "24400/30000", "loss": 0.865065, "lr": 0.000050, "top1_acc": 90.900001}
[09/24 06:12:34][INFO] utils.logging:   91: {"_type": "train_iter", "iter": "24600/30000", "loss": 0.926102, "lr": 0.000050, "top1_acc": 91.700001}
[09/24 06:15:03][INFO] utils.logging:   91: {"_type": "train_iter", "iter": "24800/30000", "loss": 0.865024, "lr": 0.000050, "top1_acc": 90.600001}
[09/24 06:17:33][INFO] utils.logging:   91: {"_type": "train_iter", "iter": "25000/30000", "loss": 1.011324, "lr": 0.000050, "top1_acc": 90.500001}
[09/24 06:20:03][INFO] utils.logging:   91: {"_type": "train_iter", "iter": "25200/30000", "loss": 0.821653, "lr": 0.000050, "top1_acc": 90.000001}
[09/24 06:22:33][INFO] utils.logging:   91: {"_type": "train_iter", "iter": "25400/30000", "loss": 0.884602, "lr": 0.000050, "top1_acc": 91.600001}
[09/24 06:25:03][INFO] utils.logging:   91: {"_type": "train_iter", "iter": "25600/30000", "loss": 0.934128, "lr": 0.000050, "top1_acc": 92.000001}
[09/24 06:27:33][INFO] utils.logging:   91: {"_type": "train_iter", "iter": "25800/30000", "loss": 0.905475, "lr": 0.000050, "top1_acc": 89.600001}
[09/24 06:27:54][INFO] datasets.base.few_shot_dataset:  500: Error at decoding. Vid index: 54100, Vid path: /mnt/data/yanyi2025/lrc/action_data/ssv2/videos/videos/96464.webm
[09/24 06:30:03][INFO] utils.logging:   91: {"_type": "train_iter", "iter": "26000/30000", "loss": 1.002069, "lr": 0.000050, "top1_acc": 88.800001}
[09/24 06:32:33][INFO] utils.logging:   91: {"_type": "train_iter", "iter": "26200/30000", "loss": 0.839648, "lr": 0.000050, "top1_acc": 91.900001}
[09/24 06:35:02][INFO] utils.logging:   91: {"_type": "train_iter", "iter": "26400/30000", "loss": 0.907521, "lr": 0.000050, "top1_acc": 90.500001}
[09/24 06:37:32][INFO] utils.logging:   91: {"_type": "train_iter", "iter": "26600/30000", "loss": 0.941512, "lr": 0.000050, "top1_acc": 90.600001}
[09/24 06:40:02][INFO] utils.logging:   91: {"_type": "train_iter", "iter": "26800/30000", "loss": 0.740432, "lr": 0.000050, "top1_acc": 90.300001}
[09/24 06:42:32][INFO] utils.logging:   91: {"_type": "train_iter", "iter": "27000/30000", "loss": 0.889762, "lr": 0.000050, "top1_acc": 91.000001}
[09/24 06:45:02][INFO] utils.logging:   91: {"_type": "train_iter", "iter": "27200/30000", "loss": 0.899104, "lr": 0.000050, "top1_acc": 91.700001}
[09/24 06:47:32][INFO] utils.logging:   91: {"_type": "train_iter", "iter": "27400/30000", "loss": 0.866703, "lr": 0.000050, "top1_acc": 90.200001}
[09/24 06:50:02][INFO] utils.logging:   91: {"_type": "train_iter", "iter": "27600/30000", "loss": 0.874045, "lr": 0.000050, "top1_acc": 90.900001}
[09/24 06:52:32][INFO] utils.logging:   91: {"_type": "train_iter", "iter": "27800/30000", "loss": 0.884137, "lr": 0.000050, "top1_acc": 90.800001}
[09/24 06:55:01][INFO] utils.logging:   91: {"_type": "train_iter", "iter": "28000/30000", "loss": 0.822070, "lr": 0.000050, "top1_acc": 90.500001}
[09/24 06:57:31][INFO] utils.logging:   91: {"_type": "train_iter", "iter": "28200/30000", "loss": 0.801002, "lr": 0.000050, "top1_acc": 91.400001}
[09/24 07:00:01][INFO] utils.logging:   91: {"_type": "train_iter", "iter": "28400/30000", "loss": 0.838048, "lr": 0.000050, "top1_acc": 92.300001}
[09/24 07:02:31][INFO] utils.logging:   91: {"_type": "train_iter", "iter": "28600/30000", "loss": 0.937430, "lr": 0.000050, "top1_acc": 89.700001}
[09/24 07:04:40][WARNING] datasets.base.few_shot_dataset:  251: Error at decoding. 1/5. Vid index: [1174, 1189], Vid path: 7
[09/24 07:05:01][INFO] utils.logging:   91: {"_type": "train_iter", "iter": "28800/30000", "loss": 0.922832, "lr": 0.000050, "top1_acc": 89.800001}
[09/24 07:07:31][INFO] utils.logging:   91: {"_type": "train_iter", "iter": "29000/30000", "loss": 0.853789, "lr": 0.000050, "top1_acc": 90.600001}
[09/24 07:10:01][INFO] utils.logging:   91: {"_type": "train_iter", "iter": "29200/30000", "loss": 0.808699, "lr": 0.000050, "top1_acc": 91.300001}
[09/24 07:12:31][INFO] utils.logging:   91: {"_type": "train_iter", "iter": "29400/30000", "loss": 0.870879, "lr": 0.000050, "top1_acc": 90.600001}
[09/24 07:15:00][INFO] utils.logging:   91: {"_type": "train_iter", "iter": "29600/30000", "loss": 0.857922, "lr": 0.000050, "top1_acc": 90.000001}
[09/24 07:17:30][INFO] utils.logging:   91: {"_type": "train_iter", "iter": "29800/30000", "loss": 0.828619, "lr": 0.000050, "top1_acc": 91.200001}
[09/24 07:20:08][INFO] datasets.base.few_shot_dataset:  420: Error at decoding. Vid index: 2581, Vid path: /mnt/data/yanyi2025/lrc/action_data/ssv2/videos/videos/113474.webm
[09/24 07:20:24][INFO] datasets.base.few_shot_dataset:  420: Error at decoding. Vid index: 2581, Vid path: /mnt/data/yanyi2025/lrc/action_data/ssv2/videos/videos/113474.webm
[09/24 07:20:49][INFO] utils.logging:   91: {"_type": "val_iter", "gpu_mem": "1.78 GB", "iter": "200/10000", "top1_acc": 66.800001}
[09/24 07:21:39][INFO] utils.logging:   91: {"_type": "val_iter", "gpu_mem": "1.78 GB", "iter": "400/10000", "top1_acc": 65.300001}
[09/24 07:22:27][WARNING] datasets.base.few_shot_dataset:  251: Error at decoding. 1/5. Vid index: [185, 182], Vid path: 9
[09/24 07:22:28][INFO] utils.logging:   91: {"_type": "val_iter", "gpu_mem": "1.78 GB", "iter": "600/10000", "top1_acc": 64.800002}
[09/24 07:23:17][INFO] utils.logging:   91: {"_type": "val_iter", "gpu_mem": "1.78 GB", "iter": "800/10000", "top1_acc": 66.800002}
[09/24 07:24:07][INFO] utils.logging:   91: {"_type": "val_iter", "gpu_mem": "1.78 GB", "iter": "1000/10000", "top1_acc": 67.800002}
[09/24 07:24:43][WARNING] datasets.base.few_shot_dataset:  251: Error at decoding. 1/5. Vid index: [64, 185], Vid path: 9
[09/24 07:24:57][INFO] utils.logging:   91: {"_type": "val_iter", "gpu_mem": "1.78 GB", "iter": "1200/10000", "top1_acc": 64.100001}
[09/24 07:25:46][INFO] utils.logging:   91: {"_type": "val_iter", "gpu_mem": "1.78 GB", "iter": "1400/10000", "top1_acc": 64.400001}
[09/24 07:26:35][INFO] utils.logging:   91: {"_type": "val_iter", "gpu_mem": "1.78 GB", "iter": "1600/10000", "top1_acc": 66.000001}
[09/24 07:27:25][INFO] utils.logging:   91: {"_type": "val_iter", "gpu_mem": "1.78 GB", "iter": "1800/10000", "top1_acc": 66.800001}
[09/24 07:28:14][INFO] utils.logging:   91: {"_type": "val_iter", "gpu_mem": "1.78 GB", "iter": "2000/10000", "top1_acc": 66.400001}
[09/24 07:28:51][INFO] datasets.base.few_shot_dataset:  420: Error at decoding. Vid index: 2581, Vid path: /mnt/data/yanyi2025/lrc/action_data/ssv2/videos/videos/113474.webm
[09/24 07:29:04][INFO] utils.logging:   91: {"_type": "val_iter", "gpu_mem": "1.78 GB", "iter": "2200/10000", "top1_acc": 63.900001}
[09/24 07:29:44][WARNING] datasets.base.few_shot_dataset:  251: Error at decoding. 1/5. Vid index: [86, 185], Vid path: 9
[09/24 07:29:53][INFO] utils.logging:   91: {"_type": "val_iter", "gpu_mem": "1.78 GB", "iter": "2400/10000", "top1_acc": 65.900001}
[09/24 07:30:43][INFO] utils.logging:   91: {"_type": "val_iter", "gpu_mem": "1.78 GB", "iter": "2600/10000", "top1_acc": 65.000001}
[09/24 07:31:32][INFO] utils.logging:   91: {"_type": "val_iter", "gpu_mem": "1.78 GB", "iter": "2800/10000", "top1_acc": 66.400001}
[09/24 07:32:22][INFO] utils.logging:   91: {"_type": "val_iter", "gpu_mem": "1.78 GB", "iter": "3000/10000", "top1_acc": 65.300001}
[09/24 07:33:11][INFO] utils.logging:   91: {"_type": "val_iter", "gpu_mem": "1.78 GB", "iter": "3200/10000", "top1_acc": 66.200001}
[09/24 07:34:01][INFO] utils.logging:   91: {"_type": "val_iter", "gpu_mem": "1.78 GB", "iter": "3400/10000", "top1_acc": 65.600001}
[09/24 07:34:31][WARNING] datasets.base.few_shot_dataset:  251: Error at decoding. 1/5. Vid index: [185, 52], Vid path: 9
[09/24 07:34:50][INFO] utils.logging:   91: {"_type": "val_iter", "gpu_mem": "1.78 GB", "iter": "3600/10000", "top1_acc": 65.400001}
[09/24 07:35:40][INFO] utils.logging:   91: {"_type": "val_iter", "gpu_mem": "1.78 GB", "iter": "3800/10000", "top1_acc": 64.900001}
[09/24 07:36:20][WARNING] datasets.base.few_shot_dataset:  251: Error at decoding. 1/5. Vid index: [116, 185], Vid path: 9
[09/24 07:36:29][INFO] utils.logging:   91: {"_type": "val_iter", "gpu_mem": "1.78 GB", "iter": "4000/10000", "top1_acc": 70.000001}
[09/24 07:37:16][INFO] datasets.base.few_shot_dataset:  420: Error at decoding. Vid index: 2581, Vid path: /mnt/data/yanyi2025/lrc/action_data/ssv2/videos/videos/113474.webm
[09/24 07:37:19][INFO] utils.logging:   91: {"_type": "val_iter", "gpu_mem": "1.78 GB", "iter": "4200/10000", "top1_acc": 67.500001}
[09/24 07:38:08][INFO] utils.logging:   91: {"_type": "val_iter", "gpu_mem": "1.78 GB", "iter": "4400/10000", "top1_acc": 66.700002}
[09/24 07:38:58][INFO] utils.logging:   91: {"_type": "val_iter", "gpu_mem": "1.78 GB", "iter": "4600/10000", "top1_acc": 67.100001}
[09/24 07:39:47][INFO] utils.logging:   91: {"_type": "val_iter", "gpu_mem": "1.78 GB", "iter": "4800/10000", "top1_acc": 66.200001}
[09/24 07:40:37][INFO] utils.logging:   91: {"_type": "val_iter", "gpu_mem": "1.78 GB", "iter": "5000/10000", "top1_acc": 66.800001}
[09/24 07:41:11][WARNING] datasets.base.few_shot_dataset:  251: Error at decoding. 1/5. Vid index: [179, 185], Vid path: 9
[09/24 07:41:19][WARNING] datasets.base.few_shot_dataset:  251: Error at decoding. 1/5. Vid index: [185, 88], Vid path: 9
[09/24 07:41:26][INFO] utils.logging:   91: {"_type": "val_iter", "gpu_mem": "1.78 GB", "iter": "5200/10000", "top1_acc": 65.500001}
[09/24 07:42:16][INFO] utils.logging:   91: {"_type": "val_iter", "gpu_mem": "1.78 GB", "iter": "5400/10000", "top1_acc": 66.600001}
[09/24 07:43:05][INFO] utils.logging:   91: {"_type": "val_iter", "gpu_mem": "1.78 GB", "iter": "5600/10000", "top1_acc": 64.800001}
[09/24 07:43:26][WARNING] datasets.base.few_shot_dataset:  251: Error at decoding. 1/5. Vid index: [159, 185], Vid path: 9
[09/24 07:43:55][INFO] utils.logging:   91: {"_type": "val_iter", "gpu_mem": "1.78 GB", "iter": "5800/10000", "top1_acc": 66.000001}
[09/24 07:44:44][INFO] utils.logging:   91: {"_type": "val_iter", "gpu_mem": "1.78 GB", "iter": "6000/10000", "top1_acc": 67.700001}
[09/24 07:45:34][INFO] utils.logging:   91: {"_type": "val_iter", "gpu_mem": "1.78 GB", "iter": "6200/10000", "top1_acc": 67.100001}
[09/24 07:46:23][INFO] utils.logging:   91: {"_type": "val_iter", "gpu_mem": "1.78 GB", "iter": "6400/10000", "top1_acc": 65.700001}
[09/24 07:47:13][INFO] utils.logging:   91: {"_type": "val_iter", "gpu_mem": "1.78 GB", "iter": "6600/10000", "top1_acc": 68.400001}
[09/24 07:48:02][INFO] utils.logging:   91: {"_type": "val_iter", "gpu_mem": "1.78 GB", "iter": "6800/10000", "top1_acc": 68.700001}
[09/24 07:48:52][INFO] utils.logging:   91: {"_type": "val_iter", "gpu_mem": "1.78 GB", "iter": "7000/10000", "top1_acc": 68.600001}
[09/24 07:49:41][INFO] utils.logging:   91: {"_type": "val_iter", "gpu_mem": "1.78 GB", "iter": "7200/10000", "top1_acc": 65.300001}
[09/24 07:50:31][INFO] utils.logging:   91: {"_type": "val_iter", "gpu_mem": "1.78 GB", "iter": "7400/10000", "top1_acc": 67.300001}
[09/24 07:51:20][INFO] utils.logging:   91: {"_type": "val_iter", "gpu_mem": "1.78 GB", "iter": "7600/10000", "top1_acc": 68.400001}
[09/24 07:52:10][INFO] utils.logging:   91: {"_type": "val_iter", "gpu_mem": "1.78 GB", "iter": "7800/10000", "top1_acc": 64.400001}
[09/24 07:52:59][INFO] utils.logging:   91: {"_type": "val_iter", "gpu_mem": "1.78 GB", "iter": "8000/10000", "top1_acc": 68.200001}
[09/24 07:53:49][INFO] utils.logging:   91: {"_type": "val_iter", "gpu_mem": "1.78 GB", "iter": "8200/10000", "top1_acc": 66.400001}
[09/24 07:54:39][INFO] utils.logging:   91: {"_type": "val_iter", "gpu_mem": "1.78 GB", "iter": "8400/10000", "top1_acc": 65.300001}
[09/24 07:55:28][INFO] utils.logging:   91: {"_type": "val_iter", "gpu_mem": "1.78 GB", "iter": "8600/10000", "top1_acc": 66.300001}
[09/24 07:56:17][INFO] utils.logging:   91: {"_type": "val_iter", "gpu_mem": "1.78 GB", "iter": "8800/10000", "top1_acc": 66.800001}
[09/24 07:57:07][INFO] utils.logging:   91: {"_type": "val_iter", "gpu_mem": "1.78 GB", "iter": "9000/10000", "top1_acc": 65.700001}
[09/24 07:57:56][INFO] datasets.base.few_shot_dataset:  420: Error at decoding. Vid index: 2581, Vid path: /mnt/data/yanyi2025/lrc/action_data/ssv2/videos/videos/113474.webm
[09/24 07:57:56][INFO] utils.logging:   91: {"_type": "val_iter", "gpu_mem": "1.78 GB", "iter": "9200/10000", "top1_acc": 67.200001}
[09/24 07:58:46][INFO] utils.logging:   91: {"_type": "val_iter", "gpu_mem": "1.78 GB", "iter": "9400/10000", "top1_acc": 69.800001}
[09/24 07:59:23][WARNING] datasets.base.few_shot_dataset:  251: Error at decoding. 1/5. Vid index: [81, 185], Vid path: 9
[09/24 07:59:36][INFO] utils.logging:   91: {"_type": "val_iter", "gpu_mem": "1.78 GB", "iter": "9600/10000", "top1_acc": 67.900001}
[09/24 08:00:25][INFO] utils.logging:   91: {"_type": "val_iter", "gpu_mem": "1.78 GB", "iter": "9800/10000", "top1_acc": 65.000001}
[09/24 08:01:15][INFO] utils.logging:   91: {"_type": "val_iter", "gpu_mem": "1.78 GB", "iter": "10000/10000", "top1_acc": 65.700001}
[09/24 08:01:15][INFO] utils.logging:   91: {"RAM": "20.58/125.63 GB", "_type": "val_epoch", "epoch": "3", "gpu_mem": "1.78 GB", "top1_acc": 66.418001}
[09/24 08:01:15][INFO] train_net_few_shot:   53: Fusion weights: spatial_pattern=0.017986
[09/24 08:01:15][INFO] train_net_few_shot:   83: Spatial pattern matcher: logit_delta=4.449146270751953
[09/24 08:01:17][INFO] train_net_few_shot:  155: New best validation accuracy: 66.4180; checkpoint=output/SSv2_Full_SPATIAL_PATTERN/checkpoints/checkpoint_best.pyth
[09/24 08:01:17][INFO] utils.logging:   91: {"_type": "train_iter", "iter": "30000/30000", "loss": 0.777136, "lr": 0.000050, "top1_acc": 91.900001}
[09/24 08:01:17][INFO] utils.logging:   91: {"RAM": "17.39/125.63 GB", "_type": "train_epoch", "epoch": "10", "gpu_mem": "1.78 GB", "loss": 2.458502, "lr": 0.000050, "top1_acc": 81.285334}
