[08/09 20:06:32][INFO] train_net_few_shot:  166: Train with config:
[08/09 20:06:32][INFO] train_net_few_shot:  167: {
  "TASK_TYPE": "few_shot_action",
  "PRETRAIN": {
    "ENABLE": false
  },
  "LOCALIZATION": {
    "ENABLE": false
  },
  "TRAIN": {
    "ENABLE": true,
    "DATASET": "SSv2-Full",
    "BATCH_SIZE": 1,
    "LOG_FILE": "train.log",
    "EVAL_PERIOD": 2,
    "NUM_FOLDS": 1,
    "AUTO_RESUME": true,
    "CHECKPOINT_PERIOD": 10,
    "CHECKPOINT_FILE_PATH": "",
    "CHECKPOINT_TYPE": "pytorch",
    "CHECKPOINT_INFLATE": false,
    "CHECKPOINT_PRE_PROCESS": {
      "ENABLE": false
    },
    "FINE_TUNE": true,
    "ONLY_LINEAR": false,
    "LR_REDUCE": false,
    "TRAIN_VAL_COMBINE": false,
    "LOSS_FUNC": "cross_entropy",
    "USE_CLASSIFICATION_VALUE": 2.0,
    "GRADIENT_CHECKPOINT": true,
    "NUM_CLASS": 64,
    "META_BATCH": true,
    "WAY": 5,
    "SHOT": 1,
    "QUERY_PER_CLASS": 1,
    "QUERY_PER_CLASS_TEST": 1,
    "NUM_TRAIN_TASKS": 30000,
    "NUM_TEST_TASKS": 10000,
    "VAL_FRE_ITER": 10000,
    "BATCH_SIZE_PER_TASK": 4
  },
  "TEST": {
    "ENABLE": true,
    "DATASET": "SSv2-Full",
    "BATCH_SIZE": 1,
    "NUM_SPATIAL_CROPS": 1,
    "SPATIAL_CROPS": "cctltr",
    "NUM_ENSEMBLE_VIEWS": 1,
    "LOG_FILE": "test.log",
    "CHECKPOINT_FILE_PATH": "",
    "CHECKPOINT_TYPE": "pytorch",
    "AUTOMATIC_MULTI_SCALE_TEST": false,
    "TEST_SET": "val",
    "UPLOAD_CLASSIFIER_RESULTS": true,
    "SHOT": [
      5
    ]
  },
  "VISUALIZATION": {
    "ENABLE": false,
    "NAME": "",
    "FEATURE_MAPS": {
      "ENABLE": false,
      "BASE_OUTPUT_DIR": ""
    }
  },
  "SUBMISSION": {
    "ENABLE": false,
    "SAVE_RESULTS_PATH": "test.json"
  },
  "DATA": {
    "DATA_ROOT_DIR": "/mnt/data/yanyi2025/lrc/action_data/ssv2/videos/videos/",
    "ANNO_DIR": "config/ssv2_full/",
    "NUM_INPUT_FRAMES": 8,
    "NUM_INPUT_CHANNELS": 2304,
    "SAMPLING_MODE": "interval_based",
    "SAMPLING_RATE": 50,
    "TRAIN_JITTER_SCALES": [
      256,
      256
    ],
    "TRAIN_CROP_SIZE": 224,
    "TEST_SCALE": 256,
    "TEST_CROP_SIZE": 224,
    "MEAN": [
      0.48145466,
      0.4578275,
      0.40821073
    ],
    "STD": [
      0.26862954,
      0.26130258,
      0.27577711
    ],
    "MULTI_LABEL": false,
    "ENSEMBLE_METHOD": "sum",
    "TARGET_FPS": 12,
    "MINUS_INTERVAL": false,
    "FPS": 12,
    "NORM_FEATURE": false,
    "USE_AUG_FEATURE": false,
    "AUG": false,
    "LOAD_PROPS": false,
    "TEMPORAL_SCALE": 256,
    "LABELS_TYPE": "cls",
    "LOAD_TYPE": "pickle",
    "DOWNLOAD_FEATURE": true,
    "VIDEO_EXT": ".webm",
    "SAMPLING_UNIFORM": false,
    "TEST_CENTER_CROP": true,
    "CLIP_INTERVAL": 8
  },
  "MODEL": {
    "NAME": "BaseVideoModel",
    "EMA": {
      "ENABLE": false,
      "DECAY": 0.99996
    }
  },
  "VIDEO": {
    "BACKBONE": {
      "DEPTH": null,
      "META_ARCH": "Identity",
      "NUM_FILTERS": null,
      "NUM_INPUT_CHANNELS": 3,
      "NUM_OUT_FEATURES": null,
      "KERNEL_SIZE": null,
      "DOWNSAMPLING": null,
      "DOWNSAMPLING_TEMPORAL": null,
      "NUM_STREAMS": 1,
      "EXPANSION_RATIO": 2,
      "BRANCH": {
        "NAME": null
      },
      "STEM": {
        "NAME": null
      },
      "NONLOCAL": {
        "ENABLE": false,
        "STAGES": [
          5
        ],
        "MASK_ENABLE": false
      },
      "INITIALIZATION": null
    },
    "HEAD": {
      "NAME": "BaseTemporalClassifier",
      "ACTIVATION": "softmax",
      "DROPOUT_RATE": 0.0,
      "NUM_CLASSES": 200
    }
  },
  "OPTIMIZER": {
    "ADJUST_LR": false,
    "BASE_LR": 0.002,
    "LR_POLICY": "cosine",
    "MAX_EPOCH": 300,
    "MOMENTUM": 0.9,
    "WEIGHT_DECAY": "1e-3",
    "WARMUP_EPOCHS": 10,
    "WARMUP_START_LR": 0.0002,
    "OPTIM_METHOD": "adam",
    "DAMPENING": 0.0,
    "NESTEROV": true
  },
  "BN": {
    "WB_LOCK": false,
    "FREEZE": false,
    "WEIGHT_DECAY": 0.0,
    "MOMENTUM": 0.1,
    "EPS": "1e-3",
    "SYNC": false
  },
  "DATA_LOADER": {
    "NUM_WORKERS": 8,
    "PIN_MEMORY": true,
    "ENABLE_MULTI_THREAD_DECODE": true,
    "COLLATE_FN": null
  },
  "NUM_GPUS": 1,
  "SHARD_ID": 0,
  "NUM_SHARDS": 1,
  "RANDOM_SEED": 18,
  "OUTPUT_DIR": "output/SSv2_Full_v2",
  "OUTPUT_CFG_FILE": "configuration.log",
  "LOG_PERIOD": 200,
  "DIST_BACKEND": "nccl",
  "LOG_MODEL_INFO": false,
  "LOG_CONFIG_INFO": true,
  "OSS": {
    "ENABLE": false,
    "KEY": null,
    "SECRET": null,
    "ENDPOINT": null,
    "CHECKPOINT_OUTPUT_PATH": null,
    "SECONDARY_DATA_OSS": {
      "ENABLE": false,
      "KEY": null,
      "SECRET": null,
      "ENDPOINT": null,
      "BUCKETS": [
        ""
      ]
    }
  },
  "AUGMENTATION": {
    "COLOR_AUG": false,
    "BRIGHTNESS": 0.5,
    "CONTRAST": 0.5,
    "SATURATION": 0.5,
    "HUE": 0.25,
    "GRAYSCALE": 0.3,
    "CONSISTENT": true,
    "SHUFFLE": true,
    "GRAY_FIRST": true,
    "RATIO": [
      0.857142857142857,
      1.1666666666666667
    ],
    "USE_GPU": false,
    "MIXUP": {
      "ENABLE": false,
      "ALPHA": 0.0,
      "PROB": 1.0,
      "MODE": "batch",
      "SWITCH_PROB": 0.5
    },
    "CUTMIX": {
      "ENABLE": false,
      "ALPHA": 0.0,
      "MINMAX": null
    },
    "RANDOM_ERASING": {
      "ENABLE": false,
      "PROB": 0.25,
      "MODE": "const",
      "COUNT": [
        1,
        1
      ],
      "NUM_SPLITS": 0,
      "AREA_RANGE": [
        0.02,
        0.33
      ],
      "MIN_ASPECT": 0.3
    },
    "LABEL_SMOOTHING": 0.0,
    "SSV2_FLIP": false,
    "IS_SPLIT": false,
    "NO_RANDOM_ERASE": true,
    "SUPPORT_QUERY_DIFF": true
  },
  "PAI": false,
  "USE_MULTISEG_VAL_DIST": false,
  "DETECTION": {
    "ENABLE": false
  },
  "TENSORBOARD": {
    "ENABLE": false
  },
  "SOLVER": {
    "BASE_LR": 0.001,
    "LR_POLICY": "steps_with_relative_lrs",
    "MAX_EPOCH": 10,
    "MOMENTUM": 0.9,
    "WEIGHT_DECAY": "5e-4",
    "WARMUP_EPOCHS": 1,
    "WARMUP_START_LR": 0.0002,
    "OPTIM_METHOD": "adam",
    "DAMPENING": 0.0,
    "NESTEROV": true,
    "STEPS_ITER": 3000,
    "STEPS": [
      0,
      4,
      6,
      8
    ],
    "LRS": [
      1,
      0.5,
      0.1,
      0.05
    ]
  },
  "PRE_DOWNLOAD": {
    "ENABLE": false
  },
  "SUPPORT_SHOT": 1,
  "ADAPTER": {
    "NAME": "ViT_CLIP",
    "PRETRAINED": "ViT-B/16",
    "WIDTH": 768,
    "PATCH_SIZE": 16,
    "LAYERS": 12,
    "HEADS": 12,
    "ADAPTER_SCALE": 0.25
  },
  "INIT_METHOD": "tcp://localhost:1111",
  "CUDA_VISIBLE_DEVICES": "1"
}

[08/09 20:06:32][INFO] models.base.adapter:  650: load model from: ViT-B/16
[08/09 20:06:33][INFO] models.base.adapter:  657: Missing keys: ['temporal_embedding', 'transformer.resblocks.0.Adapter.down.weight', 'transformer.resblocks.0.Adapter.down.bias', 'transformer.resblocks.0.Adapter.pos_embed.weight', 'transformer.resblocks.0.Adapter.pos_embed.bias', 'transformer.resblocks.0.Adapter.s_ln.weight', 'transformer.resblocks.0.Adapter.s_ln.bias', 'transformer.resblocks.0.Adapter.s_attn.conv_offset.0.weight', 'transformer.resblocks.0.Adapter.s_attn.conv_offset.0.bias', 'transformer.resblocks.0.Adapter.s_attn.conv_offset.1.norm.weight', 'transformer.resblocks.0.Adapter.s_attn.conv_offset.1.norm.bias', 'transformer.resblocks.0.Adapter.s_attn.conv_offset.3.weight', 'transformer.resblocks.0.Adapter.s_attn.proj_q.weight', 'transformer.resblocks.0.Adapter.s_attn.proj_q.bias', 'transformer.resblocks.0.Adapter.s_attn.proj_k.weight', 'transformer.resblocks.0.Adapter.s_attn.proj_k.bias', 'transformer.resblocks.0.Adapter.s_attn.proj_v.weight', 'transformer.resblocks.0.Adapter.s_attn.proj_v.bias', 'transformer.resblocks.0.Adapter.s_attn.proj_out.weight', 'transformer.resblocks.0.Adapter.s_attn.proj_out.bias', 'transformer.resblocks.0.Adapter.t_ln.weight', 'transformer.resblocks.0.Adapter.t_ln.bias', 'transformer.resblocks.0.Adapter.t_attn.conv_offset.0.weight', 'transformer.resblocks.0.Adapter.t_attn.conv_offset.0.bias', 'transformer.resblocks.0.Adapter.t_attn.conv_offset.1.norm.weight', 'transformer.resblocks.0.Adapter.t_attn.conv_offset.1.norm.bias', 'transformer.resblocks.0.Adapter.t_attn.conv_offset.3.weight', 'transformer.resblocks.0.Adapter.t_attn.proj_q.weight', 'transformer.resblocks.0.Adapter.t_attn.proj_q.bias', 'transformer.resblocks.0.Adapter.t_attn.proj_k.weight', 'transformer.resblocks.0.Adapter.t_attn.proj_k.bias', 'transformer.resblocks.0.Adapter.t_attn.proj_v.weight', 'transformer.resblocks.0.Adapter.t_attn.proj_v.bias', 'transformer.resblocks.0.Adapter.t_attn.proj_out.weight', 'transformer.resblocks.0.Adapter.t_attn.proj_out.bias', 'transformer.resblocks.0.Adapter.up.weight', 'transformer.resblocks.0.Adapter.up.bias', 'transformer.resblocks.1.Adapter.down.weight', 'transformer.resblocks.1.Adapter.down.bias', 'transformer.resblocks.1.Adapter.pos_embed.weight', 'transformer.resblocks.1.Adapter.pos_embed.bias', 'transformer.resblocks.1.Adapter.s_ln.weight', 'transformer.resblocks.1.Adapter.s_ln.bias', 'transformer.resblocks.1.Adapter.s_attn.conv_offset.0.weight', 'transformer.resblocks.1.Adapter.s_attn.conv_offset.0.bias', 'transformer.resblocks.1.Adapter.s_attn.conv_offset.1.norm.weight', 'transformer.resblocks.1.Adapter.s_attn.conv_offset.1.norm.bias', 'transformer.resblocks.1.Adapter.s_attn.conv_offset.3.weight', 'transformer.resblocks.1.Adapter.s_attn.proj_q.weight', 'transformer.resblocks.1.Adapter.s_attn.proj_q.bias', 'transformer.resblocks.1.Adapter.s_attn.proj_k.weight', 'transformer.resblocks.1.Adapter.s_attn.proj_k.bias', 'transformer.resblocks.1.Adapter.s_attn.proj_v.weight', 'transformer.resblocks.1.Adapter.s_attn.proj_v.bias', 'transformer.resblocks.1.Adapter.s_attn.proj_out.weight', 'transformer.resblocks.1.Adapter.s_attn.proj_out.bias', 'transformer.resblocks.1.Adapter.t_ln.weight', 'transformer.resblocks.1.Adapter.t_ln.bias', 'transformer.resblocks.1.Adapter.t_attn.conv_offset.0.weight', 'transformer.resblocks.1.Adapter.t_attn.conv_offset.0.bias', 'transformer.resblocks.1.Adapter.t_attn.conv_offset.1.norm.weight', 'transformer.resblocks.1.Adapter.t_attn.conv_offset.1.norm.bias', 'transformer.resblocks.1.Adapter.t_attn.conv_offset.3.weight', 'transformer.resblocks.1.Adapter.t_attn.proj_q.weight', 'transformer.resblocks.1.Adapter.t_attn.proj_q.bias', 'transformer.resblocks.1.Adapter.t_attn.proj_k.weight', 'transformer.resblocks.1.Adapter.t_attn.proj_k.bias', 'transformer.resblocks.1.Adapter.t_attn.proj_v.weight', 'transformer.resblocks.1.Adapter.t_attn.proj_v.bias', 'transformer.resblocks.1.Adapter.t_attn.proj_out.weight', 'transformer.resblocks.1.Adapter.t_attn.proj_out.bias', 'transformer.resblocks.1.Adapter.up.weight', 'transformer.resblocks.1.Adapter.up.bias', 'transformer.resblocks.2.Adapter.down.weight', 'transformer.resblocks.2.Adapter.down.bias', 'transformer.resblocks.2.Adapter.pos_embed.weight', 'transformer.resblocks.2.Adapter.pos_embed.bias', 'transformer.resblocks.2.Adapter.s_ln.weight', 'transformer.resblocks.2.Adapter.s_ln.bias', 'transformer.resblocks.2.Adapter.s_attn.conv_offset.0.weight', 'transformer.resblocks.2.Adapter.s_attn.conv_offset.0.bias', 'transformer.resblocks.2.Adapter.s_attn.conv_offset.1.norm.weight', 'transformer.resblocks.2.Adapter.s_attn.conv_offset.1.norm.bias', 'transformer.resblocks.2.Adapter.s_attn.conv_offset.3.weight', 'transformer.resblocks.2.Adapter.s_attn.proj_q.weight', 'transformer.resblocks.2.Adapter.s_attn.proj_q.bias', 'transformer.resblocks.2.Adapter.s_attn.proj_k.weight', 'transformer.resblocks.2.Adapter.s_attn.proj_k.bias', 'transformer.resblocks.2.Adapter.s_attn.proj_v.weight', 'transformer.resblocks.2.Adapter.s_attn.proj_v.bias', 'transformer.resblocks.2.Adapter.s_attn.proj_out.weight', 'transformer.resblocks.2.Adapter.s_attn.proj_out.bias', 'transformer.resblocks.2.Adapter.t_ln.weight', 'transformer.resblocks.2.Adapter.t_ln.bias', 'transformer.resblocks.2.Adapter.t_attn.conv_offset.0.weight', 'transformer.resblocks.2.Adapter.t_attn.conv_offset.0.bias', 'transformer.resblocks.2.Adapter.t_attn.conv_offset.1.norm.weight', 'transformer.resblocks.2.Adapter.t_attn.conv_offset.1.norm.bias', 'transformer.resblocks.2.Adapter.t_attn.conv_offset.3.weight', 'transformer.resblocks.2.Adapter.t_attn.proj_q.weight', 'transformer.resblocks.2.Adapter.t_attn.proj_q.bias', 'transformer.resblocks.2.Adapter.t_attn.proj_k.weight', 'transformer.resblocks.2.Adapter.t_attn.proj_k.bias', 'transformer.resblocks.2.Adapter.t_attn.proj_v.weight', 'transformer.resblocks.2.Adapter.t_attn.proj_v.bias', 'transformer.resblocks.2.Adapter.t_attn.proj_out.weight', 'transformer.resblocks.2.Adapter.t_attn.proj_out.bias', 'transformer.resblocks.2.Adapter.up.weight', 'transformer.resblocks.2.Adapter.up.bias', 'transformer.resblocks.3.Adapter.down.weight', 'transformer.resblocks.3.Adapter.down.bias', 'transformer.resblocks.3.Adapter.pos_embed.weight', 'transformer.resblocks.3.Adapter.pos_embed.bias', 'transformer.resblocks.3.Adapter.s_ln.weight', 'transformer.resblocks.3.Adapter.s_ln.bias', 'transformer.resblocks.3.Adapter.s_attn.conv_offset.0.weight', 'transformer.resblocks.3.Adapter.s_attn.conv_offset.0.bias', 'transformer.resblocks.3.Adapter.s_attn.conv_offset.1.norm.weight', 'transformer.resblocks.3.Adapter.s_attn.conv_offset.1.norm.bias', 'transformer.resblocks.3.Adapter.s_attn.conv_offset.3.weight', 'transformer.resblocks.3.Adapter.s_attn.proj_q.weight', 'transformer.resblocks.3.Adapter.s_attn.proj_q.bias', 'transformer.resblocks.3.Adapter.s_attn.proj_k.weight', 'transformer.resblocks.3.Adapter.s_attn.proj_k.bias', 'transformer.resblocks.3.Adapter.s_attn.proj_v.weight', 'transformer.resblocks.3.Adapter.s_attn.proj_v.bias', 'transformer.resblocks.3.Adapter.s_attn.proj_out.weight', 'transformer.resblocks.3.Adapter.s_attn.proj_out.bias', 'transformer.resblocks.3.Adapter.t_ln.weight', 'transformer.resblocks.3.Adapter.t_ln.bias', 'transformer.resblocks.3.Adapter.t_attn.conv_offset.0.weight', 'transformer.resblocks.3.Adapter.t_attn.conv_offset.0.bias', 'transformer.resblocks.3.Adapter.t_attn.conv_offset.1.norm.weight', 'transformer.resblocks.3.Adapter.t_attn.conv_offset.1.norm.bias', 'transformer.resblocks.3.Adapter.t_attn.conv_offset.3.weight', 'transformer.resblocks.3.Adapter.t_attn.proj_q.weight', 'transformer.resblocks.3.Adapter.t_attn.proj_q.bias', 'transformer.resblocks.3.Adapter.t_attn.proj_k.weight', 'transformer.resblocks.3.Adapter.t_attn.proj_k.bias', 'transformer.resblocks.3.Adapter.t_attn.proj_v.weight', 'transformer.resblocks.3.Adapter.t_attn.proj_v.bias', 'transformer.resblocks.3.Adapter.t_attn.proj_out.weight', 'transformer.resblocks.3.Adapter.t_attn.proj_out.bias', 'transformer.resblocks.3.Adapter.up.weight', 'transformer.resblocks.3.Adapter.up.bias', 'transformer.resblocks.4.Adapter.down.weight', 'transformer.resblocks.4.Adapter.down.bias', 'transformer.resblocks.4.Adapter.pos_embed.weight', 'transformer.resblocks.4.Adapter.pos_embed.bias', 'transformer.resblocks.4.Adapter.s_ln.weight', 'transformer.resblocks.4.Adapter.s_ln.bias', 'transformer.resblocks.4.Adapter.s_attn.conv_offset.0.weight', 'transformer.resblocks.4.Adapter.s_attn.conv_offset.0.bias', 'transformer.resblocks.4.Adapter.s_attn.conv_offset.1.norm.weight', 'transformer.resblocks.4.Adapter.s_attn.conv_offset.1.norm.bias', 'transformer.resblocks.4.Adapter.s_attn.conv_offset.3.weight', 'transformer.resblocks.4.Adapter.s_attn.proj_q.weight', 'transformer.resblocks.4.Adapter.s_attn.proj_q.bias', 'transformer.resblocks.4.Adapter.s_attn.proj_k.weight', 'transformer.resblocks.4.Adapter.s_attn.proj_k.bias', 'transformer.resblocks.4.Adapter.s_attn.proj_v.weight', 'transformer.resblocks.4.Adapter.s_attn.proj_v.bias', 'transformer.resblocks.4.Adapter.s_attn.proj_out.weight', 'transformer.resblocks.4.Adapter.s_attn.proj_out.bias', 'transformer.resblocks.4.Adapter.t_ln.weight', 'transformer.resblocks.4.Adapter.t_ln.bias', 'transformer.resblocks.4.Adapter.t_attn.conv_offset.0.weight', 'transformer.resblocks.4.Adapter.t_attn.conv_offset.0.bias', 'transformer.resblocks.4.Adapter.t_attn.conv_offset.1.norm.weight', 'transformer.resblocks.4.Adapter.t_attn.conv_offset.1.norm.bias', 'transformer.resblocks.4.Adapter.t_attn.conv_offset.3.weight', 'transformer.resblocks.4.Adapter.t_attn.proj_q.weight', 'transformer.resblocks.4.Adapter.t_attn.proj_q.bias', 'transformer.resblocks.4.Adapter.t_attn.proj_k.weight', 'transformer.resblocks.4.Adapter.t_attn.proj_k.bias', 'transformer.resblocks.4.Adapter.t_attn.proj_v.weight', 'transformer.resblocks.4.Adapter.t_attn.proj_v.bias', 'transformer.resblocks.4.Adapter.t_attn.proj_out.weight', 'transformer.resblocks.4.Adapter.t_attn.proj_out.bias', 'transformer.resblocks.4.Adapter.up.weight', 'transformer.resblocks.4.Adapter.up.bias', 'transformer.resblocks.5.Adapter.down.weight', 'transformer.resblocks.5.Adapter.down.bias', 'transformer.resblocks.5.Adapter.pos_embed.weight', 'transformer.resblocks.5.Adapter.pos_embed.bias', 'transformer.resblocks.5.Adapter.s_ln.weight', 'transformer.resblocks.5.Adapter.s_ln.bias', 'transformer.resblocks.5.Adapter.s_attn.conv_offset.0.weight', 'transformer.resblocks.5.Adapter.s_attn.conv_offset.0.bias', 'transformer.resblocks.5.Adapter.s_attn.conv_offset.1.norm.weight', 'transformer.resblocks.5.Adapter.s_attn.conv_offset.1.norm.bias', 'transformer.resblocks.5.Adapter.s_attn.conv_offset.3.weight', 'transformer.resblocks.5.Adapter.s_attn.proj_q.weight', 'transformer.resblocks.5.Adapter.s_attn.proj_q.bias', 'transformer.resblocks.5.Adapter.s_attn.proj_k.weight', 'transformer.resblocks.5.Adapter.s_attn.proj_k.bias', 'transformer.resblocks.5.Adapter.s_attn.proj_v.weight', 'transformer.resblocks.5.Adapter.s_attn.proj_v.bias', 'transformer.resblocks.5.Adapter.s_attn.proj_out.weight', 'transformer.resblocks.5.Adapter.s_attn.proj_out.bias', 'transformer.resblocks.5.Adapter.t_ln.weight', 'transformer.resblocks.5.Adapter.t_ln.bias', 'transformer.resblocks.5.Adapter.t_attn.conv_offset.0.weight', 'transformer.resblocks.5.Adapter.t_attn.conv_offset.0.bias', 'transformer.resblocks.5.Adapter.t_attn.conv_offset.1.norm.weight', 'transformer.resblocks.5.Adapter.t_attn.conv_offset.1.norm.bias', 'transformer.resblocks.5.Adapter.t_attn.conv_offset.3.weight', 'transformer.resblocks.5.Adapter.t_attn.proj_q.weight', 'transformer.resblocks.5.Adapter.t_attn.proj_q.bias', 'transformer.resblocks.5.Adapter.t_attn.proj_k.weight', 'transformer.resblocks.5.Adapter.t_attn.proj_k.bias', 'transformer.resblocks.5.Adapter.t_attn.proj_v.weight', 'transformer.resblocks.5.Adapter.t_attn.proj_v.bias', 'transformer.resblocks.5.Adapter.t_attn.proj_out.weight', 'transformer.resblocks.5.Adapter.t_attn.proj_out.bias', 'transformer.resblocks.5.Adapter.up.weight', 'transformer.resblocks.5.Adapter.up.bias', 'transformer.resblocks.6.Adapter.down.weight', 'transformer.resblocks.6.Adapter.down.bias', 'transformer.resblocks.6.Adapter.pos_embed.weight', 'transformer.resblocks.6.Adapter.pos_embed.bias', 'transformer.resblocks.6.Adapter.s_ln.weight', 'transformer.resblocks.6.Adapter.s_ln.bias', 'transformer.resblocks.6.Adapter.s_attn.conv_offset.0.weight', 'transformer.resblocks.6.Adapter.s_attn.conv_offset.0.bias', 'transformer.resblocks.6.Adapter.s_attn.conv_offset.1.norm.weight', 'transformer.resblocks.6.Adapter.s_attn.conv_offset.1.norm.bias', 'transformer.resblocks.6.Adapter.s_attn.conv_offset.3.weight', 'transformer.resblocks.6.Adapter.s_attn.proj_q.weight', 'transformer.resblocks.6.Adapter.s_attn.proj_q.bias', 'transformer.resblocks.6.Adapter.s_attn.proj_k.weight', 'transformer.resblocks.6.Adapter.s_attn.proj_k.bias', 'transformer.resblocks.6.Adapter.s_attn.proj_v.weight', 'transformer.resblocks.6.Adapter.s_attn.proj_v.bias', 'transformer.resblocks.6.Adapter.s_attn.proj_out.weight', 'transformer.resblocks.6.Adapter.s_attn.proj_out.bias', 'transformer.resblocks.6.Adapter.t_ln.weight', 'transformer.resblocks.6.Adapter.t_ln.bias', 'transformer.resblocks.6.Adapter.t_attn.conv_offset.0.weight', 'transformer.resblocks.6.Adapter.t_attn.conv_offset.0.bias', 'transformer.resblocks.6.Adapter.t_attn.conv_offset.1.norm.weight', 'transformer.resblocks.6.Adapter.t_attn.conv_offset.1.norm.bias', 'transformer.resblocks.6.Adapter.t_attn.conv_offset.3.weight', 'transformer.resblocks.6.Adapter.t_attn.proj_q.weight', 'transformer.resblocks.6.Adapter.t_attn.proj_q.bias', 'transformer.resblocks.6.Adapter.t_attn.proj_k.weight', 'transformer.resblocks.6.Adapter.t_attn.proj_k.bias', 'transformer.resblocks.6.Adapter.t_attn.proj_v.weight', 'transformer.resblocks.6.Adapter.t_attn.proj_v.bias', 'transformer.resblocks.6.Adapter.t_attn.proj_out.weight', 'transformer.resblocks.6.Adapter.t_attn.proj_out.bias', 'transformer.resblocks.6.Adapter.up.weight', 'transformer.resblocks.6.Adapter.up.bias', 'transformer.resblocks.7.Adapter.down.weight', 'transformer.resblocks.7.Adapter.down.bias', 'transformer.resblocks.7.Adapter.pos_embed.weight', 'transformer.resblocks.7.Adapter.pos_embed.bias', 'transformer.resblocks.7.Adapter.s_ln.weight', 'transformer.resblocks.7.Adapter.s_ln.bias', 'transformer.resblocks.7.Adapter.s_attn.conv_offset.0.weight', 'transformer.resblocks.7.Adapter.s_attn.conv_offset.0.bias', 'transformer.resblocks.7.Adapter.s_attn.conv_offset.1.norm.weight', 'transformer.resblocks.7.Adapter.s_attn.conv_offset.1.norm.bias', 'transformer.resblocks.7.Adapter.s_attn.conv_offset.3.weight', 'transformer.resblocks.7.Adapter.s_attn.proj_q.weight', 'transformer.resblocks.7.Adapter.s_attn.proj_q.bias', 'transformer.resblocks.7.Adapter.s_attn.proj_k.weight', 'transformer.resblocks.7.Adapter.s_attn.proj_k.bias', 'transformer.resblocks.7.Adapter.s_attn.proj_v.weight', 'transformer.resblocks.7.Adapter.s_attn.proj_v.bias', 'transformer.resblocks.7.Adapter.s_attn.proj_out.weight', 'transformer.resblocks.7.Adapter.s_attn.proj_out.bias', 'transformer.resblocks.7.Adapter.t_ln.weight', 'transformer.resblocks.7.Adapter.t_ln.bias', 'transformer.resblocks.7.Adapter.t_attn.conv_offset.0.weight', 'transformer.resblocks.7.Adapter.t_attn.conv_offset.0.bias', 'transformer.resblocks.7.Adapter.t_attn.conv_offset.1.norm.weight', 'transformer.resblocks.7.Adapter.t_attn.conv_offset.1.norm.bias', 'transformer.resblocks.7.Adapter.t_attn.conv_offset.3.weight', 'transformer.resblocks.7.Adapter.t_attn.proj_q.weight', 'transformer.resblocks.7.Adapter.t_attn.proj_q.bias', 'transformer.resblocks.7.Adapter.t_attn.proj_k.weight', 'transformer.resblocks.7.Adapter.t_attn.proj_k.bias', 'transformer.resblocks.7.Adapter.t_attn.proj_v.weight', 'transformer.resblocks.7.Adapter.t_attn.proj_v.bias', 'transformer.resblocks.7.Adapter.t_attn.proj_out.weight', 'transformer.resblocks.7.Adapter.t_attn.proj_out.bias', 'transformer.resblocks.7.Adapter.up.weight', 'transformer.resblocks.7.Adapter.up.bias', 'transformer.resblocks.8.Adapter.down.weight', 'transformer.resblocks.8.Adapter.down.bias', 'transformer.resblocks.8.Adapter.pos_embed.weight', 'transformer.resblocks.8.Adapter.pos_embed.bias', 'transformer.resblocks.8.Adapter.s_ln.weight', 'transformer.resblocks.8.Adapter.s_ln.bias', 'transformer.resblocks.8.Adapter.s_attn.conv_offset.0.weight', 'transformer.resblocks.8.Adapter.s_attn.conv_offset.0.bias', 'transformer.resblocks.8.Adapter.s_attn.conv_offset.1.norm.weight', 'transformer.resblocks.8.Adapter.s_attn.conv_offset.1.norm.bias', 'transformer.resblocks.8.Adapter.s_attn.conv_offset.3.weight', 'transformer.resblocks.8.Adapter.s_attn.proj_q.weight', 'transformer.resblocks.8.Adapter.s_attn.proj_q.bias', 'transformer.resblocks.8.Adapter.s_attn.proj_k.weight', 'transformer.resblocks.8.Adapter.s_attn.proj_k.bias', 'transformer.resblocks.8.Adapter.s_attn.proj_v.weight', 'transformer.resblocks.8.Adapter.s_attn.proj_v.bias', 'transformer.resblocks.8.Adapter.s_attn.proj_out.weight', 'transformer.resblocks.8.Adapter.s_attn.proj_out.bias', 'transformer.resblocks.8.Adapter.t_ln.weight', 'transformer.resblocks.8.Adapter.t_ln.bias', 'transformer.resblocks.8.Adapter.t_attn.conv_offset.0.weight', 'transformer.resblocks.8.Adapter.t_attn.conv_offset.0.bias', 'transformer.resblocks.8.Adapter.t_attn.conv_offset.1.norm.weight', 'transformer.resblocks.8.Adapter.t_attn.conv_offset.1.norm.bias', 'transformer.resblocks.8.Adapter.t_attn.conv_offset.3.weight', 'transformer.resblocks.8.Adapter.t_attn.proj_q.weight', 'transformer.resblocks.8.Adapter.t_attn.proj_q.bias', 'transformer.resblocks.8.Adapter.t_attn.proj_k.weight', 'transformer.resblocks.8.Adapter.t_attn.proj_k.bias', 'transformer.resblocks.8.Adapter.t_attn.proj_v.weight', 'transformer.resblocks.8.Adapter.t_attn.proj_v.bias', 'transformer.resblocks.8.Adapter.t_attn.proj_out.weight', 'transformer.resblocks.8.Adapter.t_attn.proj_out.bias', 'transformer.resblocks.8.Adapter.up.weight', 'transformer.resblocks.8.Adapter.up.bias', 'transformer.resblocks.9.Adapter.down.weight', 'transformer.resblocks.9.Adapter.down.bias', 'transformer.resblocks.9.Adapter.pos_embed.weight', 'transformer.resblocks.9.Adapter.pos_embed.bias', 'transformer.resblocks.9.Adapter.s_ln.weight', 'transformer.resblocks.9.Adapter.s_ln.bias', 'transformer.resblocks.9.Adapter.s_attn.conv_offset.0.weight', 'transformer.resblocks.9.Adapter.s_attn.conv_offset.0.bias', 'transformer.resblocks.9.Adapter.s_attn.conv_offset.1.norm.weight', 'transformer.resblocks.9.Adapter.s_attn.conv_offset.1.norm.bias', 'transformer.resblocks.9.Adapter.s_attn.conv_offset.3.weight', 'transformer.resblocks.9.Adapter.s_attn.proj_q.weight', 'transformer.resblocks.9.Adapter.s_attn.proj_q.bias', 'transformer.resblocks.9.Adapter.s_attn.proj_k.weight', 'transformer.resblocks.9.Adapter.s_attn.proj_k.bias', 'transformer.resblocks.9.Adapter.s_attn.proj_v.weight', 'transformer.resblocks.9.Adapter.s_attn.proj_v.bias', 'transformer.resblocks.9.Adapter.s_attn.proj_out.weight', 'transformer.resblocks.9.Adapter.s_attn.proj_out.bias', 'transformer.resblocks.9.Adapter.t_ln.weight', 'transformer.resblocks.9.Adapter.t_ln.bias', 'transformer.resblocks.9.Adapter.t_attn.conv_offset.0.weight', 'transformer.resblocks.9.Adapter.t_attn.conv_offset.0.bias', 'transformer.resblocks.9.Adapter.t_attn.conv_offset.1.norm.weight', 'transformer.resblocks.9.Adapter.t_attn.conv_offset.1.norm.bias', 'transformer.resblocks.9.Adapter.t_attn.conv_offset.3.weight', 'transformer.resblocks.9.Adapter.t_attn.proj_q.weight', 'transformer.resblocks.9.Adapter.t_attn.proj_q.bias', 'transformer.resblocks.9.Adapter.t_attn.proj_k.weight', 'transformer.resblocks.9.Adapter.t_attn.proj_k.bias', 'transformer.resblocks.9.Adapter.t_attn.proj_v.weight', 'transformer.resblocks.9.Adapter.t_attn.proj_v.bias', 'transformer.resblocks.9.Adapter.t_attn.proj_out.weight', 'transformer.resblocks.9.Adapter.t_attn.proj_out.bias', 'transformer.resblocks.9.Adapter.up.weight', 'transformer.resblocks.9.Adapter.up.bias', 'transformer.resblocks.10.Adapter.down.weight', 'transformer.resblocks.10.Adapter.down.bias', 'transformer.resblocks.10.Adapter.pos_embed.weight', 'transformer.resblocks.10.Adapter.pos_embed.bias', 'transformer.resblocks.10.Adapter.s_ln.weight', 'transformer.resblocks.10.Adapter.s_ln.bias', 'transformer.resblocks.10.Adapter.s_attn.conv_offset.0.weight', 'transformer.resblocks.10.Adapter.s_attn.conv_offset.0.bias', 'transformer.resblocks.10.Adapter.s_attn.conv_offset.1.norm.weight', 'transformer.resblocks.10.Adapter.s_attn.conv_offset.1.norm.bias', 'transformer.resblocks.10.Adapter.s_attn.conv_offset.3.weight', 'transformer.resblocks.10.Adapter.s_attn.proj_q.weight', 'transformer.resblocks.10.Adapter.s_attn.proj_q.bias', 'transformer.resblocks.10.Adapter.s_attn.proj_k.weight', 'transformer.resblocks.10.Adapter.s_attn.proj_k.bias', 'transformer.resblocks.10.Adapter.s_attn.proj_v.weight', 'transformer.resblocks.10.Adapter.s_attn.proj_v.bias', 'transformer.resblocks.10.Adapter.s_attn.proj_out.weight', 'transformer.resblocks.10.Adapter.s_attn.proj_out.bias', 'transformer.resblocks.10.Adapter.t_ln.weight', 'transformer.resblocks.10.Adapter.t_ln.bias', 'transformer.resblocks.10.Adapter.t_attn.conv_offset.0.weight', 'transformer.resblocks.10.Adapter.t_attn.conv_offset.0.bias', 'transformer.resblocks.10.Adapter.t_attn.conv_offset.1.norm.weight', 'transformer.resblocks.10.Adapter.t_attn.conv_offset.1.norm.bias', 'transformer.resblocks.10.Adapter.t_attn.conv_offset.3.weight', 'transformer.resblocks.10.Adapter.t_attn.proj_q.weight', 'transformer.resblocks.10.Adapter.t_attn.proj_q.bias', 'transformer.resblocks.10.Adapter.t_attn.proj_k.weight', 'transformer.resblocks.10.Adapter.t_attn.proj_k.bias', 'transformer.resblocks.10.Adapter.t_attn.proj_v.weight', 'transformer.resblocks.10.Adapter.t_attn.proj_v.bias', 'transformer.resblocks.10.Adapter.t_attn.proj_out.weight', 'transformer.resblocks.10.Adapter.t_attn.proj_out.bias', 'transformer.resblocks.10.Adapter.up.weight', 'transformer.resblocks.10.Adapter.up.bias', 'transformer.resblocks.11.Adapter.down.weight', 'transformer.resblocks.11.Adapter.down.bias', 'transformer.resblocks.11.Adapter.pos_embed.weight', 'transformer.resblocks.11.Adapter.pos_embed.bias', 'transformer.resblocks.11.Adapter.s_ln.weight', 'transformer.resblocks.11.Adapter.s_ln.bias', 'transformer.resblocks.11.Adapter.s_attn.conv_offset.0.weight', 'transformer.resblocks.11.Adapter.s_attn.conv_offset.0.bias', 'transformer.resblocks.11.Adapter.s_attn.conv_offset.1.norm.weight', 'transformer.resblocks.11.Adapter.s_attn.conv_offset.1.norm.bias', 'transformer.resblocks.11.Adapter.s_attn.conv_offset.3.weight', 'transformer.resblocks.11.Adapter.s_attn.proj_q.weight', 'transformer.resblocks.11.Adapter.s_attn.proj_q.bias', 'transformer.resblocks.11.Adapter.s_attn.proj_k.weight', 'transformer.resblocks.11.Adapter.s_attn.proj_k.bias', 'transformer.resblocks.11.Adapter.s_attn.proj_v.weight', 'transformer.resblocks.11.Adapter.s_attn.proj_v.bias', 'transformer.resblocks.11.Adapter.s_attn.proj_out.weight', 'transformer.resblocks.11.Adapter.s_attn.proj_out.bias', 'transformer.resblocks.11.Adapter.t_ln.weight', 'transformer.resblocks.11.Adapter.t_ln.bias', 'transformer.resblocks.11.Adapter.t_attn.conv_offset.0.weight', 'transformer.resblocks.11.Adapter.t_attn.conv_offset.0.bias', 'transformer.resblocks.11.Adapter.t_attn.conv_offset.1.norm.weight', 'transformer.resblocks.11.Adapter.t_attn.conv_offset.1.norm.bias', 'transformer.resblocks.11.Adapter.t_attn.conv_offset.3.weight', 'transformer.resblocks.11.Adapter.t_attn.proj_q.weight', 'transformer.resblocks.11.Adapter.t_attn.proj_q.bias', 'transformer.resblocks.11.Adapter.t_attn.proj_k.weight', 'transformer.resblocks.11.Adapter.t_attn.proj_k.bias', 'transformer.resblocks.11.Adapter.t_attn.proj_v.weight', 'transformer.resblocks.11.Adapter.t_attn.proj_v.bias', 'transformer.resblocks.11.Adapter.t_attn.proj_out.weight', 'transformer.resblocks.11.Adapter.t_attn.proj_out.bias', 'transformer.resblocks.11.Adapter.up.weight', 'transformer.resblocks.11.Adapter.up.bias', 'classification_layer.weight', 'classification_layer.bias']
[08/09 20:06:33][INFO] models.base.adapter:  658: Unexpected keys: []
[08/09 20:06:33][INFO] models.base.adapter:  659: => loaded successfully 'ViT-B/16'
[08/09 20:06:33][INFO] models.base.adapter:  666: init:  transformer.resblocks.0.Adapter.up
[08/09 20:06:33][INFO] models.base.adapter:  666: init:  transformer.resblocks.1.Adapter.up
[08/09 20:06:33][INFO] models.base.adapter:  666: init:  transformer.resblocks.2.Adapter.up
[08/09 20:06:33][INFO] models.base.adapter:  666: init:  transformer.resblocks.3.Adapter.up
[08/09 20:06:33][INFO] models.base.adapter:  666: init:  transformer.resblocks.4.Adapter.up
[08/09 20:06:33][INFO] models.base.adapter:  666: init:  transformer.resblocks.5.Adapter.up
[08/09 20:06:33][INFO] models.base.adapter:  666: init:  transformer.resblocks.6.Adapter.up
[08/09 20:06:33][INFO] models.base.adapter:  666: init:  transformer.resblocks.7.Adapter.up
[08/09 20:06:33][INFO] models.base.adapter:  666: init:  transformer.resblocks.8.Adapter.up
[08/09 20:06:33][INFO] models.base.adapter:  666: init:  transformer.resblocks.9.Adapter.up
[08/09 20:06:33][INFO] models.base.adapter:  666: init:  transformer.resblocks.10.Adapter.up
[08/09 20:06:33][INFO] models.base.adapter:  666: init:  transformer.resblocks.11.Adapter.up
[08/09 20:06:34][INFO] train_net_few_shot:  171: Model:
BaseVideoModel(
  (model): ViT_CLIP(
    (conv1): Conv2d(3, 768, kernel_size=(16, 16), stride=(16, 16), bias=False)
    (ln_pre): LayerNorm((768,), eps=1e-05, elementwise_affine=True, bias=True)
    (transformer): Transformer(
      (resblocks): ModuleList(
        (0-11): 12 x ResidualAttentionBlock(
          (ln_1): LayerNorm((768,), eps=1e-05, elementwise_affine=True, bias=True)
          (attn): MultiheadAttention(
            (out_proj): NonDynamicallyQuantizableLinear(in_features=768, out_features=768, bias=True)
          )
          (ln_2): LayerNorm((768,), eps=1e-05, elementwise_affine=True, bias=True)
          (mlp): Sequential(
            (c_fc): Linear(in_features=768, out_features=3072, bias=True)
            (gelu): QuickGELU()
            (c_proj): Linear(in_features=3072, out_features=768, bias=True)
          )
          (Adapter): ViT_D2ST_Adapter(
            (down): Linear(in_features=768, out_features=192, bias=True)
            (gelu1): GELU(approximate='none')
            (pos_embed): Conv3d(192, 192, kernel_size=(3, 3, 3), stride=(1, 1, 1), padding=(1, 1, 1), groups=192)
            (s_ln): LayerNorm((192,), eps=1e-05, elementwise_affine=True, bias=True)
            (s_attn): ViT_DeformAttention(
              (conv_offset): Sequential(
                (0): Conv3d(48, 48, kernel_size=(4, 5, 5), stride=(4, 3, 3), groups=48)
                (1): LayerNormProxy(
                  (norm): LayerNorm((48,), eps=1e-05, elementwise_affine=True, bias=True)
                )
                (2): GELU(approximate='none')
                (3): Conv3d(48, 3, kernel_size=(1, 1, 1), stride=(1, 1, 1), bias=False)
              )
              (proj_q): Linear(in_features=192, out_features=192, bias=True)
              (proj_k): Linear(in_features=192, out_features=192, bias=True)
              (proj_v): Linear(in_features=192, out_features=192, bias=True)
              (proj_out): Linear(in_features=192, out_features=192, bias=True)
            )
            (t_ln): LayerNorm((192,), eps=1e-05, elementwise_affine=True, bias=True)
            (t_attn): ViT_DeformAttention(
              (conv_offset): Sequential(
                (0): Conv3d(48, 48, kernel_size=(1, 7, 7), stride=(1, 7, 7), groups=48)
                (1): LayerNormProxy(
                  (norm): LayerNorm((48,), eps=1e-05, elementwise_affine=True, bias=True)
                )
                (2): GELU(approximate='none')
                (3): Conv3d(48, 3, kernel_size=(1, 1, 1), stride=(1, 1, 1), bias=False)
              )
              (proj_q): Linear(in_features=192, out_features=192, bias=True)
              (proj_k): Linear(in_features=192, out_features=192, bias=True)
              (proj_v): Linear(in_features=192, out_features=192, bias=True)
              (proj_out): Linear(in_features=192, out_features=192, bias=True)
            )
            (gelu): GELU(approximate='none')
            (up): Linear(in_features=192, out_features=768, bias=True)
            (gelu2): GELU(approximate='none')
          )
        )
      )
    )
    (ln_post): LayerNorm((768,), eps=1e-05, elementwise_affine=True, bias=True)
    (classification_layer): Linear(in_features=768, out_features=64, bias=True)
  )
)
[08/09 20:06:34][INFO] models.utils.optimizer:   82: Optimized parameters constructed. Parameters without weight decay: []
[08/09 20:06:34][INFO] datasets.base.few_shot_dataset:   97: Reading video list from file: train_few_shot.txt
[08/09 20:06:34][INFO] datasets.base.few_shot_dataset:  127: Loading SSv2-Full dataset list for split 'train'...
[08/09 20:06:34][INFO] datasets.base.few_shot_dataset:   47: loaded 67013 videos from train dataset: SSv2-Full !
[08/09 20:06:34][INFO] datasets.base.few_shot_dataset:  153: Dataset SSv2-Full split train loaded. Length 67013.
[08/09 20:06:34][INFO] datasets.base.few_shot_dataset:   97: Reading video list from file: test_few_shot.txt
[08/09 20:06:34][INFO] datasets.base.few_shot_dataset:  127: Loading SSv2-Full dataset list for split 'test'...
[08/09 20:06:34][INFO] datasets.base.few_shot_dataset:   47: loaded 2857 videos from test dataset: SSv2-Full !
[08/09 20:06:34][INFO] datasets.base.few_shot_dataset:  153: Dataset SSv2-Full split test loaded. Length 2857.
[08/09 20:06:34][INFO] train_net_few_shot:  193: Start epoch: 1
[08/09 20:06:34][INFO] train_net_few_shot:  211: Number of total parameters: 93129088, tunable parameters: 7331968
[08/09 20:06:34][INFO] train_net_few_shot:   34: Norm training: True
[08/09 20:07:53][INFO] utils.logging:   91: {"_type": "train_iter", "iter": "200/30000", "loss": 9.892561, "lr": 0.000253, "top1_acc": 33.999999}
[08/09 20:09:11][INFO] utils.logging:   91: {"_type": "train_iter", "iter": "400/30000", "loss": 9.101606, "lr": 0.000306, "top1_acc": 43.000000}
[08/09 20:10:28][INFO] utils.logging:   91: {"_type": "train_iter", "iter": "600/30000", "loss": 8.145389, "lr": 0.000360, "top1_acc": 47.000000}
[08/09 20:11:46][INFO] utils.logging:   91: {"_type": "train_iter", "iter": "800/30000", "loss": 7.499326, "lr": 0.000413, "top1_acc": 52.000000}
[08/09 20:13:04][INFO] utils.logging:   91: {"_type": "train_iter", "iter": "1000/30000", "loss": 6.933888, "lr": 0.000466, "top1_acc": 54.900001}
[08/09 20:14:22][INFO] utils.logging:   91: {"_type": "train_iter", "iter": "1200/30000", "loss": 6.446365, "lr": 0.000520, "top1_acc": 57.400001}
[08/09 20:15:40][INFO] utils.logging:   91: {"_type": "train_iter", "iter": "1400/30000", "loss": 5.916159, "lr": 0.000573, "top1_acc": 58.700001}
[08/09 20:16:58][INFO] utils.logging:   91: {"_type": "train_iter", "iter": "1600/30000", "loss": 6.015281, "lr": 0.000626, "top1_acc": 56.000001}
[08/09 20:18:16][INFO] utils.logging:   91: {"_type": "train_iter", "iter": "1800/30000", "loss": 5.815626, "lr": 0.000680, "top1_acc": 58.300001}
[08/09 20:19:34][INFO] utils.logging:   91: {"_type": "train_iter", "iter": "2000/30000", "loss": 5.416618, "lr": 0.000733, "top1_acc": 62.600001}
[08/09 20:20:52][INFO] utils.logging:   91: {"_type": "train_iter", "iter": "2200/30000", "loss": 5.517897, "lr": 0.000786, "top1_acc": 60.400001}
[08/09 20:22:09][INFO] utils.logging:   91: {"_type": "train_iter", "iter": "2400/30000", "loss": 5.298837, "lr": 0.000840, "top1_acc": 62.800001}
[08/09 20:23:27][INFO] utils.logging:   91: {"_type": "train_iter", "iter": "2600/30000", "loss": 5.074667, "lr": 0.000893, "top1_acc": 60.200001}
[08/09 20:24:45][INFO] utils.logging:   91: {"_type": "train_iter", "iter": "2800/30000", "loss": 5.262975, "lr": 0.000946, "top1_acc": 62.900001}
[08/09 20:26:03][INFO] utils.logging:   91: {"_type": "train_iter", "iter": "3000/30000", "loss": 5.004882, "lr": 0.001000, "top1_acc": 63.400001}
[08/09 20:27:21][INFO] utils.logging:   91: {"_type": "train_iter", "iter": "3200/30000", "loss": 4.627116, "lr": 0.001000, "top1_acc": 64.700001}
[08/09 20:28:39][INFO] utils.logging:   91: {"_type": "train_iter", "iter": "3400/30000", "loss": 4.666448, "lr": 0.001000, "top1_acc": 67.700001}
[08/09 20:29:57][INFO] utils.logging:   91: {"_type": "train_iter", "iter": "3600/30000", "loss": 4.541517, "lr": 0.001000, "top1_acc": 67.100001}
[08/09 20:31:15][INFO] utils.logging:   91: {"_type": "train_iter", "iter": "3800/30000", "loss": 4.326639, "lr": 0.001000, "top1_acc": 68.500002}
[08/09 20:32:32][INFO] utils.logging:   91: {"_type": "train_iter", "iter": "4000/30000", "loss": 4.338122, "lr": 0.001000, "top1_acc": 68.100001}
[08/09 20:33:50][INFO] utils.logging:   91: {"_type": "train_iter", "iter": "4200/30000", "loss": 4.394405, "lr": 0.001000, "top1_acc": 66.800001}
[08/09 20:35:08][INFO] utils.logging:   91: {"_type": "train_iter", "iter": "4400/30000", "loss": 3.975247, "lr": 0.001000, "top1_acc": 70.300001}
[08/09 20:36:26][INFO] utils.logging:   91: {"_type": "train_iter", "iter": "4600/30000", "loss": 3.918094, "lr": 0.001000, "top1_acc": 69.000002}
[08/09 20:37:44][INFO] utils.logging:   91: {"_type": "train_iter", "iter": "4800/30000", "loss": 3.756586, "lr": 0.001000, "top1_acc": 72.500001}
[08/09 20:39:02][INFO] utils.logging:   91: {"_type": "train_iter", "iter": "5000/30000", "loss": 3.832135, "lr": 0.001000, "top1_acc": 68.000001}
[08/09 20:40:20][INFO] utils.logging:   91: {"_type": "train_iter", "iter": "5200/30000", "loss": 3.663438, "lr": 0.001000, "top1_acc": 71.100001}
[08/09 20:41:38][INFO] utils.logging:   91: {"_type": "train_iter", "iter": "5400/30000", "loss": 3.662434, "lr": 0.001000, "top1_acc": 70.400001}
[08/09 20:42:55][INFO] utils.logging:   91: {"_type": "train_iter", "iter": "5600/30000", "loss": 3.628260, "lr": 0.001000, "top1_acc": 70.700001}
[08/09 20:44:13][INFO] utils.logging:   91: {"_type": "train_iter", "iter": "5800/30000", "loss": 3.667789, "lr": 0.001000, "top1_acc": 70.300001}
[08/09 20:45:31][INFO] utils.logging:   91: {"_type": "train_iter", "iter": "6000/30000", "loss": 3.527824, "lr": 0.001000, "top1_acc": 72.900001}
[08/09 20:46:49][INFO] utils.logging:   91: {"_type": "train_iter", "iter": "6200/30000", "loss": 3.584670, "lr": 0.001000, "top1_acc": 70.500001}
[08/09 20:48:07][INFO] utils.logging:   91: {"_type": "train_iter", "iter": "6400/30000", "loss": 3.474200, "lr": 0.001000, "top1_acc": 73.100001}
[08/09 20:49:25][INFO] utils.logging:   91: {"_type": "train_iter", "iter": "6600/30000", "loss": 3.322578, "lr": 0.001000, "top1_acc": 74.300001}
[08/09 20:50:43][INFO] utils.logging:   91: {"_type": "train_iter", "iter": "6800/30000", "loss": 3.035807, "lr": 0.001000, "top1_acc": 74.800001}
[08/09 20:52:01][INFO] utils.logging:   91: {"_type": "train_iter", "iter": "7000/30000", "loss": 3.367107, "lr": 0.001000, "top1_acc": 72.600001}
[08/09 20:53:18][INFO] utils.logging:   91: {"_type": "train_iter", "iter": "7200/30000", "loss": 3.091955, "lr": 0.001000, "top1_acc": 76.300001}
[08/09 20:54:36][INFO] utils.logging:   91: {"_type": "train_iter", "iter": "7400/30000", "loss": 2.902050, "lr": 0.001000, "top1_acc": 75.600001}
[08/09 20:55:54][INFO] utils.logging:   91: {"_type": "train_iter", "iter": "7600/30000", "loss": 3.069373, "lr": 0.001000, "top1_acc": 74.600002}
[08/09 20:57:12][INFO] utils.logging:   91: {"_type": "train_iter", "iter": "7800/30000", "loss": 2.753639, "lr": 0.001000, "top1_acc": 78.000001}
[08/09 20:58:30][INFO] utils.logging:   91: {"_type": "train_iter", "iter": "8000/30000", "loss": 3.156244, "lr": 0.001000, "top1_acc": 73.200001}
[08/09 20:59:39][INFO] datasets.base.few_shot_dataset:  409: Error at decoding. Vid index: 54100, Vid path: /mnt/data/yanyi2025/lrc/action_data/ssv2/videos/videos/96464.webm
[08/09 20:59:48][INFO] utils.logging:   91: {"_type": "train_iter", "iter": "8200/30000", "loss": 2.794549, "lr": 0.001000, "top1_acc": 77.200001}
[08/09 21:01:06][INFO] utils.logging:   91: {"_type": "train_iter", "iter": "8400/30000", "loss": 2.937810, "lr": 0.001000, "top1_acc": 74.800001}
[08/09 21:02:23][INFO] utils.logging:   91: {"_type": "train_iter", "iter": "8600/30000", "loss": 2.844031, "lr": 0.001000, "top1_acc": 76.700001}
[08/09 21:03:41][INFO] utils.logging:   91: {"_type": "train_iter", "iter": "8800/30000", "loss": 2.840855, "lr": 0.001000, "top1_acc": 78.500001}
[08/09 21:04:59][INFO] utils.logging:   91: {"_type": "train_iter", "iter": "9000/30000", "loss": 2.708535, "lr": 0.001000, "top1_acc": 78.900001}
[08/09 21:06:17][INFO] utils.logging:   91: {"_type": "train_iter", "iter": "9200/30000", "loss": 2.916733, "lr": 0.001000, "top1_acc": 77.900001}
[08/09 21:07:35][INFO] utils.logging:   91: {"_type": "train_iter", "iter": "9400/30000", "loss": 2.572868, "lr": 0.001000, "top1_acc": 80.200002}
[08/09 21:08:53][INFO] utils.logging:   91: {"_type": "train_iter", "iter": "9600/30000", "loss": 2.846857, "lr": 0.001000, "top1_acc": 79.000001}
[08/09 21:10:10][INFO] utils.logging:   91: {"_type": "train_iter", "iter": "9800/30000", "loss": 2.671708, "lr": 0.001000, "top1_acc": 78.400001}
[08/09 21:11:45][INFO] datasets.base.few_shot_dataset:  409: Error at decoding. Vid index: 2581, Vid path: /mnt/data/yanyi2025/lrc/action_data/ssv2/videos/videos/113474.webm
[08/09 21:11:51][INFO] utils.logging:   91: {"_type": "val_iter", "gpu_mem": "1.78 GB", "iter": "200/10000", "top1_acc": 59.100001}
[08/09 21:12:14][INFO] utils.logging:   91: {"_type": "val_iter", "gpu_mem": "1.78 GB", "iter": "400/10000", "top1_acc": 55.900001}
[08/09 21:12:37][INFO] utils.logging:   91: {"_type": "val_iter", "gpu_mem": "1.78 GB", "iter": "600/10000", "top1_acc": 57.300001}
[08/09 21:12:42][INFO] datasets.base.few_shot_dataset:  409: Error at decoding. Vid index: 2581, Vid path: /mnt/data/yanyi2025/lrc/action_data/ssv2/videos/videos/113474.webm
[08/09 21:12:59][INFO] utils.logging:   91: {"_type": "val_iter", "gpu_mem": "1.78 GB", "iter": "800/10000", "top1_acc": 59.400001}
[08/09 21:13:22][INFO] utils.logging:   91: {"_type": "val_iter", "gpu_mem": "1.78 GB", "iter": "1000/10000", "top1_acc": 60.300001}
[08/09 21:13:44][INFO] utils.logging:   91: {"_type": "val_iter", "gpu_mem": "1.78 GB", "iter": "1200/10000", "top1_acc": 59.800001}
[08/09 21:14:01][INFO] datasets.base.few_shot_dataset:  409: Error at decoding. Vid index: 2581, Vid path: /mnt/data/yanyi2025/lrc/action_data/ssv2/videos/videos/113474.webm
[08/09 21:14:07][INFO] utils.logging:   91: {"_type": "val_iter", "gpu_mem": "1.78 GB", "iter": "1400/10000", "top1_acc": 61.600001}
[08/09 21:14:30][INFO] utils.logging:   91: {"_type": "val_iter", "gpu_mem": "1.78 GB", "iter": "1600/10000", "top1_acc": 60.800001}
[08/09 21:14:52][INFO] utils.logging:   91: {"_type": "val_iter", "gpu_mem": "1.78 GB", "iter": "1800/10000", "top1_acc": 57.400000}
[08/09 21:15:15][INFO] utils.logging:   91: {"_type": "val_iter", "gpu_mem": "1.78 GB", "iter": "2000/10000", "top1_acc": 58.200001}
[08/09 21:15:29][INFO] datasets.base.few_shot_dataset:  409: Error at decoding. Vid index: 2581, Vid path: /mnt/data/yanyi2025/lrc/action_data/ssv2/videos/videos/113474.webm
[08/09 21:15:38][INFO] utils.logging:   91: {"_type": "val_iter", "gpu_mem": "1.78 GB", "iter": "2200/10000", "top1_acc": 59.700001}
[08/09 21:16:00][INFO] utils.logging:   91: {"_type": "val_iter", "gpu_mem": "1.78 GB", "iter": "2400/10000", "top1_acc": 58.300001}
[08/09 21:16:15][WARNING] datasets.base.few_shot_dataset:  240: Error at decoding. 1/5. Vid index: [56, 185], Vid path: 9
[08/09 21:16:23][INFO] utils.logging:   91: {"_type": "val_iter", "gpu_mem": "1.78 GB", "iter": "2600/10000", "top1_acc": 61.000001}
[08/09 21:16:45][INFO] utils.logging:   91: {"_type": "val_iter", "gpu_mem": "1.78 GB", "iter": "2800/10000", "top1_acc": 58.100001}
[08/09 21:16:46][INFO] datasets.base.few_shot_dataset:  409: Error at decoding. Vid index: 2581, Vid path: /mnt/data/yanyi2025/lrc/action_data/ssv2/videos/videos/113474.webm
[08/09 21:17:08][INFO] utils.logging:   91: {"_type": "val_iter", "gpu_mem": "1.78 GB", "iter": "3000/10000", "top1_acc": 60.200001}
[08/09 21:17:08][INFO] datasets.base.few_shot_dataset:  409: Error at decoding. Vid index: 2581, Vid path: /mnt/data/yanyi2025/lrc/action_data/ssv2/videos/videos/113474.webm
[08/09 21:17:26][WARNING] datasets.base.few_shot_dataset:  240: Error at decoding. 1/5. Vid index: [185, 55], Vid path: 9
[08/09 21:17:31][INFO] utils.logging:   91: {"_type": "val_iter", "gpu_mem": "1.78 GB", "iter": "3200/10000", "top1_acc": 60.000001}
[08/09 21:17:53][INFO] utils.logging:   91: {"_type": "val_iter", "gpu_mem": "1.78 GB", "iter": "3400/10000", "top1_acc": 58.400001}
[08/09 21:18:16][INFO] utils.logging:   91: {"_type": "val_iter", "gpu_mem": "1.78 GB", "iter": "3600/10000", "top1_acc": 59.900001}
[08/09 21:18:32][WARNING] datasets.base.few_shot_dataset:  240: Error at decoding. 1/5. Vid index: [185, 162], Vid path: 9
[08/09 21:18:38][INFO] utils.logging:   91: {"_type": "val_iter", "gpu_mem": "1.78 GB", "iter": "3800/10000", "top1_acc": 61.600001}
[08/09 21:18:41][WARNING] datasets.base.few_shot_dataset:  240: Error at decoding. 1/5. Vid index: [185, 54], Vid path: 9
[08/09 21:18:53][INFO] datasets.base.few_shot_dataset:  409: Error at decoding. Vid index: 2581, Vid path: /mnt/data/yanyi2025/lrc/action_data/ssv2/videos/videos/113474.webm
[08/09 21:19:01][INFO] utils.logging:   91: {"_type": "val_iter", "gpu_mem": "1.78 GB", "iter": "4000/10000", "top1_acc": 59.000001}
[08/09 21:19:24][INFO] utils.logging:   91: {"_type": "val_iter", "gpu_mem": "1.78 GB", "iter": "4200/10000", "top1_acc": 58.900001}
[08/09 21:19:25][WARNING] datasets.base.few_shot_dataset:  240: Error at decoding. 1/5. Vid index: [51, 185], Vid path: 9
[08/09 21:19:46][INFO] utils.logging:   91: {"_type": "val_iter", "gpu_mem": "1.78 GB", "iter": "4400/10000", "top1_acc": 57.100001}
[08/09 21:20:09][INFO] utils.logging:   91: {"_type": "val_iter", "gpu_mem": "1.78 GB", "iter": "4600/10000", "top1_acc": 59.800001}
[08/09 21:20:10][WARNING] datasets.base.few_shot_dataset:  240: Error at decoding. 1/5. Vid index: [185, 64], Vid path: 9
[08/09 21:20:32][INFO] utils.logging:   91: {"_type": "val_iter", "gpu_mem": "1.78 GB", "iter": "4800/10000", "top1_acc": 59.600001}
[08/09 21:20:54][INFO] utils.logging:   91: {"_type": "val_iter", "gpu_mem": "1.78 GB", "iter": "5000/10000", "top1_acc": 59.400001}
[08/09 21:21:04][WARNING] datasets.base.few_shot_dataset:  240: Error at decoding. 1/5. Vid index: [179, 185], Vid path: 9
[08/09 21:21:17][INFO] utils.logging:   91: {"_type": "val_iter", "gpu_mem": "1.78 GB", "iter": "5200/10000", "top1_acc": 60.700001}
[08/09 21:21:40][INFO] utils.logging:   91: {"_type": "val_iter", "gpu_mem": "1.78 GB", "iter": "5400/10000", "top1_acc": 59.700001}
[08/09 21:21:45][WARNING] datasets.base.few_shot_dataset:  240: Error at decoding. 1/5. Vid index: [67, 185], Vid path: 9
[08/09 21:22:02][INFO] utils.logging:   91: {"_type": "val_iter", "gpu_mem": "1.78 GB", "iter": "5600/10000", "top1_acc": 60.600001}
[08/09 21:22:03][WARNING] datasets.base.few_shot_dataset:  240: Error at decoding. 1/5. Vid index: [185, 157], Vid path: 9
[08/09 21:22:25][INFO] utils.logging:   91: {"_type": "val_iter", "gpu_mem": "1.78 GB", "iter": "5800/10000", "top1_acc": 60.000001}
[08/09 21:22:47][INFO] utils.logging:   91: {"_type": "val_iter", "gpu_mem": "1.78 GB", "iter": "6000/10000", "top1_acc": 62.000001}
[08/09 21:23:10][INFO] utils.logging:   91: {"_type": "val_iter", "gpu_mem": "1.78 GB", "iter": "6200/10000", "top1_acc": 60.600001}
[08/09 21:23:19][WARNING] datasets.base.few_shot_dataset:  240: Error at decoding. 1/5. Vid index: [36, 185], Vid path: 9
[08/09 21:23:33][INFO] utils.logging:   91: {"_type": "val_iter", "gpu_mem": "1.78 GB", "iter": "6400/10000", "top1_acc": 59.600001}
[08/09 21:23:52][WARNING] datasets.base.few_shot_dataset:  240: Error at decoding. 1/5. Vid index: [185, 94], Vid path: 9
[08/09 21:23:55][INFO] utils.logging:   91: {"_type": "val_iter", "gpu_mem": "1.78 GB", "iter": "6600/10000", "top1_acc": 58.100001}
[08/09 21:24:18][INFO] utils.logging:   91: {"_type": "val_iter", "gpu_mem": "1.78 GB", "iter": "6800/10000", "top1_acc": 57.900001}
[08/09 21:24:29][INFO] datasets.base.few_shot_dataset:  409: Error at decoding. Vid index: 2581, Vid path: /mnt/data/yanyi2025/lrc/action_data/ssv2/videos/videos/113474.webm
[08/09 21:24:41][INFO] utils.logging:   91: {"_type": "val_iter", "gpu_mem": "1.78 GB", "iter": "7000/10000", "top1_acc": 59.500001}
[08/09 21:25:03][INFO] utils.logging:   91: {"_type": "val_iter", "gpu_mem": "1.78 GB", "iter": "7200/10000", "top1_acc": 59.700001}
[08/09 21:25:15][WARNING] datasets.base.few_shot_dataset:  240: Error at decoding. 1/5. Vid index: [142, 185], Vid path: 9
[08/09 21:25:26][INFO] utils.logging:   91: {"_type": "val_iter", "gpu_mem": "1.78 GB", "iter": "7400/10000", "top1_acc": 60.800001}
[08/09 21:25:29][WARNING] datasets.base.few_shot_dataset:  240: Error at decoding. 1/5. Vid index: [185, 122], Vid path: 9
[08/09 21:25:49][INFO] utils.logging:   91: {"_type": "val_iter", "gpu_mem": "1.78 GB", "iter": "7600/10000", "top1_acc": 61.200001}
[08/09 21:26:11][INFO] utils.logging:   91: {"_type": "val_iter", "gpu_mem": "1.78 GB", "iter": "7800/10000", "top1_acc": 59.600001}
[08/09 21:26:34][INFO] utils.logging:   91: {"_type": "val_iter", "gpu_mem": "1.78 GB", "iter": "8000/10000", "top1_acc": 62.000001}
[08/09 21:26:57][INFO] utils.logging:   91: {"_type": "val_iter", "gpu_mem": "1.78 GB", "iter": "8200/10000", "top1_acc": 61.700001}
[08/09 21:27:19][INFO] utils.logging:   91: {"_type": "val_iter", "gpu_mem": "1.78 GB", "iter": "8400/10000", "top1_acc": 59.800001}
[08/09 21:27:26][WARNING] datasets.base.few_shot_dataset:  240: Error at decoding. 1/5. Vid index: [66, 185], Vid path: 9
[08/09 21:27:31][WARNING] datasets.base.few_shot_dataset:  240: Error at decoding. 1/5. Vid index: [185, 92], Vid path: 9
[08/09 21:27:42][INFO] utils.logging:   91: {"_type": "val_iter", "gpu_mem": "1.78 GB", "iter": "8600/10000", "top1_acc": 59.100001}
[08/09 21:28:05][INFO] utils.logging:   91: {"_type": "val_iter", "gpu_mem": "1.78 GB", "iter": "8800/10000", "top1_acc": 55.900001}
[08/09 21:28:28][INFO] utils.logging:   91: {"_type": "val_iter", "gpu_mem": "1.78 GB", "iter": "9000/10000", "top1_acc": 59.700001}
[08/09 21:28:50][INFO] utils.logging:   91: {"_type": "val_iter", "gpu_mem": "1.78 GB", "iter": "9200/10000", "top1_acc": 59.900001}
[08/09 21:29:13][INFO] utils.logging:   91: {"_type": "val_iter", "gpu_mem": "1.78 GB", "iter": "9400/10000", "top1_acc": 60.000001}
[08/09 21:29:29][WARNING] datasets.base.few_shot_dataset:  240: Error at decoding. 1/5. Vid index: [185, 17], Vid path: 9
[08/09 21:29:35][INFO] utils.logging:   91: {"_type": "val_iter", "gpu_mem": "1.78 GB", "iter": "9600/10000", "top1_acc": 58.000001}
[08/09 21:29:58][INFO] utils.logging:   91: {"_type": "val_iter", "gpu_mem": "1.78 GB", "iter": "9800/10000", "top1_acc": 58.300001}
[08/09 21:29:59][WARNING] datasets.base.few_shot_dataset:  240: Error at decoding. 1/5. Vid index: [185, 194], Vid path: 9
[08/09 21:30:21][INFO] utils.logging:   91: {"_type": "val_iter", "gpu_mem": "1.78 GB", "iter": "10000/10000", "top1_acc": 61.300001}
[08/09 21:30:21][INFO] utils.logging:   91: {"RAM": "17.67/125.63 GB", "_type": "val_epoch", "epoch": "1", "gpu_mem": "1.78 GB", "top1_acc": 59.530001}
[08/09 21:30:21][INFO] utils.logging:   91: {"_type": "train_iter", "iter": "10000/30000", "loss": 2.515169, "lr": 0.001000, "top1_acc": 79.400001}
[08/09 21:31:39][INFO] utils.logging:   91: {"_type": "train_iter", "iter": "10200/30000", "loss": 2.689496, "lr": 0.001000, "top1_acc": 79.700001}
[08/09 21:32:57][INFO] utils.logging:   91: {"_type": "train_iter", "iter": "10400/30000", "loss": 2.436172, "lr": 0.001000, "top1_acc": 79.000001}
[08/09 21:34:15][INFO] utils.logging:   91: {"_type": "train_iter", "iter": "10600/30000", "loss": 2.385542, "lr": 0.001000, "top1_acc": 80.400001}
[08/09 21:35:33][INFO] utils.logging:   91: {"_type": "train_iter", "iter": "10800/30000", "loss": 2.300470, "lr": 0.001000, "top1_acc": 82.200001}
[08/09 21:36:50][INFO] utils.logging:   91: {"_type": "train_iter", "iter": "11000/30000", "loss": 2.254402, "lr": 0.001000, "top1_acc": 80.600001}
[08/09 21:38:08][INFO] utils.logging:   91: {"_type": "train_iter", "iter": "11200/30000", "loss": 2.208431, "lr": 0.001000, "top1_acc": 82.800001}
[08/09 21:39:26][INFO] utils.logging:   91: {"_type": "train_iter", "iter": "11400/30000", "loss": 2.395485, "lr": 0.001000, "top1_acc": 82.800001}
[08/09 21:40:44][INFO] utils.logging:   91: {"_type": "train_iter", "iter": "11600/30000", "loss": 2.399648, "lr": 0.001000, "top1_acc": 79.600001}
[08/09 21:42:02][INFO] utils.logging:   91: {"_type": "train_iter", "iter": "11800/30000", "loss": 2.334747, "lr": 0.001000, "top1_acc": 79.300001}
[08/09 21:43:20][INFO] utils.logging:   91: {"_type": "train_iter", "iter": "12000/30000", "loss": 2.291682, "lr": 0.001000, "top1_acc": 80.900001}
[08/09 21:44:38][INFO] utils.logging:   91: {"_type": "train_iter", "iter": "12200/30000", "loss": 1.891789, "lr": 0.000500, "top1_acc": 80.500001}
[08/09 21:45:55][INFO] utils.logging:   91: {"_type": "train_iter", "iter": "12400/30000", "loss": 1.833113, "lr": 0.000500, "top1_acc": 85.700001}
[08/09 21:47:13][INFO] utils.logging:   91: {"_type": "train_iter", "iter": "12600/30000", "loss": 1.894864, "lr": 0.000500, "top1_acc": 83.900001}
[08/09 21:48:31][INFO] utils.logging:   91: {"_type": "train_iter", "iter": "12800/30000", "loss": 1.994303, "lr": 0.000500, "top1_acc": 83.000001}
[08/09 21:49:49][INFO] utils.logging:   91: {"_type": "train_iter", "iter": "13000/30000", "loss": 1.714732, "lr": 0.000500, "top1_acc": 83.900001}
[08/09 21:51:07][INFO] utils.logging:   91: {"_type": "train_iter", "iter": "13200/30000", "loss": 1.737017, "lr": 0.000500, "top1_acc": 84.000001}
[08/09 21:52:25][INFO] utils.logging:   91: {"_type": "train_iter", "iter": "13400/30000", "loss": 1.700943, "lr": 0.000500, "top1_acc": 86.900001}
[08/09 21:53:43][INFO] utils.logging:   91: {"_type": "train_iter", "iter": "13600/30000", "loss": 1.767039, "lr": 0.000500, "top1_acc": 86.000001}
[08/09 21:55:01][INFO] utils.logging:   91: {"_type": "train_iter", "iter": "13800/30000", "loss": 1.701485, "lr": 0.000500, "top1_acc": 85.000001}
[08/09 21:56:19][INFO] utils.logging:   91: {"_type": "train_iter", "iter": "14000/30000", "loss": 1.608640, "lr": 0.000500, "top1_acc": 86.800001}
[08/09 21:57:37][INFO] utils.logging:   91: {"_type": "train_iter", "iter": "14200/30000", "loss": 1.489455, "lr": 0.000500, "top1_acc": 87.100001}
[08/09 21:58:55][INFO] utils.logging:   91: {"_type": "train_iter", "iter": "14400/30000", "loss": 1.620785, "lr": 0.000500, "top1_acc": 84.700001}
[08/09 22:00:12][INFO] utils.logging:   91: {"_type": "train_iter", "iter": "14600/30000", "loss": 1.601404, "lr": 0.000500, "top1_acc": 86.800001}
[08/09 22:01:30][INFO] utils.logging:   91: {"_type": "train_iter", "iter": "14800/30000", "loss": 1.428114, "lr": 0.000500, "top1_acc": 86.700001}
[08/09 22:02:48][INFO] utils.logging:   91: {"_type": "train_iter", "iter": "15000/30000", "loss": 1.439688, "lr": 0.000500, "top1_acc": 87.000001}
[08/09 22:04:06][INFO] utils.logging:   91: {"_type": "train_iter", "iter": "15200/30000", "loss": 1.570385, "lr": 0.000500, "top1_acc": 85.100001}
[08/09 22:05:24][INFO] utils.logging:   91: {"_type": "train_iter", "iter": "15400/30000", "loss": 1.455696, "lr": 0.000500, "top1_acc": 87.100001}
[08/09 22:06:42][INFO] utils.logging:   91: {"_type": "train_iter", "iter": "15600/30000", "loss": 1.479611, "lr": 0.000500, "top1_acc": 87.700001}
[08/09 22:08:00][INFO] utils.logging:   91: {"_type": "train_iter", "iter": "15800/30000", "loss": 1.489798, "lr": 0.000500, "top1_acc": 88.900001}
[08/09 22:09:17][INFO] utils.logging:   91: {"_type": "train_iter", "iter": "16000/30000", "loss": 1.506369, "lr": 0.000500, "top1_acc": 85.900001}
[08/09 22:10:35][INFO] utils.logging:   91: {"_type": "train_iter", "iter": "16200/30000", "loss": 1.673997, "lr": 0.000500, "top1_acc": 85.100001}
[08/09 22:11:53][INFO] utils.logging:   91: {"_type": "train_iter", "iter": "16400/30000", "loss": 1.630769, "lr": 0.000500, "top1_acc": 85.600001}
[08/09 22:13:11][INFO] utils.logging:   91: {"_type": "train_iter", "iter": "16600/30000", "loss": 1.347800, "lr": 0.000500, "top1_acc": 88.700001}
[08/09 22:14:29][INFO] utils.logging:   91: {"_type": "train_iter", "iter": "16800/30000", "loss": 1.500675, "lr": 0.000500, "top1_acc": 87.700001}
[08/09 22:15:47][INFO] utils.logging:   91: {"_type": "train_iter", "iter": "17000/30000", "loss": 1.351459, "lr": 0.000500, "top1_acc": 86.300001}
[08/09 22:17:05][INFO] utils.logging:   91: {"_type": "train_iter", "iter": "17200/30000", "loss": 1.346833, "lr": 0.000500, "top1_acc": 87.800001}
[08/09 22:18:23][INFO] utils.logging:   91: {"_type": "train_iter", "iter": "17400/30000", "loss": 1.533550, "lr": 0.000500, "top1_acc": 86.100001}
[08/09 22:19:41][INFO] utils.logging:   91: {"_type": "train_iter", "iter": "17600/30000", "loss": 1.435865, "lr": 0.000500, "top1_acc": 87.100001}
[08/09 22:20:59][INFO] utils.logging:   91: {"_type": "train_iter", "iter": "17800/30000", "loss": 1.488743, "lr": 0.000500, "top1_acc": 87.400001}
[08/09 22:22:16][INFO] utils.logging:   91: {"_type": "train_iter", "iter": "18000/30000", "loss": 1.481859, "lr": 0.000500, "top1_acc": 87.900001}
[08/09 22:23:34][INFO] utils.logging:   91: {"_type": "train_iter", "iter": "18200/30000", "loss": 1.326304, "lr": 0.000100, "top1_acc": 86.400001}
[08/09 22:24:52][INFO] utils.logging:   91: {"_type": "train_iter", "iter": "18400/30000", "loss": 1.207697, "lr": 0.000100, "top1_acc": 89.400001}
[08/09 22:26:10][INFO] utils.logging:   91: {"_type": "train_iter", "iter": "18600/30000", "loss": 1.295830, "lr": 0.000100, "top1_acc": 88.300001}
[08/09 22:27:28][INFO] utils.logging:   91: {"_type": "train_iter", "iter": "18800/30000", "loss": 1.073097, "lr": 0.000100, "top1_acc": 87.800001}
[08/09 22:28:46][INFO] utils.logging:   91: {"_type": "train_iter", "iter": "19000/30000", "loss": 1.153368, "lr": 0.000100, "top1_acc": 88.700001}
[08/09 22:30:04][INFO] utils.logging:   91: {"_type": "train_iter", "iter": "19200/30000", "loss": 1.150356, "lr": 0.000100, "top1_acc": 88.800001}
[08/09 22:31:22][INFO] utils.logging:   91: {"_type": "train_iter", "iter": "19400/30000", "loss": 1.195603, "lr": 0.000100, "top1_acc": 88.500001}
[08/09 22:32:40][INFO] utils.logging:   91: {"_type": "train_iter", "iter": "19600/30000", "loss": 1.071900, "lr": 0.000100, "top1_acc": 87.800001}
[08/09 22:33:57][INFO] utils.logging:   91: {"_type": "train_iter", "iter": "19800/30000", "loss": 1.103452, "lr": 0.000100, "top1_acc": 90.400001}
[08/09 22:35:24][INFO] datasets.base.few_shot_dataset:  409: Error at decoding. Vid index: 2581, Vid path: /mnt/data/yanyi2025/lrc/action_data/ssv2/videos/videos/113474.webm
[08/09 22:35:38][INFO] utils.logging:   91: {"_type": "val_iter", "gpu_mem": "1.78 GB", "iter": "200/10000", "top1_acc": 63.300001}
[08/09 22:36:01][INFO] utils.logging:   91: {"_type": "val_iter", "gpu_mem": "1.78 GB", "iter": "400/10000", "top1_acc": 63.900001}
[08/09 22:36:10][INFO] datasets.base.few_shot_dataset:  409: Error at decoding. Vid index: 2581, Vid path: /mnt/data/yanyi2025/lrc/action_data/ssv2/videos/videos/113474.webm
[08/09 22:36:23][INFO] utils.logging:   91: {"_type": "val_iter", "gpu_mem": "1.78 GB", "iter": "600/10000", "top1_acc": 64.100001}
[08/09 22:36:28][INFO] datasets.base.few_shot_dataset:  409: Error at decoding. Vid index: 2581, Vid path: /mnt/data/yanyi2025/lrc/action_data/ssv2/videos/videos/113474.webm
[08/09 22:36:46][INFO] utils.logging:   91: {"_type": "val_iter", "gpu_mem": "1.78 GB", "iter": "800/10000", "top1_acc": 65.800001}
[08/09 22:36:54][WARNING] datasets.base.few_shot_dataset:  240: Error at decoding. 1/5. Vid index: [21, 185], Vid path: 9
[08/09 22:37:09][INFO] utils.logging:   91: {"_type": "val_iter", "gpu_mem": "1.78 GB", "iter": "1000/10000", "top1_acc": 62.300001}
[08/09 22:37:31][INFO] utils.logging:   91: {"_type": "val_iter", "gpu_mem": "1.78 GB", "iter": "1200/10000", "top1_acc": 65.600001}
[08/09 22:37:54][INFO] utils.logging:   91: {"_type": "val_iter", "gpu_mem": "1.78 GB", "iter": "1400/10000", "top1_acc": 64.800001}
[08/09 22:38:16][INFO] utils.logging:   91: {"_type": "val_iter", "gpu_mem": "1.78 GB", "iter": "1600/10000", "top1_acc": 63.300001}
[08/09 22:38:39][INFO] utils.logging:   91: {"_type": "val_iter", "gpu_mem": "1.78 GB", "iter": "1800/10000", "top1_acc": 63.600001}
[08/09 22:38:55][INFO] datasets.base.few_shot_dataset:  409: Error at decoding. Vid index: 2581, Vid path: /mnt/data/yanyi2025/lrc/action_data/ssv2/videos/videos/113474.webm
[08/09 22:39:01][INFO] utils.logging:   91: {"_type": "val_iter", "gpu_mem": "1.78 GB", "iter": "2000/10000", "top1_acc": 68.500001}
[08/09 22:39:24][INFO] utils.logging:   91: {"_type": "val_iter", "gpu_mem": "1.78 GB", "iter": "2200/10000", "top1_acc": 65.100002}
[08/09 22:39:47][INFO] utils.logging:   91: {"_type": "val_iter", "gpu_mem": "1.78 GB", "iter": "2400/10000", "top1_acc": 65.500001}
[08/09 22:40:02][INFO] datasets.base.few_shot_dataset:  409: Error at decoding. Vid index: 2581, Vid path: /mnt/data/yanyi2025/lrc/action_data/ssv2/videos/videos/113474.webm
[08/09 22:40:09][INFO] utils.logging:   91: {"_type": "val_iter", "gpu_mem": "1.78 GB", "iter": "2600/10000", "top1_acc": 64.300001}
[08/09 22:40:32][INFO] utils.logging:   91: {"_type": "val_iter", "gpu_mem": "1.78 GB", "iter": "2800/10000", "top1_acc": 60.800001}
[08/09 22:40:55][INFO] utils.logging:   91: {"_type": "val_iter", "gpu_mem": "1.78 GB", "iter": "3000/10000", "top1_acc": 59.400001}
[08/09 22:41:17][INFO] utils.logging:   91: {"_type": "val_iter", "gpu_mem": "1.78 GB", "iter": "3200/10000", "top1_acc": 64.700001}
[08/09 22:41:40][INFO] utils.logging:   91: {"_type": "val_iter", "gpu_mem": "1.78 GB", "iter": "3400/10000", "top1_acc": 61.900001}
[08/09 22:42:02][INFO] utils.logging:   91: {"_type": "val_iter", "gpu_mem": "1.78 GB", "iter": "3600/10000", "top1_acc": 66.000002}
[08/09 22:42:09][WARNING] datasets.base.few_shot_dataset:  240: Error at decoding. 1/5. Vid index: [185, 126], Vid path: 9
[08/09 22:42:25][INFO] utils.logging:   91: {"_type": "val_iter", "gpu_mem": "1.78 GB", "iter": "3800/10000", "top1_acc": 62.000001}
[08/09 22:42:48][INFO] utils.logging:   91: {"_type": "val_iter", "gpu_mem": "1.78 GB", "iter": "4000/10000", "top1_acc": 64.600001}
[08/09 22:42:51][WARNING] datasets.base.few_shot_dataset:  240: Error at decoding. 1/5. Vid index: [185, 176], Vid path: 9
[08/09 22:43:10][INFO] datasets.base.few_shot_dataset:  409: Error at decoding. Vid index: 2581, Vid path: /mnt/data/yanyi2025/lrc/action_data/ssv2/videos/videos/113474.webm
[08/09 22:43:10][INFO] utils.logging:   91: {"_type": "val_iter", "gpu_mem": "1.78 GB", "iter": "4200/10000", "top1_acc": 61.500001}
[08/09 22:43:33][INFO] utils.logging:   91: {"_type": "val_iter", "gpu_mem": "1.78 GB", "iter": "4400/10000", "top1_acc": 64.000001}
[08/09 22:43:56][INFO] utils.logging:   91: {"_type": "val_iter", "gpu_mem": "1.78 GB", "iter": "4600/10000", "top1_acc": 63.400001}
[08/09 22:44:18][INFO] utils.logging:   91: {"_type": "val_iter", "gpu_mem": "1.78 GB", "iter": "4800/10000", "top1_acc": 63.900001}
[08/09 22:44:41][INFO] utils.logging:   91: {"_type": "val_iter", "gpu_mem": "1.78 GB", "iter": "5000/10000", "top1_acc": 65.900001}
[08/09 22:45:00][WARNING] datasets.base.few_shot_dataset:  240: Error at decoding. 1/5. Vid index: [63, 185], Vid path: 9
[08/09 22:45:04][INFO] utils.logging:   91: {"_type": "val_iter", "gpu_mem": "1.78 GB", "iter": "5200/10000", "top1_acc": 65.900001}
[08/09 22:45:26][INFO] utils.logging:   91: {"_type": "val_iter", "gpu_mem": "1.78 GB", "iter": "5400/10000", "top1_acc": 61.300001}
[08/09 22:45:48][WARNING] datasets.base.few_shot_dataset:  240: Error at decoding. 1/5. Vid index: [185, 199], Vid path: 9
[08/09 22:45:49][INFO] utils.logging:   91: {"_type": "val_iter", "gpu_mem": "1.78 GB", "iter": "5600/10000", "top1_acc": 64.400001}
[08/09 22:46:05][WARNING] datasets.base.few_shot_dataset:  240: Error at decoding. 1/5. Vid index: [185, 50], Vid path: 9
[08/09 22:46:12][INFO] utils.logging:   91: {"_type": "val_iter", "gpu_mem": "1.78 GB", "iter": "5800/10000", "top1_acc": 64.200001}
[08/09 22:46:34][INFO] utils.logging:   91: {"_type": "val_iter", "gpu_mem": "1.78 GB", "iter": "6000/10000", "top1_acc": 63.500001}
[08/09 22:46:57][INFO] utils.logging:   91: {"_type": "val_iter", "gpu_mem": "1.78 GB", "iter": "6200/10000", "top1_acc": 65.400001}
[08/09 22:47:20][INFO] utils.logging:   91: {"_type": "val_iter", "gpu_mem": "1.78 GB", "iter": "6400/10000", "top1_acc": 65.300001}
[08/09 22:47:43][INFO] utils.logging:   91: {"_type": "val_iter", "gpu_mem": "1.78 GB", "iter": "6600/10000", "top1_acc": 65.500001}
[08/09 22:48:05][INFO] utils.logging:   91: {"_type": "val_iter", "gpu_mem": "1.78 GB", "iter": "6800/10000", "top1_acc": 64.800001}
[08/09 22:48:28][INFO] utils.logging:   91: {"_type": "val_iter", "gpu_mem": "1.78 GB", "iter": "7000/10000", "top1_acc": 64.500001}
[08/09 22:48:34][WARNING] datasets.base.few_shot_dataset:  240: Error at decoding. 1/5. Vid index: [185, 28], Vid path: 9
[08/09 22:48:51][INFO] utils.logging:   91: {"_type": "val_iter", "gpu_mem": "1.78 GB", "iter": "7200/10000", "top1_acc": 63.000001}
[08/09 22:48:58][WARNING] datasets.base.few_shot_dataset:  240: Error at decoding. 1/5. Vid index: [185, 70], Vid path: 9
[08/09 22:49:13][INFO] utils.logging:   91: {"_type": "val_iter", "gpu_mem": "1.78 GB", "iter": "7400/10000", "top1_acc": 64.700001}
[08/09 22:49:36][INFO] utils.logging:   91: {"_type": "val_iter", "gpu_mem": "1.78 GB", "iter": "7600/10000", "top1_acc": 65.100001}
[08/09 22:49:59][INFO] utils.logging:   91: {"_type": "val_iter", "gpu_mem": "1.78 GB", "iter": "7800/10000", "top1_acc": 65.200001}
[08/09 22:50:21][INFO] utils.logging:   91: {"_type": "val_iter", "gpu_mem": "1.78 GB", "iter": "8000/10000", "top1_acc": 63.800001}
[08/09 22:50:29][INFO] datasets.base.few_shot_dataset:  409: Error at decoding. Vid index: 2581, Vid path: /mnt/data/yanyi2025/lrc/action_data/ssv2/videos/videos/113474.webm
[08/09 22:50:44][INFO] utils.logging:   91: {"_type": "val_iter", "gpu_mem": "1.78 GB", "iter": "8200/10000", "top1_acc": 63.700001}
[08/09 22:51:07][INFO] utils.logging:   91: {"_type": "val_iter", "gpu_mem": "1.78 GB", "iter": "8400/10000", "top1_acc": 65.900001}
[08/09 22:51:29][INFO] utils.logging:   91: {"_type": "val_iter", "gpu_mem": "1.78 GB", "iter": "8600/10000", "top1_acc": 64.200001}
[08/09 22:51:52][INFO] utils.logging:   91: {"_type": "val_iter", "gpu_mem": "1.78 GB", "iter": "8800/10000", "top1_acc": 65.700001}
[08/09 22:52:15][INFO] utils.logging:   91: {"_type": "val_iter", "gpu_mem": "1.78 GB", "iter": "9000/10000", "top1_acc": 61.400001}
[08/09 22:52:38][INFO] utils.logging:   91: {"_type": "val_iter", "gpu_mem": "1.78 GB", "iter": "9200/10000", "top1_acc": 64.100001}
[08/09 22:53:00][INFO] utils.logging:   91: {"_type": "val_iter", "gpu_mem": "1.78 GB", "iter": "9400/10000", "top1_acc": 65.800001}
[08/09 22:53:23][INFO] utils.logging:   91: {"_type": "val_iter", "gpu_mem": "1.78 GB", "iter": "9600/10000", "top1_acc": 64.800001}
[08/09 22:53:46][INFO] utils.logging:   91: {"_type": "val_iter", "gpu_mem": "1.78 GB", "iter": "9800/10000", "top1_acc": 66.400002}
[08/09 22:54:08][INFO] utils.logging:   91: {"_type": "val_iter", "gpu_mem": "1.78 GB", "iter": "10000/10000", "top1_acc": 65.400001}
[08/09 22:54:08][INFO] utils.logging:   91: {"RAM": "17.94/125.63 GB", "_type": "val_epoch", "epoch": "2", "gpu_mem": "1.78 GB", "top1_acc": 64.244001}
[08/09 22:54:09][INFO] utils.logging:   91: {"_type": "train_iter", "iter": "20000/30000", "loss": 0.932759, "lr": 0.000100, "top1_acc": 89.900001}
[08/09 22:55:12][WARNING] datasets.base.few_shot_dataset:  240: Error at decoding. 1/5. Vid index: [1026, 1189], Vid path: 7
[08/09 22:55:27][INFO] utils.logging:   91: {"_type": "train_iter", "iter": "20200/30000", "loss": 0.990675, "lr": 0.000100, "top1_acc": 90.400001}
[08/09 22:56:44][INFO] utils.logging:   91: {"_type": "train_iter", "iter": "20400/30000", "loss": 1.040296, "lr": 0.000100, "top1_acc": 86.900001}
[08/09 22:58:02][INFO] utils.logging:   91: {"_type": "train_iter", "iter": "20600/30000", "loss": 0.979078, "lr": 0.000100, "top1_acc": 89.300001}
[08/09 22:59:20][INFO] utils.logging:   91: {"_type": "train_iter", "iter": "20800/30000", "loss": 1.143759, "lr": 0.000100, "top1_acc": 88.400001}
[08/09 23:00:38][INFO] utils.logging:   91: {"_type": "train_iter", "iter": "21000/30000", "loss": 0.917668, "lr": 0.000100, "top1_acc": 90.600001}
[08/09 23:01:56][INFO] utils.logging:   91: {"_type": "train_iter", "iter": "21200/30000", "loss": 1.059310, "lr": 0.000100, "top1_acc": 89.200001}
[08/09 23:03:14][INFO] utils.logging:   91: {"_type": "train_iter", "iter": "21400/30000", "loss": 0.938035, "lr": 0.000100, "top1_acc": 90.800001}
[08/09 23:04:32][INFO] utils.logging:   91: {"_type": "train_iter", "iter": "21600/30000", "loss": 1.093989, "lr": 0.000100, "top1_acc": 88.200001}
[08/09 23:05:50][INFO] utils.logging:   91: {"_type": "train_iter", "iter": "21800/30000", "loss": 0.999500, "lr": 0.000100, "top1_acc": 90.900001}
[08/09 23:07:08][INFO] utils.logging:   91: {"_type": "train_iter", "iter": "22000/30000", "loss": 0.942940, "lr": 0.000100, "top1_acc": 90.800001}
[08/09 23:08:26][INFO] utils.logging:   91: {"_type": "train_iter", "iter": "22200/30000", "loss": 0.894480, "lr": 0.000100, "top1_acc": 90.400001}
[08/09 23:09:44][INFO] utils.logging:   91: {"_type": "train_iter", "iter": "22400/30000", "loss": 1.007261, "lr": 0.000100, "top1_acc": 90.900001}
[08/09 23:11:02][INFO] utils.logging:   91: {"_type": "train_iter", "iter": "22600/30000", "loss": 1.014797, "lr": 0.000100, "top1_acc": 89.600001}
[08/09 23:12:20][INFO] utils.logging:   91: {"_type": "train_iter", "iter": "22800/30000", "loss": 0.947127, "lr": 0.000100, "top1_acc": 90.600001}
[08/09 23:13:38][INFO] utils.logging:   91: {"_type": "train_iter", "iter": "23000/30000", "loss": 0.934279, "lr": 0.000100, "top1_acc": 90.900001}
[08/09 23:14:55][INFO] utils.logging:   91: {"_type": "train_iter", "iter": "23200/30000", "loss": 0.950485, "lr": 0.000100, "top1_acc": 89.300001}
[08/09 23:16:13][INFO] utils.logging:   91: {"_type": "train_iter", "iter": "23400/30000", "loss": 0.904280, "lr": 0.000100, "top1_acc": 91.400001}
[08/09 23:17:31][INFO] utils.logging:   91: {"_type": "train_iter", "iter": "23600/30000", "loss": 1.077812, "lr": 0.000100, "top1_acc": 89.200001}
[08/09 23:18:49][INFO] utils.logging:   91: {"_type": "train_iter", "iter": "23800/30000", "loss": 1.168282, "lr": 0.000100, "top1_acc": 88.200001}
[08/09 23:20:07][INFO] utils.logging:   91: {"_type": "train_iter", "iter": "24000/30000", "loss": 0.962156, "lr": 0.000100, "top1_acc": 89.900001}
[08/09 23:21:25][INFO] utils.logging:   91: {"_type": "train_iter", "iter": "24200/30000", "loss": 0.958332, "lr": 0.000050, "top1_acc": 90.400001}
[08/09 23:22:43][INFO] utils.logging:   91: {"_type": "train_iter", "iter": "24400/30000", "loss": 0.796949, "lr": 0.000050, "top1_acc": 89.600001}
[08/09 23:24:01][INFO] utils.logging:   91: {"_type": "train_iter", "iter": "24600/30000", "loss": 0.962905, "lr": 0.000050, "top1_acc": 91.800001}
[08/09 23:25:18][INFO] utils.logging:   91: {"_type": "train_iter", "iter": "24800/30000", "loss": 0.938557, "lr": 0.000050, "top1_acc": 90.100001}
[08/09 23:26:36][INFO] utils.logging:   91: {"_type": "train_iter", "iter": "25000/30000", "loss": 0.947684, "lr": 0.000050, "top1_acc": 89.800001}
[08/09 23:27:54][INFO] utils.logging:   91: {"_type": "train_iter", "iter": "25200/30000", "loss": 0.952473, "lr": 0.000050, "top1_acc": 90.700001}
[08/09 23:29:12][INFO] utils.logging:   91: {"_type": "train_iter", "iter": "25400/30000", "loss": 0.929037, "lr": 0.000050, "top1_acc": 91.200001}
[08/09 23:30:30][INFO] utils.logging:   91: {"_type": "train_iter", "iter": "25600/30000", "loss": 0.895677, "lr": 0.000050, "top1_acc": 90.900001}
[08/09 23:31:48][INFO] utils.logging:   91: {"_type": "train_iter", "iter": "25800/30000", "loss": 0.928926, "lr": 0.000050, "top1_acc": 89.400001}
[08/09 23:31:59][INFO] datasets.base.few_shot_dataset:  489: Error at decoding. Vid index: 54100, Vid path: /mnt/data/yanyi2025/lrc/action_data/ssv2/videos/videos/96464.webm
[08/09 23:33:06][INFO] utils.logging:   91: {"_type": "train_iter", "iter": "26000/30000", "loss": 0.996988, "lr": 0.000050, "top1_acc": 89.400001}
[08/09 23:34:24][INFO] utils.logging:   91: {"_type": "train_iter", "iter": "26200/30000", "loss": 0.827445, "lr": 0.000050, "top1_acc": 91.400001}
[08/09 23:35:41][INFO] utils.logging:   91: {"_type": "train_iter", "iter": "26400/30000", "loss": 0.873987, "lr": 0.000050, "top1_acc": 90.100001}
[08/09 23:36:59][INFO] utils.logging:   91: {"_type": "train_iter", "iter": "26600/30000", "loss": 0.984737, "lr": 0.000050, "top1_acc": 90.100001}
[08/09 23:38:17][INFO] utils.logging:   91: {"_type": "train_iter", "iter": "26800/30000", "loss": 0.755517, "lr": 0.000050, "top1_acc": 91.500001}
[08/09 23:39:35][INFO] utils.logging:   91: {"_type": "train_iter", "iter": "27000/30000", "loss": 0.907875, "lr": 0.000050, "top1_acc": 91.500001}
[08/09 23:40:53][INFO] utils.logging:   91: {"_type": "train_iter", "iter": "27200/30000", "loss": 0.932531, "lr": 0.000050, "top1_acc": 92.000001}
[08/09 23:42:11][INFO] utils.logging:   91: {"_type": "train_iter", "iter": "27400/30000", "loss": 0.858150, "lr": 0.000050, "top1_acc": 90.400001}
[08/09 23:43:29][INFO] utils.logging:   91: {"_type": "train_iter", "iter": "27600/30000", "loss": 0.846476, "lr": 0.000050, "top1_acc": 89.700001}
[08/09 23:44:46][INFO] utils.logging:   91: {"_type": "train_iter", "iter": "27800/30000", "loss": 0.899182, "lr": 0.000050, "top1_acc": 91.000001}
[08/09 23:46:04][INFO] utils.logging:   91: {"_type": "train_iter", "iter": "28000/30000", "loss": 0.914866, "lr": 0.000050, "top1_acc": 91.700001}
[08/09 23:47:22][INFO] utils.logging:   91: {"_type": "train_iter", "iter": "28200/30000", "loss": 0.844368, "lr": 0.000050, "top1_acc": 91.200001}
[08/09 23:48:40][INFO] utils.logging:   91: {"_type": "train_iter", "iter": "28400/30000", "loss": 0.816578, "lr": 0.000050, "top1_acc": 91.400001}
[08/09 23:49:58][INFO] utils.logging:   91: {"_type": "train_iter", "iter": "28600/30000", "loss": 0.803696, "lr": 0.000050, "top1_acc": 91.100001}
[08/09 23:51:05][WARNING] datasets.base.few_shot_dataset:  240: Error at decoding. 1/5. Vid index: [1174, 1189], Vid path: 7
[08/09 23:51:16][INFO] utils.logging:   91: {"_type": "train_iter", "iter": "28800/30000", "loss": 0.866750, "lr": 0.000050, "top1_acc": 91.100001}
[08/09 23:52:34][INFO] utils.logging:   91: {"_type": "train_iter", "iter": "29000/30000", "loss": 0.843605, "lr": 0.000050, "top1_acc": 91.600001}
[08/09 23:53:52][INFO] utils.logging:   91: {"_type": "train_iter", "iter": "29200/30000", "loss": 0.757517, "lr": 0.000050, "top1_acc": 91.700001}
[08/09 23:55:10][INFO] utils.logging:   91: {"_type": "train_iter", "iter": "29400/30000", "loss": 0.808028, "lr": 0.000050, "top1_acc": 90.900001}
[08/09 23:56:27][INFO] utils.logging:   91: {"_type": "train_iter", "iter": "29600/30000", "loss": 0.864326, "lr": 0.000050, "top1_acc": 90.000001}
[08/09 23:57:45][INFO] utils.logging:   91: {"_type": "train_iter", "iter": "29800/30000", "loss": 0.757925, "lr": 0.000050, "top1_acc": 90.500001}
[08/09 23:59:26][INFO] utils.logging:   91: {"_type": "val_iter", "gpu_mem": "1.78 GB", "iter": "200/10000", "top1_acc": 65.100001}
[08/09 23:59:28][INFO] datasets.base.few_shot_dataset:  409: Error at decoding. Vid index: 2581, Vid path: /mnt/data/yanyi2025/lrc/action_data/ssv2/videos/videos/113474.webm
[08/09 23:59:29][INFO] datasets.base.few_shot_dataset:  409: Error at decoding. Vid index: 2581, Vid path: /mnt/data/yanyi2025/lrc/action_data/ssv2/videos/videos/113474.webm
[08/09 23:59:49][INFO] utils.logging:   91: {"_type": "val_iter", "gpu_mem": "1.78 GB", "iter": "400/10000", "top1_acc": 67.000001}
[08/10 00:00:11][INFO] utils.logging:   91: {"_type": "val_iter", "gpu_mem": "1.78 GB", "iter": "600/10000", "top1_acc": 64.700001}
[08/10 00:00:33][WARNING] datasets.base.few_shot_dataset:  240: Error at decoding. 1/5. Vid index: [44, 185], Vid path: 9
[08/10 00:00:34][INFO] utils.logging:   91: {"_type": "val_iter", "gpu_mem": "1.78 GB", "iter": "800/10000", "top1_acc": 68.600001}
[08/10 00:00:56][INFO] utils.logging:   91: {"_type": "val_iter", "gpu_mem": "1.78 GB", "iter": "1000/10000", "top1_acc": 66.300001}
[08/10 00:01:19][INFO] utils.logging:   91: {"_type": "val_iter", "gpu_mem": "1.78 GB", "iter": "1200/10000", "top1_acc": 66.200001}
[08/10 00:01:26][INFO] datasets.base.few_shot_dataset:  409: Error at decoding. Vid index: 2581, Vid path: /mnt/data/yanyi2025/lrc/action_data/ssv2/videos/videos/113474.webm
[08/10 00:01:41][INFO] utils.logging:   91: {"_type": "val_iter", "gpu_mem": "1.78 GB", "iter": "1400/10000", "top1_acc": 65.600001}
[08/10 00:02:04][INFO] utils.logging:   91: {"_type": "val_iter", "gpu_mem": "1.78 GB", "iter": "1600/10000", "top1_acc": 65.500001}
[08/10 00:02:27][INFO] utils.logging:   91: {"_type": "val_iter", "gpu_mem": "1.78 GB", "iter": "1800/10000", "top1_acc": 64.600001}
[08/10 00:02:49][INFO] utils.logging:   91: {"_type": "val_iter", "gpu_mem": "1.78 GB", "iter": "2000/10000", "top1_acc": 62.900001}
[08/10 00:03:12][INFO] utils.logging:   91: {"_type": "val_iter", "gpu_mem": "1.78 GB", "iter": "2200/10000", "top1_acc": 64.900001}
[08/10 00:03:34][INFO] utils.logging:   91: {"_type": "val_iter", "gpu_mem": "1.78 GB", "iter": "2400/10000", "top1_acc": 65.600001}
[08/10 00:03:57][INFO] utils.logging:   91: {"_type": "val_iter", "gpu_mem": "1.78 GB", "iter": "2600/10000", "top1_acc": 65.300001}
[08/10 00:04:20][INFO] utils.logging:   91: {"_type": "val_iter", "gpu_mem": "1.78 GB", "iter": "2800/10000", "top1_acc": 66.400001}
[08/10 00:04:21][INFO] datasets.base.few_shot_dataset:  409: Error at decoding. Vid index: 2581, Vid path: /mnt/data/yanyi2025/lrc/action_data/ssv2/videos/videos/113474.webm
[08/10 00:04:42][INFO] utils.logging:   91: {"_type": "val_iter", "gpu_mem": "1.78 GB", "iter": "3000/10000", "top1_acc": 64.700001}
[08/10 00:05:05][INFO] utils.logging:   91: {"_type": "val_iter", "gpu_mem": "1.78 GB", "iter": "3200/10000", "top1_acc": 63.200001}
[08/10 00:05:28][INFO] utils.logging:   91: {"_type": "val_iter", "gpu_mem": "1.78 GB", "iter": "3400/10000", "top1_acc": 63.000001}
[08/10 00:05:50][INFO] utils.logging:   91: {"_type": "val_iter", "gpu_mem": "1.78 GB", "iter": "3600/10000", "top1_acc": 64.300001}
[08/10 00:06:13][INFO] utils.logging:   91: {"_type": "val_iter", "gpu_mem": "1.78 GB", "iter": "3800/10000", "top1_acc": 64.100001}
[08/10 00:06:35][INFO] utils.logging:   91: {"_type": "val_iter", "gpu_mem": "1.78 GB", "iter": "4000/10000", "top1_acc": 65.400001}
[08/10 00:06:36][WARNING] datasets.base.few_shot_dataset:  240: Error at decoding. 1/5. Vid index: [82, 185], Vid path: 9
[08/10 00:06:58][INFO] utils.logging:   91: {"_type": "val_iter", "gpu_mem": "1.78 GB", "iter": "4200/10000", "top1_acc": 63.600001}
[08/10 00:06:59][INFO] datasets.base.few_shot_dataset:  409: Error at decoding. Vid index: 2581, Vid path: /mnt/data/yanyi2025/lrc/action_data/ssv2/videos/videos/113474.webm
[08/10 00:07:21][INFO] utils.logging:   91: {"_type": "val_iter", "gpu_mem": "1.78 GB", "iter": "4400/10000", "top1_acc": 66.900001}
[08/10 00:07:43][INFO] utils.logging:   91: {"_type": "val_iter", "gpu_mem": "1.78 GB", "iter": "4600/10000", "top1_acc": 66.500001}
[08/10 00:08:06][INFO] utils.logging:   91: {"_type": "val_iter", "gpu_mem": "1.78 GB", "iter": "4800/10000", "top1_acc": 65.100001}
[08/10 00:08:29][INFO] utils.logging:   91: {"_type": "val_iter", "gpu_mem": "1.78 GB", "iter": "5000/10000", "top1_acc": 64.200001}
[08/10 00:08:51][INFO] utils.logging:   91: {"_type": "val_iter", "gpu_mem": "1.78 GB", "iter": "5200/10000", "top1_acc": 66.000001}
[08/10 00:09:14][INFO] utils.logging:   91: {"_type": "val_iter", "gpu_mem": "1.78 GB", "iter": "5400/10000", "top1_acc": 64.300001}
[08/10 00:09:37][INFO] utils.logging:   91: {"_type": "val_iter", "gpu_mem": "1.78 GB", "iter": "5600/10000", "top1_acc": 65.100001}
[08/10 00:09:37][WARNING] datasets.base.few_shot_dataset:  240: Error at decoding. 1/5. Vid index: [77, 185], Vid path: 9
[08/10 00:09:59][INFO] utils.logging:   91: {"_type": "val_iter", "gpu_mem": "1.78 GB", "iter": "5800/10000", "top1_acc": 64.600001}
[08/10 00:10:22][INFO] utils.logging:   91: {"_type": "val_iter", "gpu_mem": "1.78 GB", "iter": "6000/10000", "top1_acc": 65.300001}
[08/10 00:10:33][INFO] datasets.base.few_shot_dataset:  409: Error at decoding. Vid index: 2581, Vid path: /mnt/data/yanyi2025/lrc/action_data/ssv2/videos/videos/113474.webm
[08/10 00:10:45][INFO] utils.logging:   91: {"_type": "val_iter", "gpu_mem": "1.78 GB", "iter": "6200/10000", "top1_acc": 64.500001}
[08/10 00:11:07][INFO] utils.logging:   91: {"_type": "val_iter", "gpu_mem": "1.78 GB", "iter": "6400/10000", "top1_acc": 65.700001}
[08/10 00:11:30][INFO] utils.logging:   91: {"_type": "val_iter", "gpu_mem": "1.78 GB", "iter": "6600/10000", "top1_acc": 66.100001}
[08/10 00:11:34][WARNING] datasets.base.few_shot_dataset:  240: Error at decoding. 1/5. Vid index: [11, 185], Vid path: 9
[08/10 00:11:53][INFO] utils.logging:   91: {"_type": "val_iter", "gpu_mem": "1.78 GB", "iter": "6800/10000", "top1_acc": 65.800001}
[08/10 00:12:15][INFO] utils.logging:   91: {"_type": "val_iter", "gpu_mem": "1.78 GB", "iter": "7000/10000", "top1_acc": 65.100001}
[08/10 00:12:38][INFO] utils.logging:   91: {"_type": "val_iter", "gpu_mem": "1.78 GB", "iter": "7200/10000", "top1_acc": 64.300001}
[08/10 00:13:00][INFO] utils.logging:   91: {"_type": "val_iter", "gpu_mem": "1.78 GB", "iter": "7400/10000", "top1_acc": 64.000001}
[08/10 00:13:23][INFO] utils.logging:   91: {"_type": "val_iter", "gpu_mem": "1.78 GB", "iter": "7600/10000", "top1_acc": 66.300001}
[08/10 00:13:46][INFO] utils.logging:   91: {"_type": "val_iter", "gpu_mem": "1.78 GB", "iter": "7800/10000", "top1_acc": 64.700001}
[08/10 00:14:08][INFO] utils.logging:   91: {"_type": "val_iter", "gpu_mem": "1.78 GB", "iter": "8000/10000", "top1_acc": 64.300001}
[08/10 00:14:31][INFO] utils.logging:   91: {"_type": "val_iter", "gpu_mem": "1.78 GB", "iter": "8200/10000", "top1_acc": 65.700001}
[08/10 00:14:54][INFO] utils.logging:   91: {"_type": "val_iter", "gpu_mem": "1.78 GB", "iter": "8400/10000", "top1_acc": 62.900001}
[08/10 00:15:16][INFO] utils.logging:   91: {"_type": "val_iter", "gpu_mem": "1.78 GB", "iter": "8600/10000", "top1_acc": 64.200001}
[08/10 00:15:39][INFO] utils.logging:   91: {"_type": "val_iter", "gpu_mem": "1.78 GB", "iter": "8800/10000", "top1_acc": 63.200001}
[08/10 00:15:58][WARNING] datasets.base.few_shot_dataset:  240: Error at decoding. 1/5. Vid index: [48, 185], Vid path: 9
[08/10 00:16:02][INFO] utils.logging:   91: {"_type": "val_iter", "gpu_mem": "1.78 GB", "iter": "9000/10000", "top1_acc": 65.100001}
[08/10 00:16:25][INFO] utils.logging:   91: {"_type": "val_iter", "gpu_mem": "1.78 GB", "iter": "9200/10000", "top1_acc": 66.100001}
[08/10 00:16:47][INFO] utils.logging:   91: {"_type": "val_iter", "gpu_mem": "1.78 GB", "iter": "9400/10000", "top1_acc": 67.500001}
[08/10 00:17:10][INFO] utils.logging:   91: {"_type": "val_iter", "gpu_mem": "1.78 GB", "iter": "9600/10000", "top1_acc": 64.000001}
[08/10 00:17:33][INFO] utils.logging:   91: {"_type": "val_iter", "gpu_mem": "1.78 GB", "iter": "9800/10000", "top1_acc": 66.500002}
[08/10 00:17:55][INFO] utils.logging:   91: {"_type": "val_iter", "gpu_mem": "1.78 GB", "iter": "10000/10000", "top1_acc": 68.500001}
[08/10 00:17:55][INFO] utils.logging:   91: {"RAM": "18.20/125.63 GB", "_type": "val_epoch", "epoch": "3", "gpu_mem": "1.78 GB", "top1_acc": 65.190001}
[08/10 00:17:56][INFO] utils.logging:   91: {"_type": "train_iter", "iter": "30000/30000", "loss": 0.854230, "lr": 0.000050, "top1_acc": 91.700001}
[08/10 00:17:56][INFO] utils.logging:   91: {"RAM": "14.99/125.63 GB", "_type": "train_epoch", "epoch": "10", "gpu_mem": "1.78 GB", "loss": 2.453423, "lr": 0.000050, "top1_acc": 81.274668}
