[08/20 22:40:36][INFO] train_net_few_shot:  251: Train with config:
[08/20 22:40:36][INFO] train_net_few_shot:  252: {
  "TASK_TYPE": "few_shot_action",
  "PRETRAIN": {
    "ENABLE": false
  },
  "LOCALIZATION": {
    "ENABLE": false
  },
  "TRAIN": {
    "ENABLE": true,
    "DATASET": "UCF101",
    "BATCH_SIZE": 1,
    "LOG_FILE": "train.log",
    "EVAL_PERIOD": 2,
    "NUM_FOLDS": 1,
    "AUTO_RESUME": false,
    "CHECKPOINT_PERIOD": 10,
    "CHECKPOINT_FILE_PATH": "",
    "CHECKPOINT_TYPE": "pytorch",
    "CHECKPOINT_INFLATE": false,
    "CHECKPOINT_PRE_PROCESS": {
      "ENABLE": false
    },
    "FINE_TUNE": true,
    "ONLY_LINEAR": false,
    "LR_REDUCE": false,
    "TRAIN_VAL_COMBINE": false,
    "LOSS_FUNC": "cross_entropy",
    "NUM_CLASS": 70,
    "META_BATCH": true,
    "WAY": 5,
    "SHOT": 1,
    "QUERY_PER_CLASS": 1,
    "QUERY_PER_CLASS_TEST": 1,
    "NUM_TRAIN_TASKS": 18000,
    "NUM_TEST_TASKS": 10000,
    "VAL_FRE_ITER": 6000,
    "BATCH_SIZE_PER_TASK": 16,
    "EARLY_STOP": {
      "ENABLE": true,
      "PATIENCE": 0,
      "MIN_DELTA": 0.05
    }
  },
  "TEST": {
    "ENABLE": true,
    "DATASET": "UCF101",
    "BATCH_SIZE": 1,
    "NUM_SPATIAL_CROPS": 1,
    "SPATIAL_CROPS": "cctltr",
    "NUM_ENSEMBLE_VIEWS": 1,
    "LOG_FILE": "test.log",
    "CHECKPOINT_FILE_PATH": "",
    "CHECKPOINT_TYPE": "pytorch",
    "AUTOMATIC_MULTI_SCALE_TEST": false,
    "TEST_SET": "val",
    "UPLOAD_CLASSIFIER_RESULTS": true,
    "SHOT": [
      1,
      5
    ],
    "EPISODE_SEED": 2026
  },
  "VISUALIZATION": {
    "ENABLE": false,
    "NAME": "",
    "FEATURE_MAPS": {
      "ENABLE": false,
      "BASE_OUTPUT_DIR": ""
    }
  },
  "SUBMISSION": {
    "ENABLE": false,
    "SAVE_RESULTS_PATH": "test.json"
  },
  "DATA": {
    "DATA_ROOT_DIR": "/mnt/data/yanyi2025/lrc/action_data/ucf101/",
    "ANNO_DIR": "config/ucf101/",
    "NUM_INPUT_FRAMES": 8,
    "NUM_INPUT_CHANNELS": 2304,
    "SAMPLING_MODE": "interval_based",
    "SAMPLING_RATE": 50,
    "TRAIN_JITTER_SCALES": [
      256,
      256
    ],
    "TRAIN_CROP_SIZE": 224,
    "TEST_SCALE": 256,
    "TEST_CROP_SIZE": 224,
    "MEAN": [
      0.48145466,
      0.4578275,
      0.40821073
    ],
    "STD": [
      0.26862954,
      0.26130258,
      0.27577711
    ],
    "MULTI_LABEL": false,
    "ENSEMBLE_METHOD": "sum",
    "TARGET_FPS": 12,
    "MINUS_INTERVAL": false,
    "FPS": 12,
    "NORM_FEATURE": false,
    "USE_AUG_FEATURE": false,
    "AUG": false,
    "LOAD_PROPS": false,
    "TEMPORAL_SCALE": 256,
    "LABELS_TYPE": "cls",
    "LOAD_TYPE": "pickle",
    "DOWNLOAD_FEATURE": true,
    "SAMPLING_UNIFORM": false,
    "TEST_CENTER_CROP": true,
    "CLIP_INTERVAL": 8
  },
  "MODEL": {
    "NAME": "BaseVideoModel",
    "EMA": {
      "ENABLE": false,
      "DECAY": 0.99996
    }
  },
  "VIDEO": {
    "BACKBONE": {
      "DEPTH": null,
      "META_ARCH": "Identity",
      "NUM_FILTERS": null,
      "NUM_INPUT_CHANNELS": 3,
      "NUM_OUT_FEATURES": null,
      "KERNEL_SIZE": null,
      "DOWNSAMPLING": null,
      "DOWNSAMPLING_TEMPORAL": null,
      "NUM_STREAMS": 1,
      "EXPANSION_RATIO": 2,
      "BRANCH": {
        "NAME": null
      },
      "STEM": {
        "NAME": null
      },
      "NONLOCAL": {
        "ENABLE": false,
        "STAGES": [
          5
        ],
        "MASK_ENABLE": false
      },
      "INITIALIZATION": null
    },
    "HEAD": {
      "NAME": "BaseTemporalClassifier",
      "ACTIVATION": "softmax",
      "DROPOUT_RATE": 0.0,
      "NUM_CLASSES": 200
    }
  },
  "OPTIMIZER": {
    "ADJUST_LR": false,
    "BASE_LR": 0.002,
    "LR_POLICY": "cosine",
    "MAX_EPOCH": 300,
    "MOMENTUM": 0.9,
    "WEIGHT_DECAY": "5e-3",
    "WARMUP_EPOCHS": 10,
    "WARMUP_START_LR": 0.0002,
    "OPTIM_METHOD": "adam",
    "DAMPENING": 0.0,
    "NESTEROV": true
  },
  "BN": {
    "WB_LOCK": false,
    "FREEZE": false,
    "WEIGHT_DECAY": 0.0,
    "MOMENTUM": 0.1,
    "EPS": "1e-3",
    "SYNC": false
  },
  "DATA_LOADER": {
    "NUM_WORKERS": 8,
    "PIN_MEMORY": true,
    "ENABLE_MULTI_THREAD_DECODE": true,
    "COLLATE_FN": null
  },
  "NUM_GPUS": 1,
  "SHARD_ID": 0,
  "NUM_SHARDS": 1,
  "RANDOM_SEED": 18,
  "OUTPUT_DIR": "output/UCF101_FOCUS_v2",
  "OUTPUT_CFG_FILE": "configuration.log",
  "LOG_PERIOD": 200,
  "DIST_BACKEND": "nccl",
  "LOG_MODEL_INFO": false,
  "LOG_CONFIG_INFO": true,
  "OSS": {
    "ENABLE": false,
    "KEY": null,
    "SECRET": null,
    "ENDPOINT": null,
    "CHECKPOINT_OUTPUT_PATH": null,
    "SECONDARY_DATA_OSS": {
      "ENABLE": false,
      "KEY": null,
      "SECRET": null,
      "ENDPOINT": null,
      "BUCKETS": [
        ""
      ]
    }
  },
  "AUGMENTATION": {
    "COLOR_AUG": false,
    "BRIGHTNESS": 0.5,
    "CONTRAST": 0.5,
    "SATURATION": 0.5,
    "HUE": 0.25,
    "GRAYSCALE": 0.3,
    "CONSISTENT": true,
    "SHUFFLE": true,
    "GRAY_FIRST": true,
    "RATIO": [
      0.857142857142857,
      1.1666666666666667
    ],
    "USE_GPU": false,
    "MIXUP": {
      "ENABLE": false,
      "ALPHA": 0.0,
      "PROB": 1.0,
      "MODE": "batch",
      "SWITCH_PROB": 0.5
    },
    "CUTMIX": {
      "ENABLE": false,
      "ALPHA": 0.0,
      "MINMAX": null
    },
    "RANDOM_ERASING": {
      "ENABLE": false,
      "PROB": 0.25,
      "MODE": "const",
      "COUNT": [
        1,
        1
      ],
      "NUM_SPLITS": 0,
      "AREA_RANGE": [
        0.02,
        0.33
      ],
      "MIN_ASPECT": 0.3
    },
    "LABEL_SMOOTHING": 0.0,
    "SSV2_FLIP": false,
    "IS_SPLIT": false,
    "NO_RANDOM_ERASE": true,
    "SUPPORT_QUERY_DIFF": true
  },
  "PAI": false,
  "USE_MULTISEG_VAL_DIST": false,
  "DETECTION": {
    "ENABLE": false
  },
  "TENSORBOARD": {
    "ENABLE": false
  },
  "SOLVER": {
    "BASE_LR": 0.00025,
    "LR_POLICY": "steps_with_relative_lrs",
    "MAX_EPOCH": 10,
    "MOMENTUM": 0.9,
    "WEIGHT_DECAY": "5e-4",
    "WARMUP_EPOCHS": 1,
    "WARMUP_START_LR": 5e-05,
    "OPTIM_METHOD": "adam",
    "DAMPENING": 0.0,
    "NESTEROV": true,
    "STEPS_ITER": 1800,
    "STEPS": [
      0,
      5,
      7,
      9
    ],
    "LRS": [
      1,
      0.1,
      0.05,
      0.01
    ]
  },
  "PRE_DOWNLOAD": {
    "ENABLE": false
  },
  "SUPPORT_SHOT": 1,
  "FOCUS": {
    "ENABLE": true,
    "HEADS": 8,
    "DROPOUT": 0.1,
    "GATE_INIT": -4.0,
    "TEMPORAL_GATE_INIT": -4.0,
    "ALPHA_INIT": -4.0
  },
  "ADAPTER": {
    "NAME": "ViT_CLIP",
    "PRETRAINED": "ViT-B/16",
    "WIDTH": 768,
    "PATCH_SIZE": 16,
    "LAYERS": 12,
    "HEADS": 12,
    "ADAPTER_SCALE": 0.25
  },
  "INIT_METHOD": "tcp://localhost:1111",
  "CUDA_VISIBLE_DEVICES": "0"
}

[08/20 22:40:37][INFO] models.base.adapter:  748: load model from: ViT-B/16
[08/20 22:40:38][INFO] models.base.adapter:  755: Missing keys: ['temporal_embedding', 'focus_alpha', 'transformer.resblocks.0.Adapter.down.weight', 'transformer.resblocks.0.Adapter.down.bias', 'transformer.resblocks.0.Adapter.pos_embed.weight', 'transformer.resblocks.0.Adapter.pos_embed.bias', 'transformer.resblocks.0.Adapter.s_ln.weight', 'transformer.resblocks.0.Adapter.s_ln.bias', 'transformer.resblocks.0.Adapter.s_attn.conv_offset.0.weight', 'transformer.resblocks.0.Adapter.s_attn.conv_offset.0.bias', 'transformer.resblocks.0.Adapter.s_attn.conv_offset.1.norm.weight', 'transformer.resblocks.0.Adapter.s_attn.conv_offset.1.norm.bias', 'transformer.resblocks.0.Adapter.s_attn.conv_offset.3.weight', 'transformer.resblocks.0.Adapter.s_attn.proj_q.weight', 'transformer.resblocks.0.Adapter.s_attn.proj_q.bias', 'transformer.resblocks.0.Adapter.s_attn.proj_k.weight', 'transformer.resblocks.0.Adapter.s_attn.proj_k.bias', 'transformer.resblocks.0.Adapter.s_attn.proj_v.weight', 'transformer.resblocks.0.Adapter.s_attn.proj_v.bias', 'transformer.resblocks.0.Adapter.s_attn.proj_out.weight', 'transformer.resblocks.0.Adapter.s_attn.proj_out.bias', 'transformer.resblocks.0.Adapter.t_ln.weight', 'transformer.resblocks.0.Adapter.t_ln.bias', 'transformer.resblocks.0.Adapter.t_attn.conv_offset.0.weight', 'transformer.resblocks.0.Adapter.t_attn.conv_offset.0.bias', 'transformer.resblocks.0.Adapter.t_attn.conv_offset.1.norm.weight', 'transformer.resblocks.0.Adapter.t_attn.conv_offset.1.norm.bias', 'transformer.resblocks.0.Adapter.t_attn.conv_offset.3.weight', 'transformer.resblocks.0.Adapter.t_attn.proj_q.weight', 'transformer.resblocks.0.Adapter.t_attn.proj_q.bias', 'transformer.resblocks.0.Adapter.t_attn.proj_k.weight', 'transformer.resblocks.0.Adapter.t_attn.proj_k.bias', 'transformer.resblocks.0.Adapter.t_attn.proj_v.weight', 'transformer.resblocks.0.Adapter.t_attn.proj_v.bias', 'transformer.resblocks.0.Adapter.t_attn.proj_out.weight', 'transformer.resblocks.0.Adapter.t_attn.proj_out.bias', 'transformer.resblocks.0.Adapter.up.weight', 'transformer.resblocks.0.Adapter.up.bias', 'transformer.resblocks.1.Adapter.down.weight', 'transformer.resblocks.1.Adapter.down.bias', 'transformer.resblocks.1.Adapter.pos_embed.weight', 'transformer.resblocks.1.Adapter.pos_embed.bias', 'transformer.resblocks.1.Adapter.s_ln.weight', 'transformer.resblocks.1.Adapter.s_ln.bias', 'transformer.resblocks.1.Adapter.s_attn.conv_offset.0.weight', 'transformer.resblocks.1.Adapter.s_attn.conv_offset.0.bias', 'transformer.resblocks.1.Adapter.s_attn.conv_offset.1.norm.weight', 'transformer.resblocks.1.Adapter.s_attn.conv_offset.1.norm.bias', 'transformer.resblocks.1.Adapter.s_attn.conv_offset.3.weight', 'transformer.resblocks.1.Adapter.s_attn.proj_q.weight', 'transformer.resblocks.1.Adapter.s_attn.proj_q.bias', 'transformer.resblocks.1.Adapter.s_attn.proj_k.weight', 'transformer.resblocks.1.Adapter.s_attn.proj_k.bias', 'transformer.resblocks.1.Adapter.s_attn.proj_v.weight', 'transformer.resblocks.1.Adapter.s_attn.proj_v.bias', 'transformer.resblocks.1.Adapter.s_attn.proj_out.weight', 'transformer.resblocks.1.Adapter.s_attn.proj_out.bias', 'transformer.resblocks.1.Adapter.t_ln.weight', 'transformer.resblocks.1.Adapter.t_ln.bias', 'transformer.resblocks.1.Adapter.t_attn.conv_offset.0.weight', 'transformer.resblocks.1.Adapter.t_attn.conv_offset.0.bias', 'transformer.resblocks.1.Adapter.t_attn.conv_offset.1.norm.weight', 'transformer.resblocks.1.Adapter.t_attn.conv_offset.1.norm.bias', 'transformer.resblocks.1.Adapter.t_attn.conv_offset.3.weight', 'transformer.resblocks.1.Adapter.t_attn.proj_q.weight', 'transformer.resblocks.1.Adapter.t_attn.proj_q.bias', 'transformer.resblocks.1.Adapter.t_attn.proj_k.weight', 'transformer.resblocks.1.Adapter.t_attn.proj_k.bias', 'transformer.resblocks.1.Adapter.t_attn.proj_v.weight', 'transformer.resblocks.1.Adapter.t_attn.proj_v.bias', 'transformer.resblocks.1.Adapter.t_attn.proj_out.weight', 'transformer.resblocks.1.Adapter.t_attn.proj_out.bias', 'transformer.resblocks.1.Adapter.up.weight', 'transformer.resblocks.1.Adapter.up.bias', 'transformer.resblocks.2.Adapter.down.weight', 'transformer.resblocks.2.Adapter.down.bias', 'transformer.resblocks.2.Adapter.pos_embed.weight', 'transformer.resblocks.2.Adapter.pos_embed.bias', 'transformer.resblocks.2.Adapter.s_ln.weight', 'transformer.resblocks.2.Adapter.s_ln.bias', 'transformer.resblocks.2.Adapter.s_attn.conv_offset.0.weight', 'transformer.resblocks.2.Adapter.s_attn.conv_offset.0.bias', 'transformer.resblocks.2.Adapter.s_attn.conv_offset.1.norm.weight', 'transformer.resblocks.2.Adapter.s_attn.conv_offset.1.norm.bias', 'transformer.resblocks.2.Adapter.s_attn.conv_offset.3.weight', 'transformer.resblocks.2.Adapter.s_attn.proj_q.weight', 'transformer.resblocks.2.Adapter.s_attn.proj_q.bias', 'transformer.resblocks.2.Adapter.s_attn.proj_k.weight', 'transformer.resblocks.2.Adapter.s_attn.proj_k.bias', 'transformer.resblocks.2.Adapter.s_attn.proj_v.weight', 'transformer.resblocks.2.Adapter.s_attn.proj_v.bias', 'transformer.resblocks.2.Adapter.s_attn.proj_out.weight', 'transformer.resblocks.2.Adapter.s_attn.proj_out.bias', 'transformer.resblocks.2.Adapter.t_ln.weight', 'transformer.resblocks.2.Adapter.t_ln.bias', 'transformer.resblocks.2.Adapter.t_attn.conv_offset.0.weight', 'transformer.resblocks.2.Adapter.t_attn.conv_offset.0.bias', 'transformer.resblocks.2.Adapter.t_attn.conv_offset.1.norm.weight', 'transformer.resblocks.2.Adapter.t_attn.conv_offset.1.norm.bias', 'transformer.resblocks.2.Adapter.t_attn.conv_offset.3.weight', 'transformer.resblocks.2.Adapter.t_attn.proj_q.weight', 'transformer.resblocks.2.Adapter.t_attn.proj_q.bias', 'transformer.resblocks.2.Adapter.t_attn.proj_k.weight', 'transformer.resblocks.2.Adapter.t_attn.proj_k.bias', 'transformer.resblocks.2.Adapter.t_attn.proj_v.weight', 'transformer.resblocks.2.Adapter.t_attn.proj_v.bias', 'transformer.resblocks.2.Adapter.t_attn.proj_out.weight', 'transformer.resblocks.2.Adapter.t_attn.proj_out.bias', 'transformer.resblocks.2.Adapter.up.weight', 'transformer.resblocks.2.Adapter.up.bias', 'transformer.resblocks.3.Adapter.down.weight', 'transformer.resblocks.3.Adapter.down.bias', 'transformer.resblocks.3.Adapter.pos_embed.weight', 'transformer.resblocks.3.Adapter.pos_embed.bias', 'transformer.resblocks.3.Adapter.s_ln.weight', 'transformer.resblocks.3.Adapter.s_ln.bias', 'transformer.resblocks.3.Adapter.s_attn.conv_offset.0.weight', 'transformer.resblocks.3.Adapter.s_attn.conv_offset.0.bias', 'transformer.resblocks.3.Adapter.s_attn.conv_offset.1.norm.weight', 'transformer.resblocks.3.Adapter.s_attn.conv_offset.1.norm.bias', 'transformer.resblocks.3.Adapter.s_attn.conv_offset.3.weight', 'transformer.resblocks.3.Adapter.s_attn.proj_q.weight', 'transformer.resblocks.3.Adapter.s_attn.proj_q.bias', 'transformer.resblocks.3.Adapter.s_attn.proj_k.weight', 'transformer.resblocks.3.Adapter.s_attn.proj_k.bias', 'transformer.resblocks.3.Adapter.s_attn.proj_v.weight', 'transformer.resblocks.3.Adapter.s_attn.proj_v.bias', 'transformer.resblocks.3.Adapter.s_attn.proj_out.weight', 'transformer.resblocks.3.Adapter.s_attn.proj_out.bias', 'transformer.resblocks.3.Adapter.t_ln.weight', 'transformer.resblocks.3.Adapter.t_ln.bias', 'transformer.resblocks.3.Adapter.t_attn.conv_offset.0.weight', 'transformer.resblocks.3.Adapter.t_attn.conv_offset.0.bias', 'transformer.resblocks.3.Adapter.t_attn.conv_offset.1.norm.weight', 'transformer.resblocks.3.Adapter.t_attn.conv_offset.1.norm.bias', 'transformer.resblocks.3.Adapter.t_attn.conv_offset.3.weight', 'transformer.resblocks.3.Adapter.t_attn.proj_q.weight', 'transformer.resblocks.3.Adapter.t_attn.proj_q.bias', 'transformer.resblocks.3.Adapter.t_attn.proj_k.weight', 'transformer.resblocks.3.Adapter.t_attn.proj_k.bias', 'transformer.resblocks.3.Adapter.t_attn.proj_v.weight', 'transformer.resblocks.3.Adapter.t_attn.proj_v.bias', 'transformer.resblocks.3.Adapter.t_attn.proj_out.weight', 'transformer.resblocks.3.Adapter.t_attn.proj_out.bias', 'transformer.resblocks.3.Adapter.up.weight', 'transformer.resblocks.3.Adapter.up.bias', 'transformer.resblocks.4.Adapter.down.weight', 'transformer.resblocks.4.Adapter.down.bias', 'transformer.resblocks.4.Adapter.pos_embed.weight', 'transformer.resblocks.4.Adapter.pos_embed.bias', 'transformer.resblocks.4.Adapter.s_ln.weight', 'transformer.resblocks.4.Adapter.s_ln.bias', 'transformer.resblocks.4.Adapter.s_attn.conv_offset.0.weight', 'transformer.resblocks.4.Adapter.s_attn.conv_offset.0.bias', 'transformer.resblocks.4.Adapter.s_attn.conv_offset.1.norm.weight', 'transformer.resblocks.4.Adapter.s_attn.conv_offset.1.norm.bias', 'transformer.resblocks.4.Adapter.s_attn.conv_offset.3.weight', 'transformer.resblocks.4.Adapter.s_attn.proj_q.weight', 'transformer.resblocks.4.Adapter.s_attn.proj_q.bias', 'transformer.resblocks.4.Adapter.s_attn.proj_k.weight', 'transformer.resblocks.4.Adapter.s_attn.proj_k.bias', 'transformer.resblocks.4.Adapter.s_attn.proj_v.weight', 'transformer.resblocks.4.Adapter.s_attn.proj_v.bias', 'transformer.resblocks.4.Adapter.s_attn.proj_out.weight', 'transformer.resblocks.4.Adapter.s_attn.proj_out.bias', 'transformer.resblocks.4.Adapter.t_ln.weight', 'transformer.resblocks.4.Adapter.t_ln.bias', 'transformer.resblocks.4.Adapter.t_attn.conv_offset.0.weight', 'transformer.resblocks.4.Adapter.t_attn.conv_offset.0.bias', 'transformer.resblocks.4.Adapter.t_attn.conv_offset.1.norm.weight', 'transformer.resblocks.4.Adapter.t_attn.conv_offset.1.norm.bias', 'transformer.resblocks.4.Adapter.t_attn.conv_offset.3.weight', 'transformer.resblocks.4.Adapter.t_attn.proj_q.weight', 'transformer.resblocks.4.Adapter.t_attn.proj_q.bias', 'transformer.resblocks.4.Adapter.t_attn.proj_k.weight', 'transformer.resblocks.4.Adapter.t_attn.proj_k.bias', 'transformer.resblocks.4.Adapter.t_attn.proj_v.weight', 'transformer.resblocks.4.Adapter.t_attn.proj_v.bias', 'transformer.resblocks.4.Adapter.t_attn.proj_out.weight', 'transformer.resblocks.4.Adapter.t_attn.proj_out.bias', 'transformer.resblocks.4.Adapter.up.weight', 'transformer.resblocks.4.Adapter.up.bias', 'transformer.resblocks.5.Adapter.down.weight', 'transformer.resblocks.5.Adapter.down.bias', 'transformer.resblocks.5.Adapter.pos_embed.weight', 'transformer.resblocks.5.Adapter.pos_embed.bias', 'transformer.resblocks.5.Adapter.s_ln.weight', 'transformer.resblocks.5.Adapter.s_ln.bias', 'transformer.resblocks.5.Adapter.s_attn.conv_offset.0.weight', 'transformer.resblocks.5.Adapter.s_attn.conv_offset.0.bias', 'transformer.resblocks.5.Adapter.s_attn.conv_offset.1.norm.weight', 'transformer.resblocks.5.Adapter.s_attn.conv_offset.1.norm.bias', 'transformer.resblocks.5.Adapter.s_attn.conv_offset.3.weight', 'transformer.resblocks.5.Adapter.s_attn.proj_q.weight', 'transformer.resblocks.5.Adapter.s_attn.proj_q.bias', 'transformer.resblocks.5.Adapter.s_attn.proj_k.weight', 'transformer.resblocks.5.Adapter.s_attn.proj_k.bias', 'transformer.resblocks.5.Adapter.s_attn.proj_v.weight', 'transformer.resblocks.5.Adapter.s_attn.proj_v.bias', 'transformer.resblocks.5.Adapter.s_attn.proj_out.weight', 'transformer.resblocks.5.Adapter.s_attn.proj_out.bias', 'transformer.resblocks.5.Adapter.t_ln.weight', 'transformer.resblocks.5.Adapter.t_ln.bias', 'transformer.resblocks.5.Adapter.t_attn.conv_offset.0.weight', 'transformer.resblocks.5.Adapter.t_attn.conv_offset.0.bias', 'transformer.resblocks.5.Adapter.t_attn.conv_offset.1.norm.weight', 'transformer.resblocks.5.Adapter.t_attn.conv_offset.1.norm.bias', 'transformer.resblocks.5.Adapter.t_attn.conv_offset.3.weight', 'transformer.resblocks.5.Adapter.t_attn.proj_q.weight', 'transformer.resblocks.5.Adapter.t_attn.proj_q.bias', 'transformer.resblocks.5.Adapter.t_attn.proj_k.weight', 'transformer.resblocks.5.Adapter.t_attn.proj_k.bias', 'transformer.resblocks.5.Adapter.t_attn.proj_v.weight', 'transformer.resblocks.5.Adapter.t_attn.proj_v.bias', 'transformer.resblocks.5.Adapter.t_attn.proj_out.weight', 'transformer.resblocks.5.Adapter.t_attn.proj_out.bias', 'transformer.resblocks.5.Adapter.up.weight', 'transformer.resblocks.5.Adapter.up.bias', 'transformer.resblocks.6.Adapter.down.weight', 'transformer.resblocks.6.Adapter.down.bias', 'transformer.resblocks.6.Adapter.pos_embed.weight', 'transformer.resblocks.6.Adapter.pos_embed.bias', 'transformer.resblocks.6.Adapter.s_ln.weight', 'transformer.resblocks.6.Adapter.s_ln.bias', 'transformer.resblocks.6.Adapter.s_attn.conv_offset.0.weight', 'transformer.resblocks.6.Adapter.s_attn.conv_offset.0.bias', 'transformer.resblocks.6.Adapter.s_attn.conv_offset.1.norm.weight', 'transformer.resblocks.6.Adapter.s_attn.conv_offset.1.norm.bias', 'transformer.resblocks.6.Adapter.s_attn.conv_offset.3.weight', 'transformer.resblocks.6.Adapter.s_attn.proj_q.weight', 'transformer.resblocks.6.Adapter.s_attn.proj_q.bias', 'transformer.resblocks.6.Adapter.s_attn.proj_k.weight', 'transformer.resblocks.6.Adapter.s_attn.proj_k.bias', 'transformer.resblocks.6.Adapter.s_attn.proj_v.weight', 'transformer.resblocks.6.Adapter.s_attn.proj_v.bias', 'transformer.resblocks.6.Adapter.s_attn.proj_out.weight', 'transformer.resblocks.6.Adapter.s_attn.proj_out.bias', 'transformer.resblocks.6.Adapter.t_ln.weight', 'transformer.resblocks.6.Adapter.t_ln.bias', 'transformer.resblocks.6.Adapter.t_attn.conv_offset.0.weight', 'transformer.resblocks.6.Adapter.t_attn.conv_offset.0.bias', 'transformer.resblocks.6.Adapter.t_attn.conv_offset.1.norm.weight', 'transformer.resblocks.6.Adapter.t_attn.conv_offset.1.norm.bias', 'transformer.resblocks.6.Adapter.t_attn.conv_offset.3.weight', 'transformer.resblocks.6.Adapter.t_attn.proj_q.weight', 'transformer.resblocks.6.Adapter.t_attn.proj_q.bias', 'transformer.resblocks.6.Adapter.t_attn.proj_k.weight', 'transformer.resblocks.6.Adapter.t_attn.proj_k.bias', 'transformer.resblocks.6.Adapter.t_attn.proj_v.weight', 'transformer.resblocks.6.Adapter.t_attn.proj_v.bias', 'transformer.resblocks.6.Adapter.t_attn.proj_out.weight', 'transformer.resblocks.6.Adapter.t_attn.proj_out.bias', 'transformer.resblocks.6.Adapter.up.weight', 'transformer.resblocks.6.Adapter.up.bias', 'transformer.resblocks.7.Adapter.down.weight', 'transformer.resblocks.7.Adapter.down.bias', 'transformer.resblocks.7.Adapter.pos_embed.weight', 'transformer.resblocks.7.Adapter.pos_embed.bias', 'transformer.resblocks.7.Adapter.s_ln.weight', 'transformer.resblocks.7.Adapter.s_ln.bias', 'transformer.resblocks.7.Adapter.s_attn.conv_offset.0.weight', 'transformer.resblocks.7.Adapter.s_attn.conv_offset.0.bias', 'transformer.resblocks.7.Adapter.s_attn.conv_offset.1.norm.weight', 'transformer.resblocks.7.Adapter.s_attn.conv_offset.1.norm.bias', 'transformer.resblocks.7.Adapter.s_attn.conv_offset.3.weight', 'transformer.resblocks.7.Adapter.s_attn.proj_q.weight', 'transformer.resblocks.7.Adapter.s_attn.proj_q.bias', 'transformer.resblocks.7.Adapter.s_attn.proj_k.weight', 'transformer.resblocks.7.Adapter.s_attn.proj_k.bias', 'transformer.resblocks.7.Adapter.s_attn.proj_v.weight', 'transformer.resblocks.7.Adapter.s_attn.proj_v.bias', 'transformer.resblocks.7.Adapter.s_attn.proj_out.weight', 'transformer.resblocks.7.Adapter.s_attn.proj_out.bias', 'transformer.resblocks.7.Adapter.t_ln.weight', 'transformer.resblocks.7.Adapter.t_ln.bias', 'transformer.resblocks.7.Adapter.t_attn.conv_offset.0.weight', 'transformer.resblocks.7.Adapter.t_attn.conv_offset.0.bias', 'transformer.resblocks.7.Adapter.t_attn.conv_offset.1.norm.weight', 'transformer.resblocks.7.Adapter.t_attn.conv_offset.1.norm.bias', 'transformer.resblocks.7.Adapter.t_attn.conv_offset.3.weight', 'transformer.resblocks.7.Adapter.t_attn.proj_q.weight', 'transformer.resblocks.7.Adapter.t_attn.proj_q.bias', 'transformer.resblocks.7.Adapter.t_attn.proj_k.weight', 'transformer.resblocks.7.Adapter.t_attn.proj_k.bias', 'transformer.resblocks.7.Adapter.t_attn.proj_v.weight', 'transformer.resblocks.7.Adapter.t_attn.proj_v.bias', 'transformer.resblocks.7.Adapter.t_attn.proj_out.weight', 'transformer.resblocks.7.Adapter.t_attn.proj_out.bias', 'transformer.resblocks.7.Adapter.up.weight', 'transformer.resblocks.7.Adapter.up.bias', 'transformer.resblocks.8.Adapter.down.weight', 'transformer.resblocks.8.Adapter.down.bias', 'transformer.resblocks.8.Adapter.pos_embed.weight', 'transformer.resblocks.8.Adapter.pos_embed.bias', 'transformer.resblocks.8.Adapter.s_ln.weight', 'transformer.resblocks.8.Adapter.s_ln.bias', 'transformer.resblocks.8.Adapter.s_attn.conv_offset.0.weight', 'transformer.resblocks.8.Adapter.s_attn.conv_offset.0.bias', 'transformer.resblocks.8.Adapter.s_attn.conv_offset.1.norm.weight', 'transformer.resblocks.8.Adapter.s_attn.conv_offset.1.norm.bias', 'transformer.resblocks.8.Adapter.s_attn.conv_offset.3.weight', 'transformer.resblocks.8.Adapter.s_attn.proj_q.weight', 'transformer.resblocks.8.Adapter.s_attn.proj_q.bias', 'transformer.resblocks.8.Adapter.s_attn.proj_k.weight', 'transformer.resblocks.8.Adapter.s_attn.proj_k.bias', 'transformer.resblocks.8.Adapter.s_attn.proj_v.weight', 'transformer.resblocks.8.Adapter.s_attn.proj_v.bias', 'transformer.resblocks.8.Adapter.s_attn.proj_out.weight', 'transformer.resblocks.8.Adapter.s_attn.proj_out.bias', 'transformer.resblocks.8.Adapter.t_ln.weight', 'transformer.resblocks.8.Adapter.t_ln.bias', 'transformer.resblocks.8.Adapter.t_attn.conv_offset.0.weight', 'transformer.resblocks.8.Adapter.t_attn.conv_offset.0.bias', 'transformer.resblocks.8.Adapter.t_attn.conv_offset.1.norm.weight', 'transformer.resblocks.8.Adapter.t_attn.conv_offset.1.norm.bias', 'transformer.resblocks.8.Adapter.t_attn.conv_offset.3.weight', 'transformer.resblocks.8.Adapter.t_attn.proj_q.weight', 'transformer.resblocks.8.Adapter.t_attn.proj_q.bias', 'transformer.resblocks.8.Adapter.t_attn.proj_k.weight', 'transformer.resblocks.8.Adapter.t_attn.proj_k.bias', 'transformer.resblocks.8.Adapter.t_attn.proj_v.weight', 'transformer.resblocks.8.Adapter.t_attn.proj_v.bias', 'transformer.resblocks.8.Adapter.t_attn.proj_out.weight', 'transformer.resblocks.8.Adapter.t_attn.proj_out.bias', 'transformer.resblocks.8.Adapter.up.weight', 'transformer.resblocks.8.Adapter.up.bias', 'transformer.resblocks.9.Adapter.down.weight', 'transformer.resblocks.9.Adapter.down.bias', 'transformer.resblocks.9.Adapter.pos_embed.weight', 'transformer.resblocks.9.Adapter.pos_embed.bias', 'transformer.resblocks.9.Adapter.s_ln.weight', 'transformer.resblocks.9.Adapter.s_ln.bias', 'transformer.resblocks.9.Adapter.s_attn.conv_offset.0.weight', 'transformer.resblocks.9.Adapter.s_attn.conv_offset.0.bias', 'transformer.resblocks.9.Adapter.s_attn.conv_offset.1.norm.weight', 'transformer.resblocks.9.Adapter.s_attn.conv_offset.1.norm.bias', 'transformer.resblocks.9.Adapter.s_attn.conv_offset.3.weight', 'transformer.resblocks.9.Adapter.s_attn.proj_q.weight', 'transformer.resblocks.9.Adapter.s_attn.proj_q.bias', 'transformer.resblocks.9.Adapter.s_attn.proj_k.weight', 'transformer.resblocks.9.Adapter.s_attn.proj_k.bias', 'transformer.resblocks.9.Adapter.s_attn.proj_v.weight', 'transformer.resblocks.9.Adapter.s_attn.proj_v.bias', 'transformer.resblocks.9.Adapter.s_attn.proj_out.weight', 'transformer.resblocks.9.Adapter.s_attn.proj_out.bias', 'transformer.resblocks.9.Adapter.t_ln.weight', 'transformer.resblocks.9.Adapter.t_ln.bias', 'transformer.resblocks.9.Adapter.t_attn.conv_offset.0.weight', 'transformer.resblocks.9.Adapter.t_attn.conv_offset.0.bias', 'transformer.resblocks.9.Adapter.t_attn.conv_offset.1.norm.weight', 'transformer.resblocks.9.Adapter.t_attn.conv_offset.1.norm.bias', 'transformer.resblocks.9.Adapter.t_attn.conv_offset.3.weight', 'transformer.resblocks.9.Adapter.t_attn.proj_q.weight', 'transformer.resblocks.9.Adapter.t_attn.proj_q.bias', 'transformer.resblocks.9.Adapter.t_attn.proj_k.weight', 'transformer.resblocks.9.Adapter.t_attn.proj_k.bias', 'transformer.resblocks.9.Adapter.t_attn.proj_v.weight', 'transformer.resblocks.9.Adapter.t_attn.proj_v.bias', 'transformer.resblocks.9.Adapter.t_attn.proj_out.weight', 'transformer.resblocks.9.Adapter.t_attn.proj_out.bias', 'transformer.resblocks.9.Adapter.up.weight', 'transformer.resblocks.9.Adapter.up.bias', 'transformer.resblocks.10.Adapter.down.weight', 'transformer.resblocks.10.Adapter.down.bias', 'transformer.resblocks.10.Adapter.pos_embed.weight', 'transformer.resblocks.10.Adapter.pos_embed.bias', 'transformer.resblocks.10.Adapter.s_ln.weight', 'transformer.resblocks.10.Adapter.s_ln.bias', 'transformer.resblocks.10.Adapter.s_attn.conv_offset.0.weight', 'transformer.resblocks.10.Adapter.s_attn.conv_offset.0.bias', 'transformer.resblocks.10.Adapter.s_attn.conv_offset.1.norm.weight', 'transformer.resblocks.10.Adapter.s_attn.conv_offset.1.norm.bias', 'transformer.resblocks.10.Adapter.s_attn.conv_offset.3.weight', 'transformer.resblocks.10.Adapter.s_attn.proj_q.weight', 'transformer.resblocks.10.Adapter.s_attn.proj_q.bias', 'transformer.resblocks.10.Adapter.s_attn.proj_k.weight', 'transformer.resblocks.10.Adapter.s_attn.proj_k.bias', 'transformer.resblocks.10.Adapter.s_attn.proj_v.weight', 'transformer.resblocks.10.Adapter.s_attn.proj_v.bias', 'transformer.resblocks.10.Adapter.s_attn.proj_out.weight', 'transformer.resblocks.10.Adapter.s_attn.proj_out.bias', 'transformer.resblocks.10.Adapter.t_ln.weight', 'transformer.resblocks.10.Adapter.t_ln.bias', 'transformer.resblocks.10.Adapter.t_attn.conv_offset.0.weight', 'transformer.resblocks.10.Adapter.t_attn.conv_offset.0.bias', 'transformer.resblocks.10.Adapter.t_attn.conv_offset.1.norm.weight', 'transformer.resblocks.10.Adapter.t_attn.conv_offset.1.norm.bias', 'transformer.resblocks.10.Adapter.t_attn.conv_offset.3.weight', 'transformer.resblocks.10.Adapter.t_attn.proj_q.weight', 'transformer.resblocks.10.Adapter.t_attn.proj_q.bias', 'transformer.resblocks.10.Adapter.t_attn.proj_k.weight', 'transformer.resblocks.10.Adapter.t_attn.proj_k.bias', 'transformer.resblocks.10.Adapter.t_attn.proj_v.weight', 'transformer.resblocks.10.Adapter.t_attn.proj_v.bias', 'transformer.resblocks.10.Adapter.t_attn.proj_out.weight', 'transformer.resblocks.10.Adapter.t_attn.proj_out.bias', 'transformer.resblocks.10.Adapter.up.weight', 'transformer.resblocks.10.Adapter.up.bias', 'transformer.resblocks.11.Adapter.down.weight', 'transformer.resblocks.11.Adapter.down.bias', 'transformer.resblocks.11.Adapter.pos_embed.weight', 'transformer.resblocks.11.Adapter.pos_embed.bias', 'transformer.resblocks.11.Adapter.s_ln.weight', 'transformer.resblocks.11.Adapter.s_ln.bias', 'transformer.resblocks.11.Adapter.s_attn.conv_offset.0.weight', 'transformer.resblocks.11.Adapter.s_attn.conv_offset.0.bias', 'transformer.resblocks.11.Adapter.s_attn.conv_offset.1.norm.weight', 'transformer.resblocks.11.Adapter.s_attn.conv_offset.1.norm.bias', 'transformer.resblocks.11.Adapter.s_attn.conv_offset.3.weight', 'transformer.resblocks.11.Adapter.s_attn.proj_q.weight', 'transformer.resblocks.11.Adapter.s_attn.proj_q.bias', 'transformer.resblocks.11.Adapter.s_attn.proj_k.weight', 'transformer.resblocks.11.Adapter.s_attn.proj_k.bias', 'transformer.resblocks.11.Adapter.s_attn.proj_v.weight', 'transformer.resblocks.11.Adapter.s_attn.proj_v.bias', 'transformer.resblocks.11.Adapter.s_attn.proj_out.weight', 'transformer.resblocks.11.Adapter.s_attn.proj_out.bias', 'transformer.resblocks.11.Adapter.t_ln.weight', 'transformer.resblocks.11.Adapter.t_ln.bias', 'transformer.resblocks.11.Adapter.t_attn.conv_offset.0.weight', 'transformer.resblocks.11.Adapter.t_attn.conv_offset.0.bias', 'transformer.resblocks.11.Adapter.t_attn.conv_offset.1.norm.weight', 'transformer.resblocks.11.Adapter.t_attn.conv_offset.1.norm.bias', 'transformer.resblocks.11.Adapter.t_attn.conv_offset.3.weight', 'transformer.resblocks.11.Adapter.t_attn.proj_q.weight', 'transformer.resblocks.11.Adapter.t_attn.proj_q.bias', 'transformer.resblocks.11.Adapter.t_attn.proj_k.weight', 'transformer.resblocks.11.Adapter.t_attn.proj_k.bias', 'transformer.resblocks.11.Adapter.t_attn.proj_v.weight', 'transformer.resblocks.11.Adapter.t_attn.proj_v.bias', 'transformer.resblocks.11.Adapter.t_attn.proj_out.weight', 'transformer.resblocks.11.Adapter.t_attn.proj_out.bias', 'transformer.resblocks.11.Adapter.up.weight', 'transformer.resblocks.11.Adapter.up.bias', 'focus_branch.temporal_alpha', 'focus_branch.norm.weight', 'focus_branch.norm.bias', 'focus_branch.time_proj.weight', 'focus_branch.time_proj.bias', 'focus_branch.temporal.self_attn.in_proj_weight', 'focus_branch.temporal.self_attn.in_proj_bias', 'focus_branch.temporal.self_attn.out_proj.weight', 'focus_branch.temporal.self_attn.out_proj.bias', 'focus_branch.temporal.linear1.weight', 'focus_branch.temporal.linear1.bias', 'focus_branch.temporal.linear2.weight', 'focus_branch.temporal.linear2.bias', 'focus_branch.temporal.norm1.weight', 'focus_branch.temporal.norm1.bias', 'focus_branch.temporal.norm2.weight', 'focus_branch.temporal.norm2.bias', 'focus_branch.gate.0.weight', 'focus_branch.gate.0.bias', 'focus_branch.gate.2.weight', 'focus_branch.gate.2.bias']
[08/20 22:40:38][INFO] models.base.adapter:  756: Unexpected keys: []
[08/20 22:40:38][INFO] models.base.adapter:  757: => loaded successfully 'ViT-B/16'
[08/20 22:40:38][INFO] models.base.adapter:  764: init:  transformer.resblocks.0.Adapter.up
[08/20 22:40:38][INFO] models.base.adapter:  764: init:  transformer.resblocks.1.Adapter.up
[08/20 22:40:38][INFO] models.base.adapter:  764: init:  transformer.resblocks.2.Adapter.up
[08/20 22:40:38][INFO] models.base.adapter:  764: init:  transformer.resblocks.3.Adapter.up
[08/20 22:40:38][INFO] models.base.adapter:  764: init:  transformer.resblocks.4.Adapter.up
[08/20 22:40:38][INFO] models.base.adapter:  764: init:  transformer.resblocks.5.Adapter.up
[08/20 22:40:38][INFO] models.base.adapter:  764: init:  transformer.resblocks.6.Adapter.up
[08/20 22:40:38][INFO] models.base.adapter:  764: init:  transformer.resblocks.7.Adapter.up
[08/20 22:40:38][INFO] models.base.adapter:  764: init:  transformer.resblocks.8.Adapter.up
[08/20 22:40:38][INFO] models.base.adapter:  764: init:  transformer.resblocks.9.Adapter.up
[08/20 22:40:38][INFO] models.base.adapter:  764: init:  transformer.resblocks.10.Adapter.up
[08/20 22:40:38][INFO] models.base.adapter:  764: init:  transformer.resblocks.11.Adapter.up
[08/20 22:40:38][INFO] train_net_few_shot:  256: Model:
BaseVideoModel(
  (model): ViT_CLIP(
    (conv1): Conv2d(3, 768, kernel_size=(16, 16), stride=(16, 16), bias=False)
    (ln_pre): LayerNorm((768,), eps=1e-05, elementwise_affine=True, bias=True)
    (transformer): Transformer(
      (resblocks): ModuleList(
        (0-11): 12 x ResidualAttentionBlock(
          (ln_1): LayerNorm((768,), eps=1e-05, elementwise_affine=True, bias=True)
          (attn): MultiheadAttention(
            (out_proj): NonDynamicallyQuantizableLinear(in_features=768, out_features=768, bias=True)
          )
          (ln_2): LayerNorm((768,), eps=1e-05, elementwise_affine=True, bias=True)
          (mlp): Sequential(
            (c_fc): Linear(in_features=768, out_features=3072, bias=True)
            (gelu): QuickGELU()
            (c_proj): Linear(in_features=3072, out_features=768, bias=True)
          )
          (Adapter): ViT_D2ST_Adapter(
            (down): Linear(in_features=768, out_features=192, bias=True)
            (gelu1): GELU(approximate='none')
            (pos_embed): Conv3d(192, 192, kernel_size=(3, 3, 3), stride=(1, 1, 1), padding=(1, 1, 1), groups=192)
            (s_ln): LayerNorm((192,), eps=1e-05, elementwise_affine=True, bias=True)
            (s_attn): ViT_DeformAttention(
              (conv_offset): Sequential(
                (0): Conv3d(48, 48, kernel_size=(4, 5, 5), stride=(4, 3, 3), groups=48)
                (1): LayerNormProxy(
                  (norm): LayerNorm((48,), eps=1e-05, elementwise_affine=True, bias=True)
                )
                (2): GELU(approximate='none')
                (3): Conv3d(48, 3, kernel_size=(1, 1, 1), stride=(1, 1, 1), bias=False)
              )
              (proj_q): Linear(in_features=192, out_features=192, bias=True)
              (proj_k): Linear(in_features=192, out_features=192, bias=True)
              (proj_v): Linear(in_features=192, out_features=192, bias=True)
              (proj_out): Linear(in_features=192, out_features=192, bias=True)
            )
            (t_ln): LayerNorm((192,), eps=1e-05, elementwise_affine=True, bias=True)
            (t_attn): ViT_DeformAttention(
              (conv_offset): Sequential(
                (0): Conv3d(48, 48, kernel_size=(1, 7, 7), stride=(1, 7, 7), groups=48)
                (1): LayerNormProxy(
                  (norm): LayerNorm((48,), eps=1e-05, elementwise_affine=True, bias=True)
                )
                (2): GELU(approximate='none')
                (3): Conv3d(48, 3, kernel_size=(1, 1, 1), stride=(1, 1, 1), bias=False)
              )
              (proj_q): Linear(in_features=192, out_features=192, bias=True)
              (proj_k): Linear(in_features=192, out_features=192, bias=True)
              (proj_v): Linear(in_features=192, out_features=192, bias=True)
              (proj_out): Linear(in_features=192, out_features=192, bias=True)
            )
            (gelu): GELU(approximate='none')
            (up): Linear(in_features=192, out_features=768, bias=True)
            (gelu2): GELU(approximate='none')
          )
        )
      )
    )
    (ln_post): LayerNorm((768,), eps=1e-05, elementwise_affine=True, bias=True)
    (focus_branch): D2STFocusResidual(
      (norm): LayerNorm((768,), eps=1e-05, elementwise_affine=True, bias=True)
      (time_proj): Linear(in_features=1, out_features=768, bias=True)
      (temporal): TransformerEncoderLayer(
        (self_attn): MultiheadAttention(
          (out_proj): NonDynamicallyQuantizableLinear(in_features=768, out_features=768, bias=True)
        )
        (linear1): Linear(in_features=768, out_features=1536, bias=True)
        (dropout): Dropout(p=0.1, inplace=False)
        (linear2): Linear(in_features=1536, out_features=768, bias=True)
        (norm1): LayerNorm((768,), eps=1e-05, elementwise_affine=True, bias=True)
        (norm2): LayerNorm((768,), eps=1e-05, elementwise_affine=True, bias=True)
        (dropout1): Dropout(p=0.1, inplace=False)
        (dropout2): Dropout(p=0.1, inplace=False)
      )
      (gate): Sequential(
        (0): Linear(in_features=768, out_features=48, bias=True)
        (1): GELU(approximate='none')
        (2): Linear(in_features=48, out_features=1, bias=True)
      )
    )
  )
)
[08/20 22:40:38][INFO] models.utils.optimizer:   82: Optimized parameters constructed. Parameters without weight decay: []
[08/20 22:40:38][INFO] datasets.base.few_shot_dataset:   97: Reading video list from file: train_few_shot.txt
[08/20 22:40:38][INFO] datasets.base.few_shot_dataset:  127: Loading UCF101 dataset list for split 'train'...
[08/20 22:40:38][INFO] datasets.base.few_shot_dataset:   47: loaded 9154 videos from train dataset: UCF101 !
[08/20 22:40:38][INFO] datasets.base.few_shot_dataset:  153: Dataset UCF101 split train loaded. Length 9154.
[08/20 22:40:38][INFO] datasets.base.few_shot_dataset:   97: Reading video list from file: test_few_shot.txt
[08/20 22:40:38][INFO] datasets.base.few_shot_dataset:  127: Loading UCF101 dataset list for split 'test'...
[08/20 22:40:38][INFO] datasets.base.few_shot_dataset:   47: loaded 2745 videos from test dataset: UCF101 !
[08/20 22:40:38][INFO] datasets.base.few_shot_dataset:  153: Dataset UCF101 split test loaded. Length 2745.
[08/20 22:40:38][INFO] train_net_few_shot:  278: Start epoch: 1
[08/20 22:40:38][INFO] train_net_few_shot:  307: Number of total parameters: 97846947, tunable parameters: 12049827
[08/20 22:40:38][INFO] train_net_few_shot:   45: Norm training: True
[08/20 22:41:37][INFO] utils.logging:   91: {"_type": "train_iter", "iter": "200/18000", "loss": 0.234070, "lr": 0.000072, "top1_acc": 90.800001}
[08/20 22:42:33][INFO] utils.logging:   91: {"_type": "train_iter", "iter": "400/18000", "loss": 0.135375, "lr": 0.000094, "top1_acc": 94.500000}
[08/20 22:43:30][INFO] utils.logging:   91: {"_type": "train_iter", "iter": "600/18000", "loss": 0.097272, "lr": 0.000117, "top1_acc": 95.600000}
[08/20 22:44:27][INFO] utils.logging:   91: {"_type": "train_iter", "iter": "800/18000", "loss": 0.067998, "lr": 0.000139, "top1_acc": 95.900000}
[08/20 22:45:24][INFO] utils.logging:   91: {"_type": "train_iter", "iter": "1000/18000", "loss": 0.043151, "lr": 0.000161, "top1_acc": 96.800000}
[08/20 22:46:21][INFO] utils.logging:   91: {"_type": "train_iter", "iter": "1200/18000", "loss": 0.033359, "lr": 0.000183, "top1_acc": 97.000000}
[08/20 22:47:17][INFO] utils.logging:   91: {"_type": "train_iter", "iter": "1400/18000", "loss": 0.029563, "lr": 0.000205, "top1_acc": 96.300000}
[08/20 22:48:14][INFO] utils.logging:   91: {"_type": "train_iter", "iter": "1600/18000", "loss": 0.027034, "lr": 0.000228, "top1_acc": 97.600000}
[08/20 22:49:11][INFO] utils.logging:   91: {"_type": "train_iter", "iter": "1800/18000", "loss": 0.029822, "lr": 0.000250, "top1_acc": 96.800000}
[08/20 22:50:08][INFO] utils.logging:   91: {"_type": "train_iter", "iter": "2000/18000", "loss": 0.028968, "lr": 0.000250, "top1_acc": 97.300000}
[08/20 22:51:05][INFO] utils.logging:   91: {"_type": "train_iter", "iter": "2200/18000", "loss": 0.031243, "lr": 0.000250, "top1_acc": 97.400000}
[08/20 22:52:02][INFO] utils.logging:   91: {"_type": "train_iter", "iter": "2400/18000", "loss": 0.025066, "lr": 0.000250, "top1_acc": 97.000000}
[08/20 22:52:58][INFO] utils.logging:   91: {"_type": "train_iter", "iter": "2600/18000", "loss": 0.028459, "lr": 0.000250, "top1_acc": 97.000000}
[08/20 22:53:55][INFO] utils.logging:   91: {"_type": "train_iter", "iter": "2800/18000", "loss": 0.028190, "lr": 0.000250, "top1_acc": 98.000000}
[08/20 22:54:52][INFO] utils.logging:   91: {"_type": "train_iter", "iter": "3000/18000", "loss": 0.019541, "lr": 0.000250, "top1_acc": 97.300000}
[08/20 22:55:49][INFO] utils.logging:   91: {"_type": "train_iter", "iter": "3200/18000", "loss": 0.016825, "lr": 0.000250, "top1_acc": 97.300000}
[08/20 22:56:46][INFO] utils.logging:   91: {"_type": "train_iter", "iter": "3400/18000", "loss": 0.023945, "lr": 0.000250, "top1_acc": 97.000000}
[08/20 22:57:43][INFO] utils.logging:   91: {"_type": "train_iter", "iter": "3600/18000", "loss": 0.015800, "lr": 0.000250, "top1_acc": 98.200000}
[08/20 22:58:40][INFO] utils.logging:   91: {"_type": "train_iter", "iter": "3800/18000", "loss": 0.018669, "lr": 0.000250, "top1_acc": 98.000000}
[08/20 22:59:37][INFO] utils.logging:   91: {"_type": "train_iter", "iter": "4000/18000", "loss": 0.016704, "lr": 0.000250, "top1_acc": 98.000000}
[08/20 23:00:34][INFO] utils.logging:   91: {"_type": "train_iter", "iter": "4200/18000", "loss": 0.017011, "lr": 0.000250, "top1_acc": 98.400000}
[08/20 23:01:31][INFO] utils.logging:   91: {"_type": "train_iter", "iter": "4400/18000", "loss": 0.017067, "lr": 0.000250, "top1_acc": 97.500000}
[08/20 23:02:28][INFO] utils.logging:   91: {"_type": "train_iter", "iter": "4600/18000", "loss": 0.022380, "lr": 0.000250, "top1_acc": 97.300000}
[08/20 23:03:25][INFO] utils.logging:   91: {"_type": "train_iter", "iter": "4800/18000", "loss": 0.016859, "lr": 0.000250, "top1_acc": 97.700000}
[08/20 23:04:22][INFO] utils.logging:   91: {"_type": "train_iter", "iter": "5000/18000", "loss": 0.012453, "lr": 0.000250, "top1_acc": 97.600000}
[08/20 23:05:19][INFO] utils.logging:   91: {"_type": "train_iter", "iter": "5200/18000", "loss": 0.015123, "lr": 0.000250, "top1_acc": 98.300000}
[08/20 23:06:16][INFO] utils.logging:   91: {"_type": "train_iter", "iter": "5400/18000", "loss": 0.026843, "lr": 0.000250, "top1_acc": 97.800000}
[08/20 23:07:13][INFO] utils.logging:   91: {"_type": "train_iter", "iter": "5600/18000", "loss": 0.015580, "lr": 0.000250, "top1_acc": 98.500000}
[08/20 23:08:10][INFO] utils.logging:   91: {"_type": "train_iter", "iter": "5800/18000", "loss": 0.017873, "lr": 0.000250, "top1_acc": 97.300000}
[08/20 23:09:30][INFO] utils.logging:   91: {"_type": "val_iter", "gpu_mem": "11.84 GB", "iter": "200/10000", "top1_acc": 96.700000}
[08/20 23:09:53][INFO] utils.logging:   91: {"_type": "val_iter", "gpu_mem": "11.84 GB", "iter": "400/10000", "top1_acc": 96.300000}
[08/20 23:10:16][INFO] utils.logging:   91: {"_type": "val_iter", "gpu_mem": "11.84 GB", "iter": "600/10000", "top1_acc": 96.100000}
[08/20 23:10:39][INFO] utils.logging:   91: {"_type": "val_iter", "gpu_mem": "11.84 GB", "iter": "800/10000", "top1_acc": 96.400000}
[08/20 23:11:02][INFO] utils.logging:   91: {"_type": "val_iter", "gpu_mem": "11.84 GB", "iter": "1000/10000", "top1_acc": 97.100000}
[08/20 23:11:24][INFO] utils.logging:   91: {"_type": "val_iter", "gpu_mem": "11.84 GB", "iter": "1200/10000", "top1_acc": 98.000000}
[08/20 23:11:47][INFO] utils.logging:   91: {"_type": "val_iter", "gpu_mem": "11.84 GB", "iter": "1400/10000", "top1_acc": 97.700000}
[08/20 23:12:10][INFO] utils.logging:   91: {"_type": "val_iter", "gpu_mem": "11.84 GB", "iter": "1600/10000", "top1_acc": 96.900000}
[08/20 23:12:33][INFO] utils.logging:   91: {"_type": "val_iter", "gpu_mem": "11.84 GB", "iter": "1800/10000", "top1_acc": 96.500000}
[08/20 23:12:56][INFO] utils.logging:   91: {"_type": "val_iter", "gpu_mem": "11.84 GB", "iter": "2000/10000", "top1_acc": 96.600000}
[08/20 23:13:18][INFO] utils.logging:   91: {"_type": "val_iter", "gpu_mem": "11.84 GB", "iter": "2200/10000", "top1_acc": 97.800000}
[08/20 23:13:41][INFO] utils.logging:   91: {"_type": "val_iter", "gpu_mem": "11.84 GB", "iter": "2400/10000", "top1_acc": 96.400000}
[08/20 23:14:04][INFO] utils.logging:   91: {"_type": "val_iter", "gpu_mem": "11.84 GB", "iter": "2600/10000", "top1_acc": 96.000000}
[08/20 23:14:27][INFO] utils.logging:   91: {"_type": "val_iter", "gpu_mem": "11.84 GB", "iter": "2800/10000", "top1_acc": 96.900000}
[08/20 23:14:49][INFO] utils.logging:   91: {"_type": "val_iter", "gpu_mem": "11.84 GB", "iter": "3000/10000", "top1_acc": 97.100000}
[08/20 23:15:12][INFO] utils.logging:   91: {"_type": "val_iter", "gpu_mem": "11.84 GB", "iter": "3200/10000", "top1_acc": 97.200000}
[08/20 23:15:35][INFO] utils.logging:   91: {"_type": "val_iter", "gpu_mem": "11.84 GB", "iter": "3400/10000", "top1_acc": 96.200000}
[08/20 23:15:58][INFO] utils.logging:   91: {"_type": "val_iter", "gpu_mem": "11.84 GB", "iter": "3600/10000", "top1_acc": 96.500000}
[08/20 23:16:20][INFO] utils.logging:   91: {"_type": "val_iter", "gpu_mem": "11.84 GB", "iter": "3800/10000", "top1_acc": 97.900000}
[08/20 23:16:43][INFO] utils.logging:   91: {"_type": "val_iter", "gpu_mem": "11.84 GB", "iter": "4000/10000", "top1_acc": 96.500000}
[08/20 23:17:06][INFO] utils.logging:   91: {"_type": "val_iter", "gpu_mem": "11.84 GB", "iter": "4200/10000", "top1_acc": 97.200000}
[08/20 23:17:29][INFO] utils.logging:   91: {"_type": "val_iter", "gpu_mem": "11.84 GB", "iter": "4400/10000", "top1_acc": 96.400000}
[08/20 23:17:51][INFO] utils.logging:   91: {"_type": "val_iter", "gpu_mem": "11.84 GB", "iter": "4600/10000", "top1_acc": 97.600000}
[08/20 23:18:14][INFO] utils.logging:   91: {"_type": "val_iter", "gpu_mem": "11.84 GB", "iter": "4800/10000", "top1_acc": 97.400000}
[08/20 23:18:37][INFO] utils.logging:   91: {"_type": "val_iter", "gpu_mem": "11.84 GB", "iter": "5000/10000", "top1_acc": 96.500000}
[08/20 23:19:00][INFO] utils.logging:   91: {"_type": "val_iter", "gpu_mem": "11.84 GB", "iter": "5200/10000", "top1_acc": 95.300000}
[08/20 23:19:23][INFO] utils.logging:   91: {"_type": "val_iter", "gpu_mem": "11.84 GB", "iter": "5400/10000", "top1_acc": 95.600000}
[08/20 23:19:45][INFO] utils.logging:   91: {"_type": "val_iter", "gpu_mem": "11.84 GB", "iter": "5600/10000", "top1_acc": 96.600000}
[08/20 23:20:08][INFO] utils.logging:   91: {"_type": "val_iter", "gpu_mem": "11.84 GB", "iter": "5800/10000", "top1_acc": 97.100000}
[08/20 23:20:31][INFO] utils.logging:   91: {"_type": "val_iter", "gpu_mem": "11.84 GB", "iter": "6000/10000", "top1_acc": 96.900000}
[08/20 23:20:54][INFO] utils.logging:   91: {"_type": "val_iter", "gpu_mem": "11.84 GB", "iter": "6200/10000", "top1_acc": 96.700000}
[08/20 23:21:17][INFO] utils.logging:   91: {"_type": "val_iter", "gpu_mem": "11.84 GB", "iter": "6400/10000", "top1_acc": 96.800000}
[08/20 23:21:39][INFO] utils.logging:   91: {"_type": "val_iter", "gpu_mem": "11.84 GB", "iter": "6600/10000", "top1_acc": 95.900000}
[08/20 23:22:03][INFO] utils.logging:   91: {"_type": "val_iter", "gpu_mem": "11.84 GB", "iter": "6800/10000", "top1_acc": 96.300000}
[08/20 23:22:25][INFO] utils.logging:   91: {"_type": "val_iter", "gpu_mem": "11.84 GB", "iter": "7000/10000", "top1_acc": 98.000000}
[08/20 23:22:48][INFO] utils.logging:   91: {"_type": "val_iter", "gpu_mem": "11.84 GB", "iter": "7200/10000", "top1_acc": 95.900000}
[08/20 23:23:11][INFO] utils.logging:   91: {"_type": "val_iter", "gpu_mem": "11.84 GB", "iter": "7400/10000", "top1_acc": 97.400000}
[08/20 23:23:34][INFO] utils.logging:   91: {"_type": "val_iter", "gpu_mem": "11.84 GB", "iter": "7600/10000", "top1_acc": 97.500000}
[08/20 23:23:57][INFO] utils.logging:   91: {"_type": "val_iter", "gpu_mem": "11.84 GB", "iter": "7800/10000", "top1_acc": 97.800000}
[08/20 23:24:19][INFO] utils.logging:   91: {"_type": "val_iter", "gpu_mem": "11.84 GB", "iter": "8000/10000", "top1_acc": 96.900000}
[08/20 23:24:42][INFO] utils.logging:   91: {"_type": "val_iter", "gpu_mem": "11.84 GB", "iter": "8200/10000", "top1_acc": 97.300000}
[08/20 23:25:05][INFO] utils.logging:   91: {"_type": "val_iter", "gpu_mem": "11.84 GB", "iter": "8400/10000", "top1_acc": 96.100000}
[08/20 23:25:28][INFO] utils.logging:   91: {"_type": "val_iter", "gpu_mem": "11.84 GB", "iter": "8600/10000", "top1_acc": 97.700000}
[08/20 23:25:50][INFO] utils.logging:   91: {"_type": "val_iter", "gpu_mem": "11.84 GB", "iter": "8800/10000", "top1_acc": 97.600000}
[08/20 23:26:13][INFO] utils.logging:   91: {"_type": "val_iter", "gpu_mem": "11.84 GB", "iter": "9000/10000", "top1_acc": 97.100000}
[08/20 23:26:36][INFO] utils.logging:   91: {"_type": "val_iter", "gpu_mem": "11.84 GB", "iter": "9200/10000", "top1_acc": 97.300000}
[08/20 23:26:59][INFO] utils.logging:   91: {"_type": "val_iter", "gpu_mem": "11.84 GB", "iter": "9400/10000", "top1_acc": 96.200000}
[08/20 23:27:21][INFO] utils.logging:   91: {"_type": "val_iter", "gpu_mem": "11.84 GB", "iter": "9600/10000", "top1_acc": 97.000000}
[08/20 23:27:44][INFO] utils.logging:   91: {"_type": "val_iter", "gpu_mem": "11.84 GB", "iter": "9800/10000", "top1_acc": 97.000000}
[08/20 23:28:07][INFO] utils.logging:   91: {"_type": "val_iter", "gpu_mem": "11.84 GB", "iter": "10000/10000", "top1_acc": 97.000000}
[08/20 23:28:07][INFO] utils.logging:   91: {"RAM": "19.45/125.63 GB", "_type": "val_epoch", "epoch": "1", "gpu_mem": "11.84 GB", "top1_acc": 96.858000}
[08/20 23:28:07][INFO] train_net_few_shot:   91: New best validation accuracy: 96.8580; checkpoint=output/UCF101_FOCUS_v2/checkpoints/checkpoint_best.pyth
[08/20 23:28:08][INFO] utils.logging:   91: {"_type": "train_iter", "iter": "6000/18000", "loss": 0.019605, "lr": 0.000250, "top1_acc": 97.700000}
[08/20 23:29:05][INFO] utils.logging:   91: {"_type": "train_iter", "iter": "6200/18000", "loss": 0.021929, "lr": 0.000250, "top1_acc": 97.700000}
[08/20 23:30:02][INFO] utils.logging:   91: {"_type": "train_iter", "iter": "6400/18000", "loss": 0.017700, "lr": 0.000250, "top1_acc": 97.500000}
[08/20 23:30:59][INFO] utils.logging:   91: {"_type": "train_iter", "iter": "6600/18000", "loss": 0.015389, "lr": 0.000250, "top1_acc": 98.000000}
[08/20 23:31:56][INFO] utils.logging:   91: {"_type": "train_iter", "iter": "6800/18000", "loss": 0.019762, "lr": 0.000250, "top1_acc": 98.000000}
[08/20 23:32:53][INFO] utils.logging:   91: {"_type": "train_iter", "iter": "7000/18000", "loss": 0.016765, "lr": 0.000250, "top1_acc": 98.400000}
[08/20 23:33:50][INFO] utils.logging:   91: {"_type": "train_iter", "iter": "7200/18000", "loss": 0.016020, "lr": 0.000250, "top1_acc": 98.000000}
[08/20 23:34:47][INFO] utils.logging:   91: {"_type": "train_iter", "iter": "7400/18000", "loss": 0.013704, "lr": 0.000250, "top1_acc": 97.900000}
[08/20 23:35:43][INFO] utils.logging:   91: {"_type": "train_iter", "iter": "7600/18000", "loss": 0.012051, "lr": 0.000250, "top1_acc": 97.600000}
[08/20 23:36:40][INFO] utils.logging:   91: {"_type": "train_iter", "iter": "7800/18000", "loss": 0.012117, "lr": 0.000250, "top1_acc": 98.000000}
[08/20 23:37:37][INFO] utils.logging:   91: {"_type": "train_iter", "iter": "8000/18000", "loss": 0.016163, "lr": 0.000250, "top1_acc": 98.000000}
[08/20 23:38:34][INFO] utils.logging:   91: {"_type": "train_iter", "iter": "8200/18000", "loss": 0.013329, "lr": 0.000250, "top1_acc": 98.400000}
[08/20 23:39:31][INFO] utils.logging:   91: {"_type": "train_iter", "iter": "8400/18000", "loss": 0.010909, "lr": 0.000250, "top1_acc": 98.400000}
[08/20 23:40:28][INFO] utils.logging:   91: {"_type": "train_iter", "iter": "8600/18000", "loss": 0.012681, "lr": 0.000250, "top1_acc": 98.100000}
[08/20 23:41:25][INFO] utils.logging:   91: {"_type": "train_iter", "iter": "8800/18000", "loss": 0.013994, "lr": 0.000250, "top1_acc": 98.500000}
[08/20 23:42:22][INFO] utils.logging:   91: {"_type": "train_iter", "iter": "9000/18000", "loss": 0.017353, "lr": 0.000250, "top1_acc": 97.900000}
[08/20 23:43:19][INFO] utils.logging:   91: {"_type": "train_iter", "iter": "9200/18000", "loss": 0.010450, "lr": 0.000025, "top1_acc": 98.700000}
[08/20 23:44:15][INFO] utils.logging:   91: {"_type": "train_iter", "iter": "9400/18000", "loss": 0.014855, "lr": 0.000025, "top1_acc": 97.400000}
[08/20 23:45:12][INFO] utils.logging:   91: {"_type": "train_iter", "iter": "9600/18000", "loss": 0.012314, "lr": 0.000025, "top1_acc": 98.300000}
[08/20 23:46:09][INFO] utils.logging:   91: {"_type": "train_iter", "iter": "9800/18000", "loss": 0.015616, "lr": 0.000025, "top1_acc": 97.700000}
[08/20 23:47:06][INFO] utils.logging:   91: {"_type": "train_iter", "iter": "10000/18000", "loss": 0.014147, "lr": 0.000025, "top1_acc": 98.400000}
[08/20 23:48:03][INFO] utils.logging:   91: {"_type": "train_iter", "iter": "10200/18000", "loss": 0.011641, "lr": 0.000025, "top1_acc": 98.000000}
[08/20 23:49:00][INFO] utils.logging:   91: {"_type": "train_iter", "iter": "10400/18000", "loss": 0.009441, "lr": 0.000025, "top1_acc": 98.300000}
[08/20 23:49:57][INFO] utils.logging:   91: {"_type": "train_iter", "iter": "10600/18000", "loss": 0.012196, "lr": 0.000025, "top1_acc": 98.200000}
[08/20 23:50:54][INFO] utils.logging:   91: {"_type": "train_iter", "iter": "10800/18000", "loss": 0.014536, "lr": 0.000025, "top1_acc": 97.400000}
[08/20 23:51:51][INFO] utils.logging:   91: {"_type": "train_iter", "iter": "11000/18000", "loss": 0.018362, "lr": 0.000025, "top1_acc": 98.300000}
[08/20 23:52:48][INFO] utils.logging:   91: {"_type": "train_iter", "iter": "11200/18000", "loss": 0.008157, "lr": 0.000025, "top1_acc": 98.500000}
[08/20 23:53:45][INFO] utils.logging:   91: {"_type": "train_iter", "iter": "11400/18000", "loss": 0.010437, "lr": 0.000025, "top1_acc": 98.300000}
[08/20 23:54:42][INFO] utils.logging:   91: {"_type": "train_iter", "iter": "11600/18000", "loss": 0.014163, "lr": 0.000025, "top1_acc": 99.000000}
[08/20 23:55:38][INFO] utils.logging:   91: {"_type": "train_iter", "iter": "11800/18000", "loss": 0.008394, "lr": 0.000025, "top1_acc": 98.000000}
[08/20 23:56:58][INFO] utils.logging:   91: {"_type": "val_iter", "gpu_mem": "11.84 GB", "iter": "200/10000", "top1_acc": 97.200000}
[08/20 23:57:21][INFO] utils.logging:   91: {"_type": "val_iter", "gpu_mem": "11.84 GB", "iter": "400/10000", "top1_acc": 96.600000}
[08/20 23:57:43][INFO] utils.logging:   91: {"_type": "val_iter", "gpu_mem": "11.84 GB", "iter": "600/10000", "top1_acc": 97.100000}
[08/20 23:58:06][INFO] utils.logging:   91: {"_type": "val_iter", "gpu_mem": "11.84 GB", "iter": "800/10000", "top1_acc": 96.200000}
[08/20 23:58:28][INFO] utils.logging:   91: {"_type": "val_iter", "gpu_mem": "11.84 GB", "iter": "1000/10000", "top1_acc": 97.300000}
[08/20 23:58:50][INFO] utils.logging:   91: {"_type": "val_iter", "gpu_mem": "11.84 GB", "iter": "1200/10000", "top1_acc": 97.600000}
[08/20 23:59:13][INFO] utils.logging:   91: {"_type": "val_iter", "gpu_mem": "11.84 GB", "iter": "1400/10000", "top1_acc": 97.300000}
[08/20 23:59:35][INFO] utils.logging:   91: {"_type": "val_iter", "gpu_mem": "11.84 GB", "iter": "1600/10000", "top1_acc": 97.100000}
[08/20 23:59:58][INFO] utils.logging:   91: {"_type": "val_iter", "gpu_mem": "11.84 GB", "iter": "1800/10000", "top1_acc": 96.500000}
[08/21 00:00:20][INFO] utils.logging:   91: {"_type": "val_iter", "gpu_mem": "11.84 GB", "iter": "2000/10000", "top1_acc": 96.400000}
[08/21 00:00:43][INFO] utils.logging:   91: {"_type": "val_iter", "gpu_mem": "11.84 GB", "iter": "2200/10000", "top1_acc": 98.100000}
[08/21 00:01:05][INFO] utils.logging:   91: {"_type": "val_iter", "gpu_mem": "11.84 GB", "iter": "2400/10000", "top1_acc": 96.400000}
[08/21 00:01:28][INFO] utils.logging:   91: {"_type": "val_iter", "gpu_mem": "11.84 GB", "iter": "2600/10000", "top1_acc": 96.800000}
[08/21 00:01:51][INFO] utils.logging:   91: {"_type": "val_iter", "gpu_mem": "11.84 GB", "iter": "2800/10000", "top1_acc": 97.000000}
[08/21 00:02:13][INFO] utils.logging:   91: {"_type": "val_iter", "gpu_mem": "11.84 GB", "iter": "3000/10000", "top1_acc": 97.100000}
[08/21 00:02:36][INFO] utils.logging:   91: {"_type": "val_iter", "gpu_mem": "11.84 GB", "iter": "3200/10000", "top1_acc": 97.200000}
[08/21 00:02:59][INFO] utils.logging:   91: {"_type": "val_iter", "gpu_mem": "11.84 GB", "iter": "3400/10000", "top1_acc": 96.900000}
[08/21 00:03:22][INFO] utils.logging:   91: {"_type": "val_iter", "gpu_mem": "11.84 GB", "iter": "3600/10000", "top1_acc": 97.300000}
[08/21 00:03:44][INFO] utils.logging:   91: {"_type": "val_iter", "gpu_mem": "11.84 GB", "iter": "3800/10000", "top1_acc": 97.400000}
[08/21 00:04:07][INFO] utils.logging:   91: {"_type": "val_iter", "gpu_mem": "11.84 GB", "iter": "4000/10000", "top1_acc": 97.100000}
[08/21 00:04:29][INFO] utils.logging:   91: {"_type": "val_iter", "gpu_mem": "11.84 GB", "iter": "4200/10000", "top1_acc": 97.500000}
[08/21 00:04:52][INFO] utils.logging:   91: {"_type": "val_iter", "gpu_mem": "11.84 GB", "iter": "4400/10000", "top1_acc": 96.000000}
[08/21 00:05:15][INFO] utils.logging:   91: {"_type": "val_iter", "gpu_mem": "11.84 GB", "iter": "4600/10000", "top1_acc": 97.400000}
[08/21 00:05:37][INFO] utils.logging:   91: {"_type": "val_iter", "gpu_mem": "11.84 GB", "iter": "4800/10000", "top1_acc": 97.800000}
[08/21 00:06:00][INFO] utils.logging:   91: {"_type": "val_iter", "gpu_mem": "11.84 GB", "iter": "5000/10000", "top1_acc": 96.200000}
[08/21 00:06:23][INFO] utils.logging:   91: {"_type": "val_iter", "gpu_mem": "11.84 GB", "iter": "5200/10000", "top1_acc": 96.200000}
[08/21 00:06:45][INFO] utils.logging:   91: {"_type": "val_iter", "gpu_mem": "11.84 GB", "iter": "5400/10000", "top1_acc": 96.000000}
[08/21 00:07:08][INFO] utils.logging:   91: {"_type": "val_iter", "gpu_mem": "11.84 GB", "iter": "5600/10000", "top1_acc": 96.500000}
[08/21 00:07:30][INFO] utils.logging:   91: {"_type": "val_iter", "gpu_mem": "11.84 GB", "iter": "5800/10000", "top1_acc": 96.900000}
[08/21 00:07:53][INFO] utils.logging:   91: {"_type": "val_iter", "gpu_mem": "11.84 GB", "iter": "6000/10000", "top1_acc": 96.800000}
[08/21 00:08:15][INFO] utils.logging:   91: {"_type": "val_iter", "gpu_mem": "11.84 GB", "iter": "6200/10000", "top1_acc": 97.200000}
[08/21 00:08:38][INFO] utils.logging:   91: {"_type": "val_iter", "gpu_mem": "11.84 GB", "iter": "6400/10000", "top1_acc": 96.900000}
[08/21 00:09:01][INFO] utils.logging:   91: {"_type": "val_iter", "gpu_mem": "11.84 GB", "iter": "6600/10000", "top1_acc": 96.200000}
[08/21 00:09:24][INFO] utils.logging:   91: {"_type": "val_iter", "gpu_mem": "11.84 GB", "iter": "6800/10000", "top1_acc": 96.500000}
[08/21 00:09:46][INFO] utils.logging:   91: {"_type": "val_iter", "gpu_mem": "11.84 GB", "iter": "7000/10000", "top1_acc": 97.000000}
[08/21 00:10:09][INFO] utils.logging:   91: {"_type": "val_iter", "gpu_mem": "11.84 GB", "iter": "7200/10000", "top1_acc": 95.900000}
[08/21 00:10:31][INFO] utils.logging:   91: {"_type": "val_iter", "gpu_mem": "11.84 GB", "iter": "7400/10000", "top1_acc": 97.200000}
[08/21 00:10:54][INFO] utils.logging:   91: {"_type": "val_iter", "gpu_mem": "11.84 GB", "iter": "7600/10000", "top1_acc": 97.800000}
[08/21 00:11:17][INFO] utils.logging:   91: {"_type": "val_iter", "gpu_mem": "11.84 GB", "iter": "7800/10000", "top1_acc": 97.000000}
[08/21 00:11:39][INFO] utils.logging:   91: {"_type": "val_iter", "gpu_mem": "11.84 GB", "iter": "8000/10000", "top1_acc": 97.600000}
[08/21 00:12:02][INFO] utils.logging:   91: {"_type": "val_iter", "gpu_mem": "11.84 GB", "iter": "8200/10000", "top1_acc": 97.500000}
[08/21 00:12:25][INFO] utils.logging:   91: {"_type": "val_iter", "gpu_mem": "11.84 GB", "iter": "8400/10000", "top1_acc": 96.000000}
[08/21 00:12:47][INFO] utils.logging:   91: {"_type": "val_iter", "gpu_mem": "11.84 GB", "iter": "8600/10000", "top1_acc": 97.300000}
[08/21 00:13:10][INFO] utils.logging:   91: {"_type": "val_iter", "gpu_mem": "11.84 GB", "iter": "8800/10000", "top1_acc": 97.400000}
[08/21 00:13:33][INFO] utils.logging:   91: {"_type": "val_iter", "gpu_mem": "11.84 GB", "iter": "9000/10000", "top1_acc": 97.100000}
[08/21 00:13:55][INFO] utils.logging:   91: {"_type": "val_iter", "gpu_mem": "11.84 GB", "iter": "9200/10000", "top1_acc": 96.600000}
[08/21 00:14:18][INFO] utils.logging:   91: {"_type": "val_iter", "gpu_mem": "11.84 GB", "iter": "9400/10000", "top1_acc": 96.600000}
[08/21 00:14:41][INFO] utils.logging:   91: {"_type": "val_iter", "gpu_mem": "11.84 GB", "iter": "9600/10000", "top1_acc": 96.200000}
[08/21 00:15:03][INFO] utils.logging:   91: {"_type": "val_iter", "gpu_mem": "11.84 GB", "iter": "9800/10000", "top1_acc": 97.100000}
[08/21 00:15:26][INFO] utils.logging:   91: {"_type": "val_iter", "gpu_mem": "11.84 GB", "iter": "10000/10000", "top1_acc": 96.700000}
[08/21 00:15:26][INFO] utils.logging:   91: {"RAM": "19.87/125.63 GB", "_type": "val_epoch", "epoch": "2", "gpu_mem": "11.84 GB", "top1_acc": 96.914000}
[08/21 00:15:28][INFO] train_net_few_shot:   91: New best validation accuracy: 96.9140; checkpoint=output/UCF101_FOCUS_v2/checkpoints/checkpoint_best.pyth
[08/21 00:15:28][INFO] utils.logging:   91: {"_type": "train_iter", "iter": "12000/18000", "loss": 0.009626, "lr": 0.000025, "top1_acc": 98.500000}
[08/21 00:16:27][INFO] utils.logging:   91: {"_type": "train_iter", "iter": "12200/18000", "loss": 0.014099, "lr": 0.000025, "top1_acc": 98.400000}
[08/21 00:17:24][INFO] utils.logging:   91: {"_type": "train_iter", "iter": "12400/18000", "loss": 0.011161, "lr": 0.000025, "top1_acc": 98.800000}
[08/21 00:18:21][INFO] utils.logging:   91: {"_type": "train_iter", "iter": "12600/18000", "loss": 0.008773, "lr": 0.000025, "top1_acc": 98.500000}
[08/21 00:19:18][INFO] utils.logging:   91: {"_type": "train_iter", "iter": "12800/18000", "loss": 0.010196, "lr": 0.000013, "top1_acc": 97.900000}
[08/21 00:20:14][INFO] utils.logging:   91: {"_type": "train_iter", "iter": "13000/18000", "loss": 0.012522, "lr": 0.000013, "top1_acc": 97.800000}
[08/21 00:21:11][INFO] utils.logging:   91: {"_type": "train_iter", "iter": "13200/18000", "loss": 0.015298, "lr": 0.000013, "top1_acc": 97.300000}
[08/21 00:22:08][INFO] utils.logging:   91: {"_type": "train_iter", "iter": "13400/18000", "loss": 0.012694, "lr": 0.000013, "top1_acc": 98.200000}
[08/21 00:23:05][INFO] utils.logging:   91: {"_type": "train_iter", "iter": "13600/18000", "loss": 0.009185, "lr": 0.000013, "top1_acc": 98.700000}
[08/21 00:24:02][INFO] utils.logging:   91: {"_type": "train_iter", "iter": "13800/18000", "loss": 0.010977, "lr": 0.000013, "top1_acc": 98.000000}
[08/21 00:24:59][INFO] utils.logging:   91: {"_type": "train_iter", "iter": "14000/18000", "loss": 0.008121, "lr": 0.000013, "top1_acc": 98.300000}
[08/21 00:25:56][INFO] utils.logging:   91: {"_type": "train_iter", "iter": "14200/18000", "loss": 0.007102, "lr": 0.000013, "top1_acc": 98.400000}
[08/21 00:26:53][INFO] utils.logging:   91: {"_type": "train_iter", "iter": "14400/18000", "loss": 0.010171, "lr": 0.000013, "top1_acc": 98.700000}
[08/21 00:27:49][INFO] utils.logging:   91: {"_type": "train_iter", "iter": "14600/18000", "loss": 0.009781, "lr": 0.000013, "top1_acc": 98.500000}
[08/21 00:28:46][INFO] utils.logging:   91: {"_type": "train_iter", "iter": "14800/18000", "loss": 0.011928, "lr": 0.000013, "top1_acc": 97.500000}
[08/21 00:29:43][INFO] utils.logging:   91: {"_type": "train_iter", "iter": "15000/18000", "loss": 0.013804, "lr": 0.000013, "top1_acc": 97.200000}
[08/21 00:30:40][INFO] utils.logging:   91: {"_type": "train_iter", "iter": "15200/18000", "loss": 0.011114, "lr": 0.000013, "top1_acc": 97.400000}
[08/21 00:31:37][INFO] utils.logging:   91: {"_type": "train_iter", "iter": "15400/18000", "loss": 0.006614, "lr": 0.000013, "top1_acc": 98.900000}
[08/21 00:32:34][INFO] utils.logging:   91: {"_type": "train_iter", "iter": "15600/18000", "loss": 0.012524, "lr": 0.000013, "top1_acc": 97.300000}
[08/21 00:33:31][INFO] utils.logging:   91: {"_type": "train_iter", "iter": "15800/18000", "loss": 0.007199, "lr": 0.000013, "top1_acc": 98.900000}
[08/21 00:34:28][INFO] utils.logging:   91: {"_type": "train_iter", "iter": "16000/18000", "loss": 0.012971, "lr": 0.000013, "top1_acc": 98.500000}
[08/21 00:35:25][INFO] utils.logging:   91: {"_type": "train_iter", "iter": "16200/18000", "loss": 0.006895, "lr": 0.000013, "top1_acc": 98.200000}
[08/21 00:36:21][INFO] utils.logging:   91: {"_type": "train_iter", "iter": "16400/18000", "loss": 0.013440, "lr": 0.000003, "top1_acc": 98.300000}
[08/21 00:37:18][INFO] utils.logging:   91: {"_type": "train_iter", "iter": "16600/18000", "loss": 0.007989, "lr": 0.000003, "top1_acc": 99.200000}
[08/21 00:38:15][INFO] utils.logging:   91: {"_type": "train_iter", "iter": "16800/18000", "loss": 0.007930, "lr": 0.000003, "top1_acc": 97.000000}
[08/21 00:39:12][INFO] utils.logging:   91: {"_type": "train_iter", "iter": "17000/18000", "loss": 0.009604, "lr": 0.000003, "top1_acc": 99.000000}
[08/21 00:40:09][INFO] utils.logging:   91: {"_type": "train_iter", "iter": "17200/18000", "loss": 0.007035, "lr": 0.000003, "top1_acc": 97.800000}
[08/21 00:41:06][INFO] utils.logging:   91: {"_type": "train_iter", "iter": "17400/18000", "loss": 0.011181, "lr": 0.000003, "top1_acc": 98.900000}
[08/21 00:42:03][INFO] utils.logging:   91: {"_type": "train_iter", "iter": "17600/18000", "loss": 0.010771, "lr": 0.000003, "top1_acc": 98.400000}
[08/21 00:43:00][INFO] utils.logging:   91: {"_type": "train_iter", "iter": "17800/18000", "loss": 0.007330, "lr": 0.000003, "top1_acc": 99.000000}
[08/21 00:44:20][INFO] utils.logging:   91: {"_type": "val_iter", "gpu_mem": "11.84 GB", "iter": "200/10000", "top1_acc": 97.500000}
[08/21 00:44:42][INFO] utils.logging:   91: {"_type": "val_iter", "gpu_mem": "11.84 GB", "iter": "400/10000", "top1_acc": 97.300000}
[08/21 00:45:05][INFO] utils.logging:   91: {"_type": "val_iter", "gpu_mem": "11.84 GB", "iter": "600/10000", "top1_acc": 97.100000}
[08/21 00:45:27][INFO] utils.logging:   91: {"_type": "val_iter", "gpu_mem": "11.84 GB", "iter": "800/10000", "top1_acc": 96.300000}
[08/21 00:45:50][INFO] utils.logging:   91: {"_type": "val_iter", "gpu_mem": "11.84 GB", "iter": "1000/10000", "top1_acc": 97.200000}
[08/21 00:46:13][INFO] utils.logging:   91: {"_type": "val_iter", "gpu_mem": "11.84 GB", "iter": "1200/10000", "top1_acc": 98.000000}
[08/21 00:46:35][INFO] utils.logging:   91: {"_type": "val_iter", "gpu_mem": "11.84 GB", "iter": "1400/10000", "top1_acc": 96.800000}
[08/21 00:46:58][INFO] utils.logging:   91: {"_type": "val_iter", "gpu_mem": "11.84 GB", "iter": "1600/10000", "top1_acc": 97.100000}
[08/21 00:47:21][INFO] utils.logging:   91: {"_type": "val_iter", "gpu_mem": "11.84 GB", "iter": "1800/10000", "top1_acc": 96.700000}
[08/21 00:47:43][INFO] utils.logging:   91: {"_type": "val_iter", "gpu_mem": "11.84 GB", "iter": "2000/10000", "top1_acc": 96.400000}
[08/21 00:48:06][INFO] utils.logging:   91: {"_type": "val_iter", "gpu_mem": "11.84 GB", "iter": "2200/10000", "top1_acc": 98.300000}
[08/21 00:48:29][INFO] utils.logging:   91: {"_type": "val_iter", "gpu_mem": "11.84 GB", "iter": "2400/10000", "top1_acc": 96.500000}
[08/21 00:48:52][INFO] utils.logging:   91: {"_type": "val_iter", "gpu_mem": "11.84 GB", "iter": "2600/10000", "top1_acc": 96.600000}
[08/21 00:49:14][INFO] utils.logging:   91: {"_type": "val_iter", "gpu_mem": "11.84 GB", "iter": "2800/10000", "top1_acc": 97.000000}
[08/21 00:49:37][INFO] utils.logging:   91: {"_type": "val_iter", "gpu_mem": "11.84 GB", "iter": "3000/10000", "top1_acc": 96.200000}
[08/21 00:50:00][INFO] utils.logging:   91: {"_type": "val_iter", "gpu_mem": "11.84 GB", "iter": "3200/10000", "top1_acc": 97.200000}
[08/21 00:50:22][INFO] utils.logging:   91: {"_type": "val_iter", "gpu_mem": "11.84 GB", "iter": "3400/10000", "top1_acc": 97.100000}
[08/21 00:50:45][INFO] utils.logging:   91: {"_type": "val_iter", "gpu_mem": "11.84 GB", "iter": "3600/10000", "top1_acc": 96.900000}
[08/21 00:51:08][INFO] utils.logging:   91: {"_type": "val_iter", "gpu_mem": "11.84 GB", "iter": "3800/10000", "top1_acc": 97.900000}
[08/21 00:51:30][INFO] utils.logging:   91: {"_type": "val_iter", "gpu_mem": "11.84 GB", "iter": "4000/10000", "top1_acc": 96.400000}
[08/21 00:51:53][INFO] utils.logging:   91: {"_type": "val_iter", "gpu_mem": "11.84 GB", "iter": "4200/10000", "top1_acc": 96.900000}
[08/21 00:52:16][INFO] utils.logging:   91: {"_type": "val_iter", "gpu_mem": "11.84 GB", "iter": "4400/10000", "top1_acc": 96.400000}
[08/21 00:52:39][INFO] utils.logging:   91: {"_type": "val_iter", "gpu_mem": "11.84 GB", "iter": "4600/10000", "top1_acc": 97.600000}
[08/21 00:53:01][INFO] utils.logging:   91: {"_type": "val_iter", "gpu_mem": "11.84 GB", "iter": "4800/10000", "top1_acc": 97.600000}
[08/21 00:53:24][INFO] utils.logging:   91: {"_type": "val_iter", "gpu_mem": "11.84 GB", "iter": "5000/10000", "top1_acc": 96.300000}
[08/21 00:53:47][INFO] utils.logging:   91: {"_type": "val_iter", "gpu_mem": "11.84 GB", "iter": "5200/10000", "top1_acc": 96.300000}
[08/21 00:54:09][INFO] utils.logging:   91: {"_type": "val_iter", "gpu_mem": "11.84 GB", "iter": "5400/10000", "top1_acc": 95.900000}
[08/21 00:54:32][INFO] utils.logging:   91: {"_type": "val_iter", "gpu_mem": "11.84 GB", "iter": "5600/10000", "top1_acc": 96.300000}
[08/21 00:54:55][INFO] utils.logging:   91: {"_type": "val_iter", "gpu_mem": "11.84 GB", "iter": "5800/10000", "top1_acc": 97.000000}
[08/21 00:55:18][INFO] utils.logging:   91: {"_type": "val_iter", "gpu_mem": "11.84 GB", "iter": "6000/10000", "top1_acc": 97.000000}
[08/21 00:55:40][INFO] utils.logging:   91: {"_type": "val_iter", "gpu_mem": "11.84 GB", "iter": "6200/10000", "top1_acc": 96.500000}
[08/21 00:56:03][INFO] utils.logging:   91: {"_type": "val_iter", "gpu_mem": "11.84 GB", "iter": "6400/10000", "top1_acc": 96.900000}
[08/21 00:56:26][INFO] utils.logging:   91: {"_type": "val_iter", "gpu_mem": "11.84 GB", "iter": "6600/10000", "top1_acc": 96.600000}
[08/21 00:56:48][INFO] utils.logging:   91: {"_type": "val_iter", "gpu_mem": "11.84 GB", "iter": "6800/10000", "top1_acc": 96.400000}
[08/21 00:57:11][INFO] utils.logging:   91: {"_type": "val_iter", "gpu_mem": "11.84 GB", "iter": "7000/10000", "top1_acc": 97.100000}
[08/21 00:57:34][INFO] utils.logging:   91: {"_type": "val_iter", "gpu_mem": "11.84 GB", "iter": "7200/10000", "top1_acc": 95.800000}
[08/21 00:57:56][INFO] utils.logging:   91: {"_type": "val_iter", "gpu_mem": "11.84 GB", "iter": "7400/10000", "top1_acc": 97.600000}
[08/21 00:58:19][INFO] utils.logging:   91: {"_type": "val_iter", "gpu_mem": "11.84 GB", "iter": "7600/10000", "top1_acc": 97.700000}
[08/21 00:58:41][INFO] utils.logging:   91: {"_type": "val_iter", "gpu_mem": "11.84 GB", "iter": "7800/10000", "top1_acc": 97.400000}
[08/21 00:59:04][INFO] utils.logging:   91: {"_type": "val_iter", "gpu_mem": "11.84 GB", "iter": "8000/10000", "top1_acc": 97.000000}
[08/21 00:59:27][INFO] utils.logging:   91: {"_type": "val_iter", "gpu_mem": "11.84 GB", "iter": "8200/10000", "top1_acc": 97.000000}
[08/21 00:59:50][INFO] utils.logging:   91: {"_type": "val_iter", "gpu_mem": "11.84 GB", "iter": "8400/10000", "top1_acc": 96.300000}
[08/21 01:00:12][INFO] utils.logging:   91: {"_type": "val_iter", "gpu_mem": "11.84 GB", "iter": "8600/10000", "top1_acc": 97.300000}
[08/21 01:00:35][INFO] utils.logging:   91: {"_type": "val_iter", "gpu_mem": "11.84 GB", "iter": "8800/10000", "top1_acc": 97.200000}
[08/21 01:00:57][INFO] utils.logging:   91: {"_type": "val_iter", "gpu_mem": "11.84 GB", "iter": "9000/10000", "top1_acc": 97.300000}
[08/21 01:01:20][INFO] utils.logging:   91: {"_type": "val_iter", "gpu_mem": "11.84 GB", "iter": "9200/10000", "top1_acc": 97.100000}
[08/21 01:01:43][INFO] utils.logging:   91: {"_type": "val_iter", "gpu_mem": "11.84 GB", "iter": "9400/10000", "top1_acc": 96.800000}
[08/21 01:02:05][INFO] utils.logging:   91: {"_type": "val_iter", "gpu_mem": "11.84 GB", "iter": "9600/10000", "top1_acc": 96.400000}
[08/21 01:02:28][INFO] utils.logging:   91: {"_type": "val_iter", "gpu_mem": "11.84 GB", "iter": "9800/10000", "top1_acc": 96.500000}
[08/21 01:02:51][INFO] utils.logging:   91: {"_type": "val_iter", "gpu_mem": "11.84 GB", "iter": "10000/10000", "top1_acc": 96.900000}
[08/21 01:02:51][INFO] utils.logging:   91: {"RAM": "20.16/125.63 GB", "_type": "val_epoch", "epoch": "3", "gpu_mem": "11.84 GB", "top1_acc": 96.912000}
[08/21 01:02:51][INFO] train_net_few_shot:   98: Validation accuracy 96.9120 did not improve best 96.9140 (1/0 evaluations without improvement).
[08/21 01:02:51][INFO] train_net_few_shot:  107: Early stopping at iteration 18000; best validation accuracy was 96.9140.
[08/21 01:02:51][INFO] utils.logging:   91: {"RAM": "16.86/125.63 GB", "_type": "train_epoch", "epoch": "10", "gpu_mem": "11.84 GB", "loss": 0.067802, "lr": 0.000003, "top1_acc": 97.808767}
