[08/28 09:10:34][INFO] train_net_few_shot:  303: Train with config:
[08/28 09:10:34][INFO] train_net_few_shot:  304: {
  "TASK_TYPE": "few_shot_action",
  "PRETRAIN": {
    "ENABLE": false
  },
  "LOCALIZATION": {
    "ENABLE": false
  },
  "TRAIN": {
    "ENABLE": true,
    "DATASET": "HMDB51",
    "BATCH_SIZE": 1,
    "LOG_FILE": "train.log",
    "EVAL_PERIOD": 2,
    "NUM_FOLDS": 1,
    "AUTO_RESUME": false,
    "CHECKPOINT_PERIOD": 10,
    "CHECKPOINT_FILE_PATH": "",
    "CHECKPOINT_TYPE": "pytorch",
    "CHECKPOINT_INFLATE": false,
    "CHECKPOINT_PRE_PROCESS": {
      "ENABLE": false
    },
    "FINE_TUNE": true,
    "ONLY_LINEAR": false,
    "LR_REDUCE": false,
    "TRAIN_VAL_COMBINE": false,
    "LOSS_FUNC": "cross_entropy",
    "USE_CLASSIFICATION_VALUE": 2.5,
    "GRADIENT_CHECKPOINT": true,
    "NUM_CLASS": 31,
    "META_BATCH": true,
    "WAY": 5,
    "SHOT": 1,
    "QUERY_PER_CLASS": 1,
    "QUERY_PER_CLASS_TEST": 1,
    "NUM_TRAIN_TASKS": 6000,
    "NUM_TEST_TASKS": 10000,
    "VAL_FRE_ITER": 2000,
    "BATCH_SIZE_PER_TASK": 8,
    "NORMALIZE_ACCUMULATED_GRADIENTS": false,
    "EARLY_STOP": {
      "ENABLE": true,
      "PATIENCE": 0,
      "MIN_DELTA": 0.05
    }
  },
  "TEST": {
    "ENABLE": true,
    "DATASET": "HMDB51",
    "BATCH_SIZE": 1,
    "NUM_SPATIAL_CROPS": 1,
    "SPATIAL_CROPS": "cctltr",
    "NUM_ENSEMBLE_VIEWS": 1,
    "LOG_FILE": "test.log",
    "CHECKPOINT_FILE_PATH": "",
    "CHECKPOINT_TYPE": "pytorch",
    "AUTOMATIC_MULTI_SCALE_TEST": false,
    "TEST_SET": "val",
    "UPLOAD_CLASSIFIER_RESULTS": true,
    "SHOT": [
      1,
      5
    ],
    "EPISODE_SEED": 2026
  },
  "VISUALIZATION": {
    "ENABLE": false,
    "NAME": "",
    "FEATURE_MAPS": {
      "ENABLE": false,
      "BASE_OUTPUT_DIR": ""
    }
  },
  "SUBMISSION": {
    "ENABLE": false,
    "SAVE_RESULTS_PATH": "test.json"
  },
  "DATA": {
    "DATA_ROOT_DIR": "/mnt/data/yanyi2025/lrc/action_data/hmdb51/",
    "ANNO_DIR": "config/hmdb51/",
    "NUM_INPUT_FRAMES": 8,
    "NUM_INPUT_CHANNELS": 2304,
    "SAMPLING_MODE": "interval_based",
    "SAMPLING_RATE": 50,
    "TRAIN_JITTER_SCALES": [
      256,
      256
    ],
    "TRAIN_CROP_SIZE": 224,
    "TEST_SCALE": 256,
    "TEST_CROP_SIZE": 224,
    "MEAN": [
      0.48145466,
      0.4578275,
      0.40821073
    ],
    "STD": [
      0.26862954,
      0.26130258,
      0.27577711
    ],
    "MULTI_LABEL": false,
    "ENSEMBLE_METHOD": "sum",
    "TARGET_FPS": 12,
    "MINUS_INTERVAL": false,
    "FPS": 12,
    "NORM_FEATURE": false,
    "USE_AUG_FEATURE": false,
    "AUG": false,
    "LOAD_PROPS": false,
    "TEMPORAL_SCALE": 256,
    "LABELS_TYPE": "cls",
    "LOAD_TYPE": "pickle",
    "DOWNLOAD_FEATURE": true,
    "SAMPLING_UNIFORM": false,
    "TEST_CENTER_CROP": true,
    "CLIP_INTERVAL": 8
  },
  "MODEL": {
    "NAME": "BaseVideoModel",
    "EMA": {
      "ENABLE": false,
      "DECAY": 0.99996
    }
  },
  "VIDEO": {
    "BACKBONE": {
      "DEPTH": null,
      "META_ARCH": "Identity",
      "NUM_FILTERS": null,
      "NUM_INPUT_CHANNELS": 3,
      "NUM_OUT_FEATURES": null,
      "KERNEL_SIZE": null,
      "DOWNSAMPLING": null,
      "DOWNSAMPLING_TEMPORAL": null,
      "NUM_STREAMS": 1,
      "EXPANSION_RATIO": 2,
      "BRANCH": {
        "NAME": null
      },
      "STEM": {
        "NAME": null
      },
      "NONLOCAL": {
        "ENABLE": false,
        "STAGES": [
          5
        ],
        "MASK_ENABLE": false
      },
      "INITIALIZATION": null
    },
    "HEAD": {
      "NAME": "BaseTemporalClassifier",
      "ACTIVATION": "softmax",
      "DROPOUT_RATE": 0.0,
      "NUM_CLASSES": 200
    }
  },
  "OPTIMIZER": {
    "ADJUST_LR": false,
    "BASE_LR": 0.002,
    "LR_POLICY": "cosine",
    "MAX_EPOCH": 300,
    "MOMENTUM": 0.9,
    "WEIGHT_DECAY": "1e-3",
    "WARMUP_EPOCHS": 10,
    "WARMUP_START_LR": 0.0002,
    "OPTIM_METHOD": "adam",
    "DAMPENING": 0.0,
    "NESTEROV": true
  },
  "BN": {
    "WB_LOCK": false,
    "FREEZE": false,
    "WEIGHT_DECAY": 0.0,
    "MOMENTUM": 0.1,
    "EPS": "1e-3",
    "SYNC": false
  },
  "DATA_LOADER": {
    "NUM_WORKERS": 8,
    "PIN_MEMORY": true,
    "ENABLE_MULTI_THREAD_DECODE": true,
    "COLLATE_FN": null
  },
  "NUM_GPUS": 1,
  "SHARD_ID": 0,
  "NUM_SHARDS": 1,
  "RANDOM_SEED": 18,
  "OUTPUT_DIR": "output/HMDB51",
  "OUTPUT_CFG_FILE": "configuration.log",
  "LOG_PERIOD": 100,
  "DIST_BACKEND": "nccl",
  "LOG_MODEL_INFO": false,
  "LOG_CONFIG_INFO": true,
  "OSS": {
    "ENABLE": false,
    "KEY": null,
    "SECRET": null,
    "ENDPOINT": null,
    "CHECKPOINT_OUTPUT_PATH": null,
    "SECONDARY_DATA_OSS": {
      "ENABLE": false,
      "KEY": null,
      "SECRET": null,
      "ENDPOINT": null,
      "BUCKETS": [
        ""
      ]
    }
  },
  "AUGMENTATION": {
    "COLOR_AUG": false,
    "BRIGHTNESS": 0.5,
    "CONTRAST": 0.5,
    "SATURATION": 0.5,
    "HUE": 0.25,
    "GRAYSCALE": 0.3,
    "CONSISTENT": true,
    "SHUFFLE": true,
    "GRAY_FIRST": true,
    "RATIO": [
      0.857142857142857,
      1.1666666666666667
    ],
    "USE_GPU": false,
    "MIXUP": {
      "ENABLE": false,
      "ALPHA": 0.0,
      "PROB": 1.0,
      "MODE": "batch",
      "SWITCH_PROB": 0.5
    },
    "CUTMIX": {
      "ENABLE": false,
      "ALPHA": 0.0,
      "MINMAX": null
    },
    "RANDOM_ERASING": {
      "ENABLE": false,
      "PROB": 0.25,
      "MODE": "const",
      "COUNT": [
        1,
        1
      ],
      "NUM_SPLITS": 0,
      "AREA_RANGE": [
        0.02,
        0.33
      ],
      "MIN_ASPECT": 0.3
    },
    "LABEL_SMOOTHING": 0.0,
    "SSV2_FLIP": false,
    "IS_SPLIT": false,
    "NO_RANDOM_ERASE": true,
    "SUPPORT_QUERY_DIFF": true
  },
  "PAI": false,
  "USE_MULTISEG_VAL_DIST": false,
  "DETECTION": {
    "ENABLE": false
  },
  "TENSORBOARD": {
    "ENABLE": false
  },
  "SOLVER": {
    "BASE_LR": 0.001,
    "LR_POLICY": "steps_with_relative_lrs",
    "MAX_EPOCH": 10,
    "MOMENTUM": 0.9,
    "WEIGHT_DECAY": "5e-4",
    "WARMUP_EPOCHS": 1,
    "WARMUP_START_LR": 0.0002,
    "OPTIM_METHOD": "adam",
    "DAMPENING": 0.0,
    "NESTEROV": true,
    "STEPS_ITER": 600,
    "STEPS": [
      0,
      5,
      7,
      9
    ],
    "LRS": [
      1,
      0.5,
      0.1,
      0.05
    ]
  },
  "PRE_DOWNLOAD": {
    "ENABLE": false
  },
  "SUPPORT_SHOT": 1,
  "ADAPTER": {
    "NAME": "ViT_CLIP",
    "PRETRAINED": "ViT-B/16",
    "WIDTH": 768,
    "PATCH_SIZE": 16,
    "LAYERS": 12,
    "HEADS": 12,
    "ADAPTER_SCALE": 0.25
  },
  "INIT_METHOD": "tcp://localhost:1111",
  "CUDA_VISIBLE_DEVICES": "0"
}

[08/28 09:10:34][INFO] models.base.adapter: 1070: load model from: ViT-B/16
[08/28 09:10:36][INFO] models.base.adapter: 1077: Missing keys: ['temporal_embedding', 'transformer.resblocks.0.Adapter.down.weight', 'transformer.resblocks.0.Adapter.down.bias', 'transformer.resblocks.0.Adapter.pos_embed.weight', 'transformer.resblocks.0.Adapter.pos_embed.bias', 'transformer.resblocks.0.Adapter.s_ln.weight', 'transformer.resblocks.0.Adapter.s_ln.bias', 'transformer.resblocks.0.Adapter.s_attn.conv_offset.0.weight', 'transformer.resblocks.0.Adapter.s_attn.conv_offset.0.bias', 'transformer.resblocks.0.Adapter.s_attn.conv_offset.1.norm.weight', 'transformer.resblocks.0.Adapter.s_attn.conv_offset.1.norm.bias', 'transformer.resblocks.0.Adapter.s_attn.conv_offset.3.weight', 'transformer.resblocks.0.Adapter.s_attn.proj_q.weight', 'transformer.resblocks.0.Adapter.s_attn.proj_q.bias', 'transformer.resblocks.0.Adapter.s_attn.proj_k.weight', 'transformer.resblocks.0.Adapter.s_attn.proj_k.bias', 'transformer.resblocks.0.Adapter.s_attn.proj_v.weight', 'transformer.resblocks.0.Adapter.s_attn.proj_v.bias', 'transformer.resblocks.0.Adapter.s_attn.proj_out.weight', 'transformer.resblocks.0.Adapter.s_attn.proj_out.bias', 'transformer.resblocks.0.Adapter.t_ln.weight', 'transformer.resblocks.0.Adapter.t_ln.bias', 'transformer.resblocks.0.Adapter.t_attn.conv_offset.0.weight', 'transformer.resblocks.0.Adapter.t_attn.conv_offset.0.bias', 'transformer.resblocks.0.Adapter.t_attn.conv_offset.1.norm.weight', 'transformer.resblocks.0.Adapter.t_attn.conv_offset.1.norm.bias', 'transformer.resblocks.0.Adapter.t_attn.conv_offset.3.weight', 'transformer.resblocks.0.Adapter.t_attn.proj_q.weight', 'transformer.resblocks.0.Adapter.t_attn.proj_q.bias', 'transformer.resblocks.0.Adapter.t_attn.proj_k.weight', 'transformer.resblocks.0.Adapter.t_attn.proj_k.bias', 'transformer.resblocks.0.Adapter.t_attn.proj_v.weight', 'transformer.resblocks.0.Adapter.t_attn.proj_v.bias', 'transformer.resblocks.0.Adapter.t_attn.proj_out.weight', 'transformer.resblocks.0.Adapter.t_attn.proj_out.bias', 'transformer.resblocks.0.Adapter.up.weight', 'transformer.resblocks.0.Adapter.up.bias', 'transformer.resblocks.1.Adapter.down.weight', 'transformer.resblocks.1.Adapter.down.bias', 'transformer.resblocks.1.Adapter.pos_embed.weight', 'transformer.resblocks.1.Adapter.pos_embed.bias', 'transformer.resblocks.1.Adapter.s_ln.weight', 'transformer.resblocks.1.Adapter.s_ln.bias', 'transformer.resblocks.1.Adapter.s_attn.conv_offset.0.weight', 'transformer.resblocks.1.Adapter.s_attn.conv_offset.0.bias', 'transformer.resblocks.1.Adapter.s_attn.conv_offset.1.norm.weight', 'transformer.resblocks.1.Adapter.s_attn.conv_offset.1.norm.bias', 'transformer.resblocks.1.Adapter.s_attn.conv_offset.3.weight', 'transformer.resblocks.1.Adapter.s_attn.proj_q.weight', 'transformer.resblocks.1.Adapter.s_attn.proj_q.bias', 'transformer.resblocks.1.Adapter.s_attn.proj_k.weight', 'transformer.resblocks.1.Adapter.s_attn.proj_k.bias', 'transformer.resblocks.1.Adapter.s_attn.proj_v.weight', 'transformer.resblocks.1.Adapter.s_attn.proj_v.bias', 'transformer.resblocks.1.Adapter.s_attn.proj_out.weight', 'transformer.resblocks.1.Adapter.s_attn.proj_out.bias', 'transformer.resblocks.1.Adapter.t_ln.weight', 'transformer.resblocks.1.Adapter.t_ln.bias', 'transformer.resblocks.1.Adapter.t_attn.conv_offset.0.weight', 'transformer.resblocks.1.Adapter.t_attn.conv_offset.0.bias', 'transformer.resblocks.1.Adapter.t_attn.conv_offset.1.norm.weight', 'transformer.resblocks.1.Adapter.t_attn.conv_offset.1.norm.bias', 'transformer.resblocks.1.Adapter.t_attn.conv_offset.3.weight', 'transformer.resblocks.1.Adapter.t_attn.proj_q.weight', 'transformer.resblocks.1.Adapter.t_attn.proj_q.bias', 'transformer.resblocks.1.Adapter.t_attn.proj_k.weight', 'transformer.resblocks.1.Adapter.t_attn.proj_k.bias', 'transformer.resblocks.1.Adapter.t_attn.proj_v.weight', 'transformer.resblocks.1.Adapter.t_attn.proj_v.bias', 'transformer.resblocks.1.Adapter.t_attn.proj_out.weight', 'transformer.resblocks.1.Adapter.t_attn.proj_out.bias', 'transformer.resblocks.1.Adapter.up.weight', 'transformer.resblocks.1.Adapter.up.bias', 'transformer.resblocks.2.Adapter.down.weight', 'transformer.resblocks.2.Adapter.down.bias', 'transformer.resblocks.2.Adapter.pos_embed.weight', 'transformer.resblocks.2.Adapter.pos_embed.bias', 'transformer.resblocks.2.Adapter.s_ln.weight', 'transformer.resblocks.2.Adapter.s_ln.bias', 'transformer.resblocks.2.Adapter.s_attn.conv_offset.0.weight', 'transformer.resblocks.2.Adapter.s_attn.conv_offset.0.bias', 'transformer.resblocks.2.Adapter.s_attn.conv_offset.1.norm.weight', 'transformer.resblocks.2.Adapter.s_attn.conv_offset.1.norm.bias', 'transformer.resblocks.2.Adapter.s_attn.conv_offset.3.weight', 'transformer.resblocks.2.Adapter.s_attn.proj_q.weight', 'transformer.resblocks.2.Adapter.s_attn.proj_q.bias', 'transformer.resblocks.2.Adapter.s_attn.proj_k.weight', 'transformer.resblocks.2.Adapter.s_attn.proj_k.bias', 'transformer.resblocks.2.Adapter.s_attn.proj_v.weight', 'transformer.resblocks.2.Adapter.s_attn.proj_v.bias', 'transformer.resblocks.2.Adapter.s_attn.proj_out.weight', 'transformer.resblocks.2.Adapter.s_attn.proj_out.bias', 'transformer.resblocks.2.Adapter.t_ln.weight', 'transformer.resblocks.2.Adapter.t_ln.bias', 'transformer.resblocks.2.Adapter.t_attn.conv_offset.0.weight', 'transformer.resblocks.2.Adapter.t_attn.conv_offset.0.bias', 'transformer.resblocks.2.Adapter.t_attn.conv_offset.1.norm.weight', 'transformer.resblocks.2.Adapter.t_attn.conv_offset.1.norm.bias', 'transformer.resblocks.2.Adapter.t_attn.conv_offset.3.weight', 'transformer.resblocks.2.Adapter.t_attn.proj_q.weight', 'transformer.resblocks.2.Adapter.t_attn.proj_q.bias', 'transformer.resblocks.2.Adapter.t_attn.proj_k.weight', 'transformer.resblocks.2.Adapter.t_attn.proj_k.bias', 'transformer.resblocks.2.Adapter.t_attn.proj_v.weight', 'transformer.resblocks.2.Adapter.t_attn.proj_v.bias', 'transformer.resblocks.2.Adapter.t_attn.proj_out.weight', 'transformer.resblocks.2.Adapter.t_attn.proj_out.bias', 'transformer.resblocks.2.Adapter.up.weight', 'transformer.resblocks.2.Adapter.up.bias', 'transformer.resblocks.3.Adapter.down.weight', 'transformer.resblocks.3.Adapter.down.bias', 'transformer.resblocks.3.Adapter.pos_embed.weight', 'transformer.resblocks.3.Adapter.pos_embed.bias', 'transformer.resblocks.3.Adapter.s_ln.weight', 'transformer.resblocks.3.Adapter.s_ln.bias', 'transformer.resblocks.3.Adapter.s_attn.conv_offset.0.weight', 'transformer.resblocks.3.Adapter.s_attn.conv_offset.0.bias', 'transformer.resblocks.3.Adapter.s_attn.conv_offset.1.norm.weight', 'transformer.resblocks.3.Adapter.s_attn.conv_offset.1.norm.bias', 'transformer.resblocks.3.Adapter.s_attn.conv_offset.3.weight', 'transformer.resblocks.3.Adapter.s_attn.proj_q.weight', 'transformer.resblocks.3.Adapter.s_attn.proj_q.bias', 'transformer.resblocks.3.Adapter.s_attn.proj_k.weight', 'transformer.resblocks.3.Adapter.s_attn.proj_k.bias', 'transformer.resblocks.3.Adapter.s_attn.proj_v.weight', 'transformer.resblocks.3.Adapter.s_attn.proj_v.bias', 'transformer.resblocks.3.Adapter.s_attn.proj_out.weight', 'transformer.resblocks.3.Adapter.s_attn.proj_out.bias', 'transformer.resblocks.3.Adapter.t_ln.weight', 'transformer.resblocks.3.Adapter.t_ln.bias', 'transformer.resblocks.3.Adapter.t_attn.conv_offset.0.weight', 'transformer.resblocks.3.Adapter.t_attn.conv_offset.0.bias', 'transformer.resblocks.3.Adapter.t_attn.conv_offset.1.norm.weight', 'transformer.resblocks.3.Adapter.t_attn.conv_offset.1.norm.bias', 'transformer.resblocks.3.Adapter.t_attn.conv_offset.3.weight', 'transformer.resblocks.3.Adapter.t_attn.proj_q.weight', 'transformer.resblocks.3.Adapter.t_attn.proj_q.bias', 'transformer.resblocks.3.Adapter.t_attn.proj_k.weight', 'transformer.resblocks.3.Adapter.t_attn.proj_k.bias', 'transformer.resblocks.3.Adapter.t_attn.proj_v.weight', 'transformer.resblocks.3.Adapter.t_attn.proj_v.bias', 'transformer.resblocks.3.Adapter.t_attn.proj_out.weight', 'transformer.resblocks.3.Adapter.t_attn.proj_out.bias', 'transformer.resblocks.3.Adapter.up.weight', 'transformer.resblocks.3.Adapter.up.bias', 'transformer.resblocks.4.Adapter.down.weight', 'transformer.resblocks.4.Adapter.down.bias', 'transformer.resblocks.4.Adapter.pos_embed.weight', 'transformer.resblocks.4.Adapter.pos_embed.bias', 'transformer.resblocks.4.Adapter.s_ln.weight', 'transformer.resblocks.4.Adapter.s_ln.bias', 'transformer.resblocks.4.Adapter.s_attn.conv_offset.0.weight', 'transformer.resblocks.4.Adapter.s_attn.conv_offset.0.bias', 'transformer.resblocks.4.Adapter.s_attn.conv_offset.1.norm.weight', 'transformer.resblocks.4.Adapter.s_attn.conv_offset.1.norm.bias', 'transformer.resblocks.4.Adapter.s_attn.conv_offset.3.weight', 'transformer.resblocks.4.Adapter.s_attn.proj_q.weight', 'transformer.resblocks.4.Adapter.s_attn.proj_q.bias', 'transformer.resblocks.4.Adapter.s_attn.proj_k.weight', 'transformer.resblocks.4.Adapter.s_attn.proj_k.bias', 'transformer.resblocks.4.Adapter.s_attn.proj_v.weight', 'transformer.resblocks.4.Adapter.s_attn.proj_v.bias', 'transformer.resblocks.4.Adapter.s_attn.proj_out.weight', 'transformer.resblocks.4.Adapter.s_attn.proj_out.bias', 'transformer.resblocks.4.Adapter.t_ln.weight', 'transformer.resblocks.4.Adapter.t_ln.bias', 'transformer.resblocks.4.Adapter.t_attn.conv_offset.0.weight', 'transformer.resblocks.4.Adapter.t_attn.conv_offset.0.bias', 'transformer.resblocks.4.Adapter.t_attn.conv_offset.1.norm.weight', 'transformer.resblocks.4.Adapter.t_attn.conv_offset.1.norm.bias', 'transformer.resblocks.4.Adapter.t_attn.conv_offset.3.weight', 'transformer.resblocks.4.Adapter.t_attn.proj_q.weight', 'transformer.resblocks.4.Adapter.t_attn.proj_q.bias', 'transformer.resblocks.4.Adapter.t_attn.proj_k.weight', 'transformer.resblocks.4.Adapter.t_attn.proj_k.bias', 'transformer.resblocks.4.Adapter.t_attn.proj_v.weight', 'transformer.resblocks.4.Adapter.t_attn.proj_v.bias', 'transformer.resblocks.4.Adapter.t_attn.proj_out.weight', 'transformer.resblocks.4.Adapter.t_attn.proj_out.bias', 'transformer.resblocks.4.Adapter.up.weight', 'transformer.resblocks.4.Adapter.up.bias', 'transformer.resblocks.5.Adapter.down.weight', 'transformer.resblocks.5.Adapter.down.bias', 'transformer.resblocks.5.Adapter.pos_embed.weight', 'transformer.resblocks.5.Adapter.pos_embed.bias', 'transformer.resblocks.5.Adapter.s_ln.weight', 'transformer.resblocks.5.Adapter.s_ln.bias', 'transformer.resblocks.5.Adapter.s_attn.conv_offset.0.weight', 'transformer.resblocks.5.Adapter.s_attn.conv_offset.0.bias', 'transformer.resblocks.5.Adapter.s_attn.conv_offset.1.norm.weight', 'transformer.resblocks.5.Adapter.s_attn.conv_offset.1.norm.bias', 'transformer.resblocks.5.Adapter.s_attn.conv_offset.3.weight', 'transformer.resblocks.5.Adapter.s_attn.proj_q.weight', 'transformer.resblocks.5.Adapter.s_attn.proj_q.bias', 'transformer.resblocks.5.Adapter.s_attn.proj_k.weight', 'transformer.resblocks.5.Adapter.s_attn.proj_k.bias', 'transformer.resblocks.5.Adapter.s_attn.proj_v.weight', 'transformer.resblocks.5.Adapter.s_attn.proj_v.bias', 'transformer.resblocks.5.Adapter.s_attn.proj_out.weight', 'transformer.resblocks.5.Adapter.s_attn.proj_out.bias', 'transformer.resblocks.5.Adapter.t_ln.weight', 'transformer.resblocks.5.Adapter.t_ln.bias', 'transformer.resblocks.5.Adapter.t_attn.conv_offset.0.weight', 'transformer.resblocks.5.Adapter.t_attn.conv_offset.0.bias', 'transformer.resblocks.5.Adapter.t_attn.conv_offset.1.norm.weight', 'transformer.resblocks.5.Adapter.t_attn.conv_offset.1.norm.bias', 'transformer.resblocks.5.Adapter.t_attn.conv_offset.3.weight', 'transformer.resblocks.5.Adapter.t_attn.proj_q.weight', 'transformer.resblocks.5.Adapter.t_attn.proj_q.bias', 'transformer.resblocks.5.Adapter.t_attn.proj_k.weight', 'transformer.resblocks.5.Adapter.t_attn.proj_k.bias', 'transformer.resblocks.5.Adapter.t_attn.proj_v.weight', 'transformer.resblocks.5.Adapter.t_attn.proj_v.bias', 'transformer.resblocks.5.Adapter.t_attn.proj_out.weight', 'transformer.resblocks.5.Adapter.t_attn.proj_out.bias', 'transformer.resblocks.5.Adapter.up.weight', 'transformer.resblocks.5.Adapter.up.bias', 'transformer.resblocks.6.Adapter.down.weight', 'transformer.resblocks.6.Adapter.down.bias', 'transformer.resblocks.6.Adapter.pos_embed.weight', 'transformer.resblocks.6.Adapter.pos_embed.bias', 'transformer.resblocks.6.Adapter.s_ln.weight', 'transformer.resblocks.6.Adapter.s_ln.bias', 'transformer.resblocks.6.Adapter.s_attn.conv_offset.0.weight', 'transformer.resblocks.6.Adapter.s_attn.conv_offset.0.bias', 'transformer.resblocks.6.Adapter.s_attn.conv_offset.1.norm.weight', 'transformer.resblocks.6.Adapter.s_attn.conv_offset.1.norm.bias', 'transformer.resblocks.6.Adapter.s_attn.conv_offset.3.weight', 'transformer.resblocks.6.Adapter.s_attn.proj_q.weight', 'transformer.resblocks.6.Adapter.s_attn.proj_q.bias', 'transformer.resblocks.6.Adapter.s_attn.proj_k.weight', 'transformer.resblocks.6.Adapter.s_attn.proj_k.bias', 'transformer.resblocks.6.Adapter.s_attn.proj_v.weight', 'transformer.resblocks.6.Adapter.s_attn.proj_v.bias', 'transformer.resblocks.6.Adapter.s_attn.proj_out.weight', 'transformer.resblocks.6.Adapter.s_attn.proj_out.bias', 'transformer.resblocks.6.Adapter.t_ln.weight', 'transformer.resblocks.6.Adapter.t_ln.bias', 'transformer.resblocks.6.Adapter.t_attn.conv_offset.0.weight', 'transformer.resblocks.6.Adapter.t_attn.conv_offset.0.bias', 'transformer.resblocks.6.Adapter.t_attn.conv_offset.1.norm.weight', 'transformer.resblocks.6.Adapter.t_attn.conv_offset.1.norm.bias', 'transformer.resblocks.6.Adapter.t_attn.conv_offset.3.weight', 'transformer.resblocks.6.Adapter.t_attn.proj_q.weight', 'transformer.resblocks.6.Adapter.t_attn.proj_q.bias', 'transformer.resblocks.6.Adapter.t_attn.proj_k.weight', 'transformer.resblocks.6.Adapter.t_attn.proj_k.bias', 'transformer.resblocks.6.Adapter.t_attn.proj_v.weight', 'transformer.resblocks.6.Adapter.t_attn.proj_v.bias', 'transformer.resblocks.6.Adapter.t_attn.proj_out.weight', 'transformer.resblocks.6.Adapter.t_attn.proj_out.bias', 'transformer.resblocks.6.Adapter.up.weight', 'transformer.resblocks.6.Adapter.up.bias', 'transformer.resblocks.7.Adapter.down.weight', 'transformer.resblocks.7.Adapter.down.bias', 'transformer.resblocks.7.Adapter.pos_embed.weight', 'transformer.resblocks.7.Adapter.pos_embed.bias', 'transformer.resblocks.7.Adapter.s_ln.weight', 'transformer.resblocks.7.Adapter.s_ln.bias', 'transformer.resblocks.7.Adapter.s_attn.conv_offset.0.weight', 'transformer.resblocks.7.Adapter.s_attn.conv_offset.0.bias', 'transformer.resblocks.7.Adapter.s_attn.conv_offset.1.norm.weight', 'transformer.resblocks.7.Adapter.s_attn.conv_offset.1.norm.bias', 'transformer.resblocks.7.Adapter.s_attn.conv_offset.3.weight', 'transformer.resblocks.7.Adapter.s_attn.proj_q.weight', 'transformer.resblocks.7.Adapter.s_attn.proj_q.bias', 'transformer.resblocks.7.Adapter.s_attn.proj_k.weight', 'transformer.resblocks.7.Adapter.s_attn.proj_k.bias', 'transformer.resblocks.7.Adapter.s_attn.proj_v.weight', 'transformer.resblocks.7.Adapter.s_attn.proj_v.bias', 'transformer.resblocks.7.Adapter.s_attn.proj_out.weight', 'transformer.resblocks.7.Adapter.s_attn.proj_out.bias', 'transformer.resblocks.7.Adapter.t_ln.weight', 'transformer.resblocks.7.Adapter.t_ln.bias', 'transformer.resblocks.7.Adapter.t_attn.conv_offset.0.weight', 'transformer.resblocks.7.Adapter.t_attn.conv_offset.0.bias', 'transformer.resblocks.7.Adapter.t_attn.conv_offset.1.norm.weight', 'transformer.resblocks.7.Adapter.t_attn.conv_offset.1.norm.bias', 'transformer.resblocks.7.Adapter.t_attn.conv_offset.3.weight', 'transformer.resblocks.7.Adapter.t_attn.proj_q.weight', 'transformer.resblocks.7.Adapter.t_attn.proj_q.bias', 'transformer.resblocks.7.Adapter.t_attn.proj_k.weight', 'transformer.resblocks.7.Adapter.t_attn.proj_k.bias', 'transformer.resblocks.7.Adapter.t_attn.proj_v.weight', 'transformer.resblocks.7.Adapter.t_attn.proj_v.bias', 'transformer.resblocks.7.Adapter.t_attn.proj_out.weight', 'transformer.resblocks.7.Adapter.t_attn.proj_out.bias', 'transformer.resblocks.7.Adapter.up.weight', 'transformer.resblocks.7.Adapter.up.bias', 'transformer.resblocks.8.Adapter.down.weight', 'transformer.resblocks.8.Adapter.down.bias', 'transformer.resblocks.8.Adapter.pos_embed.weight', 'transformer.resblocks.8.Adapter.pos_embed.bias', 'transformer.resblocks.8.Adapter.s_ln.weight', 'transformer.resblocks.8.Adapter.s_ln.bias', 'transformer.resblocks.8.Adapter.s_attn.conv_offset.0.weight', 'transformer.resblocks.8.Adapter.s_attn.conv_offset.0.bias', 'transformer.resblocks.8.Adapter.s_attn.conv_offset.1.norm.weight', 'transformer.resblocks.8.Adapter.s_attn.conv_offset.1.norm.bias', 'transformer.resblocks.8.Adapter.s_attn.conv_offset.3.weight', 'transformer.resblocks.8.Adapter.s_attn.proj_q.weight', 'transformer.resblocks.8.Adapter.s_attn.proj_q.bias', 'transformer.resblocks.8.Adapter.s_attn.proj_k.weight', 'transformer.resblocks.8.Adapter.s_attn.proj_k.bias', 'transformer.resblocks.8.Adapter.s_attn.proj_v.weight', 'transformer.resblocks.8.Adapter.s_attn.proj_v.bias', 'transformer.resblocks.8.Adapter.s_attn.proj_out.weight', 'transformer.resblocks.8.Adapter.s_attn.proj_out.bias', 'transformer.resblocks.8.Adapter.t_ln.weight', 'transformer.resblocks.8.Adapter.t_ln.bias', 'transformer.resblocks.8.Adapter.t_attn.conv_offset.0.weight', 'transformer.resblocks.8.Adapter.t_attn.conv_offset.0.bias', 'transformer.resblocks.8.Adapter.t_attn.conv_offset.1.norm.weight', 'transformer.resblocks.8.Adapter.t_attn.conv_offset.1.norm.bias', 'transformer.resblocks.8.Adapter.t_attn.conv_offset.3.weight', 'transformer.resblocks.8.Adapter.t_attn.proj_q.weight', 'transformer.resblocks.8.Adapter.t_attn.proj_q.bias', 'transformer.resblocks.8.Adapter.t_attn.proj_k.weight', 'transformer.resblocks.8.Adapter.t_attn.proj_k.bias', 'transformer.resblocks.8.Adapter.t_attn.proj_v.weight', 'transformer.resblocks.8.Adapter.t_attn.proj_v.bias', 'transformer.resblocks.8.Adapter.t_attn.proj_out.weight', 'transformer.resblocks.8.Adapter.t_attn.proj_out.bias', 'transformer.resblocks.8.Adapter.up.weight', 'transformer.resblocks.8.Adapter.up.bias', 'transformer.resblocks.9.Adapter.down.weight', 'transformer.resblocks.9.Adapter.down.bias', 'transformer.resblocks.9.Adapter.pos_embed.weight', 'transformer.resblocks.9.Adapter.pos_embed.bias', 'transformer.resblocks.9.Adapter.s_ln.weight', 'transformer.resblocks.9.Adapter.s_ln.bias', 'transformer.resblocks.9.Adapter.s_attn.conv_offset.0.weight', 'transformer.resblocks.9.Adapter.s_attn.conv_offset.0.bias', 'transformer.resblocks.9.Adapter.s_attn.conv_offset.1.norm.weight', 'transformer.resblocks.9.Adapter.s_attn.conv_offset.1.norm.bias', 'transformer.resblocks.9.Adapter.s_attn.conv_offset.3.weight', 'transformer.resblocks.9.Adapter.s_attn.proj_q.weight', 'transformer.resblocks.9.Adapter.s_attn.proj_q.bias', 'transformer.resblocks.9.Adapter.s_attn.proj_k.weight', 'transformer.resblocks.9.Adapter.s_attn.proj_k.bias', 'transformer.resblocks.9.Adapter.s_attn.proj_v.weight', 'transformer.resblocks.9.Adapter.s_attn.proj_v.bias', 'transformer.resblocks.9.Adapter.s_attn.proj_out.weight', 'transformer.resblocks.9.Adapter.s_attn.proj_out.bias', 'transformer.resblocks.9.Adapter.t_ln.weight', 'transformer.resblocks.9.Adapter.t_ln.bias', 'transformer.resblocks.9.Adapter.t_attn.conv_offset.0.weight', 'transformer.resblocks.9.Adapter.t_attn.conv_offset.0.bias', 'transformer.resblocks.9.Adapter.t_attn.conv_offset.1.norm.weight', 'transformer.resblocks.9.Adapter.t_attn.conv_offset.1.norm.bias', 'transformer.resblocks.9.Adapter.t_attn.conv_offset.3.weight', 'transformer.resblocks.9.Adapter.t_attn.proj_q.weight', 'transformer.resblocks.9.Adapter.t_attn.proj_q.bias', 'transformer.resblocks.9.Adapter.t_attn.proj_k.weight', 'transformer.resblocks.9.Adapter.t_attn.proj_k.bias', 'transformer.resblocks.9.Adapter.t_attn.proj_v.weight', 'transformer.resblocks.9.Adapter.t_attn.proj_v.bias', 'transformer.resblocks.9.Adapter.t_attn.proj_out.weight', 'transformer.resblocks.9.Adapter.t_attn.proj_out.bias', 'transformer.resblocks.9.Adapter.up.weight', 'transformer.resblocks.9.Adapter.up.bias', 'transformer.resblocks.10.Adapter.down.weight', 'transformer.resblocks.10.Adapter.down.bias', 'transformer.resblocks.10.Adapter.pos_embed.weight', 'transformer.resblocks.10.Adapter.pos_embed.bias', 'transformer.resblocks.10.Adapter.s_ln.weight', 'transformer.resblocks.10.Adapter.s_ln.bias', 'transformer.resblocks.10.Adapter.s_attn.conv_offset.0.weight', 'transformer.resblocks.10.Adapter.s_attn.conv_offset.0.bias', 'transformer.resblocks.10.Adapter.s_attn.conv_offset.1.norm.weight', 'transformer.resblocks.10.Adapter.s_attn.conv_offset.1.norm.bias', 'transformer.resblocks.10.Adapter.s_attn.conv_offset.3.weight', 'transformer.resblocks.10.Adapter.s_attn.proj_q.weight', 'transformer.resblocks.10.Adapter.s_attn.proj_q.bias', 'transformer.resblocks.10.Adapter.s_attn.proj_k.weight', 'transformer.resblocks.10.Adapter.s_attn.proj_k.bias', 'transformer.resblocks.10.Adapter.s_attn.proj_v.weight', 'transformer.resblocks.10.Adapter.s_attn.proj_v.bias', 'transformer.resblocks.10.Adapter.s_attn.proj_out.weight', 'transformer.resblocks.10.Adapter.s_attn.proj_out.bias', 'transformer.resblocks.10.Adapter.t_ln.weight', 'transformer.resblocks.10.Adapter.t_ln.bias', 'transformer.resblocks.10.Adapter.t_attn.conv_offset.0.weight', 'transformer.resblocks.10.Adapter.t_attn.conv_offset.0.bias', 'transformer.resblocks.10.Adapter.t_attn.conv_offset.1.norm.weight', 'transformer.resblocks.10.Adapter.t_attn.conv_offset.1.norm.bias', 'transformer.resblocks.10.Adapter.t_attn.conv_offset.3.weight', 'transformer.resblocks.10.Adapter.t_attn.proj_q.weight', 'transformer.resblocks.10.Adapter.t_attn.proj_q.bias', 'transformer.resblocks.10.Adapter.t_attn.proj_k.weight', 'transformer.resblocks.10.Adapter.t_attn.proj_k.bias', 'transformer.resblocks.10.Adapter.t_attn.proj_v.weight', 'transformer.resblocks.10.Adapter.t_attn.proj_v.bias', 'transformer.resblocks.10.Adapter.t_attn.proj_out.weight', 'transformer.resblocks.10.Adapter.t_attn.proj_out.bias', 'transformer.resblocks.10.Adapter.up.weight', 'transformer.resblocks.10.Adapter.up.bias', 'transformer.resblocks.11.Adapter.down.weight', 'transformer.resblocks.11.Adapter.down.bias', 'transformer.resblocks.11.Adapter.pos_embed.weight', 'transformer.resblocks.11.Adapter.pos_embed.bias', 'transformer.resblocks.11.Adapter.s_ln.weight', 'transformer.resblocks.11.Adapter.s_ln.bias', 'transformer.resblocks.11.Adapter.s_attn.conv_offset.0.weight', 'transformer.resblocks.11.Adapter.s_attn.conv_offset.0.bias', 'transformer.resblocks.11.Adapter.s_attn.conv_offset.1.norm.weight', 'transformer.resblocks.11.Adapter.s_attn.conv_offset.1.norm.bias', 'transformer.resblocks.11.Adapter.s_attn.conv_offset.3.weight', 'transformer.resblocks.11.Adapter.s_attn.proj_q.weight', 'transformer.resblocks.11.Adapter.s_attn.proj_q.bias', 'transformer.resblocks.11.Adapter.s_attn.proj_k.weight', 'transformer.resblocks.11.Adapter.s_attn.proj_k.bias', 'transformer.resblocks.11.Adapter.s_attn.proj_v.weight', 'transformer.resblocks.11.Adapter.s_attn.proj_v.bias', 'transformer.resblocks.11.Adapter.s_attn.proj_out.weight', 'transformer.resblocks.11.Adapter.s_attn.proj_out.bias', 'transformer.resblocks.11.Adapter.t_ln.weight', 'transformer.resblocks.11.Adapter.t_ln.bias', 'transformer.resblocks.11.Adapter.t_attn.conv_offset.0.weight', 'transformer.resblocks.11.Adapter.t_attn.conv_offset.0.bias', 'transformer.resblocks.11.Adapter.t_attn.conv_offset.1.norm.weight', 'transformer.resblocks.11.Adapter.t_attn.conv_offset.1.norm.bias', 'transformer.resblocks.11.Adapter.t_attn.conv_offset.3.weight', 'transformer.resblocks.11.Adapter.t_attn.proj_q.weight', 'transformer.resblocks.11.Adapter.t_attn.proj_q.bias', 'transformer.resblocks.11.Adapter.t_attn.proj_k.weight', 'transformer.resblocks.11.Adapter.t_attn.proj_k.bias', 'transformer.resblocks.11.Adapter.t_attn.proj_v.weight', 'transformer.resblocks.11.Adapter.t_attn.proj_v.bias', 'transformer.resblocks.11.Adapter.t_attn.proj_out.weight', 'transformer.resblocks.11.Adapter.t_attn.proj_out.bias', 'transformer.resblocks.11.Adapter.up.weight', 'transformer.resblocks.11.Adapter.up.bias', 'classification_layer.weight', 'classification_layer.bias']
[08/28 09:10:36][INFO] models.base.adapter: 1078: Unexpected keys: []
[08/28 09:10:36][INFO] models.base.adapter: 1079: => loaded successfully 'ViT-B/16'
[08/28 09:10:36][INFO] models.base.adapter: 1086: init:  transformer.resblocks.0.Adapter.up
[08/28 09:10:36][INFO] models.base.adapter: 1086: init:  transformer.resblocks.1.Adapter.up
[08/28 09:10:36][INFO] models.base.adapter: 1086: init:  transformer.resblocks.2.Adapter.up
[08/28 09:10:36][INFO] models.base.adapter: 1086: init:  transformer.resblocks.3.Adapter.up
[08/28 09:10:36][INFO] models.base.adapter: 1086: init:  transformer.resblocks.4.Adapter.up
[08/28 09:10:36][INFO] models.base.adapter: 1086: init:  transformer.resblocks.5.Adapter.up
[08/28 09:10:36][INFO] models.base.adapter: 1086: init:  transformer.resblocks.6.Adapter.up
[08/28 09:10:36][INFO] models.base.adapter: 1086: init:  transformer.resblocks.7.Adapter.up
[08/28 09:10:36][INFO] models.base.adapter: 1086: init:  transformer.resblocks.8.Adapter.up
[08/28 09:10:36][INFO] models.base.adapter: 1086: init:  transformer.resblocks.9.Adapter.up
[08/28 09:10:36][INFO] models.base.adapter: 1086: init:  transformer.resblocks.10.Adapter.up
[08/28 09:10:36][INFO] models.base.adapter: 1086: init:  transformer.resblocks.11.Adapter.up
[08/28 09:10:36][INFO] train_net_few_shot:  308: Model:
BaseVideoModel(
  (model): ViT_CLIP(
    (conv1): Conv2d(3, 768, kernel_size=(16, 16), stride=(16, 16), bias=False)
    (ln_pre): LayerNorm((768,), eps=1e-05, elementwise_affine=True, bias=True)
    (transformer): Transformer(
      (resblocks): ModuleList(
        (0-11): 12 x ResidualAttentionBlock(
          (ln_1): LayerNorm((768,), eps=1e-05, elementwise_affine=True, bias=True)
          (attn): MultiheadAttention(
            (out_proj): NonDynamicallyQuantizableLinear(in_features=768, out_features=768, bias=True)
          )
          (ln_2): LayerNorm((768,), eps=1e-05, elementwise_affine=True, bias=True)
          (mlp): Sequential(
            (c_fc): Linear(in_features=768, out_features=3072, bias=True)
            (gelu): QuickGELU()
            (c_proj): Linear(in_features=3072, out_features=768, bias=True)
          )
          (Adapter): ViT_D2ST_Adapter(
            (down): Linear(in_features=768, out_features=192, bias=True)
            (gelu1): GELU(approximate='none')
            (pos_embed): Conv3d(192, 192, kernel_size=(3, 3, 3), stride=(1, 1, 1), padding=(1, 1, 1), groups=192)
            (s_ln): LayerNorm((192,), eps=1e-05, elementwise_affine=True, bias=True)
            (s_attn): ViT_DeformAttention(
              (conv_offset): Sequential(
                (0): Conv3d(48, 48, kernel_size=(4, 5, 5), stride=(4, 3, 3), groups=48)
                (1): LayerNormProxy(
                  (norm): LayerNorm((48,), eps=1e-05, elementwise_affine=True, bias=True)
                )
                (2): GELU(approximate='none')
                (3): Conv3d(48, 3, kernel_size=(1, 1, 1), stride=(1, 1, 1), bias=False)
              )
              (proj_q): Linear(in_features=192, out_features=192, bias=True)
              (proj_k): Linear(in_features=192, out_features=192, bias=True)
              (proj_v): Linear(in_features=192, out_features=192, bias=True)
              (proj_out): Linear(in_features=192, out_features=192, bias=True)
            )
            (t_ln): LayerNorm((192,), eps=1e-05, elementwise_affine=True, bias=True)
            (t_attn): ViT_DeformAttention(
              (conv_offset): Sequential(
                (0): Conv3d(48, 48, kernel_size=(1, 7, 7), stride=(1, 7, 7), groups=48)
                (1): LayerNormProxy(
                  (norm): LayerNorm((48,), eps=1e-05, elementwise_affine=True, bias=True)
                )
                (2): GELU(approximate='none')
                (3): Conv3d(48, 3, kernel_size=(1, 1, 1), stride=(1, 1, 1), bias=False)
              )
              (proj_q): Linear(in_features=192, out_features=192, bias=True)
              (proj_k): Linear(in_features=192, out_features=192, bias=True)
              (proj_v): Linear(in_features=192, out_features=192, bias=True)
              (proj_out): Linear(in_features=192, out_features=192, bias=True)
            )
            (gelu): GELU(approximate='none')
            (up): Linear(in_features=192, out_features=768, bias=True)
            (gelu2): GELU(approximate='none')
          )
        )
      )
    )
    (ln_post): LayerNorm((768,), eps=1e-05, elementwise_affine=True, bias=True)
    (classification_layer): Linear(in_features=768, out_features=31, bias=True)
  )
)
[08/28 09:10:36][INFO] models.utils.optimizer:   82: Optimized parameters constructed. Parameters without weight decay: []
[08/28 09:10:36][INFO] datasets.base.few_shot_dataset:   97: Reading video list from file: train_few_shot.txt
[08/28 09:10:36][INFO] datasets.base.few_shot_dataset:  127: Loading HMDB51 dataset list for split 'train'...
[08/28 09:10:36][INFO] datasets.base.few_shot_dataset:   47: loaded 4280 videos from train dataset: HMDB51 !
[08/28 09:10:36][INFO] datasets.base.few_shot_dataset:  153: Dataset HMDB51 split train loaded. Length 4280.
[08/28 09:10:36][INFO] datasets.base.few_shot_dataset:   97: Reading video list from file: test_few_shot.txt
[08/28 09:10:36][INFO] datasets.base.few_shot_dataset:  127: Loading HMDB51 dataset list for split 'test'...
[08/28 09:10:36][INFO] datasets.base.few_shot_dataset:   47: loaded 1292 videos from test dataset: HMDB51 !
[08/28 09:10:36][INFO] datasets.base.few_shot_dataset:  153: Dataset HMDB51 split test loaded. Length 1292.
[08/28 09:10:36][INFO] train_net_few_shot:  330: Start epoch: 1
[08/28 09:10:36][INFO] train_net_few_shot:  363: Number of total parameters: 93103711, tunable parameters: 7306591
[08/28 09:10:36][INFO] train_net_few_shot:   89: Norm training: True
[08/28 09:10:36][INFO] train_net_few_shot:  107: Gradient accumulation: steps=8, normalize=False
[08/28 09:12:02][INFO] utils.logging:   91: {"_type": "train_iter", "iter": "100/6000", "loss": 9.126297, "lr": 0.000332, "top1_acc": 65.600001}
[08/28 09:13:25][INFO] utils.logging:   91: {"_type": "train_iter", "iter": "200/6000", "loss": 7.308471, "lr": 0.000465, "top1_acc": 73.600002}
[08/28 09:14:45][INFO] utils.logging:   91: {"_type": "train_iter", "iter": "300/6000", "loss": 4.552173, "lr": 0.000599, "top1_acc": 79.000001}
[08/28 09:16:01][INFO] utils.logging:   91: {"_type": "train_iter", "iter": "400/6000", "loss": 3.052526, "lr": 0.000732, "top1_acc": 81.800001}
[08/28 09:17:19][INFO] utils.logging:   91: {"_type": "train_iter", "iter": "500/6000", "loss": 2.710802, "lr": 0.000865, "top1_acc": 81.200001}
[08/28 09:18:35][INFO] utils.logging:   91: {"_type": "train_iter", "iter": "600/6000", "loss": 2.087585, "lr": 0.000999, "top1_acc": 85.400001}
[08/28 09:19:55][INFO] utils.logging:   91: {"_type": "train_iter", "iter": "700/6000", "loss": 1.978507, "lr": 0.001000, "top1_acc": 87.000001}
[08/28 09:21:10][INFO] utils.logging:   91: {"_type": "train_iter", "iter": "800/6000", "loss": 1.916176, "lr": 0.001000, "top1_acc": 84.600001}
[08/28 09:22:28][INFO] utils.logging:   91: {"_type": "train_iter", "iter": "900/6000", "loss": 1.438399, "lr": 0.001000, "top1_acc": 88.400001}
[08/28 09:23:44][INFO] utils.logging:   91: {"_type": "train_iter", "iter": "1000/6000", "loss": 1.558481, "lr": 0.001000, "top1_acc": 86.600001}
[08/28 09:24:57][INFO] utils.logging:   91: {"_type": "train_iter", "iter": "1100/6000", "loss": 1.308346, "lr": 0.001000, "top1_acc": 90.400001}
[08/28 09:26:11][INFO] utils.logging:   91: {"_type": "train_iter", "iter": "1200/6000", "loss": 1.320875, "lr": 0.001000, "top1_acc": 87.600001}
[08/28 09:27:26][INFO] utils.logging:   91: {"_type": "train_iter", "iter": "1300/6000", "loss": 1.129537, "lr": 0.001000, "top1_acc": 91.600001}
[08/28 09:28:41][INFO] utils.logging:   91: {"_type": "train_iter", "iter": "1400/6000", "loss": 0.995094, "lr": 0.001000, "top1_acc": 94.800000}
[08/28 09:29:56][INFO] utils.logging:   91: {"_type": "train_iter", "iter": "1500/6000", "loss": 1.057526, "lr": 0.001000, "top1_acc": 90.800001}
[08/28 09:31:13][INFO] utils.logging:   91: {"_type": "train_iter", "iter": "1600/6000", "loss": 0.961517, "lr": 0.001000, "top1_acc": 91.800001}
[08/28 09:32:32][INFO] utils.logging:   91: {"_type": "train_iter", "iter": "1700/6000", "loss": 0.714418, "lr": 0.001000, "top1_acc": 94.400001}
[08/28 09:33:45][INFO] utils.logging:   91: {"_type": "train_iter", "iter": "1800/6000", "loss": 0.801213, "lr": 0.001000, "top1_acc": 91.400001}
[08/28 09:34:59][INFO] utils.logging:   91: {"_type": "train_iter", "iter": "1900/6000", "loss": 0.775525, "lr": 0.001000, "top1_acc": 91.800001}
[08/28 09:36:45][INFO] utils.logging:   91: {"_type": "val_iter", "gpu_mem": "1.78 GB", "iter": "100/10000", "top1_acc": 79.000001}
[08/28 09:37:17][INFO] utils.logging:   91: {"_type": "val_iter", "gpu_mem": "1.78 GB", "iter": "200/10000", "top1_acc": 75.200002}
[08/28 09:37:41][INFO] utils.logging:   91: {"_type": "val_iter", "gpu_mem": "1.78 GB", "iter": "300/10000", "top1_acc": 72.000002}
[08/28 09:38:04][INFO] utils.logging:   91: {"_type": "val_iter", "gpu_mem": "1.78 GB", "iter": "400/10000", "top1_acc": 75.800001}
[08/28 09:38:30][INFO] utils.logging:   91: {"_type": "val_iter", "gpu_mem": "1.78 GB", "iter": "500/10000", "top1_acc": 75.400001}
[08/28 09:38:52][INFO] utils.logging:   91: {"_type": "val_iter", "gpu_mem": "1.78 GB", "iter": "600/10000", "top1_acc": 77.200001}
[08/28 09:39:15][INFO] utils.logging:   91: {"_type": "val_iter", "gpu_mem": "1.78 GB", "iter": "700/10000", "top1_acc": 76.200001}
[08/28 09:39:37][INFO] utils.logging:   91: {"_type": "val_iter", "gpu_mem": "1.78 GB", "iter": "800/10000", "top1_acc": 72.400001}
[08/28 09:40:00][INFO] utils.logging:   91: {"_type": "val_iter", "gpu_mem": "1.78 GB", "iter": "900/10000", "top1_acc": 74.400002}
[08/28 09:40:22][INFO] utils.logging:   91: {"_type": "val_iter", "gpu_mem": "1.78 GB", "iter": "1000/10000", "top1_acc": 76.200002}
[08/28 09:40:46][INFO] utils.logging:   91: {"_type": "val_iter", "gpu_mem": "1.78 GB", "iter": "1100/10000", "top1_acc": 71.800001}
[08/28 09:41:08][INFO] utils.logging:   91: {"_type": "val_iter", "gpu_mem": "1.78 GB", "iter": "1200/10000", "top1_acc": 75.600001}
[08/28 09:41:33][INFO] utils.logging:   91: {"_type": "val_iter", "gpu_mem": "1.78 GB", "iter": "1300/10000", "top1_acc": 74.400002}
[08/28 09:41:59][INFO] utils.logging:   91: {"_type": "val_iter", "gpu_mem": "1.78 GB", "iter": "1400/10000", "top1_acc": 75.400001}
[08/28 09:42:23][INFO] utils.logging:   91: {"_type": "val_iter", "gpu_mem": "1.78 GB", "iter": "1500/10000", "top1_acc": 76.200001}
[08/28 09:42:46][INFO] utils.logging:   91: {"_type": "val_iter", "gpu_mem": "1.78 GB", "iter": "1600/10000", "top1_acc": 76.000002}
[08/28 09:43:09][INFO] utils.logging:   91: {"_type": "val_iter", "gpu_mem": "1.78 GB", "iter": "1700/10000", "top1_acc": 72.600001}
[08/28 09:43:32][INFO] utils.logging:   91: {"_type": "val_iter", "gpu_mem": "1.78 GB", "iter": "1800/10000", "top1_acc": 72.800002}
[08/28 09:43:56][INFO] utils.logging:   91: {"_type": "val_iter", "gpu_mem": "1.78 GB", "iter": "1900/10000", "top1_acc": 79.000001}
[08/28 09:44:20][INFO] utils.logging:   91: {"_type": "val_iter", "gpu_mem": "1.78 GB", "iter": "2000/10000", "top1_acc": 76.400001}
[08/28 09:44:43][INFO] utils.logging:   91: {"_type": "val_iter", "gpu_mem": "1.78 GB", "iter": "2100/10000", "top1_acc": 72.600002}
[08/28 09:45:09][INFO] utils.logging:   91: {"_type": "val_iter", "gpu_mem": "1.78 GB", "iter": "2200/10000", "top1_acc": 74.200001}
[08/28 09:45:34][INFO] utils.logging:   91: {"_type": "val_iter", "gpu_mem": "1.78 GB", "iter": "2300/10000", "top1_acc": 76.800001}
[08/28 09:45:56][INFO] utils.logging:   91: {"_type": "val_iter", "gpu_mem": "1.78 GB", "iter": "2400/10000", "top1_acc": 72.400002}
[08/28 09:46:20][INFO] utils.logging:   91: {"_type": "val_iter", "gpu_mem": "1.78 GB", "iter": "2500/10000", "top1_acc": 75.600002}
[08/28 09:46:44][INFO] utils.logging:   91: {"_type": "val_iter", "gpu_mem": "1.78 GB", "iter": "2600/10000", "top1_acc": 76.000002}
[08/28 09:47:07][INFO] utils.logging:   91: {"_type": "val_iter", "gpu_mem": "1.78 GB", "iter": "2700/10000", "top1_acc": 76.200002}
[08/28 09:47:29][INFO] utils.logging:   91: {"_type": "val_iter", "gpu_mem": "1.78 GB", "iter": "2800/10000", "top1_acc": 75.800002}
[08/28 09:47:51][INFO] utils.logging:   91: {"_type": "val_iter", "gpu_mem": "1.78 GB", "iter": "2900/10000", "top1_acc": 75.000001}
[08/28 09:48:14][INFO] utils.logging:   91: {"_type": "val_iter", "gpu_mem": "1.78 GB", "iter": "3000/10000", "top1_acc": 76.800002}
[08/28 09:48:36][INFO] utils.logging:   91: {"_type": "val_iter", "gpu_mem": "1.78 GB", "iter": "3100/10000", "top1_acc": 73.800001}
[08/28 09:48:59][INFO] utils.logging:   91: {"_type": "val_iter", "gpu_mem": "1.78 GB", "iter": "3200/10000", "top1_acc": 74.600002}
[08/28 09:49:21][INFO] utils.logging:   91: {"_type": "val_iter", "gpu_mem": "1.78 GB", "iter": "3300/10000", "top1_acc": 77.600001}
[08/28 09:49:43][INFO] utils.logging:   91: {"_type": "val_iter", "gpu_mem": "1.78 GB", "iter": "3400/10000", "top1_acc": 71.000001}
[08/28 09:50:06][INFO] utils.logging:   91: {"_type": "val_iter", "gpu_mem": "1.78 GB", "iter": "3500/10000", "top1_acc": 74.800001}
[08/28 09:50:28][INFO] utils.logging:   91: {"_type": "val_iter", "gpu_mem": "1.78 GB", "iter": "3600/10000", "top1_acc": 74.200001}
[08/28 09:50:54][INFO] utils.logging:   91: {"_type": "val_iter", "gpu_mem": "1.78 GB", "iter": "3700/10000", "top1_acc": 76.200002}
[08/28 09:51:18][INFO] utils.logging:   91: {"_type": "val_iter", "gpu_mem": "1.78 GB", "iter": "3800/10000", "top1_acc": 77.600001}
[08/28 09:51:35][INFO] utils.logging:   91: {"_type": "val_iter", "gpu_mem": "1.78 GB", "iter": "3900/10000", "top1_acc": 71.200002}
[08/28 09:51:56][INFO] utils.logging:   91: {"_type": "val_iter", "gpu_mem": "1.78 GB", "iter": "4000/10000", "top1_acc": 72.200001}
[08/28 09:52:16][INFO] utils.logging:   91: {"_type": "val_iter", "gpu_mem": "1.78 GB", "iter": "4100/10000", "top1_acc": 74.000001}
[08/28 09:52:31][INFO] utils.logging:   91: {"_type": "val_iter", "gpu_mem": "1.78 GB", "iter": "4200/10000", "top1_acc": 74.000002}
[08/28 09:52:44][INFO] utils.logging:   91: {"_type": "val_iter", "gpu_mem": "1.78 GB", "iter": "4300/10000", "top1_acc": 73.800001}
[08/28 09:52:56][INFO] utils.logging:   91: {"_type": "val_iter", "gpu_mem": "1.78 GB", "iter": "4400/10000", "top1_acc": 75.800002}
[08/28 09:53:08][INFO] utils.logging:   91: {"_type": "val_iter", "gpu_mem": "1.78 GB", "iter": "4500/10000", "top1_acc": 71.200001}
[08/28 09:53:21][INFO] utils.logging:   91: {"_type": "val_iter", "gpu_mem": "1.78 GB", "iter": "4600/10000", "top1_acc": 73.800001}
[08/28 09:53:42][INFO] utils.logging:   91: {"_type": "val_iter", "gpu_mem": "1.78 GB", "iter": "4700/10000", "top1_acc": 74.200002}
[08/28 09:54:08][INFO] utils.logging:   91: {"_type": "val_iter", "gpu_mem": "1.78 GB", "iter": "4800/10000", "top1_acc": 74.000002}
[08/28 09:54:32][INFO] utils.logging:   91: {"_type": "val_iter", "gpu_mem": "1.78 GB", "iter": "4900/10000", "top1_acc": 74.800001}
[08/28 09:55:00][INFO] utils.logging:   91: {"_type": "val_iter", "gpu_mem": "1.78 GB", "iter": "5000/10000", "top1_acc": 73.200002}
[08/28 09:55:28][INFO] utils.logging:   91: {"_type": "val_iter", "gpu_mem": "1.78 GB", "iter": "5100/10000", "top1_acc": 74.200002}
[08/28 09:55:51][INFO] utils.logging:   91: {"_type": "val_iter", "gpu_mem": "1.78 GB", "iter": "5200/10000", "top1_acc": 77.000002}
[08/28 09:56:18][INFO] utils.logging:   91: {"_type": "val_iter", "gpu_mem": "1.78 GB", "iter": "5300/10000", "top1_acc": 73.200002}
[08/28 09:56:41][INFO] utils.logging:   91: {"_type": "val_iter", "gpu_mem": "1.78 GB", "iter": "5400/10000", "top1_acc": 72.800002}
[08/28 09:57:03][INFO] utils.logging:   91: {"_type": "val_iter", "gpu_mem": "1.78 GB", "iter": "5500/10000", "top1_acc": 73.800001}
[08/28 09:57:32][INFO] utils.logging:   91: {"_type": "val_iter", "gpu_mem": "1.78 GB", "iter": "5600/10000", "top1_acc": 79.600002}
[08/28 09:58:01][INFO] utils.logging:   91: {"_type": "val_iter", "gpu_mem": "1.78 GB", "iter": "5700/10000", "top1_acc": 75.000002}
[08/28 09:58:25][INFO] utils.logging:   91: {"_type": "val_iter", "gpu_mem": "1.78 GB", "iter": "5800/10000", "top1_acc": 74.800001}
[08/28 09:58:53][INFO] utils.logging:   91: {"_type": "val_iter", "gpu_mem": "1.78 GB", "iter": "5900/10000", "top1_acc": 71.800002}
[08/28 09:59:18][INFO] utils.logging:   91: {"_type": "val_iter", "gpu_mem": "1.78 GB", "iter": "6000/10000", "top1_acc": 74.000001}
[08/28 09:59:41][INFO] utils.logging:   91: {"_type": "val_iter", "gpu_mem": "1.78 GB", "iter": "6100/10000", "top1_acc": 77.200002}
[08/28 10:00:04][INFO] utils.logging:   91: {"_type": "val_iter", "gpu_mem": "1.78 GB", "iter": "6200/10000", "top1_acc": 78.200002}
[08/28 10:00:26][INFO] utils.logging:   91: {"_type": "val_iter", "gpu_mem": "1.78 GB", "iter": "6300/10000", "top1_acc": 75.600002}
[08/28 10:00:50][INFO] utils.logging:   91: {"_type": "val_iter", "gpu_mem": "1.78 GB", "iter": "6400/10000", "top1_acc": 72.800002}
[08/28 10:01:12][INFO] utils.logging:   91: {"_type": "val_iter", "gpu_mem": "1.78 GB", "iter": "6500/10000", "top1_acc": 73.800001}
[08/28 10:01:35][INFO] utils.logging:   91: {"_type": "val_iter", "gpu_mem": "1.78 GB", "iter": "6600/10000", "top1_acc": 68.400001}
[08/28 10:01:58][INFO] utils.logging:   91: {"_type": "val_iter", "gpu_mem": "1.78 GB", "iter": "6700/10000", "top1_acc": 70.400001}
[08/28 10:02:22][INFO] utils.logging:   91: {"_type": "val_iter", "gpu_mem": "1.78 GB", "iter": "6800/10000", "top1_acc": 77.600002}
[08/28 10:02:47][INFO] utils.logging:   91: {"_type": "val_iter", "gpu_mem": "1.78 GB", "iter": "6900/10000", "top1_acc": 76.600002}
[08/28 10:03:11][INFO] utils.logging:   91: {"_type": "val_iter", "gpu_mem": "1.78 GB", "iter": "7000/10000", "top1_acc": 77.200002}
[08/28 10:03:34][INFO] utils.logging:   91: {"_type": "val_iter", "gpu_mem": "1.78 GB", "iter": "7100/10000", "top1_acc": 74.800002}
[08/28 10:03:59][INFO] utils.logging:   91: {"_type": "val_iter", "gpu_mem": "1.78 GB", "iter": "7200/10000", "top1_acc": 74.800002}
[08/28 10:04:23][INFO] utils.logging:   91: {"_type": "val_iter", "gpu_mem": "1.78 GB", "iter": "7300/10000", "top1_acc": 69.600001}
[08/28 10:04:46][INFO] utils.logging:   91: {"_type": "val_iter", "gpu_mem": "1.78 GB", "iter": "7400/10000", "top1_acc": 76.600001}
[08/28 10:05:09][INFO] utils.logging:   91: {"_type": "val_iter", "gpu_mem": "1.78 GB", "iter": "7500/10000", "top1_acc": 74.600002}
[08/28 10:05:32][INFO] utils.logging:   91: {"_type": "val_iter", "gpu_mem": "1.78 GB", "iter": "7600/10000", "top1_acc": 76.200001}
[08/28 10:05:54][INFO] utils.logging:   91: {"_type": "val_iter", "gpu_mem": "1.78 GB", "iter": "7700/10000", "top1_acc": 74.400001}
[08/28 10:06:17][INFO] utils.logging:   91: {"_type": "val_iter", "gpu_mem": "1.78 GB", "iter": "7800/10000", "top1_acc": 73.800001}
[08/28 10:06:40][INFO] utils.logging:   91: {"_type": "val_iter", "gpu_mem": "1.78 GB", "iter": "7900/10000", "top1_acc": 73.000001}
[08/28 10:07:03][INFO] utils.logging:   91: {"_type": "val_iter", "gpu_mem": "1.78 GB", "iter": "8000/10000", "top1_acc": 75.600001}
[08/28 10:07:28][INFO] utils.logging:   91: {"_type": "val_iter", "gpu_mem": "1.78 GB", "iter": "8100/10000", "top1_acc": 74.600002}
[08/28 10:07:51][INFO] utils.logging:   91: {"_type": "val_iter", "gpu_mem": "1.78 GB", "iter": "8200/10000", "top1_acc": 77.800002}
[08/28 10:08:14][INFO] utils.logging:   91: {"_type": "val_iter", "gpu_mem": "1.78 GB", "iter": "8300/10000", "top1_acc": 77.600001}
[08/28 10:08:36][INFO] utils.logging:   91: {"_type": "val_iter", "gpu_mem": "1.78 GB", "iter": "8400/10000", "top1_acc": 77.400001}
[08/28 10:08:59][INFO] utils.logging:   91: {"_type": "val_iter", "gpu_mem": "1.78 GB", "iter": "8500/10000", "top1_acc": 73.400002}
[08/28 10:09:21][INFO] utils.logging:   91: {"_type": "val_iter", "gpu_mem": "1.78 GB", "iter": "8600/10000", "top1_acc": 76.200002}
[08/28 10:09:43][INFO] utils.logging:   91: {"_type": "val_iter", "gpu_mem": "1.78 GB", "iter": "8700/10000", "top1_acc": 71.800002}
[08/28 10:10:06][INFO] utils.logging:   91: {"_type": "val_iter", "gpu_mem": "1.78 GB", "iter": "8800/10000", "top1_acc": 75.200001}
[08/28 10:10:28][INFO] utils.logging:   91: {"_type": "val_iter", "gpu_mem": "1.78 GB", "iter": "8900/10000", "top1_acc": 73.800001}
[08/28 10:10:51][INFO] utils.logging:   91: {"_type": "val_iter", "gpu_mem": "1.78 GB", "iter": "9000/10000", "top1_acc": 76.400002}
[08/28 10:11:17][INFO] utils.logging:   91: {"_type": "val_iter", "gpu_mem": "1.78 GB", "iter": "9100/10000", "top1_acc": 75.000001}
[08/28 10:11:39][INFO] utils.logging:   91: {"_type": "val_iter", "gpu_mem": "1.78 GB", "iter": "9200/10000", "top1_acc": 78.000002}
[08/28 10:12:04][INFO] utils.logging:   91: {"_type": "val_iter", "gpu_mem": "1.78 GB", "iter": "9300/10000", "top1_acc": 76.200001}
[08/28 10:12:30][INFO] utils.logging:   91: {"_type": "val_iter", "gpu_mem": "1.78 GB", "iter": "9400/10000", "top1_acc": 72.400002}
[08/28 10:12:55][INFO] utils.logging:   91: {"_type": "val_iter", "gpu_mem": "1.78 GB", "iter": "9500/10000", "top1_acc": 77.200001}
[08/28 10:13:17][INFO] utils.logging:   91: {"_type": "val_iter", "gpu_mem": "1.78 GB", "iter": "9600/10000", "top1_acc": 75.600001}
[08/28 10:13:39][INFO] utils.logging:   91: {"_type": "val_iter", "gpu_mem": "1.78 GB", "iter": "9700/10000", "top1_acc": 77.800002}
[08/28 10:14:04][INFO] utils.logging:   91: {"_type": "val_iter", "gpu_mem": "1.78 GB", "iter": "9800/10000", "top1_acc": 77.200002}
[08/28 10:14:26][INFO] utils.logging:   91: {"_type": "val_iter", "gpu_mem": "1.78 GB", "iter": "9900/10000", "top1_acc": 76.000002}
[08/28 10:14:48][INFO] utils.logging:   91: {"_type": "val_iter", "gpu_mem": "1.78 GB", "iter": "10000/10000", "top1_acc": 76.400001}
[08/28 10:14:49][INFO] utils.logging:   91: {"RAM": "91.61/125.63 GB", "_type": "val_epoch", "epoch": "1", "gpu_mem": "1.78 GB", "top1_acc": 74.908001}
[08/28 10:14:49][INFO] train_net_few_shot:  145: New best validation accuracy: 74.9080; checkpoint=output/HMDB51/checkpoints/checkpoint_best.pyth
[08/28 10:14:50][INFO] utils.logging:   91: {"_type": "train_iter", "iter": "2000/6000", "loss": 0.768823, "lr": 0.001000, "top1_acc": 92.800001}
[08/28 10:16:05][INFO] utils.logging:   91: {"_type": "train_iter", "iter": "2100/6000", "loss": 0.660384, "lr": 0.001000, "top1_acc": 92.200001}
[08/28 10:17:18][INFO] utils.logging:   91: {"_type": "train_iter", "iter": "2200/6000", "loss": 0.757337, "lr": 0.001000, "top1_acc": 93.000001}
[08/28 10:18:31][INFO] utils.logging:   91: {"_type": "train_iter", "iter": "2300/6000", "loss": 0.629270, "lr": 0.001000, "top1_acc": 96.000000}
[08/28 10:19:45][INFO] utils.logging:   91: {"_type": "train_iter", "iter": "2400/6000", "loss": 0.546829, "lr": 0.001000, "top1_acc": 95.000000}
[08/28 10:20:59][INFO] utils.logging:   91: {"_type": "train_iter", "iter": "2500/6000", "loss": 0.661605, "lr": 0.001000, "top1_acc": 92.000001}
[08/28 10:22:13][INFO] utils.logging:   91: {"_type": "train_iter", "iter": "2600/6000", "loss": 0.560992, "lr": 0.001000, "top1_acc": 95.600000}
[08/28 10:23:28][INFO] utils.logging:   91: {"_type": "train_iter", "iter": "2700/6000", "loss": 0.415978, "lr": 0.001000, "top1_acc": 96.400000}
[08/28 10:24:43][INFO] utils.logging:   91: {"_type": "train_iter", "iter": "2800/6000", "loss": 0.479917, "lr": 0.001000, "top1_acc": 95.000000}
[08/28 10:25:56][INFO] utils.logging:   91: {"_type": "train_iter", "iter": "2900/6000", "loss": 0.510557, "lr": 0.001000, "top1_acc": 94.200000}
[08/28 10:27:12][INFO] utils.logging:   91: {"_type": "train_iter", "iter": "3000/6000", "loss": 0.364474, "lr": 0.001000, "top1_acc": 96.400000}
[08/28 10:28:27][INFO] utils.logging:   91: {"_type": "train_iter", "iter": "3100/6000", "loss": 0.495004, "lr": 0.000500, "top1_acc": 94.800000}
[08/28 10:29:40][INFO] utils.logging:   91: {"_type": "train_iter", "iter": "3200/6000", "loss": 0.364838, "lr": 0.000500, "top1_acc": 95.600000}
[08/28 10:30:54][INFO] utils.logging:   91: {"_type": "train_iter", "iter": "3300/6000", "loss": 0.317792, "lr": 0.000500, "top1_acc": 96.400000}
[08/28 10:32:07][INFO] utils.logging:   91: {"_type": "train_iter", "iter": "3400/6000", "loss": 0.359421, "lr": 0.000500, "top1_acc": 96.600000}
[08/28 10:33:19][INFO] utils.logging:   91: {"_type": "train_iter", "iter": "3500/6000", "loss": 0.212933, "lr": 0.000500, "top1_acc": 96.400000}
[08/28 10:34:31][INFO] utils.logging:   91: {"_type": "train_iter", "iter": "3600/6000", "loss": 0.317950, "lr": 0.000500, "top1_acc": 95.600000}
[08/28 10:35:44][INFO] utils.logging:   91: {"_type": "train_iter", "iter": "3700/6000", "loss": 0.171291, "lr": 0.000500, "top1_acc": 97.000000}
[08/28 10:37:01][INFO] utils.logging:   91: {"_type": "train_iter", "iter": "3800/6000", "loss": 0.215980, "lr": 0.000500, "top1_acc": 96.200000}
[08/28 10:38:28][INFO] utils.logging:   91: {"_type": "train_iter", "iter": "3900/6000", "loss": 0.186257, "lr": 0.000500, "top1_acc": 96.400000}
[08/28 10:40:21][INFO] utils.logging:   91: {"_type": "val_iter", "gpu_mem": "1.78 GB", "iter": "100/10000", "top1_acc": 76.800002}
[08/28 10:40:45][INFO] utils.logging:   91: {"_type": "val_iter", "gpu_mem": "1.78 GB", "iter": "200/10000", "top1_acc": 77.000002}
[08/28 10:41:10][INFO] utils.logging:   91: {"_type": "val_iter", "gpu_mem": "1.78 GB", "iter": "300/10000", "top1_acc": 72.400002}
[08/28 10:41:46][INFO] utils.logging:   91: {"_type": "val_iter", "gpu_mem": "1.78 GB", "iter": "400/10000", "top1_acc": 74.600001}
[08/28 10:42:13][INFO] utils.logging:   91: {"_type": "val_iter", "gpu_mem": "1.78 GB", "iter": "500/10000", "top1_acc": 75.800001}
[08/28 10:42:39][INFO] utils.logging:   91: {"_type": "val_iter", "gpu_mem": "1.78 GB", "iter": "600/10000", "top1_acc": 77.400001}
[08/28 10:43:04][INFO] utils.logging:   91: {"_type": "val_iter", "gpu_mem": "1.78 GB", "iter": "700/10000", "top1_acc": 72.600001}
[08/28 10:43:29][INFO] utils.logging:   91: {"_type": "val_iter", "gpu_mem": "1.78 GB", "iter": "800/10000", "top1_acc": 72.800002}
[08/28 10:43:57][INFO] utils.logging:   91: {"_type": "val_iter", "gpu_mem": "1.78 GB", "iter": "900/10000", "top1_acc": 74.600002}
[08/28 10:44:23][INFO] utils.logging:   91: {"_type": "val_iter", "gpu_mem": "1.78 GB", "iter": "1000/10000", "top1_acc": 73.800001}
[08/28 10:44:53][INFO] utils.logging:   91: {"_type": "val_iter", "gpu_mem": "1.78 GB", "iter": "1100/10000", "top1_acc": 73.400001}
[08/28 10:45:18][INFO] utils.logging:   91: {"_type": "val_iter", "gpu_mem": "1.78 GB", "iter": "1200/10000", "top1_acc": 74.000002}
[08/28 10:45:49][INFO] utils.logging:   91: {"_type": "val_iter", "gpu_mem": "1.78 GB", "iter": "1300/10000", "top1_acc": 72.600001}
[08/28 10:46:18][INFO] utils.logging:   91: {"_type": "val_iter", "gpu_mem": "1.78 GB", "iter": "1400/10000", "top1_acc": 73.800002}
[08/28 10:46:47][INFO] utils.logging:   91: {"_type": "val_iter", "gpu_mem": "1.78 GB", "iter": "1500/10000", "top1_acc": 78.400001}
[08/28 10:47:10][INFO] utils.logging:   91: {"_type": "val_iter", "gpu_mem": "1.78 GB", "iter": "1600/10000", "top1_acc": 76.200001}
[08/28 10:47:36][INFO] utils.logging:   91: {"_type": "val_iter", "gpu_mem": "1.78 GB", "iter": "1700/10000", "top1_acc": 73.800002}
[08/28 10:47:58][INFO] utils.logging:   91: {"_type": "val_iter", "gpu_mem": "1.78 GB", "iter": "1800/10000", "top1_acc": 74.000002}
[08/28 10:48:21][INFO] utils.logging:   91: {"_type": "val_iter", "gpu_mem": "1.78 GB", "iter": "1900/10000", "top1_acc": 77.800001}
[08/28 10:48:47][INFO] utils.logging:   91: {"_type": "val_iter", "gpu_mem": "1.78 GB", "iter": "2000/10000", "top1_acc": 77.000001}
[08/28 10:49:10][INFO] utils.logging:   91: {"_type": "val_iter", "gpu_mem": "1.78 GB", "iter": "2100/10000", "top1_acc": 74.000001}
[08/28 10:49:34][INFO] utils.logging:   91: {"_type": "val_iter", "gpu_mem": "1.78 GB", "iter": "2200/10000", "top1_acc": 72.800002}
[08/28 10:50:02][INFO] utils.logging:   91: {"_type": "val_iter", "gpu_mem": "1.78 GB", "iter": "2300/10000", "top1_acc": 76.800002}
[08/28 10:50:27][INFO] utils.logging:   91: {"_type": "val_iter", "gpu_mem": "1.78 GB", "iter": "2400/10000", "top1_acc": 73.400001}
[08/28 10:50:52][INFO] utils.logging:   91: {"_type": "val_iter", "gpu_mem": "1.78 GB", "iter": "2500/10000", "top1_acc": 75.000001}
[08/28 10:51:16][INFO] utils.logging:   91: {"_type": "val_iter", "gpu_mem": "1.78 GB", "iter": "2600/10000", "top1_acc": 74.600001}
[08/28 10:51:41][INFO] utils.logging:   91: {"_type": "val_iter", "gpu_mem": "1.78 GB", "iter": "2700/10000", "top1_acc": 77.800002}
[08/28 10:52:06][INFO] utils.logging:   91: {"_type": "val_iter", "gpu_mem": "1.78 GB", "iter": "2800/10000", "top1_acc": 75.000001}
[08/28 10:52:31][INFO] utils.logging:   91: {"_type": "val_iter", "gpu_mem": "1.78 GB", "iter": "2900/10000", "top1_acc": 71.800001}
[08/28 10:52:56][INFO] utils.logging:   91: {"_type": "val_iter", "gpu_mem": "1.78 GB", "iter": "3000/10000", "top1_acc": 78.600002}
[08/28 10:53:21][INFO] utils.logging:   91: {"_type": "val_iter", "gpu_mem": "1.78 GB", "iter": "3100/10000", "top1_acc": 72.000001}
[08/28 10:53:46][INFO] utils.logging:   91: {"_type": "val_iter", "gpu_mem": "1.78 GB", "iter": "3200/10000", "top1_acc": 73.400001}
[08/28 10:54:12][INFO] utils.logging:   91: {"_type": "val_iter", "gpu_mem": "1.78 GB", "iter": "3300/10000", "top1_acc": 71.400001}
[08/28 10:54:37][INFO] utils.logging:   91: {"_type": "val_iter", "gpu_mem": "1.78 GB", "iter": "3400/10000", "top1_acc": 70.400001}
[08/28 10:55:01][INFO] utils.logging:   91: {"_type": "val_iter", "gpu_mem": "1.78 GB", "iter": "3500/10000", "top1_acc": 75.200001}
[08/28 10:55:25][INFO] utils.logging:   91: {"_type": "val_iter", "gpu_mem": "1.78 GB", "iter": "3600/10000", "top1_acc": 74.400001}
[08/28 10:55:50][INFO] utils.logging:   91: {"_type": "val_iter", "gpu_mem": "1.78 GB", "iter": "3700/10000", "top1_acc": 79.600001}
[08/28 10:56:14][INFO] utils.logging:   91: {"_type": "val_iter", "gpu_mem": "1.78 GB", "iter": "3800/10000", "top1_acc": 76.600002}
[08/28 10:56:39][INFO] utils.logging:   91: {"_type": "val_iter", "gpu_mem": "1.78 GB", "iter": "3900/10000", "top1_acc": 71.200001}
[08/28 10:57:03][INFO] utils.logging:   91: {"_type": "val_iter", "gpu_mem": "1.78 GB", "iter": "4000/10000", "top1_acc": 78.000002}
[08/28 10:57:28][INFO] utils.logging:   91: {"_type": "val_iter", "gpu_mem": "1.78 GB", "iter": "4100/10000", "top1_acc": 74.800002}
[08/28 10:57:53][INFO] utils.logging:   91: {"_type": "val_iter", "gpu_mem": "1.78 GB", "iter": "4200/10000", "top1_acc": 75.000002}
[08/28 10:58:17][INFO] utils.logging:   91: {"_type": "val_iter", "gpu_mem": "1.78 GB", "iter": "4300/10000", "top1_acc": 73.800001}
[08/28 10:58:42][INFO] utils.logging:   91: {"_type": "val_iter", "gpu_mem": "1.78 GB", "iter": "4400/10000", "top1_acc": 73.600001}
[08/28 10:59:07][INFO] utils.logging:   91: {"_type": "val_iter", "gpu_mem": "1.78 GB", "iter": "4500/10000", "top1_acc": 72.000002}
[08/28 10:59:31][INFO] utils.logging:   91: {"_type": "val_iter", "gpu_mem": "1.78 GB", "iter": "4600/10000", "top1_acc": 71.800002}
[08/28 10:59:56][INFO] utils.logging:   91: {"_type": "val_iter", "gpu_mem": "1.78 GB", "iter": "4700/10000", "top1_acc": 73.000001}
[08/28 11:00:20][INFO] utils.logging:   91: {"_type": "val_iter", "gpu_mem": "1.78 GB", "iter": "4800/10000", "top1_acc": 72.800001}
[08/28 11:00:45][INFO] utils.logging:   91: {"_type": "val_iter", "gpu_mem": "1.78 GB", "iter": "4900/10000", "top1_acc": 75.000001}
[08/28 11:01:08][INFO] utils.logging:   91: {"_type": "val_iter", "gpu_mem": "1.78 GB", "iter": "5000/10000", "top1_acc": 74.400002}
[08/28 11:01:28][INFO] utils.logging:   91: {"_type": "val_iter", "gpu_mem": "1.78 GB", "iter": "5100/10000", "top1_acc": 75.600002}
[08/28 11:01:48][INFO] utils.logging:   91: {"_type": "val_iter", "gpu_mem": "1.78 GB", "iter": "5200/10000", "top1_acc": 78.800001}
[08/28 11:02:07][INFO] utils.logging:   91: {"_type": "val_iter", "gpu_mem": "1.78 GB", "iter": "5300/10000", "top1_acc": 75.400001}
[08/28 11:02:20][INFO] utils.logging:   91: {"_type": "val_iter", "gpu_mem": "1.78 GB", "iter": "5400/10000", "top1_acc": 72.400001}
[08/28 11:02:32][INFO] utils.logging:   91: {"_type": "val_iter", "gpu_mem": "1.78 GB", "iter": "5500/10000", "top1_acc": 73.800002}
[08/28 11:02:44][INFO] utils.logging:   91: {"_type": "val_iter", "gpu_mem": "1.78 GB", "iter": "5600/10000", "top1_acc": 76.800002}
[08/28 11:02:56][INFO] utils.logging:   91: {"_type": "val_iter", "gpu_mem": "1.78 GB", "iter": "5700/10000", "top1_acc": 76.800001}
[08/28 11:03:08][INFO] utils.logging:   91: {"_type": "val_iter", "gpu_mem": "1.78 GB", "iter": "5800/10000", "top1_acc": 77.000001}
[08/28 11:03:31][INFO] utils.logging:   91: {"_type": "val_iter", "gpu_mem": "1.78 GB", "iter": "5900/10000", "top1_acc": 73.200002}
[08/28 11:03:56][INFO] utils.logging:   91: {"_type": "val_iter", "gpu_mem": "1.78 GB", "iter": "6000/10000", "top1_acc": 72.600001}
[08/28 11:04:20][INFO] utils.logging:   91: {"_type": "val_iter", "gpu_mem": "1.78 GB", "iter": "6100/10000", "top1_acc": 74.800002}
[08/28 11:04:45][INFO] utils.logging:   91: {"_type": "val_iter", "gpu_mem": "1.78 GB", "iter": "6200/10000", "top1_acc": 76.800001}
[08/28 11:05:10][INFO] utils.logging:   91: {"_type": "val_iter", "gpu_mem": "1.78 GB", "iter": "6300/10000", "top1_acc": 72.400002}
[08/28 11:05:34][INFO] utils.logging:   91: {"_type": "val_iter", "gpu_mem": "1.78 GB", "iter": "6400/10000", "top1_acc": 72.800002}
[08/28 11:05:59][INFO] utils.logging:   91: {"_type": "val_iter", "gpu_mem": "1.78 GB", "iter": "6500/10000", "top1_acc": 74.800002}
[08/28 11:06:23][INFO] utils.logging:   91: {"_type": "val_iter", "gpu_mem": "1.78 GB", "iter": "6600/10000", "top1_acc": 69.000002}
[08/28 11:06:48][INFO] utils.logging:   91: {"_type": "val_iter", "gpu_mem": "1.78 GB", "iter": "6700/10000", "top1_acc": 70.200001}
[08/28 11:07:13][INFO] utils.logging:   91: {"_type": "val_iter", "gpu_mem": "1.78 GB", "iter": "6800/10000", "top1_acc": 75.600001}
[08/28 11:07:37][INFO] utils.logging:   91: {"_type": "val_iter", "gpu_mem": "1.78 GB", "iter": "6900/10000", "top1_acc": 76.000001}
[08/28 11:08:02][INFO] utils.logging:   91: {"_type": "val_iter", "gpu_mem": "1.78 GB", "iter": "7000/10000", "top1_acc": 77.800002}
[08/28 11:08:27][INFO] utils.logging:   91: {"_type": "val_iter", "gpu_mem": "1.78 GB", "iter": "7100/10000", "top1_acc": 73.200001}
[08/28 11:08:54][INFO] utils.logging:   91: {"_type": "val_iter", "gpu_mem": "1.78 GB", "iter": "7200/10000", "top1_acc": 75.200002}
[08/28 11:09:25][INFO] utils.logging:   91: {"_type": "val_iter", "gpu_mem": "1.78 GB", "iter": "7300/10000", "top1_acc": 68.400001}
[08/28 11:09:49][INFO] utils.logging:   91: {"_type": "val_iter", "gpu_mem": "1.78 GB", "iter": "7400/10000", "top1_acc": 75.000002}
[08/28 11:10:13][INFO] utils.logging:   91: {"_type": "val_iter", "gpu_mem": "1.78 GB", "iter": "7500/10000", "top1_acc": 75.400001}
[08/28 11:10:37][INFO] utils.logging:   91: {"_type": "val_iter", "gpu_mem": "1.78 GB", "iter": "7600/10000", "top1_acc": 77.400001}
[08/28 11:11:01][INFO] utils.logging:   91: {"_type": "val_iter", "gpu_mem": "1.78 GB", "iter": "7700/10000", "top1_acc": 73.800002}
[08/28 11:11:26][INFO] utils.logging:   91: {"_type": "val_iter", "gpu_mem": "1.78 GB", "iter": "7800/10000", "top1_acc": 74.000002}
[08/28 11:11:49][INFO] utils.logging:   91: {"_type": "val_iter", "gpu_mem": "1.78 GB", "iter": "7900/10000", "top1_acc": 72.400001}
[08/28 11:12:13][INFO] utils.logging:   91: {"_type": "val_iter", "gpu_mem": "1.78 GB", "iter": "8000/10000", "top1_acc": 73.800001}
[08/28 11:12:44][INFO] utils.logging:   91: {"_type": "val_iter", "gpu_mem": "1.78 GB", "iter": "8100/10000", "top1_acc": 74.800001}
[08/28 11:13:07][INFO] utils.logging:   91: {"_type": "val_iter", "gpu_mem": "1.78 GB", "iter": "8200/10000", "top1_acc": 76.800002}
[08/28 11:13:32][INFO] utils.logging:   91: {"_type": "val_iter", "gpu_mem": "1.78 GB", "iter": "8300/10000", "top1_acc": 76.200001}
[08/28 11:13:56][INFO] utils.logging:   91: {"_type": "val_iter", "gpu_mem": "1.78 GB", "iter": "8400/10000", "top1_acc": 78.400002}
[08/28 11:14:20][INFO] utils.logging:   91: {"_type": "val_iter", "gpu_mem": "1.78 GB", "iter": "8500/10000", "top1_acc": 72.200002}
[08/28 11:14:43][INFO] utils.logging:   91: {"_type": "val_iter", "gpu_mem": "1.78 GB", "iter": "8600/10000", "top1_acc": 76.200002}
[08/28 11:15:07][INFO] utils.logging:   91: {"_type": "val_iter", "gpu_mem": "1.78 GB", "iter": "8700/10000", "top1_acc": 72.400002}
[08/28 11:15:31][INFO] utils.logging:   91: {"_type": "val_iter", "gpu_mem": "1.78 GB", "iter": "8800/10000", "top1_acc": 77.000002}
[08/28 11:15:55][INFO] utils.logging:   91: {"_type": "val_iter", "gpu_mem": "1.78 GB", "iter": "8900/10000", "top1_acc": 75.000001}
[08/28 11:16:23][INFO] utils.logging:   91: {"_type": "val_iter", "gpu_mem": "1.78 GB", "iter": "9000/10000", "top1_acc": 77.000002}
[08/28 11:16:47][INFO] utils.logging:   91: {"_type": "val_iter", "gpu_mem": "1.78 GB", "iter": "9100/10000", "top1_acc": 75.000002}
[08/28 11:17:11][INFO] utils.logging:   91: {"_type": "val_iter", "gpu_mem": "1.78 GB", "iter": "9200/10000", "top1_acc": 76.200001}
[08/28 11:17:34][INFO] utils.logging:   91: {"_type": "val_iter", "gpu_mem": "1.78 GB", "iter": "9300/10000", "top1_acc": 77.600001}
[08/28 11:17:58][INFO] utils.logging:   91: {"_type": "val_iter", "gpu_mem": "1.78 GB", "iter": "9400/10000", "top1_acc": 73.600002}
[08/28 11:18:22][INFO] utils.logging:   91: {"_type": "val_iter", "gpu_mem": "1.78 GB", "iter": "9500/10000", "top1_acc": 75.000002}
[08/28 11:18:46][INFO] utils.logging:   91: {"_type": "val_iter", "gpu_mem": "1.78 GB", "iter": "9600/10000", "top1_acc": 78.400001}
[08/28 11:19:11][INFO] utils.logging:   91: {"_type": "val_iter", "gpu_mem": "1.78 GB", "iter": "9700/10000", "top1_acc": 76.600002}
[08/28 11:19:35][INFO] utils.logging:   91: {"_type": "val_iter", "gpu_mem": "1.78 GB", "iter": "9800/10000", "top1_acc": 74.600001}
[08/28 11:20:00][INFO] utils.logging:   91: {"_type": "val_iter", "gpu_mem": "1.78 GB", "iter": "9900/10000", "top1_acc": 74.600001}
[08/28 11:20:24][INFO] utils.logging:   91: {"_type": "val_iter", "gpu_mem": "1.78 GB", "iter": "10000/10000", "top1_acc": 73.600002}
[08/28 11:20:24][INFO] utils.logging:   91: {"RAM": "92.54/125.63 GB", "_type": "val_epoch", "epoch": "2", "gpu_mem": "1.78 GB", "top1_acc": 74.694001}
[08/28 11:20:24][INFO] train_net_few_shot:  152: Validation accuracy 74.6940 did not improve best 74.9080 (1/0 evaluations without improvement).
[08/28 11:20:24][INFO] train_net_few_shot:  161: Early stopping at iteration 4000; best validation accuracy was 74.9080.
[08/28 11:20:24][INFO] utils.logging:   91: {"RAM": "89.41/125.63 GB", "_type": "train_epoch", "epoch": "7", "gpu_mem": "1.78 GB", "loss": 1.501710, "lr": 0.000500, "top1_acc": 90.967743}
