[08/11 09:05:36][INFO] __main__:  241: Config: config/frame_selector/ssv2_bimhm_cache.yaml
[08/11 09:05:36][INFO] __main__:  242: Cache dir: data/feat_cache/ssv2/ViT-B-16_T32
[08/11 09:05:36][INFO] __main__:  243: Tag: ViT-B-16_T32 | Storage: FP16
[08/11 09:05:36][INFO] __main__:  248: Loading ViT-B/16 on cuda...
[08/11 09:05:37][INFO] __main__:  256: Backbone loaded: 86,192,640 params (frozen)
[08/11 09:05:37][INFO] __main__:  261: Using specified splits: ['train', 'val', 'test']
[08/11 09:05:37][INFO] __main__:  101: [train] 67013 videos 鈫?extracting CLIP features...
[08/11 09:05:40][INFO] __main__:  152:   [train] 100/67013 (+100 / skipped 0 / err 0) | 29.4 v/s | ETA 0:37:59
[08/11 09:05:44][INFO] __main__:  152:   [train] 200/67013 (+200 / skipped 0 / err 0) | 30.8 v/s | ETA 0:36:10
[08/11 09:05:47][INFO] __main__:  152:   [train] 300/67013 (+300 / skipped 0 / err 0) | 31.3 v/s | ETA 0:35:32
[08/11 09:05:50][INFO] __main__:  152:   [train] 400/67013 (+400 / skipped 0 / err 0) | 31.5 v/s | ETA 0:35:12
[08/11 09:05:53][INFO] __main__:  152:   [train] 500/67013 (+500 / skipped 0 / err 0) | 31.7 v/s | ETA 0:35:00
[08/11 09:05:56][INFO] __main__:  152:   [train] 600/67013 (+600 / skipped 0 / err 0) | 31.8 v/s | ETA 0:34:50
[08/11 09:05:59][INFO] __main__:  152:   [train] 700/67013 (+700 / skipped 0 / err 0) | 31.8 v/s | ETA 0:34:43
[08/11 09:06:02][INFO] __main__:  152:   [train] 800/67013 (+800 / skipped 0 / err 0) | 31.9 v/s | ETA 0:34:37
[08/11 09:06:05][INFO] __main__:  152:   [train] 900/67013 (+900 / skipped 0 / err 0) | 31.9 v/s | ETA 0:34:31
[08/11 09:06:08][INFO] __main__:  152:   [train] 1000/67013 (+1000 / skipped 0 / err 0) | 31.9 v/s | ETA 0:34:27
[08/11 09:06:11][INFO] __main__:  152:   [train] 1100/67013 (+1100 / skipped 0 / err 0) | 32.0 v/s | ETA 0:34:22
[08/11 09:06:15][INFO] __main__:  152:   [train] 1200/67013 (+1200 / skipped 0 / err 0) | 32.0 v/s | ETA 0:34:17
[08/11 09:06:18][INFO] __main__:  152:   [train] 1300/67013 (+1300 / skipped 0 / err 0) | 32.0 v/s | ETA 0:34:13
[08/11 09:06:21][INFO] __main__:  152:   [train] 1400/67013 (+1400 / skipped 0 / err 0) | 32.0 v/s | ETA 0:34:09
[08/11 09:06:24][INFO] __main__:  152:   [train] 1500/67013 (+1500 / skipped 0 / err 0) | 32.0 v/s | ETA 0:34:05
[08/11 09:06:27][INFO] __main__:  152:   [train] 1600/67013 (+1600 / skipped 0 / err 0) | 32.0 v/s | ETA 0:34:02
[08/11 09:06:30][INFO] __main__:  152:   [train] 1700/67013 (+1700 / skipped 0 / err 0) | 32.0 v/s | ETA 0:33:58
[08/11 09:06:33][INFO] __main__:  152:   [train] 1800/67013 (+1800 / skipped 0 / err 0) | 32.0 v/s | ETA 0:33:54
[08/11 09:06:36][INFO] __main__:  152:   [train] 1900/67013 (+1900 / skipped 0 / err 0) | 32.1 v/s | ETA 0:33:51
[08/11 09:06:39][INFO] __main__:  152:   [train] 2000/67013 (+2000 / skipped 0 / err 0) | 32.1 v/s | ETA 0:33:47
[08/11 09:06:43][INFO] __main__:  152:   [train] 2100/67013 (+2100 / skipped 0 / err 0) | 32.1 v/s | ETA 0:33:44
[08/11 09:06:46][INFO] __main__:  152:   [train] 2200/67013 (+2200 / skipped 0 / err 0) | 32.1 v/s | ETA 0:33:40
[08/11 09:06:49][INFO] __main__:  152:   [train] 2300/67013 (+2300 / skipped 0 / err 0) | 32.1 v/s | ETA 0:33:37
[08/11 09:06:52][INFO] __main__:  152:   [train] 2400/67013 (+2400 / skipped 0 / err 0) | 32.1 v/s | ETA 0:33:34
[08/11 09:06:55][INFO] __main__:  152:   [train] 2500/67013 (+2500 / skipped 0 / err 0) | 32.1 v/s | ETA 0:33:31
[08/11 09:06:58][INFO] __main__:  152:   [train] 2600/67013 (+2600 / skipped 0 / err 0) | 32.1 v/s | ETA 0:33:27
[08/11 09:07:01][INFO] __main__:  152:   [train] 2700/67013 (+2700 / skipped 0 / err 0) | 32.1 v/s | ETA 0:33:24
[08/11 09:07:04][INFO] __main__:  152:   [train] 2800/67013 (+2800 / skipped 0 / err 0) | 32.1 v/s | ETA 0:33:21
[08/11 09:07:07][INFO] __main__:  152:   [train] 2900/67013 (+2900 / skipped 0 / err 0) | 32.1 v/s | ETA 0:33:18
[08/11 09:07:11][INFO] __main__:  152:   [train] 3000/67013 (+3000 / skipped 0 / err 0) | 32.1 v/s | ETA 0:33:14
[08/11 09:07:14][INFO] __main__:  152:   [train] 3100/67013 (+3100 / skipped 0 / err 0) | 32.1 v/s | ETA 0:33:11
[08/11 09:07:17][INFO] __main__:  152:   [train] 3200/67013 (+3200 / skipped 0 / err 0) | 32.1 v/s | ETA 0:33:08
[08/11 09:07:20][INFO] __main__:  152:   [train] 3300/67013 (+3300 / skipped 0 / err 0) | 32.1 v/s | ETA 0:33:05
[08/11 09:07:23][INFO] __main__:  152:   [train] 3400/67013 (+3400 / skipped 0 / err 0) | 32.1 v/s | ETA 0:33:02
[08/11 09:07:26][INFO] __main__:  152:   [train] 3500/67013 (+3500 / skipped 0 / err 0) | 32.1 v/s | ETA 0:32:59
[08/11 09:07:29][INFO] __main__:  152:   [train] 3600/67013 (+3600 / skipped 0 / err 0) | 32.1 v/s | ETA 0:32:56
[08/11 09:07:32][INFO] __main__:  152:   [train] 3700/67013 (+3700 / skipped 0 / err 0) | 32.1 v/s | ETA 0:32:53
[08/11 09:07:35][INFO] __main__:  152:   [train] 3800/67013 (+3800 / skipped 0 / err 0) | 32.1 v/s | ETA 0:32:49
[08/11 09:07:39][INFO] __main__:  152:   [train] 3900/67013 (+3900 / skipped 0 / err 0) | 32.1 v/s | ETA 0:32:46
[08/11 09:07:42][INFO] __main__:  152:   [train] 4000/67013 (+4000 / skipped 0 / err 0) | 32.1 v/s | ETA 0:32:43
[08/11 09:07:45][INFO] __main__:  152:   [train] 4100/67013 (+4100 / skipped 0 / err 0) | 32.1 v/s | ETA 0:32:40
[08/11 09:07:48][INFO] __main__:  152:   [train] 4200/67013 (+4200 / skipped 0 / err 0) | 32.1 v/s | ETA 0:32:37
[08/11 09:07:51][INFO] __main__:  152:   [train] 4300/67013 (+4300 / skipped 0 / err 0) | 32.1 v/s | ETA 0:32:34
[08/11 09:07:54][INFO] __main__:  152:   [train] 4400/67013 (+4400 / skipped 0 / err 0) | 32.1 v/s | ETA 0:32:31
[08/11 09:07:57][INFO] __main__:  152:   [train] 4500/67013 (+4500 / skipped 0 / err 0) | 32.1 v/s | ETA 0:32:28
[08/11 09:08:00][INFO] __main__:  152:   [train] 4600/67013 (+4600 / skipped 0 / err 0) | 32.1 v/s | ETA 0:32:24
[08/11 09:08:03][INFO] __main__:  152:   [train] 4700/67013 (+4700 / skipped 0 / err 0) | 32.1 v/s | ETA 0:32:21
[08/11 09:08:07][INFO] __main__:  152:   [train] 4800/67013 (+4800 / skipped 0 / err 0) | 32.1 v/s | ETA 0:32:18
[08/11 09:08:10][INFO] __main__:  152:   [train] 4900/67013 (+4900 / skipped 0 / err 0) | 32.1 v/s | ETA 0:32:15
[08/11 09:08:13][INFO] __main__:  152:   [train] 5000/67013 (+5000 / skipped 0 / err 0) | 32.1 v/s | ETA 0:32:12
[08/11 09:08:16][INFO] __main__:  152:   [train] 5100/67013 (+5100 / skipped 0 / err 0) | 32.1 v/s | ETA 0:32:09
[08/11 09:08:19][INFO] __main__:  152:   [train] 5200/67013 (+5200 / skipped 0 / err 0) | 32.1 v/s | ETA 0:32:05
[08/11 09:08:22][INFO] __main__:  152:   [train] 5300/67013 (+5300 / skipped 0 / err 0) | 32.1 v/s | ETA 0:32:02
[08/11 09:08:25][INFO] __main__:  152:   [train] 5400/67013 (+5400 / skipped 0 / err 0) | 32.1 v/s | ETA 0:31:59
[08/11 09:08:28][INFO] __main__:  152:   [train] 5500/67013 (+5500 / skipped 0 / err 0) | 32.1 v/s | ETA 0:31:56
[08/11 09:08:31][INFO] __main__:  152:   [train] 5600/67013 (+5600 / skipped 0 / err 0) | 32.1 v/s | ETA 0:31:53
[08/11 09:08:35][INFO] __main__:  152:   [train] 5700/67013 (+5700 / skipped 0 / err 0) | 32.1 v/s | ETA 0:31:50
[08/11 09:08:38][INFO] __main__:  152:   [train] 5800/67013 (+5800 / skipped 0 / err 0) | 32.1 v/s | ETA 0:31:47
[08/11 09:08:41][INFO] __main__:  152:   [train] 5900/67013 (+5900 / skipped 0 / err 0) | 32.1 v/s | ETA 0:31:43
[08/11 09:08:44][INFO] __main__:  152:   [train] 6000/67013 (+6000 / skipped 0 / err 0) | 32.1 v/s | ETA 0:31:40
[08/11 09:08:47][INFO] __main__:  152:   [train] 6100/67013 (+6100 / skipped 0 / err 0) | 32.1 v/s | ETA 0:31:37
[08/11 09:08:50][INFO] __main__:  152:   [train] 6200/67013 (+6200 / skipped 0 / err 0) | 32.1 v/s | ETA 0:31:34
[08/11 09:08:53][INFO] __main__:  152:   [train] 6300/67013 (+6300 / skipped 0 / err 0) | 32.1 v/s | ETA 0:31:31
[08/11 09:08:56][INFO] __main__:  152:   [train] 6400/67013 (+6400 / skipped 0 / err 0) | 32.1 v/s | ETA 0:31:28
[08/11 09:09:00][INFO] __main__:  152:   [train] 6500/67013 (+6500 / skipped 0 / err 0) | 32.1 v/s | ETA 0:31:25
[08/11 09:09:03][INFO] __main__:  152:   [train] 6600/67013 (+6600 / skipped 0 / err 0) | 32.1 v/s | ETA 0:31:22
[08/11 09:09:06][INFO] __main__:  152:   [train] 6700/67013 (+6700 / skipped 0 / err 0) | 32.1 v/s | ETA 0:31:18
[08/11 09:09:09][INFO] __main__:  152:   [train] 6800/67013 (+6800 / skipped 0 / err 0) | 32.1 v/s | ETA 0:31:15
[08/11 09:09:12][INFO] __main__:  152:   [train] 6900/67013 (+6900 / skipped 0 / err 0) | 32.1 v/s | ETA 0:31:12
[08/11 09:09:15][INFO] __main__:  152:   [train] 7000/67013 (+7000 / skipped 0 / err 0) | 32.1 v/s | ETA 0:31:09
[08/11 09:09:18][INFO] __main__:  152:   [train] 7100/67013 (+7100 / skipped 0 / err 0) | 32.1 v/s | ETA 0:31:06
[08/11 09:09:21][INFO] __main__:  152:   [train] 7200/67013 (+7200 / skipped 0 / err 0) | 32.1 v/s | ETA 0:31:03
[08/11 09:09:24][INFO] __main__:  152:   [train] 7300/67013 (+7300 / skipped 0 / err 0) | 32.1 v/s | ETA 0:31:00
[08/11 09:09:28][INFO] __main__:  152:   [train] 7400/67013 (+7400 / skipped 0 / err 0) | 32.1 v/s | ETA 0:30:56
[08/11 09:09:31][INFO] __main__:  152:   [train] 7500/67013 (+7500 / skipped 0 / err 0) | 32.1 v/s | ETA 0:30:53
[08/11 09:09:34][INFO] __main__:  152:   [train] 7600/67013 (+7600 / skipped 0 / err 0) | 32.1 v/s | ETA 0:30:50
[08/11 09:09:37][INFO] __main__:  152:   [train] 7700/67013 (+7700 / skipped 0 / err 0) | 32.1 v/s | ETA 0:30:47
[08/11 09:09:40][INFO] __main__:  152:   [train] 7800/67013 (+7800 / skipped 0 / err 0) | 32.1 v/s | ETA 0:30:44
[08/11 09:09:43][INFO] __main__:  152:   [train] 7900/67013 (+7900 / skipped 0 / err 0) | 32.1 v/s | ETA 0:30:41
[08/11 09:09:46][INFO] __main__:  152:   [train] 8000/67013 (+8000 / skipped 0 / err 0) | 32.1 v/s | ETA 0:30:38
[08/11 09:09:49][INFO] __main__:  152:   [train] 8100/67013 (+8100 / skipped 0 / err 0) | 32.1 v/s | ETA 0:30:35
[08/11 09:09:52][INFO] __main__:  152:   [train] 8200/67013 (+8200 / skipped 0 / err 0) | 32.1 v/s | ETA 0:30:31
[08/11 09:09:56][INFO] __main__:  152:   [train] 8300/67013 (+8300 / skipped 0 / err 0) | 32.1 v/s | ETA 0:30:28
[08/11 09:09:59][INFO] __main__:  152:   [train] 8400/67013 (+8400 / skipped 0 / err 0) | 32.1 v/s | ETA 0:30:25
[08/11 09:10:02][INFO] __main__:  152:   [train] 8500/67013 (+8500 / skipped 0 / err 0) | 32.1 v/s | ETA 0:30:22
[08/11 09:10:05][INFO] __main__:  152:   [train] 8600/67013 (+8600 / skipped 0 / err 0) | 32.1 v/s | ETA 0:30:19
[08/11 09:10:08][INFO] __main__:  152:   [train] 8700/67013 (+8700 / skipped 0 / err 0) | 32.1 v/s | ETA 0:30:16
[08/11 09:10:11][INFO] __main__:  152:   [train] 8800/67013 (+8800 / skipped 0 / err 0) | 32.1 v/s | ETA 0:30:13
[08/11 09:10:14][INFO] __main__:  152:   [train] 8900/67013 (+8900 / skipped 0 / err 0) | 32.1 v/s | ETA 0:30:09
[08/11 09:10:17][INFO] __main__:  152:   [train] 9000/67013 (+9000 / skipped 0 / err 0) | 32.1 v/s | ETA 0:30:06
[08/11 09:10:20][INFO] __main__:  152:   [train] 9100/67013 (+9100 / skipped 0 / err 0) | 32.1 v/s | ETA 0:30:03
[08/11 09:10:24][INFO] __main__:  152:   [train] 9200/67013 (+9200 / skipped 0 / err 0) | 32.1 v/s | ETA 0:30:00
[08/11 09:10:27][INFO] __main__:  152:   [train] 9300/67013 (+9300 / skipped 0 / err 0) | 32.1 v/s | ETA 0:29:57
[08/11 09:10:30][INFO] __main__:  152:   [train] 9400/67013 (+9400 / skipped 0 / err 0) | 32.1 v/s | ETA 0:29:54
[08/11 09:10:33][INFO] __main__:  152:   [train] 9500/67013 (+9500 / skipped 0 / err 0) | 32.1 v/s | ETA 0:29:51
[08/11 09:10:36][INFO] __main__:  152:   [train] 9600/67013 (+9600 / skipped 0 / err 0) | 32.1 v/s | ETA 0:29:48
[08/11 09:10:39][INFO] __main__:  152:   [train] 9700/67013 (+9700 / skipped 0 / err 0) | 32.1 v/s | ETA 0:29:44
[08/11 09:10:42][INFO] __main__:  152:   [train] 9800/67013 (+9800 / skipped 0 / err 0) | 32.1 v/s | ETA 0:29:41
[08/11 09:10:45][INFO] __main__:  152:   [train] 9900/67013 (+9900 / skipped 0 / err 0) | 32.1 v/s | ETA 0:29:38
[08/11 09:10:48][INFO] __main__:  152:   [train] 10000/67013 (+10000 / skipped 0 / err 0) | 32.1 v/s | ETA 0:29:35
[08/11 09:10:52][INFO] __main__:  152:   [train] 10100/67013 (+10100 / skipped 0 / err 0) | 32.1 v/s | ETA 0:29:32
[08/11 09:10:55][INFO] __main__:  152:   [train] 10200/67013 (+10200 / skipped 0 / err 0) | 32.1 v/s | ETA 0:29:29
[08/11 09:10:58][INFO] __main__:  152:   [train] 10300/67013 (+10300 / skipped 0 / err 0) | 32.1 v/s | ETA 0:29:26
[08/11 09:11:01][INFO] __main__:  152:   [train] 10400/67013 (+10400 / skipped 0 / err 0) | 32.1 v/s | ETA 0:29:22
[08/11 09:11:04][INFO] __main__:  152:   [train] 10500/67013 (+10500 / skipped 0 / err 0) | 32.1 v/s | ETA 0:29:19
[08/11 09:11:07][INFO] __main__:  152:   [train] 10600/67013 (+10600 / skipped 0 / err 0) | 32.1 v/s | ETA 0:29:16
[08/11 09:11:10][INFO] __main__:  152:   [train] 10700/67013 (+10700 / skipped 0 / err 0) | 32.1 v/s | ETA 0:29:13
[08/11 09:11:13][INFO] __main__:  152:   [train] 10800/67013 (+10800 / skipped 0 / err 0) | 32.1 v/s | ETA 0:29:10
[08/11 09:11:16][INFO] __main__:  152:   [train] 10900/67013 (+10900 / skipped 0 / err 0) | 32.1 v/s | ETA 0:29:07
[08/11 09:11:20][INFO] __main__:  152:   [train] 11000/67013 (+11000 / skipped 0 / err 0) | 32.1 v/s | ETA 0:29:04
[08/11 09:11:23][INFO] __main__:  152:   [train] 11100/67013 (+11100 / skipped 0 / err 0) | 32.1 v/s | ETA 0:29:01
[08/11 09:11:26][INFO] __main__:  152:   [train] 11200/67013 (+11200 / skipped 0 / err 0) | 32.1 v/s | ETA 0:28:57
[08/11 09:11:29][INFO] __main__:  152:   [train] 11300/67013 (+11300 / skipped 0 / err 0) | 32.1 v/s | ETA 0:28:54
[08/11 09:11:32][INFO] __main__:  152:   [train] 11400/67013 (+11400 / skipped 0 / err 0) | 32.1 v/s | ETA 0:28:51
[08/11 09:11:35][INFO] __main__:  152:   [train] 11500/67013 (+11500 / skipped 0 / err 0) | 32.1 v/s | ETA 0:28:48
[08/11 09:11:38][INFO] __main__:  152:   [train] 11600/67013 (+11600 / skipped 0 / err 0) | 32.1 v/s | ETA 0:28:45
[08/11 09:11:41][INFO] __main__:  152:   [train] 11700/67013 (+11700 / skipped 0 / err 0) | 32.1 v/s | ETA 0:28:42
[08/11 09:11:44][INFO] __main__:  152:   [train] 11800/67013 (+11800 / skipped 0 / err 0) | 32.1 v/s | ETA 0:28:39
[08/11 09:11:48][INFO] __main__:  152:   [train] 11900/67013 (+11900 / skipped 0 / err 0) | 32.1 v/s | ETA 0:28:36
[08/11 09:11:51][INFO] __main__:  152:   [train] 12000/67013 (+12000 / skipped 0 / err 0) | 32.1 v/s | ETA 0:28:32
[08/11 09:11:54][INFO] __main__:  152:   [train] 12100/67013 (+12100 / skipped 0 / err 0) | 32.1 v/s | ETA 0:28:29
[08/11 09:11:57][INFO] __main__:  152:   [train] 12200/67013 (+12200 / skipped 0 / err 0) | 32.1 v/s | ETA 0:28:26
[08/11 09:12:00][INFO] __main__:  152:   [train] 12300/67013 (+12300 / skipped 0 / err 0) | 32.1 v/s | ETA 0:28:23
[08/11 09:12:03][INFO] __main__:  152:   [train] 12400/67013 (+12400 / skipped 0 / err 0) | 32.1 v/s | ETA 0:28:20
[08/11 09:12:06][INFO] __main__:  152:   [train] 12500/67013 (+12500 / skipped 0 / err 0) | 32.1 v/s | ETA 0:28:17
[08/11 09:12:09][INFO] __main__:  152:   [train] 12600/67013 (+12600 / skipped 0 / err 0) | 32.1 v/s | ETA 0:28:14
[08/11 09:12:12][INFO] __main__:  152:   [train] 12700/67013 (+12700 / skipped 0 / err 0) | 32.1 v/s | ETA 0:28:10
[08/11 09:12:16][INFO] __main__:  152:   [train] 12800/67013 (+12800 / skipped 0 / err 0) | 32.1 v/s | ETA 0:28:07
[08/11 09:12:19][INFO] __main__:  152:   [train] 12900/67013 (+12900 / skipped 0 / err 0) | 32.1 v/s | ETA 0:28:04
[08/11 09:12:22][INFO] __main__:  152:   [train] 13000/67013 (+13000 / skipped 0 / err 0) | 32.1 v/s | ETA 0:28:01
[08/11 09:12:25][INFO] __main__:  152:   [train] 13100/67013 (+13100 / skipped 0 / err 0) | 32.1 v/s | ETA 0:27:58
[08/11 09:12:28][INFO] __main__:  152:   [train] 13200/67013 (+13200 / skipped 0 / err 0) | 32.1 v/s | ETA 0:27:55
[08/11 09:12:31][INFO] __main__:  152:   [train] 13300/67013 (+13300 / skipped 0 / err 0) | 32.1 v/s | ETA 0:27:52
[08/11 09:12:34][INFO] __main__:  152:   [train] 13400/67013 (+13400 / skipped 0 / err 0) | 32.1 v/s | ETA 0:27:49
[08/11 09:12:37][INFO] __main__:  152:   [train] 13500/67013 (+13500 / skipped 0 / err 0) | 32.1 v/s | ETA 0:27:45
[08/11 09:12:40][INFO] __main__:  152:   [train] 13600/67013 (+13600 / skipped 0 / err 0) | 32.1 v/s | ETA 0:27:42
[08/11 09:12:44][INFO] __main__:  152:   [train] 13700/67013 (+13700 / skipped 0 / err 0) | 32.1 v/s | ETA 0:27:39
[08/11 09:12:47][INFO] __main__:  152:   [train] 13800/67013 (+13800 / skipped 0 / err 0) | 32.1 v/s | ETA 0:27:36
[08/11 09:12:50][INFO] __main__:  152:   [train] 13900/67013 (+13900 / skipped 0 / err 0) | 32.1 v/s | ETA 0:27:33
[08/11 09:12:53][INFO] __main__:  152:   [train] 14000/67013 (+14000 / skipped 0 / err 0) | 32.1 v/s | ETA 0:27:30
[08/11 09:12:56][INFO] __main__:  152:   [train] 14100/67013 (+14100 / skipped 0 / err 0) | 32.1 v/s | ETA 0:27:27
[08/11 09:12:59][INFO] __main__:  152:   [train] 14200/67013 (+14200 / skipped 0 / err 0) | 32.1 v/s | ETA 0:27:24
[08/11 09:13:02][INFO] __main__:  152:   [train] 14300/67013 (+14300 / skipped 0 / err 0) | 32.1 v/s | ETA 0:27:21
[08/11 09:13:05][INFO] __main__:  152:   [train] 14400/67013 (+14400 / skipped 0 / err 0) | 32.1 v/s | ETA 0:27:17
[08/11 09:13:08][INFO] __main__:  152:   [train] 14500/67013 (+14500 / skipped 0 / err 0) | 32.1 v/s | ETA 0:27:14
[08/11 09:13:12][INFO] __main__:  152:   [train] 14600/67013 (+14600 / skipped 0 / err 0) | 32.1 v/s | ETA 0:27:11
[08/11 09:13:15][INFO] __main__:  152:   [train] 14700/67013 (+14700 / skipped 0 / err 0) | 32.1 v/s | ETA 0:27:08
[08/11 09:13:18][INFO] __main__:  152:   [train] 14800/67013 (+14800 / skipped 0 / err 0) | 32.1 v/s | ETA 0:27:05
[08/11 09:13:21][INFO] __main__:  152:   [train] 14900/67013 (+14900 / skipped 0 / err 0) | 32.1 v/s | ETA 0:27:02
[08/11 09:13:24][INFO] __main__:  152:   [train] 15000/67013 (+15000 / skipped 0 / err 0) | 32.1 v/s | ETA 0:26:59
[08/11 09:13:27][INFO] __main__:  152:   [train] 15100/67013 (+15100 / skipped 0 / err 0) | 32.1 v/s | ETA 0:26:56
[08/11 09:13:30][INFO] __main__:  152:   [train] 15200/67013 (+15200 / skipped 0 / err 0) | 32.1 v/s | ETA 0:26:52
[08/11 09:13:33][INFO] __main__:  152:   [train] 15300/67013 (+15300 / skipped 0 / err 0) | 32.1 v/s | ETA 0:26:49
[08/11 09:13:36][INFO] __main__:  152:   [train] 15400/67013 (+15400 / skipped 0 / err 0) | 32.1 v/s | ETA 0:26:46
[08/11 09:13:40][INFO] __main__:  152:   [train] 15500/67013 (+15500 / skipped 0 / err 0) | 32.1 v/s | ETA 0:26:43
[08/11 09:13:43][INFO] __main__:  152:   [train] 15600/67013 (+15600 / skipped 0 / err 0) | 32.1 v/s | ETA 0:26:40
[08/11 09:13:46][INFO] __main__:  152:   [train] 15700/67013 (+15700 / skipped 0 / err 0) | 32.1 v/s | ETA 0:26:37
[08/11 09:13:49][INFO] __main__:  152:   [train] 15800/67013 (+15800 / skipped 0 / err 0) | 32.1 v/s | ETA 0:26:34
[08/11 09:13:52][INFO] __main__:  152:   [train] 15900/67013 (+15900 / skipped 0 / err 0) | 32.1 v/s | ETA 0:26:31
[08/11 09:13:55][INFO] __main__:  152:   [train] 16000/67013 (+16000 / skipped 0 / err 0) | 32.1 v/s | ETA 0:26:27
[08/11 09:13:58][INFO] __main__:  152:   [train] 16100/67013 (+16100 / skipped 0 / err 0) | 32.1 v/s | ETA 0:26:24
[08/11 09:14:01][INFO] __main__:  152:   [train] 16200/67013 (+16200 / skipped 0 / err 0) | 32.1 v/s | ETA 0:26:21
[08/11 09:14:04][INFO] __main__:  152:   [train] 16300/67013 (+16300 / skipped 0 / err 0) | 32.1 v/s | ETA 0:26:18
[08/11 09:14:08][INFO] __main__:  152:   [train] 16400/67013 (+16400 / skipped 0 / err 0) | 32.1 v/s | ETA 0:26:15
[08/11 09:14:11][INFO] __main__:  152:   [train] 16500/67013 (+16500 / skipped 0 / err 0) | 32.1 v/s | ETA 0:26:12
[08/11 09:14:14][INFO] __main__:  152:   [train] 16600/67013 (+16600 / skipped 0 / err 0) | 32.1 v/s | ETA 0:26:09
[08/11 09:14:17][INFO] __main__:  152:   [train] 16700/67013 (+16700 / skipped 0 / err 0) | 32.1 v/s | ETA 0:26:06
[08/11 09:14:20][INFO] __main__:  152:   [train] 16800/67013 (+16800 / skipped 0 / err 0) | 32.1 v/s | ETA 0:26:03
[08/11 09:14:23][INFO] __main__:  152:   [train] 16900/67013 (+16900 / skipped 0 / err 0) | 32.1 v/s | ETA 0:25:59
[08/11 09:14:26][INFO] __main__:  152:   [train] 17000/67013 (+17000 / skipped 0 / err 0) | 32.1 v/s | ETA 0:25:56
[08/11 09:14:29][INFO] __main__:  152:   [train] 17100/67013 (+17100 / skipped 0 / err 0) | 32.1 v/s | ETA 0:25:53
[08/11 09:14:32][INFO] __main__:  152:   [train] 17200/67013 (+17200 / skipped 0 / err 0) | 32.1 v/s | ETA 0:25:50
[08/11 09:14:36][INFO] __main__:  152:   [train] 17300/67013 (+17300 / skipped 0 / err 0) | 32.1 v/s | ETA 0:25:47
[08/11 09:14:39][INFO] __main__:  152:   [train] 17400/67013 (+17400 / skipped 0 / err 0) | 32.1 v/s | ETA 0:25:44
[08/11 09:14:42][INFO] __main__:  152:   [train] 17500/67013 (+17500 / skipped 0 / err 0) | 32.1 v/s | ETA 0:25:41
[08/11 09:14:45][INFO] __main__:  152:   [train] 17600/67013 (+17600 / skipped 0 / err 0) | 32.1 v/s | ETA 0:25:38
[08/11 09:14:48][INFO] __main__:  152:   [train] 17700/67013 (+17700 / skipped 0 / err 0) | 32.1 v/s | ETA 0:25:34
[08/11 09:14:51][INFO] __main__:  152:   [train] 17800/67013 (+17800 / skipped 0 / err 0) | 32.1 v/s | ETA 0:25:31
[08/11 09:14:54][INFO] __main__:  152:   [train] 17900/67013 (+17900 / skipped 0 / err 0) | 32.1 v/s | ETA 0:25:28
[08/11 09:14:57][INFO] __main__:  152:   [train] 18000/67013 (+18000 / skipped 0 / err 0) | 32.1 v/s | ETA 0:25:25
[08/11 09:15:00][INFO] __main__:  152:   [train] 18100/67013 (+18100 / skipped 0 / err 0) | 32.1 v/s | ETA 0:25:22
[08/11 09:15:04][INFO] __main__:  152:   [train] 18200/67013 (+18200 / skipped 0 / err 0) | 32.1 v/s | ETA 0:25:19
[08/11 09:15:07][INFO] __main__:  152:   [train] 18300/67013 (+18300 / skipped 0 / err 0) | 32.1 v/s | ETA 0:25:16
[08/11 09:15:10][INFO] __main__:  152:   [train] 18400/67013 (+18400 / skipped 0 / err 0) | 32.1 v/s | ETA 0:25:13
[08/11 09:15:13][INFO] __main__:  152:   [train] 18500/67013 (+18500 / skipped 0 / err 0) | 32.1 v/s | ETA 0:25:10
[08/11 09:15:16][INFO] __main__:  152:   [train] 18600/67013 (+18600 / skipped 0 / err 0) | 32.1 v/s | ETA 0:25:06
[08/11 09:15:19][INFO] __main__:  152:   [train] 18700/67013 (+18700 / skipped 0 / err 0) | 32.1 v/s | ETA 0:25:03
[08/11 09:15:22][INFO] __main__:  152:   [train] 18800/67013 (+18800 / skipped 0 / err 0) | 32.1 v/s | ETA 0:25:00
[08/11 09:15:25][INFO] __main__:  152:   [train] 18900/67013 (+18900 / skipped 0 / err 0) | 32.1 v/s | ETA 0:24:57
[08/11 09:15:28][INFO] __main__:  152:   [train] 19000/67013 (+19000 / skipped 0 / err 0) | 32.1 v/s | ETA 0:24:54
[08/11 09:15:32][INFO] __main__:  152:   [train] 19100/67013 (+19100 / skipped 0 / err 0) | 32.1 v/s | ETA 0:24:51
[08/11 09:15:35][INFO] __main__:  152:   [train] 19200/67013 (+19200 / skipped 0 / err 0) | 32.1 v/s | ETA 0:24:48
[08/11 09:15:38][INFO] __main__:  152:   [train] 19300/67013 (+19300 / skipped 0 / err 0) | 32.1 v/s | ETA 0:24:45
[08/11 09:15:41][INFO] __main__:  152:   [train] 19400/67013 (+19400 / skipped 0 / err 0) | 32.1 v/s | ETA 0:24:41
[08/11 09:15:44][INFO] __main__:  152:   [train] 19500/67013 (+19500 / skipped 0 / err 0) | 32.1 v/s | ETA 0:24:38
[08/11 09:15:47][INFO] __main__:  152:   [train] 19600/67013 (+19600 / skipped 0 / err 0) | 32.1 v/s | ETA 0:24:35
[08/11 09:15:50][INFO] __main__:  152:   [train] 19700/67013 (+19700 / skipped 0 / err 0) | 32.1 v/s | ETA 0:24:32
[08/11 09:15:53][INFO] __main__:  152:   [train] 19800/67013 (+19800 / skipped 0 / err 0) | 32.1 v/s | ETA 0:24:29
[08/11 09:15:56][INFO] __main__:  152:   [train] 19900/67013 (+19900 / skipped 0 / err 0) | 32.1 v/s | ETA 0:24:26
[08/11 09:16:00][INFO] __main__:  152:   [train] 20000/67013 (+20000 / skipped 0 / err 0) | 32.1 v/s | ETA 0:24:23
[08/11 09:16:03][INFO] __main__:  152:   [train] 20100/67013 (+20100 / skipped 0 / err 0) | 32.1 v/s | ETA 0:24:20
[08/11 09:16:06][INFO] __main__:  152:   [train] 20200/67013 (+20200 / skipped 0 / err 0) | 32.1 v/s | ETA 0:24:17
[08/11 09:16:09][INFO] __main__:  152:   [train] 20300/67013 (+20300 / skipped 0 / err 0) | 32.1 v/s | ETA 0:24:13
[08/11 09:16:12][INFO] __main__:  152:   [train] 20400/67013 (+20400 / skipped 0 / err 0) | 32.1 v/s | ETA 0:24:10
[08/11 09:16:15][INFO] __main__:  152:   [train] 20500/67013 (+20500 / skipped 0 / err 0) | 32.1 v/s | ETA 0:24:07
[08/11 09:16:18][INFO] __main__:  152:   [train] 20600/67013 (+20600 / skipped 0 / err 0) | 32.1 v/s | ETA 0:24:04
[08/11 09:16:21][INFO] __main__:  152:   [train] 20700/67013 (+20700 / skipped 0 / err 0) | 32.1 v/s | ETA 0:24:01
[08/11 09:16:24][INFO] __main__:  152:   [train] 20800/67013 (+20800 / skipped 0 / err 0) | 32.1 v/s | ETA 0:23:58
[08/11 09:16:28][INFO] __main__:  152:   [train] 20900/67013 (+20900 / skipped 0 / err 0) | 32.1 v/s | ETA 0:23:55
[08/11 09:16:31][INFO] __main__:  152:   [train] 21000/67013 (+21000 / skipped 0 / err 0) | 32.1 v/s | ETA 0:23:52
[08/11 09:16:34][INFO] __main__:  152:   [train] 21100/67013 (+21100 / skipped 0 / err 0) | 32.1 v/s | ETA 0:23:49
[08/11 09:16:37][INFO] __main__:  152:   [train] 21200/67013 (+21200 / skipped 0 / err 0) | 32.1 v/s | ETA 0:23:45
[08/11 09:16:40][INFO] __main__:  152:   [train] 21300/67013 (+21300 / skipped 0 / err 0) | 32.1 v/s | ETA 0:23:42
[08/11 09:16:43][INFO] __main__:  152:   [train] 21400/67013 (+21400 / skipped 0 / err 0) | 32.1 v/s | ETA 0:23:39
[08/11 09:16:46][INFO] __main__:  152:   [train] 21500/67013 (+21500 / skipped 0 / err 0) | 32.1 v/s | ETA 0:23:36
[08/11 09:16:49][INFO] __main__:  152:   [train] 21600/67013 (+21600 / skipped 0 / err 0) | 32.1 v/s | ETA 0:23:33
[08/11 09:16:52][INFO] __main__:  152:   [train] 21700/67013 (+21700 / skipped 0 / err 0) | 32.1 v/s | ETA 0:23:30
[08/11 09:16:56][INFO] __main__:  152:   [train] 21800/67013 (+21800 / skipped 0 / err 0) | 32.1 v/s | ETA 0:23:27
[08/11 09:16:59][INFO] __main__:  152:   [train] 21900/67013 (+21900 / skipped 0 / err 0) | 32.1 v/s | ETA 0:23:24
[08/11 09:17:02][INFO] __main__:  152:   [train] 22000/67013 (+22000 / skipped 0 / err 0) | 32.1 v/s | ETA 0:23:20
[08/11 09:17:05][INFO] __main__:  152:   [train] 22100/67013 (+22100 / skipped 0 / err 0) | 32.1 v/s | ETA 0:23:17
[08/11 09:17:08][INFO] __main__:  152:   [train] 22200/67013 (+22200 / skipped 0 / err 0) | 32.1 v/s | ETA 0:23:14
[08/11 09:17:11][INFO] __main__:  152:   [train] 22300/67013 (+22300 / skipped 0 / err 0) | 32.1 v/s | ETA 0:23:11
[08/11 09:17:14][INFO] __main__:  152:   [train] 22400/67013 (+22400 / skipped 0 / err 0) | 32.1 v/s | ETA 0:23:08
[08/11 09:17:17][INFO] __main__:  152:   [train] 22500/67013 (+22500 / skipped 0 / err 0) | 32.1 v/s | ETA 0:23:05
[08/11 09:17:20][INFO] __main__:  152:   [train] 22600/67013 (+22600 / skipped 0 / err 0) | 32.1 v/s | ETA 0:23:02
[08/11 09:17:24][INFO] __main__:  152:   [train] 22700/67013 (+22700 / skipped 0 / err 0) | 32.1 v/s | ETA 0:22:59
[08/11 09:17:27][INFO] __main__:  152:   [train] 22800/67013 (+22800 / skipped 0 / err 0) | 32.1 v/s | ETA 0:22:56
[08/11 09:17:30][INFO] __main__:  152:   [train] 22900/67013 (+22900 / skipped 0 / err 0) | 32.1 v/s | ETA 0:22:52
[08/11 09:17:33][INFO] __main__:  152:   [train] 23000/67013 (+23000 / skipped 0 / err 0) | 32.1 v/s | ETA 0:22:49
[08/11 09:17:36][INFO] __main__:  152:   [train] 23100/67013 (+23100 / skipped 0 / err 0) | 32.1 v/s | ETA 0:22:46
[08/11 09:17:39][INFO] __main__:  152:   [train] 23200/67013 (+23200 / skipped 0 / err 0) | 32.1 v/s | ETA 0:22:43
[08/11 09:17:42][INFO] __main__:  152:   [train] 23300/67013 (+23300 / skipped 0 / err 0) | 32.1 v/s | ETA 0:22:40
[08/11 09:17:45][INFO] __main__:  152:   [train] 23400/67013 (+23400 / skipped 0 / err 0) | 32.1 v/s | ETA 0:22:37
[08/11 09:17:48][INFO] __main__:  152:   [train] 23500/67013 (+23500 / skipped 0 / err 0) | 32.1 v/s | ETA 0:22:34
[08/11 09:17:52][INFO] __main__:  152:   [train] 23600/67013 (+23600 / skipped 0 / err 0) | 32.1 v/s | ETA 0:22:31
[08/11 09:17:55][INFO] __main__:  152:   [train] 23700/67013 (+23700 / skipped 0 / err 0) | 32.1 v/s | ETA 0:22:28
[08/11 09:17:58][INFO] __main__:  152:   [train] 23800/67013 (+23800 / skipped 0 / err 0) | 32.1 v/s | ETA 0:22:24
[08/11 09:18:01][INFO] __main__:  152:   [train] 23900/67013 (+23900 / skipped 0 / err 0) | 32.1 v/s | ETA 0:22:21
[08/11 09:18:04][INFO] __main__:  152:   [train] 24000/67013 (+24000 / skipped 0 / err 0) | 32.1 v/s | ETA 0:22:18
[08/11 09:18:07][INFO] __main__:  152:   [train] 24100/67013 (+24100 / skipped 0 / err 0) | 32.1 v/s | ETA 0:22:15
[08/11 09:18:10][INFO] __main__:  152:   [train] 24200/67013 (+24200 / skipped 0 / err 0) | 32.1 v/s | ETA 0:22:12
[08/11 09:18:13][INFO] __main__:  152:   [train] 24300/67013 (+24300 / skipped 0 / err 0) | 32.1 v/s | ETA 0:22:09
[08/11 09:18:16][INFO] __main__:  152:   [train] 24400/67013 (+24400 / skipped 0 / err 0) | 32.1 v/s | ETA 0:22:06
[08/11 09:18:20][INFO] __main__:  152:   [train] 24500/67013 (+24500 / skipped 0 / err 0) | 32.1 v/s | ETA 0:22:03
[08/11 09:18:23][INFO] __main__:  152:   [train] 24600/67013 (+24600 / skipped 0 / err 0) | 32.1 v/s | ETA 0:22:00
[08/11 09:18:26][INFO] __main__:  152:   [train] 24700/67013 (+24700 / skipped 0 / err 0) | 32.1 v/s | ETA 0:21:56
[08/11 09:18:29][INFO] __main__:  152:   [train] 24800/67013 (+24800 / skipped 0 / err 0) | 32.1 v/s | ETA 0:21:53
[08/11 09:18:32][INFO] __main__:  152:   [train] 24900/67013 (+24900 / skipped 0 / err 0) | 32.1 v/s | ETA 0:21:50
[08/11 09:18:35][INFO] __main__:  152:   [train] 25000/67013 (+25000 / skipped 0 / err 0) | 32.1 v/s | ETA 0:21:47
[08/11 09:18:38][INFO] __main__:  152:   [train] 25100/67013 (+25100 / skipped 0 / err 0) | 32.1 v/s | ETA 0:21:44
[08/11 09:18:41][INFO] __main__:  152:   [train] 25200/67013 (+25200 / skipped 0 / err 0) | 32.1 v/s | ETA 0:21:41
[08/11 09:18:44][INFO] __main__:  152:   [train] 25300/67013 (+25300 / skipped 0 / err 0) | 32.1 v/s | ETA 0:21:38
[08/11 09:18:48][INFO] __main__:  152:   [train] 25400/67013 (+25400 / skipped 0 / err 0) | 32.1 v/s | ETA 0:21:35
[08/11 09:18:51][INFO] __main__:  152:   [train] 25500/67013 (+25500 / skipped 0 / err 0) | 32.1 v/s | ETA 0:21:31
[08/11 09:18:54][INFO] __main__:  152:   [train] 25600/67013 (+25600 / skipped 0 / err 0) | 32.1 v/s | ETA 0:21:28
[08/11 09:18:57][INFO] __main__:  152:   [train] 25700/67013 (+25700 / skipped 0 / err 0) | 32.1 v/s | ETA 0:21:25
[08/11 09:19:00][INFO] __main__:  152:   [train] 25800/67013 (+25800 / skipped 0 / err 0) | 32.1 v/s | ETA 0:21:22
[08/11 09:19:03][INFO] __main__:  152:   [train] 25900/67013 (+25900 / skipped 0 / err 0) | 32.1 v/s | ETA 0:21:19
[08/11 09:19:06][INFO] __main__:  152:   [train] 26000/67013 (+26000 / skipped 0 / err 0) | 32.1 v/s | ETA 0:21:16
[08/11 09:19:09][INFO] __main__:  152:   [train] 26100/67013 (+26100 / skipped 0 / err 0) | 32.1 v/s | ETA 0:21:13
[08/11 09:19:12][INFO] __main__:  152:   [train] 26200/67013 (+26200 / skipped 0 / err 0) | 32.1 v/s | ETA 0:21:10
[08/11 09:19:16][INFO] __main__:  152:   [train] 26300/67013 (+26300 / skipped 0 / err 0) | 32.1 v/s | ETA 0:21:07
[08/11 09:19:19][INFO] __main__:  152:   [train] 26400/67013 (+26400 / skipped 0 / err 0) | 32.1 v/s | ETA 0:21:04
[08/11 09:19:22][INFO] __main__:  152:   [train] 26500/67013 (+26500 / skipped 0 / err 0) | 32.1 v/s | ETA 0:21:00
[08/11 09:19:25][INFO] __main__:  152:   [train] 26600/67013 (+26600 / skipped 0 / err 0) | 32.1 v/s | ETA 0:20:57
[08/11 09:19:28][INFO] __main__:  152:   [train] 26700/67013 (+26700 / skipped 0 / err 0) | 32.1 v/s | ETA 0:20:54
[08/11 09:19:31][INFO] __main__:  152:   [train] 26800/67013 (+26800 / skipped 0 / err 0) | 32.1 v/s | ETA 0:20:51
[08/11 09:19:34][INFO] __main__:  152:   [train] 26900/67013 (+26900 / skipped 0 / err 0) | 32.1 v/s | ETA 0:20:48
[08/11 09:19:37][INFO] __main__:  152:   [train] 27000/67013 (+27000 / skipped 0 / err 0) | 32.1 v/s | ETA 0:20:45
[08/11 09:19:40][INFO] __main__:  152:   [train] 27100/67013 (+27100 / skipped 0 / err 0) | 32.1 v/s | ETA 0:20:42
[08/11 09:19:44][INFO] __main__:  152:   [train] 27200/67013 (+27200 / skipped 0 / err 0) | 32.1 v/s | ETA 0:20:39
[08/11 09:19:47][INFO] __main__:  152:   [train] 27300/67013 (+27300 / skipped 0 / err 0) | 32.1 v/s | ETA 0:20:35
[08/11 09:19:50][INFO] __main__:  152:   [train] 27400/67013 (+27400 / skipped 0 / err 0) | 32.1 v/s | ETA 0:20:32
[08/11 09:19:53][INFO] __main__:  152:   [train] 27500/67013 (+27500 / skipped 0 / err 0) | 32.1 v/s | ETA 0:20:29
[08/11 09:19:56][INFO] __main__:  152:   [train] 27600/67013 (+27600 / skipped 0 / err 0) | 32.1 v/s | ETA 0:20:26
[08/11 09:19:59][INFO] __main__:  152:   [train] 27700/67013 (+27700 / skipped 0 / err 0) | 32.1 v/s | ETA 0:20:23
[08/11 09:20:02][INFO] __main__:  152:   [train] 27800/67013 (+27800 / skipped 0 / err 0) | 32.1 v/s | ETA 0:20:20
[08/11 09:20:05][INFO] __main__:  152:   [train] 27900/67013 (+27900 / skipped 0 / err 0) | 32.1 v/s | ETA 0:20:17
[08/11 09:20:08][INFO] __main__:  152:   [train] 28000/67013 (+28000 / skipped 0 / err 0) | 32.1 v/s | ETA 0:20:14
[08/11 09:20:12][INFO] __main__:  152:   [train] 28100/67013 (+28100 / skipped 0 / err 0) | 32.1 v/s | ETA 0:20:11
[08/11 09:20:15][INFO] __main__:  152:   [train] 28200/67013 (+28200 / skipped 0 / err 0) | 32.1 v/s | ETA 0:20:07
[08/11 09:20:18][INFO] __main__:  152:   [train] 28300/67013 (+28300 / skipped 0 / err 0) | 32.1 v/s | ETA 0:20:04
[08/11 09:20:21][INFO] __main__:  152:   [train] 28400/67013 (+28400 / skipped 0 / err 0) | 32.1 v/s | ETA 0:20:01
[08/11 09:20:24][INFO] __main__:  152:   [train] 28500/67013 (+28500 / skipped 0 / err 0) | 32.1 v/s | ETA 0:19:58
[08/11 09:20:27][INFO] __main__:  152:   [train] 28600/67013 (+28600 / skipped 0 / err 0) | 32.1 v/s | ETA 0:19:55
[08/11 09:20:30][INFO] __main__:  152:   [train] 28700/67013 (+28700 / skipped 0 / err 0) | 32.1 v/s | ETA 0:19:52
[08/11 09:20:33][INFO] __main__:  152:   [train] 28800/67013 (+28800 / skipped 0 / err 0) | 32.1 v/s | ETA 0:19:49
[08/11 09:20:36][INFO] __main__:  152:   [train] 28900/67013 (+28900 / skipped 0 / err 0) | 32.1 v/s | ETA 0:19:46
[08/11 09:20:40][INFO] __main__:  152:   [train] 29000/67013 (+29000 / skipped 0 / err 0) | 32.1 v/s | ETA 0:19:43
[08/11 09:20:43][INFO] __main__:  152:   [train] 29100/67013 (+29100 / skipped 0 / err 0) | 32.1 v/s | ETA 0:19:39
[08/11 09:20:46][INFO] __main__:  152:   [train] 29200/67013 (+29200 / skipped 0 / err 0) | 32.1 v/s | ETA 0:19:36
[08/11 09:20:49][INFO] __main__:  152:   [train] 29300/67013 (+29300 / skipped 0 / err 0) | 32.1 v/s | ETA 0:19:33
[08/11 09:20:52][INFO] __main__:  152:   [train] 29400/67013 (+29400 / skipped 0 / err 0) | 32.1 v/s | ETA 0:19:30
[08/11 09:20:55][INFO] __main__:  152:   [train] 29500/67013 (+29500 / skipped 0 / err 0) | 32.1 v/s | ETA 0:19:27
[08/11 09:20:58][INFO] __main__:  152:   [train] 29600/67013 (+29600 / skipped 0 / err 0) | 32.1 v/s | ETA 0:19:24
[08/11 09:21:01][INFO] __main__:  152:   [train] 29700/67013 (+29700 / skipped 0 / err 0) | 32.1 v/s | ETA 0:19:21
[08/11 09:21:04][INFO] __main__:  152:   [train] 29800/67013 (+29800 / skipped 0 / err 0) | 32.1 v/s | ETA 0:19:18
[08/11 09:21:08][INFO] __main__:  152:   [train] 29900/67013 (+29900 / skipped 0 / err 0) | 32.1 v/s | ETA 0:19:15
[08/11 09:21:11][INFO] __main__:  152:   [train] 30000/67013 (+30000 / skipped 0 / err 0) | 32.1 v/s | ETA 0:19:11
[08/11 09:21:14][INFO] __main__:  152:   [train] 30100/67013 (+30100 / skipped 0 / err 0) | 32.1 v/s | ETA 0:19:08
[08/11 09:21:17][INFO] __main__:  152:   [train] 30200/67013 (+30200 / skipped 0 / err 0) | 32.1 v/s | ETA 0:19:05
[08/11 09:21:20][INFO] __main__:  152:   [train] 30300/67013 (+30300 / skipped 0 / err 0) | 32.1 v/s | ETA 0:19:02
[08/11 09:21:23][INFO] __main__:  152:   [train] 30400/67013 (+30400 / skipped 0 / err 0) | 32.1 v/s | ETA 0:18:59
[08/11 09:21:26][INFO] __main__:  152:   [train] 30500/67013 (+30500 / skipped 0 / err 0) | 32.1 v/s | ETA 0:18:56
[08/11 09:21:29][INFO] __main__:  152:   [train] 30600/67013 (+30600 / skipped 0 / err 0) | 32.1 v/s | ETA 0:18:53
[08/11 09:21:32][INFO] __main__:  152:   [train] 30700/67013 (+30700 / skipped 0 / err 0) | 32.1 v/s | ETA 0:18:50
[08/11 09:21:36][INFO] __main__:  152:   [train] 30800/67013 (+30800 / skipped 0 / err 0) | 32.1 v/s | ETA 0:18:47
[08/11 09:21:39][INFO] __main__:  152:   [train] 30900/67013 (+30900 / skipped 0 / err 0) | 32.1 v/s | ETA 0:18:43
[08/11 09:21:42][INFO] __main__:  152:   [train] 31000/67013 (+31000 / skipped 0 / err 0) | 32.1 v/s | ETA 0:18:40
[08/11 09:21:45][INFO] __main__:  152:   [train] 31100/67013 (+31100 / skipped 0 / err 0) | 32.1 v/s | ETA 0:18:37
[08/11 09:21:48][INFO] __main__:  152:   [train] 31200/67013 (+31200 / skipped 0 / err 0) | 32.1 v/s | ETA 0:18:34
[08/11 09:21:51][INFO] __main__:  152:   [train] 31300/67013 (+31300 / skipped 0 / err 0) | 32.1 v/s | ETA 0:18:31
[08/11 09:21:54][INFO] __main__:  152:   [train] 31400/67013 (+31400 / skipped 0 / err 0) | 32.1 v/s | ETA 0:18:28
[08/11 09:21:57][INFO] __main__:  152:   [train] 31500/67013 (+31500 / skipped 0 / err 0) | 32.1 v/s | ETA 0:18:25
[08/11 09:22:00][INFO] __main__:  152:   [train] 31600/67013 (+31600 / skipped 0 / err 0) | 32.1 v/s | ETA 0:18:22
[08/11 09:22:04][INFO] __main__:  152:   [train] 31700/67013 (+31700 / skipped 0 / err 0) | 32.1 v/s | ETA 0:18:19
[08/11 09:22:07][INFO] __main__:  152:   [train] 31800/67013 (+31800 / skipped 0 / err 0) | 32.1 v/s | ETA 0:18:15
[08/11 09:22:10][INFO] __main__:  152:   [train] 31900/67013 (+31900 / skipped 0 / err 0) | 32.1 v/s | ETA 0:18:12
[08/11 09:22:13][INFO] __main__:  152:   [train] 32000/67013 (+32000 / skipped 0 / err 0) | 32.1 v/s | ETA 0:18:09
[08/11 09:22:16][INFO] __main__:  152:   [train] 32100/67013 (+32100 / skipped 0 / err 0) | 32.1 v/s | ETA 0:18:06
[08/11 09:22:19][INFO] __main__:  152:   [train] 32200/67013 (+32200 / skipped 0 / err 0) | 32.1 v/s | ETA 0:18:03
[08/11 09:22:22][INFO] __main__:  152:   [train] 32300/67013 (+32300 / skipped 0 / err 0) | 32.1 v/s | ETA 0:18:00
[08/11 09:22:25][INFO] __main__:  152:   [train] 32400/67013 (+32400 / skipped 0 / err 0) | 32.1 v/s | ETA 0:17:57
[08/11 09:22:28][INFO] __main__:  152:   [train] 32500/67013 (+32500 / skipped 0 / err 0) | 32.1 v/s | ETA 0:17:54
[08/11 09:22:32][INFO] __main__:  152:   [train] 32600/67013 (+32600 / skipped 0 / err 0) | 32.1 v/s | ETA 0:17:50
[08/11 09:22:35][INFO] __main__:  152:   [train] 32700/67013 (+32700 / skipped 0 / err 0) | 32.1 v/s | ETA 0:17:47
[08/11 09:22:38][INFO] __main__:  152:   [train] 32800/67013 (+32800 / skipped 0 / err 0) | 32.1 v/s | ETA 0:17:44
[08/11 09:22:41][INFO] __main__:  152:   [train] 32900/67013 (+32900 / skipped 0 / err 0) | 32.1 v/s | ETA 0:17:41
[08/11 09:22:44][INFO] __main__:  152:   [train] 33000/67013 (+33000 / skipped 0 / err 0) | 32.1 v/s | ETA 0:17:38
[08/11 09:22:47][INFO] __main__:  152:   [train] 33100/67013 (+33100 / skipped 0 / err 0) | 32.1 v/s | ETA 0:17:35
[08/11 09:22:50][INFO] __main__:  152:   [train] 33200/67013 (+33200 / skipped 0 / err 0) | 32.1 v/s | ETA 0:17:32
[08/11 09:22:53][INFO] __main__:  152:   [train] 33300/67013 (+33300 / skipped 0 / err 0) | 32.1 v/s | ETA 0:17:29
[08/11 09:22:56][INFO] __main__:  152:   [train] 33400/67013 (+33400 / skipped 0 / err 0) | 32.1 v/s | ETA 0:17:26
[08/11 09:23:00][INFO] __main__:  152:   [train] 33500/67013 (+33500 / skipped 0 / err 0) | 32.1 v/s | ETA 0:17:22
[08/11 09:23:03][INFO] __main__:  152:   [train] 33600/67013 (+33600 / skipped 0 / err 0) | 32.1 v/s | ETA 0:17:19
[08/11 09:23:06][INFO] __main__:  152:   [train] 33700/67013 (+33700 / skipped 0 / err 0) | 32.1 v/s | ETA 0:17:16
[08/11 09:23:09][INFO] __main__:  152:   [train] 33800/67013 (+33800 / skipped 0 / err 0) | 32.1 v/s | ETA 0:17:13
[08/11 09:23:12][INFO] __main__:  152:   [train] 33900/67013 (+33900 / skipped 0 / err 0) | 32.1 v/s | ETA 0:17:10
[08/11 09:23:15][INFO] __main__:  152:   [train] 34000/67013 (+34000 / skipped 0 / err 0) | 32.1 v/s | ETA 0:17:07
[08/11 09:23:18][INFO] __main__:  152:   [train] 34100/67013 (+34100 / skipped 0 / err 0) | 32.1 v/s | ETA 0:17:04
[08/11 09:23:21][INFO] __main__:  152:   [train] 34200/67013 (+34200 / skipped 0 / err 0) | 32.1 v/s | ETA 0:17:01
[08/11 09:23:24][INFO] __main__:  152:   [train] 34300/67013 (+34300 / skipped 0 / err 0) | 32.1 v/s | ETA 0:16:58
[08/11 09:23:28][INFO] __main__:  152:   [train] 34400/67013 (+34400 / skipped 0 / err 0) | 32.1 v/s | ETA 0:16:54
[08/11 09:23:31][INFO] __main__:  152:   [train] 34500/67013 (+34500 / skipped 0 / err 0) | 32.1 v/s | ETA 0:16:51
[08/11 09:23:34][INFO] __main__:  152:   [train] 34600/67013 (+34600 / skipped 0 / err 0) | 32.1 v/s | ETA 0:16:48
[08/11 09:23:37][INFO] __main__:  152:   [train] 34700/67013 (+34700 / skipped 0 / err 0) | 32.1 v/s | ETA 0:16:45
[08/11 09:23:40][INFO] __main__:  152:   [train] 34800/67013 (+34800 / skipped 0 / err 0) | 32.1 v/s | ETA 0:16:42
[08/11 09:23:43][INFO] __main__:  152:   [train] 34900/67013 (+34900 / skipped 0 / err 0) | 32.1 v/s | ETA 0:16:39
[08/11 09:23:46][INFO] __main__:  152:   [train] 35000/67013 (+35000 / skipped 0 / err 0) | 32.1 v/s | ETA 0:16:36
[08/11 09:23:49][INFO] __main__:  152:   [train] 35100/67013 (+35100 / skipped 0 / err 0) | 32.1 v/s | ETA 0:16:33
[08/11 09:23:52][INFO] __main__:  152:   [train] 35200/67013 (+35200 / skipped 0 / err 0) | 32.1 v/s | ETA 0:16:30
[08/11 09:23:56][INFO] __main__:  152:   [train] 35300/67013 (+35300 / skipped 0 / err 0) | 32.1 v/s | ETA 0:16:26
[08/11 09:23:59][INFO] __main__:  152:   [train] 35400/67013 (+35400 / skipped 0 / err 0) | 32.1 v/s | ETA 0:16:23
[08/11 09:24:02][INFO] __main__:  152:   [train] 35500/67013 (+35500 / skipped 0 / err 0) | 32.1 v/s | ETA 0:16:20
[08/11 09:24:05][INFO] __main__:  152:   [train] 35600/67013 (+35600 / skipped 0 / err 0) | 32.1 v/s | ETA 0:16:17
[08/11 09:24:08][INFO] __main__:  152:   [train] 35700/67013 (+35700 / skipped 0 / err 0) | 32.1 v/s | ETA 0:16:14
[08/11 09:24:11][INFO] __main__:  152:   [train] 35800/67013 (+35800 / skipped 0 / err 0) | 32.1 v/s | ETA 0:16:11
[08/11 09:24:14][INFO] __main__:  152:   [train] 35900/67013 (+35900 / skipped 0 / err 0) | 32.1 v/s | ETA 0:16:08
[08/11 09:24:17][INFO] __main__:  152:   [train] 36000/67013 (+36000 / skipped 0 / err 0) | 32.1 v/s | ETA 0:16:05
[08/11 09:24:20][INFO] __main__:  152:   [train] 36100/67013 (+36100 / skipped 0 / err 0) | 32.1 v/s | ETA 0:16:02
[08/11 09:24:24][INFO] __main__:  152:   [train] 36200/67013 (+36200 / skipped 0 / err 0) | 32.1 v/s | ETA 0:15:58
[08/11 09:24:27][INFO] __main__:  152:   [train] 36300/67013 (+36300 / skipped 0 / err 0) | 32.1 v/s | ETA 0:15:55
[08/11 09:24:30][INFO] __main__:  152:   [train] 36400/67013 (+36400 / skipped 0 / err 0) | 32.1 v/s | ETA 0:15:52
[08/11 09:24:33][INFO] __main__:  152:   [train] 36500/67013 (+36500 / skipped 0 / err 0) | 32.1 v/s | ETA 0:15:49
[08/11 09:24:36][INFO] __main__:  152:   [train] 36600/67013 (+36600 / skipped 0 / err 0) | 32.1 v/s | ETA 0:15:46
[08/11 09:24:39][INFO] __main__:  152:   [train] 36700/67013 (+36700 / skipped 0 / err 0) | 32.1 v/s | ETA 0:15:43
[08/11 09:24:42][INFO] __main__:  152:   [train] 36800/67013 (+36800 / skipped 0 / err 0) | 32.1 v/s | ETA 0:15:40
[08/11 09:24:45][INFO] __main__:  152:   [train] 36900/67013 (+36900 / skipped 0 / err 0) | 32.1 v/s | ETA 0:15:37
[08/11 09:24:48][INFO] __main__:  152:   [train] 37000/67013 (+37000 / skipped 0 / err 0) | 32.1 v/s | ETA 0:15:33
[08/11 09:24:52][INFO] __main__:  152:   [train] 37100/67013 (+37100 / skipped 0 / err 0) | 32.1 v/s | ETA 0:15:30
[08/11 09:24:55][INFO] __main__:  152:   [train] 37200/67013 (+37200 / skipped 0 / err 0) | 32.1 v/s | ETA 0:15:27
[08/11 09:24:58][INFO] __main__:  152:   [train] 37300/67013 (+37300 / skipped 0 / err 0) | 32.1 v/s | ETA 0:15:24
[08/11 09:25:01][INFO] __main__:  152:   [train] 37400/67013 (+37400 / skipped 0 / err 0) | 32.1 v/s | ETA 0:15:21
[08/11 09:25:04][INFO] __main__:  152:   [train] 37500/67013 (+37500 / skipped 0 / err 0) | 32.1 v/s | ETA 0:15:18
[08/11 09:25:07][INFO] __main__:  152:   [train] 37600/67013 (+37600 / skipped 0 / err 0) | 32.1 v/s | ETA 0:15:15
[08/11 09:25:10][INFO] __main__:  152:   [train] 37700/67013 (+37700 / skipped 0 / err 0) | 32.1 v/s | ETA 0:15:12
[08/11 09:25:13][INFO] __main__:  152:   [train] 37800/67013 (+37800 / skipped 0 / err 0) | 32.1 v/s | ETA 0:15:09
[08/11 09:25:16][INFO] __main__:  152:   [train] 37900/67013 (+37900 / skipped 0 / err 0) | 32.1 v/s | ETA 0:15:05
[08/11 09:25:20][INFO] __main__:  152:   [train] 38000/67013 (+38000 / skipped 0 / err 0) | 32.1 v/s | ETA 0:15:02
[08/11 09:25:23][INFO] __main__:  152:   [train] 38100/67013 (+38100 / skipped 0 / err 0) | 32.1 v/s | ETA 0:14:59
[08/11 09:25:26][INFO] __main__:  152:   [train] 38200/67013 (+38200 / skipped 0 / err 0) | 32.1 v/s | ETA 0:14:56
[08/11 09:25:29][INFO] __main__:  152:   [train] 38300/67013 (+38300 / skipped 0 / err 0) | 32.1 v/s | ETA 0:14:53
[08/11 09:25:32][INFO] __main__:  152:   [train] 38400/67013 (+38400 / skipped 0 / err 0) | 32.1 v/s | ETA 0:14:50
[08/11 09:25:35][INFO] __main__:  152:   [train] 38500/67013 (+38500 / skipped 0 / err 0) | 32.1 v/s | ETA 0:14:47
[08/11 09:25:38][INFO] __main__:  152:   [train] 38600/67013 (+38600 / skipped 0 / err 0) | 32.1 v/s | ETA 0:14:44
[08/11 09:25:41][INFO] __main__:  152:   [train] 38700/67013 (+38700 / skipped 0 / err 0) | 32.1 v/s | ETA 0:14:41
[08/11 09:25:44][INFO] __main__:  152:   [train] 38800/67013 (+38800 / skipped 0 / err 0) | 32.1 v/s | ETA 0:14:37
[08/11 09:25:48][INFO] __main__:  152:   [train] 38900/67013 (+38900 / skipped 0 / err 0) | 32.1 v/s | ETA 0:14:34
[08/11 09:25:51][INFO] __main__:  152:   [train] 39000/67013 (+39000 / skipped 0 / err 0) | 32.1 v/s | ETA 0:14:31
[08/11 09:25:54][INFO] __main__:  152:   [train] 39100/67013 (+39100 / skipped 0 / err 0) | 32.1 v/s | ETA 0:14:28
[08/11 09:25:57][INFO] __main__:  152:   [train] 39200/67013 (+39200 / skipped 0 / err 0) | 32.1 v/s | ETA 0:14:25
[08/11 09:26:00][INFO] __main__:  152:   [train] 39300/67013 (+39300 / skipped 0 / err 0) | 32.1 v/s | ETA 0:14:22
[08/11 09:26:03][INFO] __main__:  152:   [train] 39400/67013 (+39400 / skipped 0 / err 0) | 32.1 v/s | ETA 0:14:19
[08/11 09:26:06][INFO] __main__:  152:   [train] 39500/67013 (+39500 / skipped 0 / err 0) | 32.1 v/s | ETA 0:14:16
[08/11 09:26:09][INFO] __main__:  152:   [train] 39600/67013 (+39600 / skipped 0 / err 0) | 32.1 v/s | ETA 0:14:13
[08/11 09:26:12][INFO] __main__:  152:   [train] 39700/67013 (+39700 / skipped 0 / err 0) | 32.1 v/s | ETA 0:14:09
[08/11 09:26:16][INFO] __main__:  152:   [train] 39800/67013 (+39800 / skipped 0 / err 0) | 32.1 v/s | ETA 0:14:06
[08/11 09:26:19][INFO] __main__:  152:   [train] 39900/67013 (+39900 / skipped 0 / err 0) | 32.1 v/s | ETA 0:14:03
[08/11 09:26:22][INFO] __main__:  152:   [train] 40000/67013 (+40000 / skipped 0 / err 0) | 32.1 v/s | ETA 0:14:00
[08/11 09:26:25][INFO] __main__:  152:   [train] 40100/67013 (+40100 / skipped 0 / err 0) | 32.1 v/s | ETA 0:13:57
[08/11 09:26:28][INFO] __main__:  152:   [train] 40200/67013 (+40200 / skipped 0 / err 0) | 32.1 v/s | ETA 0:13:54
[08/11 09:26:31][INFO] __main__:  152:   [train] 40300/67013 (+40300 / skipped 0 / err 0) | 32.1 v/s | ETA 0:13:51
[08/11 09:26:34][INFO] __main__:  152:   [train] 40400/67013 (+40400 / skipped 0 / err 0) | 32.1 v/s | ETA 0:13:48
[08/11 09:26:37][INFO] __main__:  152:   [train] 40500/67013 (+40500 / skipped 0 / err 0) | 32.1 v/s | ETA 0:13:45
[08/11 09:26:40][INFO] __main__:  152:   [train] 40600/67013 (+40600 / skipped 0 / err 0) | 32.1 v/s | ETA 0:13:41
[08/11 09:26:44][INFO] __main__:  152:   [train] 40700/67013 (+40700 / skipped 0 / err 0) | 32.1 v/s | ETA 0:13:38
[08/11 09:26:47][INFO] __main__:  152:   [train] 40800/67013 (+40800 / skipped 0 / err 0) | 32.1 v/s | ETA 0:13:35
[08/11 09:26:50][INFO] __main__:  152:   [train] 40900/67013 (+40900 / skipped 0 / err 0) | 32.1 v/s | ETA 0:13:32
[08/11 09:26:53][INFO] __main__:  152:   [train] 41000/67013 (+41000 / skipped 0 / err 0) | 32.1 v/s | ETA 0:13:29
[08/11 09:26:56][INFO] __main__:  152:   [train] 41100/67013 (+41100 / skipped 0 / err 0) | 32.1 v/s | ETA 0:13:26
[08/11 09:26:59][INFO] __main__:  152:   [train] 41200/67013 (+41200 / skipped 0 / err 0) | 32.1 v/s | ETA 0:13:23
[08/11 09:27:02][INFO] __main__:  152:   [train] 41300/67013 (+41300 / skipped 0 / err 0) | 32.1 v/s | ETA 0:13:20
[08/11 09:27:05][INFO] __main__:  152:   [train] 41400/67013 (+41400 / skipped 0 / err 0) | 32.1 v/s | ETA 0:13:17
[08/11 09:27:08][INFO] __main__:  152:   [train] 41500/67013 (+41500 / skipped 0 / err 0) | 32.1 v/s | ETA 0:13:13
[08/11 09:27:12][INFO] __main__:  152:   [train] 41600/67013 (+41600 / skipped 0 / err 0) | 32.1 v/s | ETA 0:13:10
[08/11 09:27:15][INFO] __main__:  152:   [train] 41700/67013 (+41700 / skipped 0 / err 0) | 32.1 v/s | ETA 0:13:07
[08/11 09:27:18][INFO] __main__:  152:   [train] 41800/67013 (+41800 / skipped 0 / err 0) | 32.1 v/s | ETA 0:13:04
[08/11 09:27:21][INFO] __main__:  152:   [train] 41900/67013 (+41900 / skipped 0 / err 0) | 32.1 v/s | ETA 0:13:01
[08/11 09:27:24][INFO] __main__:  152:   [train] 42000/67013 (+42000 / skipped 0 / err 0) | 32.1 v/s | ETA 0:12:58
[08/11 09:27:27][INFO] __main__:  152:   [train] 42100/67013 (+42100 / skipped 0 / err 0) | 32.1 v/s | ETA 0:12:55
[08/11 09:27:30][INFO] __main__:  152:   [train] 42200/67013 (+42200 / skipped 0 / err 0) | 32.1 v/s | ETA 0:12:52
[08/11 09:27:33][INFO] __main__:  152:   [train] 42300/67013 (+42300 / skipped 0 / err 0) | 32.1 v/s | ETA 0:12:49
[08/11 09:27:36][INFO] __main__:  152:   [train] 42400/67013 (+42400 / skipped 0 / err 0) | 32.1 v/s | ETA 0:12:45
[08/11 09:27:40][INFO] __main__:  152:   [train] 42500/67013 (+42500 / skipped 0 / err 0) | 32.1 v/s | ETA 0:12:42
[08/11 09:27:43][INFO] __main__:  152:   [train] 42600/67013 (+42600 / skipped 0 / err 0) | 32.1 v/s | ETA 0:12:39
[08/11 09:27:46][INFO] __main__:  152:   [train] 42700/67013 (+42700 / skipped 0 / err 0) | 32.1 v/s | ETA 0:12:36
[08/11 09:27:49][INFO] __main__:  152:   [train] 42800/67013 (+42800 / skipped 0 / err 0) | 32.1 v/s | ETA 0:12:33
[08/11 09:27:52][INFO] __main__:  152:   [train] 42900/67013 (+42900 / skipped 0 / err 0) | 32.1 v/s | ETA 0:12:30
[08/11 09:27:55][INFO] __main__:  152:   [train] 43000/67013 (+43000 / skipped 0 / err 0) | 32.1 v/s | ETA 0:12:27
[08/11 09:27:58][INFO] __main__:  152:   [train] 43100/67013 (+43100 / skipped 0 / err 0) | 32.1 v/s | ETA 0:12:24
[08/11 09:28:01][INFO] __main__:  152:   [train] 43200/67013 (+43200 / skipped 0 / err 0) | 32.1 v/s | ETA 0:12:21
[08/11 09:28:04][INFO] __main__:  152:   [train] 43300/67013 (+43300 / skipped 0 / err 0) | 32.1 v/s | ETA 0:12:17
[08/11 09:28:08][INFO] __main__:  152:   [train] 43400/67013 (+43400 / skipped 0 / err 0) | 32.1 v/s | ETA 0:12:14
[08/11 09:28:11][INFO] __main__:  152:   [train] 43500/67013 (+43500 / skipped 0 / err 0) | 32.1 v/s | ETA 0:12:11
[08/11 09:28:14][INFO] __main__:  152:   [train] 43600/67013 (+43600 / skipped 0 / err 0) | 32.1 v/s | ETA 0:12:08
[08/11 09:28:17][INFO] __main__:  152:   [train] 43700/67013 (+43700 / skipped 0 / err 0) | 32.1 v/s | ETA 0:12:05
[08/11 09:28:20][INFO] __main__:  152:   [train] 43800/67013 (+43800 / skipped 0 / err 0) | 32.1 v/s | ETA 0:12:02
[08/11 09:28:23][INFO] __main__:  152:   [train] 43900/67013 (+43900 / skipped 0 / err 0) | 32.1 v/s | ETA 0:11:59
[08/11 09:28:26][INFO] __main__:  152:   [train] 44000/67013 (+44000 / skipped 0 / err 0) | 32.1 v/s | ETA 0:11:56
[08/11 09:28:29][INFO] __main__:  152:   [train] 44100/67013 (+44100 / skipped 0 / err 0) | 32.1 v/s | ETA 0:11:53
[08/11 09:28:32][INFO] __main__:  152:   [train] 44200/67013 (+44200 / skipped 0 / err 0) | 32.1 v/s | ETA 0:11:49
[08/11 09:28:36][INFO] __main__:  152:   [train] 44300/67013 (+44300 / skipped 0 / err 0) | 32.1 v/s | ETA 0:11:46
[08/11 09:28:39][INFO] __main__:  152:   [train] 44400/67013 (+44400 / skipped 0 / err 0) | 32.1 v/s | ETA 0:11:43
[08/11 09:28:42][INFO] __main__:  152:   [train] 44500/67013 (+44500 / skipped 0 / err 0) | 32.1 v/s | ETA 0:11:40
[08/11 09:28:45][INFO] __main__:  152:   [train] 44600/67013 (+44600 / skipped 0 / err 0) | 32.1 v/s | ETA 0:11:37
[08/11 09:28:48][INFO] __main__:  152:   [train] 44700/67013 (+44700 / skipped 0 / err 0) | 32.1 v/s | ETA 0:11:34
[08/11 09:28:51][INFO] __main__:  152:   [train] 44800/67013 (+44800 / skipped 0 / err 0) | 32.1 v/s | ETA 0:11:31
[08/11 09:28:54][INFO] __main__:  152:   [train] 44900/67013 (+44900 / skipped 0 / err 0) | 32.1 v/s | ETA 0:11:28
[08/11 09:28:57][INFO] __main__:  152:   [train] 45000/67013 (+45000 / skipped 0 / err 0) | 32.1 v/s | ETA 0:11:25
[08/11 09:29:00][INFO] __main__:  152:   [train] 45100/67013 (+45100 / skipped 0 / err 0) | 32.1 v/s | ETA 0:11:21
[08/11 09:29:04][INFO] __main__:  152:   [train] 45200/67013 (+45200 / skipped 0 / err 0) | 32.1 v/s | ETA 0:11:18
[08/11 09:29:07][INFO] __main__:  152:   [train] 45300/67013 (+45300 / skipped 0 / err 0) | 32.1 v/s | ETA 0:11:15
[08/11 09:29:10][INFO] __main__:  152:   [train] 45400/67013 (+45400 / skipped 0 / err 0) | 32.1 v/s | ETA 0:11:12
[08/11 09:29:13][INFO] __main__:  152:   [train] 45500/67013 (+45500 / skipped 0 / err 0) | 32.1 v/s | ETA 0:11:09
[08/11 09:29:16][INFO] __main__:  152:   [train] 45600/67013 (+45600 / skipped 0 / err 0) | 32.1 v/s | ETA 0:11:06
[08/11 09:29:19][INFO] __main__:  152:   [train] 45700/67013 (+45700 / skipped 0 / err 0) | 32.1 v/s | ETA 0:11:03
[08/11 09:29:22][INFO] __main__:  152:   [train] 45800/67013 (+45800 / skipped 0 / err 0) | 32.1 v/s | ETA 0:11:00
[08/11 09:29:25][INFO] __main__:  152:   [train] 45900/67013 (+45900 / skipped 0 / err 0) | 32.1 v/s | ETA 0:10:57
[08/11 09:29:28][INFO] __main__:  152:   [train] 46000/67013 (+46000 / skipped 0 / err 0) | 32.1 v/s | ETA 0:10:53
[08/11 09:29:32][INFO] __main__:  152:   [train] 46100/67013 (+46100 / skipped 0 / err 0) | 32.1 v/s | ETA 0:10:50
[08/11 09:29:35][INFO] __main__:  152:   [train] 46200/67013 (+46200 / skipped 0 / err 0) | 32.1 v/s | ETA 0:10:47
[08/11 09:29:38][INFO] __main__:  152:   [train] 46300/67013 (+46300 / skipped 0 / err 0) | 32.1 v/s | ETA 0:10:44
[08/11 09:29:41][INFO] __main__:  152:   [train] 46400/67013 (+46400 / skipped 0 / err 0) | 32.1 v/s | ETA 0:10:41
[08/11 09:29:44][INFO] __main__:  152:   [train] 46500/67013 (+46500 / skipped 0 / err 0) | 32.1 v/s | ETA 0:10:38
[08/11 09:29:47][INFO] __main__:  152:   [train] 46600/67013 (+46600 / skipped 0 / err 0) | 32.1 v/s | ETA 0:10:35
[08/11 09:29:50][INFO] __main__:  152:   [train] 46700/67013 (+46700 / skipped 0 / err 0) | 32.1 v/s | ETA 0:10:32
[08/11 09:29:53][INFO] __main__:  152:   [train] 46800/67013 (+46800 / skipped 0 / err 0) | 32.1 v/s | ETA 0:10:29
[08/11 09:29:56][INFO] __main__:  152:   [train] 46900/67013 (+46900 / skipped 0 / err 0) | 32.1 v/s | ETA 0:10:25
[08/11 09:30:00][INFO] __main__:  152:   [train] 47000/67013 (+47000 / skipped 0 / err 0) | 32.1 v/s | ETA 0:10:22
[08/11 09:30:03][INFO] __main__:  152:   [train] 47100/67013 (+47100 / skipped 0 / err 0) | 32.1 v/s | ETA 0:10:19
[08/11 09:30:06][INFO] __main__:  152:   [train] 47200/67013 (+47200 / skipped 0 / err 0) | 32.1 v/s | ETA 0:10:16
[08/11 09:30:09][INFO] __main__:  152:   [train] 47300/67013 (+47300 / skipped 0 / err 0) | 32.1 v/s | ETA 0:10:13
[08/11 09:30:12][INFO] __main__:  152:   [train] 47400/67013 (+47400 / skipped 0 / err 0) | 32.1 v/s | ETA 0:10:10
[08/11 09:30:15][INFO] __main__:  152:   [train] 47500/67013 (+47500 / skipped 0 / err 0) | 32.1 v/s | ETA 0:10:07
[08/11 09:30:18][INFO] __main__:  152:   [train] 47600/67013 (+47600 / skipped 0 / err 0) | 32.1 v/s | ETA 0:10:04
[08/11 09:30:21][INFO] __main__:  152:   [train] 47700/67013 (+47700 / skipped 0 / err 0) | 32.1 v/s | ETA 0:10:00
[08/11 09:30:24][INFO] __main__:  152:   [train] 47800/67013 (+47800 / skipped 0 / err 0) | 32.1 v/s | ETA 0:09:57
[08/11 09:30:28][INFO] __main__:  152:   [train] 47900/67013 (+47900 / skipped 0 / err 0) | 32.1 v/s | ETA 0:09:54
[08/11 09:30:31][INFO] __main__:  152:   [train] 48000/67013 (+48000 / skipped 0 / err 0) | 32.1 v/s | ETA 0:09:51
[08/11 09:30:34][INFO] __main__:  152:   [train] 48100/67013 (+48100 / skipped 0 / err 0) | 32.1 v/s | ETA 0:09:48
[08/11 09:30:37][INFO] __main__:  152:   [train] 48200/67013 (+48200 / skipped 0 / err 0) | 32.1 v/s | ETA 0:09:45
[08/11 09:30:40][INFO] __main__:  152:   [train] 48300/67013 (+48300 / skipped 0 / err 0) | 32.1 v/s | ETA 0:09:42
[08/11 09:30:43][INFO] __main__:  152:   [train] 48400/67013 (+48400 / skipped 0 / err 0) | 32.1 v/s | ETA 0:09:39
[08/11 09:30:46][INFO] __main__:  152:   [train] 48500/67013 (+48500 / skipped 0 / err 0) | 32.1 v/s | ETA 0:09:36
[08/11 09:30:49][INFO] __main__:  152:   [train] 48600/67013 (+48600 / skipped 0 / err 0) | 32.1 v/s | ETA 0:09:32
[08/11 09:30:53][INFO] __main__:  152:   [train] 48700/67013 (+48700 / skipped 0 / err 0) | 32.1 v/s | ETA 0:09:29
[08/11 09:30:56][INFO] __main__:  152:   [train] 48800/67013 (+48800 / skipped 0 / err 0) | 32.1 v/s | ETA 0:09:26
[08/11 09:30:59][INFO] __main__:  152:   [train] 48900/67013 (+48900 / skipped 0 / err 0) | 32.1 v/s | ETA 0:09:23
[08/11 09:31:02][INFO] __main__:  152:   [train] 49000/67013 (+49000 / skipped 0 / err 0) | 32.1 v/s | ETA 0:09:20
[08/11 09:31:05][INFO] __main__:  152:   [train] 49100/67013 (+49100 / skipped 0 / err 0) | 32.1 v/s | ETA 0:09:17
[08/11 09:31:08][INFO] __main__:  152:   [train] 49200/67013 (+49200 / skipped 0 / err 0) | 32.1 v/s | ETA 0:09:14
[08/11 09:31:11][INFO] __main__:  152:   [train] 49300/67013 (+49300 / skipped 0 / err 0) | 32.1 v/s | ETA 0:09:11
[08/11 09:31:14][INFO] __main__:  152:   [train] 49400/67013 (+49400 / skipped 0 / err 0) | 32.1 v/s | ETA 0:09:08
[08/11 09:31:17][INFO] __main__:  152:   [train] 49500/67013 (+49500 / skipped 0 / err 0) | 32.1 v/s | ETA 0:09:04
[08/11 09:31:21][INFO] __main__:  152:   [train] 49600/67013 (+49600 / skipped 0 / err 0) | 32.1 v/s | ETA 0:09:01
[08/11 09:31:24][INFO] __main__:  152:   [train] 49700/67013 (+49700 / skipped 0 / err 0) | 32.1 v/s | ETA 0:08:58
[08/11 09:31:27][INFO] __main__:  152:   [train] 49800/67013 (+49800 / skipped 0 / err 0) | 32.1 v/s | ETA 0:08:55
[08/11 09:31:30][INFO] __main__:  152:   [train] 49900/67013 (+49900 / skipped 0 / err 0) | 32.1 v/s | ETA 0:08:52
[08/11 09:31:33][INFO] __main__:  152:   [train] 50000/67013 (+50000 / skipped 0 / err 0) | 32.1 v/s | ETA 0:08:49
[08/11 09:31:36][INFO] __main__:  152:   [train] 50100/67013 (+50100 / skipped 0 / err 0) | 32.1 v/s | ETA 0:08:46
[08/11 09:31:39][INFO] __main__:  152:   [train] 50200/67013 (+50200 / skipped 0 / err 0) | 32.1 v/s | ETA 0:08:43
[08/11 09:31:42][INFO] __main__:  152:   [train] 50300/67013 (+50300 / skipped 0 / err 0) | 32.1 v/s | ETA 0:08:40
[08/11 09:31:45][INFO] __main__:  152:   [train] 50400/67013 (+50400 / skipped 0 / err 0) | 32.1 v/s | ETA 0:08:36
[08/11 09:31:49][INFO] __main__:  152:   [train] 50500/67013 (+50500 / skipped 0 / err 0) | 32.1 v/s | ETA 0:08:33
[08/11 09:31:52][INFO] __main__:  152:   [train] 50600/67013 (+50600 / skipped 0 / err 0) | 32.1 v/s | ETA 0:08:30
[08/11 09:31:55][INFO] __main__:  152:   [train] 50700/67013 (+50700 / skipped 0 / err 0) | 32.1 v/s | ETA 0:08:27
[08/11 09:31:58][INFO] __main__:  152:   [train] 50800/67013 (+50800 / skipped 0 / err 0) | 32.1 v/s | ETA 0:08:24
[08/11 09:32:01][INFO] __main__:  152:   [train] 50900/67013 (+50900 / skipped 0 / err 0) | 32.1 v/s | ETA 0:08:21
[08/11 09:32:04][INFO] __main__:  152:   [train] 51000/67013 (+51000 / skipped 0 / err 0) | 32.1 v/s | ETA 0:08:18
[08/11 09:32:07][INFO] __main__:  152:   [train] 51100/67013 (+51100 / skipped 0 / err 0) | 32.1 v/s | ETA 0:08:15
[08/11 09:32:10][INFO] __main__:  152:   [train] 51200/67013 (+51200 / skipped 0 / err 0) | 32.1 v/s | ETA 0:08:12
[08/11 09:32:13][INFO] __main__:  152:   [train] 51300/67013 (+51300 / skipped 0 / err 0) | 32.1 v/s | ETA 0:08:08
[08/11 09:32:17][INFO] __main__:  152:   [train] 51400/67013 (+51400 / skipped 0 / err 0) | 32.1 v/s | ETA 0:08:05
[08/11 09:32:20][INFO] __main__:  152:   [train] 51500/67013 (+51500 / skipped 0 / err 0) | 32.1 v/s | ETA 0:08:02
[08/11 09:32:23][INFO] __main__:  152:   [train] 51600/67013 (+51600 / skipped 0 / err 0) | 32.1 v/s | ETA 0:07:59
[08/11 09:32:26][INFO] __main__:  152:   [train] 51700/67013 (+51700 / skipped 0 / err 0) | 32.1 v/s | ETA 0:07:56
[08/11 09:32:29][INFO] __main__:  152:   [train] 51800/67013 (+51800 / skipped 0 / err 0) | 32.1 v/s | ETA 0:07:53
[08/11 09:32:32][INFO] __main__:  152:   [train] 51900/67013 (+51900 / skipped 0 / err 0) | 32.1 v/s | ETA 0:07:50
[08/11 09:32:35][INFO] __main__:  152:   [train] 52000/67013 (+52000 / skipped 0 / err 0) | 32.1 v/s | ETA 0:07:47
[08/11 09:32:38][INFO] __main__:  152:   [train] 52100/67013 (+52100 / skipped 0 / err 0) | 32.1 v/s | ETA 0:07:44
[08/11 09:32:41][INFO] __main__:  152:   [train] 52200/67013 (+52200 / skipped 0 / err 0) | 32.1 v/s | ETA 0:07:40
[08/11 09:32:45][INFO] __main__:  152:   [train] 52300/67013 (+52300 / skipped 0 / err 0) | 32.1 v/s | ETA 0:07:37
[08/11 09:32:48][INFO] __main__:  152:   [train] 52400/67013 (+52400 / skipped 0 / err 0) | 32.1 v/s | ETA 0:07:34
[08/11 09:32:51][INFO] __main__:  152:   [train] 52500/67013 (+52500 / skipped 0 / err 0) | 32.1 v/s | ETA 0:07:31
[08/11 09:32:54][INFO] __main__:  152:   [train] 52600/67013 (+52600 / skipped 0 / err 0) | 32.1 v/s | ETA 0:07:28
[08/11 09:32:57][INFO] __main__:  152:   [train] 52700/67013 (+52700 / skipped 0 / err 0) | 32.1 v/s | ETA 0:07:25
[08/11 09:33:00][INFO] __main__:  152:   [train] 52800/67013 (+52800 / skipped 0 / err 0) | 32.1 v/s | ETA 0:07:22
[08/11 09:33:03][INFO] __main__:  152:   [train] 52900/67013 (+52900 / skipped 0 / err 0) | 32.1 v/s | ETA 0:07:19
[08/11 09:33:06][INFO] __main__:  152:   [train] 53000/67013 (+53000 / skipped 0 / err 0) | 32.1 v/s | ETA 0:07:16
[08/11 09:33:09][INFO] __main__:  152:   [train] 53100/67013 (+53100 / skipped 0 / err 0) | 32.1 v/s | ETA 0:07:12
[08/11 09:33:13][INFO] __main__:  152:   [train] 53200/67013 (+53200 / skipped 0 / err 0) | 32.1 v/s | ETA 0:07:09
[08/11 09:33:16][INFO] __main__:  152:   [train] 53300/67013 (+53300 / skipped 0 / err 0) | 32.1 v/s | ETA 0:07:06
[08/11 09:33:19][INFO] __main__:  152:   [train] 53400/67013 (+53400 / skipped 0 / err 0) | 32.1 v/s | ETA 0:07:03
[08/11 09:33:22][INFO] __main__:  152:   [train] 53500/67013 (+53500 / skipped 0 / err 0) | 32.1 v/s | ETA 0:07:00
[08/11 09:33:25][INFO] __main__:  152:   [train] 53600/67013 (+53600 / skipped 0 / err 0) | 32.1 v/s | ETA 0:06:57
[08/11 09:33:28][INFO] __main__:  152:   [train] 53700/67013 (+53700 / skipped 0 / err 0) | 32.1 v/s | ETA 0:06:54
[08/11 09:33:31][INFO] __main__:  152:   [train] 53800/67013 (+53800 / skipped 0 / err 0) | 32.1 v/s | ETA 0:06:51
[08/11 09:33:34][INFO] __main__:  152:   [train] 53900/67013 (+53900 / skipped 0 / err 0) | 32.1 v/s | ETA 0:06:48
[08/11 09:33:37][INFO] __main__:  152:   [train] 54000/67013 (+54000 / skipped 0 / err 0) | 32.1 v/s | ETA 0:06:44
[08/11 09:33:41][INFO] __main__:  152:   [train] 54100/67013 (+54100 / skipped 0 / err 0) | 32.1 v/s | ETA 0:06:41
[08/11 09:33:44][INFO] __main__:  152:   [train] 54200/67013 (+54200 / skipped 0 / err 0) | 32.1 v/s | ETA 0:06:38
[08/11 09:33:47][INFO] __main__:  152:   [train] 54300/67013 (+54300 / skipped 0 / err 0) | 32.1 v/s | ETA 0:06:35
[08/11 09:33:50][INFO] __main__:  152:   [train] 54400/67013 (+54400 / skipped 0 / err 0) | 32.1 v/s | ETA 0:06:32
[08/11 09:33:53][INFO] __main__:  152:   [train] 54500/67013 (+54500 / skipped 0 / err 0) | 32.1 v/s | ETA 0:06:29
[08/11 09:33:56][INFO] __main__:  152:   [train] 54600/67013 (+54600 / skipped 0 / err 0) | 32.1 v/s | ETA 0:06:26
[08/11 09:33:59][INFO] __main__:  152:   [train] 54700/67013 (+54700 / skipped 0 / err 0) | 32.1 v/s | ETA 0:06:23
[08/11 09:34:02][INFO] __main__:  152:   [train] 54800/67013 (+54800 / skipped 0 / err 0) | 32.1 v/s | ETA 0:06:20
[08/11 09:34:05][INFO] __main__:  152:   [train] 54900/67013 (+54900 / skipped 0 / err 0) | 32.1 v/s | ETA 0:06:16
[08/11 09:34:09][INFO] __main__:  152:   [train] 55000/67013 (+55000 / skipped 0 / err 0) | 32.1 v/s | ETA 0:06:13
[08/11 09:34:12][INFO] __main__:  152:   [train] 55100/67013 (+55100 / skipped 0 / err 0) | 32.1 v/s | ETA 0:06:10
[08/11 09:34:15][INFO] __main__:  152:   [train] 55200/67013 (+55200 / skipped 0 / err 0) | 32.1 v/s | ETA 0:06:07
[08/11 09:34:18][INFO] __main__:  152:   [train] 55300/67013 (+55300 / skipped 0 / err 0) | 32.1 v/s | ETA 0:06:04
[08/11 09:34:21][INFO] __main__:  152:   [train] 55400/67013 (+55400 / skipped 0 / err 0) | 32.1 v/s | ETA 0:06:01
[08/11 09:34:24][INFO] __main__:  152:   [train] 55500/67013 (+55500 / skipped 0 / err 0) | 32.1 v/s | ETA 0:05:58
[08/11 09:34:27][INFO] __main__:  152:   [train] 55600/67013 (+55600 / skipped 0 / err 0) | 32.1 v/s | ETA 0:05:55
[08/11 09:34:30][INFO] __main__:  152:   [train] 55700/67013 (+55700 / skipped 0 / err 0) | 32.1 v/s | ETA 0:05:52
[08/11 09:34:33][INFO] __main__:  152:   [train] 55800/67013 (+55800 / skipped 0 / err 0) | 32.1 v/s | ETA 0:05:48
[08/11 09:34:37][INFO] __main__:  152:   [train] 55900/67013 (+55900 / skipped 0 / err 0) | 32.1 v/s | ETA 0:05:45
[08/11 09:34:40][INFO] __main__:  152:   [train] 56000/67013 (+56000 / skipped 0 / err 0) | 32.1 v/s | ETA 0:05:42
[08/11 09:34:43][INFO] __main__:  152:   [train] 56100/67013 (+56100 / skipped 0 / err 0) | 32.1 v/s | ETA 0:05:39
[08/11 09:34:46][INFO] __main__:  152:   [train] 56200/67013 (+56200 / skipped 0 / err 0) | 32.1 v/s | ETA 0:05:36
[08/11 09:34:49][INFO] __main__:  152:   [train] 56300/67013 (+56300 / skipped 0 / err 0) | 32.1 v/s | ETA 0:05:33
[08/11 09:34:52][INFO] __main__:  152:   [train] 56400/67013 (+56400 / skipped 0 / err 0) | 32.1 v/s | ETA 0:05:30
[08/11 09:34:55][INFO] __main__:  152:   [train] 56500/67013 (+56500 / skipped 0 / err 0) | 32.1 v/s | ETA 0:05:27
[08/11 09:34:58][INFO] __main__:  152:   [train] 56600/67013 (+56600 / skipped 0 / err 0) | 32.1 v/s | ETA 0:05:24
[08/11 09:35:01][INFO] __main__:  152:   [train] 56700/67013 (+56700 / skipped 0 / err 0) | 32.1 v/s | ETA 0:05:20
[08/11 09:35:05][INFO] __main__:  152:   [train] 56800/67013 (+56800 / skipped 0 / err 0) | 32.1 v/s | ETA 0:05:17
[08/11 09:35:08][INFO] __main__:  152:   [train] 56900/67013 (+56900 / skipped 0 / err 0) | 32.1 v/s | ETA 0:05:14
[08/11 09:35:11][INFO] __main__:  152:   [train] 57000/67013 (+57000 / skipped 0 / err 0) | 32.1 v/s | ETA 0:05:11
[08/11 09:35:14][INFO] __main__:  152:   [train] 57100/67013 (+57100 / skipped 0 / err 0) | 32.1 v/s | ETA 0:05:08
[08/11 09:35:17][INFO] __main__:  152:   [train] 57200/67013 (+57200 / skipped 0 / err 0) | 32.1 v/s | ETA 0:05:05
[08/11 09:35:20][INFO] __main__:  152:   [train] 57300/67013 (+57300 / skipped 0 / err 0) | 32.1 v/s | ETA 0:05:02
[08/11 09:35:23][INFO] __main__:  152:   [train] 57400/67013 (+57400 / skipped 0 / err 0) | 32.1 v/s | ETA 0:04:59
[08/11 09:35:26][INFO] __main__:  152:   [train] 57500/67013 (+57500 / skipped 0 / err 0) | 32.1 v/s | ETA 0:04:56
[08/11 09:35:29][INFO] __main__:  152:   [train] 57600/67013 (+57600 / skipped 0 / err 0) | 32.1 v/s | ETA 0:04:52
[08/11 09:35:33][INFO] __main__:  152:   [train] 57700/67013 (+57700 / skipped 0 / err 0) | 32.1 v/s | ETA 0:04:49
[08/11 09:35:36][INFO] __main__:  152:   [train] 57800/67013 (+57800 / skipped 0 / err 0) | 32.1 v/s | ETA 0:04:46
[08/11 09:35:39][INFO] __main__:  152:   [train] 57900/67013 (+57900 / skipped 0 / err 0) | 32.1 v/s | ETA 0:04:43
[08/11 09:35:42][INFO] __main__:  152:   [train] 58000/67013 (+58000 / skipped 0 / err 0) | 32.1 v/s | ETA 0:04:40
[08/11 09:35:45][INFO] __main__:  152:   [train] 58100/67013 (+58100 / skipped 0 / err 0) | 32.1 v/s | ETA 0:04:37
[08/11 09:35:48][INFO] __main__:  152:   [train] 58200/67013 (+58200 / skipped 0 / err 0) | 32.1 v/s | ETA 0:04:34
[08/11 09:35:51][INFO] __main__:  152:   [train] 58300/67013 (+58300 / skipped 0 / err 0) | 32.1 v/s | ETA 0:04:31
[08/11 09:35:54][INFO] __main__:  152:   [train] 58400/67013 (+58400 / skipped 0 / err 0) | 32.1 v/s | ETA 0:04:28
[08/11 09:35:57][INFO] __main__:  152:   [train] 58500/67013 (+58500 / skipped 0 / err 0) | 32.1 v/s | ETA 0:04:24
[08/11 09:36:01][INFO] __main__:  152:   [train] 58600/67013 (+58600 / skipped 0 / err 0) | 32.1 v/s | ETA 0:04:21
[08/11 09:36:04][INFO] __main__:  152:   [train] 58700/67013 (+58700 / skipped 0 / err 0) | 32.1 v/s | ETA 0:04:18
[08/11 09:36:07][INFO] __main__:  152:   [train] 58800/67013 (+58800 / skipped 0 / err 0) | 32.1 v/s | ETA 0:04:15
[08/11 09:36:10][INFO] __main__:  152:   [train] 58900/67013 (+58900 / skipped 0 / err 0) | 32.1 v/s | ETA 0:04:12
[08/11 09:36:13][INFO] __main__:  152:   [train] 59000/67013 (+59000 / skipped 0 / err 0) | 32.1 v/s | ETA 0:04:09
[08/11 09:36:16][INFO] __main__:  152:   [train] 59100/67013 (+59100 / skipped 0 / err 0) | 32.1 v/s | ETA 0:04:06
[08/11 09:36:19][INFO] __main__:  152:   [train] 59200/67013 (+59200 / skipped 0 / err 0) | 32.1 v/s | ETA 0:04:03
[08/11 09:36:22][INFO] __main__:  152:   [train] 59300/67013 (+59300 / skipped 0 / err 0) | 32.1 v/s | ETA 0:04:00
[08/11 09:36:25][INFO] __main__:  152:   [train] 59400/67013 (+59400 / skipped 0 / err 0) | 32.1 v/s | ETA 0:03:56
[08/11 09:36:29][INFO] __main__:  152:   [train] 59500/67013 (+59500 / skipped 0 / err 0) | 32.1 v/s | ETA 0:03:53
[08/11 09:36:32][INFO] __main__:  152:   [train] 59600/67013 (+59600 / skipped 0 / err 0) | 32.1 v/s | ETA 0:03:50
[08/11 09:36:35][INFO] __main__:  152:   [train] 59700/67013 (+59700 / skipped 0 / err 0) | 32.1 v/s | ETA 0:03:47
[08/11 09:36:38][INFO] __main__:  152:   [train] 59800/67013 (+59800 / skipped 0 / err 0) | 32.1 v/s | ETA 0:03:44
[08/11 09:36:41][INFO] __main__:  152:   [train] 59900/67013 (+59900 / skipped 0 / err 0) | 32.1 v/s | ETA 0:03:41
[08/11 09:36:44][INFO] __main__:  152:   [train] 60000/67013 (+60000 / skipped 0 / err 0) | 32.1 v/s | ETA 0:03:38
[08/11 09:36:47][INFO] __main__:  152:   [train] 60100/67013 (+60100 / skipped 0 / err 0) | 32.1 v/s | ETA 0:03:35
[08/11 09:36:50][INFO] __main__:  152:   [train] 60200/67013 (+60200 / skipped 0 / err 0) | 32.1 v/s | ETA 0:03:32
[08/11 09:36:53][INFO] __main__:  152:   [train] 60300/67013 (+60300 / skipped 0 / err 0) | 32.1 v/s | ETA 0:03:28
[08/11 09:36:57][INFO] __main__:  152:   [train] 60400/67013 (+60400 / skipped 0 / err 0) | 32.1 v/s | ETA 0:03:25
[08/11 09:37:00][INFO] __main__:  152:   [train] 60500/67013 (+60500 / skipped 0 / err 0) | 32.1 v/s | ETA 0:03:22
[08/11 09:37:03][INFO] __main__:  152:   [train] 60600/67013 (+60600 / skipped 0 / err 0) | 32.1 v/s | ETA 0:03:19
[08/11 09:37:06][INFO] __main__:  152:   [train] 60700/67013 (+60700 / skipped 0 / err 0) | 32.1 v/s | ETA 0:03:16
[08/11 09:37:09][INFO] __main__:  152:   [train] 60800/67013 (+60800 / skipped 0 / err 0) | 32.1 v/s | ETA 0:03:13
[08/11 09:37:12][INFO] __main__:  152:   [train] 60900/67013 (+60900 / skipped 0 / err 0) | 32.1 v/s | ETA 0:03:10
[08/11 09:37:15][INFO] __main__:  152:   [train] 61000/67013 (+61000 / skipped 0 / err 0) | 32.1 v/s | ETA 0:03:07
[08/11 09:37:18][INFO] __main__:  152:   [train] 61100/67013 (+61100 / skipped 0 / err 0) | 32.1 v/s | ETA 0:03:04
[08/11 09:37:21][INFO] __main__:  152:   [train] 61200/67013 (+61200 / skipped 0 / err 0) | 32.1 v/s | ETA 0:03:00
[08/11 09:37:25][INFO] __main__:  152:   [train] 61300/67013 (+61300 / skipped 0 / err 0) | 32.1 v/s | ETA 0:02:57
[08/11 09:37:28][INFO] __main__:  152:   [train] 61400/67013 (+61400 / skipped 0 / err 0) | 32.1 v/s | ETA 0:02:54
[08/11 09:37:31][INFO] __main__:  152:   [train] 61500/67013 (+61500 / skipped 0 / err 0) | 32.1 v/s | ETA 0:02:51
[08/11 09:37:34][INFO] __main__:  152:   [train] 61600/67013 (+61600 / skipped 0 / err 0) | 32.1 v/s | ETA 0:02:48
[08/11 09:37:37][INFO] __main__:  152:   [train] 61700/67013 (+61700 / skipped 0 / err 0) | 32.1 v/s | ETA 0:02:45
[08/11 09:37:40][INFO] __main__:  152:   [train] 61800/67013 (+61800 / skipped 0 / err 0) | 32.1 v/s | ETA 0:02:42
[08/11 09:37:43][INFO] __main__:  152:   [train] 61900/67013 (+61900 / skipped 0 / err 0) | 32.1 v/s | ETA 0:02:39
[08/11 09:37:46][INFO] __main__:  152:   [train] 62000/67013 (+62000 / skipped 0 / err 0) | 32.1 v/s | ETA 0:02:35
[08/11 09:37:49][INFO] __main__:  152:   [train] 62100/67013 (+62100 / skipped 0 / err 0) | 32.1 v/s | ETA 0:02:32
[08/11 09:37:53][INFO] __main__:  152:   [train] 62200/67013 (+62200 / skipped 0 / err 0) | 32.1 v/s | ETA 0:02:29
[08/11 09:37:56][INFO] __main__:  152:   [train] 62300/67013 (+62300 / skipped 0 / err 0) | 32.1 v/s | ETA 0:02:26
[08/11 09:37:59][INFO] __main__:  152:   [train] 62400/67013 (+62400 / skipped 0 / err 0) | 32.1 v/s | ETA 0:02:23
[08/11 09:38:02][INFO] __main__:  152:   [train] 62500/67013 (+62500 / skipped 0 / err 0) | 32.1 v/s | ETA 0:02:20
[08/11 09:38:05][INFO] __main__:  152:   [train] 62600/67013 (+62600 / skipped 0 / err 0) | 32.1 v/s | ETA 0:02:17
[08/11 09:38:08][INFO] __main__:  152:   [train] 62700/67013 (+62700 / skipped 0 / err 0) | 32.1 v/s | ETA 0:02:14
[08/11 09:38:11][INFO] __main__:  152:   [train] 62800/67013 (+62800 / skipped 0 / err 0) | 32.1 v/s | ETA 0:02:11
[08/11 09:38:14][INFO] __main__:  152:   [train] 62900/67013 (+62900 / skipped 0 / err 0) | 32.1 v/s | ETA 0:02:07
[08/11 09:38:17][INFO] __main__:  152:   [train] 63000/67013 (+63000 / skipped 0 / err 0) | 32.1 v/s | ETA 0:02:04
[08/11 09:38:21][INFO] __main__:  152:   [train] 63100/67013 (+63100 / skipped 0 / err 0) | 32.1 v/s | ETA 0:02:01
[08/11 09:38:24][INFO] __main__:  152:   [train] 63200/67013 (+63200 / skipped 0 / err 0) | 32.1 v/s | ETA 0:01:58
[08/11 09:38:27][INFO] __main__:  152:   [train] 63300/67013 (+63300 / skipped 0 / err 0) | 32.1 v/s | ETA 0:01:55
[08/11 09:38:30][INFO] __main__:  152:   [train] 63400/67013 (+63400 / skipped 0 / err 0) | 32.1 v/s | ETA 0:01:52
[08/11 09:38:33][INFO] __main__:  152:   [train] 63500/67013 (+63500 / skipped 0 / err 0) | 32.1 v/s | ETA 0:01:49
[08/11 09:38:36][INFO] __main__:  152:   [train] 63600/67013 (+63600 / skipped 0 / err 0) | 32.1 v/s | ETA 0:01:46
[08/11 09:38:39][INFO] __main__:  152:   [train] 63700/67013 (+63700 / skipped 0 / err 0) | 32.1 v/s | ETA 0:01:43
[08/11 09:38:42][INFO] __main__:  152:   [train] 63800/67013 (+63800 / skipped 0 / err 0) | 32.1 v/s | ETA 0:01:39
[08/11 09:38:45][INFO] __main__:  152:   [train] 63900/67013 (+63900 / skipped 0 / err 0) | 32.1 v/s | ETA 0:01:36
[08/11 09:38:49][INFO] __main__:  152:   [train] 64000/67013 (+64000 / skipped 0 / err 0) | 32.1 v/s | ETA 0:01:33
[08/11 09:38:52][INFO] __main__:  152:   [train] 64100/67013 (+64100 / skipped 0 / err 0) | 32.1 v/s | ETA 0:01:30
[08/11 09:38:55][INFO] __main__:  152:   [train] 64200/67013 (+64200 / skipped 0 / err 0) | 32.1 v/s | ETA 0:01:27
[08/11 09:38:58][INFO] __main__:  152:   [train] 64300/67013 (+64300 / skipped 0 / err 0) | 32.1 v/s | ETA 0:01:24
[08/11 09:39:01][INFO] __main__:  152:   [train] 64400/67013 (+64400 / skipped 0 / err 0) | 32.1 v/s | ETA 0:01:21
[08/11 09:39:04][INFO] __main__:  152:   [train] 64500/67013 (+64500 / skipped 0 / err 0) | 32.1 v/s | ETA 0:01:18
[08/11 09:39:07][INFO] __main__:  152:   [train] 64600/67013 (+64600 / skipped 0 / err 0) | 32.1 v/s | ETA 0:01:15
[08/11 09:39:10][INFO] __main__:  152:   [train] 64700/67013 (+64700 / skipped 0 / err 0) | 32.1 v/s | ETA 0:01:11
[08/11 09:39:13][INFO] __main__:  152:   [train] 64800/67013 (+64800 / skipped 0 / err 0) | 32.1 v/s | ETA 0:01:08
[08/11 09:39:17][INFO] __main__:  152:   [train] 64900/67013 (+64900 / skipped 0 / err 0) | 32.1 v/s | ETA 0:01:05
[08/11 09:39:20][INFO] __main__:  152:   [train] 65000/67013 (+65000 / skipped 0 / err 0) | 32.1 v/s | ETA 0:01:02
[08/11 09:39:23][INFO] __main__:  152:   [train] 65100/67013 (+65100 / skipped 0 / err 0) | 32.1 v/s | ETA 0:00:59
[08/11 09:39:26][INFO] __main__:  152:   [train] 65200/67013 (+65200 / skipped 0 / err 0) | 32.1 v/s | ETA 0:00:56
[08/11 09:39:29][INFO] __main__:  152:   [train] 65300/67013 (+65300 / skipped 0 / err 0) | 32.1 v/s | ETA 0:00:53
[08/11 09:39:32][INFO] __main__:  152:   [train] 65400/67013 (+65400 / skipped 0 / err 0) | 32.1 v/s | ETA 0:00:50
[08/11 09:39:35][INFO] __main__:  152:   [train] 65500/67013 (+65500 / skipped 0 / err 0) | 32.1 v/s | ETA 0:00:47
[08/11 09:39:38][INFO] __main__:  152:   [train] 65600/67013 (+65600 / skipped 0 / err 0) | 32.1 v/s | ETA 0:00:43
[08/11 09:39:41][INFO] __main__:  152:   [train] 65700/67013 (+65700 / skipped 0 / err 0) | 32.1 v/s | ETA 0:00:40
[08/11 09:39:45][INFO] __main__:  152:   [train] 65800/67013 (+65800 / skipped 0 / err 0) | 32.1 v/s | ETA 0:00:37
[08/11 09:39:48][INFO] __main__:  152:   [train] 65900/67013 (+65900 / skipped 0 / err 0) | 32.1 v/s | ETA 0:00:34
[08/11 09:39:51][INFO] __main__:  152:   [train] 66000/67013 (+66000 / skipped 0 / err 0) | 32.1 v/s | ETA 0:00:31
[08/11 09:39:54][INFO] __main__:  152:   [train] 66100/67013 (+66100 / skipped 0 / err 0) | 32.1 v/s | ETA 0:00:28
[08/11 09:39:57][INFO] __main__:  152:   [train] 66200/67013 (+66200 / skipped 0 / err 0) | 32.1 v/s | ETA 0:00:25
[08/11 09:40:00][INFO] __main__:  152:   [train] 66300/67013 (+66300 / skipped 0 / err 0) | 32.1 v/s | ETA 0:00:22
[08/11 09:40:03][INFO] __main__:  152:   [train] 66400/67013 (+66400 / skipped 0 / err 0) | 32.1 v/s | ETA 0:00:19
[08/11 09:40:06][INFO] __main__:  152:   [train] 66500/67013 (+66500 / skipped 0 / err 0) | 32.1 v/s | ETA 0:00:15
[08/11 09:40:09][INFO] __main__:  152:   [train] 66600/67013 (+66600 / skipped 0 / err 0) | 32.1 v/s | ETA 0:00:12
[08/11 09:40:13][INFO] __main__:  152:   [train] 66700/67013 (+66700 / skipped 0 / err 0) | 32.1 v/s | ETA 0:00:09
[08/11 09:40:16][INFO] __main__:  152:   [train] 66800/67013 (+66800 / skipped 0 / err 0) | 32.1 v/s | ETA 0:00:06
[08/11 09:40:19][INFO] __main__:  152:   [train] 66900/67013 (+66900 / skipped 0 / err 0) | 32.1 v/s | ETA 0:00:03
[08/11 09:40:22][INFO] __main__:  152:   [train] 67000/67013 (+67000 / skipped 0 / err 0) | 32.1 v/s | ETA 0:00:00
[08/11 09:40:22][INFO] __main__:  179: [train] rank=0: +67013 extracted, 0 skipped, 0 errors | 0:34:45
[08/11 09:40:22][INFO] __main__:  101: [val] 1926 videos 鈫?extracting CLIP features...
[08/11 09:40:26][INFO] __main__:  152:   [val] 100/1926 (+100 / skipped 0 / err 0) | 30.4 v/s | ETA 0:00:59
[08/11 09:40:29][INFO] __main__:  152:   [val] 200/1926 (+200 / skipped 0 / err 0) | 31.3 v/s | ETA 0:00:55
[08/11 09:40:32][INFO] __main__:  152:   [val] 300/1926 (+300 / skipped 0 / err 0) | 31.6 v/s | ETA 0:00:51
[08/11 09:40:35][INFO] __main__:  152:   [val] 400/1926 (+400 / skipped 0 / err 0) | 31.7 v/s | ETA 0:00:48
[08/11 09:40:38][INFO] __main__:  152:   [val] 500/1926 (+500 / skipped 0 / err 0) | 31.8 v/s | ETA 0:00:44
[08/11 09:40:41][INFO] __main__:  152:   [val] 600/1926 (+600 / skipped 0 / err 0) | 31.9 v/s | ETA 0:00:41
[08/11 09:40:44][INFO] __main__:  152:   [val] 700/1926 (+700 / skipped 0 / err 0) | 31.9 v/s | ETA 0:00:38
[08/11 09:40:47][INFO] __main__:  152:   [val] 800/1926 (+800 / skipped 0 / err 0) | 31.9 v/s | ETA 0:00:35
[08/11 09:40:51][INFO] __main__:  152:   [val] 900/1926 (+900 / skipped 0 / err 0) | 32.0 v/s | ETA 0:00:32
[08/11 09:40:54][INFO] __main__:  152:   [val] 1000/1926 (+1000 / skipped 0 / err 0) | 32.0 v/s | ETA 0:00:28
[08/11 09:40:57][INFO] __main__:  152:   [val] 1100/1926 (+1100 / skipped 0 / err 0) | 32.0 v/s | ETA 0:00:25
[08/11 09:41:00][INFO] __main__:  152:   [val] 1200/1926 (+1200 / skipped 0 / err 0) | 32.0 v/s | ETA 0:00:22
[08/11 09:41:03][INFO] __main__:  152:   [val] 1300/1926 (+1300 / skipped 0 / err 0) | 32.0 v/s | ETA 0:00:19
[08/11 09:41:06][INFO] __main__:  152:   [val] 1400/1926 (+1400 / skipped 0 / err 0) | 32.0 v/s | ETA 0:00:16
[08/11 09:41:09][INFO] __main__:  152:   [val] 1500/1926 (+1500 / skipped 0 / err 0) | 32.1 v/s | ETA 0:00:13
[08/11 09:41:12][INFO] __main__:  152:   [val] 1600/1926 (+1600 / skipped 0 / err 0) | 32.1 v/s | ETA 0:00:10
[08/11 09:41:15][INFO] __main__:  152:   [val] 1700/1926 (+1700 / skipped 0 / err 0) | 32.1 v/s | ETA 0:00:07
[08/11 09:41:19][INFO] __main__:  152:   [val] 1800/1926 (+1800 / skipped 0 / err 0) | 32.1 v/s | ETA 0:00:03
[08/11 09:41:22][INFO] __main__:  152:   [val] 1900/1926 (+1900 / skipped 0 / err 0) | 32.1 v/s | ETA 0:00:00
[08/11 09:41:22][INFO] __main__:  179: [val] rank=0: +1926 extracted, 0 skipped, 0 errors | 0:01:00
[08/11 09:41:22][INFO] __main__:  101: [test] 2857 videos 鈫?extracting CLIP features...
[08/11 09:41:26][INFO] __main__:  152:   [test] 100/2857 (+100 / skipped 0 / err 0) | 30.8 v/s | ETA 0:01:29
[08/11 09:41:29][INFO] __main__:  152:   [test] 200/2857 (+200 / skipped 0 / err 0) | 31.5 v/s | ETA 0:01:24
[08/11 09:41:32][INFO] __main__:  152:   [test] 300/2857 (+300 / skipped 0 / err 0) | 31.7 v/s | ETA 0:01:20
[08/11 09:41:35][INFO] __main__:  152:   [test] 400/2857 (+400 / skipped 0 / err 0) | 31.8 v/s | ETA 0:01:17
[08/11 09:41:38][INFO] __main__:  152:   [test] 500/2857 (+500 / skipped 0 / err 0) | 31.9 v/s | ETA 0:01:13
[08/11 09:41:41][INFO] __main__:  152:   [test] 600/2857 (+600 / skipped 0 / err 0) | 31.9 v/s | ETA 0:01:10
[08/11 09:41:44][INFO] __main__:  152:   [test] 700/2857 (+700 / skipped 0 / err 0) | 32.0 v/s | ETA 0:01:07
[08/11 09:41:47][INFO] __main__:  152:   [test] 800/2857 (+800 / skipped 0 / err 0) | 32.0 v/s | ETA 0:01:04
[08/11 09:41:51][INFO] __main__:  152:   [test] 900/2857 (+900 / skipped 0 / err 0) | 32.0 v/s | ETA 0:01:01
[08/11 09:41:54][INFO] __main__:  152:   [test] 1000/2857 (+1000 / skipped 0 / err 0) | 32.0 v/s | ETA 0:00:58
[08/11 09:41:57][INFO] __main__:  152:   [test] 1100/2857 (+1100 / skipped 0 / err 0) | 32.0 v/s | ETA 0:00:54
[08/11 09:42:00][INFO] __main__:  152:   [test] 1200/2857 (+1200 / skipped 0 / err 0) | 32.0 v/s | ETA 0:00:51
[08/11 09:42:03][INFO] __main__:  152:   [test] 1300/2857 (+1300 / skipped 0 / err 0) | 32.0 v/s | ETA 0:00:48
[08/11 09:42:06][INFO] __main__:  152:   [test] 1400/2857 (+1400 / skipped 0 / err 0) | 32.0 v/s | ETA 0:00:45
[08/11 09:42:09][INFO] __main__:  152:   [test] 1500/2857 (+1500 / skipped 0 / err 0) | 32.1 v/s | ETA 0:00:42
[08/11 09:42:12][INFO] __main__:  152:   [test] 1600/2857 (+1600 / skipped 0 / err 0) | 32.1 v/s | ETA 0:00:39
[08/11 09:42:15][INFO] __main__:  152:   [test] 1700/2857 (+1700 / skipped 0 / err 0) | 32.1 v/s | ETA 0:00:36
[08/11 09:42:19][INFO] __main__:  152:   [test] 1800/2857 (+1800 / skipped 0 / err 0) | 32.1 v/s | ETA 0:00:32
[08/11 09:42:22][INFO] __main__:  152:   [test] 1900/2857 (+1900 / skipped 0 / err 0) | 32.1 v/s | ETA 0:00:29
[08/11 09:42:25][INFO] __main__:  152:   [test] 2000/2857 (+2000 / skipped 0 / err 0) | 32.1 v/s | ETA 0:00:26
[08/11 09:42:28][INFO] __main__:  152:   [test] 2100/2857 (+2100 / skipped 0 / err 0) | 32.1 v/s | ETA 0:00:23
[08/11 09:42:31][INFO] __main__:  152:   [test] 2200/2857 (+2200 / skipped 0 / err 0) | 32.1 v/s | ETA 0:00:20
[08/11 09:42:34][INFO] __main__:  152:   [test] 2300/2857 (+2300 / skipped 0 / err 0) | 32.1 v/s | ETA 0:00:17
[08/11 09:42:37][INFO] __main__:  152:   [test] 2400/2857 (+2400 / skipped 0 / err 0) | 32.1 v/s | ETA 0:00:14
[08/11 09:42:40][INFO] __main__:  152:   [test] 2500/2857 (+2500 / skipped 0 / err 0) | 32.1 v/s | ETA 0:00:11
[08/11 09:42:44][INFO] __main__:  152:   [test] 2600/2857 (+2600 / skipped 0 / err 0) | 32.1 v/s | ETA 0:00:08
[08/11 09:42:47][INFO] __main__:  152:   [test] 2700/2857 (+2700 / skipped 0 / err 0) | 32.1 v/s | ETA 0:00:04
[08/11 09:42:50][INFO] __main__:  152:   [test] 2800/2857 (+2800 / skipped 0 / err 0) | 32.1 v/s | ETA 0:00:01
[08/11 09:42:52][INFO] __main__:  179: [test] rank=0: +2857 extracted, 0 skipped, 0 errors | 0:01:29
[08/11 09:42:52][INFO] __main__:  278: ============================================================
[08/11 09:42:52][INFO] __main__:  279: Done! 71796 features 鈫?data/feat_cache/ssv2/ViT-B-16_T32
[08/11 09:42:52][INFO] __main__:  280: Now run training with FEAT_CACHE.ENABLE=True
[08/11 09:42:52][INFO] __main__:  281: ============================================================
