[08/19 09:21:00][INFO] train_net_few_shot:  248: Train with config:
[08/19 09:21:00][INFO] train_net_few_shot:  249: {
  "TASK_TYPE": "few_shot_action",
  "PRETRAIN": {
    "ENABLE": false
  },
  "LOCALIZATION": {
    "ENABLE": false
  },
  "TRAIN": {
    "ENABLE": true,
    "DATASET": "SSv2-Full",
    "BATCH_SIZE": 1,
    "LOG_FILE": "train.log",
    "EVAL_PERIOD": 2,
    "NUM_FOLDS": 1,
    "AUTO_RESUME": true,
    "CHECKPOINT_PERIOD": 10,
    "CHECKPOINT_FILE_PATH": "",
    "CHECKPOINT_TYPE": "pytorch",
    "CHECKPOINT_INFLATE": false,
    "CHECKPOINT_PRE_PROCESS": {
      "ENABLE": false
    },
    "FINE_TUNE": true,
    "ONLY_LINEAR": false,
    "LR_REDUCE": false,
    "TRAIN_VAL_COMBINE": false,
    "LOSS_FUNC": "cross_entropy",
    "USE_CLASSIFICATION_VALUE": 2.0,
    "GRADIENT_CHECKPOINT": true,
    "NUM_CLASS": 64,
    "META_BATCH": true,
    "WAY": 5,
    "SHOT": 1,
    "QUERY_PER_CLASS": 1,
    "QUERY_PER_CLASS_TEST": 1,
    "NUM_TRAIN_TASKS": 30000,
    "NUM_TEST_TASKS": 10000,
    "VAL_FRE_ITER": 10000,
    "BATCH_SIZE_PER_TASK": 4
  },
  "TEST": {
    "ENABLE": true,
    "DATASET": "SSv2-Full",
    "BATCH_SIZE": 1,
    "NUM_SPATIAL_CROPS": 1,
    "SPATIAL_CROPS": "cctltr",
    "NUM_ENSEMBLE_VIEWS": 1,
    "LOG_FILE": "test.log",
    "CHECKPOINT_FILE_PATH": "",
    "CHECKPOINT_TYPE": "pytorch",
    "AUTOMATIC_MULTI_SCALE_TEST": false,
    "TEST_SET": "val",
    "UPLOAD_CLASSIFIER_RESULTS": true,
    "SHOT": [
      1,
      5
    ]
  },
  "VISUALIZATION": {
    "ENABLE": false,
    "NAME": "",
    "FEATURE_MAPS": {
      "ENABLE": false,
      "BASE_OUTPUT_DIR": ""
    }
  },
  "SUBMISSION": {
    "ENABLE": false,
    "SAVE_RESULTS_PATH": "test.json"
  },
  "DATA": {
    "DATA_ROOT_DIR": "/mnt/data/yanyi2025/lrc/action_data/ssv2/videos/videos/",
    "ANNO_DIR": "config/ssv2_full/",
    "NUM_INPUT_FRAMES": 8,
    "NUM_INPUT_CHANNELS": 2304,
    "SAMPLING_MODE": "interval_based",
    "SAMPLING_RATE": 50,
    "TRAIN_JITTER_SCALES": [
      256,
      256
    ],
    "TRAIN_CROP_SIZE": 224,
    "TEST_SCALE": 256,
    "TEST_CROP_SIZE": 224,
    "MEAN": [
      0.48145466,
      0.4578275,
      0.40821073
    ],
    "STD": [
      0.26862954,
      0.26130258,
      0.27577711
    ],
    "MULTI_LABEL": false,
    "ENSEMBLE_METHOD": "sum",
    "TARGET_FPS": 12,
    "MINUS_INTERVAL": false,
    "FPS": 12,
    "NORM_FEATURE": false,
    "USE_AUG_FEATURE": false,
    "AUG": false,
    "LOAD_PROPS": false,
    "TEMPORAL_SCALE": 256,
    "LABELS_TYPE": "cls",
    "LOAD_TYPE": "pickle",
    "DOWNLOAD_FEATURE": true,
    "VIDEO_EXT": ".webm",
    "SAMPLING_UNIFORM": false,
    "TEST_CENTER_CROP": true,
    "CLIP_INTERVAL": 8
  },
  "MODEL": {
    "NAME": "BaseVideoModel",
    "EMA": {
      "ENABLE": false,
      "DECAY": 0.99996
    }
  },
  "VIDEO": {
    "BACKBONE": {
      "DEPTH": null,
      "META_ARCH": "Identity",
      "NUM_FILTERS": null,
      "NUM_INPUT_CHANNELS": 3,
      "NUM_OUT_FEATURES": null,
      "KERNEL_SIZE": null,
      "DOWNSAMPLING": null,
      "DOWNSAMPLING_TEMPORAL": null,
      "NUM_STREAMS": 1,
      "EXPANSION_RATIO": 2,
      "BRANCH": {
        "NAME": null
      },
      "STEM": {
        "NAME": null
      },
      "NONLOCAL": {
        "ENABLE": false,
        "STAGES": [
          5
        ],
        "MASK_ENABLE": false
      },
      "INITIALIZATION": null
    },
    "HEAD": {
      "NAME": "BaseTemporalClassifier",
      "ACTIVATION": "softmax",
      "DROPOUT_RATE": 0.0,
      "NUM_CLASSES": 200
    }
  },
  "OPTIMIZER": {
    "ADJUST_LR": false,
    "BASE_LR": 0.002,
    "LR_POLICY": "cosine",
    "MAX_EPOCH": 300,
    "MOMENTUM": 0.9,
    "WEIGHT_DECAY": "1e-3",
    "WARMUP_EPOCHS": 10,
    "WARMUP_START_LR": 0.0002,
    "OPTIM_METHOD": "adam",
    "DAMPENING": 0.0,
    "NESTEROV": true
  },
  "BN": {
    "WB_LOCK": false,
    "FREEZE": false,
    "WEIGHT_DECAY": 0.0,
    "MOMENTUM": 0.1,
    "EPS": "1e-3",
    "SYNC": false
  },
  "DATA_LOADER": {
    "NUM_WORKERS": 8,
    "PIN_MEMORY": true,
    "ENABLE_MULTI_THREAD_DECODE": true,
    "COLLATE_FN": null
  },
  "NUM_GPUS": 1,
  "SHARD_ID": 0,
  "NUM_SHARDS": 1,
  "RANDOM_SEED": 18,
  "OUTPUT_DIR": "output/SSv2_Full_FOCUS_TASK_MATCH",
  "OUTPUT_CFG_FILE": "configuration.log",
  "LOG_PERIOD": 200,
  "DIST_BACKEND": "nccl",
  "LOG_MODEL_INFO": false,
  "LOG_CONFIG_INFO": true,
  "OSS": {
    "ENABLE": false,
    "KEY": null,
    "SECRET": null,
    "ENDPOINT": null,
    "CHECKPOINT_OUTPUT_PATH": null,
    "SECONDARY_DATA_OSS": {
      "ENABLE": false,
      "KEY": null,
      "SECRET": null,
      "ENDPOINT": null,
      "BUCKETS": [
        ""
      ]
    }
  },
  "AUGMENTATION": {
    "COLOR_AUG": false,
    "BRIGHTNESS": 0.5,
    "CONTRAST": 0.5,
    "SATURATION": 0.5,
    "HUE": 0.25,
    "GRAYSCALE": 0.3,
    "CONSISTENT": true,
    "SHUFFLE": true,
    "GRAY_FIRST": true,
    "RATIO": [
      0.857142857142857,
      1.1666666666666667
    ],
    "USE_GPU": false,
    "MIXUP": {
      "ENABLE": false,
      "ALPHA": 0.0,
      "PROB": 1.0,
      "MODE": "batch",
      "SWITCH_PROB": 0.5
    },
    "CUTMIX": {
      "ENABLE": false,
      "ALPHA": 0.0,
      "MINMAX": null
    },
    "RANDOM_ERASING": {
      "ENABLE": false,
      "PROB": 0.25,
      "MODE": "const",
      "COUNT": [
        1,
        1
      ],
      "NUM_SPLITS": 0,
      "AREA_RANGE": [
        0.02,
        0.33
      ],
      "MIN_ASPECT": 0.3
    },
    "LABEL_SMOOTHING": 0.0,
    "SSV2_FLIP": false,
    "IS_SPLIT": false,
    "NO_RANDOM_ERASE": true,
    "SUPPORT_QUERY_DIFF": true
  },
  "PAI": false,
  "USE_MULTISEG_VAL_DIST": false,
  "DETECTION": {
    "ENABLE": false
  },
  "TENSORBOARD": {
    "ENABLE": false
  },
  "SOLVER": {
    "BASE_LR": 0.001,
    "LR_POLICY": "steps_with_relative_lrs",
    "MAX_EPOCH": 10,
    "MOMENTUM": 0.9,
    "WEIGHT_DECAY": "5e-4",
    "WARMUP_EPOCHS": 1,
    "WARMUP_START_LR": 0.0002,
    "OPTIM_METHOD": "adam",
    "DAMPENING": 0.0,
    "NESTEROV": true,
    "STEPS_ITER": 3000,
    "STEPS": [
      0,
      4,
      6,
      8
    ],
    "LRS": [
      1,
      0.5,
      0.1,
      0.05
    ]
  },
  "PRE_DOWNLOAD": {
    "ENABLE": false
  },
  "SUPPORT_SHOT": 1,
  "FOCUS": {
    "ENABLE": true,
    "HEADS": 8,
    "DROPOUT": 0.1,
    "GATE_INIT": -4.0,
    "TEMPORAL_GATE_INIT": -4.0,
    "ALPHA_INIT": -4.0
  },
  "TASK_MATCH": {
    "ENABLE": true,
    "HIDDEN_RATIO": 0.25,
    "DROPOUT": 0.1,
    "TEMPERATURE": 1.0,
    "DISTANCE_SCALE": 16.0,
    "ALPHA_INIT": -4.0,
    "USE_FOCUS_FEATURES": true
  },
  "ADAPTER": {
    "NAME": "ViT_CLIP",
    "PRETRAINED": "ViT-B/16",
    "WIDTH": 768,
    "PATCH_SIZE": 16,
    "LAYERS": 12,
    "HEADS": 12,
    "ADAPTER_SCALE": 0.25
  },
  "INIT_METHOD": "tcp://localhost:1111",
  "CUDA_VISIBLE_DEVICES": "0"
}

[08/19 09:21:00][INFO] models.base.adapter:  748: load model from: ViT-B/16
[08/19 09:21:01][INFO] models.base.adapter:  755: Missing keys: ['temporal_embedding', 'focus_alpha', 'task_match_alpha', 'transformer.resblocks.0.Adapter.down.weight', 'transformer.resblocks.0.Adapter.down.bias', 'transformer.resblocks.0.Adapter.pos_embed.weight', 'transformer.resblocks.0.Adapter.pos_embed.bias', 'transformer.resblocks.0.Adapter.s_ln.weight', 'transformer.resblocks.0.Adapter.s_ln.bias', 'transformer.resblocks.0.Adapter.s_attn.conv_offset.0.weight', 'transformer.resblocks.0.Adapter.s_attn.conv_offset.0.bias', 'transformer.resblocks.0.Adapter.s_attn.conv_offset.1.norm.weight', 'transformer.resblocks.0.Adapter.s_attn.conv_offset.1.norm.bias', 'transformer.resblocks.0.Adapter.s_attn.conv_offset.3.weight', 'transformer.resblocks.0.Adapter.s_attn.proj_q.weight', 'transformer.resblocks.0.Adapter.s_attn.proj_q.bias', 'transformer.resblocks.0.Adapter.s_attn.proj_k.weight', 'transformer.resblocks.0.Adapter.s_attn.proj_k.bias', 'transformer.resblocks.0.Adapter.s_attn.proj_v.weight', 'transformer.resblocks.0.Adapter.s_attn.proj_v.bias', 'transformer.resblocks.0.Adapter.s_attn.proj_out.weight', 'transformer.resblocks.0.Adapter.s_attn.proj_out.bias', 'transformer.resblocks.0.Adapter.t_ln.weight', 'transformer.resblocks.0.Adapter.t_ln.bias', 'transformer.resblocks.0.Adapter.t_attn.conv_offset.0.weight', 'transformer.resblocks.0.Adapter.t_attn.conv_offset.0.bias', 'transformer.resblocks.0.Adapter.t_attn.conv_offset.1.norm.weight', 'transformer.resblocks.0.Adapter.t_attn.conv_offset.1.norm.bias', 'transformer.resblocks.0.Adapter.t_attn.conv_offset.3.weight', 'transformer.resblocks.0.Adapter.t_attn.proj_q.weight', 'transformer.resblocks.0.Adapter.t_attn.proj_q.bias', 'transformer.resblocks.0.Adapter.t_attn.proj_k.weight', 'transformer.resblocks.0.Adapter.t_attn.proj_k.bias', 'transformer.resblocks.0.Adapter.t_attn.proj_v.weight', 'transformer.resblocks.0.Adapter.t_attn.proj_v.bias', 'transformer.resblocks.0.Adapter.t_attn.proj_out.weight', 'transformer.resblocks.0.Adapter.t_attn.proj_out.bias', 'transformer.resblocks.0.Adapter.up.weight', 'transformer.resblocks.0.Adapter.up.bias', 'transformer.resblocks.1.Adapter.down.weight', 'transformer.resblocks.1.Adapter.down.bias', 'transformer.resblocks.1.Adapter.pos_embed.weight', 'transformer.resblocks.1.Adapter.pos_embed.bias', 'transformer.resblocks.1.Adapter.s_ln.weight', 'transformer.resblocks.1.Adapter.s_ln.bias', 'transformer.resblocks.1.Adapter.s_attn.conv_offset.0.weight', 'transformer.resblocks.1.Adapter.s_attn.conv_offset.0.bias', 'transformer.resblocks.1.Adapter.s_attn.conv_offset.1.norm.weight', 'transformer.resblocks.1.Adapter.s_attn.conv_offset.1.norm.bias', 'transformer.resblocks.1.Adapter.s_attn.conv_offset.3.weight', 'transformer.resblocks.1.Adapter.s_attn.proj_q.weight', 'transformer.resblocks.1.Adapter.s_attn.proj_q.bias', 'transformer.resblocks.1.Adapter.s_attn.proj_k.weight', 'transformer.resblocks.1.Adapter.s_attn.proj_k.bias', 'transformer.resblocks.1.Adapter.s_attn.proj_v.weight', 'transformer.resblocks.1.Adapter.s_attn.proj_v.bias', 'transformer.resblocks.1.Adapter.s_attn.proj_out.weight', 'transformer.resblocks.1.Adapter.s_attn.proj_out.bias', 'transformer.resblocks.1.Adapter.t_ln.weight', 'transformer.resblocks.1.Adapter.t_ln.bias', 'transformer.resblocks.1.Adapter.t_attn.conv_offset.0.weight', 'transformer.resblocks.1.Adapter.t_attn.conv_offset.0.bias', 'transformer.resblocks.1.Adapter.t_attn.conv_offset.1.norm.weight', 'transformer.resblocks.1.Adapter.t_attn.conv_offset.1.norm.bias', 'transformer.resblocks.1.Adapter.t_attn.conv_offset.3.weight', 'transformer.resblocks.1.Adapter.t_attn.proj_q.weight', 'transformer.resblocks.1.Adapter.t_attn.proj_q.bias', 'transformer.resblocks.1.Adapter.t_attn.proj_k.weight', 'transformer.resblocks.1.Adapter.t_attn.proj_k.bias', 'transformer.resblocks.1.Adapter.t_attn.proj_v.weight', 'transformer.resblocks.1.Adapter.t_attn.proj_v.bias', 'transformer.resblocks.1.Adapter.t_attn.proj_out.weight', 'transformer.resblocks.1.Adapter.t_attn.proj_out.bias', 'transformer.resblocks.1.Adapter.up.weight', 'transformer.resblocks.1.Adapter.up.bias', 'transformer.resblocks.2.Adapter.down.weight', 'transformer.resblocks.2.Adapter.down.bias', 'transformer.resblocks.2.Adapter.pos_embed.weight', 'transformer.resblocks.2.Adapter.pos_embed.bias', 'transformer.resblocks.2.Adapter.s_ln.weight', 'transformer.resblocks.2.Adapter.s_ln.bias', 'transformer.resblocks.2.Adapter.s_attn.conv_offset.0.weight', 'transformer.resblocks.2.Adapter.s_attn.conv_offset.0.bias', 'transformer.resblocks.2.Adapter.s_attn.conv_offset.1.norm.weight', 'transformer.resblocks.2.Adapter.s_attn.conv_offset.1.norm.bias', 'transformer.resblocks.2.Adapter.s_attn.conv_offset.3.weight', 'transformer.resblocks.2.Adapter.s_attn.proj_q.weight', 'transformer.resblocks.2.Adapter.s_attn.proj_q.bias', 'transformer.resblocks.2.Adapter.s_attn.proj_k.weight', 'transformer.resblocks.2.Adapter.s_attn.proj_k.bias', 'transformer.resblocks.2.Adapter.s_attn.proj_v.weight', 'transformer.resblocks.2.Adapter.s_attn.proj_v.bias', 'transformer.resblocks.2.Adapter.s_attn.proj_out.weight', 'transformer.resblocks.2.Adapter.s_attn.proj_out.bias', 'transformer.resblocks.2.Adapter.t_ln.weight', 'transformer.resblocks.2.Adapter.t_ln.bias', 'transformer.resblocks.2.Adapter.t_attn.conv_offset.0.weight', 'transformer.resblocks.2.Adapter.t_attn.conv_offset.0.bias', 'transformer.resblocks.2.Adapter.t_attn.conv_offset.1.norm.weight', 'transformer.resblocks.2.Adapter.t_attn.conv_offset.1.norm.bias', 'transformer.resblocks.2.Adapter.t_attn.conv_offset.3.weight', 'transformer.resblocks.2.Adapter.t_attn.proj_q.weight', 'transformer.resblocks.2.Adapter.t_attn.proj_q.bias', 'transformer.resblocks.2.Adapter.t_attn.proj_k.weight', 'transformer.resblocks.2.Adapter.t_attn.proj_k.bias', 'transformer.resblocks.2.Adapter.t_attn.proj_v.weight', 'transformer.resblocks.2.Adapter.t_attn.proj_v.bias', 'transformer.resblocks.2.Adapter.t_attn.proj_out.weight', 'transformer.resblocks.2.Adapter.t_attn.proj_out.bias', 'transformer.resblocks.2.Adapter.up.weight', 'transformer.resblocks.2.Adapter.up.bias', 'transformer.resblocks.3.Adapter.down.weight', 'transformer.resblocks.3.Adapter.down.bias', 'transformer.resblocks.3.Adapter.pos_embed.weight', 'transformer.resblocks.3.Adapter.pos_embed.bias', 'transformer.resblocks.3.Adapter.s_ln.weight', 'transformer.resblocks.3.Adapter.s_ln.bias', 'transformer.resblocks.3.Adapter.s_attn.conv_offset.0.weight', 'transformer.resblocks.3.Adapter.s_attn.conv_offset.0.bias', 'transformer.resblocks.3.Adapter.s_attn.conv_offset.1.norm.weight', 'transformer.resblocks.3.Adapter.s_attn.conv_offset.1.norm.bias', 'transformer.resblocks.3.Adapter.s_attn.conv_offset.3.weight', 'transformer.resblocks.3.Adapter.s_attn.proj_q.weight', 'transformer.resblocks.3.Adapter.s_attn.proj_q.bias', 'transformer.resblocks.3.Adapter.s_attn.proj_k.weight', 'transformer.resblocks.3.Adapter.s_attn.proj_k.bias', 'transformer.resblocks.3.Adapter.s_attn.proj_v.weight', 'transformer.resblocks.3.Adapter.s_attn.proj_v.bias', 'transformer.resblocks.3.Adapter.s_attn.proj_out.weight', 'transformer.resblocks.3.Adapter.s_attn.proj_out.bias', 'transformer.resblocks.3.Adapter.t_ln.weight', 'transformer.resblocks.3.Adapter.t_ln.bias', 'transformer.resblocks.3.Adapter.t_attn.conv_offset.0.weight', 'transformer.resblocks.3.Adapter.t_attn.conv_offset.0.bias', 'transformer.resblocks.3.Adapter.t_attn.conv_offset.1.norm.weight', 'transformer.resblocks.3.Adapter.t_attn.conv_offset.1.norm.bias', 'transformer.resblocks.3.Adapter.t_attn.conv_offset.3.weight', 'transformer.resblocks.3.Adapter.t_attn.proj_q.weight', 'transformer.resblocks.3.Adapter.t_attn.proj_q.bias', 'transformer.resblocks.3.Adapter.t_attn.proj_k.weight', 'transformer.resblocks.3.Adapter.t_attn.proj_k.bias', 'transformer.resblocks.3.Adapter.t_attn.proj_v.weight', 'transformer.resblocks.3.Adapter.t_attn.proj_v.bias', 'transformer.resblocks.3.Adapter.t_attn.proj_out.weight', 'transformer.resblocks.3.Adapter.t_attn.proj_out.bias', 'transformer.resblocks.3.Adapter.up.weight', 'transformer.resblocks.3.Adapter.up.bias', 'transformer.resblocks.4.Adapter.down.weight', 'transformer.resblocks.4.Adapter.down.bias', 'transformer.resblocks.4.Adapter.pos_embed.weight', 'transformer.resblocks.4.Adapter.pos_embed.bias', 'transformer.resblocks.4.Adapter.s_ln.weight', 'transformer.resblocks.4.Adapter.s_ln.bias', 'transformer.resblocks.4.Adapter.s_attn.conv_offset.0.weight', 'transformer.resblocks.4.Adapter.s_attn.conv_offset.0.bias', 'transformer.resblocks.4.Adapter.s_attn.conv_offset.1.norm.weight', 'transformer.resblocks.4.Adapter.s_attn.conv_offset.1.norm.bias', 'transformer.resblocks.4.Adapter.s_attn.conv_offset.3.weight', 'transformer.resblocks.4.Adapter.s_attn.proj_q.weight', 'transformer.resblocks.4.Adapter.s_attn.proj_q.bias', 'transformer.resblocks.4.Adapter.s_attn.proj_k.weight', 'transformer.resblocks.4.Adapter.s_attn.proj_k.bias', 'transformer.resblocks.4.Adapter.s_attn.proj_v.weight', 'transformer.resblocks.4.Adapter.s_attn.proj_v.bias', 'transformer.resblocks.4.Adapter.s_attn.proj_out.weight', 'transformer.resblocks.4.Adapter.s_attn.proj_out.bias', 'transformer.resblocks.4.Adapter.t_ln.weight', 'transformer.resblocks.4.Adapter.t_ln.bias', 'transformer.resblocks.4.Adapter.t_attn.conv_offset.0.weight', 'transformer.resblocks.4.Adapter.t_attn.conv_offset.0.bias', 'transformer.resblocks.4.Adapter.t_attn.conv_offset.1.norm.weight', 'transformer.resblocks.4.Adapter.t_attn.conv_offset.1.norm.bias', 'transformer.resblocks.4.Adapter.t_attn.conv_offset.3.weight', 'transformer.resblocks.4.Adapter.t_attn.proj_q.weight', 'transformer.resblocks.4.Adapter.t_attn.proj_q.bias', 'transformer.resblocks.4.Adapter.t_attn.proj_k.weight', 'transformer.resblocks.4.Adapter.t_attn.proj_k.bias', 'transformer.resblocks.4.Adapter.t_attn.proj_v.weight', 'transformer.resblocks.4.Adapter.t_attn.proj_v.bias', 'transformer.resblocks.4.Adapter.t_attn.proj_out.weight', 'transformer.resblocks.4.Adapter.t_attn.proj_out.bias', 'transformer.resblocks.4.Adapter.up.weight', 'transformer.resblocks.4.Adapter.up.bias', 'transformer.resblocks.5.Adapter.down.weight', 'transformer.resblocks.5.Adapter.down.bias', 'transformer.resblocks.5.Adapter.pos_embed.weight', 'transformer.resblocks.5.Adapter.pos_embed.bias', 'transformer.resblocks.5.Adapter.s_ln.weight', 'transformer.resblocks.5.Adapter.s_ln.bias', 'transformer.resblocks.5.Adapter.s_attn.conv_offset.0.weight', 'transformer.resblocks.5.Adapter.s_attn.conv_offset.0.bias', 'transformer.resblocks.5.Adapter.s_attn.conv_offset.1.norm.weight', 'transformer.resblocks.5.Adapter.s_attn.conv_offset.1.norm.bias', 'transformer.resblocks.5.Adapter.s_attn.conv_offset.3.weight', 'transformer.resblocks.5.Adapter.s_attn.proj_q.weight', 'transformer.resblocks.5.Adapter.s_attn.proj_q.bias', 'transformer.resblocks.5.Adapter.s_attn.proj_k.weight', 'transformer.resblocks.5.Adapter.s_attn.proj_k.bias', 'transformer.resblocks.5.Adapter.s_attn.proj_v.weight', 'transformer.resblocks.5.Adapter.s_attn.proj_v.bias', 'transformer.resblocks.5.Adapter.s_attn.proj_out.weight', 'transformer.resblocks.5.Adapter.s_attn.proj_out.bias', 'transformer.resblocks.5.Adapter.t_ln.weight', 'transformer.resblocks.5.Adapter.t_ln.bias', 'transformer.resblocks.5.Adapter.t_attn.conv_offset.0.weight', 'transformer.resblocks.5.Adapter.t_attn.conv_offset.0.bias', 'transformer.resblocks.5.Adapter.t_attn.conv_offset.1.norm.weight', 'transformer.resblocks.5.Adapter.t_attn.conv_offset.1.norm.bias', 'transformer.resblocks.5.Adapter.t_attn.conv_offset.3.weight', 'transformer.resblocks.5.Adapter.t_attn.proj_q.weight', 'transformer.resblocks.5.Adapter.t_attn.proj_q.bias', 'transformer.resblocks.5.Adapter.t_attn.proj_k.weight', 'transformer.resblocks.5.Adapter.t_attn.proj_k.bias', 'transformer.resblocks.5.Adapter.t_attn.proj_v.weight', 'transformer.resblocks.5.Adapter.t_attn.proj_v.bias', 'transformer.resblocks.5.Adapter.t_attn.proj_out.weight', 'transformer.resblocks.5.Adapter.t_attn.proj_out.bias', 'transformer.resblocks.5.Adapter.up.weight', 'transformer.resblocks.5.Adapter.up.bias', 'transformer.resblocks.6.Adapter.down.weight', 'transformer.resblocks.6.Adapter.down.bias', 'transformer.resblocks.6.Adapter.pos_embed.weight', 'transformer.resblocks.6.Adapter.pos_embed.bias', 'transformer.resblocks.6.Adapter.s_ln.weight', 'transformer.resblocks.6.Adapter.s_ln.bias', 'transformer.resblocks.6.Adapter.s_attn.conv_offset.0.weight', 'transformer.resblocks.6.Adapter.s_attn.conv_offset.0.bias', 'transformer.resblocks.6.Adapter.s_attn.conv_offset.1.norm.weight', 'transformer.resblocks.6.Adapter.s_attn.conv_offset.1.norm.bias', 'transformer.resblocks.6.Adapter.s_attn.conv_offset.3.weight', 'transformer.resblocks.6.Adapter.s_attn.proj_q.weight', 'transformer.resblocks.6.Adapter.s_attn.proj_q.bias', 'transformer.resblocks.6.Adapter.s_attn.proj_k.weight', 'transformer.resblocks.6.Adapter.s_attn.proj_k.bias', 'transformer.resblocks.6.Adapter.s_attn.proj_v.weight', 'transformer.resblocks.6.Adapter.s_attn.proj_v.bias', 'transformer.resblocks.6.Adapter.s_attn.proj_out.weight', 'transformer.resblocks.6.Adapter.s_attn.proj_out.bias', 'transformer.resblocks.6.Adapter.t_ln.weight', 'transformer.resblocks.6.Adapter.t_ln.bias', 'transformer.resblocks.6.Adapter.t_attn.conv_offset.0.weight', 'transformer.resblocks.6.Adapter.t_attn.conv_offset.0.bias', 'transformer.resblocks.6.Adapter.t_attn.conv_offset.1.norm.weight', 'transformer.resblocks.6.Adapter.t_attn.conv_offset.1.norm.bias', 'transformer.resblocks.6.Adapter.t_attn.conv_offset.3.weight', 'transformer.resblocks.6.Adapter.t_attn.proj_q.weight', 'transformer.resblocks.6.Adapter.t_attn.proj_q.bias', 'transformer.resblocks.6.Adapter.t_attn.proj_k.weight', 'transformer.resblocks.6.Adapter.t_attn.proj_k.bias', 'transformer.resblocks.6.Adapter.t_attn.proj_v.weight', 'transformer.resblocks.6.Adapter.t_attn.proj_v.bias', 'transformer.resblocks.6.Adapter.t_attn.proj_out.weight', 'transformer.resblocks.6.Adapter.t_attn.proj_out.bias', 'transformer.resblocks.6.Adapter.up.weight', 'transformer.resblocks.6.Adapter.up.bias', 'transformer.resblocks.7.Adapter.down.weight', 'transformer.resblocks.7.Adapter.down.bias', 'transformer.resblocks.7.Adapter.pos_embed.weight', 'transformer.resblocks.7.Adapter.pos_embed.bias', 'transformer.resblocks.7.Adapter.s_ln.weight', 'transformer.resblocks.7.Adapter.s_ln.bias', 'transformer.resblocks.7.Adapter.s_attn.conv_offset.0.weight', 'transformer.resblocks.7.Adapter.s_attn.conv_offset.0.bias', 'transformer.resblocks.7.Adapter.s_attn.conv_offset.1.norm.weight', 'transformer.resblocks.7.Adapter.s_attn.conv_offset.1.norm.bias', 'transformer.resblocks.7.Adapter.s_attn.conv_offset.3.weight', 'transformer.resblocks.7.Adapter.s_attn.proj_q.weight', 'transformer.resblocks.7.Adapter.s_attn.proj_q.bias', 'transformer.resblocks.7.Adapter.s_attn.proj_k.weight', 'transformer.resblocks.7.Adapter.s_attn.proj_k.bias', 'transformer.resblocks.7.Adapter.s_attn.proj_v.weight', 'transformer.resblocks.7.Adapter.s_attn.proj_v.bias', 'transformer.resblocks.7.Adapter.s_attn.proj_out.weight', 'transformer.resblocks.7.Adapter.s_attn.proj_out.bias', 'transformer.resblocks.7.Adapter.t_ln.weight', 'transformer.resblocks.7.Adapter.t_ln.bias', 'transformer.resblocks.7.Adapter.t_attn.conv_offset.0.weight', 'transformer.resblocks.7.Adapter.t_attn.conv_offset.0.bias', 'transformer.resblocks.7.Adapter.t_attn.conv_offset.1.norm.weight', 'transformer.resblocks.7.Adapter.t_attn.conv_offset.1.norm.bias', 'transformer.resblocks.7.Adapter.t_attn.conv_offset.3.weight', 'transformer.resblocks.7.Adapter.t_attn.proj_q.weight', 'transformer.resblocks.7.Adapter.t_attn.proj_q.bias', 'transformer.resblocks.7.Adapter.t_attn.proj_k.weight', 'transformer.resblocks.7.Adapter.t_attn.proj_k.bias', 'transformer.resblocks.7.Adapter.t_attn.proj_v.weight', 'transformer.resblocks.7.Adapter.t_attn.proj_v.bias', 'transformer.resblocks.7.Adapter.t_attn.proj_out.weight', 'transformer.resblocks.7.Adapter.t_attn.proj_out.bias', 'transformer.resblocks.7.Adapter.up.weight', 'transformer.resblocks.7.Adapter.up.bias', 'transformer.resblocks.8.Adapter.down.weight', 'transformer.resblocks.8.Adapter.down.bias', 'transformer.resblocks.8.Adapter.pos_embed.weight', 'transformer.resblocks.8.Adapter.pos_embed.bias', 'transformer.resblocks.8.Adapter.s_ln.weight', 'transformer.resblocks.8.Adapter.s_ln.bias', 'transformer.resblocks.8.Adapter.s_attn.conv_offset.0.weight', 'transformer.resblocks.8.Adapter.s_attn.conv_offset.0.bias', 'transformer.resblocks.8.Adapter.s_attn.conv_offset.1.norm.weight', 'transformer.resblocks.8.Adapter.s_attn.conv_offset.1.norm.bias', 'transformer.resblocks.8.Adapter.s_attn.conv_offset.3.weight', 'transformer.resblocks.8.Adapter.s_attn.proj_q.weight', 'transformer.resblocks.8.Adapter.s_attn.proj_q.bias', 'transformer.resblocks.8.Adapter.s_attn.proj_k.weight', 'transformer.resblocks.8.Adapter.s_attn.proj_k.bias', 'transformer.resblocks.8.Adapter.s_attn.proj_v.weight', 'transformer.resblocks.8.Adapter.s_attn.proj_v.bias', 'transformer.resblocks.8.Adapter.s_attn.proj_out.weight', 'transformer.resblocks.8.Adapter.s_attn.proj_out.bias', 'transformer.resblocks.8.Adapter.t_ln.weight', 'transformer.resblocks.8.Adapter.t_ln.bias', 'transformer.resblocks.8.Adapter.t_attn.conv_offset.0.weight', 'transformer.resblocks.8.Adapter.t_attn.conv_offset.0.bias', 'transformer.resblocks.8.Adapter.t_attn.conv_offset.1.norm.weight', 'transformer.resblocks.8.Adapter.t_attn.conv_offset.1.norm.bias', 'transformer.resblocks.8.Adapter.t_attn.conv_offset.3.weight', 'transformer.resblocks.8.Adapter.t_attn.proj_q.weight', 'transformer.resblocks.8.Adapter.t_attn.proj_q.bias', 'transformer.resblocks.8.Adapter.t_attn.proj_k.weight', 'transformer.resblocks.8.Adapter.t_attn.proj_k.bias', 'transformer.resblocks.8.Adapter.t_attn.proj_v.weight', 'transformer.resblocks.8.Adapter.t_attn.proj_v.bias', 'transformer.resblocks.8.Adapter.t_attn.proj_out.weight', 'transformer.resblocks.8.Adapter.t_attn.proj_out.bias', 'transformer.resblocks.8.Adapter.up.weight', 'transformer.resblocks.8.Adapter.up.bias', 'transformer.resblocks.9.Adapter.down.weight', 'transformer.resblocks.9.Adapter.down.bias', 'transformer.resblocks.9.Adapter.pos_embed.weight', 'transformer.resblocks.9.Adapter.pos_embed.bias', 'transformer.resblocks.9.Adapter.s_ln.weight', 'transformer.resblocks.9.Adapter.s_ln.bias', 'transformer.resblocks.9.Adapter.s_attn.conv_offset.0.weight', 'transformer.resblocks.9.Adapter.s_attn.conv_offset.0.bias', 'transformer.resblocks.9.Adapter.s_attn.conv_offset.1.norm.weight', 'transformer.resblocks.9.Adapter.s_attn.conv_offset.1.norm.bias', 'transformer.resblocks.9.Adapter.s_attn.conv_offset.3.weight', 'transformer.resblocks.9.Adapter.s_attn.proj_q.weight', 'transformer.resblocks.9.Adapter.s_attn.proj_q.bias', 'transformer.resblocks.9.Adapter.s_attn.proj_k.weight', 'transformer.resblocks.9.Adapter.s_attn.proj_k.bias', 'transformer.resblocks.9.Adapter.s_attn.proj_v.weight', 'transformer.resblocks.9.Adapter.s_attn.proj_v.bias', 'transformer.resblocks.9.Adapter.s_attn.proj_out.weight', 'transformer.resblocks.9.Adapter.s_attn.proj_out.bias', 'transformer.resblocks.9.Adapter.t_ln.weight', 'transformer.resblocks.9.Adapter.t_ln.bias', 'transformer.resblocks.9.Adapter.t_attn.conv_offset.0.weight', 'transformer.resblocks.9.Adapter.t_attn.conv_offset.0.bias', 'transformer.resblocks.9.Adapter.t_attn.conv_offset.1.norm.weight', 'transformer.resblocks.9.Adapter.t_attn.conv_offset.1.norm.bias', 'transformer.resblocks.9.Adapter.t_attn.conv_offset.3.weight', 'transformer.resblocks.9.Adapter.t_attn.proj_q.weight', 'transformer.resblocks.9.Adapter.t_attn.proj_q.bias', 'transformer.resblocks.9.Adapter.t_attn.proj_k.weight', 'transformer.resblocks.9.Adapter.t_attn.proj_k.bias', 'transformer.resblocks.9.Adapter.t_attn.proj_v.weight', 'transformer.resblocks.9.Adapter.t_attn.proj_v.bias', 'transformer.resblocks.9.Adapter.t_attn.proj_out.weight', 'transformer.resblocks.9.Adapter.t_attn.proj_out.bias', 'transformer.resblocks.9.Adapter.up.weight', 'transformer.resblocks.9.Adapter.up.bias', 'transformer.resblocks.10.Adapter.down.weight', 'transformer.resblocks.10.Adapter.down.bias', 'transformer.resblocks.10.Adapter.pos_embed.weight', 'transformer.resblocks.10.Adapter.pos_embed.bias', 'transformer.resblocks.10.Adapter.s_ln.weight', 'transformer.resblocks.10.Adapter.s_ln.bias', 'transformer.resblocks.10.Adapter.s_attn.conv_offset.0.weight', 'transformer.resblocks.10.Adapter.s_attn.conv_offset.0.bias', 'transformer.resblocks.10.Adapter.s_attn.conv_offset.1.norm.weight', 'transformer.resblocks.10.Adapter.s_attn.conv_offset.1.norm.bias', 'transformer.resblocks.10.Adapter.s_attn.conv_offset.3.weight', 'transformer.resblocks.10.Adapter.s_attn.proj_q.weight', 'transformer.resblocks.10.Adapter.s_attn.proj_q.bias', 'transformer.resblocks.10.Adapter.s_attn.proj_k.weight', 'transformer.resblocks.10.Adapter.s_attn.proj_k.bias', 'transformer.resblocks.10.Adapter.s_attn.proj_v.weight', 'transformer.resblocks.10.Adapter.s_attn.proj_v.bias', 'transformer.resblocks.10.Adapter.s_attn.proj_out.weight', 'transformer.resblocks.10.Adapter.s_attn.proj_out.bias', 'transformer.resblocks.10.Adapter.t_ln.weight', 'transformer.resblocks.10.Adapter.t_ln.bias', 'transformer.resblocks.10.Adapter.t_attn.conv_offset.0.weight', 'transformer.resblocks.10.Adapter.t_attn.conv_offset.0.bias', 'transformer.resblocks.10.Adapter.t_attn.conv_offset.1.norm.weight', 'transformer.resblocks.10.Adapter.t_attn.conv_offset.1.norm.bias', 'transformer.resblocks.10.Adapter.t_attn.conv_offset.3.weight', 'transformer.resblocks.10.Adapter.t_attn.proj_q.weight', 'transformer.resblocks.10.Adapter.t_attn.proj_q.bias', 'transformer.resblocks.10.Adapter.t_attn.proj_k.weight', 'transformer.resblocks.10.Adapter.t_attn.proj_k.bias', 'transformer.resblocks.10.Adapter.t_attn.proj_v.weight', 'transformer.resblocks.10.Adapter.t_attn.proj_v.bias', 'transformer.resblocks.10.Adapter.t_attn.proj_out.weight', 'transformer.resblocks.10.Adapter.t_attn.proj_out.bias', 'transformer.resblocks.10.Adapter.up.weight', 'transformer.resblocks.10.Adapter.up.bias', 'transformer.resblocks.11.Adapter.down.weight', 'transformer.resblocks.11.Adapter.down.bias', 'transformer.resblocks.11.Adapter.pos_embed.weight', 'transformer.resblocks.11.Adapter.pos_embed.bias', 'transformer.resblocks.11.Adapter.s_ln.weight', 'transformer.resblocks.11.Adapter.s_ln.bias', 'transformer.resblocks.11.Adapter.s_attn.conv_offset.0.weight', 'transformer.resblocks.11.Adapter.s_attn.conv_offset.0.bias', 'transformer.resblocks.11.Adapter.s_attn.conv_offset.1.norm.weight', 'transformer.resblocks.11.Adapter.s_attn.conv_offset.1.norm.bias', 'transformer.resblocks.11.Adapter.s_attn.conv_offset.3.weight', 'transformer.resblocks.11.Adapter.s_attn.proj_q.weight', 'transformer.resblocks.11.Adapter.s_attn.proj_q.bias', 'transformer.resblocks.11.Adapter.s_attn.proj_k.weight', 'transformer.resblocks.11.Adapter.s_attn.proj_k.bias', 'transformer.resblocks.11.Adapter.s_attn.proj_v.weight', 'transformer.resblocks.11.Adapter.s_attn.proj_v.bias', 'transformer.resblocks.11.Adapter.s_attn.proj_out.weight', 'transformer.resblocks.11.Adapter.s_attn.proj_out.bias', 'transformer.resblocks.11.Adapter.t_ln.weight', 'transformer.resblocks.11.Adapter.t_ln.bias', 'transformer.resblocks.11.Adapter.t_attn.conv_offset.0.weight', 'transformer.resblocks.11.Adapter.t_attn.conv_offset.0.bias', 'transformer.resblocks.11.Adapter.t_attn.conv_offset.1.norm.weight', 'transformer.resblocks.11.Adapter.t_attn.conv_offset.1.norm.bias', 'transformer.resblocks.11.Adapter.t_attn.conv_offset.3.weight', 'transformer.resblocks.11.Adapter.t_attn.proj_q.weight', 'transformer.resblocks.11.Adapter.t_attn.proj_q.bias', 'transformer.resblocks.11.Adapter.t_attn.proj_k.weight', 'transformer.resblocks.11.Adapter.t_attn.proj_k.bias', 'transformer.resblocks.11.Adapter.t_attn.proj_v.weight', 'transformer.resblocks.11.Adapter.t_attn.proj_v.bias', 'transformer.resblocks.11.Adapter.t_attn.proj_out.weight', 'transformer.resblocks.11.Adapter.t_attn.proj_out.bias', 'transformer.resblocks.11.Adapter.up.weight', 'transformer.resblocks.11.Adapter.up.bias', 'classification_layer.weight', 'classification_layer.bias', 'focus_branch.temporal_alpha', 'focus_branch.norm.weight', 'focus_branch.norm.bias', 'focus_branch.time_proj.weight', 'focus_branch.time_proj.bias', 'focus_branch.temporal.self_attn.in_proj_weight', 'focus_branch.temporal.self_attn.in_proj_bias', 'focus_branch.temporal.self_attn.out_proj.weight', 'focus_branch.temporal.self_attn.out_proj.bias', 'focus_branch.temporal.linear1.weight', 'focus_branch.temporal.linear1.bias', 'focus_branch.temporal.linear2.weight', 'focus_branch.temporal.linear2.bias', 'focus_branch.temporal.norm1.weight', 'focus_branch.temporal.norm1.bias', 'focus_branch.temporal.norm2.weight', 'focus_branch.temporal.norm2.bias', 'focus_branch.gate.0.weight', 'focus_branch.gate.0.bias', 'focus_branch.gate.2.weight', 'focus_branch.gate.2.bias', 'task_matcher.context_norm.weight', 'task_matcher.context_norm.bias', 'task_matcher.generator.0.weight', 'task_matcher.generator.0.bias', 'task_matcher.generator.3.weight', 'task_matcher.generator.3.bias']
[08/19 09:21:01][INFO] models.base.adapter:  756: Unexpected keys: []
[08/19 09:21:01][INFO] models.base.adapter:  757: => loaded successfully 'ViT-B/16'
[08/19 09:21:01][INFO] models.base.adapter:  764: init:  transformer.resblocks.0.Adapter.up
[08/19 09:21:01][INFO] models.base.adapter:  764: init:  transformer.resblocks.1.Adapter.up
[08/19 09:21:01][INFO] models.base.adapter:  764: init:  transformer.resblocks.2.Adapter.up
[08/19 09:21:01][INFO] models.base.adapter:  764: init:  transformer.resblocks.3.Adapter.up
[08/19 09:21:01][INFO] models.base.adapter:  764: init:  transformer.resblocks.4.Adapter.up
[08/19 09:21:01][INFO] models.base.adapter:  764: init:  transformer.resblocks.5.Adapter.up
[08/19 09:21:01][INFO] models.base.adapter:  764: init:  transformer.resblocks.6.Adapter.up
[08/19 09:21:01][INFO] models.base.adapter:  764: init:  transformer.resblocks.7.Adapter.up
[08/19 09:21:01][INFO] models.base.adapter:  764: init:  transformer.resblocks.8.Adapter.up
[08/19 09:21:01][INFO] models.base.adapter:  764: init:  transformer.resblocks.9.Adapter.up
[08/19 09:21:01][INFO] models.base.adapter:  764: init:  transformer.resblocks.10.Adapter.up
[08/19 09:21:01][INFO] models.base.adapter:  764: init:  transformer.resblocks.11.Adapter.up
[08/19 09:21:02][INFO] train_net_few_shot:  253: Model:
BaseVideoModel(
  (model): ViT_CLIP(
    (conv1): Conv2d(3, 768, kernel_size=(16, 16), stride=(16, 16), bias=False)
    (ln_pre): LayerNorm((768,), eps=1e-05, elementwise_affine=True, bias=True)
    (transformer): Transformer(
      (resblocks): ModuleList(
        (0-11): 12 x ResidualAttentionBlock(
          (ln_1): LayerNorm((768,), eps=1e-05, elementwise_affine=True, bias=True)
          (attn): MultiheadAttention(
            (out_proj): NonDynamicallyQuantizableLinear(in_features=768, out_features=768, bias=True)
          )
          (ln_2): LayerNorm((768,), eps=1e-05, elementwise_affine=True, bias=True)
          (mlp): Sequential(
            (c_fc): Linear(in_features=768, out_features=3072, bias=True)
            (gelu): QuickGELU()
            (c_proj): Linear(in_features=3072, out_features=768, bias=True)
          )
          (Adapter): ViT_D2ST_Adapter(
            (down): Linear(in_features=768, out_features=192, bias=True)
            (gelu1): GELU(approximate='none')
            (pos_embed): Conv3d(192, 192, kernel_size=(3, 3, 3), stride=(1, 1, 1), padding=(1, 1, 1), groups=192)
            (s_ln): LayerNorm((192,), eps=1e-05, elementwise_affine=True, bias=True)
            (s_attn): ViT_DeformAttention(
              (conv_offset): Sequential(
                (0): Conv3d(48, 48, kernel_size=(4, 5, 5), stride=(4, 3, 3), groups=48)
                (1): LayerNormProxy(
                  (norm): LayerNorm((48,), eps=1e-05, elementwise_affine=True, bias=True)
                )
                (2): GELU(approximate='none')
                (3): Conv3d(48, 3, kernel_size=(1, 1, 1), stride=(1, 1, 1), bias=False)
              )
              (proj_q): Linear(in_features=192, out_features=192, bias=True)
              (proj_k): Linear(in_features=192, out_features=192, bias=True)
              (proj_v): Linear(in_features=192, out_features=192, bias=True)
              (proj_out): Linear(in_features=192, out_features=192, bias=True)
            )
            (t_ln): LayerNorm((192,), eps=1e-05, elementwise_affine=True, bias=True)
            (t_attn): ViT_DeformAttention(
              (conv_offset): Sequential(
                (0): Conv3d(48, 48, kernel_size=(1, 7, 7), stride=(1, 7, 7), groups=48)
                (1): LayerNormProxy(
                  (norm): LayerNorm((48,), eps=1e-05, elementwise_affine=True, bias=True)
                )
                (2): GELU(approximate='none')
                (3): Conv3d(48, 3, kernel_size=(1, 1, 1), stride=(1, 1, 1), bias=False)
              )
              (proj_q): Linear(in_features=192, out_features=192, bias=True)
              (proj_k): Linear(in_features=192, out_features=192, bias=True)
              (proj_v): Linear(in_features=192, out_features=192, bias=True)
              (proj_out): Linear(in_features=192, out_features=192, bias=True)
            )
            (gelu): GELU(approximate='none')
            (up): Linear(in_features=192, out_features=768, bias=True)
            (gelu2): GELU(approximate='none')
          )
        )
      )
    )
    (ln_post): LayerNorm((768,), eps=1e-05, elementwise_affine=True, bias=True)
    (classification_layer): Linear(in_features=768, out_features=64, bias=True)
    (focus_branch): D2STFocusResidual(
      (norm): LayerNorm((768,), eps=1e-05, elementwise_affine=True, bias=True)
      (time_proj): Linear(in_features=1, out_features=768, bias=True)
      (temporal): TransformerEncoderLayer(
        (self_attn): MultiheadAttention(
          (out_proj): NonDynamicallyQuantizableLinear(in_features=768, out_features=768, bias=True)
        )
        (linear1): Linear(in_features=768, out_features=1536, bias=True)
        (dropout): Dropout(p=0.1, inplace=False)
        (linear2): Linear(in_features=1536, out_features=768, bias=True)
        (norm1): LayerNorm((768,), eps=1e-05, elementwise_affine=True, bias=True)
        (norm2): LayerNorm((768,), eps=1e-05, elementwise_affine=True, bias=True)
        (dropout1): Dropout(p=0.1, inplace=False)
        (dropout2): Dropout(p=0.1, inplace=False)
      )
      (gate): Sequential(
        (0): Linear(in_features=768, out_features=48, bias=True)
        (1): GELU(approximate='none')
        (2): Linear(in_features=48, out_features=1, bias=True)
      )
    )
    (task_matcher): D2STTaskAwareMatcher(
      (context_norm): LayerNorm((768,), eps=1e-05, elementwise_affine=True, bias=True)
      (generator): Sequential(
        (0): Linear(in_features=768, out_features=192, bias=True)
        (1): GELU(approximate='none')
        (2): Dropout(p=0.1, inplace=False)
        (3): Linear(in_features=192, out_features=64, bias=True)
      )
    )
  )
)
[08/19 09:21:02][INFO] models.utils.optimizer:   82: Optimized parameters constructed. Parameters without weight decay: []
[08/19 09:21:02][INFO] datasets.base.few_shot_dataset:   97: Reading video list from file: train_few_shot.txt
[08/19 09:21:02][INFO] datasets.base.few_shot_dataset:  127: Loading SSv2-Full dataset list for split 'train'...
[08/19 09:21:02][INFO] datasets.base.few_shot_dataset:   47: loaded 67013 videos from train dataset: SSv2-Full !
[08/19 09:21:02][INFO] datasets.base.few_shot_dataset:  153: Dataset SSv2-Full split train loaded. Length 67013.
[08/19 09:21:02][INFO] datasets.base.few_shot_dataset:   97: Reading video list from file: test_few_shot.txt
[08/19 09:21:02][INFO] datasets.base.few_shot_dataset:  127: Loading SSv2-Full dataset list for split 'test'...
[08/19 09:21:02][INFO] datasets.base.few_shot_dataset:   47: loaded 2857 videos from test dataset: SSv2-Full !
[08/19 09:21:02][INFO] datasets.base.few_shot_dataset:  153: Dataset SSv2-Full split test loaded. Length 2857.
[08/19 09:21:02][INFO] train_net_few_shot:  275: Start epoch: 1
[08/19 09:21:02][INFO] train_net_few_shot:  304: Number of total parameters: 98057700, tunable parameters: 12260580
[08/19 09:21:02][INFO] train_net_few_shot:   45: Norm training: True
[08/19 09:22:24][INFO] utils.logging:   91: {"_type": "train_iter", "iter": "200/30000", "loss": 9.903852, "lr": 0.000253, "top1_acc": 35.000000}
[08/19 09:23:46][INFO] utils.logging:   91: {"_type": "train_iter", "iter": "400/30000", "loss": 9.196203, "lr": 0.000306, "top1_acc": 41.200000}
[08/19 09:25:07][INFO] utils.logging:   91: {"_type": "train_iter", "iter": "600/30000", "loss": 8.367133, "lr": 0.000360, "top1_acc": 45.900000}
[08/19 09:26:27][INFO] utils.logging:   91: {"_type": "train_iter", "iter": "800/30000", "loss": 7.519109, "lr": 0.000413, "top1_acc": 47.400000}
[08/19 09:27:46][INFO] utils.logging:   91: {"_type": "train_iter", "iter": "1000/30000", "loss": 7.164999, "lr": 0.000466, "top1_acc": 51.200001}
[08/19 09:29:05][INFO] utils.logging:   91: {"_type": "train_iter", "iter": "1200/30000", "loss": 6.911571, "lr": 0.000520, "top1_acc": 51.600000}
[08/19 09:30:24][INFO] utils.logging:   91: {"_type": "train_iter", "iter": "1400/30000", "loss": 6.261383, "lr": 0.000573, "top1_acc": 57.600001}
[08/19 09:31:43][INFO] utils.logging:   91: {"_type": "train_iter", "iter": "1600/30000", "loss": 5.582173, "lr": 0.000626, "top1_acc": 61.200001}
[08/19 09:33:02][INFO] utils.logging:   91: {"_type": "train_iter", "iter": "1800/30000", "loss": 5.629966, "lr": 0.000680, "top1_acc": 61.400001}
[08/19 09:34:21][INFO] utils.logging:   91: {"_type": "train_iter", "iter": "2000/30000", "loss": 5.657534, "lr": 0.000733, "top1_acc": 61.600001}
[08/19 09:35:39][INFO] utils.logging:   91: {"_type": "train_iter", "iter": "2200/30000", "loss": 5.290399, "lr": 0.000786, "top1_acc": 63.400001}
[08/19 09:36:58][INFO] utils.logging:   91: {"_type": "train_iter", "iter": "2400/30000", "loss": 5.154589, "lr": 0.000840, "top1_acc": 62.300001}
[08/19 09:38:17][INFO] utils.logging:   91: {"_type": "train_iter", "iter": "2600/30000", "loss": 5.106433, "lr": 0.000893, "top1_acc": 60.800001}
[08/19 09:39:36][INFO] utils.logging:   91: {"_type": "train_iter", "iter": "2800/30000", "loss": 5.097017, "lr": 0.000946, "top1_acc": 61.300001}
[08/19 09:40:55][INFO] utils.logging:   91: {"_type": "train_iter", "iter": "3000/30000", "loss": 4.824390, "lr": 0.001000, "top1_acc": 64.500001}
[08/19 09:42:14][INFO] utils.logging:   91: {"_type": "train_iter", "iter": "3200/30000", "loss": 4.795596, "lr": 0.001000, "top1_acc": 63.600001}
[08/19 09:43:33][INFO] utils.logging:   91: {"_type": "train_iter", "iter": "3400/30000", "loss": 4.259121, "lr": 0.001000, "top1_acc": 67.700001}
[08/19 09:44:52][INFO] utils.logging:   91: {"_type": "train_iter", "iter": "3600/30000", "loss": 4.563093, "lr": 0.001000, "top1_acc": 65.300001}
[08/19 09:46:10][INFO] utils.logging:   91: {"_type": "train_iter", "iter": "3800/30000", "loss": 4.141783, "lr": 0.001000, "top1_acc": 69.400001}
[08/19 09:47:29][INFO] utils.logging:   91: {"_type": "train_iter", "iter": "4000/30000", "loss": 4.289064, "lr": 0.001000, "top1_acc": 67.700001}
[08/19 09:48:42][INFO] datasets.base.few_shot_dataset:  420: Error at decoding. Vid index: 54100, Vid path: /mnt/data/yanyi2025/lrc/action_data/ssv2/videos/videos/96464.webm
[08/19 09:48:48][INFO] utils.logging:   91: {"_type": "train_iter", "iter": "4200/30000", "loss": 4.252123, "lr": 0.001000, "top1_acc": 69.000001}
[08/19 09:50:07][INFO] utils.logging:   91: {"_type": "train_iter", "iter": "4400/30000", "loss": 4.364850, "lr": 0.001000, "top1_acc": 67.700001}
[08/19 09:51:26][INFO] utils.logging:   91: {"_type": "train_iter", "iter": "4600/30000", "loss": 4.266494, "lr": 0.001000, "top1_acc": 67.900001}
[08/19 09:52:45][INFO] utils.logging:   91: {"_type": "train_iter", "iter": "4800/30000", "loss": 3.724866, "lr": 0.001000, "top1_acc": 70.400001}
[08/19 09:54:04][INFO] utils.logging:   91: {"_type": "train_iter", "iter": "5000/30000", "loss": 3.993808, "lr": 0.001000, "top1_acc": 70.800002}
[08/19 09:55:23][INFO] utils.logging:   91: {"_type": "train_iter", "iter": "5200/30000", "loss": 3.748945, "lr": 0.001000, "top1_acc": 71.200002}
[08/19 09:56:42][INFO] utils.logging:   91: {"_type": "train_iter", "iter": "5400/30000", "loss": 3.612262, "lr": 0.001000, "top1_acc": 72.000002}
[08/19 09:58:01][INFO] utils.logging:   91: {"_type": "train_iter", "iter": "5600/30000", "loss": 3.510897, "lr": 0.001000, "top1_acc": 70.400001}
[08/19 09:59:20][INFO] utils.logging:   91: {"_type": "train_iter", "iter": "5800/30000", "loss": 3.310526, "lr": 0.001000, "top1_acc": 73.500001}
[08/19 10:00:39][INFO] utils.logging:   91: {"_type": "train_iter", "iter": "6000/30000", "loss": 3.473779, "lr": 0.001000, "top1_acc": 74.600001}
[08/19 10:01:58][INFO] utils.logging:   91: {"_type": "train_iter", "iter": "6200/30000", "loss": 3.309273, "lr": 0.001000, "top1_acc": 74.800001}
[08/19 10:03:17][INFO] utils.logging:   91: {"_type": "train_iter", "iter": "6400/30000", "loss": 3.372418, "lr": 0.001000, "top1_acc": 73.300001}
[08/19 10:04:36][INFO] utils.logging:   91: {"_type": "train_iter", "iter": "6600/30000", "loss": 3.399618, "lr": 0.001000, "top1_acc": 73.000001}
[08/19 10:05:55][INFO] utils.logging:   91: {"_type": "train_iter", "iter": "6800/30000", "loss": 3.175806, "lr": 0.001000, "top1_acc": 77.200001}
[08/19 10:07:15][INFO] utils.logging:   91: {"_type": "train_iter", "iter": "7000/30000", "loss": 3.021047, "lr": 0.001000, "top1_acc": 75.300001}
[08/19 10:08:33][INFO] utils.logging:   91: {"_type": "train_iter", "iter": "7200/30000", "loss": 3.075427, "lr": 0.001000, "top1_acc": 75.900001}
[08/19 10:09:52][INFO] utils.logging:   91: {"_type": "train_iter", "iter": "7400/30000", "loss": 3.121137, "lr": 0.001000, "top1_acc": 74.400001}
[08/19 10:11:11][INFO] utils.logging:   91: {"_type": "train_iter", "iter": "7600/30000", "loss": 2.890651, "lr": 0.001000, "top1_acc": 78.400002}
[08/19 10:12:51][INFO] utils.logging:   91: {"_type": "train_iter", "iter": "7800/30000", "loss": 2.744708, "lr": 0.001000, "top1_acc": 78.400001}
[08/19 10:14:35][INFO] utils.logging:   91: {"_type": "train_iter", "iter": "8000/30000", "loss": 2.922035, "lr": 0.001000, "top1_acc": 76.800002}
[08/19 10:16:19][INFO] utils.logging:   91: {"_type": "train_iter", "iter": "8200/30000", "loss": 2.971393, "lr": 0.001000, "top1_acc": 76.900001}
[08/19 10:17:40][INFO] utils.logging:   91: {"_type": "train_iter", "iter": "8400/30000", "loss": 2.941429, "lr": 0.001000, "top1_acc": 75.700001}
[08/19 10:18:59][INFO] utils.logging:   91: {"_type": "train_iter", "iter": "8600/30000", "loss": 2.790770, "lr": 0.001000, "top1_acc": 80.700001}
[08/19 10:20:30][INFO] utils.logging:   91: {"_type": "train_iter", "iter": "8800/30000", "loss": 2.747646, "lr": 0.001000, "top1_acc": 76.000001}
[08/19 10:21:51][INFO] utils.logging:   91: {"_type": "train_iter", "iter": "9000/30000", "loss": 2.540721, "lr": 0.001000, "top1_acc": 80.400001}
[08/19 10:23:10][INFO] utils.logging:   91: {"_type": "train_iter", "iter": "9200/30000", "loss": 2.690901, "lr": 0.001000, "top1_acc": 79.200001}
[08/19 10:24:28][INFO] utils.logging:   91: {"_type": "train_iter", "iter": "9400/30000", "loss": 2.568318, "lr": 0.001000, "top1_acc": 79.500001}
[08/19 10:25:47][INFO] utils.logging:   91: {"_type": "train_iter", "iter": "9600/30000", "loss": 2.470071, "lr": 0.001000, "top1_acc": 79.200001}
[08/19 10:27:06][INFO] utils.logging:   91: {"_type": "train_iter", "iter": "9800/30000", "loss": 2.454864, "lr": 0.001000, "top1_acc": 80.300001}
[08/19 10:28:48][INFO] utils.logging:   91: {"_type": "val_iter", "gpu_mem": "1.86 GB", "iter": "200/10000", "top1_acc": 57.900001}
[08/19 10:28:51][INFO] datasets.base.few_shot_dataset:  420: Error at decoding. Vid index: 2581, Vid path: /mnt/data/yanyi2025/lrc/action_data/ssv2/videos/videos/113474.webm
[08/19 10:29:11][INFO] utils.logging:   91: {"_type": "val_iter", "gpu_mem": "1.86 GB", "iter": "400/10000", "top1_acc": 59.600001}
[08/19 10:29:33][INFO] utils.logging:   91: {"_type": "val_iter", "gpu_mem": "1.86 GB", "iter": "600/10000", "top1_acc": 56.600001}
[08/19 10:29:56][INFO] utils.logging:   91: {"_type": "val_iter", "gpu_mem": "1.86 GB", "iter": "800/10000", "top1_acc": 60.900001}
[08/19 10:30:19][INFO] utils.logging:   91: {"_type": "val_iter", "gpu_mem": "1.86 GB", "iter": "1000/10000", "top1_acc": 61.700001}
[08/19 10:30:29][INFO] datasets.base.few_shot_dataset:  420: Error at decoding. Vid index: 2581, Vid path: /mnt/data/yanyi2025/lrc/action_data/ssv2/videos/videos/113474.webm
[08/19 10:30:42][INFO] utils.logging:   91: {"_type": "val_iter", "gpu_mem": "1.86 GB", "iter": "1200/10000", "top1_acc": 56.900001}
[08/19 10:31:05][INFO] utils.logging:   91: {"_type": "val_iter", "gpu_mem": "1.86 GB", "iter": "1400/10000", "top1_acc": 61.000001}
[08/19 10:31:11][INFO] datasets.base.few_shot_dataset:  420: Error at decoding. Vid index: 2581, Vid path: /mnt/data/yanyi2025/lrc/action_data/ssv2/videos/videos/113474.webm
[08/19 10:31:20][WARNING] datasets.base.few_shot_dataset:  251: Error at decoding. 1/5. Vid index: [185, 74], Vid path: 9
[08/19 10:31:28][INFO] utils.logging:   91: {"_type": "val_iter", "gpu_mem": "1.86 GB", "iter": "1600/10000", "top1_acc": 60.700001}
[08/19 10:31:45][INFO] datasets.base.few_shot_dataset:  420: Error at decoding. Vid index: 2581, Vid path: /mnt/data/yanyi2025/lrc/action_data/ssv2/videos/videos/113474.webm
[08/19 10:31:50][INFO] utils.logging:   91: {"_type": "val_iter", "gpu_mem": "1.86 GB", "iter": "1800/10000", "top1_acc": 60.100001}
[08/19 10:32:13][INFO] utils.logging:   91: {"_type": "val_iter", "gpu_mem": "1.86 GB", "iter": "2000/10000", "top1_acc": 61.200001}
[08/19 10:32:21][WARNING] datasets.base.few_shot_dataset:  251: Error at decoding. 1/5. Vid index: [185, 145], Vid path: 9
[08/19 10:32:31][INFO] datasets.base.few_shot_dataset:  420: Error at decoding. Vid index: 2581, Vid path: /mnt/data/yanyi2025/lrc/action_data/ssv2/videos/videos/113474.webm
[08/19 10:32:39][INFO] utils.logging:   91: {"_type": "val_iter", "gpu_mem": "1.86 GB", "iter": "2200/10000", "top1_acc": 58.800001}
[08/19 10:33:03][INFO] utils.logging:   91: {"_type": "val_iter", "gpu_mem": "1.86 GB", "iter": "2400/10000", "top1_acc": 59.900001}
[08/19 10:33:26][INFO] utils.logging:   91: {"_type": "val_iter", "gpu_mem": "1.86 GB", "iter": "2600/10000", "top1_acc": 59.200001}
[08/19 10:33:28][WARNING] datasets.base.few_shot_dataset:  251: Error at decoding. 1/5. Vid index: [185, 182], Vid path: 9
[08/19 10:33:48][INFO] utils.logging:   91: {"_type": "val_iter", "gpu_mem": "1.86 GB", "iter": "2800/10000", "top1_acc": 60.000001}
[08/19 10:34:11][INFO] utils.logging:   91: {"_type": "val_iter", "gpu_mem": "1.86 GB", "iter": "3000/10000", "top1_acc": 62.300001}
[08/19 10:34:31][WARNING] datasets.base.few_shot_dataset:  251: Error at decoding. 1/5. Vid index: [64, 185], Vid path: 9
[08/19 10:34:34][INFO] utils.logging:   91: {"_type": "val_iter", "gpu_mem": "1.86 GB", "iter": "3200/10000", "top1_acc": 58.100001}
[08/19 10:34:57][INFO] utils.logging:   91: {"_type": "val_iter", "gpu_mem": "1.86 GB", "iter": "3400/10000", "top1_acc": 59.400001}
[08/19 10:35:19][INFO] utils.logging:   91: {"_type": "val_iter", "gpu_mem": "1.86 GB", "iter": "3600/10000", "top1_acc": 59.000001}
[08/19 10:35:42][INFO] utils.logging:   91: {"_type": "val_iter", "gpu_mem": "1.86 GB", "iter": "3800/10000", "top1_acc": 61.300001}
[08/19 10:36:05][INFO] utils.logging:   91: {"_type": "val_iter", "gpu_mem": "1.86 GB", "iter": "4000/10000", "top1_acc": 60.400001}
[08/19 10:36:25][INFO] datasets.base.few_shot_dataset:  420: Error at decoding. Vid index: 2581, Vid path: /mnt/data/yanyi2025/lrc/action_data/ssv2/videos/videos/113474.webm
[08/19 10:36:28][INFO] utils.logging:   91: {"_type": "val_iter", "gpu_mem": "1.86 GB", "iter": "4200/10000", "top1_acc": 58.200001}
[08/19 10:36:52][WARNING] datasets.base.few_shot_dataset:  251: Error at decoding. 1/5. Vid index: [86, 185], Vid path: 9
[08/19 10:36:54][INFO] utils.logging:   91: {"_type": "val_iter", "gpu_mem": "1.86 GB", "iter": "4400/10000", "top1_acc": 60.600001}
[08/19 10:37:26][INFO] utils.logging:   91: {"_type": "val_iter", "gpu_mem": "1.86 GB", "iter": "4600/10000", "top1_acc": 59.700001}
[08/19 10:37:52][INFO] utils.logging:   91: {"_type": "val_iter", "gpu_mem": "1.86 GB", "iter": "4800/10000", "top1_acc": 60.900001}
[08/19 10:38:15][INFO] utils.logging:   91: {"_type": "val_iter", "gpu_mem": "1.86 GB", "iter": "5000/10000", "top1_acc": 63.200001}
[08/19 10:38:38][INFO] utils.logging:   91: {"_type": "val_iter", "gpu_mem": "1.86 GB", "iter": "5200/10000", "top1_acc": 60.200001}
[08/19 10:39:01][INFO] utils.logging:   91: {"_type": "val_iter", "gpu_mem": "1.86 GB", "iter": "5400/10000", "top1_acc": 62.200001}
[08/19 10:39:18][WARNING] datasets.base.few_shot_dataset:  251: Error at decoding. 1/5. Vid index: [185, 52], Vid path: 9
[08/19 10:39:23][INFO] utils.logging:   91: {"_type": "val_iter", "gpu_mem": "1.86 GB", "iter": "5600/10000", "top1_acc": 60.800001}
[08/19 10:39:46][INFO] utils.logging:   91: {"_type": "val_iter", "gpu_mem": "1.86 GB", "iter": "5800/10000", "top1_acc": 60.500001}
[08/19 10:40:08][WARNING] datasets.base.few_shot_dataset:  251: Error at decoding. 1/5. Vid index: [116, 185], Vid path: 9
[08/19 10:40:09][INFO] utils.logging:   91: {"_type": "val_iter", "gpu_mem": "1.86 GB", "iter": "6000/10000", "top1_acc": 62.500001}
[08/19 10:40:32][INFO] utils.logging:   91: {"_type": "val_iter", "gpu_mem": "1.86 GB", "iter": "6200/10000", "top1_acc": 60.400001}
[08/19 10:40:33][INFO] datasets.base.few_shot_dataset:  420: Error at decoding. Vid index: 2581, Vid path: /mnt/data/yanyi2025/lrc/action_data/ssv2/videos/videos/113474.webm
[08/19 10:40:55][INFO] utils.logging:   91: {"_type": "val_iter", "gpu_mem": "1.86 GB", "iter": "6400/10000", "top1_acc": 63.600002}
[08/19 10:41:17][INFO] utils.logging:   91: {"_type": "val_iter", "gpu_mem": "1.86 GB", "iter": "6600/10000", "top1_acc": 59.200001}
[08/19 10:41:40][INFO] utils.logging:   91: {"_type": "val_iter", "gpu_mem": "1.86 GB", "iter": "6800/10000", "top1_acc": 62.100001}
[08/19 10:42:03][INFO] utils.logging:   91: {"_type": "val_iter", "gpu_mem": "1.86 GB", "iter": "7000/10000", "top1_acc": 61.700001}
[08/19 10:42:22][WARNING] datasets.base.few_shot_dataset:  251: Error at decoding. 1/5. Vid index: [179, 185], Vid path: 9
[08/19 10:42:26][WARNING] datasets.base.few_shot_dataset:  251: Error at decoding. 1/5. Vid index: [185, 88], Vid path: 9
[08/19 10:42:26][INFO] utils.logging:   91: {"_type": "val_iter", "gpu_mem": "1.86 GB", "iter": "7200/10000", "top1_acc": 58.800001}
[08/19 10:42:49][INFO] utils.logging:   91: {"_type": "val_iter", "gpu_mem": "1.86 GB", "iter": "7400/10000", "top1_acc": 60.600001}
[08/19 10:43:11][INFO] utils.logging:   91: {"_type": "val_iter", "gpu_mem": "1.86 GB", "iter": "7600/10000", "top1_acc": 58.300000}
[08/19 10:43:24][WARNING] datasets.base.few_shot_dataset:  251: Error at decoding. 1/5. Vid index: [159, 185], Vid path: 9
[08/19 10:43:34][INFO] utils.logging:   91: {"_type": "val_iter", "gpu_mem": "1.86 GB", "iter": "7800/10000", "top1_acc": 57.900001}
[08/19 10:43:57][INFO] utils.logging:   91: {"_type": "val_iter", "gpu_mem": "1.86 GB", "iter": "8000/10000", "top1_acc": 62.800001}
[08/19 10:44:20][INFO] utils.logging:   91: {"_type": "val_iter", "gpu_mem": "1.86 GB", "iter": "8200/10000", "top1_acc": 60.300001}
[08/19 10:44:43][INFO] utils.logging:   91: {"_type": "val_iter", "gpu_mem": "1.86 GB", "iter": "8400/10000", "top1_acc": 59.900001}
[08/19 10:45:05][INFO] utils.logging:   91: {"_type": "val_iter", "gpu_mem": "1.86 GB", "iter": "8600/10000", "top1_acc": 59.500001}
[08/19 10:45:28][INFO] utils.logging:   91: {"_type": "val_iter", "gpu_mem": "1.86 GB", "iter": "8800/10000", "top1_acc": 62.500001}
[08/19 10:45:51][INFO] utils.logging:   91: {"_type": "val_iter", "gpu_mem": "1.86 GB", "iter": "9000/10000", "top1_acc": 62.100001}
[08/19 10:46:14][INFO] utils.logging:   91: {"_type": "val_iter", "gpu_mem": "1.86 GB", "iter": "9200/10000", "top1_acc": 60.800001}
[08/19 10:46:36][INFO] utils.logging:   91: {"_type": "val_iter", "gpu_mem": "1.86 GB", "iter": "9400/10000", "top1_acc": 60.300001}
[08/19 10:46:59][INFO] utils.logging:   91: {"_type": "val_iter", "gpu_mem": "1.86 GB", "iter": "9600/10000", "top1_acc": 62.800001}
[08/19 10:47:22][INFO] utils.logging:   91: {"_type": "val_iter", "gpu_mem": "1.86 GB", "iter": "9800/10000", "top1_acc": 59.900001}
[08/19 10:47:45][INFO] utils.logging:   91: {"_type": "val_iter", "gpu_mem": "1.86 GB", "iter": "10000/10000", "top1_acc": 61.200001}
[08/19 10:47:45][INFO] utils.logging:   91: {"RAM": "20.14/125.63 GB", "_type": "val_epoch", "epoch": "1", "gpu_mem": "1.86 GB", "top1_acc": 60.370001}
[08/19 10:47:45][INFO] train_net_few_shot:   90: New best validation accuracy: 60.3700; checkpoint=output/SSv2_Full_FOCUS_TASK_MATCH/checkpoints/checkpoint_best.pyth
[08/19 10:47:45][INFO] utils.logging:   91: {"_type": "train_iter", "iter": "10000/30000", "loss": 2.569785, "lr": 0.001000, "top1_acc": 80.100001}
[08/19 10:49:04][INFO] utils.logging:   91: {"_type": "train_iter", "iter": "10200/30000", "loss": 2.502005, "lr": 0.001000, "top1_acc": 81.000001}
[08/19 10:50:22][INFO] utils.logging:   91: {"_type": "train_iter", "iter": "10400/30000", "loss": 2.373172, "lr": 0.001000, "top1_acc": 80.300001}
[08/19 10:51:41][INFO] utils.logging:   91: {"_type": "train_iter", "iter": "10600/30000", "loss": 2.330768, "lr": 0.001000, "top1_acc": 79.900002}
[08/19 10:52:59][INFO] utils.logging:   91: {"_type": "train_iter", "iter": "10800/30000", "loss": 2.637882, "lr": 0.001000, "top1_acc": 77.900001}
[08/19 10:54:18][INFO] utils.logging:   91: {"_type": "train_iter", "iter": "11000/30000", "loss": 2.470984, "lr": 0.001000, "top1_acc": 81.400001}
[08/19 10:55:36][INFO] utils.logging:   91: {"_type": "train_iter", "iter": "11200/30000", "loss": 2.456939, "lr": 0.001000, "top1_acc": 79.900001}
[08/19 10:56:56][INFO] utils.logging:   91: {"_type": "train_iter", "iter": "11400/30000", "loss": 2.420255, "lr": 0.001000, "top1_acc": 81.500001}
[08/19 10:58:16][INFO] utils.logging:   91: {"_type": "train_iter", "iter": "11600/30000", "loss": 2.084992, "lr": 0.001000, "top1_acc": 84.500001}
[08/19 10:59:36][INFO] utils.logging:   91: {"_type": "train_iter", "iter": "11800/30000", "loss": 2.320664, "lr": 0.001000, "top1_acc": 82.000001}
[08/19 11:00:56][INFO] utils.logging:   91: {"_type": "train_iter", "iter": "12000/30000", "loss": 2.410326, "lr": 0.001000, "top1_acc": 81.200001}
[08/19 11:02:16][INFO] utils.logging:   91: {"_type": "train_iter", "iter": "12200/30000", "loss": 1.937725, "lr": 0.000500, "top1_acc": 84.600001}
[08/19 11:03:38][INFO] utils.logging:   91: {"_type": "train_iter", "iter": "12400/30000", "loss": 1.752093, "lr": 0.000500, "top1_acc": 85.700001}
[08/19 11:04:58][INFO] utils.logging:   91: {"_type": "train_iter", "iter": "12600/30000", "loss": 1.970115, "lr": 0.000500, "top1_acc": 84.100001}
[08/19 11:06:18][INFO] utils.logging:   91: {"_type": "train_iter", "iter": "12800/30000", "loss": 1.804797, "lr": 0.000500, "top1_acc": 84.500001}
[08/19 11:07:38][INFO] utils.logging:   91: {"_type": "train_iter", "iter": "13000/30000", "loss": 1.829363, "lr": 0.000500, "top1_acc": 84.100001}
[08/19 11:08:59][INFO] utils.logging:   91: {"_type": "train_iter", "iter": "13200/30000", "loss": 1.701300, "lr": 0.000500, "top1_acc": 85.700001}
[08/19 11:10:19][INFO] utils.logging:   91: {"_type": "train_iter", "iter": "13400/30000", "loss": 1.687315, "lr": 0.000500, "top1_acc": 86.900001}
[08/19 11:11:40][INFO] utils.logging:   91: {"_type": "train_iter", "iter": "13600/30000", "loss": 1.822157, "lr": 0.000500, "top1_acc": 84.100001}
[08/19 11:13:00][INFO] utils.logging:   91: {"_type": "train_iter", "iter": "13800/30000", "loss": 1.637445, "lr": 0.000500, "top1_acc": 85.600001}
[08/19 11:14:21][INFO] utils.logging:   91: {"_type": "train_iter", "iter": "14000/30000", "loss": 1.644912, "lr": 0.000500, "top1_acc": 85.100001}
[08/19 11:15:40][INFO] utils.logging:   91: {"_type": "train_iter", "iter": "14200/30000", "loss": 1.505234, "lr": 0.000500, "top1_acc": 86.900001}
[08/19 11:16:54][INFO] datasets.base.few_shot_dataset:  420: Error at decoding. Vid index: 54100, Vid path: /mnt/data/yanyi2025/lrc/action_data/ssv2/videos/videos/96464.webm
[08/19 11:16:59][INFO] utils.logging:   91: {"_type": "train_iter", "iter": "14400/30000", "loss": 1.758358, "lr": 0.000500, "top1_acc": 85.300001}
[08/19 11:18:17][INFO] utils.logging:   91: {"_type": "train_iter", "iter": "14600/30000", "loss": 1.620302, "lr": 0.000500, "top1_acc": 85.400001}
[08/19 11:19:03][INFO] datasets.base.few_shot_dataset:  500: Error at decoding. Vid index: 54100, Vid path: /mnt/data/yanyi2025/lrc/action_data/ssv2/videos/videos/96464.webm
[08/19 11:19:36][INFO] utils.logging:   91: {"_type": "train_iter", "iter": "14800/30000", "loss": 1.409487, "lr": 0.000500, "top1_acc": 89.400001}
[08/19 11:20:55][INFO] utils.logging:   91: {"_type": "train_iter", "iter": "15000/30000", "loss": 1.795937, "lr": 0.000500, "top1_acc": 85.700001}
[08/19 11:22:14][INFO] utils.logging:   91: {"_type": "train_iter", "iter": "15200/30000", "loss": 1.470292, "lr": 0.000500, "top1_acc": 85.700001}
[08/19 11:23:33][INFO] utils.logging:   91: {"_type": "train_iter", "iter": "15400/30000", "loss": 1.562074, "lr": 0.000500, "top1_acc": 87.700001}
[08/19 11:24:52][INFO] utils.logging:   91: {"_type": "train_iter", "iter": "15600/30000", "loss": 1.531522, "lr": 0.000500, "top1_acc": 87.100001}
[08/19 11:26:11][INFO] utils.logging:   91: {"_type": "train_iter", "iter": "15800/30000", "loss": 1.522667, "lr": 0.000500, "top1_acc": 87.300001}
[08/19 11:27:30][INFO] utils.logging:   91: {"_type": "train_iter", "iter": "16000/30000", "loss": 1.370933, "lr": 0.000500, "top1_acc": 86.500001}
[08/19 11:28:49][INFO] utils.logging:   91: {"_type": "train_iter", "iter": "16200/30000", "loss": 1.305909, "lr": 0.000500, "top1_acc": 88.000001}
[08/19 11:30:08][INFO] utils.logging:   91: {"_type": "train_iter", "iter": "16400/30000", "loss": 1.445812, "lr": 0.000500, "top1_acc": 87.200001}
[08/19 11:31:28][INFO] utils.logging:   91: {"_type": "train_iter", "iter": "16600/30000", "loss": 1.545104, "lr": 0.000500, "top1_acc": 86.800001}
[08/19 11:32:47][INFO] utils.logging:   91: {"_type": "train_iter", "iter": "16800/30000", "loss": 1.547201, "lr": 0.000500, "top1_acc": 87.300001}
[08/19 11:34:06][INFO] utils.logging:   91: {"_type": "train_iter", "iter": "17000/30000", "loss": 1.430012, "lr": 0.000500, "top1_acc": 86.700001}
[08/19 11:35:25][INFO] utils.logging:   91: {"_type": "train_iter", "iter": "17200/30000", "loss": 1.409990, "lr": 0.000500, "top1_acc": 86.800001}
[08/19 11:36:44][INFO] utils.logging:   91: {"_type": "train_iter", "iter": "17400/30000", "loss": 1.351353, "lr": 0.000500, "top1_acc": 86.700001}
[08/19 11:38:03][INFO] utils.logging:   91: {"_type": "train_iter", "iter": "17600/30000", "loss": 1.386644, "lr": 0.000500, "top1_acc": 87.800001}
[08/19 11:39:22][INFO] utils.logging:   91: {"_type": "train_iter", "iter": "17800/30000", "loss": 1.532603, "lr": 0.000500, "top1_acc": 86.200001}
[08/19 11:40:41][INFO] utils.logging:   91: {"_type": "train_iter", "iter": "18000/30000", "loss": 1.436730, "lr": 0.000500, "top1_acc": 89.400001}
[08/19 11:42:00][INFO] utils.logging:   91: {"_type": "train_iter", "iter": "18200/30000", "loss": 1.369886, "lr": 0.000100, "top1_acc": 87.900001}
[08/19 11:43:19][INFO] utils.logging:   91: {"_type": "train_iter", "iter": "18400/30000", "loss": 1.231894, "lr": 0.000100, "top1_acc": 88.900001}
[08/19 11:44:38][INFO] utils.logging:   91: {"_type": "train_iter", "iter": "18600/30000", "loss": 1.186574, "lr": 0.000100, "top1_acc": 90.300001}
[08/19 11:45:57][INFO] utils.logging:   91: {"_type": "train_iter", "iter": "18800/30000", "loss": 0.969080, "lr": 0.000100, "top1_acc": 90.800001}
[08/19 11:47:16][INFO] utils.logging:   91: {"_type": "train_iter", "iter": "19000/30000", "loss": 1.026780, "lr": 0.000100, "top1_acc": 90.600001}
[08/19 11:48:36][INFO] utils.logging:   91: {"_type": "train_iter", "iter": "19200/30000", "loss": 1.113854, "lr": 0.000100, "top1_acc": 89.400001}
[08/19 11:49:55][INFO] utils.logging:   91: {"_type": "train_iter", "iter": "19400/30000", "loss": 1.199584, "lr": 0.000100, "top1_acc": 88.200001}
[08/19 11:51:14][INFO] utils.logging:   91: {"_type": "train_iter", "iter": "19600/30000", "loss": 1.187630, "lr": 0.000100, "top1_acc": 89.200001}
[08/19 11:52:33][INFO] utils.logging:   91: {"_type": "train_iter", "iter": "19800/30000", "loss": 1.160999, "lr": 0.000100, "top1_acc": 90.500001}
[08/19 11:54:17][INFO] utils.logging:   91: {"_type": "val_iter", "gpu_mem": "1.86 GB", "iter": "200/10000", "top1_acc": 63.200001}
[08/19 11:54:20][INFO] datasets.base.few_shot_dataset:  420: Error at decoding. Vid index: 2581, Vid path: /mnt/data/yanyi2025/lrc/action_data/ssv2/videos/videos/113474.webm
[08/19 11:54:40][INFO] utils.logging:   91: {"_type": "val_iter", "gpu_mem": "1.86 GB", "iter": "400/10000", "top1_acc": 66.100001}
[08/19 11:55:04][INFO] utils.logging:   91: {"_type": "val_iter", "gpu_mem": "1.86 GB", "iter": "600/10000", "top1_acc": 62.200001}
[08/19 11:55:27][INFO] utils.logging:   91: {"_type": "val_iter", "gpu_mem": "1.86 GB", "iter": "800/10000", "top1_acc": 65.500001}
[08/19 11:55:50][INFO] utils.logging:   91: {"_type": "val_iter", "gpu_mem": "1.86 GB", "iter": "1000/10000", "top1_acc": 64.100001}
[08/19 11:56:00][INFO] datasets.base.few_shot_dataset:  420: Error at decoding. Vid index: 2581, Vid path: /mnt/data/yanyi2025/lrc/action_data/ssv2/videos/videos/113474.webm
[08/19 11:56:13][INFO] utils.logging:   91: {"_type": "val_iter", "gpu_mem": "1.86 GB", "iter": "1200/10000", "top1_acc": 62.800001}
[08/19 11:56:36][INFO] utils.logging:   91: {"_type": "val_iter", "gpu_mem": "1.86 GB", "iter": "1400/10000", "top1_acc": 64.400001}
[08/19 11:56:43][INFO] datasets.base.few_shot_dataset:  420: Error at decoding. Vid index: 2581, Vid path: /mnt/data/yanyi2025/lrc/action_data/ssv2/videos/videos/113474.webm
[08/19 11:56:52][WARNING] datasets.base.few_shot_dataset:  251: Error at decoding. 1/5. Vid index: [185, 74], Vid path: 9
[08/19 11:56:59][INFO] utils.logging:   91: {"_type": "val_iter", "gpu_mem": "1.86 GB", "iter": "1600/10000", "top1_acc": 65.700001}
[08/19 11:57:17][INFO] datasets.base.few_shot_dataset:  420: Error at decoding. Vid index: 2581, Vid path: /mnt/data/yanyi2025/lrc/action_data/ssv2/videos/videos/113474.webm
[08/19 11:57:22][INFO] utils.logging:   91: {"_type": "val_iter", "gpu_mem": "1.86 GB", "iter": "1800/10000", "top1_acc": 64.500001}
[08/19 11:57:45][INFO] utils.logging:   91: {"_type": "val_iter", "gpu_mem": "1.86 GB", "iter": "2000/10000", "top1_acc": 64.800001}
[08/19 11:57:52][WARNING] datasets.base.few_shot_dataset:  251: Error at decoding. 1/5. Vid index: [185, 145], Vid path: 9
[08/19 11:58:00][INFO] datasets.base.few_shot_dataset:  420: Error at decoding. Vid index: 2581, Vid path: /mnt/data/yanyi2025/lrc/action_data/ssv2/videos/videos/113474.webm
[08/19 11:58:08][INFO] utils.logging:   91: {"_type": "val_iter", "gpu_mem": "1.86 GB", "iter": "2200/10000", "top1_acc": 64.700001}
[08/19 11:58:31][INFO] utils.logging:   91: {"_type": "val_iter", "gpu_mem": "1.86 GB", "iter": "2400/10000", "top1_acc": 65.300001}
[08/19 11:58:54][INFO] utils.logging:   91: {"_type": "val_iter", "gpu_mem": "1.86 GB", "iter": "2600/10000", "top1_acc": 66.200001}
[08/19 11:58:57][WARNING] datasets.base.few_shot_dataset:  251: Error at decoding. 1/5. Vid index: [185, 182], Vid path: 9
[08/19 11:59:18][INFO] utils.logging:   91: {"_type": "val_iter", "gpu_mem": "1.86 GB", "iter": "2800/10000", "top1_acc": 67.000001}
[08/19 11:59:41][INFO] utils.logging:   91: {"_type": "val_iter", "gpu_mem": "1.86 GB", "iter": "3000/10000", "top1_acc": 67.300002}
[08/19 12:00:01][WARNING] datasets.base.few_shot_dataset:  251: Error at decoding. 1/5. Vid index: [64, 185], Vid path: 9
[08/19 12:00:04][INFO] utils.logging:   91: {"_type": "val_iter", "gpu_mem": "1.86 GB", "iter": "3200/10000", "top1_acc": 64.400001}
[08/19 12:00:27][INFO] utils.logging:   91: {"_type": "val_iter", "gpu_mem": "1.86 GB", "iter": "3400/10000", "top1_acc": 65.100001}
[08/19 12:00:50][INFO] utils.logging:   91: {"_type": "val_iter", "gpu_mem": "1.86 GB", "iter": "3600/10000", "top1_acc": 65.700001}
[08/19 12:01:12][INFO] utils.logging:   91: {"_type": "val_iter", "gpu_mem": "1.86 GB", "iter": "3800/10000", "top1_acc": 66.900001}
[08/19 12:01:36][INFO] utils.logging:   91: {"_type": "val_iter", "gpu_mem": "1.86 GB", "iter": "4000/10000", "top1_acc": 66.900001}
[08/19 12:01:56][INFO] datasets.base.few_shot_dataset:  420: Error at decoding. Vid index: 2581, Vid path: /mnt/data/yanyi2025/lrc/action_data/ssv2/videos/videos/113474.webm
[08/19 12:01:59][INFO] utils.logging:   91: {"_type": "val_iter", "gpu_mem": "1.86 GB", "iter": "4200/10000", "top1_acc": 61.700001}
[08/19 12:02:20][WARNING] datasets.base.few_shot_dataset:  251: Error at decoding. 1/5. Vid index: [86, 185], Vid path: 9
[08/19 12:02:21][INFO] utils.logging:   91: {"_type": "val_iter", "gpu_mem": "1.86 GB", "iter": "4400/10000", "top1_acc": 63.600001}
[08/19 12:02:45][INFO] utils.logging:   91: {"_type": "val_iter", "gpu_mem": "1.86 GB", "iter": "4600/10000", "top1_acc": 63.000001}
[08/19 12:03:08][INFO] utils.logging:   91: {"_type": "val_iter", "gpu_mem": "1.86 GB", "iter": "4800/10000", "top1_acc": 64.300001}
[08/19 12:03:31][INFO] utils.logging:   91: {"_type": "val_iter", "gpu_mem": "1.86 GB", "iter": "5000/10000", "top1_acc": 65.800002}
[08/19 12:03:53][INFO] utils.logging:   91: {"_type": "val_iter", "gpu_mem": "1.86 GB", "iter": "5200/10000", "top1_acc": 64.900001}
[08/19 12:04:16][INFO] utils.logging:   91: {"_type": "val_iter", "gpu_mem": "1.86 GB", "iter": "5400/10000", "top1_acc": 65.700001}
[08/19 12:04:33][WARNING] datasets.base.few_shot_dataset:  251: Error at decoding. 1/5. Vid index: [185, 52], Vid path: 9
[08/19 12:04:39][INFO] utils.logging:   91: {"_type": "val_iter", "gpu_mem": "1.86 GB", "iter": "5600/10000", "top1_acc": 67.300002}
[08/19 12:05:02][INFO] utils.logging:   91: {"_type": "val_iter", "gpu_mem": "1.86 GB", "iter": "5800/10000", "top1_acc": 64.800001}
[08/19 12:05:24][WARNING] datasets.base.few_shot_dataset:  251: Error at decoding. 1/5. Vid index: [116, 185], Vid path: 9
[08/19 12:05:25][INFO] utils.logging:   91: {"_type": "val_iter", "gpu_mem": "1.86 GB", "iter": "6000/10000", "top1_acc": 67.700001}
[08/19 12:05:48][INFO] utils.logging:   91: {"_type": "val_iter", "gpu_mem": "1.86 GB", "iter": "6200/10000", "top1_acc": 66.000001}
[08/19 12:05:50][INFO] datasets.base.few_shot_dataset:  420: Error at decoding. Vid index: 2581, Vid path: /mnt/data/yanyi2025/lrc/action_data/ssv2/videos/videos/113474.webm
[08/19 12:06:11][INFO] utils.logging:   91: {"_type": "val_iter", "gpu_mem": "1.86 GB", "iter": "6400/10000", "top1_acc": 67.800002}
[08/19 12:06:34][INFO] utils.logging:   91: {"_type": "val_iter", "gpu_mem": "1.86 GB", "iter": "6600/10000", "top1_acc": 66.200001}
[08/19 12:06:57][INFO] utils.logging:   91: {"_type": "val_iter", "gpu_mem": "1.86 GB", "iter": "6800/10000", "top1_acc": 65.100001}
[08/19 12:07:20][INFO] utils.logging:   91: {"_type": "val_iter", "gpu_mem": "1.86 GB", "iter": "7000/10000", "top1_acc": 64.700001}
[08/19 12:07:39][WARNING] datasets.base.few_shot_dataset:  251: Error at decoding. 1/5. Vid index: [179, 185], Vid path: 9
[08/19 12:07:42][WARNING] datasets.base.few_shot_dataset:  251: Error at decoding. 1/5. Vid index: [185, 88], Vid path: 9
[08/19 12:07:43][INFO] utils.logging:   91: {"_type": "val_iter", "gpu_mem": "1.86 GB", "iter": "7200/10000", "top1_acc": 63.900001}
[08/19 12:08:06][INFO] utils.logging:   91: {"_type": "val_iter", "gpu_mem": "1.86 GB", "iter": "7400/10000", "top1_acc": 65.300001}
[08/19 12:08:28][INFO] utils.logging:   91: {"_type": "val_iter", "gpu_mem": "1.86 GB", "iter": "7600/10000", "top1_acc": 66.300001}
[08/19 12:08:41][WARNING] datasets.base.few_shot_dataset:  251: Error at decoding. 1/5. Vid index: [159, 185], Vid path: 9
[08/19 12:08:51][INFO] utils.logging:   91: {"_type": "val_iter", "gpu_mem": "1.86 GB", "iter": "7800/10000", "top1_acc": 65.400001}
[08/19 12:09:15][INFO] utils.logging:   91: {"_type": "val_iter", "gpu_mem": "1.86 GB", "iter": "8000/10000", "top1_acc": 67.800001}
[08/19 12:09:37][INFO] utils.logging:   91: {"_type": "val_iter", "gpu_mem": "1.86 GB", "iter": "8200/10000", "top1_acc": 63.400001}
[08/19 12:10:00][INFO] utils.logging:   91: {"_type": "val_iter", "gpu_mem": "1.86 GB", "iter": "8400/10000", "top1_acc": 64.300001}
[08/19 12:10:24][INFO] utils.logging:   91: {"_type": "val_iter", "gpu_mem": "1.86 GB", "iter": "8600/10000", "top1_acc": 64.700001}
[08/19 12:10:46][INFO] utils.logging:   91: {"_type": "val_iter", "gpu_mem": "1.86 GB", "iter": "8800/10000", "top1_acc": 65.300001}
[08/19 12:11:09][INFO] utils.logging:   91: {"_type": "val_iter", "gpu_mem": "1.86 GB", "iter": "9000/10000", "top1_acc": 67.400001}
[08/19 12:11:32][INFO] utils.logging:   91: {"_type": "val_iter", "gpu_mem": "1.86 GB", "iter": "9200/10000", "top1_acc": 63.500001}
[08/19 12:11:56][INFO] utils.logging:   91: {"_type": "val_iter", "gpu_mem": "1.86 GB", "iter": "9400/10000", "top1_acc": 66.400001}
[08/19 12:12:19][INFO] utils.logging:   91: {"_type": "val_iter", "gpu_mem": "1.86 GB", "iter": "9600/10000", "top1_acc": 65.800001}
[08/19 12:12:42][INFO] utils.logging:   91: {"_type": "val_iter", "gpu_mem": "1.86 GB", "iter": "9800/10000", "top1_acc": 63.000001}
[08/19 12:13:05][INFO] utils.logging:   91: {"_type": "val_iter", "gpu_mem": "1.86 GB", "iter": "10000/10000", "top1_acc": 65.600001}
[08/19 12:13:05][INFO] utils.logging:   91: {"RAM": "20.17/125.63 GB", "_type": "val_epoch", "epoch": "2", "gpu_mem": "1.86 GB", "top1_acc": 65.190001}
[08/19 12:13:07][INFO] train_net_few_shot:   90: New best validation accuracy: 65.1900; checkpoint=output/SSv2_Full_FOCUS_TASK_MATCH/checkpoints/checkpoint_best.pyth
[08/19 12:13:08][INFO] utils.logging:   91: {"_type": "train_iter", "iter": "20000/30000", "loss": 1.015550, "lr": 0.000100, "top1_acc": 90.100001}
[08/19 12:14:27][INFO] utils.logging:   91: {"_type": "train_iter", "iter": "20200/30000", "loss": 1.112191, "lr": 0.000100, "top1_acc": 88.800001}
[08/19 12:15:46][INFO] utils.logging:   91: {"_type": "train_iter", "iter": "20400/30000", "loss": 1.124687, "lr": 0.000100, "top1_acc": 88.300001}
[08/19 12:17:05][INFO] utils.logging:   91: {"_type": "train_iter", "iter": "20600/30000", "loss": 0.996820, "lr": 0.000100, "top1_acc": 91.200001}
[08/19 12:18:24][INFO] utils.logging:   91: {"_type": "train_iter", "iter": "20800/30000", "loss": 1.066736, "lr": 0.000100, "top1_acc": 91.100001}
[08/19 12:19:42][INFO] utils.logging:   91: {"_type": "train_iter", "iter": "21000/30000", "loss": 1.124620, "lr": 0.000100, "top1_acc": 90.200001}
[08/19 12:21:01][INFO] utils.logging:   91: {"_type": "train_iter", "iter": "21200/30000", "loss": 1.095542, "lr": 0.000100, "top1_acc": 89.100001}
[08/19 12:22:20][INFO] utils.logging:   91: {"_type": "train_iter", "iter": "21400/30000", "loss": 1.117895, "lr": 0.000100, "top1_acc": 89.000001}
[08/19 12:23:39][INFO] utils.logging:   91: {"_type": "train_iter", "iter": "21600/30000", "loss": 1.020591, "lr": 0.000100, "top1_acc": 89.700001}
[08/19 12:24:57][INFO] utils.logging:   91: {"_type": "train_iter", "iter": "21800/30000", "loss": 0.987905, "lr": 0.000100, "top1_acc": 90.200001}
[08/19 12:26:16][INFO] utils.logging:   91: {"_type": "train_iter", "iter": "22000/30000", "loss": 1.081880, "lr": 0.000100, "top1_acc": 91.300001}
[08/19 12:27:35][INFO] utils.logging:   91: {"_type": "train_iter", "iter": "22200/30000", "loss": 0.973693, "lr": 0.000100, "top1_acc": 90.500001}
[08/19 12:28:54][INFO] utils.logging:   91: {"_type": "train_iter", "iter": "22400/30000", "loss": 0.939685, "lr": 0.000100, "top1_acc": 90.800001}
[08/19 12:30:12][INFO] utils.logging:   91: {"_type": "train_iter", "iter": "22600/30000", "loss": 0.936952, "lr": 0.000100, "top1_acc": 90.500001}
[08/19 12:30:37][INFO] datasets.base.few_shot_dataset:  420: Error at decoding. Vid index: 54100, Vid path: /mnt/data/yanyi2025/lrc/action_data/ssv2/videos/videos/96464.webm
[08/19 12:31:31][INFO] utils.logging:   91: {"_type": "train_iter", "iter": "22800/30000", "loss": 0.893688, "lr": 0.000100, "top1_acc": 91.100001}
[08/19 12:32:50][INFO] utils.logging:   91: {"_type": "train_iter", "iter": "23000/30000", "loss": 0.954118, "lr": 0.000100, "top1_acc": 90.100001}
[08/19 12:34:09][INFO] utils.logging:   91: {"_type": "train_iter", "iter": "23200/30000", "loss": 1.031920, "lr": 0.000100, "top1_acc": 91.000001}
[08/19 12:35:27][INFO] utils.logging:   91: {"_type": "train_iter", "iter": "23400/30000", "loss": 0.912944, "lr": 0.000100, "top1_acc": 91.000001}
[08/19 12:36:46][INFO] utils.logging:   91: {"_type": "train_iter", "iter": "23600/30000", "loss": 0.850403, "lr": 0.000100, "top1_acc": 90.600001}
[08/19 12:38:05][INFO] utils.logging:   91: {"_type": "train_iter", "iter": "23800/30000", "loss": 0.822284, "lr": 0.000100, "top1_acc": 92.000001}
[08/19 12:39:24][INFO] utils.logging:   91: {"_type": "train_iter", "iter": "24000/30000", "loss": 0.888732, "lr": 0.000100, "top1_acc": 91.600001}
[08/19 12:40:43][INFO] utils.logging:   91: {"_type": "train_iter", "iter": "24200/30000", "loss": 0.991103, "lr": 0.000050, "top1_acc": 91.000001}
[08/19 12:42:02][INFO] utils.logging:   91: {"_type": "train_iter", "iter": "24400/30000", "loss": 0.811313, "lr": 0.000050, "top1_acc": 90.600001}
[08/19 12:43:21][INFO] utils.logging:   91: {"_type": "train_iter", "iter": "24600/30000", "loss": 0.928077, "lr": 0.000050, "top1_acc": 91.700001}
[08/19 12:44:40][INFO] utils.logging:   91: {"_type": "train_iter", "iter": "24800/30000", "loss": 0.912179, "lr": 0.000050, "top1_acc": 93.400001}
[08/19 12:45:59][INFO] utils.logging:   91: {"_type": "train_iter", "iter": "25000/30000", "loss": 0.803609, "lr": 0.000050, "top1_acc": 93.600001}
[08/19 12:47:18][INFO] utils.logging:   91: {"_type": "train_iter", "iter": "25200/30000", "loss": 0.972643, "lr": 0.000050, "top1_acc": 92.300001}
[08/19 12:48:37][INFO] utils.logging:   91: {"_type": "train_iter", "iter": "25400/30000", "loss": 0.913469, "lr": 0.000050, "top1_acc": 92.000001}
[08/19 12:49:56][INFO] utils.logging:   91: {"_type": "train_iter", "iter": "25600/30000", "loss": 0.760165, "lr": 0.000050, "top1_acc": 92.600001}
[08/19 12:51:15][INFO] utils.logging:   91: {"_type": "train_iter", "iter": "25800/30000", "loss": 0.709913, "lr": 0.000050, "top1_acc": 91.500001}
[08/19 12:52:34][INFO] utils.logging:   91: {"_type": "train_iter", "iter": "26000/30000", "loss": 0.878218, "lr": 0.000050, "top1_acc": 91.300001}
[08/19 12:53:53][INFO] utils.logging:   91: {"_type": "train_iter", "iter": "26200/30000", "loss": 0.783043, "lr": 0.000050, "top1_acc": 91.100001}
[08/19 12:55:11][INFO] utils.logging:   91: {"_type": "train_iter", "iter": "26400/30000", "loss": 0.886937, "lr": 0.000050, "top1_acc": 90.600001}
[08/19 12:56:30][INFO] utils.logging:   91: {"_type": "train_iter", "iter": "26600/30000", "loss": 0.911777, "lr": 0.000050, "top1_acc": 89.800001}
[08/19 12:57:49][INFO] utils.logging:   91: {"_type": "train_iter", "iter": "26800/30000", "loss": 0.849534, "lr": 0.000050, "top1_acc": 91.400001}
[08/19 12:59:08][INFO] utils.logging:   91: {"_type": "train_iter", "iter": "27000/30000", "loss": 0.851368, "lr": 0.000050, "top1_acc": 91.600001}
[08/19 13:00:27][INFO] utils.logging:   91: {"_type": "train_iter", "iter": "27200/30000", "loss": 0.784618, "lr": 0.000050, "top1_acc": 93.500001}
[08/19 13:00:38][INFO] datasets.base.few_shot_dataset:  500: Error at decoding. Vid index: 54100, Vid path: /mnt/data/yanyi2025/lrc/action_data/ssv2/videos/videos/96464.webm
[08/19 13:01:46][INFO] utils.logging:   91: {"_type": "train_iter", "iter": "27400/30000", "loss": 0.725633, "lr": 0.000050, "top1_acc": 92.400001}
[08/19 13:03:05][INFO] utils.logging:   91: {"_type": "train_iter", "iter": "27600/30000", "loss": 0.809922, "lr": 0.000050, "top1_acc": 92.600001}
[08/19 13:04:24][INFO] utils.logging:   91: {"_type": "train_iter", "iter": "27800/30000", "loss": 0.811188, "lr": 0.000050, "top1_acc": 91.600001}
[08/19 13:05:43][INFO] utils.logging:   91: {"_type": "train_iter", "iter": "28000/30000", "loss": 0.814876, "lr": 0.000050, "top1_acc": 91.500001}
[08/19 13:07:02][INFO] utils.logging:   91: {"_type": "train_iter", "iter": "28200/30000", "loss": 0.920211, "lr": 0.000050, "top1_acc": 91.000001}
[08/19 13:08:21][INFO] utils.logging:   91: {"_type": "train_iter", "iter": "28400/30000", "loss": 0.859518, "lr": 0.000050, "top1_acc": 91.500001}
[08/19 13:09:40][INFO] utils.logging:   91: {"_type": "train_iter", "iter": "28600/30000", "loss": 0.814804, "lr": 0.000050, "top1_acc": 93.300001}
[08/19 13:10:59][INFO] utils.logging:   91: {"_type": "train_iter", "iter": "28800/30000", "loss": 0.758818, "lr": 0.000050, "top1_acc": 92.300001}
[08/19 13:12:18][INFO] utils.logging:   91: {"_type": "train_iter", "iter": "29000/30000", "loss": 0.824731, "lr": 0.000050, "top1_acc": 92.100001}
[08/19 13:13:36][INFO] utils.logging:   91: {"_type": "train_iter", "iter": "29200/30000", "loss": 0.828084, "lr": 0.000050, "top1_acc": 92.400001}
[08/19 13:14:55][INFO] utils.logging:   91: {"_type": "train_iter", "iter": "29400/30000", "loss": 0.846038, "lr": 0.000050, "top1_acc": 90.600001}
[08/19 13:16:14][INFO] utils.logging:   91: {"_type": "train_iter", "iter": "29600/30000", "loss": 0.797914, "lr": 0.000050, "top1_acc": 92.200001}
[08/19 13:17:33][INFO] utils.logging:   91: {"_type": "train_iter", "iter": "29800/30000", "loss": 0.738521, "lr": 0.000050, "top1_acc": 92.600001}
[08/19 13:19:15][INFO] utils.logging:   91: {"_type": "val_iter", "gpu_mem": "1.86 GB", "iter": "200/10000", "top1_acc": 64.100001}
[08/19 13:19:19][INFO] datasets.base.few_shot_dataset:  420: Error at decoding. Vid index: 2581, Vid path: /mnt/data/yanyi2025/lrc/action_data/ssv2/videos/videos/113474.webm
[08/19 13:19:38][INFO] utils.logging:   91: {"_type": "val_iter", "gpu_mem": "1.86 GB", "iter": "400/10000", "top1_acc": 64.700001}
[08/19 13:20:01][INFO] utils.logging:   91: {"_type": "val_iter", "gpu_mem": "1.86 GB", "iter": "600/10000", "top1_acc": 61.900001}
[08/19 13:20:25][INFO] utils.logging:   91: {"_type": "val_iter", "gpu_mem": "1.86 GB", "iter": "800/10000", "top1_acc": 64.800001}
[08/19 13:20:48][INFO] utils.logging:   91: {"_type": "val_iter", "gpu_mem": "1.86 GB", "iter": "1000/10000", "top1_acc": 66.700001}
[08/19 13:20:58][INFO] datasets.base.few_shot_dataset:  420: Error at decoding. Vid index: 2581, Vid path: /mnt/data/yanyi2025/lrc/action_data/ssv2/videos/videos/113474.webm
[08/19 13:21:11][INFO] utils.logging:   91: {"_type": "val_iter", "gpu_mem": "1.86 GB", "iter": "1200/10000", "top1_acc": 64.300001}
[08/19 13:21:34][INFO] utils.logging:   91: {"_type": "val_iter", "gpu_mem": "1.86 GB", "iter": "1400/10000", "top1_acc": 65.800001}
[08/19 13:21:41][INFO] datasets.base.few_shot_dataset:  420: Error at decoding. Vid index: 2581, Vid path: /mnt/data/yanyi2025/lrc/action_data/ssv2/videos/videos/113474.webm
[08/19 13:21:49][WARNING] datasets.base.few_shot_dataset:  251: Error at decoding. 1/5. Vid index: [185, 74], Vid path: 9
[08/19 13:21:57][INFO] utils.logging:   91: {"_type": "val_iter", "gpu_mem": "1.86 GB", "iter": "1600/10000", "top1_acc": 66.500001}
[08/19 13:22:15][INFO] datasets.base.few_shot_dataset:  420: Error at decoding. Vid index: 2581, Vid path: /mnt/data/yanyi2025/lrc/action_data/ssv2/videos/videos/113474.webm
[08/19 13:22:20][INFO] utils.logging:   91: {"_type": "val_iter", "gpu_mem": "1.86 GB", "iter": "1800/10000", "top1_acc": 65.600001}
[08/19 13:22:43][INFO] utils.logging:   91: {"_type": "val_iter", "gpu_mem": "1.86 GB", "iter": "2000/10000", "top1_acc": 64.200001}
[08/19 13:22:50][WARNING] datasets.base.few_shot_dataset:  251: Error at decoding. 1/5. Vid index: [185, 145], Vid path: 9
[08/19 13:22:58][INFO] datasets.base.few_shot_dataset:  420: Error at decoding. Vid index: 2581, Vid path: /mnt/data/yanyi2025/lrc/action_data/ssv2/videos/videos/113474.webm
[08/19 13:23:06][INFO] utils.logging:   91: {"_type": "val_iter", "gpu_mem": "1.86 GB", "iter": "2200/10000", "top1_acc": 64.200001}
[08/19 13:23:29][INFO] utils.logging:   91: {"_type": "val_iter", "gpu_mem": "1.86 GB", "iter": "2400/10000", "top1_acc": 65.600001}
[08/19 13:23:52][INFO] utils.logging:   91: {"_type": "val_iter", "gpu_mem": "1.86 GB", "iter": "2600/10000", "top1_acc": 64.100001}
[08/19 13:23:55][WARNING] datasets.base.few_shot_dataset:  251: Error at decoding. 1/5. Vid index: [185, 182], Vid path: 9
[08/19 13:24:15][INFO] utils.logging:   91: {"_type": "val_iter", "gpu_mem": "1.86 GB", "iter": "2800/10000", "top1_acc": 66.900001}
[08/19 13:24:38][INFO] utils.logging:   91: {"_type": "val_iter", "gpu_mem": "1.86 GB", "iter": "3000/10000", "top1_acc": 67.400001}
[08/19 13:24:59][WARNING] datasets.base.few_shot_dataset:  251: Error at decoding. 1/5. Vid index: [64, 185], Vid path: 9
[08/19 13:25:02][INFO] utils.logging:   91: {"_type": "val_iter", "gpu_mem": "1.86 GB", "iter": "3200/10000", "top1_acc": 65.300001}
[08/19 13:25:25][INFO] utils.logging:   91: {"_type": "val_iter", "gpu_mem": "1.86 GB", "iter": "3400/10000", "top1_acc": 63.300001}
[08/19 13:25:48][INFO] utils.logging:   91: {"_type": "val_iter", "gpu_mem": "1.86 GB", "iter": "3600/10000", "top1_acc": 65.300001}
[08/19 13:26:11][INFO] utils.logging:   91: {"_type": "val_iter", "gpu_mem": "1.86 GB", "iter": "3800/10000", "top1_acc": 65.300001}
[08/19 13:26:34][INFO] utils.logging:   91: {"_type": "val_iter", "gpu_mem": "1.86 GB", "iter": "4000/10000", "top1_acc": 67.600001}
[08/19 13:26:55][INFO] datasets.base.few_shot_dataset:  420: Error at decoding. Vid index: 2581, Vid path: /mnt/data/yanyi2025/lrc/action_data/ssv2/videos/videos/113474.webm
[08/19 13:26:57][INFO] utils.logging:   91: {"_type": "val_iter", "gpu_mem": "1.86 GB", "iter": "4200/10000", "top1_acc": 62.800001}
[08/19 13:27:19][WARNING] datasets.base.few_shot_dataset:  251: Error at decoding. 1/5. Vid index: [86, 185], Vid path: 9
[08/19 13:27:20][INFO] utils.logging:   91: {"_type": "val_iter", "gpu_mem": "1.86 GB", "iter": "4400/10000", "top1_acc": 63.400001}
[08/19 13:27:43][INFO] utils.logging:   91: {"_type": "val_iter", "gpu_mem": "1.86 GB", "iter": "4600/10000", "top1_acc": 62.400001}
[08/19 13:28:07][INFO] utils.logging:   91: {"_type": "val_iter", "gpu_mem": "1.86 GB", "iter": "4800/10000", "top1_acc": 66.400001}
[08/19 13:28:30][INFO] utils.logging:   91: {"_type": "val_iter", "gpu_mem": "1.86 GB", "iter": "5000/10000", "top1_acc": 66.900002}
[08/19 13:28:53][INFO] utils.logging:   91: {"_type": "val_iter", "gpu_mem": "1.86 GB", "iter": "5200/10000", "top1_acc": 65.900001}
[08/19 13:29:16][INFO] utils.logging:   91: {"_type": "val_iter", "gpu_mem": "1.86 GB", "iter": "5400/10000", "top1_acc": 67.200001}
[08/19 13:29:33][WARNING] datasets.base.few_shot_dataset:  251: Error at decoding. 1/5. Vid index: [185, 52], Vid path: 9
[08/19 13:29:39][INFO] utils.logging:   91: {"_type": "val_iter", "gpu_mem": "1.86 GB", "iter": "5600/10000", "top1_acc": 65.800001}
[08/19 13:30:02][INFO] utils.logging:   91: {"_type": "val_iter", "gpu_mem": "1.86 GB", "iter": "5800/10000", "top1_acc": 67.300001}
[08/19 13:30:24][WARNING] datasets.base.few_shot_dataset:  251: Error at decoding. 1/5. Vid index: [116, 185], Vid path: 9
[08/19 13:30:25][INFO] utils.logging:   91: {"_type": "val_iter", "gpu_mem": "1.86 GB", "iter": "6000/10000", "top1_acc": 67.500001}
[08/19 13:30:48][INFO] utils.logging:   91: {"_type": "val_iter", "gpu_mem": "1.86 GB", "iter": "6200/10000", "top1_acc": 66.600001}
[08/19 13:30:50][INFO] datasets.base.few_shot_dataset:  420: Error at decoding. Vid index: 2581, Vid path: /mnt/data/yanyi2025/lrc/action_data/ssv2/videos/videos/113474.webm
[08/19 13:31:11][INFO] utils.logging:   91: {"_type": "val_iter", "gpu_mem": "1.86 GB", "iter": "6400/10000", "top1_acc": 67.800002}
[08/19 13:31:34][INFO] utils.logging:   91: {"_type": "val_iter", "gpu_mem": "1.86 GB", "iter": "6600/10000", "top1_acc": 66.200001}
[08/19 13:31:57][INFO] utils.logging:   91: {"_type": "val_iter", "gpu_mem": "1.86 GB", "iter": "6800/10000", "top1_acc": 67.100001}
[08/19 13:32:20][INFO] utils.logging:   91: {"_type": "val_iter", "gpu_mem": "1.86 GB", "iter": "7000/10000", "top1_acc": 64.400001}
[08/19 13:32:39][WARNING] datasets.base.few_shot_dataset:  251: Error at decoding. 1/5. Vid index: [179, 185], Vid path: 9
[08/19 13:32:43][WARNING] datasets.base.few_shot_dataset:  251: Error at decoding. 1/5. Vid index: [185, 88], Vid path: 9
[08/19 13:32:43][INFO] utils.logging:   91: {"_type": "val_iter", "gpu_mem": "1.86 GB", "iter": "7200/10000", "top1_acc": 64.500001}
[08/19 13:33:06][INFO] utils.logging:   91: {"_type": "val_iter", "gpu_mem": "1.86 GB", "iter": "7400/10000", "top1_acc": 66.500001}
[08/19 13:33:29][INFO] utils.logging:   91: {"_type": "val_iter", "gpu_mem": "1.86 GB", "iter": "7600/10000", "top1_acc": 67.000001}
[08/19 13:33:42][WARNING] datasets.base.few_shot_dataset:  251: Error at decoding. 1/5. Vid index: [159, 185], Vid path: 9
[08/19 13:33:52][INFO] utils.logging:   91: {"_type": "val_iter", "gpu_mem": "1.86 GB", "iter": "7800/10000", "top1_acc": 65.600001}
[08/19 13:34:15][INFO] utils.logging:   91: {"_type": "val_iter", "gpu_mem": "1.86 GB", "iter": "8000/10000", "top1_acc": 68.800001}
[08/19 13:34:38][INFO] utils.logging:   91: {"_type": "val_iter", "gpu_mem": "1.86 GB", "iter": "8200/10000", "top1_acc": 63.900001}
[08/19 13:35:01][INFO] utils.logging:   91: {"_type": "val_iter", "gpu_mem": "1.86 GB", "iter": "8400/10000", "top1_acc": 64.000001}
[08/19 13:35:24][INFO] utils.logging:   91: {"_type": "val_iter", "gpu_mem": "1.86 GB", "iter": "8600/10000", "top1_acc": 65.900001}
[08/19 13:35:47][INFO] utils.logging:   91: {"_type": "val_iter", "gpu_mem": "1.86 GB", "iter": "8800/10000", "top1_acc": 64.400001}
[08/19 13:36:10][INFO] utils.logging:   91: {"_type": "val_iter", "gpu_mem": "1.86 GB", "iter": "9000/10000", "top1_acc": 67.000001}
[08/19 13:36:33][INFO] utils.logging:   91: {"_type": "val_iter", "gpu_mem": "1.86 GB", "iter": "9200/10000", "top1_acc": 65.200001}
[08/19 13:36:56][INFO] utils.logging:   91: {"_type": "val_iter", "gpu_mem": "1.86 GB", "iter": "9400/10000", "top1_acc": 65.100001}
[08/19 13:37:19][INFO] utils.logging:   91: {"_type": "val_iter", "gpu_mem": "1.86 GB", "iter": "9600/10000", "top1_acc": 66.700001}
[08/19 13:37:42][INFO] utils.logging:   91: {"_type": "val_iter", "gpu_mem": "1.86 GB", "iter": "9800/10000", "top1_acc": 64.300001}
[08/19 13:38:05][INFO] utils.logging:   91: {"_type": "val_iter", "gpu_mem": "1.86 GB", "iter": "10000/10000", "top1_acc": 66.700001}
[08/19 13:38:05][INFO] utils.logging:   91: {"RAM": "19.79/125.63 GB", "_type": "val_epoch", "epoch": "3", "gpu_mem": "1.86 GB", "top1_acc": 65.538001}
[08/19 13:38:07][INFO] train_net_few_shot:   90: New best validation accuracy: 65.5380; checkpoint=output/SSv2_Full_FOCUS_TASK_MATCH/checkpoints/checkpoint_best.pyth
[08/19 13:38:08][INFO] utils.logging:   91: {"_type": "train_iter", "iter": "30000/30000", "loss": 0.867632, "lr": 0.000050, "top1_acc": 91.400001}
[08/19 13:38:08][INFO] utils.logging:   91: {"RAM": "16.69/125.63 GB", "_type": "train_epoch", "epoch": "10", "gpu_mem": "1.86 GB", "loss": 2.454942, "lr": 0.000050, "top1_acc": 81.816668}
