[08/08 11:40:50][INFO] train_net_few_shot:  166: Train with config:
[08/08 11:40:50][INFO] train_net_few_shot:  167: {
  "TASK_TYPE": "few_shot_action",
  "PRETRAIN": {
    "ENABLE": false
  },
  "LOCALIZATION": {
    "ENABLE": false
  },
  "TRAIN": {
    "ENABLE": true,
    "DATASET": "SSv2-Full",
    "BATCH_SIZE": 1,
    "LOG_FILE": "train.log",
    "EVAL_PERIOD": 2,
    "NUM_FOLDS": 1,
    "AUTO_RESUME": true,
    "CHECKPOINT_PERIOD": 10,
    "CHECKPOINT_FILE_PATH": "",
    "CHECKPOINT_TYPE": "pytorch",
    "CHECKPOINT_INFLATE": false,
    "CHECKPOINT_PRE_PROCESS": {
      "ENABLE": false
    },
    "FINE_TUNE": true,
    "ONLY_LINEAR": false,
    "LR_REDUCE": false,
    "TRAIN_VAL_COMBINE": false,
    "LOSS_FUNC": "cross_entropy",
    "USE_CLASSIFICATION_VALUE": 2.0,
    "GRADIENT_CHECKPOINT": true,
    "NUM_CLASS": 64,
    "META_BATCH": true,
    "WAY": 5,
    "SHOT": 1,
    "QUERY_PER_CLASS": 1,
    "QUERY_PER_CLASS_TEST": 1,
    "NUM_TRAIN_TASKS": 30000,
    "NUM_TEST_TASKS": 10000,
    "VAL_FRE_ITER": 10000,
    "BATCH_SIZE_PER_TASK": 4,
    "USE_KEYFRAME_SELECTION": true
  },
  "TEST": {
    "ENABLE": true,
    "DATASET": "SSv2-Full",
    "BATCH_SIZE": 1,
    "NUM_SPATIAL_CROPS": 1,
    "SPATIAL_CROPS": "cctltr",
    "NUM_ENSEMBLE_VIEWS": 1,
    "LOG_FILE": "test.log",
    "CHECKPOINT_FILE_PATH": "",
    "CHECKPOINT_TYPE": "pytorch",
    "AUTOMATIC_MULTI_SCALE_TEST": false,
    "TEST_SET": "val",
    "UPLOAD_CLASSIFIER_RESULTS": true,
    "SHOT": [
      5
    ],
    "USE_KEYFRAME_SELECTION": true
  },
  "VISUALIZATION": {
    "ENABLE": false,
    "NAME": "",
    "FEATURE_MAPS": {
      "ENABLE": false,
      "BASE_OUTPUT_DIR": ""
    }
  },
  "SUBMISSION": {
    "ENABLE": false,
    "SAVE_RESULTS_PATH": "test.json"
  },
  "DATA": {
    "DATA_ROOT_DIR": "/mnt/data/yanyi2025/lrc/action_data/ssv2/videos/videos/",
    "ANNO_DIR": "config/ssv2_full/",
    "NUM_INPUT_FRAMES": 8,
    "NUM_INPUT_CHANNELS": 2304,
    "SAMPLING_MODE": "interval_based",
    "SAMPLING_RATE": 50,
    "TRAIN_JITTER_SCALES": [
      256,
      256
    ],
    "TRAIN_CROP_SIZE": 224,
    "TEST_SCALE": 256,
    "TEST_CROP_SIZE": 224,
    "MEAN": [
      0.48145466,
      0.4578275,
      0.40821073
    ],
    "STD": [
      0.26862954,
      0.26130258,
      0.27577711
    ],
    "MULTI_LABEL": false,
    "ENSEMBLE_METHOD": "sum",
    "TARGET_FPS": 12,
    "MINUS_INTERVAL": false,
    "FPS": 12,
    "NORM_FEATURE": false,
    "USE_AUG_FEATURE": false,
    "AUG": false,
    "LOAD_PROPS": false,
    "TEMPORAL_SCALE": 256,
    "LABELS_TYPE": "cls",
    "LOAD_TYPE": "pickle",
    "DOWNLOAD_FEATURE": true,
    "VIDEO_EXT": ".webm",
    "SAMPLING_UNIFORM": false,
    "SAMPLING_METHOD": "otam_anchor_keyframe",
    "TEST_CENTER_CROP": true,
    "CLIP_INTERVAL": 8
  },
  "MODEL": {
    "NAME": "BaseVideoModel",
    "EMA": {
      "ENABLE": false,
      "DECAY": 0.99996
    }
  },
  "VIDEO": {
    "BACKBONE": {
      "DEPTH": null,
      "META_ARCH": "Identity",
      "NUM_FILTERS": null,
      "NUM_INPUT_CHANNELS": 3,
      "NUM_OUT_FEATURES": null,
      "KERNEL_SIZE": null,
      "DOWNSAMPLING": null,
      "DOWNSAMPLING_TEMPORAL": null,
      "NUM_STREAMS": 1,
      "EXPANSION_RATIO": 2,
      "BRANCH": {
        "NAME": null
      },
      "STEM": {
        "NAME": null
      },
      "NONLOCAL": {
        "ENABLE": false,
        "STAGES": [
          5
        ],
        "MASK_ENABLE": false
      },
      "INITIALIZATION": null
    },
    "HEAD": {
      "NAME": "BaseTemporalClassifier",
      "ACTIVATION": "softmax",
      "DROPOUT_RATE": 0.0,
      "NUM_CLASSES": 200
    }
  },
  "OPTIMIZER": {
    "ADJUST_LR": false,
    "BASE_LR": 0.002,
    "LR_POLICY": "cosine",
    "MAX_EPOCH": 300,
    "MOMENTUM": 0.9,
    "WEIGHT_DECAY": "1e-3",
    "WARMUP_EPOCHS": 10,
    "WARMUP_START_LR": 0.0002,
    "OPTIM_METHOD": "adam",
    "DAMPENING": 0.0,
    "NESTEROV": true
  },
  "BN": {
    "WB_LOCK": false,
    "FREEZE": false,
    "WEIGHT_DECAY": 0.0,
    "MOMENTUM": 0.1,
    "EPS": "1e-3",
    "SYNC": false
  },
  "DATA_LOADER": {
    "NUM_WORKERS": 8,
    "PIN_MEMORY": true,
    "ENABLE_MULTI_THREAD_DECODE": true,
    "COLLATE_FN": null
  },
  "NUM_GPUS": 1,
  "SHARD_ID": 0,
  "NUM_SHARDS": 1,
  "RANDOM_SEED": 18,
  "OUTPUT_DIR": "output/SSv2_Full_BDTS_anchor_keyframe_FOCUS_v3",
  "OUTPUT_CFG_FILE": "configuration.log",
  "LOG_PERIOD": 200,
  "DIST_BACKEND": "nccl",
  "LOG_MODEL_INFO": false,
  "LOG_CONFIG_INFO": true,
  "OSS": {
    "ENABLE": false,
    "KEY": null,
    "SECRET": null,
    "ENDPOINT": null,
    "CHECKPOINT_OUTPUT_PATH": null,
    "SECONDARY_DATA_OSS": {
      "ENABLE": false,
      "KEY": null,
      "SECRET": null,
      "ENDPOINT": null,
      "BUCKETS": [
        ""
      ]
    }
  },
  "AUGMENTATION": {
    "COLOR_AUG": false,
    "BRIGHTNESS": 0.5,
    "CONTRAST": 0.5,
    "SATURATION": 0.5,
    "HUE": 0.25,
    "GRAYSCALE": 0.3,
    "CONSISTENT": true,
    "SHUFFLE": true,
    "GRAY_FIRST": true,
    "RATIO": [
      0.857142857142857,
      1.1666666666666667
    ],
    "USE_GPU": false,
    "MIXUP": {
      "ENABLE": false,
      "ALPHA": 0.0,
      "PROB": 1.0,
      "MODE": "batch",
      "SWITCH_PROB": 0.5
    },
    "CUTMIX": {
      "ENABLE": false,
      "ALPHA": 0.0,
      "MINMAX": null
    },
    "RANDOM_ERASING": {
      "ENABLE": false,
      "PROB": 0.25,
      "MODE": "const",
      "COUNT": [
        1,
        1
      ],
      "NUM_SPLITS": 0,
      "AREA_RANGE": [
        0.02,
        0.33
      ],
      "MIN_ASPECT": 0.3
    },
    "LABEL_SMOOTHING": 0.0,
    "SSV2_FLIP": false,
    "IS_SPLIT": false,
    "NO_RANDOM_ERASE": true,
    "SUPPORT_QUERY_DIFF": true
  },
  "PAI": false,
  "USE_MULTISEG_VAL_DIST": false,
  "DETECTION": {
    "ENABLE": false
  },
  "TENSORBOARD": {
    "ENABLE": false
  },
  "SOLVER": {
    "BASE_LR": 0.001,
    "LR_POLICY": "steps_with_relative_lrs",
    "MAX_EPOCH": 10,
    "MOMENTUM": 0.9,
    "WEIGHT_DECAY": "5e-4",
    "WARMUP_EPOCHS": 1,
    "WARMUP_START_LR": 0.0002,
    "OPTIM_METHOD": "adam",
    "DAMPENING": 0.0,
    "NESTEROV": true,
    "STEPS_ITER": 3000,
    "STEPS": [
      0,
      4,
      6,
      8
    ],
    "LRS": [
      1,
      0.5,
      0.1,
      0.05
    ]
  },
  "PRE_DOWNLOAD": {
    "ENABLE": false
  },
  "SUPPORT_SHOT": 1,
  "FRAME_SELECTOR": {
    "ENABLE": true,
    "TOTAL_FRAMES": 32,
    "SELECT_FRAMES": 8,
    "SEGMENTS": 4,
    "FEAT_DIM": 0,
    "PRETRAINED_CKPT": "/mnt/data/yanyi2025/lrc/code/CLIP-FSAR/output/frame_selector/ssv2_ViT-B16/frame_selector_best.pth",
    "NUM_ANCHOR_FRAMES": 4,
    "NUM_KEY_FRAMES": 4,
    "MIN_FRAME_GAP": 2,
    "ENABLE_CACHE_DECODE": true,
    "FEAT_CACHE_DIR": "/mnt/data/yanyi2025/lrc/code/CLIP-FSAR/data/feat_cache/ssv2/ViT-B-16_T32",
    "CACHE_MISMATCH_POLICY": "error"
  },
  "FOCUS": {
    "ENABLE": true,
    "HEADS": 8,
    "DROPOUT": 0.1,
    "GATE_INIT": -4.0,
    "TEMPORAL_GATE_INIT": -4.0,
    "ALPHA_INIT": -4.0
  },
  "ADAPTER": {
    "NAME": "ViT_CLIP",
    "PRETRAINED": "ViT-B/16",
    "WIDTH": 768,
    "PATCH_SIZE": 16,
    "LAYERS": 12,
    "HEADS": 12,
    "ADAPTER_SCALE": 0.25
  },
  "INIT_METHOD": "tcp://localhost:1111",
  "CUDA_VISIBLE_DEVICES": "0"
}

[08/08 11:40:50][INFO] models.base.adapter:  650: load model from: ViT-B/16
[08/08 11:40:52][INFO] models.base.adapter:  657: Missing keys: ['temporal_embedding', 'focus_alpha', 'transformer.resblocks.0.Adapter.down.weight', 'transformer.resblocks.0.Adapter.down.bias', 'transformer.resblocks.0.Adapter.pos_embed.weight', 'transformer.resblocks.0.Adapter.pos_embed.bias', 'transformer.resblocks.0.Adapter.s_ln.weight', 'transformer.resblocks.0.Adapter.s_ln.bias', 'transformer.resblocks.0.Adapter.s_attn.conv_offset.0.weight', 'transformer.resblocks.0.Adapter.s_attn.conv_offset.0.bias', 'transformer.resblocks.0.Adapter.s_attn.conv_offset.1.norm.weight', 'transformer.resblocks.0.Adapter.s_attn.conv_offset.1.norm.bias', 'transformer.resblocks.0.Adapter.s_attn.conv_offset.3.weight', 'transformer.resblocks.0.Adapter.s_attn.proj_q.weight', 'transformer.resblocks.0.Adapter.s_attn.proj_q.bias', 'transformer.resblocks.0.Adapter.s_attn.proj_k.weight', 'transformer.resblocks.0.Adapter.s_attn.proj_k.bias', 'transformer.resblocks.0.Adapter.s_attn.proj_v.weight', 'transformer.resblocks.0.Adapter.s_attn.proj_v.bias', 'transformer.resblocks.0.Adapter.s_attn.proj_out.weight', 'transformer.resblocks.0.Adapter.s_attn.proj_out.bias', 'transformer.resblocks.0.Adapter.t_ln.weight', 'transformer.resblocks.0.Adapter.t_ln.bias', 'transformer.resblocks.0.Adapter.t_attn.conv_offset.0.weight', 'transformer.resblocks.0.Adapter.t_attn.conv_offset.0.bias', 'transformer.resblocks.0.Adapter.t_attn.conv_offset.1.norm.weight', 'transformer.resblocks.0.Adapter.t_attn.conv_offset.1.norm.bias', 'transformer.resblocks.0.Adapter.t_attn.conv_offset.3.weight', 'transformer.resblocks.0.Adapter.t_attn.proj_q.weight', 'transformer.resblocks.0.Adapter.t_attn.proj_q.bias', 'transformer.resblocks.0.Adapter.t_attn.proj_k.weight', 'transformer.resblocks.0.Adapter.t_attn.proj_k.bias', 'transformer.resblocks.0.Adapter.t_attn.proj_v.weight', 'transformer.resblocks.0.Adapter.t_attn.proj_v.bias', 'transformer.resblocks.0.Adapter.t_attn.proj_out.weight', 'transformer.resblocks.0.Adapter.t_attn.proj_out.bias', 'transformer.resblocks.0.Adapter.up.weight', 'transformer.resblocks.0.Adapter.up.bias', 'transformer.resblocks.1.Adapter.down.weight', 'transformer.resblocks.1.Adapter.down.bias', 'transformer.resblocks.1.Adapter.pos_embed.weight', 'transformer.resblocks.1.Adapter.pos_embed.bias', 'transformer.resblocks.1.Adapter.s_ln.weight', 'transformer.resblocks.1.Adapter.s_ln.bias', 'transformer.resblocks.1.Adapter.s_attn.conv_offset.0.weight', 'transformer.resblocks.1.Adapter.s_attn.conv_offset.0.bias', 'transformer.resblocks.1.Adapter.s_attn.conv_offset.1.norm.weight', 'transformer.resblocks.1.Adapter.s_attn.conv_offset.1.norm.bias', 'transformer.resblocks.1.Adapter.s_attn.conv_offset.3.weight', 'transformer.resblocks.1.Adapter.s_attn.proj_q.weight', 'transformer.resblocks.1.Adapter.s_attn.proj_q.bias', 'transformer.resblocks.1.Adapter.s_attn.proj_k.weight', 'transformer.resblocks.1.Adapter.s_attn.proj_k.bias', 'transformer.resblocks.1.Adapter.s_attn.proj_v.weight', 'transformer.resblocks.1.Adapter.s_attn.proj_v.bias', 'transformer.resblocks.1.Adapter.s_attn.proj_out.weight', 'transformer.resblocks.1.Adapter.s_attn.proj_out.bias', 'transformer.resblocks.1.Adapter.t_ln.weight', 'transformer.resblocks.1.Adapter.t_ln.bias', 'transformer.resblocks.1.Adapter.t_attn.conv_offset.0.weight', 'transformer.resblocks.1.Adapter.t_attn.conv_offset.0.bias', 'transformer.resblocks.1.Adapter.t_attn.conv_offset.1.norm.weight', 'transformer.resblocks.1.Adapter.t_attn.conv_offset.1.norm.bias', 'transformer.resblocks.1.Adapter.t_attn.conv_offset.3.weight', 'transformer.resblocks.1.Adapter.t_attn.proj_q.weight', 'transformer.resblocks.1.Adapter.t_attn.proj_q.bias', 'transformer.resblocks.1.Adapter.t_attn.proj_k.weight', 'transformer.resblocks.1.Adapter.t_attn.proj_k.bias', 'transformer.resblocks.1.Adapter.t_attn.proj_v.weight', 'transformer.resblocks.1.Adapter.t_attn.proj_v.bias', 'transformer.resblocks.1.Adapter.t_attn.proj_out.weight', 'transformer.resblocks.1.Adapter.t_attn.proj_out.bias', 'transformer.resblocks.1.Adapter.up.weight', 'transformer.resblocks.1.Adapter.up.bias', 'transformer.resblocks.2.Adapter.down.weight', 'transformer.resblocks.2.Adapter.down.bias', 'transformer.resblocks.2.Adapter.pos_embed.weight', 'transformer.resblocks.2.Adapter.pos_embed.bias', 'transformer.resblocks.2.Adapter.s_ln.weight', 'transformer.resblocks.2.Adapter.s_ln.bias', 'transformer.resblocks.2.Adapter.s_attn.conv_offset.0.weight', 'transformer.resblocks.2.Adapter.s_attn.conv_offset.0.bias', 'transformer.resblocks.2.Adapter.s_attn.conv_offset.1.norm.weight', 'transformer.resblocks.2.Adapter.s_attn.conv_offset.1.norm.bias', 'transformer.resblocks.2.Adapter.s_attn.conv_offset.3.weight', 'transformer.resblocks.2.Adapter.s_attn.proj_q.weight', 'transformer.resblocks.2.Adapter.s_attn.proj_q.bias', 'transformer.resblocks.2.Adapter.s_attn.proj_k.weight', 'transformer.resblocks.2.Adapter.s_attn.proj_k.bias', 'transformer.resblocks.2.Adapter.s_attn.proj_v.weight', 'transformer.resblocks.2.Adapter.s_attn.proj_v.bias', 'transformer.resblocks.2.Adapter.s_attn.proj_out.weight', 'transformer.resblocks.2.Adapter.s_attn.proj_out.bias', 'transformer.resblocks.2.Adapter.t_ln.weight', 'transformer.resblocks.2.Adapter.t_ln.bias', 'transformer.resblocks.2.Adapter.t_attn.conv_offset.0.weight', 'transformer.resblocks.2.Adapter.t_attn.conv_offset.0.bias', 'transformer.resblocks.2.Adapter.t_attn.conv_offset.1.norm.weight', 'transformer.resblocks.2.Adapter.t_attn.conv_offset.1.norm.bias', 'transformer.resblocks.2.Adapter.t_attn.conv_offset.3.weight', 'transformer.resblocks.2.Adapter.t_attn.proj_q.weight', 'transformer.resblocks.2.Adapter.t_attn.proj_q.bias', 'transformer.resblocks.2.Adapter.t_attn.proj_k.weight', 'transformer.resblocks.2.Adapter.t_attn.proj_k.bias', 'transformer.resblocks.2.Adapter.t_attn.proj_v.weight', 'transformer.resblocks.2.Adapter.t_attn.proj_v.bias', 'transformer.resblocks.2.Adapter.t_attn.proj_out.weight', 'transformer.resblocks.2.Adapter.t_attn.proj_out.bias', 'transformer.resblocks.2.Adapter.up.weight', 'transformer.resblocks.2.Adapter.up.bias', 'transformer.resblocks.3.Adapter.down.weight', 'transformer.resblocks.3.Adapter.down.bias', 'transformer.resblocks.3.Adapter.pos_embed.weight', 'transformer.resblocks.3.Adapter.pos_embed.bias', 'transformer.resblocks.3.Adapter.s_ln.weight', 'transformer.resblocks.3.Adapter.s_ln.bias', 'transformer.resblocks.3.Adapter.s_attn.conv_offset.0.weight', 'transformer.resblocks.3.Adapter.s_attn.conv_offset.0.bias', 'transformer.resblocks.3.Adapter.s_attn.conv_offset.1.norm.weight', 'transformer.resblocks.3.Adapter.s_attn.conv_offset.1.norm.bias', 'transformer.resblocks.3.Adapter.s_attn.conv_offset.3.weight', 'transformer.resblocks.3.Adapter.s_attn.proj_q.weight', 'transformer.resblocks.3.Adapter.s_attn.proj_q.bias', 'transformer.resblocks.3.Adapter.s_attn.proj_k.weight', 'transformer.resblocks.3.Adapter.s_attn.proj_k.bias', 'transformer.resblocks.3.Adapter.s_attn.proj_v.weight', 'transformer.resblocks.3.Adapter.s_attn.proj_v.bias', 'transformer.resblocks.3.Adapter.s_attn.proj_out.weight', 'transformer.resblocks.3.Adapter.s_attn.proj_out.bias', 'transformer.resblocks.3.Adapter.t_ln.weight', 'transformer.resblocks.3.Adapter.t_ln.bias', 'transformer.resblocks.3.Adapter.t_attn.conv_offset.0.weight', 'transformer.resblocks.3.Adapter.t_attn.conv_offset.0.bias', 'transformer.resblocks.3.Adapter.t_attn.conv_offset.1.norm.weight', 'transformer.resblocks.3.Adapter.t_attn.conv_offset.1.norm.bias', 'transformer.resblocks.3.Adapter.t_attn.conv_offset.3.weight', 'transformer.resblocks.3.Adapter.t_attn.proj_q.weight', 'transformer.resblocks.3.Adapter.t_attn.proj_q.bias', 'transformer.resblocks.3.Adapter.t_attn.proj_k.weight', 'transformer.resblocks.3.Adapter.t_attn.proj_k.bias', 'transformer.resblocks.3.Adapter.t_attn.proj_v.weight', 'transformer.resblocks.3.Adapter.t_attn.proj_v.bias', 'transformer.resblocks.3.Adapter.t_attn.proj_out.weight', 'transformer.resblocks.3.Adapter.t_attn.proj_out.bias', 'transformer.resblocks.3.Adapter.up.weight', 'transformer.resblocks.3.Adapter.up.bias', 'transformer.resblocks.4.Adapter.down.weight', 'transformer.resblocks.4.Adapter.down.bias', 'transformer.resblocks.4.Adapter.pos_embed.weight', 'transformer.resblocks.4.Adapter.pos_embed.bias', 'transformer.resblocks.4.Adapter.s_ln.weight', 'transformer.resblocks.4.Adapter.s_ln.bias', 'transformer.resblocks.4.Adapter.s_attn.conv_offset.0.weight', 'transformer.resblocks.4.Adapter.s_attn.conv_offset.0.bias', 'transformer.resblocks.4.Adapter.s_attn.conv_offset.1.norm.weight', 'transformer.resblocks.4.Adapter.s_attn.conv_offset.1.norm.bias', 'transformer.resblocks.4.Adapter.s_attn.conv_offset.3.weight', 'transformer.resblocks.4.Adapter.s_attn.proj_q.weight', 'transformer.resblocks.4.Adapter.s_attn.proj_q.bias', 'transformer.resblocks.4.Adapter.s_attn.proj_k.weight', 'transformer.resblocks.4.Adapter.s_attn.proj_k.bias', 'transformer.resblocks.4.Adapter.s_attn.proj_v.weight', 'transformer.resblocks.4.Adapter.s_attn.proj_v.bias', 'transformer.resblocks.4.Adapter.s_attn.proj_out.weight', 'transformer.resblocks.4.Adapter.s_attn.proj_out.bias', 'transformer.resblocks.4.Adapter.t_ln.weight', 'transformer.resblocks.4.Adapter.t_ln.bias', 'transformer.resblocks.4.Adapter.t_attn.conv_offset.0.weight', 'transformer.resblocks.4.Adapter.t_attn.conv_offset.0.bias', 'transformer.resblocks.4.Adapter.t_attn.conv_offset.1.norm.weight', 'transformer.resblocks.4.Adapter.t_attn.conv_offset.1.norm.bias', 'transformer.resblocks.4.Adapter.t_attn.conv_offset.3.weight', 'transformer.resblocks.4.Adapter.t_attn.proj_q.weight', 'transformer.resblocks.4.Adapter.t_attn.proj_q.bias', 'transformer.resblocks.4.Adapter.t_attn.proj_k.weight', 'transformer.resblocks.4.Adapter.t_attn.proj_k.bias', 'transformer.resblocks.4.Adapter.t_attn.proj_v.weight', 'transformer.resblocks.4.Adapter.t_attn.proj_v.bias', 'transformer.resblocks.4.Adapter.t_attn.proj_out.weight', 'transformer.resblocks.4.Adapter.t_attn.proj_out.bias', 'transformer.resblocks.4.Adapter.up.weight', 'transformer.resblocks.4.Adapter.up.bias', 'transformer.resblocks.5.Adapter.down.weight', 'transformer.resblocks.5.Adapter.down.bias', 'transformer.resblocks.5.Adapter.pos_embed.weight', 'transformer.resblocks.5.Adapter.pos_embed.bias', 'transformer.resblocks.5.Adapter.s_ln.weight', 'transformer.resblocks.5.Adapter.s_ln.bias', 'transformer.resblocks.5.Adapter.s_attn.conv_offset.0.weight', 'transformer.resblocks.5.Adapter.s_attn.conv_offset.0.bias', 'transformer.resblocks.5.Adapter.s_attn.conv_offset.1.norm.weight', 'transformer.resblocks.5.Adapter.s_attn.conv_offset.1.norm.bias', 'transformer.resblocks.5.Adapter.s_attn.conv_offset.3.weight', 'transformer.resblocks.5.Adapter.s_attn.proj_q.weight', 'transformer.resblocks.5.Adapter.s_attn.proj_q.bias', 'transformer.resblocks.5.Adapter.s_attn.proj_k.weight', 'transformer.resblocks.5.Adapter.s_attn.proj_k.bias', 'transformer.resblocks.5.Adapter.s_attn.proj_v.weight', 'transformer.resblocks.5.Adapter.s_attn.proj_v.bias', 'transformer.resblocks.5.Adapter.s_attn.proj_out.weight', 'transformer.resblocks.5.Adapter.s_attn.proj_out.bias', 'transformer.resblocks.5.Adapter.t_ln.weight', 'transformer.resblocks.5.Adapter.t_ln.bias', 'transformer.resblocks.5.Adapter.t_attn.conv_offset.0.weight', 'transformer.resblocks.5.Adapter.t_attn.conv_offset.0.bias', 'transformer.resblocks.5.Adapter.t_attn.conv_offset.1.norm.weight', 'transformer.resblocks.5.Adapter.t_attn.conv_offset.1.norm.bias', 'transformer.resblocks.5.Adapter.t_attn.conv_offset.3.weight', 'transformer.resblocks.5.Adapter.t_attn.proj_q.weight', 'transformer.resblocks.5.Adapter.t_attn.proj_q.bias', 'transformer.resblocks.5.Adapter.t_attn.proj_k.weight', 'transformer.resblocks.5.Adapter.t_attn.proj_k.bias', 'transformer.resblocks.5.Adapter.t_attn.proj_v.weight', 'transformer.resblocks.5.Adapter.t_attn.proj_v.bias', 'transformer.resblocks.5.Adapter.t_attn.proj_out.weight', 'transformer.resblocks.5.Adapter.t_attn.proj_out.bias', 'transformer.resblocks.5.Adapter.up.weight', 'transformer.resblocks.5.Adapter.up.bias', 'transformer.resblocks.6.Adapter.down.weight', 'transformer.resblocks.6.Adapter.down.bias', 'transformer.resblocks.6.Adapter.pos_embed.weight', 'transformer.resblocks.6.Adapter.pos_embed.bias', 'transformer.resblocks.6.Adapter.s_ln.weight', 'transformer.resblocks.6.Adapter.s_ln.bias', 'transformer.resblocks.6.Adapter.s_attn.conv_offset.0.weight', 'transformer.resblocks.6.Adapter.s_attn.conv_offset.0.bias', 'transformer.resblocks.6.Adapter.s_attn.conv_offset.1.norm.weight', 'transformer.resblocks.6.Adapter.s_attn.conv_offset.1.norm.bias', 'transformer.resblocks.6.Adapter.s_attn.conv_offset.3.weight', 'transformer.resblocks.6.Adapter.s_attn.proj_q.weight', 'transformer.resblocks.6.Adapter.s_attn.proj_q.bias', 'transformer.resblocks.6.Adapter.s_attn.proj_k.weight', 'transformer.resblocks.6.Adapter.s_attn.proj_k.bias', 'transformer.resblocks.6.Adapter.s_attn.proj_v.weight', 'transformer.resblocks.6.Adapter.s_attn.proj_v.bias', 'transformer.resblocks.6.Adapter.s_attn.proj_out.weight', 'transformer.resblocks.6.Adapter.s_attn.proj_out.bias', 'transformer.resblocks.6.Adapter.t_ln.weight', 'transformer.resblocks.6.Adapter.t_ln.bias', 'transformer.resblocks.6.Adapter.t_attn.conv_offset.0.weight', 'transformer.resblocks.6.Adapter.t_attn.conv_offset.0.bias', 'transformer.resblocks.6.Adapter.t_attn.conv_offset.1.norm.weight', 'transformer.resblocks.6.Adapter.t_attn.conv_offset.1.norm.bias', 'transformer.resblocks.6.Adapter.t_attn.conv_offset.3.weight', 'transformer.resblocks.6.Adapter.t_attn.proj_q.weight', 'transformer.resblocks.6.Adapter.t_attn.proj_q.bias', 'transformer.resblocks.6.Adapter.t_attn.proj_k.weight', 'transformer.resblocks.6.Adapter.t_attn.proj_k.bias', 'transformer.resblocks.6.Adapter.t_attn.proj_v.weight', 'transformer.resblocks.6.Adapter.t_attn.proj_v.bias', 'transformer.resblocks.6.Adapter.t_attn.proj_out.weight', 'transformer.resblocks.6.Adapter.t_attn.proj_out.bias', 'transformer.resblocks.6.Adapter.up.weight', 'transformer.resblocks.6.Adapter.up.bias', 'transformer.resblocks.7.Adapter.down.weight', 'transformer.resblocks.7.Adapter.down.bias', 'transformer.resblocks.7.Adapter.pos_embed.weight', 'transformer.resblocks.7.Adapter.pos_embed.bias', 'transformer.resblocks.7.Adapter.s_ln.weight', 'transformer.resblocks.7.Adapter.s_ln.bias', 'transformer.resblocks.7.Adapter.s_attn.conv_offset.0.weight', 'transformer.resblocks.7.Adapter.s_attn.conv_offset.0.bias', 'transformer.resblocks.7.Adapter.s_attn.conv_offset.1.norm.weight', 'transformer.resblocks.7.Adapter.s_attn.conv_offset.1.norm.bias', 'transformer.resblocks.7.Adapter.s_attn.conv_offset.3.weight', 'transformer.resblocks.7.Adapter.s_attn.proj_q.weight', 'transformer.resblocks.7.Adapter.s_attn.proj_q.bias', 'transformer.resblocks.7.Adapter.s_attn.proj_k.weight', 'transformer.resblocks.7.Adapter.s_attn.proj_k.bias', 'transformer.resblocks.7.Adapter.s_attn.proj_v.weight', 'transformer.resblocks.7.Adapter.s_attn.proj_v.bias', 'transformer.resblocks.7.Adapter.s_attn.proj_out.weight', 'transformer.resblocks.7.Adapter.s_attn.proj_out.bias', 'transformer.resblocks.7.Adapter.t_ln.weight', 'transformer.resblocks.7.Adapter.t_ln.bias', 'transformer.resblocks.7.Adapter.t_attn.conv_offset.0.weight', 'transformer.resblocks.7.Adapter.t_attn.conv_offset.0.bias', 'transformer.resblocks.7.Adapter.t_attn.conv_offset.1.norm.weight', 'transformer.resblocks.7.Adapter.t_attn.conv_offset.1.norm.bias', 'transformer.resblocks.7.Adapter.t_attn.conv_offset.3.weight', 'transformer.resblocks.7.Adapter.t_attn.proj_q.weight', 'transformer.resblocks.7.Adapter.t_attn.proj_q.bias', 'transformer.resblocks.7.Adapter.t_attn.proj_k.weight', 'transformer.resblocks.7.Adapter.t_attn.proj_k.bias', 'transformer.resblocks.7.Adapter.t_attn.proj_v.weight', 'transformer.resblocks.7.Adapter.t_attn.proj_v.bias', 'transformer.resblocks.7.Adapter.t_attn.proj_out.weight', 'transformer.resblocks.7.Adapter.t_attn.proj_out.bias', 'transformer.resblocks.7.Adapter.up.weight', 'transformer.resblocks.7.Adapter.up.bias', 'transformer.resblocks.8.Adapter.down.weight', 'transformer.resblocks.8.Adapter.down.bias', 'transformer.resblocks.8.Adapter.pos_embed.weight', 'transformer.resblocks.8.Adapter.pos_embed.bias', 'transformer.resblocks.8.Adapter.s_ln.weight', 'transformer.resblocks.8.Adapter.s_ln.bias', 'transformer.resblocks.8.Adapter.s_attn.conv_offset.0.weight', 'transformer.resblocks.8.Adapter.s_attn.conv_offset.0.bias', 'transformer.resblocks.8.Adapter.s_attn.conv_offset.1.norm.weight', 'transformer.resblocks.8.Adapter.s_attn.conv_offset.1.norm.bias', 'transformer.resblocks.8.Adapter.s_attn.conv_offset.3.weight', 'transformer.resblocks.8.Adapter.s_attn.proj_q.weight', 'transformer.resblocks.8.Adapter.s_attn.proj_q.bias', 'transformer.resblocks.8.Adapter.s_attn.proj_k.weight', 'transformer.resblocks.8.Adapter.s_attn.proj_k.bias', 'transformer.resblocks.8.Adapter.s_attn.proj_v.weight', 'transformer.resblocks.8.Adapter.s_attn.proj_v.bias', 'transformer.resblocks.8.Adapter.s_attn.proj_out.weight', 'transformer.resblocks.8.Adapter.s_attn.proj_out.bias', 'transformer.resblocks.8.Adapter.t_ln.weight', 'transformer.resblocks.8.Adapter.t_ln.bias', 'transformer.resblocks.8.Adapter.t_attn.conv_offset.0.weight', 'transformer.resblocks.8.Adapter.t_attn.conv_offset.0.bias', 'transformer.resblocks.8.Adapter.t_attn.conv_offset.1.norm.weight', 'transformer.resblocks.8.Adapter.t_attn.conv_offset.1.norm.bias', 'transformer.resblocks.8.Adapter.t_attn.conv_offset.3.weight', 'transformer.resblocks.8.Adapter.t_attn.proj_q.weight', 'transformer.resblocks.8.Adapter.t_attn.proj_q.bias', 'transformer.resblocks.8.Adapter.t_attn.proj_k.weight', 'transformer.resblocks.8.Adapter.t_attn.proj_k.bias', 'transformer.resblocks.8.Adapter.t_attn.proj_v.weight', 'transformer.resblocks.8.Adapter.t_attn.proj_v.bias', 'transformer.resblocks.8.Adapter.t_attn.proj_out.weight', 'transformer.resblocks.8.Adapter.t_attn.proj_out.bias', 'transformer.resblocks.8.Adapter.up.weight', 'transformer.resblocks.8.Adapter.up.bias', 'transformer.resblocks.9.Adapter.down.weight', 'transformer.resblocks.9.Adapter.down.bias', 'transformer.resblocks.9.Adapter.pos_embed.weight', 'transformer.resblocks.9.Adapter.pos_embed.bias', 'transformer.resblocks.9.Adapter.s_ln.weight', 'transformer.resblocks.9.Adapter.s_ln.bias', 'transformer.resblocks.9.Adapter.s_attn.conv_offset.0.weight', 'transformer.resblocks.9.Adapter.s_attn.conv_offset.0.bias', 'transformer.resblocks.9.Adapter.s_attn.conv_offset.1.norm.weight', 'transformer.resblocks.9.Adapter.s_attn.conv_offset.1.norm.bias', 'transformer.resblocks.9.Adapter.s_attn.conv_offset.3.weight', 'transformer.resblocks.9.Adapter.s_attn.proj_q.weight', 'transformer.resblocks.9.Adapter.s_attn.proj_q.bias', 'transformer.resblocks.9.Adapter.s_attn.proj_k.weight', 'transformer.resblocks.9.Adapter.s_attn.proj_k.bias', 'transformer.resblocks.9.Adapter.s_attn.proj_v.weight', 'transformer.resblocks.9.Adapter.s_attn.proj_v.bias', 'transformer.resblocks.9.Adapter.s_attn.proj_out.weight', 'transformer.resblocks.9.Adapter.s_attn.proj_out.bias', 'transformer.resblocks.9.Adapter.t_ln.weight', 'transformer.resblocks.9.Adapter.t_ln.bias', 'transformer.resblocks.9.Adapter.t_attn.conv_offset.0.weight', 'transformer.resblocks.9.Adapter.t_attn.conv_offset.0.bias', 'transformer.resblocks.9.Adapter.t_attn.conv_offset.1.norm.weight', 'transformer.resblocks.9.Adapter.t_attn.conv_offset.1.norm.bias', 'transformer.resblocks.9.Adapter.t_attn.conv_offset.3.weight', 'transformer.resblocks.9.Adapter.t_attn.proj_q.weight', 'transformer.resblocks.9.Adapter.t_attn.proj_q.bias', 'transformer.resblocks.9.Adapter.t_attn.proj_k.weight', 'transformer.resblocks.9.Adapter.t_attn.proj_k.bias', 'transformer.resblocks.9.Adapter.t_attn.proj_v.weight', 'transformer.resblocks.9.Adapter.t_attn.proj_v.bias', 'transformer.resblocks.9.Adapter.t_attn.proj_out.weight', 'transformer.resblocks.9.Adapter.t_attn.proj_out.bias', 'transformer.resblocks.9.Adapter.up.weight', 'transformer.resblocks.9.Adapter.up.bias', 'transformer.resblocks.10.Adapter.down.weight', 'transformer.resblocks.10.Adapter.down.bias', 'transformer.resblocks.10.Adapter.pos_embed.weight', 'transformer.resblocks.10.Adapter.pos_embed.bias', 'transformer.resblocks.10.Adapter.s_ln.weight', 'transformer.resblocks.10.Adapter.s_ln.bias', 'transformer.resblocks.10.Adapter.s_attn.conv_offset.0.weight', 'transformer.resblocks.10.Adapter.s_attn.conv_offset.0.bias', 'transformer.resblocks.10.Adapter.s_attn.conv_offset.1.norm.weight', 'transformer.resblocks.10.Adapter.s_attn.conv_offset.1.norm.bias', 'transformer.resblocks.10.Adapter.s_attn.conv_offset.3.weight', 'transformer.resblocks.10.Adapter.s_attn.proj_q.weight', 'transformer.resblocks.10.Adapter.s_attn.proj_q.bias', 'transformer.resblocks.10.Adapter.s_attn.proj_k.weight', 'transformer.resblocks.10.Adapter.s_attn.proj_k.bias', 'transformer.resblocks.10.Adapter.s_attn.proj_v.weight', 'transformer.resblocks.10.Adapter.s_attn.proj_v.bias', 'transformer.resblocks.10.Adapter.s_attn.proj_out.weight', 'transformer.resblocks.10.Adapter.s_attn.proj_out.bias', 'transformer.resblocks.10.Adapter.t_ln.weight', 'transformer.resblocks.10.Adapter.t_ln.bias', 'transformer.resblocks.10.Adapter.t_attn.conv_offset.0.weight', 'transformer.resblocks.10.Adapter.t_attn.conv_offset.0.bias', 'transformer.resblocks.10.Adapter.t_attn.conv_offset.1.norm.weight', 'transformer.resblocks.10.Adapter.t_attn.conv_offset.1.norm.bias', 'transformer.resblocks.10.Adapter.t_attn.conv_offset.3.weight', 'transformer.resblocks.10.Adapter.t_attn.proj_q.weight', 'transformer.resblocks.10.Adapter.t_attn.proj_q.bias', 'transformer.resblocks.10.Adapter.t_attn.proj_k.weight', 'transformer.resblocks.10.Adapter.t_attn.proj_k.bias', 'transformer.resblocks.10.Adapter.t_attn.proj_v.weight', 'transformer.resblocks.10.Adapter.t_attn.proj_v.bias', 'transformer.resblocks.10.Adapter.t_attn.proj_out.weight', 'transformer.resblocks.10.Adapter.t_attn.proj_out.bias', 'transformer.resblocks.10.Adapter.up.weight', 'transformer.resblocks.10.Adapter.up.bias', 'transformer.resblocks.11.Adapter.down.weight', 'transformer.resblocks.11.Adapter.down.bias', 'transformer.resblocks.11.Adapter.pos_embed.weight', 'transformer.resblocks.11.Adapter.pos_embed.bias', 'transformer.resblocks.11.Adapter.s_ln.weight', 'transformer.resblocks.11.Adapter.s_ln.bias', 'transformer.resblocks.11.Adapter.s_attn.conv_offset.0.weight', 'transformer.resblocks.11.Adapter.s_attn.conv_offset.0.bias', 'transformer.resblocks.11.Adapter.s_attn.conv_offset.1.norm.weight', 'transformer.resblocks.11.Adapter.s_attn.conv_offset.1.norm.bias', 'transformer.resblocks.11.Adapter.s_attn.conv_offset.3.weight', 'transformer.resblocks.11.Adapter.s_attn.proj_q.weight', 'transformer.resblocks.11.Adapter.s_attn.proj_q.bias', 'transformer.resblocks.11.Adapter.s_attn.proj_k.weight', 'transformer.resblocks.11.Adapter.s_attn.proj_k.bias', 'transformer.resblocks.11.Adapter.s_attn.proj_v.weight', 'transformer.resblocks.11.Adapter.s_attn.proj_v.bias', 'transformer.resblocks.11.Adapter.s_attn.proj_out.weight', 'transformer.resblocks.11.Adapter.s_attn.proj_out.bias', 'transformer.resblocks.11.Adapter.t_ln.weight', 'transformer.resblocks.11.Adapter.t_ln.bias', 'transformer.resblocks.11.Adapter.t_attn.conv_offset.0.weight', 'transformer.resblocks.11.Adapter.t_attn.conv_offset.0.bias', 'transformer.resblocks.11.Adapter.t_attn.conv_offset.1.norm.weight', 'transformer.resblocks.11.Adapter.t_attn.conv_offset.1.norm.bias', 'transformer.resblocks.11.Adapter.t_attn.conv_offset.3.weight', 'transformer.resblocks.11.Adapter.t_attn.proj_q.weight', 'transformer.resblocks.11.Adapter.t_attn.proj_q.bias', 'transformer.resblocks.11.Adapter.t_attn.proj_k.weight', 'transformer.resblocks.11.Adapter.t_attn.proj_k.bias', 'transformer.resblocks.11.Adapter.t_attn.proj_v.weight', 'transformer.resblocks.11.Adapter.t_attn.proj_v.bias', 'transformer.resblocks.11.Adapter.t_attn.proj_out.weight', 'transformer.resblocks.11.Adapter.t_attn.proj_out.bias', 'transformer.resblocks.11.Adapter.up.weight', 'transformer.resblocks.11.Adapter.up.bias', 'classification_layer.weight', 'classification_layer.bias', 'focus_branch.temporal_alpha', 'focus_branch.norm.weight', 'focus_branch.norm.bias', 'focus_branch.time_proj.weight', 'focus_branch.time_proj.bias', 'focus_branch.temporal.self_attn.in_proj_weight', 'focus_branch.temporal.self_attn.in_proj_bias', 'focus_branch.temporal.self_attn.out_proj.weight', 'focus_branch.temporal.self_attn.out_proj.bias', 'focus_branch.temporal.linear1.weight', 'focus_branch.temporal.linear1.bias', 'focus_branch.temporal.linear2.weight', 'focus_branch.temporal.linear2.bias', 'focus_branch.temporal.norm1.weight', 'focus_branch.temporal.norm1.bias', 'focus_branch.temporal.norm2.weight', 'focus_branch.temporal.norm2.bias', 'focus_branch.gate.0.weight', 'focus_branch.gate.0.bias', 'focus_branch.gate.2.weight', 'focus_branch.gate.2.bias']
[08/08 11:40:52][INFO] models.base.adapter:  658: Unexpected keys: []
[08/08 11:40:52][INFO] models.base.adapter:  659: => loaded successfully 'ViT-B/16'
[08/08 11:40:52][INFO] models.base.adapter:  666: init:  transformer.resblocks.0.Adapter.up
[08/08 11:40:52][INFO] models.base.adapter:  666: init:  transformer.resblocks.1.Adapter.up
[08/08 11:40:52][INFO] models.base.adapter:  666: init:  transformer.resblocks.2.Adapter.up
[08/08 11:40:52][INFO] models.base.adapter:  666: init:  transformer.resblocks.3.Adapter.up
[08/08 11:40:52][INFO] models.base.adapter:  666: init:  transformer.resblocks.4.Adapter.up
[08/08 11:40:52][INFO] models.base.adapter:  666: init:  transformer.resblocks.5.Adapter.up
[08/08 11:40:52][INFO] models.base.adapter:  666: init:  transformer.resblocks.6.Adapter.up
[08/08 11:40:52][INFO] models.base.adapter:  666: init:  transformer.resblocks.7.Adapter.up
[08/08 11:40:52][INFO] models.base.adapter:  666: init:  transformer.resblocks.8.Adapter.up
[08/08 11:40:52][INFO] models.base.adapter:  666: init:  transformer.resblocks.9.Adapter.up
[08/08 11:40:52][INFO] models.base.adapter:  666: init:  transformer.resblocks.10.Adapter.up
[08/08 11:40:52][INFO] models.base.adapter:  666: init:  transformer.resblocks.11.Adapter.up
[08/08 11:40:52][INFO] train_net_few_shot:  171: Model:
BaseVideoModel(
  (model): ViT_CLIP(
    (conv1): Conv2d(3, 768, kernel_size=(16, 16), stride=(16, 16), bias=False)
    (ln_pre): LayerNorm((768,), eps=1e-05, elementwise_affine=True, bias=True)
    (transformer): Transformer(
      (resblocks): ModuleList(
        (0-11): 12 x ResidualAttentionBlock(
          (ln_1): LayerNorm((768,), eps=1e-05, elementwise_affine=True, bias=True)
          (attn): MultiheadAttention(
            (out_proj): NonDynamicallyQuantizableLinear(in_features=768, out_features=768, bias=True)
          )
          (ln_2): LayerNorm((768,), eps=1e-05, elementwise_affine=True, bias=True)
          (mlp): Sequential(
            (c_fc): Linear(in_features=768, out_features=3072, bias=True)
            (gelu): QuickGELU()
            (c_proj): Linear(in_features=3072, out_features=768, bias=True)
          )
          (Adapter): ViT_D2ST_Adapter(
            (down): Linear(in_features=768, out_features=192, bias=True)
            (gelu1): GELU(approximate='none')
            (pos_embed): Conv3d(192, 192, kernel_size=(3, 3, 3), stride=(1, 1, 1), padding=(1, 1, 1), groups=192)
            (s_ln): LayerNorm((192,), eps=1e-05, elementwise_affine=True, bias=True)
            (s_attn): ViT_DeformAttention(
              (conv_offset): Sequential(
                (0): Conv3d(48, 48, kernel_size=(4, 5, 5), stride=(4, 3, 3), groups=48)
                (1): LayerNormProxy(
                  (norm): LayerNorm((48,), eps=1e-05, elementwise_affine=True, bias=True)
                )
                (2): GELU(approximate='none')
                (3): Conv3d(48, 3, kernel_size=(1, 1, 1), stride=(1, 1, 1), bias=False)
              )
              (proj_q): Linear(in_features=192, out_features=192, bias=True)
              (proj_k): Linear(in_features=192, out_features=192, bias=True)
              (proj_v): Linear(in_features=192, out_features=192, bias=True)
              (proj_out): Linear(in_features=192, out_features=192, bias=True)
            )
            (t_ln): LayerNorm((192,), eps=1e-05, elementwise_affine=True, bias=True)
            (t_attn): ViT_DeformAttention(
              (conv_offset): Sequential(
                (0): Conv3d(48, 48, kernel_size=(1, 7, 7), stride=(1, 7, 7), groups=48)
                (1): LayerNormProxy(
                  (norm): LayerNorm((48,), eps=1e-05, elementwise_affine=True, bias=True)
                )
                (2): GELU(approximate='none')
                (3): Conv3d(48, 3, kernel_size=(1, 1, 1), stride=(1, 1, 1), bias=False)
              )
              (proj_q): Linear(in_features=192, out_features=192, bias=True)
              (proj_k): Linear(in_features=192, out_features=192, bias=True)
              (proj_v): Linear(in_features=192, out_features=192, bias=True)
              (proj_out): Linear(in_features=192, out_features=192, bias=True)
            )
            (gelu): GELU(approximate='none')
            (up): Linear(in_features=192, out_features=768, bias=True)
            (gelu2): GELU(approximate='none')
          )
        )
      )
    )
    (ln_post): LayerNorm((768,), eps=1e-05, elementwise_affine=True, bias=True)
    (classification_layer): Linear(in_features=768, out_features=64, bias=True)
    (focus_branch): D2STFocusResidual(
      (norm): LayerNorm((768,), eps=1e-05, elementwise_affine=True, bias=True)
      (time_proj): Linear(in_features=1, out_features=768, bias=True)
      (temporal): TransformerEncoderLayer(
        (self_attn): MultiheadAttention(
          (out_proj): NonDynamicallyQuantizableLinear(in_features=768, out_features=768, bias=True)
        )
        (linear1): Linear(in_features=768, out_features=1536, bias=True)
        (dropout): Dropout(p=0.1, inplace=False)
        (linear2): Linear(in_features=1536, out_features=768, bias=True)
        (norm1): LayerNorm((768,), eps=1e-05, elementwise_affine=True, bias=True)
        (norm2): LayerNorm((768,), eps=1e-05, elementwise_affine=True, bias=True)
        (dropout1): Dropout(p=0.1, inplace=False)
        (dropout2): Dropout(p=0.1, inplace=False)
      )
      (gate): Sequential(
        (0): Linear(in_features=768, out_features=48, bias=True)
        (1): GELU(approximate='none')
        (2): Linear(in_features=48, out_features=1, bias=True)
      )
    )
  )
)
[08/08 11:40:52][INFO] models.utils.optimizer:   82: Optimized parameters constructed. Parameters without weight decay: []
[08/08 11:40:52][INFO] datasets.base.few_shot_dataset:   97: Reading video list from file: train_few_shot.txt
[08/08 11:40:52][INFO] datasets.base.few_shot_dataset:  127: Loading SSv2-Full dataset list for split 'train'...
[08/08 11:40:52][INFO] datasets.base.few_shot_dataset:   47: loaded 67013 videos from train dataset: SSv2-Full !
[08/08 11:40:52][INFO] datasets.base.few_shot_dataset:  153: Dataset SSv2-Full split train loaded. Length 67013.
[08/08 11:40:52][INFO] datasets.base.builder:   95: Using spawn DataLoader workers for CUDA frame selector during cache-based keyframe decoding.
[08/08 11:40:52][INFO] datasets.base.few_shot_dataset:   97: Reading video list from file: test_few_shot.txt
[08/08 11:40:52][INFO] datasets.base.few_shot_dataset:  127: Loading SSv2-Full dataset list for split 'test'...
[08/08 11:40:52][INFO] datasets.base.few_shot_dataset:   47: loaded 2857 videos from test dataset: SSv2-Full !
[08/08 11:40:52][INFO] datasets.base.few_shot_dataset:  153: Dataset SSv2-Full split test loaded. Length 2857.
[08/08 11:40:52][INFO] datasets.base.builder:   95: Using spawn DataLoader workers for CUDA frame selector during cache-based keyframe decoding.
[08/08 11:40:52][INFO] train_net_few_shot:  193: Start epoch: 1
[08/08 11:40:52][INFO] train_net_few_shot:  211: Number of total parameters: 97896163, tunable parameters: 12099043
[08/08 11:40:52][INFO] train_net_few_shot:   34: Norm training: True
[08/08 11:42:22][INFO] utils.logging:   91: {"_type": "train_iter", "iter": "200/30000", "loss": 9.981812, "lr": 0.000253, "top1_acc": 34.099999}
[08/08 11:43:40][INFO] utils.logging:   91: {"_type": "train_iter", "iter": "400/30000", "loss": 9.058598, "lr": 0.000306, "top1_acc": 42.200000}
[08/08 11:44:58][INFO] utils.logging:   91: {"_type": "train_iter", "iter": "600/30000", "loss": 8.202619, "lr": 0.000360, "top1_acc": 44.900000}
[08/08 11:46:16][INFO] utils.logging:   91: {"_type": "train_iter", "iter": "800/30000", "loss": 7.443802, "lr": 0.000413, "top1_acc": 49.700000}
[08/08 11:47:34][INFO] utils.logging:   91: {"_type": "train_iter", "iter": "1000/30000", "loss": 6.951025, "lr": 0.000466, "top1_acc": 49.900001}
[08/08 11:48:53][INFO] utils.logging:   91: {"_type": "train_iter", "iter": "1200/30000", "loss": 6.474209, "lr": 0.000520, "top1_acc": 54.300000}
[08/08 11:50:11][INFO] utils.logging:   91: {"_type": "train_iter", "iter": "1400/30000", "loss": 6.114662, "lr": 0.000573, "top1_acc": 57.200001}
[08/08 11:51:29][INFO] utils.logging:   91: {"_type": "train_iter", "iter": "1600/30000", "loss": 5.938784, "lr": 0.000626, "top1_acc": 60.000001}
[08/08 11:52:47][INFO] utils.logging:   91: {"_type": "train_iter", "iter": "1800/30000", "loss": 5.580744, "lr": 0.000680, "top1_acc": 58.200001}
[08/08 11:54:06][INFO] utils.logging:   91: {"_type": "train_iter", "iter": "2000/30000", "loss": 5.522249, "lr": 0.000733, "top1_acc": 59.500001}
[08/08 11:55:24][INFO] utils.logging:   91: {"_type": "train_iter", "iter": "2200/30000", "loss": 5.373403, "lr": 0.000786, "top1_acc": 63.500001}
[08/08 11:56:42][INFO] utils.logging:   91: {"_type": "train_iter", "iter": "2400/30000", "loss": 5.148981, "lr": 0.000840, "top1_acc": 62.700001}
[08/08 11:58:01][INFO] utils.logging:   91: {"_type": "train_iter", "iter": "2600/30000", "loss": 4.912901, "lr": 0.000893, "top1_acc": 63.800001}
[08/08 11:59:19][INFO] utils.logging:   91: {"_type": "train_iter", "iter": "2800/30000", "loss": 4.869162, "lr": 0.000946, "top1_acc": 63.800001}
[08/08 12:00:37][INFO] utils.logging:   91: {"_type": "train_iter", "iter": "3000/30000", "loss": 4.804947, "lr": 0.001000, "top1_acc": 63.700001}
[08/08 12:01:56][INFO] utils.logging:   91: {"_type": "train_iter", "iter": "3200/30000", "loss": 4.965939, "lr": 0.001000, "top1_acc": 65.400001}
[08/08 12:03:14][INFO] utils.logging:   91: {"_type": "train_iter", "iter": "3400/30000", "loss": 4.392951, "lr": 0.001000, "top1_acc": 66.900001}
[08/08 12:04:32][INFO] utils.logging:   91: {"_type": "train_iter", "iter": "3600/30000", "loss": 4.288246, "lr": 0.001000, "top1_acc": 67.700001}
[08/08 12:05:51][INFO] utils.logging:   91: {"_type": "train_iter", "iter": "3800/30000", "loss": 4.321839, "lr": 0.001000, "top1_acc": 69.200002}
[08/08 12:07:09][INFO] utils.logging:   91: {"_type": "train_iter", "iter": "4000/30000", "loss": 4.384615, "lr": 0.001000, "top1_acc": 66.300001}
[08/08 12:08:27][INFO] utils.logging:   91: {"_type": "train_iter", "iter": "4200/30000", "loss": 3.983404, "lr": 0.001000, "top1_acc": 69.800001}
[08/08 12:09:46][INFO] utils.logging:   91: {"_type": "train_iter", "iter": "4400/30000", "loss": 4.008314, "lr": 0.001000, "top1_acc": 71.000001}
[08/08 12:11:04][INFO] utils.logging:   91: {"_type": "train_iter", "iter": "4600/30000", "loss": 3.985260, "lr": 0.001000, "top1_acc": 70.000001}
[08/08 12:12:23][INFO] utils.logging:   91: {"_type": "train_iter", "iter": "4800/30000", "loss": 3.739194, "lr": 0.001000, "top1_acc": 70.200001}
[08/08 12:13:41][INFO] utils.logging:   91: {"_type": "train_iter", "iter": "5000/30000", "loss": 3.853658, "lr": 0.001000, "top1_acc": 72.600001}
[08/08 12:15:00][INFO] utils.logging:   91: {"_type": "train_iter", "iter": "5200/30000", "loss": 3.693649, "lr": 0.001000, "top1_acc": 71.500002}
[08/08 12:16:18][INFO] utils.logging:   91: {"_type": "train_iter", "iter": "5400/30000", "loss": 3.579837, "lr": 0.001000, "top1_acc": 71.500001}
[08/08 12:17:36][INFO] utils.logging:   91: {"_type": "train_iter", "iter": "5600/30000", "loss": 3.511356, "lr": 0.001000, "top1_acc": 72.100001}
[08/08 12:18:55][INFO] utils.logging:   91: {"_type": "train_iter", "iter": "5800/30000", "loss": 3.450675, "lr": 0.001000, "top1_acc": 73.200002}
[08/08 12:20:13][INFO] utils.logging:   91: {"_type": "train_iter", "iter": "6000/30000", "loss": 3.725585, "lr": 0.001000, "top1_acc": 70.600002}
[08/08 12:21:32][INFO] utils.logging:   91: {"_type": "train_iter", "iter": "6200/30000", "loss": 3.311558, "lr": 0.001000, "top1_acc": 75.700002}
[08/08 12:22:50][INFO] utils.logging:   91: {"_type": "train_iter", "iter": "6400/30000", "loss": 3.427134, "lr": 0.001000, "top1_acc": 72.700001}
[08/08 12:24:08][INFO] utils.logging:   91: {"_type": "train_iter", "iter": "6600/30000", "loss": 3.239691, "lr": 0.001000, "top1_acc": 76.400001}
[08/08 12:25:27][INFO] utils.logging:   91: {"_type": "train_iter", "iter": "6800/30000", "loss": 3.263165, "lr": 0.001000, "top1_acc": 75.000001}
[08/08 12:26:45][INFO] utils.logging:   91: {"_type": "train_iter", "iter": "7000/30000", "loss": 3.189587, "lr": 0.001000, "top1_acc": 77.300001}
[08/08 12:28:04][INFO] utils.logging:   91: {"_type": "train_iter", "iter": "7200/30000", "loss": 3.182654, "lr": 0.001000, "top1_acc": 76.200002}
[08/08 12:29:22][INFO] utils.logging:   91: {"_type": "train_iter", "iter": "7400/30000", "loss": 3.054185, "lr": 0.001000, "top1_acc": 77.800001}
[08/08 12:30:41][INFO] utils.logging:   91: {"_type": "train_iter", "iter": "7600/30000", "loss": 3.087871, "lr": 0.001000, "top1_acc": 77.900001}
[08/08 12:31:59][INFO] utils.logging:   91: {"_type": "train_iter", "iter": "7800/30000", "loss": 2.901697, "lr": 0.001000, "top1_acc": 78.800001}
[08/08 12:33:18][INFO] utils.logging:   91: {"_type": "train_iter", "iter": "8000/30000", "loss": 2.903909, "lr": 0.001000, "top1_acc": 76.400001}
[08/08 12:34:36][INFO] utils.logging:   91: {"_type": "train_iter", "iter": "8200/30000", "loss": 3.176667, "lr": 0.001000, "top1_acc": 74.200001}
[08/08 12:35:54][INFO] utils.logging:   91: {"_type": "train_iter", "iter": "8400/30000", "loss": 2.763682, "lr": 0.001000, "top1_acc": 77.600001}
[08/08 12:37:13][INFO] utils.logging:   91: {"_type": "train_iter", "iter": "8600/30000", "loss": 2.891894, "lr": 0.001000, "top1_acc": 77.400001}
[08/08 12:38:31][INFO] utils.logging:   91: {"_type": "train_iter", "iter": "8800/30000", "loss": 2.810944, "lr": 0.001000, "top1_acc": 77.400001}
[08/08 12:39:50][INFO] utils.logging:   91: {"_type": "train_iter", "iter": "9000/30000", "loss": 2.537403, "lr": 0.001000, "top1_acc": 78.700001}
[08/08 12:41:08][INFO] utils.logging:   91: {"_type": "train_iter", "iter": "9200/30000", "loss": 2.743034, "lr": 0.001000, "top1_acc": 79.700002}
[08/08 12:42:27][INFO] utils.logging:   91: {"_type": "train_iter", "iter": "9400/30000", "loss": 2.891729, "lr": 0.001000, "top1_acc": 75.600002}
[08/08 12:43:45][INFO] utils.logging:   91: {"_type": "train_iter", "iter": "9600/30000", "loss": 2.692160, "lr": 0.001000, "top1_acc": 77.500002}
[08/08 12:45:04][INFO] utils.logging:   91: {"_type": "train_iter", "iter": "9800/30000", "loss": 2.588195, "lr": 0.001000, "top1_acc": 77.600001}
[08/08 12:46:58][INFO] utils.logging:   91: {"_type": "val_iter", "gpu_mem": "1.85 GB", "iter": "200/10000", "top1_acc": 57.900001}
[08/08 12:47:21][INFO] utils.logging:   91: {"_type": "val_iter", "gpu_mem": "1.85 GB", "iter": "400/10000", "top1_acc": 59.200001}
[08/08 12:47:44][INFO] utils.logging:   91: {"_type": "val_iter", "gpu_mem": "1.85 GB", "iter": "600/10000", "top1_acc": 59.000001}
[08/08 12:48:07][INFO] utils.logging:   91: {"_type": "val_iter", "gpu_mem": "1.85 GB", "iter": "800/10000", "top1_acc": 59.500001}
[08/08 12:48:29][INFO] utils.logging:   91: {"_type": "val_iter", "gpu_mem": "1.85 GB", "iter": "1000/10000", "top1_acc": 61.100001}
[08/08 12:48:52][INFO] utils.logging:   91: {"_type": "val_iter", "gpu_mem": "1.85 GB", "iter": "1200/10000", "top1_acc": 57.500001}
[08/08 12:49:15][INFO] utils.logging:   91: {"_type": "val_iter", "gpu_mem": "1.85 GB", "iter": "1400/10000", "top1_acc": 58.700001}
[08/08 12:49:38][INFO] utils.logging:   91: {"_type": "val_iter", "gpu_mem": "1.85 GB", "iter": "1600/10000", "top1_acc": 60.300001}
[08/08 12:50:01][INFO] utils.logging:   91: {"_type": "val_iter", "gpu_mem": "1.85 GB", "iter": "1800/10000", "top1_acc": 60.600001}
[08/08 12:50:24][INFO] utils.logging:   91: {"_type": "val_iter", "gpu_mem": "1.85 GB", "iter": "2000/10000", "top1_acc": 58.300001}
[08/08 12:50:46][INFO] utils.logging:   91: {"_type": "val_iter", "gpu_mem": "1.85 GB", "iter": "2200/10000", "top1_acc": 58.600001}
[08/08 12:51:09][INFO] utils.logging:   91: {"_type": "val_iter", "gpu_mem": "1.85 GB", "iter": "2400/10000", "top1_acc": 60.200001}
[08/08 12:51:32][INFO] utils.logging:   91: {"_type": "val_iter", "gpu_mem": "1.85 GB", "iter": "2600/10000", "top1_acc": 58.100001}
[08/08 12:51:55][INFO] utils.logging:   91: {"_type": "val_iter", "gpu_mem": "1.85 GB", "iter": "2800/10000", "top1_acc": 61.100001}
[08/08 12:52:18][INFO] utils.logging:   91: {"_type": "val_iter", "gpu_mem": "1.85 GB", "iter": "3000/10000", "top1_acc": 59.500001}
[08/08 12:52:41][INFO] utils.logging:   91: {"_type": "val_iter", "gpu_mem": "1.85 GB", "iter": "3200/10000", "top1_acc": 62.400001}
[08/08 12:53:04][INFO] utils.logging:   91: {"_type": "val_iter", "gpu_mem": "1.85 GB", "iter": "3400/10000", "top1_acc": 59.400001}
[08/08 12:53:26][INFO] utils.logging:   91: {"_type": "val_iter", "gpu_mem": "1.85 GB", "iter": "3600/10000", "top1_acc": 58.400001}
[08/08 12:53:49][INFO] utils.logging:   91: {"_type": "val_iter", "gpu_mem": "1.85 GB", "iter": "3800/10000", "top1_acc": 59.200001}
[08/08 12:54:12][INFO] utils.logging:   91: {"_type": "val_iter", "gpu_mem": "1.85 GB", "iter": "4000/10000", "top1_acc": 59.000000}
[08/08 12:54:35][INFO] utils.logging:   91: {"_type": "val_iter", "gpu_mem": "1.85 GB", "iter": "4200/10000", "top1_acc": 58.900001}
[08/08 12:54:58][INFO] utils.logging:   91: {"_type": "val_iter", "gpu_mem": "1.85 GB", "iter": "4400/10000", "top1_acc": 63.600001}
[08/08 12:55:21][INFO] utils.logging:   91: {"_type": "val_iter", "gpu_mem": "1.85 GB", "iter": "4600/10000", "top1_acc": 61.600001}
[08/08 12:55:44][INFO] utils.logging:   91: {"_type": "val_iter", "gpu_mem": "1.85 GB", "iter": "4800/10000", "top1_acc": 59.300001}
[08/08 12:56:06][INFO] utils.logging:   91: {"_type": "val_iter", "gpu_mem": "1.85 GB", "iter": "5000/10000", "top1_acc": 57.900001}
[08/08 12:56:29][INFO] utils.logging:   91: {"_type": "val_iter", "gpu_mem": "1.85 GB", "iter": "5200/10000", "top1_acc": 57.200000}
[08/08 12:56:52][INFO] utils.logging:   91: {"_type": "val_iter", "gpu_mem": "1.85 GB", "iter": "5400/10000", "top1_acc": 60.100001}
[08/08 12:57:15][INFO] utils.logging:   91: {"_type": "val_iter", "gpu_mem": "1.85 GB", "iter": "5600/10000", "top1_acc": 58.900001}
[08/08 12:57:38][INFO] utils.logging:   91: {"_type": "val_iter", "gpu_mem": "1.85 GB", "iter": "5800/10000", "top1_acc": 61.100001}
[08/08 12:58:01][INFO] utils.logging:   91: {"_type": "val_iter", "gpu_mem": "1.85 GB", "iter": "6000/10000", "top1_acc": 59.400001}
[08/08 12:58:24][INFO] utils.logging:   91: {"_type": "val_iter", "gpu_mem": "1.85 GB", "iter": "6200/10000", "top1_acc": 61.100001}
[08/08 12:58:46][INFO] utils.logging:   91: {"_type": "val_iter", "gpu_mem": "1.85 GB", "iter": "6400/10000", "top1_acc": 58.700001}
[08/08 12:59:09][INFO] utils.logging:   91: {"_type": "val_iter", "gpu_mem": "1.85 GB", "iter": "6600/10000", "top1_acc": 58.700001}
[08/08 12:59:32][INFO] utils.logging:   91: {"_type": "val_iter", "gpu_mem": "1.85 GB", "iter": "6800/10000", "top1_acc": 57.200001}
[08/08 12:59:55][INFO] utils.logging:   91: {"_type": "val_iter", "gpu_mem": "1.85 GB", "iter": "7000/10000", "top1_acc": 59.200001}
[08/08 13:00:18][INFO] utils.logging:   91: {"_type": "val_iter", "gpu_mem": "1.85 GB", "iter": "7200/10000", "top1_acc": 60.400001}
[08/08 13:00:41][INFO] utils.logging:   91: {"_type": "val_iter", "gpu_mem": "1.85 GB", "iter": "7400/10000", "top1_acc": 58.600001}
[08/08 13:01:04][INFO] utils.logging:   91: {"_type": "val_iter", "gpu_mem": "1.85 GB", "iter": "7600/10000", "top1_acc": 58.200001}
[08/08 13:01:27][INFO] utils.logging:   91: {"_type": "val_iter", "gpu_mem": "1.85 GB", "iter": "7800/10000", "top1_acc": 58.500001}
[08/08 13:01:49][INFO] utils.logging:   91: {"_type": "val_iter", "gpu_mem": "1.85 GB", "iter": "8000/10000", "top1_acc": 57.400001}
[08/08 13:02:12][INFO] utils.logging:   91: {"_type": "val_iter", "gpu_mem": "1.85 GB", "iter": "8200/10000", "top1_acc": 61.000001}
[08/08 13:02:35][INFO] utils.logging:   91: {"_type": "val_iter", "gpu_mem": "1.85 GB", "iter": "8400/10000", "top1_acc": 60.100001}
[08/08 13:02:58][INFO] utils.logging:   91: {"_type": "val_iter", "gpu_mem": "1.85 GB", "iter": "8600/10000", "top1_acc": 57.300000}
[08/08 13:03:21][INFO] utils.logging:   91: {"_type": "val_iter", "gpu_mem": "1.85 GB", "iter": "8800/10000", "top1_acc": 61.500001}
[08/08 13:03:44][INFO] utils.logging:   91: {"_type": "val_iter", "gpu_mem": "1.85 GB", "iter": "9000/10000", "top1_acc": 60.100001}
[08/08 13:04:06][INFO] utils.logging:   91: {"_type": "val_iter", "gpu_mem": "1.85 GB", "iter": "9200/10000", "top1_acc": 60.900001}
[08/08 13:04:29][INFO] utils.logging:   91: {"_type": "val_iter", "gpu_mem": "1.85 GB", "iter": "9400/10000", "top1_acc": 58.500001}
[08/08 13:04:52][INFO] utils.logging:   91: {"_type": "val_iter", "gpu_mem": "1.85 GB", "iter": "9600/10000", "top1_acc": 58.100001}
[08/08 13:05:15][INFO] utils.logging:   91: {"_type": "val_iter", "gpu_mem": "1.85 GB", "iter": "9800/10000", "top1_acc": 60.100001}
[08/08 13:05:38][INFO] utils.logging:   91: {"_type": "val_iter", "gpu_mem": "1.85 GB", "iter": "10000/10000", "top1_acc": 59.900001}
[08/08 13:05:39][INFO] utils.logging:   91: {"RAM": "20.37/125.63 GB", "_type": "val_epoch", "epoch": "1", "gpu_mem": "1.85 GB", "top1_acc": 59.430001}
[08/08 13:05:39][INFO] utils.logging:   91: {"_type": "train_iter", "iter": "10000/30000", "loss": 2.500837, "lr": 0.001000, "top1_acc": 80.200001}
[08/08 13:06:57][INFO] utils.logging:   91: {"_type": "train_iter", "iter": "10200/30000", "loss": 2.564759, "lr": 0.001000, "top1_acc": 79.100001}
[08/08 13:08:16][INFO] utils.logging:   91: {"_type": "train_iter", "iter": "10400/30000", "loss": 2.408974, "lr": 0.001000, "top1_acc": 80.200001}
[08/08 13:09:34][INFO] utils.logging:   91: {"_type": "train_iter", "iter": "10600/30000", "loss": 2.469714, "lr": 0.001000, "top1_acc": 79.000001}
[08/08 13:10:53][INFO] utils.logging:   91: {"_type": "train_iter", "iter": "10800/30000", "loss": 2.516051, "lr": 0.001000, "top1_acc": 81.000001}
[08/08 13:12:11][INFO] utils.logging:   91: {"_type": "train_iter", "iter": "11000/30000", "loss": 2.581412, "lr": 0.001000, "top1_acc": 79.700001}
[08/08 13:13:30][INFO] utils.logging:   91: {"_type": "train_iter", "iter": "11200/30000", "loss": 2.473040, "lr": 0.001000, "top1_acc": 78.300001}
[08/08 13:14:48][INFO] utils.logging:   91: {"_type": "train_iter", "iter": "11400/30000", "loss": 2.350447, "lr": 0.001000, "top1_acc": 80.900001}
[08/08 13:16:07][INFO] utils.logging:   91: {"_type": "train_iter", "iter": "11600/30000", "loss": 2.685458, "lr": 0.001000, "top1_acc": 78.100001}
[08/08 13:17:25][INFO] utils.logging:   91: {"_type": "train_iter", "iter": "11800/30000", "loss": 2.379499, "lr": 0.001000, "top1_acc": 80.000001}
[08/08 13:18:44][INFO] utils.logging:   91: {"_type": "train_iter", "iter": "12000/30000", "loss": 2.262207, "lr": 0.001000, "top1_acc": 80.700001}
[08/08 13:20:02][INFO] utils.logging:   91: {"_type": "train_iter", "iter": "12200/30000", "loss": 2.233513, "lr": 0.000500, "top1_acc": 80.700001}
[08/08 13:21:20][INFO] utils.logging:   91: {"_type": "train_iter", "iter": "12400/30000", "loss": 1.837374, "lr": 0.000500, "top1_acc": 85.100001}
[08/08 13:22:39][INFO] utils.logging:   91: {"_type": "train_iter", "iter": "12600/30000", "loss": 1.717820, "lr": 0.000500, "top1_acc": 82.900001}
[08/08 13:23:57][INFO] utils.logging:   91: {"_type": "train_iter", "iter": "12800/30000", "loss": 1.823312, "lr": 0.000500, "top1_acc": 84.400001}
[08/08 13:25:16][INFO] utils.logging:   91: {"_type": "train_iter", "iter": "13000/30000", "loss": 1.867146, "lr": 0.000500, "top1_acc": 82.900001}
[08/08 13:26:34][INFO] utils.logging:   91: {"_type": "train_iter", "iter": "13200/30000", "loss": 1.789003, "lr": 0.000500, "top1_acc": 85.400001}
[08/08 13:27:53][INFO] utils.logging:   91: {"_type": "train_iter", "iter": "13400/30000", "loss": 1.672853, "lr": 0.000500, "top1_acc": 84.800001}
[08/08 13:29:12][INFO] utils.logging:   91: {"_type": "train_iter", "iter": "13600/30000", "loss": 1.840494, "lr": 0.000500, "top1_acc": 84.400001}
[08/08 13:30:30][INFO] utils.logging:   91: {"_type": "train_iter", "iter": "13800/30000", "loss": 1.685236, "lr": 0.000500, "top1_acc": 85.400001}
[08/08 13:31:48][INFO] utils.logging:   91: {"_type": "train_iter", "iter": "14000/30000", "loss": 1.780335, "lr": 0.000500, "top1_acc": 84.800001}
[08/08 13:33:07][INFO] utils.logging:   91: {"_type": "train_iter", "iter": "14200/30000", "loss": 1.779293, "lr": 0.000500, "top1_acc": 86.500001}
[08/08 13:34:25][INFO] utils.logging:   91: {"_type": "train_iter", "iter": "14400/30000", "loss": 1.671843, "lr": 0.000500, "top1_acc": 85.400001}
[08/08 13:35:44][INFO] utils.logging:   91: {"_type": "train_iter", "iter": "14600/30000", "loss": 1.601647, "lr": 0.000500, "top1_acc": 87.800001}
[08/08 13:37:02][INFO] utils.logging:   91: {"_type": "train_iter", "iter": "14800/30000", "loss": 1.697519, "lr": 0.000500, "top1_acc": 84.800001}
[08/08 13:38:21][INFO] utils.logging:   91: {"_type": "train_iter", "iter": "15000/30000", "loss": 1.633584, "lr": 0.000500, "top1_acc": 86.300001}
[08/08 13:39:39][INFO] utils.logging:   91: {"_type": "train_iter", "iter": "15200/30000", "loss": 1.616532, "lr": 0.000500, "top1_acc": 87.000001}
[08/08 13:40:58][INFO] utils.logging:   91: {"_type": "train_iter", "iter": "15400/30000", "loss": 1.474263, "lr": 0.000500, "top1_acc": 87.300001}
[08/08 13:42:16][INFO] utils.logging:   91: {"_type": "train_iter", "iter": "15600/30000", "loss": 1.485894, "lr": 0.000500, "top1_acc": 86.600001}
[08/08 13:43:35][INFO] utils.logging:   91: {"_type": "train_iter", "iter": "15800/30000", "loss": 1.545277, "lr": 0.000500, "top1_acc": 85.800001}
[08/08 13:44:53][INFO] utils.logging:   91: {"_type": "train_iter", "iter": "16000/30000", "loss": 1.546204, "lr": 0.000500, "top1_acc": 85.400001}
[08/08 13:46:12][INFO] utils.logging:   91: {"_type": "train_iter", "iter": "16200/30000", "loss": 1.389534, "lr": 0.000500, "top1_acc": 86.800001}
[08/08 13:47:30][INFO] utils.logging:   91: {"_type": "train_iter", "iter": "16400/30000", "loss": 1.578698, "lr": 0.000500, "top1_acc": 88.600001}
[08/08 13:48:48][INFO] utils.logging:   91: {"_type": "train_iter", "iter": "16600/30000", "loss": 1.313277, "lr": 0.000500, "top1_acc": 88.800001}
[08/08 13:50:07][INFO] utils.logging:   91: {"_type": "train_iter", "iter": "16800/30000", "loss": 1.332968, "lr": 0.000500, "top1_acc": 88.000001}
[08/08 13:51:25][INFO] utils.logging:   91: {"_type": "train_iter", "iter": "17000/30000", "loss": 1.312618, "lr": 0.000500, "top1_acc": 89.400001}
[08/08 13:52:44][INFO] utils.logging:   91: {"_type": "train_iter", "iter": "17200/30000", "loss": 1.570951, "lr": 0.000500, "top1_acc": 86.400001}
[08/08 13:54:02][INFO] utils.logging:   91: {"_type": "train_iter", "iter": "17400/30000", "loss": 1.453298, "lr": 0.000500, "top1_acc": 87.500001}
[08/08 13:55:21][INFO] utils.logging:   91: {"_type": "train_iter", "iter": "17600/30000", "loss": 1.416108, "lr": 0.000500, "top1_acc": 86.900001}
[08/08 13:56:39][INFO] utils.logging:   91: {"_type": "train_iter", "iter": "17800/30000", "loss": 1.489950, "lr": 0.000500, "top1_acc": 86.700001}
[08/08 13:57:57][INFO] utils.logging:   91: {"_type": "train_iter", "iter": "18000/30000", "loss": 1.359951, "lr": 0.000500, "top1_acc": 88.300001}
[08/08 13:59:16][INFO] utils.logging:   91: {"_type": "train_iter", "iter": "18200/30000", "loss": 1.204043, "lr": 0.000100, "top1_acc": 88.100001}
[08/08 14:00:34][INFO] utils.logging:   91: {"_type": "train_iter", "iter": "18400/30000", "loss": 1.240661, "lr": 0.000100, "top1_acc": 88.900001}
[08/08 14:01:53][INFO] utils.logging:   91: {"_type": "train_iter", "iter": "18600/30000", "loss": 1.170423, "lr": 0.000100, "top1_acc": 90.100001}
[08/08 14:03:11][INFO] utils.logging:   91: {"_type": "train_iter", "iter": "18800/30000", "loss": 1.071207, "lr": 0.000100, "top1_acc": 89.800001}
[08/08 14:04:30][INFO] utils.logging:   91: {"_type": "train_iter", "iter": "19000/30000", "loss": 1.100560, "lr": 0.000100, "top1_acc": 91.200001}
[08/08 14:05:48][INFO] utils.logging:   91: {"_type": "train_iter", "iter": "19200/30000", "loss": 1.153946, "lr": 0.000100, "top1_acc": 86.700001}
[08/08 14:07:07][INFO] utils.logging:   91: {"_type": "train_iter", "iter": "19400/30000", "loss": 1.005963, "lr": 0.000100, "top1_acc": 88.800001}
[08/08 14:08:25][INFO] utils.logging:   91: {"_type": "train_iter", "iter": "19600/30000", "loss": 1.123938, "lr": 0.000100, "top1_acc": 90.100001}
[08/08 14:09:43][INFO] utils.logging:   91: {"_type": "train_iter", "iter": "19800/30000", "loss": 0.989910, "lr": 0.000100, "top1_acc": 90.700001}
[08/08 14:11:36][INFO] utils.logging:   91: {"_type": "val_iter", "gpu_mem": "1.85 GB", "iter": "200/10000", "top1_acc": 64.500001}
[08/08 14:11:59][INFO] utils.logging:   91: {"_type": "val_iter", "gpu_mem": "1.85 GB", "iter": "400/10000", "top1_acc": 63.500001}
[08/08 14:12:22][INFO] utils.logging:   91: {"_type": "val_iter", "gpu_mem": "1.85 GB", "iter": "600/10000", "top1_acc": 63.500001}
[08/08 14:12:45][INFO] utils.logging:   91: {"_type": "val_iter", "gpu_mem": "1.85 GB", "iter": "800/10000", "top1_acc": 64.100001}
[08/08 14:13:08][INFO] utils.logging:   91: {"_type": "val_iter", "gpu_mem": "1.85 GB", "iter": "1000/10000", "top1_acc": 60.900001}
[08/08 14:13:31][INFO] utils.logging:   91: {"_type": "val_iter", "gpu_mem": "1.85 GB", "iter": "1200/10000", "top1_acc": 64.700001}
[08/08 14:13:53][INFO] utils.logging:   91: {"_type": "val_iter", "gpu_mem": "1.85 GB", "iter": "1400/10000", "top1_acc": 66.000001}
[08/08 14:14:16][INFO] utils.logging:   91: {"_type": "val_iter", "gpu_mem": "1.85 GB", "iter": "1600/10000", "top1_acc": 66.300001}
[08/08 14:14:39][INFO] utils.logging:   91: {"_type": "val_iter", "gpu_mem": "1.85 GB", "iter": "1800/10000", "top1_acc": 66.000001}
[08/08 14:15:01][INFO] utils.logging:   91: {"_type": "val_iter", "gpu_mem": "1.85 GB", "iter": "2000/10000", "top1_acc": 64.900002}
[08/08 14:15:24][INFO] utils.logging:   91: {"_type": "val_iter", "gpu_mem": "1.85 GB", "iter": "2200/10000", "top1_acc": 65.900001}
[08/08 14:15:47][INFO] utils.logging:   91: {"_type": "val_iter", "gpu_mem": "1.85 GB", "iter": "2400/10000", "top1_acc": 64.000001}
[08/08 14:16:10][INFO] utils.logging:   91: {"_type": "val_iter", "gpu_mem": "1.85 GB", "iter": "2600/10000", "top1_acc": 66.400001}
[08/08 14:16:32][INFO] utils.logging:   91: {"_type": "val_iter", "gpu_mem": "1.85 GB", "iter": "2800/10000", "top1_acc": 64.100001}
[08/08 14:16:55][INFO] utils.logging:   91: {"_type": "val_iter", "gpu_mem": "1.85 GB", "iter": "3000/10000", "top1_acc": 65.700001}
[08/08 14:17:18][INFO] utils.logging:   91: {"_type": "val_iter", "gpu_mem": "1.85 GB", "iter": "3200/10000", "top1_acc": 64.800001}
[08/08 14:17:41][INFO] utils.logging:   91: {"_type": "val_iter", "gpu_mem": "1.85 GB", "iter": "3400/10000", "top1_acc": 62.700001}
[08/08 14:18:04][INFO] utils.logging:   91: {"_type": "val_iter", "gpu_mem": "1.85 GB", "iter": "3600/10000", "top1_acc": 64.300001}
[08/08 14:18:26][INFO] utils.logging:   91: {"_type": "val_iter", "gpu_mem": "1.85 GB", "iter": "3800/10000", "top1_acc": 61.700001}
[08/08 14:18:49][INFO] utils.logging:   91: {"_type": "val_iter", "gpu_mem": "1.85 GB", "iter": "4000/10000", "top1_acc": 65.000001}
[08/08 14:19:12][INFO] utils.logging:   91: {"_type": "val_iter", "gpu_mem": "1.85 GB", "iter": "4200/10000", "top1_acc": 64.900002}
[08/08 14:19:35][INFO] utils.logging:   91: {"_type": "val_iter", "gpu_mem": "1.85 GB", "iter": "4400/10000", "top1_acc": 64.200001}
[08/08 14:19:57][INFO] utils.logging:   91: {"_type": "val_iter", "gpu_mem": "1.85 GB", "iter": "4600/10000", "top1_acc": 63.000001}
[08/08 14:20:20][INFO] utils.logging:   91: {"_type": "val_iter", "gpu_mem": "1.85 GB", "iter": "4800/10000", "top1_acc": 66.600001}
[08/08 14:20:43][INFO] utils.logging:   91: {"_type": "val_iter", "gpu_mem": "1.85 GB", "iter": "5000/10000", "top1_acc": 63.700001}
[08/08 14:21:06][INFO] utils.logging:   91: {"_type": "val_iter", "gpu_mem": "1.85 GB", "iter": "5200/10000", "top1_acc": 63.500001}
[08/08 14:21:29][INFO] utils.logging:   91: {"_type": "val_iter", "gpu_mem": "1.85 GB", "iter": "5400/10000", "top1_acc": 63.600001}
[08/08 14:21:52][INFO] utils.logging:   91: {"_type": "val_iter", "gpu_mem": "1.85 GB", "iter": "5600/10000", "top1_acc": 64.000001}
[08/08 14:22:14][INFO] utils.logging:   91: {"_type": "val_iter", "gpu_mem": "1.85 GB", "iter": "5800/10000", "top1_acc": 65.000001}
[08/08 14:22:37][INFO] utils.logging:   91: {"_type": "val_iter", "gpu_mem": "1.85 GB", "iter": "6000/10000", "top1_acc": 64.800001}
[08/08 14:23:00][INFO] utils.logging:   91: {"_type": "val_iter", "gpu_mem": "1.85 GB", "iter": "6200/10000", "top1_acc": 65.400001}
[08/08 14:23:23][INFO] utils.logging:   91: {"_type": "val_iter", "gpu_mem": "1.85 GB", "iter": "6400/10000", "top1_acc": 63.400001}
[08/08 14:23:46][INFO] utils.logging:   91: {"_type": "val_iter", "gpu_mem": "1.85 GB", "iter": "6600/10000", "top1_acc": 65.600001}
[08/08 14:24:08][INFO] utils.logging:   91: {"_type": "val_iter", "gpu_mem": "1.85 GB", "iter": "6800/10000", "top1_acc": 62.600001}
[08/08 14:24:31][INFO] utils.logging:   91: {"_type": "val_iter", "gpu_mem": "1.85 GB", "iter": "7000/10000", "top1_acc": 63.700001}
[08/08 14:24:54][INFO] utils.logging:   91: {"_type": "val_iter", "gpu_mem": "1.85 GB", "iter": "7200/10000", "top1_acc": 64.200001}
[08/08 14:25:17][INFO] utils.logging:   91: {"_type": "val_iter", "gpu_mem": "1.85 GB", "iter": "7400/10000", "top1_acc": 63.200001}
[08/08 14:25:40][INFO] utils.logging:   91: {"_type": "val_iter", "gpu_mem": "1.85 GB", "iter": "7600/10000", "top1_acc": 64.100002}
[08/08 14:26:03][INFO] utils.logging:   91: {"_type": "val_iter", "gpu_mem": "1.85 GB", "iter": "7800/10000", "top1_acc": 63.200001}
[08/08 14:26:26][INFO] utils.logging:   91: {"_type": "val_iter", "gpu_mem": "1.85 GB", "iter": "8000/10000", "top1_acc": 64.600001}
[08/08 14:26:48][INFO] utils.logging:   91: {"_type": "val_iter", "gpu_mem": "1.85 GB", "iter": "8200/10000", "top1_acc": 61.500001}
[08/08 14:27:11][INFO] utils.logging:   91: {"_type": "val_iter", "gpu_mem": "1.85 GB", "iter": "8400/10000", "top1_acc": 66.100001}
[08/08 14:27:34][INFO] utils.logging:   91: {"_type": "val_iter", "gpu_mem": "1.85 GB", "iter": "8600/10000", "top1_acc": 62.500001}
[08/08 14:27:57][INFO] utils.logging:   91: {"_type": "val_iter", "gpu_mem": "1.85 GB", "iter": "8800/10000", "top1_acc": 60.400001}
[08/08 14:28:20][INFO] utils.logging:   91: {"_type": "val_iter", "gpu_mem": "1.85 GB", "iter": "9000/10000", "top1_acc": 62.900001}
[08/08 14:28:42][INFO] utils.logging:   91: {"_type": "val_iter", "gpu_mem": "1.85 GB", "iter": "9200/10000", "top1_acc": 59.800001}
[08/08 14:29:05][INFO] utils.logging:   91: {"_type": "val_iter", "gpu_mem": "1.85 GB", "iter": "9400/10000", "top1_acc": 63.900001}
[08/08 14:29:28][INFO] utils.logging:   91: {"_type": "val_iter", "gpu_mem": "1.85 GB", "iter": "9600/10000", "top1_acc": 64.100002}
[08/08 14:29:51][INFO] utils.logging:   91: {"_type": "val_iter", "gpu_mem": "1.85 GB", "iter": "9800/10000", "top1_acc": 65.100001}
[08/08 14:30:14][INFO] utils.logging:   91: {"_type": "val_iter", "gpu_mem": "1.85 GB", "iter": "10000/10000", "top1_acc": 63.600001}
[08/08 14:30:15][INFO] utils.logging:   91: {"RAM": "20.67/125.63 GB", "_type": "val_epoch", "epoch": "2", "gpu_mem": "1.85 GB", "top1_acc": 64.044001}
[08/08 14:30:15][INFO] utils.logging:   91: {"_type": "train_iter", "iter": "20000/30000", "loss": 1.107973, "lr": 0.000100, "top1_acc": 88.700001}
[08/08 14:31:33][INFO] utils.logging:   91: {"_type": "train_iter", "iter": "20200/30000", "loss": 0.980197, "lr": 0.000100, "top1_acc": 88.800001}
[08/08 14:32:52][INFO] utils.logging:   91: {"_type": "train_iter", "iter": "20400/30000", "loss": 0.976945, "lr": 0.000100, "top1_acc": 90.600001}
[08/08 14:34:10][INFO] utils.logging:   91: {"_type": "train_iter", "iter": "20600/30000", "loss": 1.008624, "lr": 0.000100, "top1_acc": 88.200001}
[08/08 14:35:29][INFO] utils.logging:   91: {"_type": "train_iter", "iter": "20800/30000", "loss": 0.991584, "lr": 0.000100, "top1_acc": 90.000001}
[08/08 14:36:47][INFO] utils.logging:   91: {"_type": "train_iter", "iter": "21000/30000", "loss": 0.999481, "lr": 0.000100, "top1_acc": 90.000001}
[08/08 14:38:06][INFO] utils.logging:   91: {"_type": "train_iter", "iter": "21200/30000", "loss": 1.145859, "lr": 0.000100, "top1_acc": 90.200001}
[08/08 14:39:24][INFO] utils.logging:   91: {"_type": "train_iter", "iter": "21400/30000", "loss": 0.937760, "lr": 0.000100, "top1_acc": 90.700001}
[08/08 14:40:42][INFO] utils.logging:   91: {"_type": "train_iter", "iter": "21600/30000", "loss": 0.987343, "lr": 0.000100, "top1_acc": 90.000001}
[08/08 14:42:01][INFO] utils.logging:   91: {"_type": "train_iter", "iter": "21800/30000", "loss": 0.969411, "lr": 0.000100, "top1_acc": 88.400001}
[08/08 14:43:19][INFO] utils.logging:   91: {"_type": "train_iter", "iter": "22000/30000", "loss": 1.030540, "lr": 0.000100, "top1_acc": 89.800001}
[08/08 14:44:38][INFO] utils.logging:   91: {"_type": "train_iter", "iter": "22200/30000", "loss": 0.919075, "lr": 0.000100, "top1_acc": 89.800001}
[08/08 14:45:56][INFO] utils.logging:   91: {"_type": "train_iter", "iter": "22400/30000", "loss": 0.876120, "lr": 0.000100, "top1_acc": 91.100001}
[08/08 14:47:15][INFO] utils.logging:   91: {"_type": "train_iter", "iter": "22600/30000", "loss": 1.014581, "lr": 0.000100, "top1_acc": 90.100001}
[08/08 14:48:33][INFO] utils.logging:   91: {"_type": "train_iter", "iter": "22800/30000", "loss": 1.010288, "lr": 0.000100, "top1_acc": 89.300001}
[08/08 14:49:52][INFO] utils.logging:   91: {"_type": "train_iter", "iter": "23000/30000", "loss": 1.018327, "lr": 0.000100, "top1_acc": 90.100001}
[08/08 14:51:10][INFO] utils.logging:   91: {"_type": "train_iter", "iter": "23200/30000", "loss": 0.886566, "lr": 0.000100, "top1_acc": 92.200001}
[08/08 14:52:29][INFO] utils.logging:   91: {"_type": "train_iter", "iter": "23400/30000", "loss": 0.945000, "lr": 0.000100, "top1_acc": 90.600001}
[08/08 14:53:47][INFO] utils.logging:   91: {"_type": "train_iter", "iter": "23600/30000", "loss": 1.064999, "lr": 0.000100, "top1_acc": 90.600001}
[08/08 14:55:06][INFO] utils.logging:   91: {"_type": "train_iter", "iter": "23800/30000", "loss": 0.968377, "lr": 0.000100, "top1_acc": 90.200001}
[08/08 14:56:24][INFO] utils.logging:   91: {"_type": "train_iter", "iter": "24000/30000", "loss": 0.857325, "lr": 0.000100, "top1_acc": 92.400001}
[08/08 14:57:43][INFO] utils.logging:   91: {"_type": "train_iter", "iter": "24200/30000", "loss": 1.046406, "lr": 0.000050, "top1_acc": 90.100001}
[08/08 14:59:01][INFO] utils.logging:   91: {"_type": "train_iter", "iter": "24400/30000", "loss": 0.920361, "lr": 0.000050, "top1_acc": 89.600001}
[08/08 15:00:20][INFO] utils.logging:   91: {"_type": "train_iter", "iter": "24600/30000", "loss": 0.838692, "lr": 0.000050, "top1_acc": 92.100001}
[08/08 15:01:38][INFO] utils.logging:   91: {"_type": "train_iter", "iter": "24800/30000", "loss": 0.930031, "lr": 0.000050, "top1_acc": 90.600001}
[08/08 15:02:57][INFO] utils.logging:   91: {"_type": "train_iter", "iter": "25000/30000", "loss": 0.851433, "lr": 0.000050, "top1_acc": 90.400001}
[08/08 15:04:15][INFO] utils.logging:   91: {"_type": "train_iter", "iter": "25200/30000", "loss": 0.802745, "lr": 0.000050, "top1_acc": 92.000001}
[08/08 15:05:33][INFO] utils.logging:   91: {"_type": "train_iter", "iter": "25400/30000", "loss": 0.906887, "lr": 0.000050, "top1_acc": 90.700001}
[08/08 15:06:52][INFO] utils.logging:   91: {"_type": "train_iter", "iter": "25600/30000", "loss": 0.902593, "lr": 0.000050, "top1_acc": 91.800001}
[08/08 15:08:10][INFO] utils.logging:   91: {"_type": "train_iter", "iter": "25800/30000", "loss": 0.831495, "lr": 0.000050, "top1_acc": 90.400001}
[08/08 15:09:29][INFO] utils.logging:   91: {"_type": "train_iter", "iter": "26000/30000", "loss": 0.862639, "lr": 0.000050, "top1_acc": 92.700001}
[08/08 15:10:47][INFO] utils.logging:   91: {"_type": "train_iter", "iter": "26200/30000", "loss": 0.933244, "lr": 0.000050, "top1_acc": 91.100001}
[08/08 15:12:05][INFO] utils.logging:   91: {"_type": "train_iter", "iter": "26400/30000", "loss": 0.902559, "lr": 0.000050, "top1_acc": 90.900001}
[08/08 15:13:24][INFO] utils.logging:   91: {"_type": "train_iter", "iter": "26600/30000", "loss": 0.876435, "lr": 0.000050, "top1_acc": 91.300001}
[08/08 15:14:42][INFO] utils.logging:   91: {"_type": "train_iter", "iter": "26800/30000", "loss": 0.852100, "lr": 0.000050, "top1_acc": 90.700001}
[08/08 15:16:01][INFO] utils.logging:   91: {"_type": "train_iter", "iter": "27000/30000", "loss": 0.854524, "lr": 0.000050, "top1_acc": 91.700001}
[08/08 15:17:19][INFO] utils.logging:   91: {"_type": "train_iter", "iter": "27200/30000", "loss": 0.858679, "lr": 0.000050, "top1_acc": 91.300001}
[08/08 15:18:37][INFO] utils.logging:   91: {"_type": "train_iter", "iter": "27400/30000", "loss": 0.899669, "lr": 0.000050, "top1_acc": 90.100001}
[08/08 15:19:56][INFO] utils.logging:   91: {"_type": "train_iter", "iter": "27600/30000", "loss": 0.877097, "lr": 0.000050, "top1_acc": 92.300001}
[08/08 15:21:14][INFO] utils.logging:   91: {"_type": "train_iter", "iter": "27800/30000", "loss": 0.733277, "lr": 0.000050, "top1_acc": 91.000001}
[08/08 15:22:33][INFO] utils.logging:   91: {"_type": "train_iter", "iter": "28000/30000", "loss": 0.938130, "lr": 0.000050, "top1_acc": 89.700001}
[08/08 15:23:51][INFO] utils.logging:   91: {"_type": "train_iter", "iter": "28200/30000", "loss": 0.804396, "lr": 0.000050, "top1_acc": 92.400001}
[08/08 15:25:10][INFO] utils.logging:   91: {"_type": "train_iter", "iter": "28400/30000", "loss": 0.732194, "lr": 0.000050, "top1_acc": 93.100001}
[08/08 15:26:28][INFO] utils.logging:   91: {"_type": "train_iter", "iter": "28600/30000", "loss": 0.790881, "lr": 0.000050, "top1_acc": 91.500001}
[08/08 15:27:46][INFO] utils.logging:   91: {"_type": "train_iter", "iter": "28800/30000", "loss": 0.873653, "lr": 0.000050, "top1_acc": 92.800001}
[08/08 15:29:05][INFO] utils.logging:   91: {"_type": "train_iter", "iter": "29000/30000", "loss": 0.830671, "lr": 0.000050, "top1_acc": 92.200001}
[08/08 15:30:23][INFO] utils.logging:   91: {"_type": "train_iter", "iter": "29200/30000", "loss": 0.841754, "lr": 0.000050, "top1_acc": 91.500001}
[08/08 15:31:42][INFO] utils.logging:   91: {"_type": "train_iter", "iter": "29400/30000", "loss": 0.796360, "lr": 0.000050, "top1_acc": 91.900001}
[08/08 15:33:00][INFO] utils.logging:   91: {"_type": "train_iter", "iter": "29600/30000", "loss": 0.761520, "lr": 0.000050, "top1_acc": 90.800001}
[08/08 15:34:18][INFO] utils.logging:   91: {"_type": "train_iter", "iter": "29800/30000", "loss": 0.895892, "lr": 0.000050, "top1_acc": 90.900001}
[08/08 15:36:11][INFO] utils.logging:   91: {"_type": "val_iter", "gpu_mem": "1.85 GB", "iter": "200/10000", "top1_acc": 64.200001}
[08/08 15:36:34][INFO] utils.logging:   91: {"_type": "val_iter", "gpu_mem": "1.85 GB", "iter": "400/10000", "top1_acc": 66.200001}
[08/08 15:36:56][INFO] utils.logging:   91: {"_type": "val_iter", "gpu_mem": "1.85 GB", "iter": "600/10000", "top1_acc": 64.300001}
[08/08 15:37:19][INFO] utils.logging:   91: {"_type": "val_iter", "gpu_mem": "1.85 GB", "iter": "800/10000", "top1_acc": 66.400001}
[08/08 15:37:42][INFO] utils.logging:   91: {"_type": "val_iter", "gpu_mem": "1.85 GB", "iter": "1000/10000", "top1_acc": 64.800001}
[08/08 15:38:05][INFO] utils.logging:   91: {"_type": "val_iter", "gpu_mem": "1.85 GB", "iter": "1200/10000", "top1_acc": 61.600001}
[08/08 15:38:27][INFO] utils.logging:   91: {"_type": "val_iter", "gpu_mem": "1.85 GB", "iter": "1400/10000", "top1_acc": 65.200001}
[08/08 15:38:50][INFO] utils.logging:   91: {"_type": "val_iter", "gpu_mem": "1.85 GB", "iter": "1600/10000", "top1_acc": 64.800001}
[08/08 15:39:13][INFO] utils.logging:   91: {"_type": "val_iter", "gpu_mem": "1.85 GB", "iter": "1800/10000", "top1_acc": 67.000001}
[08/08 15:39:36][INFO] utils.logging:   91: {"_type": "val_iter", "gpu_mem": "1.85 GB", "iter": "2000/10000", "top1_acc": 64.000001}
[08/08 15:39:58][INFO] utils.logging:   91: {"_type": "val_iter", "gpu_mem": "1.85 GB", "iter": "2200/10000", "top1_acc": 65.300001}
[08/08 15:40:21][INFO] utils.logging:   91: {"_type": "val_iter", "gpu_mem": "1.85 GB", "iter": "2400/10000", "top1_acc": 66.300001}
[08/08 15:40:44][INFO] utils.logging:   91: {"_type": "val_iter", "gpu_mem": "1.85 GB", "iter": "2600/10000", "top1_acc": 64.800001}
[08/08 15:41:07][INFO] utils.logging:   91: {"_type": "val_iter", "gpu_mem": "1.85 GB", "iter": "2800/10000", "top1_acc": 64.500001}
[08/08 15:41:30][INFO] utils.logging:   91: {"_type": "val_iter", "gpu_mem": "1.85 GB", "iter": "3000/10000", "top1_acc": 66.500001}
[08/08 15:41:52][INFO] utils.logging:   91: {"_type": "val_iter", "gpu_mem": "1.85 GB", "iter": "3200/10000", "top1_acc": 63.000001}
[08/08 15:42:15][INFO] utils.logging:   91: {"_type": "val_iter", "gpu_mem": "1.85 GB", "iter": "3400/10000", "top1_acc": 65.700001}
[08/08 15:42:38][INFO] utils.logging:   91: {"_type": "val_iter", "gpu_mem": "1.85 GB", "iter": "3600/10000", "top1_acc": 63.500001}
[08/08 15:43:01][INFO] utils.logging:   91: {"_type": "val_iter", "gpu_mem": "1.85 GB", "iter": "3800/10000", "top1_acc": 66.500001}
[08/08 15:43:23][INFO] utils.logging:   91: {"_type": "val_iter", "gpu_mem": "1.85 GB", "iter": "4000/10000", "top1_acc": 62.200001}
[08/08 15:43:46][INFO] utils.logging:   91: {"_type": "val_iter", "gpu_mem": "1.85 GB", "iter": "4200/10000", "top1_acc": 67.100001}
[08/08 15:44:09][INFO] utils.logging:   91: {"_type": "val_iter", "gpu_mem": "1.85 GB", "iter": "4400/10000", "top1_acc": 66.000001}
[08/08 15:44:32][INFO] utils.logging:   91: {"_type": "val_iter", "gpu_mem": "1.85 GB", "iter": "4600/10000", "top1_acc": 65.500001}
[08/08 15:44:54][INFO] utils.logging:   91: {"_type": "val_iter", "gpu_mem": "1.85 GB", "iter": "4800/10000", "top1_acc": 64.200001}
[08/08 15:45:17][INFO] utils.logging:   91: {"_type": "val_iter", "gpu_mem": "1.85 GB", "iter": "5000/10000", "top1_acc": 62.900001}
[08/08 15:45:40][INFO] utils.logging:   91: {"_type": "val_iter", "gpu_mem": "1.85 GB", "iter": "5200/10000", "top1_acc": 64.600001}
[08/08 15:46:03][INFO] utils.logging:   91: {"_type": "val_iter", "gpu_mem": "1.85 GB", "iter": "5400/10000", "top1_acc": 64.300001}
[08/08 15:46:26][INFO] utils.logging:   91: {"_type": "val_iter", "gpu_mem": "1.85 GB", "iter": "5600/10000", "top1_acc": 63.700001}
[08/08 15:46:49][INFO] utils.logging:   91: {"_type": "val_iter", "gpu_mem": "1.85 GB", "iter": "5800/10000", "top1_acc": 65.000001}
[08/08 15:47:12][INFO] utils.logging:   91: {"_type": "val_iter", "gpu_mem": "1.85 GB", "iter": "6000/10000", "top1_acc": 65.100001}
[08/08 15:47:35][INFO] utils.logging:   91: {"_type": "val_iter", "gpu_mem": "1.85 GB", "iter": "6200/10000", "top1_acc": 67.500001}
[08/08 15:47:58][INFO] utils.logging:   91: {"_type": "val_iter", "gpu_mem": "1.85 GB", "iter": "6400/10000", "top1_acc": 64.900001}
[08/08 15:48:21][INFO] utils.logging:   91: {"_type": "val_iter", "gpu_mem": "1.85 GB", "iter": "6600/10000", "top1_acc": 65.000001}
[08/08 15:48:45][INFO] utils.logging:   91: {"_type": "val_iter", "gpu_mem": "1.85 GB", "iter": "6800/10000", "top1_acc": 63.200001}
[08/08 15:49:07][INFO] utils.logging:   91: {"_type": "val_iter", "gpu_mem": "1.85 GB", "iter": "7000/10000", "top1_acc": 67.000001}
[08/08 15:49:30][INFO] utils.logging:   91: {"_type": "val_iter", "gpu_mem": "1.85 GB", "iter": "7200/10000", "top1_acc": 63.500001}
[08/08 15:49:53][INFO] utils.logging:   91: {"_type": "val_iter", "gpu_mem": "1.85 GB", "iter": "7400/10000", "top1_acc": 61.000001}
[08/08 15:50:16][INFO] utils.logging:   91: {"_type": "val_iter", "gpu_mem": "1.85 GB", "iter": "7600/10000", "top1_acc": 65.200001}
[08/08 15:50:39][INFO] utils.logging:   91: {"_type": "val_iter", "gpu_mem": "1.85 GB", "iter": "7800/10000", "top1_acc": 66.600001}
[08/08 15:51:02][INFO] utils.logging:   91: {"_type": "val_iter", "gpu_mem": "1.85 GB", "iter": "8000/10000", "top1_acc": 63.600001}
[08/08 15:51:24][INFO] utils.logging:   91: {"_type": "val_iter", "gpu_mem": "1.85 GB", "iter": "8200/10000", "top1_acc": 66.000001}
[08/08 15:51:47][INFO] utils.logging:   91: {"_type": "val_iter", "gpu_mem": "1.85 GB", "iter": "8400/10000", "top1_acc": 66.100001}
[08/08 15:52:10][INFO] utils.logging:   91: {"_type": "val_iter", "gpu_mem": "1.85 GB", "iter": "8600/10000", "top1_acc": 63.400001}
[08/08 15:52:33][INFO] utils.logging:   91: {"_type": "val_iter", "gpu_mem": "1.85 GB", "iter": "8800/10000", "top1_acc": 65.800001}
[08/08 15:52:56][INFO] utils.logging:   91: {"_type": "val_iter", "gpu_mem": "1.85 GB", "iter": "9000/10000", "top1_acc": 65.200001}
[08/08 15:53:19][INFO] utils.logging:   91: {"_type": "val_iter", "gpu_mem": "1.85 GB", "iter": "9200/10000", "top1_acc": 67.100001}
[08/08 15:53:42][INFO] utils.logging:   91: {"_type": "val_iter", "gpu_mem": "1.85 GB", "iter": "9400/10000", "top1_acc": 65.700001}
[08/08 15:54:04][INFO] utils.logging:   91: {"_type": "val_iter", "gpu_mem": "1.85 GB", "iter": "9600/10000", "top1_acc": 64.300001}
[08/08 15:54:27][INFO] utils.logging:   91: {"_type": "val_iter", "gpu_mem": "1.85 GB", "iter": "9800/10000", "top1_acc": 66.200001}
[08/08 15:54:50][INFO] utils.logging:   91: {"_type": "val_iter", "gpu_mem": "1.85 GB", "iter": "10000/10000", "top1_acc": 63.700001}
[08/08 15:54:51][INFO] utils.logging:   91: {"RAM": "20.87/125.63 GB", "_type": "val_epoch", "epoch": "3", "gpu_mem": "1.85 GB", "top1_acc": 64.924001}
[08/08 15:54:51][INFO] utils.logging:   91: {"_type": "train_iter", "iter": "30000/30000", "loss": 0.825634, "lr": 0.000050, "top1_acc": 91.800001}
[08/08 15:54:52][INFO] utils.logging:   91: {"RAM": "15.88/125.63 GB", "_type": "train_epoch", "epoch": "10", "gpu_mem": "1.85 GB", "loss": 2.449716, "lr": 0.000050, "top1_acc": 81.528668}
