[07/30 11:28:23][INFO] train_net_few_shot:  166: Train with config:
[07/30 11:28:23][INFO] train_net_few_shot:  167: {
  "TASK_TYPE": "few_shot_action",
  "PRETRAIN": {
    "ENABLE": false
  },
  "LOCALIZATION": {
    "ENABLE": false
  },
  "TRAIN": {
    "ENABLE": true,
    "DATASET": "SSv2-Full",
    "BATCH_SIZE": 1,
    "LOG_FILE": "train.log",
    "EVAL_PERIOD": 2,
    "NUM_FOLDS": 1,
    "AUTO_RESUME": true,
    "CHECKPOINT_PERIOD": 10,
    "CHECKPOINT_FILE_PATH": "",
    "CHECKPOINT_TYPE": "pytorch",
    "CHECKPOINT_INFLATE": false,
    "CHECKPOINT_PRE_PROCESS": {
      "ENABLE": false
    },
    "FINE_TUNE": true,
    "ONLY_LINEAR": false,
    "LR_REDUCE": false,
    "TRAIN_VAL_COMBINE": false,
    "LOSS_FUNC": "cross_entropy",
    "USE_CLASSIFICATION_VALUE": 2.0,
    "GRADIENT_CHECKPOINT": true,
    "NUM_CLASS": 64,
    "META_BATCH": true,
    "WAY": 5,
    "SHOT": 1,
    "QUERY_PER_CLASS": 1,
    "QUERY_PER_CLASS_TEST": 1,
    "NUM_TRAIN_TASKS": 30000,
    "NUM_TEST_TASKS": 10000,
    "VAL_FRE_ITER": 10000,
    "BATCH_SIZE_PER_TASK": 4,
    "USE_KEYFRAME_SELECTION": true
  },
  "TEST": {
    "ENABLE": true,
    "DATASET": "SSv2-Full",
    "BATCH_SIZE": 1,
    "NUM_SPATIAL_CROPS": 1,
    "SPATIAL_CROPS": "cctltr",
    "NUM_ENSEMBLE_VIEWS": 1,
    "LOG_FILE": "test.log",
    "CHECKPOINT_FILE_PATH": "",
    "CHECKPOINT_TYPE": "pytorch",
    "AUTOMATIC_MULTI_SCALE_TEST": false,
    "TEST_SET": "val",
    "UPLOAD_CLASSIFIER_RESULTS": true,
    "SHOT": [
      5
    ],
    "USE_KEYFRAME_SELECTION": true
  },
  "VISUALIZATION": {
    "ENABLE": false,
    "NAME": "",
    "FEATURE_MAPS": {
      "ENABLE": false,
      "BASE_OUTPUT_DIR": ""
    }
  },
  "SUBMISSION": {
    "ENABLE": false,
    "SAVE_RESULTS_PATH": "test.json"
  },
  "DATA": {
    "DATA_ROOT_DIR": "/mnt/data/yanyi2025/lrc/action_data/ssv2/videos/videos/",
    "ANNO_DIR": "config/ssv2_full/",
    "NUM_INPUT_FRAMES": 8,
    "NUM_INPUT_CHANNELS": 2304,
    "SAMPLING_MODE": "interval_based",
    "SAMPLING_RATE": 50,
    "TRAIN_JITTER_SCALES": [
      256,
      256
    ],
    "TRAIN_CROP_SIZE": 224,
    "TEST_SCALE": 256,
    "TEST_CROP_SIZE": 224,
    "MEAN": [
      0.48145466,
      0.4578275,
      0.40821073
    ],
    "STD": [
      0.26862954,
      0.26130258,
      0.27577711
    ],
    "MULTI_LABEL": false,
    "ENSEMBLE_METHOD": "sum",
    "TARGET_FPS": 12,
    "MINUS_INTERVAL": false,
    "FPS": 12,
    "NORM_FEATURE": false,
    "USE_AUG_FEATURE": false,
    "AUG": false,
    "LOAD_PROPS": false,
    "TEMPORAL_SCALE": 256,
    "LABELS_TYPE": "cls",
    "LOAD_TYPE": "pickle",
    "DOWNLOAD_FEATURE": true,
    "VIDEO_EXT": ".webm",
    "SAMPLING_UNIFORM": false,
    "SAMPLING_METHOD": "otam_anchor_keyframe",
    "TEST_CENTER_CROP": true,
    "CLIP_INTERVAL": 8
  },
  "MODEL": {
    "NAME": "BaseVideoModel",
    "EMA": {
      "ENABLE": false,
      "DECAY": 0.99996
    }
  },
  "VIDEO": {
    "BACKBONE": {
      "DEPTH": null,
      "META_ARCH": "Identity",
      "NUM_FILTERS": null,
      "NUM_INPUT_CHANNELS": 3,
      "NUM_OUT_FEATURES": null,
      "KERNEL_SIZE": null,
      "DOWNSAMPLING": null,
      "DOWNSAMPLING_TEMPORAL": null,
      "NUM_STREAMS": 1,
      "EXPANSION_RATIO": 2,
      "BRANCH": {
        "NAME": null
      },
      "STEM": {
        "NAME": null
      },
      "NONLOCAL": {
        "ENABLE": false,
        "STAGES": [
          5
        ],
        "MASK_ENABLE": false
      },
      "INITIALIZATION": null
    },
    "HEAD": {
      "NAME": "BaseTemporalClassifier",
      "ACTIVATION": "softmax",
      "DROPOUT_RATE": 0.0,
      "NUM_CLASSES": 200
    }
  },
  "OPTIMIZER": {
    "ADJUST_LR": false,
    "BASE_LR": 0.002,
    "LR_POLICY": "cosine",
    "MAX_EPOCH": 300,
    "MOMENTUM": 0.9,
    "WEIGHT_DECAY": "1e-3",
    "WARMUP_EPOCHS": 10,
    "WARMUP_START_LR": 0.0002,
    "OPTIM_METHOD": "adam",
    "DAMPENING": 0.0,
    "NESTEROV": true
  },
  "BN": {
    "WB_LOCK": false,
    "FREEZE": false,
    "WEIGHT_DECAY": 0.0,
    "MOMENTUM": 0.1,
    "EPS": "1e-3",
    "SYNC": false
  },
  "DATA_LOADER": {
    "NUM_WORKERS": 8,
    "PIN_MEMORY": true,
    "ENABLE_MULTI_THREAD_DECODE": true,
    "COLLATE_FN": null
  },
  "NUM_GPUS": 1,
  "SHARD_ID": 0,
  "NUM_SHARDS": 1,
  "RANDOM_SEED": 18,
  "OUTPUT_DIR": "output/SSv2_Full_BDTS_anchor_keyframe_FOCUSV_2",
  "OUTPUT_CFG_FILE": "configuration.log",
  "LOG_PERIOD": 200,
  "DIST_BACKEND": "nccl",
  "LOG_MODEL_INFO": false,
  "LOG_CONFIG_INFO": true,
  "OSS": {
    "ENABLE": false,
    "KEY": null,
    "SECRET": null,
    "ENDPOINT": null,
    "CHECKPOINT_OUTPUT_PATH": null,
    "SECONDARY_DATA_OSS": {
      "ENABLE": false,
      "KEY": null,
      "SECRET": null,
      "ENDPOINT": null,
      "BUCKETS": [
        ""
      ]
    }
  },
  "AUGMENTATION": {
    "COLOR_AUG": false,
    "BRIGHTNESS": 0.5,
    "CONTRAST": 0.5,
    "SATURATION": 0.5,
    "HUE": 0.25,
    "GRAYSCALE": 0.3,
    "CONSISTENT": true,
    "SHUFFLE": true,
    "GRAY_FIRST": true,
    "RATIO": [
      0.857142857142857,
      1.1666666666666667
    ],
    "USE_GPU": false,
    "MIXUP": {
      "ENABLE": false,
      "ALPHA": 0.0,
      "PROB": 1.0,
      "MODE": "batch",
      "SWITCH_PROB": 0.5
    },
    "CUTMIX": {
      "ENABLE": false,
      "ALPHA": 0.0,
      "MINMAX": null
    },
    "RANDOM_ERASING": {
      "ENABLE": false,
      "PROB": 0.25,
      "MODE": "const",
      "COUNT": [
        1,
        1
      ],
      "NUM_SPLITS": 0,
      "AREA_RANGE": [
        0.02,
        0.33
      ],
      "MIN_ASPECT": 0.3
    },
    "LABEL_SMOOTHING": 0.0,
    "SSV2_FLIP": false,
    "IS_SPLIT": false,
    "NO_RANDOM_ERASE": true,
    "SUPPORT_QUERY_DIFF": true
  },
  "PAI": false,
  "USE_MULTISEG_VAL_DIST": false,
  "DETECTION": {
    "ENABLE": false
  },
  "TENSORBOARD": {
    "ENABLE": false
  },
  "SOLVER": {
    "BASE_LR": 0.001,
    "LR_POLICY": "steps_with_relative_lrs",
    "MAX_EPOCH": 10,
    "MOMENTUM": 0.9,
    "WEIGHT_DECAY": "5e-4",
    "WARMUP_EPOCHS": 1,
    "WARMUP_START_LR": 0.0002,
    "OPTIM_METHOD": "adam",
    "DAMPENING": 0.0,
    "NESTEROV": true,
    "STEPS_ITER": 3000,
    "STEPS": [
      0,
      4,
      6,
      8
    ],
    "LRS": [
      1,
      0.5,
      0.1,
      0.05
    ]
  },
  "PRE_DOWNLOAD": {
    "ENABLE": false
  },
  "SUPPORT_SHOT": 1,
  "FRAME_SELECTOR": {
    "ENABLE": true,
    "TOTAL_FRAMES": 32,
    "SELECT_FRAMES": 8,
    "SEGMENTS": 4,
    "FEAT_DIM": 0,
    "PRETRAINED_CKPT": "/mnt/data/yanyi2025/lrc/code/CLIP-FSAR/output/frame_selector/ssv2_ViT-B16/frame_selector_best.pth",
    "NUM_ANCHOR_FRAMES": 4,
    "NUM_KEY_FRAMES": 4,
    "MIN_FRAME_GAP": 2,
    "ENABLE_CACHE_DECODE": true,
    "FEAT_CACHE_DIR": "/mnt/data/yanyi2025/lrc/code/CLIP-FSAR/data/feat_cache/ssv2/ViT-B-16_T32",
    "CACHE_MISMATCH_POLICY": "error"
  },
  "FOCUS": {
    "ENABLE": true,
    "HEADS": 8,
    "DROPOUT": 0.1,
    "GATE_INIT": -4.0,
    "TEMPORAL_GATE_INIT": -4.0,
    "ALPHA_INIT": -4.0
  },
  "ADAPTER": {
    "NAME": "ViT_CLIP",
    "PRETRAINED": "ViT-B/16",
    "WIDTH": 768,
    "PATCH_SIZE": 16,
    "LAYERS": 12,
    "HEADS": 12,
    "ADAPTER_SCALE": 0.25
  },
  "INIT_METHOD": "tcp://localhost:1111",
  "CUDA_VISIBLE_DEVICES": "1"
}

[07/30 11:28:23][INFO] models.base.adapter:  650: load model from: ViT-B/16
[07/30 11:28:25][INFO] models.base.adapter:  657: Missing keys: ['temporal_embedding', 'focus_alpha', 'transformer.resblocks.0.Adapter.down.weight', 'transformer.resblocks.0.Adapter.down.bias', 'transformer.resblocks.0.Adapter.pos_embed.weight', 'transformer.resblocks.0.Adapter.pos_embed.bias', 'transformer.resblocks.0.Adapter.s_ln.weight', 'transformer.resblocks.0.Adapter.s_ln.bias', 'transformer.resblocks.0.Adapter.s_attn.conv_offset.0.weight', 'transformer.resblocks.0.Adapter.s_attn.conv_offset.0.bias', 'transformer.resblocks.0.Adapter.s_attn.conv_offset.1.norm.weight', 'transformer.resblocks.0.Adapter.s_attn.conv_offset.1.norm.bias', 'transformer.resblocks.0.Adapter.s_attn.conv_offset.3.weight', 'transformer.resblocks.0.Adapter.s_attn.proj_q.weight', 'transformer.resblocks.0.Adapter.s_attn.proj_q.bias', 'transformer.resblocks.0.Adapter.s_attn.proj_k.weight', 'transformer.resblocks.0.Adapter.s_attn.proj_k.bias', 'transformer.resblocks.0.Adapter.s_attn.proj_v.weight', 'transformer.resblocks.0.Adapter.s_attn.proj_v.bias', 'transformer.resblocks.0.Adapter.s_attn.proj_out.weight', 'transformer.resblocks.0.Adapter.s_attn.proj_out.bias', 'transformer.resblocks.0.Adapter.t_ln.weight', 'transformer.resblocks.0.Adapter.t_ln.bias', 'transformer.resblocks.0.Adapter.t_attn.conv_offset.0.weight', 'transformer.resblocks.0.Adapter.t_attn.conv_offset.0.bias', 'transformer.resblocks.0.Adapter.t_attn.conv_offset.1.norm.weight', 'transformer.resblocks.0.Adapter.t_attn.conv_offset.1.norm.bias', 'transformer.resblocks.0.Adapter.t_attn.conv_offset.3.weight', 'transformer.resblocks.0.Adapter.t_attn.proj_q.weight', 'transformer.resblocks.0.Adapter.t_attn.proj_q.bias', 'transformer.resblocks.0.Adapter.t_attn.proj_k.weight', 'transformer.resblocks.0.Adapter.t_attn.proj_k.bias', 'transformer.resblocks.0.Adapter.t_attn.proj_v.weight', 'transformer.resblocks.0.Adapter.t_attn.proj_v.bias', 'transformer.resblocks.0.Adapter.t_attn.proj_out.weight', 'transformer.resblocks.0.Adapter.t_attn.proj_out.bias', 'transformer.resblocks.0.Adapter.up.weight', 'transformer.resblocks.0.Adapter.up.bias', 'transformer.resblocks.1.Adapter.down.weight', 'transformer.resblocks.1.Adapter.down.bias', 'transformer.resblocks.1.Adapter.pos_embed.weight', 'transformer.resblocks.1.Adapter.pos_embed.bias', 'transformer.resblocks.1.Adapter.s_ln.weight', 'transformer.resblocks.1.Adapter.s_ln.bias', 'transformer.resblocks.1.Adapter.s_attn.conv_offset.0.weight', 'transformer.resblocks.1.Adapter.s_attn.conv_offset.0.bias', 'transformer.resblocks.1.Adapter.s_attn.conv_offset.1.norm.weight', 'transformer.resblocks.1.Adapter.s_attn.conv_offset.1.norm.bias', 'transformer.resblocks.1.Adapter.s_attn.conv_offset.3.weight', 'transformer.resblocks.1.Adapter.s_attn.proj_q.weight', 'transformer.resblocks.1.Adapter.s_attn.proj_q.bias', 'transformer.resblocks.1.Adapter.s_attn.proj_k.weight', 'transformer.resblocks.1.Adapter.s_attn.proj_k.bias', 'transformer.resblocks.1.Adapter.s_attn.proj_v.weight', 'transformer.resblocks.1.Adapter.s_attn.proj_v.bias', 'transformer.resblocks.1.Adapter.s_attn.proj_out.weight', 'transformer.resblocks.1.Adapter.s_attn.proj_out.bias', 'transformer.resblocks.1.Adapter.t_ln.weight', 'transformer.resblocks.1.Adapter.t_ln.bias', 'transformer.resblocks.1.Adapter.t_attn.conv_offset.0.weight', 'transformer.resblocks.1.Adapter.t_attn.conv_offset.0.bias', 'transformer.resblocks.1.Adapter.t_attn.conv_offset.1.norm.weight', 'transformer.resblocks.1.Adapter.t_attn.conv_offset.1.norm.bias', 'transformer.resblocks.1.Adapter.t_attn.conv_offset.3.weight', 'transformer.resblocks.1.Adapter.t_attn.proj_q.weight', 'transformer.resblocks.1.Adapter.t_attn.proj_q.bias', 'transformer.resblocks.1.Adapter.t_attn.proj_k.weight', 'transformer.resblocks.1.Adapter.t_attn.proj_k.bias', 'transformer.resblocks.1.Adapter.t_attn.proj_v.weight', 'transformer.resblocks.1.Adapter.t_attn.proj_v.bias', 'transformer.resblocks.1.Adapter.t_attn.proj_out.weight', 'transformer.resblocks.1.Adapter.t_attn.proj_out.bias', 'transformer.resblocks.1.Adapter.up.weight', 'transformer.resblocks.1.Adapter.up.bias', 'transformer.resblocks.2.Adapter.down.weight', 'transformer.resblocks.2.Adapter.down.bias', 'transformer.resblocks.2.Adapter.pos_embed.weight', 'transformer.resblocks.2.Adapter.pos_embed.bias', 'transformer.resblocks.2.Adapter.s_ln.weight', 'transformer.resblocks.2.Adapter.s_ln.bias', 'transformer.resblocks.2.Adapter.s_attn.conv_offset.0.weight', 'transformer.resblocks.2.Adapter.s_attn.conv_offset.0.bias', 'transformer.resblocks.2.Adapter.s_attn.conv_offset.1.norm.weight', 'transformer.resblocks.2.Adapter.s_attn.conv_offset.1.norm.bias', 'transformer.resblocks.2.Adapter.s_attn.conv_offset.3.weight', 'transformer.resblocks.2.Adapter.s_attn.proj_q.weight', 'transformer.resblocks.2.Adapter.s_attn.proj_q.bias', 'transformer.resblocks.2.Adapter.s_attn.proj_k.weight', 'transformer.resblocks.2.Adapter.s_attn.proj_k.bias', 'transformer.resblocks.2.Adapter.s_attn.proj_v.weight', 'transformer.resblocks.2.Adapter.s_attn.proj_v.bias', 'transformer.resblocks.2.Adapter.s_attn.proj_out.weight', 'transformer.resblocks.2.Adapter.s_attn.proj_out.bias', 'transformer.resblocks.2.Adapter.t_ln.weight', 'transformer.resblocks.2.Adapter.t_ln.bias', 'transformer.resblocks.2.Adapter.t_attn.conv_offset.0.weight', 'transformer.resblocks.2.Adapter.t_attn.conv_offset.0.bias', 'transformer.resblocks.2.Adapter.t_attn.conv_offset.1.norm.weight', 'transformer.resblocks.2.Adapter.t_attn.conv_offset.1.norm.bias', 'transformer.resblocks.2.Adapter.t_attn.conv_offset.3.weight', 'transformer.resblocks.2.Adapter.t_attn.proj_q.weight', 'transformer.resblocks.2.Adapter.t_attn.proj_q.bias', 'transformer.resblocks.2.Adapter.t_attn.proj_k.weight', 'transformer.resblocks.2.Adapter.t_attn.proj_k.bias', 'transformer.resblocks.2.Adapter.t_attn.proj_v.weight', 'transformer.resblocks.2.Adapter.t_attn.proj_v.bias', 'transformer.resblocks.2.Adapter.t_attn.proj_out.weight', 'transformer.resblocks.2.Adapter.t_attn.proj_out.bias', 'transformer.resblocks.2.Adapter.up.weight', 'transformer.resblocks.2.Adapter.up.bias', 'transformer.resblocks.3.Adapter.down.weight', 'transformer.resblocks.3.Adapter.down.bias', 'transformer.resblocks.3.Adapter.pos_embed.weight', 'transformer.resblocks.3.Adapter.pos_embed.bias', 'transformer.resblocks.3.Adapter.s_ln.weight', 'transformer.resblocks.3.Adapter.s_ln.bias', 'transformer.resblocks.3.Adapter.s_attn.conv_offset.0.weight', 'transformer.resblocks.3.Adapter.s_attn.conv_offset.0.bias', 'transformer.resblocks.3.Adapter.s_attn.conv_offset.1.norm.weight', 'transformer.resblocks.3.Adapter.s_attn.conv_offset.1.norm.bias', 'transformer.resblocks.3.Adapter.s_attn.conv_offset.3.weight', 'transformer.resblocks.3.Adapter.s_attn.proj_q.weight', 'transformer.resblocks.3.Adapter.s_attn.proj_q.bias', 'transformer.resblocks.3.Adapter.s_attn.proj_k.weight', 'transformer.resblocks.3.Adapter.s_attn.proj_k.bias', 'transformer.resblocks.3.Adapter.s_attn.proj_v.weight', 'transformer.resblocks.3.Adapter.s_attn.proj_v.bias', 'transformer.resblocks.3.Adapter.s_attn.proj_out.weight', 'transformer.resblocks.3.Adapter.s_attn.proj_out.bias', 'transformer.resblocks.3.Adapter.t_ln.weight', 'transformer.resblocks.3.Adapter.t_ln.bias', 'transformer.resblocks.3.Adapter.t_attn.conv_offset.0.weight', 'transformer.resblocks.3.Adapter.t_attn.conv_offset.0.bias', 'transformer.resblocks.3.Adapter.t_attn.conv_offset.1.norm.weight', 'transformer.resblocks.3.Adapter.t_attn.conv_offset.1.norm.bias', 'transformer.resblocks.3.Adapter.t_attn.conv_offset.3.weight', 'transformer.resblocks.3.Adapter.t_attn.proj_q.weight', 'transformer.resblocks.3.Adapter.t_attn.proj_q.bias', 'transformer.resblocks.3.Adapter.t_attn.proj_k.weight', 'transformer.resblocks.3.Adapter.t_attn.proj_k.bias', 'transformer.resblocks.3.Adapter.t_attn.proj_v.weight', 'transformer.resblocks.3.Adapter.t_attn.proj_v.bias', 'transformer.resblocks.3.Adapter.t_attn.proj_out.weight', 'transformer.resblocks.3.Adapter.t_attn.proj_out.bias', 'transformer.resblocks.3.Adapter.up.weight', 'transformer.resblocks.3.Adapter.up.bias', 'transformer.resblocks.4.Adapter.down.weight', 'transformer.resblocks.4.Adapter.down.bias', 'transformer.resblocks.4.Adapter.pos_embed.weight', 'transformer.resblocks.4.Adapter.pos_embed.bias', 'transformer.resblocks.4.Adapter.s_ln.weight', 'transformer.resblocks.4.Adapter.s_ln.bias', 'transformer.resblocks.4.Adapter.s_attn.conv_offset.0.weight', 'transformer.resblocks.4.Adapter.s_attn.conv_offset.0.bias', 'transformer.resblocks.4.Adapter.s_attn.conv_offset.1.norm.weight', 'transformer.resblocks.4.Adapter.s_attn.conv_offset.1.norm.bias', 'transformer.resblocks.4.Adapter.s_attn.conv_offset.3.weight', 'transformer.resblocks.4.Adapter.s_attn.proj_q.weight', 'transformer.resblocks.4.Adapter.s_attn.proj_q.bias', 'transformer.resblocks.4.Adapter.s_attn.proj_k.weight', 'transformer.resblocks.4.Adapter.s_attn.proj_k.bias', 'transformer.resblocks.4.Adapter.s_attn.proj_v.weight', 'transformer.resblocks.4.Adapter.s_attn.proj_v.bias', 'transformer.resblocks.4.Adapter.s_attn.proj_out.weight', 'transformer.resblocks.4.Adapter.s_attn.proj_out.bias', 'transformer.resblocks.4.Adapter.t_ln.weight', 'transformer.resblocks.4.Adapter.t_ln.bias', 'transformer.resblocks.4.Adapter.t_attn.conv_offset.0.weight', 'transformer.resblocks.4.Adapter.t_attn.conv_offset.0.bias', 'transformer.resblocks.4.Adapter.t_attn.conv_offset.1.norm.weight', 'transformer.resblocks.4.Adapter.t_attn.conv_offset.1.norm.bias', 'transformer.resblocks.4.Adapter.t_attn.conv_offset.3.weight', 'transformer.resblocks.4.Adapter.t_attn.proj_q.weight', 'transformer.resblocks.4.Adapter.t_attn.proj_q.bias', 'transformer.resblocks.4.Adapter.t_attn.proj_k.weight', 'transformer.resblocks.4.Adapter.t_attn.proj_k.bias', 'transformer.resblocks.4.Adapter.t_attn.proj_v.weight', 'transformer.resblocks.4.Adapter.t_attn.proj_v.bias', 'transformer.resblocks.4.Adapter.t_attn.proj_out.weight', 'transformer.resblocks.4.Adapter.t_attn.proj_out.bias', 'transformer.resblocks.4.Adapter.up.weight', 'transformer.resblocks.4.Adapter.up.bias', 'transformer.resblocks.5.Adapter.down.weight', 'transformer.resblocks.5.Adapter.down.bias', 'transformer.resblocks.5.Adapter.pos_embed.weight', 'transformer.resblocks.5.Adapter.pos_embed.bias', 'transformer.resblocks.5.Adapter.s_ln.weight', 'transformer.resblocks.5.Adapter.s_ln.bias', 'transformer.resblocks.5.Adapter.s_attn.conv_offset.0.weight', 'transformer.resblocks.5.Adapter.s_attn.conv_offset.0.bias', 'transformer.resblocks.5.Adapter.s_attn.conv_offset.1.norm.weight', 'transformer.resblocks.5.Adapter.s_attn.conv_offset.1.norm.bias', 'transformer.resblocks.5.Adapter.s_attn.conv_offset.3.weight', 'transformer.resblocks.5.Adapter.s_attn.proj_q.weight', 'transformer.resblocks.5.Adapter.s_attn.proj_q.bias', 'transformer.resblocks.5.Adapter.s_attn.proj_k.weight', 'transformer.resblocks.5.Adapter.s_attn.proj_k.bias', 'transformer.resblocks.5.Adapter.s_attn.proj_v.weight', 'transformer.resblocks.5.Adapter.s_attn.proj_v.bias', 'transformer.resblocks.5.Adapter.s_attn.proj_out.weight', 'transformer.resblocks.5.Adapter.s_attn.proj_out.bias', 'transformer.resblocks.5.Adapter.t_ln.weight', 'transformer.resblocks.5.Adapter.t_ln.bias', 'transformer.resblocks.5.Adapter.t_attn.conv_offset.0.weight', 'transformer.resblocks.5.Adapter.t_attn.conv_offset.0.bias', 'transformer.resblocks.5.Adapter.t_attn.conv_offset.1.norm.weight', 'transformer.resblocks.5.Adapter.t_attn.conv_offset.1.norm.bias', 'transformer.resblocks.5.Adapter.t_attn.conv_offset.3.weight', 'transformer.resblocks.5.Adapter.t_attn.proj_q.weight', 'transformer.resblocks.5.Adapter.t_attn.proj_q.bias', 'transformer.resblocks.5.Adapter.t_attn.proj_k.weight', 'transformer.resblocks.5.Adapter.t_attn.proj_k.bias', 'transformer.resblocks.5.Adapter.t_attn.proj_v.weight', 'transformer.resblocks.5.Adapter.t_attn.proj_v.bias', 'transformer.resblocks.5.Adapter.t_attn.proj_out.weight', 'transformer.resblocks.5.Adapter.t_attn.proj_out.bias', 'transformer.resblocks.5.Adapter.up.weight', 'transformer.resblocks.5.Adapter.up.bias', 'transformer.resblocks.6.Adapter.down.weight', 'transformer.resblocks.6.Adapter.down.bias', 'transformer.resblocks.6.Adapter.pos_embed.weight', 'transformer.resblocks.6.Adapter.pos_embed.bias', 'transformer.resblocks.6.Adapter.s_ln.weight', 'transformer.resblocks.6.Adapter.s_ln.bias', 'transformer.resblocks.6.Adapter.s_attn.conv_offset.0.weight', 'transformer.resblocks.6.Adapter.s_attn.conv_offset.0.bias', 'transformer.resblocks.6.Adapter.s_attn.conv_offset.1.norm.weight', 'transformer.resblocks.6.Adapter.s_attn.conv_offset.1.norm.bias', 'transformer.resblocks.6.Adapter.s_attn.conv_offset.3.weight', 'transformer.resblocks.6.Adapter.s_attn.proj_q.weight', 'transformer.resblocks.6.Adapter.s_attn.proj_q.bias', 'transformer.resblocks.6.Adapter.s_attn.proj_k.weight', 'transformer.resblocks.6.Adapter.s_attn.proj_k.bias', 'transformer.resblocks.6.Adapter.s_attn.proj_v.weight', 'transformer.resblocks.6.Adapter.s_attn.proj_v.bias', 'transformer.resblocks.6.Adapter.s_attn.proj_out.weight', 'transformer.resblocks.6.Adapter.s_attn.proj_out.bias', 'transformer.resblocks.6.Adapter.t_ln.weight', 'transformer.resblocks.6.Adapter.t_ln.bias', 'transformer.resblocks.6.Adapter.t_attn.conv_offset.0.weight', 'transformer.resblocks.6.Adapter.t_attn.conv_offset.0.bias', 'transformer.resblocks.6.Adapter.t_attn.conv_offset.1.norm.weight', 'transformer.resblocks.6.Adapter.t_attn.conv_offset.1.norm.bias', 'transformer.resblocks.6.Adapter.t_attn.conv_offset.3.weight', 'transformer.resblocks.6.Adapter.t_attn.proj_q.weight', 'transformer.resblocks.6.Adapter.t_attn.proj_q.bias', 'transformer.resblocks.6.Adapter.t_attn.proj_k.weight', 'transformer.resblocks.6.Adapter.t_attn.proj_k.bias', 'transformer.resblocks.6.Adapter.t_attn.proj_v.weight', 'transformer.resblocks.6.Adapter.t_attn.proj_v.bias', 'transformer.resblocks.6.Adapter.t_attn.proj_out.weight', 'transformer.resblocks.6.Adapter.t_attn.proj_out.bias', 'transformer.resblocks.6.Adapter.up.weight', 'transformer.resblocks.6.Adapter.up.bias', 'transformer.resblocks.7.Adapter.down.weight', 'transformer.resblocks.7.Adapter.down.bias', 'transformer.resblocks.7.Adapter.pos_embed.weight', 'transformer.resblocks.7.Adapter.pos_embed.bias', 'transformer.resblocks.7.Adapter.s_ln.weight', 'transformer.resblocks.7.Adapter.s_ln.bias', 'transformer.resblocks.7.Adapter.s_attn.conv_offset.0.weight', 'transformer.resblocks.7.Adapter.s_attn.conv_offset.0.bias', 'transformer.resblocks.7.Adapter.s_attn.conv_offset.1.norm.weight', 'transformer.resblocks.7.Adapter.s_attn.conv_offset.1.norm.bias', 'transformer.resblocks.7.Adapter.s_attn.conv_offset.3.weight', 'transformer.resblocks.7.Adapter.s_attn.proj_q.weight', 'transformer.resblocks.7.Adapter.s_attn.proj_q.bias', 'transformer.resblocks.7.Adapter.s_attn.proj_k.weight', 'transformer.resblocks.7.Adapter.s_attn.proj_k.bias', 'transformer.resblocks.7.Adapter.s_attn.proj_v.weight', 'transformer.resblocks.7.Adapter.s_attn.proj_v.bias', 'transformer.resblocks.7.Adapter.s_attn.proj_out.weight', 'transformer.resblocks.7.Adapter.s_attn.proj_out.bias', 'transformer.resblocks.7.Adapter.t_ln.weight', 'transformer.resblocks.7.Adapter.t_ln.bias', 'transformer.resblocks.7.Adapter.t_attn.conv_offset.0.weight', 'transformer.resblocks.7.Adapter.t_attn.conv_offset.0.bias', 'transformer.resblocks.7.Adapter.t_attn.conv_offset.1.norm.weight', 'transformer.resblocks.7.Adapter.t_attn.conv_offset.1.norm.bias', 'transformer.resblocks.7.Adapter.t_attn.conv_offset.3.weight', 'transformer.resblocks.7.Adapter.t_attn.proj_q.weight', 'transformer.resblocks.7.Adapter.t_attn.proj_q.bias', 'transformer.resblocks.7.Adapter.t_attn.proj_k.weight', 'transformer.resblocks.7.Adapter.t_attn.proj_k.bias', 'transformer.resblocks.7.Adapter.t_attn.proj_v.weight', 'transformer.resblocks.7.Adapter.t_attn.proj_v.bias', 'transformer.resblocks.7.Adapter.t_attn.proj_out.weight', 'transformer.resblocks.7.Adapter.t_attn.proj_out.bias', 'transformer.resblocks.7.Adapter.up.weight', 'transformer.resblocks.7.Adapter.up.bias', 'transformer.resblocks.8.Adapter.down.weight', 'transformer.resblocks.8.Adapter.down.bias', 'transformer.resblocks.8.Adapter.pos_embed.weight', 'transformer.resblocks.8.Adapter.pos_embed.bias', 'transformer.resblocks.8.Adapter.s_ln.weight', 'transformer.resblocks.8.Adapter.s_ln.bias', 'transformer.resblocks.8.Adapter.s_attn.conv_offset.0.weight', 'transformer.resblocks.8.Adapter.s_attn.conv_offset.0.bias', 'transformer.resblocks.8.Adapter.s_attn.conv_offset.1.norm.weight', 'transformer.resblocks.8.Adapter.s_attn.conv_offset.1.norm.bias', 'transformer.resblocks.8.Adapter.s_attn.conv_offset.3.weight', 'transformer.resblocks.8.Adapter.s_attn.proj_q.weight', 'transformer.resblocks.8.Adapter.s_attn.proj_q.bias', 'transformer.resblocks.8.Adapter.s_attn.proj_k.weight', 'transformer.resblocks.8.Adapter.s_attn.proj_k.bias', 'transformer.resblocks.8.Adapter.s_attn.proj_v.weight', 'transformer.resblocks.8.Adapter.s_attn.proj_v.bias', 'transformer.resblocks.8.Adapter.s_attn.proj_out.weight', 'transformer.resblocks.8.Adapter.s_attn.proj_out.bias', 'transformer.resblocks.8.Adapter.t_ln.weight', 'transformer.resblocks.8.Adapter.t_ln.bias', 'transformer.resblocks.8.Adapter.t_attn.conv_offset.0.weight', 'transformer.resblocks.8.Adapter.t_attn.conv_offset.0.bias', 'transformer.resblocks.8.Adapter.t_attn.conv_offset.1.norm.weight', 'transformer.resblocks.8.Adapter.t_attn.conv_offset.1.norm.bias', 'transformer.resblocks.8.Adapter.t_attn.conv_offset.3.weight', 'transformer.resblocks.8.Adapter.t_attn.proj_q.weight', 'transformer.resblocks.8.Adapter.t_attn.proj_q.bias', 'transformer.resblocks.8.Adapter.t_attn.proj_k.weight', 'transformer.resblocks.8.Adapter.t_attn.proj_k.bias', 'transformer.resblocks.8.Adapter.t_attn.proj_v.weight', 'transformer.resblocks.8.Adapter.t_attn.proj_v.bias', 'transformer.resblocks.8.Adapter.t_attn.proj_out.weight', 'transformer.resblocks.8.Adapter.t_attn.proj_out.bias', 'transformer.resblocks.8.Adapter.up.weight', 'transformer.resblocks.8.Adapter.up.bias', 'transformer.resblocks.9.Adapter.down.weight', 'transformer.resblocks.9.Adapter.down.bias', 'transformer.resblocks.9.Adapter.pos_embed.weight', 'transformer.resblocks.9.Adapter.pos_embed.bias', 'transformer.resblocks.9.Adapter.s_ln.weight', 'transformer.resblocks.9.Adapter.s_ln.bias', 'transformer.resblocks.9.Adapter.s_attn.conv_offset.0.weight', 'transformer.resblocks.9.Adapter.s_attn.conv_offset.0.bias', 'transformer.resblocks.9.Adapter.s_attn.conv_offset.1.norm.weight', 'transformer.resblocks.9.Adapter.s_attn.conv_offset.1.norm.bias', 'transformer.resblocks.9.Adapter.s_attn.conv_offset.3.weight', 'transformer.resblocks.9.Adapter.s_attn.proj_q.weight', 'transformer.resblocks.9.Adapter.s_attn.proj_q.bias', 'transformer.resblocks.9.Adapter.s_attn.proj_k.weight', 'transformer.resblocks.9.Adapter.s_attn.proj_k.bias', 'transformer.resblocks.9.Adapter.s_attn.proj_v.weight', 'transformer.resblocks.9.Adapter.s_attn.proj_v.bias', 'transformer.resblocks.9.Adapter.s_attn.proj_out.weight', 'transformer.resblocks.9.Adapter.s_attn.proj_out.bias', 'transformer.resblocks.9.Adapter.t_ln.weight', 'transformer.resblocks.9.Adapter.t_ln.bias', 'transformer.resblocks.9.Adapter.t_attn.conv_offset.0.weight', 'transformer.resblocks.9.Adapter.t_attn.conv_offset.0.bias', 'transformer.resblocks.9.Adapter.t_attn.conv_offset.1.norm.weight', 'transformer.resblocks.9.Adapter.t_attn.conv_offset.1.norm.bias', 'transformer.resblocks.9.Adapter.t_attn.conv_offset.3.weight', 'transformer.resblocks.9.Adapter.t_attn.proj_q.weight', 'transformer.resblocks.9.Adapter.t_attn.proj_q.bias', 'transformer.resblocks.9.Adapter.t_attn.proj_k.weight', 'transformer.resblocks.9.Adapter.t_attn.proj_k.bias', 'transformer.resblocks.9.Adapter.t_attn.proj_v.weight', 'transformer.resblocks.9.Adapter.t_attn.proj_v.bias', 'transformer.resblocks.9.Adapter.t_attn.proj_out.weight', 'transformer.resblocks.9.Adapter.t_attn.proj_out.bias', 'transformer.resblocks.9.Adapter.up.weight', 'transformer.resblocks.9.Adapter.up.bias', 'transformer.resblocks.10.Adapter.down.weight', 'transformer.resblocks.10.Adapter.down.bias', 'transformer.resblocks.10.Adapter.pos_embed.weight', 'transformer.resblocks.10.Adapter.pos_embed.bias', 'transformer.resblocks.10.Adapter.s_ln.weight', 'transformer.resblocks.10.Adapter.s_ln.bias', 'transformer.resblocks.10.Adapter.s_attn.conv_offset.0.weight', 'transformer.resblocks.10.Adapter.s_attn.conv_offset.0.bias', 'transformer.resblocks.10.Adapter.s_attn.conv_offset.1.norm.weight', 'transformer.resblocks.10.Adapter.s_attn.conv_offset.1.norm.bias', 'transformer.resblocks.10.Adapter.s_attn.conv_offset.3.weight', 'transformer.resblocks.10.Adapter.s_attn.proj_q.weight', 'transformer.resblocks.10.Adapter.s_attn.proj_q.bias', 'transformer.resblocks.10.Adapter.s_attn.proj_k.weight', 'transformer.resblocks.10.Adapter.s_attn.proj_k.bias', 'transformer.resblocks.10.Adapter.s_attn.proj_v.weight', 'transformer.resblocks.10.Adapter.s_attn.proj_v.bias', 'transformer.resblocks.10.Adapter.s_attn.proj_out.weight', 'transformer.resblocks.10.Adapter.s_attn.proj_out.bias', 'transformer.resblocks.10.Adapter.t_ln.weight', 'transformer.resblocks.10.Adapter.t_ln.bias', 'transformer.resblocks.10.Adapter.t_attn.conv_offset.0.weight', 'transformer.resblocks.10.Adapter.t_attn.conv_offset.0.bias', 'transformer.resblocks.10.Adapter.t_attn.conv_offset.1.norm.weight', 'transformer.resblocks.10.Adapter.t_attn.conv_offset.1.norm.bias', 'transformer.resblocks.10.Adapter.t_attn.conv_offset.3.weight', 'transformer.resblocks.10.Adapter.t_attn.proj_q.weight', 'transformer.resblocks.10.Adapter.t_attn.proj_q.bias', 'transformer.resblocks.10.Adapter.t_attn.proj_k.weight', 'transformer.resblocks.10.Adapter.t_attn.proj_k.bias', 'transformer.resblocks.10.Adapter.t_attn.proj_v.weight', 'transformer.resblocks.10.Adapter.t_attn.proj_v.bias', 'transformer.resblocks.10.Adapter.t_attn.proj_out.weight', 'transformer.resblocks.10.Adapter.t_attn.proj_out.bias', 'transformer.resblocks.10.Adapter.up.weight', 'transformer.resblocks.10.Adapter.up.bias', 'transformer.resblocks.11.Adapter.down.weight', 'transformer.resblocks.11.Adapter.down.bias', 'transformer.resblocks.11.Adapter.pos_embed.weight', 'transformer.resblocks.11.Adapter.pos_embed.bias', 'transformer.resblocks.11.Adapter.s_ln.weight', 'transformer.resblocks.11.Adapter.s_ln.bias', 'transformer.resblocks.11.Adapter.s_attn.conv_offset.0.weight', 'transformer.resblocks.11.Adapter.s_attn.conv_offset.0.bias', 'transformer.resblocks.11.Adapter.s_attn.conv_offset.1.norm.weight', 'transformer.resblocks.11.Adapter.s_attn.conv_offset.1.norm.bias', 'transformer.resblocks.11.Adapter.s_attn.conv_offset.3.weight', 'transformer.resblocks.11.Adapter.s_attn.proj_q.weight', 'transformer.resblocks.11.Adapter.s_attn.proj_q.bias', 'transformer.resblocks.11.Adapter.s_attn.proj_k.weight', 'transformer.resblocks.11.Adapter.s_attn.proj_k.bias', 'transformer.resblocks.11.Adapter.s_attn.proj_v.weight', 'transformer.resblocks.11.Adapter.s_attn.proj_v.bias', 'transformer.resblocks.11.Adapter.s_attn.proj_out.weight', 'transformer.resblocks.11.Adapter.s_attn.proj_out.bias', 'transformer.resblocks.11.Adapter.t_ln.weight', 'transformer.resblocks.11.Adapter.t_ln.bias', 'transformer.resblocks.11.Adapter.t_attn.conv_offset.0.weight', 'transformer.resblocks.11.Adapter.t_attn.conv_offset.0.bias', 'transformer.resblocks.11.Adapter.t_attn.conv_offset.1.norm.weight', 'transformer.resblocks.11.Adapter.t_attn.conv_offset.1.norm.bias', 'transformer.resblocks.11.Adapter.t_attn.conv_offset.3.weight', 'transformer.resblocks.11.Adapter.t_attn.proj_q.weight', 'transformer.resblocks.11.Adapter.t_attn.proj_q.bias', 'transformer.resblocks.11.Adapter.t_attn.proj_k.weight', 'transformer.resblocks.11.Adapter.t_attn.proj_k.bias', 'transformer.resblocks.11.Adapter.t_attn.proj_v.weight', 'transformer.resblocks.11.Adapter.t_attn.proj_v.bias', 'transformer.resblocks.11.Adapter.t_attn.proj_out.weight', 'transformer.resblocks.11.Adapter.t_attn.proj_out.bias', 'transformer.resblocks.11.Adapter.up.weight', 'transformer.resblocks.11.Adapter.up.bias', 'classification_layer.weight', 'classification_layer.bias', 'focus_branch.temporal_alpha', 'focus_branch.norm.weight', 'focus_branch.norm.bias', 'focus_branch.time_proj.weight', 'focus_branch.time_proj.bias', 'focus_branch.temporal.self_attn.in_proj_weight', 'focus_branch.temporal.self_attn.in_proj_bias', 'focus_branch.temporal.self_attn.out_proj.weight', 'focus_branch.temporal.self_attn.out_proj.bias', 'focus_branch.temporal.linear1.weight', 'focus_branch.temporal.linear1.bias', 'focus_branch.temporal.linear2.weight', 'focus_branch.temporal.linear2.bias', 'focus_branch.temporal.norm1.weight', 'focus_branch.temporal.norm1.bias', 'focus_branch.temporal.norm2.weight', 'focus_branch.temporal.norm2.bias', 'focus_branch.gate.0.weight', 'focus_branch.gate.0.bias', 'focus_branch.gate.2.weight', 'focus_branch.gate.2.bias']
[07/30 11:28:25][INFO] models.base.adapter:  658: Unexpected keys: []
[07/30 11:28:25][INFO] models.base.adapter:  659: => loaded successfully 'ViT-B/16'
[07/30 11:28:25][INFO] models.base.adapter:  666: init:  transformer.resblocks.0.Adapter.up
[07/30 11:28:25][INFO] models.base.adapter:  666: init:  transformer.resblocks.1.Adapter.up
[07/30 11:28:25][INFO] models.base.adapter:  666: init:  transformer.resblocks.2.Adapter.up
[07/30 11:28:25][INFO] models.base.adapter:  666: init:  transformer.resblocks.3.Adapter.up
[07/30 11:28:25][INFO] models.base.adapter:  666: init:  transformer.resblocks.4.Adapter.up
[07/30 11:28:25][INFO] models.base.adapter:  666: init:  transformer.resblocks.5.Adapter.up
[07/30 11:28:25][INFO] models.base.adapter:  666: init:  transformer.resblocks.6.Adapter.up
[07/30 11:28:25][INFO] models.base.adapter:  666: init:  transformer.resblocks.7.Adapter.up
[07/30 11:28:25][INFO] models.base.adapter:  666: init:  transformer.resblocks.8.Adapter.up
[07/30 11:28:25][INFO] models.base.adapter:  666: init:  transformer.resblocks.9.Adapter.up
[07/30 11:28:25][INFO] models.base.adapter:  666: init:  transformer.resblocks.10.Adapter.up
[07/30 11:28:25][INFO] models.base.adapter:  666: init:  transformer.resblocks.11.Adapter.up
[07/30 11:28:25][INFO] train_net_few_shot:  171: Model:
BaseVideoModel(
  (model): ViT_CLIP(
    (conv1): Conv2d(3, 768, kernel_size=(16, 16), stride=(16, 16), bias=False)
    (ln_pre): LayerNorm((768,), eps=1e-05, elementwise_affine=True, bias=True)
    (transformer): Transformer(
      (resblocks): ModuleList(
        (0-11): 12 x ResidualAttentionBlock(
          (ln_1): LayerNorm((768,), eps=1e-05, elementwise_affine=True, bias=True)
          (attn): MultiheadAttention(
            (out_proj): NonDynamicallyQuantizableLinear(in_features=768, out_features=768, bias=True)
          )
          (ln_2): LayerNorm((768,), eps=1e-05, elementwise_affine=True, bias=True)
          (mlp): Sequential(
            (c_fc): Linear(in_features=768, out_features=3072, bias=True)
            (gelu): QuickGELU()
            (c_proj): Linear(in_features=3072, out_features=768, bias=True)
          )
          (Adapter): ViT_D2ST_Adapter(
            (down): Linear(in_features=768, out_features=192, bias=True)
            (gelu1): GELU(approximate='none')
            (pos_embed): Conv3d(192, 192, kernel_size=(3, 3, 3), stride=(1, 1, 1), padding=(1, 1, 1), groups=192)
            (s_ln): LayerNorm((192,), eps=1e-05, elementwise_affine=True, bias=True)
            (s_attn): ViT_DeformAttention(
              (conv_offset): Sequential(
                (0): Conv3d(48, 48, kernel_size=(4, 5, 5), stride=(4, 3, 3), groups=48)
                (1): LayerNormProxy(
                  (norm): LayerNorm((48,), eps=1e-05, elementwise_affine=True, bias=True)
                )
                (2): GELU(approximate='none')
                (3): Conv3d(48, 3, kernel_size=(1, 1, 1), stride=(1, 1, 1), bias=False)
              )
              (proj_q): Linear(in_features=192, out_features=192, bias=True)
              (proj_k): Linear(in_features=192, out_features=192, bias=True)
              (proj_v): Linear(in_features=192, out_features=192, bias=True)
              (proj_out): Linear(in_features=192, out_features=192, bias=True)
            )
            (t_ln): LayerNorm((192,), eps=1e-05, elementwise_affine=True, bias=True)
            (t_attn): ViT_DeformAttention(
              (conv_offset): Sequential(
                (0): Conv3d(48, 48, kernel_size=(1, 7, 7), stride=(1, 7, 7), groups=48)
                (1): LayerNormProxy(
                  (norm): LayerNorm((48,), eps=1e-05, elementwise_affine=True, bias=True)
                )
                (2): GELU(approximate='none')
                (3): Conv3d(48, 3, kernel_size=(1, 1, 1), stride=(1, 1, 1), bias=False)
              )
              (proj_q): Linear(in_features=192, out_features=192, bias=True)
              (proj_k): Linear(in_features=192, out_features=192, bias=True)
              (proj_v): Linear(in_features=192, out_features=192, bias=True)
              (proj_out): Linear(in_features=192, out_features=192, bias=True)
            )
            (gelu): GELU(approximate='none')
            (up): Linear(in_features=192, out_features=768, bias=True)
            (gelu2): GELU(approximate='none')
          )
        )
      )
    )
    (ln_post): LayerNorm((768,), eps=1e-05, elementwise_affine=True, bias=True)
    (classification_layer): Linear(in_features=768, out_features=64, bias=True)
    (focus_branch): D2STFocusResidual(
      (norm): LayerNorm((768,), eps=1e-05, elementwise_affine=True, bias=True)
      (time_proj): Linear(in_features=1, out_features=768, bias=True)
      (temporal): TransformerEncoderLayer(
        (self_attn): MultiheadAttention(
          (out_proj): NonDynamicallyQuantizableLinear(in_features=768, out_features=768, bias=True)
        )
        (linear1): Linear(in_features=768, out_features=1536, bias=True)
        (dropout): Dropout(p=0.1, inplace=False)
        (linear2): Linear(in_features=1536, out_features=768, bias=True)
        (norm1): LayerNorm((768,), eps=1e-05, elementwise_affine=True, bias=True)
        (norm2): LayerNorm((768,), eps=1e-05, elementwise_affine=True, bias=True)
        (dropout1): Dropout(p=0.1, inplace=False)
        (dropout2): Dropout(p=0.1, inplace=False)
      )
      (gate): Sequential(
        (0): Linear(in_features=768, out_features=48, bias=True)
        (1): GELU(approximate='none')
        (2): Linear(in_features=48, out_features=1, bias=True)
      )
    )
  )
)
[07/30 11:28:25][INFO] models.utils.optimizer:   82: Optimized parameters constructed. Parameters without weight decay: []
[07/30 11:28:25][INFO] datasets.base.few_shot_dataset:   97: Reading video list from file: train_few_shot.txt
[07/30 11:28:25][INFO] datasets.base.few_shot_dataset:  127: Loading SSv2-Full dataset list for split 'train'...
[07/30 11:28:25][INFO] datasets.base.few_shot_dataset:   47: loaded 67013 videos from train dataset: SSv2-Full !
[07/30 11:28:25][INFO] datasets.base.few_shot_dataset:  153: Dataset SSv2-Full split train loaded. Length 67013.
[07/30 11:28:25][INFO] datasets.base.builder:   95: Using spawn DataLoader workers for CUDA frame selector during cache-based keyframe decoding.
[07/30 11:28:25][INFO] datasets.base.few_shot_dataset:   97: Reading video list from file: test_few_shot.txt
[07/30 11:28:25][INFO] datasets.base.few_shot_dataset:  127: Loading SSv2-Full dataset list for split 'test'...
[07/30 11:28:25][INFO] datasets.base.few_shot_dataset:   47: loaded 2857 videos from test dataset: SSv2-Full !
[07/30 11:28:25][INFO] datasets.base.few_shot_dataset:  153: Dataset SSv2-Full split test loaded. Length 2857.
[07/30 11:28:25][INFO] datasets.base.builder:   95: Using spawn DataLoader workers for CUDA frame selector during cache-based keyframe decoding.
[07/30 11:28:25][INFO] train_net_few_shot:  193: Start epoch: 1
[07/30 11:28:25][INFO] train_net_few_shot:  211: Number of total parameters: 97896163, tunable parameters: 12099043
[07/30 11:28:25][INFO] train_net_few_shot:   34: Norm training: True
[07/30 11:29:55][INFO] utils.logging:   91: {"_type": "train_iter", "iter": "200/30000", "loss": 9.979484, "lr": 0.000253, "top1_acc": 33.999999}
[07/30 11:31:13][INFO] utils.logging:   91: {"_type": "train_iter", "iter": "400/30000", "loss": 9.041825, "lr": 0.000306, "top1_acc": 42.500000}
[07/30 11:32:31][INFO] utils.logging:   91: {"_type": "train_iter", "iter": "600/30000", "loss": 8.289744, "lr": 0.000360, "top1_acc": 44.700000}
[07/30 11:33:48][INFO] utils.logging:   91: {"_type": "train_iter", "iter": "800/30000", "loss": 7.450844, "lr": 0.000413, "top1_acc": 50.700000}
[07/30 11:35:06][INFO] utils.logging:   91: {"_type": "train_iter", "iter": "1000/30000", "loss": 7.039855, "lr": 0.000466, "top1_acc": 48.800000}
[07/30 11:36:24][INFO] utils.logging:   91: {"_type": "train_iter", "iter": "1200/30000", "loss": 6.442527, "lr": 0.000520, "top1_acc": 53.700000}
[07/30 11:37:42][INFO] utils.logging:   91: {"_type": "train_iter", "iter": "1400/30000", "loss": 6.234856, "lr": 0.000573, "top1_acc": 55.800001}
[07/30 11:38:59][INFO] utils.logging:   91: {"_type": "train_iter", "iter": "1600/30000", "loss": 5.890069, "lr": 0.000626, "top1_acc": 59.200001}
[07/30 11:40:17][INFO] utils.logging:   91: {"_type": "train_iter", "iter": "1800/30000", "loss": 5.547246, "lr": 0.000680, "top1_acc": 58.200001}
[07/30 11:41:35][INFO] utils.logging:   91: {"_type": "train_iter", "iter": "2000/30000", "loss": 5.611609, "lr": 0.000733, "top1_acc": 61.000001}
[07/30 11:42:53][INFO] utils.logging:   91: {"_type": "train_iter", "iter": "2200/30000", "loss": 5.401659, "lr": 0.000786, "top1_acc": 61.300001}
[07/30 11:44:11][INFO] utils.logging:   91: {"_type": "train_iter", "iter": "2400/30000", "loss": 5.124291, "lr": 0.000840, "top1_acc": 64.000001}
[07/30 11:45:28][INFO] utils.logging:   91: {"_type": "train_iter", "iter": "2600/30000", "loss": 5.036214, "lr": 0.000893, "top1_acc": 63.000001}
[07/30 11:46:46][INFO] utils.logging:   91: {"_type": "train_iter", "iter": "2800/30000", "loss": 4.960601, "lr": 0.000946, "top1_acc": 63.400001}
[07/30 11:48:04][INFO] utils.logging:   91: {"_type": "train_iter", "iter": "3000/30000", "loss": 4.731375, "lr": 0.001000, "top1_acc": 66.300001}
[07/30 11:49:22][INFO] utils.logging:   91: {"_type": "train_iter", "iter": "3200/30000", "loss": 4.772294, "lr": 0.001000, "top1_acc": 64.300001}
[07/30 11:50:40][INFO] utils.logging:   91: {"_type": "train_iter", "iter": "3400/30000", "loss": 4.586744, "lr": 0.001000, "top1_acc": 66.300001}
[07/30 11:51:57][INFO] utils.logging:   91: {"_type": "train_iter", "iter": "3600/30000", "loss": 4.256492, "lr": 0.001000, "top1_acc": 68.100001}
[07/30 11:53:15][INFO] utils.logging:   91: {"_type": "train_iter", "iter": "3800/30000", "loss": 4.271390, "lr": 0.001000, "top1_acc": 67.700001}
[07/30 11:54:33][INFO] utils.logging:   91: {"_type": "train_iter", "iter": "4000/30000", "loss": 4.515877, "lr": 0.001000, "top1_acc": 67.300001}
[07/30 11:55:55][INFO] utils.logging:   91: {"_type": "train_iter", "iter": "4200/30000", "loss": 4.027305, "lr": 0.001000, "top1_acc": 69.700001}
[07/30 11:58:36][INFO] utils.logging:   91: {"_type": "train_iter", "iter": "4400/30000", "loss": 4.135842, "lr": 0.001000, "top1_acc": 68.200001}
[07/30 12:01:19][INFO] utils.logging:   91: {"_type": "train_iter", "iter": "4600/30000", "loss": 4.065691, "lr": 0.001000, "top1_acc": 68.900001}
[07/30 12:03:50][INFO] utils.logging:   91: {"_type": "train_iter", "iter": "4800/30000", "loss": 4.029004, "lr": 0.001000, "top1_acc": 69.200001}
[07/30 12:06:34][INFO] utils.logging:   91: {"_type": "train_iter", "iter": "5000/30000", "loss": 3.914008, "lr": 0.001000, "top1_acc": 70.800001}
[07/30 12:09:05][INFO] utils.logging:   91: {"_type": "train_iter", "iter": "5200/30000", "loss": 3.753172, "lr": 0.001000, "top1_acc": 70.500001}
[07/30 12:11:48][INFO] utils.logging:   91: {"_type": "train_iter", "iter": "5400/30000", "loss": 3.668431, "lr": 0.001000, "top1_acc": 72.900001}
[07/30 12:14:20][INFO] utils.logging:   91: {"_type": "train_iter", "iter": "5600/30000", "loss": 3.416296, "lr": 0.001000, "top1_acc": 72.400001}
[07/30 12:17:04][INFO] utils.logging:   91: {"_type": "train_iter", "iter": "5800/30000", "loss": 3.513497, "lr": 0.001000, "top1_acc": 72.100002}
[07/30 12:19:44][INFO] utils.logging:   91: {"_type": "train_iter", "iter": "6000/30000", "loss": 3.684937, "lr": 0.001000, "top1_acc": 70.700001}
[07/30 12:22:19][INFO] utils.logging:   91: {"_type": "train_iter", "iter": "6200/30000", "loss": 3.216184, "lr": 0.001000, "top1_acc": 72.100001}
[07/30 12:25:03][INFO] utils.logging:   91: {"_type": "train_iter", "iter": "6400/30000", "loss": 3.556972, "lr": 0.001000, "top1_acc": 71.400001}
[07/30 12:27:34][INFO] utils.logging:   91: {"_type": "train_iter", "iter": "6600/30000", "loss": 3.320094, "lr": 0.001000, "top1_acc": 76.500001}
[07/30 12:30:18][INFO] utils.logging:   91: {"_type": "train_iter", "iter": "6800/30000", "loss": 3.311003, "lr": 0.001000, "top1_acc": 75.700001}
[07/30 12:32:50][INFO] utils.logging:   91: {"_type": "train_iter", "iter": "7000/30000", "loss": 3.232997, "lr": 0.001000, "top1_acc": 75.500002}
[07/30 12:35:34][INFO] utils.logging:   91: {"_type": "train_iter", "iter": "7200/30000", "loss": 3.283379, "lr": 0.001000, "top1_acc": 74.200002}
[07/30 12:38:06][INFO] utils.logging:   91: {"_type": "train_iter", "iter": "7400/30000", "loss": 2.913058, "lr": 0.001000, "top1_acc": 78.600001}
[07/30 12:40:49][INFO] utils.logging:   91: {"_type": "train_iter", "iter": "7600/30000", "loss": 3.011966, "lr": 0.001000, "top1_acc": 78.600001}
[07/30 12:43:32][INFO] utils.logging:   91: {"_type": "train_iter", "iter": "7800/30000", "loss": 2.930462, "lr": 0.001000, "top1_acc": 78.100001}
[07/30 12:46:05][INFO] utils.logging:   91: {"_type": "train_iter", "iter": "8000/30000", "loss": 3.020369, "lr": 0.001000, "top1_acc": 74.200001}
[07/30 12:48:48][INFO] utils.logging:   91: {"_type": "train_iter", "iter": "8200/30000", "loss": 3.252127, "lr": 0.001000, "top1_acc": 73.100001}
[07/30 12:51:20][INFO] utils.logging:   91: {"_type": "train_iter", "iter": "8400/30000", "loss": 2.810792, "lr": 0.001000, "top1_acc": 76.400001}
[07/30 12:54:04][INFO] utils.logging:   91: {"_type": "train_iter", "iter": "8600/30000", "loss": 2.903242, "lr": 0.001000, "top1_acc": 75.800001}
[07/30 12:56:36][INFO] utils.logging:   91: {"_type": "train_iter", "iter": "8800/30000", "loss": 2.752081, "lr": 0.001000, "top1_acc": 78.300001}
[07/30 12:59:20][INFO] utils.logging:   91: {"_type": "train_iter", "iter": "9000/30000", "loss": 2.733842, "lr": 0.001000, "top1_acc": 77.100001}
[07/30 13:01:58][INFO] utils.logging:   91: {"_type": "train_iter", "iter": "9200/30000", "loss": 2.766544, "lr": 0.001000, "top1_acc": 77.200002}
[07/30 13:04:37][INFO] utils.logging:   91: {"_type": "train_iter", "iter": "9400/30000", "loss": 3.127235, "lr": 0.001000, "top1_acc": 74.900002}
[07/30 13:07:20][INFO] utils.logging:   91: {"_type": "train_iter", "iter": "9600/30000", "loss": 2.782141, "lr": 0.001000, "top1_acc": 78.300001}
[07/30 13:09:53][INFO] utils.logging:   91: {"_type": "train_iter", "iter": "9800/30000", "loss": 2.761563, "lr": 0.001000, "top1_acc": 77.800001}
[07/30 13:13:40][INFO] utils.logging:   91: {"_type": "val_iter", "gpu_mem": "1.85 GB", "iter": "200/10000", "top1_acc": 56.200001}
[07/30 13:14:31][INFO] utils.logging:   91: {"_type": "val_iter", "gpu_mem": "1.85 GB", "iter": "400/10000", "top1_acc": 57.300001}
[07/30 13:15:27][INFO] utils.logging:   91: {"_type": "val_iter", "gpu_mem": "1.85 GB", "iter": "600/10000", "top1_acc": 56.400001}
[07/30 13:16:22][INFO] utils.logging:   91: {"_type": "val_iter", "gpu_mem": "1.85 GB", "iter": "800/10000", "top1_acc": 56.200001}
[07/30 13:17:18][INFO] utils.logging:   91: {"_type": "val_iter", "gpu_mem": "1.85 GB", "iter": "1000/10000", "top1_acc": 57.100000}
[07/30 13:18:14][INFO] utils.logging:   91: {"_type": "val_iter", "gpu_mem": "1.85 GB", "iter": "1200/10000", "top1_acc": 55.900001}
[07/30 13:19:00][INFO] utils.logging:   91: {"_type": "val_iter", "gpu_mem": "1.85 GB", "iter": "1400/10000", "top1_acc": 56.400001}
[07/30 13:19:56][INFO] utils.logging:   91: {"_type": "val_iter", "gpu_mem": "1.85 GB", "iter": "1600/10000", "top1_acc": 59.300001}
[07/30 13:20:52][INFO] utils.logging:   91: {"_type": "val_iter", "gpu_mem": "1.85 GB", "iter": "1800/10000", "top1_acc": 58.300001}
[07/30 13:21:48][INFO] utils.logging:   91: {"_type": "val_iter", "gpu_mem": "1.85 GB", "iter": "2000/10000", "top1_acc": 57.000001}
[07/30 13:22:43][INFO] utils.logging:   91: {"_type": "val_iter", "gpu_mem": "1.85 GB", "iter": "2200/10000", "top1_acc": 58.000001}
[07/30 13:23:39][INFO] utils.logging:   91: {"_type": "val_iter", "gpu_mem": "1.85 GB", "iter": "2400/10000", "top1_acc": 58.000001}
[07/30 13:24:25][INFO] utils.logging:   91: {"_type": "val_iter", "gpu_mem": "1.85 GB", "iter": "2600/10000", "top1_acc": 57.900001}
[07/30 13:25:21][INFO] utils.logging:   91: {"_type": "val_iter", "gpu_mem": "1.85 GB", "iter": "2800/10000", "top1_acc": 57.400001}
[07/30 13:26:16][INFO] utils.logging:   91: {"_type": "val_iter", "gpu_mem": "1.85 GB", "iter": "3000/10000", "top1_acc": 58.000001}
[07/30 13:27:12][INFO] utils.logging:   91: {"_type": "val_iter", "gpu_mem": "1.85 GB", "iter": "3200/10000", "top1_acc": 59.300001}
[07/30 13:28:08][INFO] utils.logging:   91: {"_type": "val_iter", "gpu_mem": "1.85 GB", "iter": "3400/10000", "top1_acc": 59.100001}
[07/30 13:28:59][INFO] utils.logging:   91: {"_type": "val_iter", "gpu_mem": "1.85 GB", "iter": "3600/10000", "top1_acc": 58.600001}
[07/30 13:29:49][INFO] utils.logging:   91: {"_type": "val_iter", "gpu_mem": "1.85 GB", "iter": "3800/10000", "top1_acc": 59.300001}
[07/30 13:30:45][INFO] utils.logging:   91: {"_type": "val_iter", "gpu_mem": "1.85 GB", "iter": "4000/10000", "top1_acc": 60.000001}
[07/30 13:31:41][INFO] utils.logging:   91: {"_type": "val_iter", "gpu_mem": "1.85 GB", "iter": "4200/10000", "top1_acc": 56.700001}
[07/30 13:32:36][INFO] utils.logging:   91: {"_type": "val_iter", "gpu_mem": "1.85 GB", "iter": "4400/10000", "top1_acc": 61.700001}
[07/30 13:33:32][INFO] utils.logging:   91: {"_type": "val_iter", "gpu_mem": "1.85 GB", "iter": "4600/10000", "top1_acc": 59.600001}
[07/30 13:34:18][INFO] utils.logging:   91: {"_type": "val_iter", "gpu_mem": "1.85 GB", "iter": "4800/10000", "top1_acc": 57.300001}
[07/30 13:35:13][INFO] utils.logging:   91: {"_type": "val_iter", "gpu_mem": "1.85 GB", "iter": "5000/10000", "top1_acc": 57.700001}
[07/30 13:36:09][INFO] utils.logging:   91: {"_type": "val_iter", "gpu_mem": "1.85 GB", "iter": "5200/10000", "top1_acc": 56.000001}
[07/30 13:37:04][INFO] utils.logging:   91: {"_type": "val_iter", "gpu_mem": "1.85 GB", "iter": "5400/10000", "top1_acc": 59.400001}
[07/30 13:38:00][INFO] utils.logging:   91: {"_type": "val_iter", "gpu_mem": "1.85 GB", "iter": "5600/10000", "top1_acc": 58.600001}
[07/30 13:38:56][INFO] utils.logging:   91: {"_type": "val_iter", "gpu_mem": "1.85 GB", "iter": "5800/10000", "top1_acc": 58.200001}
[07/30 13:39:42][INFO] utils.logging:   91: {"_type": "val_iter", "gpu_mem": "1.85 GB", "iter": "6000/10000", "top1_acc": 57.000001}
[07/30 13:40:37][INFO] utils.logging:   91: {"_type": "val_iter", "gpu_mem": "1.85 GB", "iter": "6200/10000", "top1_acc": 61.100001}
[07/30 13:41:33][INFO] utils.logging:   91: {"_type": "val_iter", "gpu_mem": "1.85 GB", "iter": "6400/10000", "top1_acc": 56.200001}
[07/30 13:42:29][INFO] utils.logging:   91: {"_type": "val_iter", "gpu_mem": "1.85 GB", "iter": "6600/10000", "top1_acc": 57.900001}
[07/30 13:43:25][INFO] utils.logging:   91: {"_type": "val_iter", "gpu_mem": "1.85 GB", "iter": "6800/10000", "top1_acc": 56.300001}
[07/30 13:44:19][INFO] utils.logging:   91: {"_type": "val_iter", "gpu_mem": "1.85 GB", "iter": "7000/10000", "top1_acc": 58.300001}
[07/30 13:45:07][INFO] utils.logging:   91: {"_type": "val_iter", "gpu_mem": "1.85 GB", "iter": "7200/10000", "top1_acc": 60.400001}
[07/30 13:46:03][INFO] utils.logging:   91: {"_type": "val_iter", "gpu_mem": "1.85 GB", "iter": "7400/10000", "top1_acc": 57.700001}
[07/30 13:46:59][INFO] utils.logging:   91: {"_type": "val_iter", "gpu_mem": "1.85 GB", "iter": "7600/10000", "top1_acc": 58.000001}
[07/30 13:47:54][INFO] utils.logging:   91: {"_type": "val_iter", "gpu_mem": "1.85 GB", "iter": "7800/10000", "top1_acc": 55.000001}
[07/30 13:48:50][INFO] utils.logging:   91: {"_type": "val_iter", "gpu_mem": "1.85 GB", "iter": "8000/10000", "top1_acc": 56.200001}
[07/30 13:49:38][INFO] utils.logging:   91: {"_type": "val_iter", "gpu_mem": "1.85 GB", "iter": "8200/10000", "top1_acc": 57.100001}
[07/30 13:50:32][INFO] utils.logging:   91: {"_type": "val_iter", "gpu_mem": "1.85 GB", "iter": "8400/10000", "top1_acc": 55.700001}
[07/30 13:51:28][INFO] utils.logging:   91: {"_type": "val_iter", "gpu_mem": "1.85 GB", "iter": "8600/10000", "top1_acc": 57.000001}
[07/30 13:52:24][INFO] utils.logging:   91: {"_type": "val_iter", "gpu_mem": "1.85 GB", "iter": "8800/10000", "top1_acc": 59.600001}
[07/30 13:53:19][INFO] utils.logging:   91: {"_type": "val_iter", "gpu_mem": "1.85 GB", "iter": "9000/10000", "top1_acc": 60.200001}
[07/30 13:54:15][INFO] utils.logging:   91: {"_type": "val_iter", "gpu_mem": "1.85 GB", "iter": "9200/10000", "top1_acc": 58.800001}
[07/30 13:55:02][INFO] utils.logging:   91: {"_type": "val_iter", "gpu_mem": "1.85 GB", "iter": "9400/10000", "top1_acc": 56.600001}
[07/30 13:55:58][INFO] utils.logging:   91: {"_type": "val_iter", "gpu_mem": "1.85 GB", "iter": "9600/10000", "top1_acc": 56.700001}
[07/30 13:56:54][INFO] utils.logging:   91: {"_type": "val_iter", "gpu_mem": "1.85 GB", "iter": "9800/10000", "top1_acc": 58.500001}
[07/30 13:57:48][INFO] utils.logging:   91: {"_type": "val_iter", "gpu_mem": "1.85 GB", "iter": "10000/10000", "top1_acc": 57.300001}
[07/30 13:57:49][INFO] utils.logging:   91: {"RAM": "22.89/125.62 GB", "_type": "val_epoch", "epoch": "1", "gpu_mem": "1.85 GB", "top1_acc": 57.850001}
[07/30 13:57:50][INFO] utils.logging:   91: {"_type": "train_iter", "iter": "10000/30000", "loss": 2.761571, "lr": 0.001000, "top1_acc": 78.300001}
[07/30 14:00:25][INFO] utils.logging:   91: {"_type": "train_iter", "iter": "10200/30000", "loss": 2.719992, "lr": 0.001000, "top1_acc": 78.700001}
[07/30 14:03:10][INFO] utils.logging:   91: {"_type": "train_iter", "iter": "10400/30000", "loss": 2.523561, "lr": 0.001000, "top1_acc": 79.000002}
[07/30 14:05:55][INFO] utils.logging:   91: {"_type": "train_iter", "iter": "10600/30000", "loss": 2.364829, "lr": 0.001000, "top1_acc": 79.600001}
[07/30 14:08:29][INFO] utils.logging:   91: {"_type": "train_iter", "iter": "10800/30000", "loss": 2.605089, "lr": 0.001000, "top1_acc": 81.200001}
[07/30 14:11:13][INFO] utils.logging:   91: {"_type": "train_iter", "iter": "11000/30000", "loss": 2.577752, "lr": 0.001000, "top1_acc": 78.900001}
[07/30 14:13:48][INFO] utils.logging:   91: {"_type": "train_iter", "iter": "11200/30000", "loss": 2.686405, "lr": 0.001000, "top1_acc": 77.700001}
[07/30 14:16:33][INFO] utils.logging:   91: {"_type": "train_iter", "iter": "11400/30000", "loss": 2.344530, "lr": 0.001000, "top1_acc": 81.800001}
[07/30 14:19:07][INFO] utils.logging:   91: {"_type": "train_iter", "iter": "11600/30000", "loss": 2.523188, "lr": 0.001000, "top1_acc": 80.400001}
[07/30 14:21:52][INFO] utils.logging:   91: {"_type": "train_iter", "iter": "11800/30000", "loss": 2.441893, "lr": 0.001000, "top1_acc": 81.200001}
[07/30 14:24:26][INFO] utils.logging:   91: {"_type": "train_iter", "iter": "12000/30000", "loss": 2.450687, "lr": 0.001000, "top1_acc": 79.400002}
[07/30 14:27:10][INFO] utils.logging:   91: {"_type": "train_iter", "iter": "12200/30000", "loss": 2.285372, "lr": 0.000500, "top1_acc": 80.100001}
[07/30 14:29:52][INFO] utils.logging:   91: {"_type": "train_iter", "iter": "12400/30000", "loss": 2.046018, "lr": 0.000500, "top1_acc": 82.700001}
[07/30 14:32:27][INFO] utils.logging:   91: {"_type": "train_iter", "iter": "12600/30000", "loss": 1.825847, "lr": 0.000500, "top1_acc": 83.500001}
[07/30 14:35:10][INFO] utils.logging:   91: {"_type": "train_iter", "iter": "12800/30000", "loss": 1.955254, "lr": 0.000500, "top1_acc": 83.000001}
[07/30 14:37:43][INFO] utils.logging:   91: {"_type": "train_iter", "iter": "13000/30000", "loss": 1.798811, "lr": 0.000500, "top1_acc": 83.100001}
[07/30 14:40:26][INFO] utils.logging:   91: {"_type": "train_iter", "iter": "13200/30000", "loss": 1.850839, "lr": 0.000500, "top1_acc": 84.500001}
[07/30 14:42:58][INFO] utils.logging:   91: {"_type": "train_iter", "iter": "13400/30000", "loss": 1.761146, "lr": 0.000500, "top1_acc": 83.500001}
[07/30 14:45:42][INFO] utils.logging:   91: {"_type": "train_iter", "iter": "13600/30000", "loss": 1.829772, "lr": 0.000500, "top1_acc": 82.500001}
[07/30 14:48:14][INFO] utils.logging:   91: {"_type": "train_iter", "iter": "13800/30000", "loss": 1.653512, "lr": 0.000500, "top1_acc": 85.300001}
[07/30 14:50:57][INFO] utils.logging:   91: {"_type": "train_iter", "iter": "14000/30000", "loss": 1.833035, "lr": 0.000500, "top1_acc": 85.500001}
[07/30 14:53:41][INFO] utils.logging:   91: {"_type": "train_iter", "iter": "14200/30000", "loss": 1.903483, "lr": 0.000500, "top1_acc": 85.600001}
[07/30 14:56:13][INFO] utils.logging:   91: {"_type": "train_iter", "iter": "14400/30000", "loss": 1.767532, "lr": 0.000500, "top1_acc": 85.900001}
[07/30 14:58:57][INFO] utils.logging:   91: {"_type": "train_iter", "iter": "14600/30000", "loss": 1.739088, "lr": 0.000500, "top1_acc": 87.100001}
[07/30 15:01:29][INFO] utils.logging:   91: {"_type": "train_iter", "iter": "14800/30000", "loss": 1.598117, "lr": 0.000500, "top1_acc": 85.200001}
[07/30 15:04:13][INFO] utils.logging:   91: {"_type": "train_iter", "iter": "15000/30000", "loss": 1.556128, "lr": 0.000500, "top1_acc": 85.600001}
[07/30 15:06:45][INFO] utils.logging:   91: {"_type": "train_iter", "iter": "15200/30000", "loss": 1.642847, "lr": 0.000500, "top1_acc": 86.600001}
[07/30 15:09:29][INFO] utils.logging:   91: {"_type": "train_iter", "iter": "15400/30000", "loss": 1.492273, "lr": 0.000500, "top1_acc": 86.500001}
[07/30 15:12:06][INFO] utils.logging:   91: {"_type": "train_iter", "iter": "15600/30000", "loss": 1.656299, "lr": 0.000500, "top1_acc": 85.900001}
[07/30 15:14:45][INFO] utils.logging:   91: {"_type": "train_iter", "iter": "15800/30000", "loss": 1.560915, "lr": 0.000500, "top1_acc": 86.700001}
[07/30 15:17:28][INFO] utils.logging:   91: {"_type": "train_iter", "iter": "16000/30000", "loss": 1.496454, "lr": 0.000500, "top1_acc": 85.400001}
[07/30 15:20:01][INFO] utils.logging:   91: {"_type": "train_iter", "iter": "16200/30000", "loss": 1.405781, "lr": 0.000500, "top1_acc": 85.800001}
[07/30 15:22:45][INFO] utils.logging:   91: {"_type": "train_iter", "iter": "16400/30000", "loss": 1.580230, "lr": 0.000500, "top1_acc": 90.000001}
[07/30 15:25:17][INFO] utils.logging:   91: {"_type": "train_iter", "iter": "16600/30000", "loss": 1.451353, "lr": 0.000500, "top1_acc": 89.200001}
[07/30 15:28:01][INFO] utils.logging:   91: {"_type": "train_iter", "iter": "16800/30000", "loss": 1.304851, "lr": 0.000500, "top1_acc": 87.300001}
[07/30 15:30:34][INFO] utils.logging:   91: {"_type": "train_iter", "iter": "17000/30000", "loss": 1.268081, "lr": 0.000500, "top1_acc": 89.000001}
[07/30 15:33:17][INFO] utils.logging:   91: {"_type": "train_iter", "iter": "17200/30000", "loss": 1.685086, "lr": 0.000500, "top1_acc": 85.300001}
[07/30 15:35:58][INFO] utils.logging:   91: {"_type": "train_iter", "iter": "17400/30000", "loss": 1.470918, "lr": 0.000500, "top1_acc": 87.800001}
[07/30 15:37:28][INFO] utils.logging:   91: {"_type": "train_iter", "iter": "17600/30000", "loss": 1.508822, "lr": 0.000500, "top1_acc": 86.500001}
[07/30 15:38:46][INFO] utils.logging:   91: {"_type": "train_iter", "iter": "17800/30000", "loss": 1.493427, "lr": 0.000500, "top1_acc": 87.100001}
[07/30 15:40:04][INFO] utils.logging:   91: {"_type": "train_iter", "iter": "18000/30000", "loss": 1.446494, "lr": 0.000500, "top1_acc": 87.800001}
[07/30 15:41:22][INFO] utils.logging:   91: {"_type": "train_iter", "iter": "18200/30000", "loss": 1.336072, "lr": 0.000100, "top1_acc": 87.300001}
[07/30 15:42:40][INFO] utils.logging:   91: {"_type": "train_iter", "iter": "18400/30000", "loss": 1.216536, "lr": 0.000100, "top1_acc": 88.900001}
[07/30 15:43:58][INFO] utils.logging:   91: {"_type": "train_iter", "iter": "18600/30000", "loss": 1.127284, "lr": 0.000100, "top1_acc": 90.100001}
[07/30 15:45:16][INFO] utils.logging:   91: {"_type": "train_iter", "iter": "18800/30000", "loss": 1.199771, "lr": 0.000100, "top1_acc": 89.100001}
[07/30 15:46:34][INFO] utils.logging:   91: {"_type": "train_iter", "iter": "19000/30000", "loss": 1.125121, "lr": 0.000100, "top1_acc": 89.800001}
[07/30 15:47:52][INFO] utils.logging:   91: {"_type": "train_iter", "iter": "19200/30000", "loss": 1.262897, "lr": 0.000100, "top1_acc": 87.900001}
[07/30 15:49:10][INFO] utils.logging:   91: {"_type": "train_iter", "iter": "19400/30000", "loss": 1.068479, "lr": 0.000100, "top1_acc": 88.500001}
[07/30 15:50:28][INFO] utils.logging:   91: {"_type": "train_iter", "iter": "19600/30000", "loss": 1.187043, "lr": 0.000100, "top1_acc": 89.200001}
[07/30 15:51:46][INFO] utils.logging:   91: {"_type": "train_iter", "iter": "19800/30000", "loss": 1.027859, "lr": 0.000100, "top1_acc": 89.200001}
[07/30 15:53:38][INFO] utils.logging:   91: {"_type": "val_iter", "gpu_mem": "1.85 GB", "iter": "200/10000", "top1_acc": 64.200001}
[07/30 15:54:00][INFO] utils.logging:   91: {"_type": "val_iter", "gpu_mem": "1.85 GB", "iter": "400/10000", "top1_acc": 61.000001}
[07/30 15:54:23][INFO] utils.logging:   91: {"_type": "val_iter", "gpu_mem": "1.85 GB", "iter": "600/10000", "top1_acc": 63.700001}
[07/30 15:54:45][INFO] utils.logging:   91: {"_type": "val_iter", "gpu_mem": "1.85 GB", "iter": "800/10000", "top1_acc": 64.300001}
[07/30 15:55:08][INFO] utils.logging:   91: {"_type": "val_iter", "gpu_mem": "1.85 GB", "iter": "1000/10000", "top1_acc": 60.700001}
[07/30 15:55:30][INFO] utils.logging:   91: {"_type": "val_iter", "gpu_mem": "1.85 GB", "iter": "1200/10000", "top1_acc": 63.800001}
[07/30 15:55:53][INFO] utils.logging:   91: {"_type": "val_iter", "gpu_mem": "1.85 GB", "iter": "1400/10000", "top1_acc": 64.900001}
[07/30 15:56:15][INFO] utils.logging:   91: {"_type": "val_iter", "gpu_mem": "1.85 GB", "iter": "1600/10000", "top1_acc": 66.200001}
[07/30 15:56:38][INFO] utils.logging:   91: {"_type": "val_iter", "gpu_mem": "1.85 GB", "iter": "1800/10000", "top1_acc": 64.500001}
[07/30 15:57:00][INFO] utils.logging:   91: {"_type": "val_iter", "gpu_mem": "1.85 GB", "iter": "2000/10000", "top1_acc": 63.000001}
[07/30 15:57:23][INFO] utils.logging:   91: {"_type": "val_iter", "gpu_mem": "1.85 GB", "iter": "2200/10000", "top1_acc": 65.200001}
[07/30 15:57:45][INFO] utils.logging:   91: {"_type": "val_iter", "gpu_mem": "1.85 GB", "iter": "2400/10000", "top1_acc": 62.900001}
[07/30 15:58:08][INFO] utils.logging:   91: {"_type": "val_iter", "gpu_mem": "1.85 GB", "iter": "2600/10000", "top1_acc": 65.000001}
[07/30 15:58:30][INFO] utils.logging:   91: {"_type": "val_iter", "gpu_mem": "1.85 GB", "iter": "2800/10000", "top1_acc": 64.400001}
[07/30 15:58:53][INFO] utils.logging:   91: {"_type": "val_iter", "gpu_mem": "1.85 GB", "iter": "3000/10000", "top1_acc": 66.100001}
[07/30 15:59:15][INFO] utils.logging:   91: {"_type": "val_iter", "gpu_mem": "1.85 GB", "iter": "3200/10000", "top1_acc": 64.300001}
[07/30 15:59:38][INFO] utils.logging:   91: {"_type": "val_iter", "gpu_mem": "1.85 GB", "iter": "3400/10000", "top1_acc": 62.300001}
[07/30 16:00:00][INFO] utils.logging:   91: {"_type": "val_iter", "gpu_mem": "1.85 GB", "iter": "3600/10000", "top1_acc": 66.000001}
[07/30 16:00:23][INFO] utils.logging:   91: {"_type": "val_iter", "gpu_mem": "1.85 GB", "iter": "3800/10000", "top1_acc": 61.000001}
[07/30 16:00:46][INFO] utils.logging:   91: {"_type": "val_iter", "gpu_mem": "1.85 GB", "iter": "4000/10000", "top1_acc": 65.500001}
[07/30 16:01:08][INFO] utils.logging:   91: {"_type": "val_iter", "gpu_mem": "1.85 GB", "iter": "4200/10000", "top1_acc": 64.900001}
[07/30 16:01:31][INFO] utils.logging:   91: {"_type": "val_iter", "gpu_mem": "1.85 GB", "iter": "4400/10000", "top1_acc": 61.900001}
[07/30 16:01:53][INFO] utils.logging:   91: {"_type": "val_iter", "gpu_mem": "1.85 GB", "iter": "4600/10000", "top1_acc": 61.100001}
[07/30 16:02:16][INFO] utils.logging:   91: {"_type": "val_iter", "gpu_mem": "1.85 GB", "iter": "4800/10000", "top1_acc": 65.600001}
[07/30 16:02:38][INFO] utils.logging:   91: {"_type": "val_iter", "gpu_mem": "1.85 GB", "iter": "5000/10000", "top1_acc": 63.400001}
[07/30 16:03:01][INFO] utils.logging:   91: {"_type": "val_iter", "gpu_mem": "1.85 GB", "iter": "5200/10000", "top1_acc": 65.600002}
[07/30 16:03:23][INFO] utils.logging:   91: {"_type": "val_iter", "gpu_mem": "1.85 GB", "iter": "5400/10000", "top1_acc": 63.000001}
[07/30 16:03:46][INFO] utils.logging:   91: {"_type": "val_iter", "gpu_mem": "1.85 GB", "iter": "5600/10000", "top1_acc": 65.500001}
[07/30 16:04:08][INFO] utils.logging:   91: {"_type": "val_iter", "gpu_mem": "1.85 GB", "iter": "5800/10000", "top1_acc": 65.000001}
[07/30 16:04:31][INFO] utils.logging:   91: {"_type": "val_iter", "gpu_mem": "1.85 GB", "iter": "6000/10000", "top1_acc": 65.400001}
[07/30 16:04:53][INFO] utils.logging:   91: {"_type": "val_iter", "gpu_mem": "1.85 GB", "iter": "6200/10000", "top1_acc": 65.700002}
[07/30 16:05:16][INFO] utils.logging:   91: {"_type": "val_iter", "gpu_mem": "1.85 GB", "iter": "6400/10000", "top1_acc": 63.700001}
[07/30 16:05:38][INFO] utils.logging:   91: {"_type": "val_iter", "gpu_mem": "1.85 GB", "iter": "6600/10000", "top1_acc": 65.800001}
[07/30 16:06:01][INFO] utils.logging:   91: {"_type": "val_iter", "gpu_mem": "1.85 GB", "iter": "6800/10000", "top1_acc": 62.400001}
[07/30 16:06:23][INFO] utils.logging:   91: {"_type": "val_iter", "gpu_mem": "1.85 GB", "iter": "7000/10000", "top1_acc": 65.500001}
[07/30 16:06:46][INFO] utils.logging:   91: {"_type": "val_iter", "gpu_mem": "1.85 GB", "iter": "7200/10000", "top1_acc": 63.600001}
[07/30 16:07:08][INFO] utils.logging:   91: {"_type": "val_iter", "gpu_mem": "1.85 GB", "iter": "7400/10000", "top1_acc": 64.000001}
[07/30 16:07:31][INFO] utils.logging:   91: {"_type": "val_iter", "gpu_mem": "1.85 GB", "iter": "7600/10000", "top1_acc": 62.200001}
[07/30 16:07:54][INFO] utils.logging:   91: {"_type": "val_iter", "gpu_mem": "1.85 GB", "iter": "7800/10000", "top1_acc": 63.600001}
[07/30 16:08:16][INFO] utils.logging:   91: {"_type": "val_iter", "gpu_mem": "1.85 GB", "iter": "8000/10000", "top1_acc": 64.500001}
[07/30 16:08:39][INFO] utils.logging:   91: {"_type": "val_iter", "gpu_mem": "1.85 GB", "iter": "8200/10000", "top1_acc": 64.300001}
[07/30 16:09:01][INFO] utils.logging:   91: {"_type": "val_iter", "gpu_mem": "1.85 GB", "iter": "8400/10000", "top1_acc": 67.100001}
[07/30 16:09:24][INFO] utils.logging:   91: {"_type": "val_iter", "gpu_mem": "1.85 GB", "iter": "8600/10000", "top1_acc": 63.700001}
[07/30 16:09:46][INFO] utils.logging:   91: {"_type": "val_iter", "gpu_mem": "1.85 GB", "iter": "8800/10000", "top1_acc": 63.100001}
[07/30 16:10:09][INFO] utils.logging:   91: {"_type": "val_iter", "gpu_mem": "1.85 GB", "iter": "9000/10000", "top1_acc": 65.400001}
[07/30 16:10:32][INFO] utils.logging:   91: {"_type": "val_iter", "gpu_mem": "1.85 GB", "iter": "9200/10000", "top1_acc": 61.100001}
[07/30 16:10:54][INFO] utils.logging:   91: {"_type": "val_iter", "gpu_mem": "1.85 GB", "iter": "9400/10000", "top1_acc": 63.600001}
[07/30 16:11:17][INFO] utils.logging:   91: {"_type": "val_iter", "gpu_mem": "1.85 GB", "iter": "9600/10000", "top1_acc": 63.100001}
[07/30 16:11:40][INFO] utils.logging:   91: {"_type": "val_iter", "gpu_mem": "1.85 GB", "iter": "9800/10000", "top1_acc": 66.900001}
[07/30 16:12:02][INFO] utils.logging:   91: {"_type": "val_iter", "gpu_mem": "1.85 GB", "iter": "10000/10000", "top1_acc": 62.900001}
[07/30 16:12:03][INFO] utils.logging:   91: {"RAM": "18.19/125.62 GB", "_type": "val_epoch", "epoch": "2", "gpu_mem": "1.85 GB", "top1_acc": 64.052001}
[07/30 16:12:03][INFO] utils.logging:   91: {"_type": "train_iter", "iter": "20000/30000", "loss": 1.186809, "lr": 0.000100, "top1_acc": 88.600001}
[07/30 16:13:21][INFO] utils.logging:   91: {"_type": "train_iter", "iter": "20200/30000", "loss": 1.068262, "lr": 0.000100, "top1_acc": 87.800001}
[07/30 16:14:39][INFO] utils.logging:   91: {"_type": "train_iter", "iter": "20400/30000", "loss": 1.027275, "lr": 0.000100, "top1_acc": 90.300001}
[07/30 16:15:57][INFO] utils.logging:   91: {"_type": "train_iter", "iter": "20600/30000", "loss": 1.048078, "lr": 0.000100, "top1_acc": 89.400001}
[07/30 16:17:15][INFO] utils.logging:   91: {"_type": "train_iter", "iter": "20800/30000", "loss": 1.057501, "lr": 0.000100, "top1_acc": 89.200001}
[07/30 16:18:33][INFO] utils.logging:   91: {"_type": "train_iter", "iter": "21000/30000", "loss": 0.998684, "lr": 0.000100, "top1_acc": 89.700001}
[07/30 16:19:51][INFO] utils.logging:   91: {"_type": "train_iter", "iter": "21200/30000", "loss": 1.080383, "lr": 0.000100, "top1_acc": 90.100001}
[07/30 16:21:09][INFO] utils.logging:   91: {"_type": "train_iter", "iter": "21400/30000", "loss": 1.038201, "lr": 0.000100, "top1_acc": 89.700001}
[07/30 16:22:27][INFO] utils.logging:   91: {"_type": "train_iter", "iter": "21600/30000", "loss": 1.004889, "lr": 0.000100, "top1_acc": 89.900001}
[07/30 16:23:44][INFO] utils.logging:   91: {"_type": "train_iter", "iter": "21800/30000", "loss": 1.016025, "lr": 0.000100, "top1_acc": 88.900001}
[07/30 16:25:02][INFO] utils.logging:   91: {"_type": "train_iter", "iter": "22000/30000", "loss": 1.190043, "lr": 0.000100, "top1_acc": 90.100001}
[07/30 16:26:20][INFO] utils.logging:   91: {"_type": "train_iter", "iter": "22200/30000", "loss": 0.906438, "lr": 0.000100, "top1_acc": 90.400001}
[07/30 16:27:38][INFO] utils.logging:   91: {"_type": "train_iter", "iter": "22400/30000", "loss": 0.955657, "lr": 0.000100, "top1_acc": 91.300001}
[07/30 16:28:56][INFO] utils.logging:   91: {"_type": "train_iter", "iter": "22600/30000", "loss": 1.001822, "lr": 0.000100, "top1_acc": 90.500001}
[07/30 16:30:14][INFO] utils.logging:   91: {"_type": "train_iter", "iter": "22800/30000", "loss": 1.109363, "lr": 0.000100, "top1_acc": 90.000001}
[07/30 16:31:32][INFO] utils.logging:   91: {"_type": "train_iter", "iter": "23000/30000", "loss": 1.040442, "lr": 0.000100, "top1_acc": 91.300001}
[07/30 16:32:50][INFO] utils.logging:   91: {"_type": "train_iter", "iter": "23200/30000", "loss": 0.982340, "lr": 0.000100, "top1_acc": 91.000001}
[07/30 16:34:08][INFO] utils.logging:   91: {"_type": "train_iter", "iter": "23400/30000", "loss": 1.037220, "lr": 0.000100, "top1_acc": 89.700001}
[07/30 16:35:26][INFO] utils.logging:   91: {"_type": "train_iter", "iter": "23600/30000", "loss": 1.130450, "lr": 0.000100, "top1_acc": 89.000001}
[07/30 16:36:44][INFO] utils.logging:   91: {"_type": "train_iter", "iter": "23800/30000", "loss": 1.041204, "lr": 0.000100, "top1_acc": 90.300001}
[07/30 16:38:02][INFO] utils.logging:   91: {"_type": "train_iter", "iter": "24000/30000", "loss": 0.939963, "lr": 0.000100, "top1_acc": 91.000001}
[07/30 16:39:19][INFO] utils.logging:   91: {"_type": "train_iter", "iter": "24200/30000", "loss": 1.058614, "lr": 0.000050, "top1_acc": 89.000001}
[07/30 16:40:37][INFO] utils.logging:   91: {"_type": "train_iter", "iter": "24400/30000", "loss": 0.978070, "lr": 0.000050, "top1_acc": 88.900001}
[07/30 16:41:55][INFO] utils.logging:   91: {"_type": "train_iter", "iter": "24600/30000", "loss": 0.932745, "lr": 0.000050, "top1_acc": 90.500001}
[07/30 16:43:13][INFO] utils.logging:   91: {"_type": "train_iter", "iter": "24800/30000", "loss": 0.931343, "lr": 0.000050, "top1_acc": 91.000001}
[07/30 16:44:31][INFO] utils.logging:   91: {"_type": "train_iter", "iter": "25000/30000", "loss": 0.965899, "lr": 0.000050, "top1_acc": 89.800001}
[07/30 16:45:49][INFO] utils.logging:   91: {"_type": "train_iter", "iter": "25200/30000", "loss": 0.912561, "lr": 0.000050, "top1_acc": 91.600001}
[07/30 16:47:07][INFO] utils.logging:   91: {"_type": "train_iter", "iter": "25400/30000", "loss": 1.040601, "lr": 0.000050, "top1_acc": 89.800001}
[07/30 16:48:25][INFO] utils.logging:   91: {"_type": "train_iter", "iter": "25600/30000", "loss": 0.948608, "lr": 0.000050, "top1_acc": 90.800001}
[07/30 16:49:42][INFO] utils.logging:   91: {"_type": "train_iter", "iter": "25800/30000", "loss": 0.875477, "lr": 0.000050, "top1_acc": 90.200001}
[07/30 16:51:00][INFO] utils.logging:   91: {"_type": "train_iter", "iter": "26000/30000", "loss": 0.958824, "lr": 0.000050, "top1_acc": 91.500001}
[07/30 16:52:18][INFO] utils.logging:   91: {"_type": "train_iter", "iter": "26200/30000", "loss": 0.919564, "lr": 0.000050, "top1_acc": 90.500001}
[07/30 16:53:35][INFO] utils.logging:   91: {"_type": "train_iter", "iter": "26400/30000", "loss": 0.894431, "lr": 0.000050, "top1_acc": 89.600001}
[07/30 16:54:53][INFO] utils.logging:   91: {"_type": "train_iter", "iter": "26600/30000", "loss": 0.870358, "lr": 0.000050, "top1_acc": 91.400001}
[07/30 16:56:11][INFO] utils.logging:   91: {"_type": "train_iter", "iter": "26800/30000", "loss": 0.874587, "lr": 0.000050, "top1_acc": 91.100001}
[07/30 16:57:29][INFO] utils.logging:   91: {"_type": "train_iter", "iter": "27000/30000", "loss": 0.871309, "lr": 0.000050, "top1_acc": 91.500001}
[07/30 16:58:46][INFO] utils.logging:   91: {"_type": "train_iter", "iter": "27200/30000", "loss": 0.833730, "lr": 0.000050, "top1_acc": 91.900001}
[07/30 17:00:04][INFO] utils.logging:   91: {"_type": "train_iter", "iter": "27400/30000", "loss": 0.959514, "lr": 0.000050, "top1_acc": 91.200001}
[07/30 17:01:22][INFO] utils.logging:   91: {"_type": "train_iter", "iter": "27600/30000", "loss": 0.859327, "lr": 0.000050, "top1_acc": 91.100001}
[07/30 17:02:39][INFO] utils.logging:   91: {"_type": "train_iter", "iter": "27800/30000", "loss": 0.819915, "lr": 0.000050, "top1_acc": 90.400001}
[07/30 17:03:57][INFO] utils.logging:   91: {"_type": "train_iter", "iter": "28000/30000", "loss": 1.006929, "lr": 0.000050, "top1_acc": 89.200001}
[07/30 17:05:15][INFO] utils.logging:   91: {"_type": "train_iter", "iter": "28200/30000", "loss": 0.933618, "lr": 0.000050, "top1_acc": 92.200001}
[07/30 17:06:33][INFO] utils.logging:   91: {"_type": "train_iter", "iter": "28400/30000", "loss": 0.784590, "lr": 0.000050, "top1_acc": 91.200001}
[07/30 17:07:50][INFO] utils.logging:   91: {"_type": "train_iter", "iter": "28600/30000", "loss": 0.831293, "lr": 0.000050, "top1_acc": 92.400001}
[07/30 17:09:08][INFO] utils.logging:   91: {"_type": "train_iter", "iter": "28800/30000", "loss": 0.883524, "lr": 0.000050, "top1_acc": 92.200001}
[07/30 17:10:26][INFO] utils.logging:   91: {"_type": "train_iter", "iter": "29000/30000", "loss": 0.872923, "lr": 0.000050, "top1_acc": 92.200001}
[07/30 17:11:44][INFO] utils.logging:   91: {"_type": "train_iter", "iter": "29200/30000", "loss": 0.912150, "lr": 0.000050, "top1_acc": 90.100001}
[07/30 17:13:01][INFO] utils.logging:   91: {"_type": "train_iter", "iter": "29400/30000", "loss": 0.775589, "lr": 0.000050, "top1_acc": 91.800001}
[07/30 17:14:19][INFO] utils.logging:   91: {"_type": "train_iter", "iter": "29600/30000", "loss": 0.812964, "lr": 0.000050, "top1_acc": 90.800001}
[07/30 17:15:37][INFO] utils.logging:   91: {"_type": "train_iter", "iter": "29800/30000", "loss": 0.946600, "lr": 0.000050, "top1_acc": 89.900001}
[07/30 17:17:28][INFO] utils.logging:   91: {"_type": "val_iter", "gpu_mem": "1.85 GB", "iter": "200/10000", "top1_acc": 64.800001}
[07/30 17:17:50][INFO] utils.logging:   91: {"_type": "val_iter", "gpu_mem": "1.85 GB", "iter": "400/10000", "top1_acc": 65.600001}
[07/30 17:18:12][INFO] utils.logging:   91: {"_type": "val_iter", "gpu_mem": "1.85 GB", "iter": "600/10000", "top1_acc": 63.400001}
[07/30 17:18:35][INFO] utils.logging:   91: {"_type": "val_iter", "gpu_mem": "1.85 GB", "iter": "800/10000", "top1_acc": 65.200001}
[07/30 17:18:57][INFO] utils.logging:   91: {"_type": "val_iter", "gpu_mem": "1.85 GB", "iter": "1000/10000", "top1_acc": 64.800002}
[07/30 17:19:20][INFO] utils.logging:   91: {"_type": "val_iter", "gpu_mem": "1.85 GB", "iter": "1200/10000", "top1_acc": 62.200001}
[07/30 17:19:42][INFO] utils.logging:   91: {"_type": "val_iter", "gpu_mem": "1.85 GB", "iter": "1400/10000", "top1_acc": 64.400001}
[07/30 17:20:05][INFO] utils.logging:   91: {"_type": "val_iter", "gpu_mem": "1.85 GB", "iter": "1600/10000", "top1_acc": 64.300001}
[07/30 17:20:27][INFO] utils.logging:   91: {"_type": "val_iter", "gpu_mem": "1.85 GB", "iter": "1800/10000", "top1_acc": 67.000001}
[07/30 17:20:50][INFO] utils.logging:   91: {"_type": "val_iter", "gpu_mem": "1.85 GB", "iter": "2000/10000", "top1_acc": 63.400001}
[07/30 17:21:12][INFO] utils.logging:   91: {"_type": "val_iter", "gpu_mem": "1.85 GB", "iter": "2200/10000", "top1_acc": 65.200002}
[07/30 17:21:34][INFO] utils.logging:   91: {"_type": "val_iter", "gpu_mem": "1.85 GB", "iter": "2400/10000", "top1_acc": 66.100001}
[07/30 17:21:57][INFO] utils.logging:   91: {"_type": "val_iter", "gpu_mem": "1.85 GB", "iter": "2600/10000", "top1_acc": 63.600001}
[07/30 17:22:19][INFO] utils.logging:   91: {"_type": "val_iter", "gpu_mem": "1.85 GB", "iter": "2800/10000", "top1_acc": 61.700001}
[07/30 17:22:42][INFO] utils.logging:   91: {"_type": "val_iter", "gpu_mem": "1.85 GB", "iter": "3000/10000", "top1_acc": 62.600001}
[07/30 17:23:04][INFO] utils.logging:   91: {"_type": "val_iter", "gpu_mem": "1.85 GB", "iter": "3200/10000", "top1_acc": 61.500001}
[07/30 17:23:27][INFO] utils.logging:   91: {"_type": "val_iter", "gpu_mem": "1.85 GB", "iter": "3400/10000", "top1_acc": 63.600001}
[07/30 17:23:49][INFO] utils.logging:   91: {"_type": "val_iter", "gpu_mem": "1.85 GB", "iter": "3600/10000", "top1_acc": 63.200001}
[07/30 17:24:12][INFO] utils.logging:   91: {"_type": "val_iter", "gpu_mem": "1.85 GB", "iter": "3800/10000", "top1_acc": 65.800001}
[07/30 17:24:34][INFO] utils.logging:   91: {"_type": "val_iter", "gpu_mem": "1.85 GB", "iter": "4000/10000", "top1_acc": 63.100001}
[07/30 17:24:57][INFO] utils.logging:   91: {"_type": "val_iter", "gpu_mem": "1.85 GB", "iter": "4200/10000", "top1_acc": 65.600001}
[07/30 17:25:19][INFO] utils.logging:   91: {"_type": "val_iter", "gpu_mem": "1.85 GB", "iter": "4400/10000", "top1_acc": 66.200001}
[07/30 17:25:42][INFO] utils.logging:   91: {"_type": "val_iter", "gpu_mem": "1.85 GB", "iter": "4600/10000", "top1_acc": 63.700001}
[07/30 17:26:04][INFO] utils.logging:   91: {"_type": "val_iter", "gpu_mem": "1.85 GB", "iter": "4800/10000", "top1_acc": 65.400001}
[07/30 17:26:27][INFO] utils.logging:   91: {"_type": "val_iter", "gpu_mem": "1.85 GB", "iter": "5000/10000", "top1_acc": 63.400001}
[07/30 17:26:49][INFO] utils.logging:   91: {"_type": "val_iter", "gpu_mem": "1.85 GB", "iter": "5200/10000", "top1_acc": 64.400002}
[07/30 17:27:12][INFO] utils.logging:   91: {"_type": "val_iter", "gpu_mem": "1.85 GB", "iter": "5400/10000", "top1_acc": 66.400001}
[07/30 17:27:34][INFO] utils.logging:   91: {"_type": "val_iter", "gpu_mem": "1.85 GB", "iter": "5600/10000", "top1_acc": 64.800001}
[07/30 17:27:57][INFO] utils.logging:   91: {"_type": "val_iter", "gpu_mem": "1.85 GB", "iter": "5800/10000", "top1_acc": 65.200001}
[07/30 17:28:19][INFO] utils.logging:   91: {"_type": "val_iter", "gpu_mem": "1.85 GB", "iter": "6000/10000", "top1_acc": 65.300001}
[07/30 17:28:42][INFO] utils.logging:   91: {"_type": "val_iter", "gpu_mem": "1.85 GB", "iter": "6200/10000", "top1_acc": 65.300001}
[07/30 17:29:04][INFO] utils.logging:   91: {"_type": "val_iter", "gpu_mem": "1.85 GB", "iter": "6400/10000", "top1_acc": 61.400001}
[07/30 17:29:27][INFO] utils.logging:   91: {"_type": "val_iter", "gpu_mem": "1.85 GB", "iter": "6600/10000", "top1_acc": 64.200001}
[07/30 17:29:49][INFO] utils.logging:   91: {"_type": "val_iter", "gpu_mem": "1.85 GB", "iter": "6800/10000", "top1_acc": 62.900001}
[07/30 17:30:12][INFO] utils.logging:   91: {"_type": "val_iter", "gpu_mem": "1.85 GB", "iter": "7000/10000", "top1_acc": 64.700001}
[07/30 17:30:34][INFO] utils.logging:   91: {"_type": "val_iter", "gpu_mem": "1.85 GB", "iter": "7200/10000", "top1_acc": 62.100001}
[07/30 17:30:57][INFO] utils.logging:   91: {"_type": "val_iter", "gpu_mem": "1.85 GB", "iter": "7400/10000", "top1_acc": 61.100001}
[07/30 17:31:20][INFO] utils.logging:   91: {"_type": "val_iter", "gpu_mem": "1.85 GB", "iter": "7600/10000", "top1_acc": 65.400001}
[07/30 17:31:42][INFO] utils.logging:   91: {"_type": "val_iter", "gpu_mem": "1.85 GB", "iter": "7800/10000", "top1_acc": 65.900001}
[07/30 17:32:05][INFO] utils.logging:   91: {"_type": "val_iter", "gpu_mem": "1.85 GB", "iter": "8000/10000", "top1_acc": 62.500001}
[07/30 17:32:27][INFO] utils.logging:   91: {"_type": "val_iter", "gpu_mem": "1.85 GB", "iter": "8200/10000", "top1_acc": 63.300001}
[07/30 17:32:49][INFO] utils.logging:   91: {"_type": "val_iter", "gpu_mem": "1.85 GB", "iter": "8400/10000", "top1_acc": 65.800001}
[07/30 17:33:12][INFO] utils.logging:   91: {"_type": "val_iter", "gpu_mem": "1.85 GB", "iter": "8600/10000", "top1_acc": 63.500001}
[07/30 17:33:34][INFO] utils.logging:   91: {"_type": "val_iter", "gpu_mem": "1.85 GB", "iter": "8800/10000", "top1_acc": 65.700001}
[07/30 17:33:57][INFO] utils.logging:   91: {"_type": "val_iter", "gpu_mem": "1.85 GB", "iter": "9000/10000", "top1_acc": 64.400001}
[07/30 17:34:19][INFO] utils.logging:   91: {"_type": "val_iter", "gpu_mem": "1.85 GB", "iter": "9200/10000", "top1_acc": 66.300001}
[07/30 17:34:42][INFO] utils.logging:   91: {"_type": "val_iter", "gpu_mem": "1.85 GB", "iter": "9400/10000", "top1_acc": 64.200001}
[07/30 17:35:05][INFO] utils.logging:   91: {"_type": "val_iter", "gpu_mem": "1.85 GB", "iter": "9600/10000", "top1_acc": 65.800001}
[07/30 17:35:27][INFO] utils.logging:   91: {"_type": "val_iter", "gpu_mem": "1.85 GB", "iter": "9800/10000", "top1_acc": 64.300001}
[07/30 17:35:50][INFO] utils.logging:   91: {"_type": "val_iter", "gpu_mem": "1.85 GB", "iter": "10000/10000", "top1_acc": 62.200001}
[07/30 17:35:50][INFO] utils.logging:   91: {"RAM": "18.30/125.62 GB", "_type": "val_epoch", "epoch": "3", "gpu_mem": "1.85 GB", "top1_acc": 64.258001}
[07/30 17:35:51][INFO] utils.logging:   91: {"_type": "train_iter", "iter": "30000/30000", "loss": 0.831715, "lr": 0.000050, "top1_acc": 91.700001}
[07/30 17:35:52][INFO] utils.logging:   91: {"RAM": "13.19/125.62 GB", "_type": "train_epoch", "epoch": "10", "gpu_mem": "1.85 GB", "loss": 2.493025, "lr": 0.000050, "top1_acc": 81.129334}
