[08/21 19:35:01][INFO] train_net_few_shot:  283: Train with config:
[08/21 19:35:01][INFO] train_net_few_shot:  284: {
  "TASK_TYPE": "few_shot_action",
  "PRETRAIN": {
    "ENABLE": false
  },
  "LOCALIZATION": {
    "ENABLE": false
  },
  "TRAIN": {
    "ENABLE": true,
    "DATASET": "SSv2-Full",
    "BATCH_SIZE": 1,
    "LOG_FILE": "train.log",
    "EVAL_PERIOD": 2,
    "NUM_FOLDS": 1,
    "AUTO_RESUME": false,
    "CHECKPOINT_PERIOD": 10,
    "CHECKPOINT_FILE_PATH": "",
    "CHECKPOINT_TYPE": "pytorch",
    "CHECKPOINT_INFLATE": false,
    "CHECKPOINT_PRE_PROCESS": {
      "ENABLE": false
    },
    "FINE_TUNE": true,
    "ONLY_LINEAR": false,
    "LR_REDUCE": false,
    "TRAIN_VAL_COMBINE": false,
    "LOSS_FUNC": "cross_entropy",
    "USE_CLASSIFICATION_VALUE": 2.0,
    "GRADIENT_CHECKPOINT": true,
    "NUM_CLASS": 64,
    "META_BATCH": true,
    "WAY": 5,
    "SHOT": 1,
    "QUERY_PER_CLASS": 1,
    "QUERY_PER_CLASS_TEST": 1,
    "NUM_TRAIN_TASKS": 30000,
    "NUM_TEST_TASKS": 10000,
    "VAL_FRE_ITER": 10000,
    "BATCH_SIZE_PER_TASK": 4,
    "NORMALIZE_ACCUMULATED_GRADIENTS": false
  },
  "TEST": {
    "ENABLE": true,
    "DATASET": "SSv2-Full",
    "BATCH_SIZE": 1,
    "NUM_SPATIAL_CROPS": 1,
    "SPATIAL_CROPS": "cctltr",
    "NUM_ENSEMBLE_VIEWS": 1,
    "LOG_FILE": "test.log",
    "CHECKPOINT_FILE_PATH": "",
    "CHECKPOINT_TYPE": "pytorch",
    "AUTOMATIC_MULTI_SCALE_TEST": false,
    "TEST_SET": "val",
    "UPLOAD_CLASSIFIER_RESULTS": true,
    "SHOT": [
      1,
      5
    ],
    "EPISODE_SEED": 2026
  },
  "VISUALIZATION": {
    "ENABLE": false,
    "NAME": "",
    "FEATURE_MAPS": {
      "ENABLE": false,
      "BASE_OUTPUT_DIR": ""
    }
  },
  "SUBMISSION": {
    "ENABLE": false,
    "SAVE_RESULTS_PATH": "test.json"
  },
  "DATA": {
    "DATA_ROOT_DIR": "/mnt/data/yanyi2025/lrc/action_data/ssv2/videos/videos/",
    "ANNO_DIR": "config/ssv2_full/",
    "NUM_INPUT_FRAMES": 8,
    "NUM_INPUT_CHANNELS": 2304,
    "SAMPLING_MODE": "interval_based",
    "SAMPLING_RATE": 50,
    "TRAIN_JITTER_SCALES": [
      256,
      256
    ],
    "TRAIN_CROP_SIZE": 224,
    "TEST_SCALE": 256,
    "TEST_CROP_SIZE": 224,
    "MEAN": [
      0.48145466,
      0.4578275,
      0.40821073
    ],
    "STD": [
      0.26862954,
      0.26130258,
      0.27577711
    ],
    "MULTI_LABEL": false,
    "ENSEMBLE_METHOD": "sum",
    "TARGET_FPS": 12,
    "MINUS_INTERVAL": false,
    "FPS": 12,
    "NORM_FEATURE": false,
    "USE_AUG_FEATURE": false,
    "AUG": false,
    "LOAD_PROPS": false,
    "TEMPORAL_SCALE": 256,
    "LABELS_TYPE": "cls",
    "LOAD_TYPE": "pickle",
    "DOWNLOAD_FEATURE": true,
    "VIDEO_EXT": ".webm",
    "SAMPLING_UNIFORM": false,
    "TEST_CENTER_CROP": true,
    "CLIP_INTERVAL": 8
  },
  "MODEL": {
    "NAME": "BaseVideoModel",
    "EMA": {
      "ENABLE": false,
      "DECAY": 0.99996
    }
  },
  "VIDEO": {
    "BACKBONE": {
      "DEPTH": null,
      "META_ARCH": "Identity",
      "NUM_FILTERS": null,
      "NUM_INPUT_CHANNELS": 3,
      "NUM_OUT_FEATURES": null,
      "KERNEL_SIZE": null,
      "DOWNSAMPLING": null,
      "DOWNSAMPLING_TEMPORAL": null,
      "NUM_STREAMS": 1,
      "EXPANSION_RATIO": 2,
      "BRANCH": {
        "NAME": null
      },
      "STEM": {
        "NAME": null
      },
      "NONLOCAL": {
        "ENABLE": false,
        "STAGES": [
          5
        ],
        "MASK_ENABLE": false
      },
      "INITIALIZATION": null
    },
    "HEAD": {
      "NAME": "BaseTemporalClassifier",
      "ACTIVATION": "softmax",
      "DROPOUT_RATE": 0.0,
      "NUM_CLASSES": 200
    }
  },
  "OPTIMIZER": {
    "ADJUST_LR": false,
    "BASE_LR": 0.002,
    "LR_POLICY": "cosine",
    "MAX_EPOCH": 300,
    "MOMENTUM": 0.9,
    "WEIGHT_DECAY": "1e-3",
    "WARMUP_EPOCHS": 10,
    "WARMUP_START_LR": 0.0002,
    "OPTIM_METHOD": "adam",
    "DAMPENING": 0.0,
    "NESTEROV": true
  },
  "BN": {
    "WB_LOCK": false,
    "FREEZE": false,
    "WEIGHT_DECAY": 0.0,
    "MOMENTUM": 0.1,
    "EPS": "1e-3",
    "SYNC": false
  },
  "DATA_LOADER": {
    "NUM_WORKERS": 8,
    "PIN_MEMORY": true,
    "ENABLE_MULTI_THREAD_DECODE": true,
    "COLLATE_FN": null
  },
  "NUM_GPUS": 1,
  "SHARD_ID": 0,
  "NUM_SHARDS": 1,
  "RANDOM_SEED": 18,
  "OUTPUT_DIR": "output/SSv2_Full_FOCUS_TASK_MATCH_v3",
  "OUTPUT_CFG_FILE": "configuration.log",
  "LOG_PERIOD": 200,
  "DIST_BACKEND": "nccl",
  "LOG_MODEL_INFO": false,
  "LOG_CONFIG_INFO": true,
  "OSS": {
    "ENABLE": false,
    "KEY": null,
    "SECRET": null,
    "ENDPOINT": null,
    "CHECKPOINT_OUTPUT_PATH": null,
    "SECONDARY_DATA_OSS": {
      "ENABLE": false,
      "KEY": null,
      "SECRET": null,
      "ENDPOINT": null,
      "BUCKETS": [
        ""
      ]
    }
  },
  "AUGMENTATION": {
    "COLOR_AUG": false,
    "BRIGHTNESS": 0.5,
    "CONTRAST": 0.5,
    "SATURATION": 0.5,
    "HUE": 0.25,
    "GRAYSCALE": 0.3,
    "CONSISTENT": true,
    "SHUFFLE": true,
    "GRAY_FIRST": true,
    "RATIO": [
      0.857142857142857,
      1.1666666666666667
    ],
    "USE_GPU": false,
    "MIXUP": {
      "ENABLE": false,
      "ALPHA": 0.0,
      "PROB": 1.0,
      "MODE": "batch",
      "SWITCH_PROB": 0.5
    },
    "CUTMIX": {
      "ENABLE": false,
      "ALPHA": 0.0,
      "MINMAX": null
    },
    "RANDOM_ERASING": {
      "ENABLE": false,
      "PROB": 0.25,
      "MODE": "const",
      "COUNT": [
        1,
        1
      ],
      "NUM_SPLITS": 0,
      "AREA_RANGE": [
        0.02,
        0.33
      ],
      "MIN_ASPECT": 0.3
    },
    "LABEL_SMOOTHING": 0.0,
    "SSV2_FLIP": false,
    "IS_SPLIT": false,
    "NO_RANDOM_ERASE": true,
    "SUPPORT_QUERY_DIFF": true
  },
  "PAI": false,
  "USE_MULTISEG_VAL_DIST": false,
  "DETECTION": {
    "ENABLE": false
  },
  "TENSORBOARD": {
    "ENABLE": false
  },
  "SOLVER": {
    "BASE_LR": 0.001,
    "LR_POLICY": "steps_with_relative_lrs",
    "MAX_EPOCH": 10,
    "MOMENTUM": 0.9,
    "WEIGHT_DECAY": "5e-4",
    "WARMUP_EPOCHS": 1,
    "WARMUP_START_LR": 0.0002,
    "OPTIM_METHOD": "adam",
    "DAMPENING": 0.0,
    "NESTEROV": true,
    "STEPS_ITER": 3000,
    "STEPS": [
      0,
      4,
      6,
      8
    ],
    "LRS": [
      1,
      0.5,
      0.1,
      0.05
    ]
  },
  "PRE_DOWNLOAD": {
    "ENABLE": false
  },
  "SUPPORT_SHOT": 1,
  "FOCUS": {
    "ENABLE": true,
    "HEADS": 8,
    "DROPOUT": 0.1,
    "GATE_INIT": -4.0,
    "TEMPORAL_GATE_INIT": -4.0,
    "ALPHA_INIT": -4.0,
    "DETACH_INPUT": true
  },
  "TASK_MATCH": {
    "ENABLE": true,
    "HIDDEN_RATIO": 0.25,
    "DROPOUT": 0.1,
    "TEMPERATURE": 1.0,
    "DISTANCE_SCALE": 16.0,
    "ALPHA_INIT": -4.0,
    "USE_FOCUS_FEATURES": false
  },
  "ADAPTER": {
    "NAME": "ViT_CLIP",
    "PRETRAINED": "ViT-B/16",
    "WIDTH": 768,
    "PATCH_SIZE": 16,
    "LAYERS": 12,
    "HEADS": 12,
    "ADAPTER_SCALE": 0.25
  },
  "INIT_METHOD": "tcp://localhost:1111",
  "CUDA_VISIBLE_DEVICES": "0"
}

[08/21 19:35:01][INFO] models.base.adapter:  761: load model from: ViT-B/16
[08/21 19:35:02][INFO] models.base.adapter:  768: Missing keys: ['temporal_embedding', 'focus_alpha', 'task_match_alpha', 'transformer.resblocks.0.Adapter.down.weight', 'transformer.resblocks.0.Adapter.down.bias', 'transformer.resblocks.0.Adapter.pos_embed.weight', 'transformer.resblocks.0.Adapter.pos_embed.bias', 'transformer.resblocks.0.Adapter.s_ln.weight', 'transformer.resblocks.0.Adapter.s_ln.bias', 'transformer.resblocks.0.Adapter.s_attn.conv_offset.0.weight', 'transformer.resblocks.0.Adapter.s_attn.conv_offset.0.bias', 'transformer.resblocks.0.Adapter.s_attn.conv_offset.1.norm.weight', 'transformer.resblocks.0.Adapter.s_attn.conv_offset.1.norm.bias', 'transformer.resblocks.0.Adapter.s_attn.conv_offset.3.weight', 'transformer.resblocks.0.Adapter.s_attn.proj_q.weight', 'transformer.resblocks.0.Adapter.s_attn.proj_q.bias', 'transformer.resblocks.0.Adapter.s_attn.proj_k.weight', 'transformer.resblocks.0.Adapter.s_attn.proj_k.bias', 'transformer.resblocks.0.Adapter.s_attn.proj_v.weight', 'transformer.resblocks.0.Adapter.s_attn.proj_v.bias', 'transformer.resblocks.0.Adapter.s_attn.proj_out.weight', 'transformer.resblocks.0.Adapter.s_attn.proj_out.bias', 'transformer.resblocks.0.Adapter.t_ln.weight', 'transformer.resblocks.0.Adapter.t_ln.bias', 'transformer.resblocks.0.Adapter.t_attn.conv_offset.0.weight', 'transformer.resblocks.0.Adapter.t_attn.conv_offset.0.bias', 'transformer.resblocks.0.Adapter.t_attn.conv_offset.1.norm.weight', 'transformer.resblocks.0.Adapter.t_attn.conv_offset.1.norm.bias', 'transformer.resblocks.0.Adapter.t_attn.conv_offset.3.weight', 'transformer.resblocks.0.Adapter.t_attn.proj_q.weight', 'transformer.resblocks.0.Adapter.t_attn.proj_q.bias', 'transformer.resblocks.0.Adapter.t_attn.proj_k.weight', 'transformer.resblocks.0.Adapter.t_attn.proj_k.bias', 'transformer.resblocks.0.Adapter.t_attn.proj_v.weight', 'transformer.resblocks.0.Adapter.t_attn.proj_v.bias', 'transformer.resblocks.0.Adapter.t_attn.proj_out.weight', 'transformer.resblocks.0.Adapter.t_attn.proj_out.bias', 'transformer.resblocks.0.Adapter.up.weight', 'transformer.resblocks.0.Adapter.up.bias', 'transformer.resblocks.1.Adapter.down.weight', 'transformer.resblocks.1.Adapter.down.bias', 'transformer.resblocks.1.Adapter.pos_embed.weight', 'transformer.resblocks.1.Adapter.pos_embed.bias', 'transformer.resblocks.1.Adapter.s_ln.weight', 'transformer.resblocks.1.Adapter.s_ln.bias', 'transformer.resblocks.1.Adapter.s_attn.conv_offset.0.weight', 'transformer.resblocks.1.Adapter.s_attn.conv_offset.0.bias', 'transformer.resblocks.1.Adapter.s_attn.conv_offset.1.norm.weight', 'transformer.resblocks.1.Adapter.s_attn.conv_offset.1.norm.bias', 'transformer.resblocks.1.Adapter.s_attn.conv_offset.3.weight', 'transformer.resblocks.1.Adapter.s_attn.proj_q.weight', 'transformer.resblocks.1.Adapter.s_attn.proj_q.bias', 'transformer.resblocks.1.Adapter.s_attn.proj_k.weight', 'transformer.resblocks.1.Adapter.s_attn.proj_k.bias', 'transformer.resblocks.1.Adapter.s_attn.proj_v.weight', 'transformer.resblocks.1.Adapter.s_attn.proj_v.bias', 'transformer.resblocks.1.Adapter.s_attn.proj_out.weight', 'transformer.resblocks.1.Adapter.s_attn.proj_out.bias', 'transformer.resblocks.1.Adapter.t_ln.weight', 'transformer.resblocks.1.Adapter.t_ln.bias', 'transformer.resblocks.1.Adapter.t_attn.conv_offset.0.weight', 'transformer.resblocks.1.Adapter.t_attn.conv_offset.0.bias', 'transformer.resblocks.1.Adapter.t_attn.conv_offset.1.norm.weight', 'transformer.resblocks.1.Adapter.t_attn.conv_offset.1.norm.bias', 'transformer.resblocks.1.Adapter.t_attn.conv_offset.3.weight', 'transformer.resblocks.1.Adapter.t_attn.proj_q.weight', 'transformer.resblocks.1.Adapter.t_attn.proj_q.bias', 'transformer.resblocks.1.Adapter.t_attn.proj_k.weight', 'transformer.resblocks.1.Adapter.t_attn.proj_k.bias', 'transformer.resblocks.1.Adapter.t_attn.proj_v.weight', 'transformer.resblocks.1.Adapter.t_attn.proj_v.bias', 'transformer.resblocks.1.Adapter.t_attn.proj_out.weight', 'transformer.resblocks.1.Adapter.t_attn.proj_out.bias', 'transformer.resblocks.1.Adapter.up.weight', 'transformer.resblocks.1.Adapter.up.bias', 'transformer.resblocks.2.Adapter.down.weight', 'transformer.resblocks.2.Adapter.down.bias', 'transformer.resblocks.2.Adapter.pos_embed.weight', 'transformer.resblocks.2.Adapter.pos_embed.bias', 'transformer.resblocks.2.Adapter.s_ln.weight', 'transformer.resblocks.2.Adapter.s_ln.bias', 'transformer.resblocks.2.Adapter.s_attn.conv_offset.0.weight', 'transformer.resblocks.2.Adapter.s_attn.conv_offset.0.bias', 'transformer.resblocks.2.Adapter.s_attn.conv_offset.1.norm.weight', 'transformer.resblocks.2.Adapter.s_attn.conv_offset.1.norm.bias', 'transformer.resblocks.2.Adapter.s_attn.conv_offset.3.weight', 'transformer.resblocks.2.Adapter.s_attn.proj_q.weight', 'transformer.resblocks.2.Adapter.s_attn.proj_q.bias', 'transformer.resblocks.2.Adapter.s_attn.proj_k.weight', 'transformer.resblocks.2.Adapter.s_attn.proj_k.bias', 'transformer.resblocks.2.Adapter.s_attn.proj_v.weight', 'transformer.resblocks.2.Adapter.s_attn.proj_v.bias', 'transformer.resblocks.2.Adapter.s_attn.proj_out.weight', 'transformer.resblocks.2.Adapter.s_attn.proj_out.bias', 'transformer.resblocks.2.Adapter.t_ln.weight', 'transformer.resblocks.2.Adapter.t_ln.bias', 'transformer.resblocks.2.Adapter.t_attn.conv_offset.0.weight', 'transformer.resblocks.2.Adapter.t_attn.conv_offset.0.bias', 'transformer.resblocks.2.Adapter.t_attn.conv_offset.1.norm.weight', 'transformer.resblocks.2.Adapter.t_attn.conv_offset.1.norm.bias', 'transformer.resblocks.2.Adapter.t_attn.conv_offset.3.weight', 'transformer.resblocks.2.Adapter.t_attn.proj_q.weight', 'transformer.resblocks.2.Adapter.t_attn.proj_q.bias', 'transformer.resblocks.2.Adapter.t_attn.proj_k.weight', 'transformer.resblocks.2.Adapter.t_attn.proj_k.bias', 'transformer.resblocks.2.Adapter.t_attn.proj_v.weight', 'transformer.resblocks.2.Adapter.t_attn.proj_v.bias', 'transformer.resblocks.2.Adapter.t_attn.proj_out.weight', 'transformer.resblocks.2.Adapter.t_attn.proj_out.bias', 'transformer.resblocks.2.Adapter.up.weight', 'transformer.resblocks.2.Adapter.up.bias', 'transformer.resblocks.3.Adapter.down.weight', 'transformer.resblocks.3.Adapter.down.bias', 'transformer.resblocks.3.Adapter.pos_embed.weight', 'transformer.resblocks.3.Adapter.pos_embed.bias', 'transformer.resblocks.3.Adapter.s_ln.weight', 'transformer.resblocks.3.Adapter.s_ln.bias', 'transformer.resblocks.3.Adapter.s_attn.conv_offset.0.weight', 'transformer.resblocks.3.Adapter.s_attn.conv_offset.0.bias', 'transformer.resblocks.3.Adapter.s_attn.conv_offset.1.norm.weight', 'transformer.resblocks.3.Adapter.s_attn.conv_offset.1.norm.bias', 'transformer.resblocks.3.Adapter.s_attn.conv_offset.3.weight', 'transformer.resblocks.3.Adapter.s_attn.proj_q.weight', 'transformer.resblocks.3.Adapter.s_attn.proj_q.bias', 'transformer.resblocks.3.Adapter.s_attn.proj_k.weight', 'transformer.resblocks.3.Adapter.s_attn.proj_k.bias', 'transformer.resblocks.3.Adapter.s_attn.proj_v.weight', 'transformer.resblocks.3.Adapter.s_attn.proj_v.bias', 'transformer.resblocks.3.Adapter.s_attn.proj_out.weight', 'transformer.resblocks.3.Adapter.s_attn.proj_out.bias', 'transformer.resblocks.3.Adapter.t_ln.weight', 'transformer.resblocks.3.Adapter.t_ln.bias', 'transformer.resblocks.3.Adapter.t_attn.conv_offset.0.weight', 'transformer.resblocks.3.Adapter.t_attn.conv_offset.0.bias', 'transformer.resblocks.3.Adapter.t_attn.conv_offset.1.norm.weight', 'transformer.resblocks.3.Adapter.t_attn.conv_offset.1.norm.bias', 'transformer.resblocks.3.Adapter.t_attn.conv_offset.3.weight', 'transformer.resblocks.3.Adapter.t_attn.proj_q.weight', 'transformer.resblocks.3.Adapter.t_attn.proj_q.bias', 'transformer.resblocks.3.Adapter.t_attn.proj_k.weight', 'transformer.resblocks.3.Adapter.t_attn.proj_k.bias', 'transformer.resblocks.3.Adapter.t_attn.proj_v.weight', 'transformer.resblocks.3.Adapter.t_attn.proj_v.bias', 'transformer.resblocks.3.Adapter.t_attn.proj_out.weight', 'transformer.resblocks.3.Adapter.t_attn.proj_out.bias', 'transformer.resblocks.3.Adapter.up.weight', 'transformer.resblocks.3.Adapter.up.bias', 'transformer.resblocks.4.Adapter.down.weight', 'transformer.resblocks.4.Adapter.down.bias', 'transformer.resblocks.4.Adapter.pos_embed.weight', 'transformer.resblocks.4.Adapter.pos_embed.bias', 'transformer.resblocks.4.Adapter.s_ln.weight', 'transformer.resblocks.4.Adapter.s_ln.bias', 'transformer.resblocks.4.Adapter.s_attn.conv_offset.0.weight', 'transformer.resblocks.4.Adapter.s_attn.conv_offset.0.bias', 'transformer.resblocks.4.Adapter.s_attn.conv_offset.1.norm.weight', 'transformer.resblocks.4.Adapter.s_attn.conv_offset.1.norm.bias', 'transformer.resblocks.4.Adapter.s_attn.conv_offset.3.weight', 'transformer.resblocks.4.Adapter.s_attn.proj_q.weight', 'transformer.resblocks.4.Adapter.s_attn.proj_q.bias', 'transformer.resblocks.4.Adapter.s_attn.proj_k.weight', 'transformer.resblocks.4.Adapter.s_attn.proj_k.bias', 'transformer.resblocks.4.Adapter.s_attn.proj_v.weight', 'transformer.resblocks.4.Adapter.s_attn.proj_v.bias', 'transformer.resblocks.4.Adapter.s_attn.proj_out.weight', 'transformer.resblocks.4.Adapter.s_attn.proj_out.bias', 'transformer.resblocks.4.Adapter.t_ln.weight', 'transformer.resblocks.4.Adapter.t_ln.bias', 'transformer.resblocks.4.Adapter.t_attn.conv_offset.0.weight', 'transformer.resblocks.4.Adapter.t_attn.conv_offset.0.bias', 'transformer.resblocks.4.Adapter.t_attn.conv_offset.1.norm.weight', 'transformer.resblocks.4.Adapter.t_attn.conv_offset.1.norm.bias', 'transformer.resblocks.4.Adapter.t_attn.conv_offset.3.weight', 'transformer.resblocks.4.Adapter.t_attn.proj_q.weight', 'transformer.resblocks.4.Adapter.t_attn.proj_q.bias', 'transformer.resblocks.4.Adapter.t_attn.proj_k.weight', 'transformer.resblocks.4.Adapter.t_attn.proj_k.bias', 'transformer.resblocks.4.Adapter.t_attn.proj_v.weight', 'transformer.resblocks.4.Adapter.t_attn.proj_v.bias', 'transformer.resblocks.4.Adapter.t_attn.proj_out.weight', 'transformer.resblocks.4.Adapter.t_attn.proj_out.bias', 'transformer.resblocks.4.Adapter.up.weight', 'transformer.resblocks.4.Adapter.up.bias', 'transformer.resblocks.5.Adapter.down.weight', 'transformer.resblocks.5.Adapter.down.bias', 'transformer.resblocks.5.Adapter.pos_embed.weight', 'transformer.resblocks.5.Adapter.pos_embed.bias', 'transformer.resblocks.5.Adapter.s_ln.weight', 'transformer.resblocks.5.Adapter.s_ln.bias', 'transformer.resblocks.5.Adapter.s_attn.conv_offset.0.weight', 'transformer.resblocks.5.Adapter.s_attn.conv_offset.0.bias', 'transformer.resblocks.5.Adapter.s_attn.conv_offset.1.norm.weight', 'transformer.resblocks.5.Adapter.s_attn.conv_offset.1.norm.bias', 'transformer.resblocks.5.Adapter.s_attn.conv_offset.3.weight', 'transformer.resblocks.5.Adapter.s_attn.proj_q.weight', 'transformer.resblocks.5.Adapter.s_attn.proj_q.bias', 'transformer.resblocks.5.Adapter.s_attn.proj_k.weight', 'transformer.resblocks.5.Adapter.s_attn.proj_k.bias', 'transformer.resblocks.5.Adapter.s_attn.proj_v.weight', 'transformer.resblocks.5.Adapter.s_attn.proj_v.bias', 'transformer.resblocks.5.Adapter.s_attn.proj_out.weight', 'transformer.resblocks.5.Adapter.s_attn.proj_out.bias', 'transformer.resblocks.5.Adapter.t_ln.weight', 'transformer.resblocks.5.Adapter.t_ln.bias', 'transformer.resblocks.5.Adapter.t_attn.conv_offset.0.weight', 'transformer.resblocks.5.Adapter.t_attn.conv_offset.0.bias', 'transformer.resblocks.5.Adapter.t_attn.conv_offset.1.norm.weight', 'transformer.resblocks.5.Adapter.t_attn.conv_offset.1.norm.bias', 'transformer.resblocks.5.Adapter.t_attn.conv_offset.3.weight', 'transformer.resblocks.5.Adapter.t_attn.proj_q.weight', 'transformer.resblocks.5.Adapter.t_attn.proj_q.bias', 'transformer.resblocks.5.Adapter.t_attn.proj_k.weight', 'transformer.resblocks.5.Adapter.t_attn.proj_k.bias', 'transformer.resblocks.5.Adapter.t_attn.proj_v.weight', 'transformer.resblocks.5.Adapter.t_attn.proj_v.bias', 'transformer.resblocks.5.Adapter.t_attn.proj_out.weight', 'transformer.resblocks.5.Adapter.t_attn.proj_out.bias', 'transformer.resblocks.5.Adapter.up.weight', 'transformer.resblocks.5.Adapter.up.bias', 'transformer.resblocks.6.Adapter.down.weight', 'transformer.resblocks.6.Adapter.down.bias', 'transformer.resblocks.6.Adapter.pos_embed.weight', 'transformer.resblocks.6.Adapter.pos_embed.bias', 'transformer.resblocks.6.Adapter.s_ln.weight', 'transformer.resblocks.6.Adapter.s_ln.bias', 'transformer.resblocks.6.Adapter.s_attn.conv_offset.0.weight', 'transformer.resblocks.6.Adapter.s_attn.conv_offset.0.bias', 'transformer.resblocks.6.Adapter.s_attn.conv_offset.1.norm.weight', 'transformer.resblocks.6.Adapter.s_attn.conv_offset.1.norm.bias', 'transformer.resblocks.6.Adapter.s_attn.conv_offset.3.weight', 'transformer.resblocks.6.Adapter.s_attn.proj_q.weight', 'transformer.resblocks.6.Adapter.s_attn.proj_q.bias', 'transformer.resblocks.6.Adapter.s_attn.proj_k.weight', 'transformer.resblocks.6.Adapter.s_attn.proj_k.bias', 'transformer.resblocks.6.Adapter.s_attn.proj_v.weight', 'transformer.resblocks.6.Adapter.s_attn.proj_v.bias', 'transformer.resblocks.6.Adapter.s_attn.proj_out.weight', 'transformer.resblocks.6.Adapter.s_attn.proj_out.bias', 'transformer.resblocks.6.Adapter.t_ln.weight', 'transformer.resblocks.6.Adapter.t_ln.bias', 'transformer.resblocks.6.Adapter.t_attn.conv_offset.0.weight', 'transformer.resblocks.6.Adapter.t_attn.conv_offset.0.bias', 'transformer.resblocks.6.Adapter.t_attn.conv_offset.1.norm.weight', 'transformer.resblocks.6.Adapter.t_attn.conv_offset.1.norm.bias', 'transformer.resblocks.6.Adapter.t_attn.conv_offset.3.weight', 'transformer.resblocks.6.Adapter.t_attn.proj_q.weight', 'transformer.resblocks.6.Adapter.t_attn.proj_q.bias', 'transformer.resblocks.6.Adapter.t_attn.proj_k.weight', 'transformer.resblocks.6.Adapter.t_attn.proj_k.bias', 'transformer.resblocks.6.Adapter.t_attn.proj_v.weight', 'transformer.resblocks.6.Adapter.t_attn.proj_v.bias', 'transformer.resblocks.6.Adapter.t_attn.proj_out.weight', 'transformer.resblocks.6.Adapter.t_attn.proj_out.bias', 'transformer.resblocks.6.Adapter.up.weight', 'transformer.resblocks.6.Adapter.up.bias', 'transformer.resblocks.7.Adapter.down.weight', 'transformer.resblocks.7.Adapter.down.bias', 'transformer.resblocks.7.Adapter.pos_embed.weight', 'transformer.resblocks.7.Adapter.pos_embed.bias', 'transformer.resblocks.7.Adapter.s_ln.weight', 'transformer.resblocks.7.Adapter.s_ln.bias', 'transformer.resblocks.7.Adapter.s_attn.conv_offset.0.weight', 'transformer.resblocks.7.Adapter.s_attn.conv_offset.0.bias', 'transformer.resblocks.7.Adapter.s_attn.conv_offset.1.norm.weight', 'transformer.resblocks.7.Adapter.s_attn.conv_offset.1.norm.bias', 'transformer.resblocks.7.Adapter.s_attn.conv_offset.3.weight', 'transformer.resblocks.7.Adapter.s_attn.proj_q.weight', 'transformer.resblocks.7.Adapter.s_attn.proj_q.bias', 'transformer.resblocks.7.Adapter.s_attn.proj_k.weight', 'transformer.resblocks.7.Adapter.s_attn.proj_k.bias', 'transformer.resblocks.7.Adapter.s_attn.proj_v.weight', 'transformer.resblocks.7.Adapter.s_attn.proj_v.bias', 'transformer.resblocks.7.Adapter.s_attn.proj_out.weight', 'transformer.resblocks.7.Adapter.s_attn.proj_out.bias', 'transformer.resblocks.7.Adapter.t_ln.weight', 'transformer.resblocks.7.Adapter.t_ln.bias', 'transformer.resblocks.7.Adapter.t_attn.conv_offset.0.weight', 'transformer.resblocks.7.Adapter.t_attn.conv_offset.0.bias', 'transformer.resblocks.7.Adapter.t_attn.conv_offset.1.norm.weight', 'transformer.resblocks.7.Adapter.t_attn.conv_offset.1.norm.bias', 'transformer.resblocks.7.Adapter.t_attn.conv_offset.3.weight', 'transformer.resblocks.7.Adapter.t_attn.proj_q.weight', 'transformer.resblocks.7.Adapter.t_attn.proj_q.bias', 'transformer.resblocks.7.Adapter.t_attn.proj_k.weight', 'transformer.resblocks.7.Adapter.t_attn.proj_k.bias', 'transformer.resblocks.7.Adapter.t_attn.proj_v.weight', 'transformer.resblocks.7.Adapter.t_attn.proj_v.bias', 'transformer.resblocks.7.Adapter.t_attn.proj_out.weight', 'transformer.resblocks.7.Adapter.t_attn.proj_out.bias', 'transformer.resblocks.7.Adapter.up.weight', 'transformer.resblocks.7.Adapter.up.bias', 'transformer.resblocks.8.Adapter.down.weight', 'transformer.resblocks.8.Adapter.down.bias', 'transformer.resblocks.8.Adapter.pos_embed.weight', 'transformer.resblocks.8.Adapter.pos_embed.bias', 'transformer.resblocks.8.Adapter.s_ln.weight', 'transformer.resblocks.8.Adapter.s_ln.bias', 'transformer.resblocks.8.Adapter.s_attn.conv_offset.0.weight', 'transformer.resblocks.8.Adapter.s_attn.conv_offset.0.bias', 'transformer.resblocks.8.Adapter.s_attn.conv_offset.1.norm.weight', 'transformer.resblocks.8.Adapter.s_attn.conv_offset.1.norm.bias', 'transformer.resblocks.8.Adapter.s_attn.conv_offset.3.weight', 'transformer.resblocks.8.Adapter.s_attn.proj_q.weight', 'transformer.resblocks.8.Adapter.s_attn.proj_q.bias', 'transformer.resblocks.8.Adapter.s_attn.proj_k.weight', 'transformer.resblocks.8.Adapter.s_attn.proj_k.bias', 'transformer.resblocks.8.Adapter.s_attn.proj_v.weight', 'transformer.resblocks.8.Adapter.s_attn.proj_v.bias', 'transformer.resblocks.8.Adapter.s_attn.proj_out.weight', 'transformer.resblocks.8.Adapter.s_attn.proj_out.bias', 'transformer.resblocks.8.Adapter.t_ln.weight', 'transformer.resblocks.8.Adapter.t_ln.bias', 'transformer.resblocks.8.Adapter.t_attn.conv_offset.0.weight', 'transformer.resblocks.8.Adapter.t_attn.conv_offset.0.bias', 'transformer.resblocks.8.Adapter.t_attn.conv_offset.1.norm.weight', 'transformer.resblocks.8.Adapter.t_attn.conv_offset.1.norm.bias', 'transformer.resblocks.8.Adapter.t_attn.conv_offset.3.weight', 'transformer.resblocks.8.Adapter.t_attn.proj_q.weight', 'transformer.resblocks.8.Adapter.t_attn.proj_q.bias', 'transformer.resblocks.8.Adapter.t_attn.proj_k.weight', 'transformer.resblocks.8.Adapter.t_attn.proj_k.bias', 'transformer.resblocks.8.Adapter.t_attn.proj_v.weight', 'transformer.resblocks.8.Adapter.t_attn.proj_v.bias', 'transformer.resblocks.8.Adapter.t_attn.proj_out.weight', 'transformer.resblocks.8.Adapter.t_attn.proj_out.bias', 'transformer.resblocks.8.Adapter.up.weight', 'transformer.resblocks.8.Adapter.up.bias', 'transformer.resblocks.9.Adapter.down.weight', 'transformer.resblocks.9.Adapter.down.bias', 'transformer.resblocks.9.Adapter.pos_embed.weight', 'transformer.resblocks.9.Adapter.pos_embed.bias', 'transformer.resblocks.9.Adapter.s_ln.weight', 'transformer.resblocks.9.Adapter.s_ln.bias', 'transformer.resblocks.9.Adapter.s_attn.conv_offset.0.weight', 'transformer.resblocks.9.Adapter.s_attn.conv_offset.0.bias', 'transformer.resblocks.9.Adapter.s_attn.conv_offset.1.norm.weight', 'transformer.resblocks.9.Adapter.s_attn.conv_offset.1.norm.bias', 'transformer.resblocks.9.Adapter.s_attn.conv_offset.3.weight', 'transformer.resblocks.9.Adapter.s_attn.proj_q.weight', 'transformer.resblocks.9.Adapter.s_attn.proj_q.bias', 'transformer.resblocks.9.Adapter.s_attn.proj_k.weight', 'transformer.resblocks.9.Adapter.s_attn.proj_k.bias', 'transformer.resblocks.9.Adapter.s_attn.proj_v.weight', 'transformer.resblocks.9.Adapter.s_attn.proj_v.bias', 'transformer.resblocks.9.Adapter.s_attn.proj_out.weight', 'transformer.resblocks.9.Adapter.s_attn.proj_out.bias', 'transformer.resblocks.9.Adapter.t_ln.weight', 'transformer.resblocks.9.Adapter.t_ln.bias', 'transformer.resblocks.9.Adapter.t_attn.conv_offset.0.weight', 'transformer.resblocks.9.Adapter.t_attn.conv_offset.0.bias', 'transformer.resblocks.9.Adapter.t_attn.conv_offset.1.norm.weight', 'transformer.resblocks.9.Adapter.t_attn.conv_offset.1.norm.bias', 'transformer.resblocks.9.Adapter.t_attn.conv_offset.3.weight', 'transformer.resblocks.9.Adapter.t_attn.proj_q.weight', 'transformer.resblocks.9.Adapter.t_attn.proj_q.bias', 'transformer.resblocks.9.Adapter.t_attn.proj_k.weight', 'transformer.resblocks.9.Adapter.t_attn.proj_k.bias', 'transformer.resblocks.9.Adapter.t_attn.proj_v.weight', 'transformer.resblocks.9.Adapter.t_attn.proj_v.bias', 'transformer.resblocks.9.Adapter.t_attn.proj_out.weight', 'transformer.resblocks.9.Adapter.t_attn.proj_out.bias', 'transformer.resblocks.9.Adapter.up.weight', 'transformer.resblocks.9.Adapter.up.bias', 'transformer.resblocks.10.Adapter.down.weight', 'transformer.resblocks.10.Adapter.down.bias', 'transformer.resblocks.10.Adapter.pos_embed.weight', 'transformer.resblocks.10.Adapter.pos_embed.bias', 'transformer.resblocks.10.Adapter.s_ln.weight', 'transformer.resblocks.10.Adapter.s_ln.bias', 'transformer.resblocks.10.Adapter.s_attn.conv_offset.0.weight', 'transformer.resblocks.10.Adapter.s_attn.conv_offset.0.bias', 'transformer.resblocks.10.Adapter.s_attn.conv_offset.1.norm.weight', 'transformer.resblocks.10.Adapter.s_attn.conv_offset.1.norm.bias', 'transformer.resblocks.10.Adapter.s_attn.conv_offset.3.weight', 'transformer.resblocks.10.Adapter.s_attn.proj_q.weight', 'transformer.resblocks.10.Adapter.s_attn.proj_q.bias', 'transformer.resblocks.10.Adapter.s_attn.proj_k.weight', 'transformer.resblocks.10.Adapter.s_attn.proj_k.bias', 'transformer.resblocks.10.Adapter.s_attn.proj_v.weight', 'transformer.resblocks.10.Adapter.s_attn.proj_v.bias', 'transformer.resblocks.10.Adapter.s_attn.proj_out.weight', 'transformer.resblocks.10.Adapter.s_attn.proj_out.bias', 'transformer.resblocks.10.Adapter.t_ln.weight', 'transformer.resblocks.10.Adapter.t_ln.bias', 'transformer.resblocks.10.Adapter.t_attn.conv_offset.0.weight', 'transformer.resblocks.10.Adapter.t_attn.conv_offset.0.bias', 'transformer.resblocks.10.Adapter.t_attn.conv_offset.1.norm.weight', 'transformer.resblocks.10.Adapter.t_attn.conv_offset.1.norm.bias', 'transformer.resblocks.10.Adapter.t_attn.conv_offset.3.weight', 'transformer.resblocks.10.Adapter.t_attn.proj_q.weight', 'transformer.resblocks.10.Adapter.t_attn.proj_q.bias', 'transformer.resblocks.10.Adapter.t_attn.proj_k.weight', 'transformer.resblocks.10.Adapter.t_attn.proj_k.bias', 'transformer.resblocks.10.Adapter.t_attn.proj_v.weight', 'transformer.resblocks.10.Adapter.t_attn.proj_v.bias', 'transformer.resblocks.10.Adapter.t_attn.proj_out.weight', 'transformer.resblocks.10.Adapter.t_attn.proj_out.bias', 'transformer.resblocks.10.Adapter.up.weight', 'transformer.resblocks.10.Adapter.up.bias', 'transformer.resblocks.11.Adapter.down.weight', 'transformer.resblocks.11.Adapter.down.bias', 'transformer.resblocks.11.Adapter.pos_embed.weight', 'transformer.resblocks.11.Adapter.pos_embed.bias', 'transformer.resblocks.11.Adapter.s_ln.weight', 'transformer.resblocks.11.Adapter.s_ln.bias', 'transformer.resblocks.11.Adapter.s_attn.conv_offset.0.weight', 'transformer.resblocks.11.Adapter.s_attn.conv_offset.0.bias', 'transformer.resblocks.11.Adapter.s_attn.conv_offset.1.norm.weight', 'transformer.resblocks.11.Adapter.s_attn.conv_offset.1.norm.bias', 'transformer.resblocks.11.Adapter.s_attn.conv_offset.3.weight', 'transformer.resblocks.11.Adapter.s_attn.proj_q.weight', 'transformer.resblocks.11.Adapter.s_attn.proj_q.bias', 'transformer.resblocks.11.Adapter.s_attn.proj_k.weight', 'transformer.resblocks.11.Adapter.s_attn.proj_k.bias', 'transformer.resblocks.11.Adapter.s_attn.proj_v.weight', 'transformer.resblocks.11.Adapter.s_attn.proj_v.bias', 'transformer.resblocks.11.Adapter.s_attn.proj_out.weight', 'transformer.resblocks.11.Adapter.s_attn.proj_out.bias', 'transformer.resblocks.11.Adapter.t_ln.weight', 'transformer.resblocks.11.Adapter.t_ln.bias', 'transformer.resblocks.11.Adapter.t_attn.conv_offset.0.weight', 'transformer.resblocks.11.Adapter.t_attn.conv_offset.0.bias', 'transformer.resblocks.11.Adapter.t_attn.conv_offset.1.norm.weight', 'transformer.resblocks.11.Adapter.t_attn.conv_offset.1.norm.bias', 'transformer.resblocks.11.Adapter.t_attn.conv_offset.3.weight', 'transformer.resblocks.11.Adapter.t_attn.proj_q.weight', 'transformer.resblocks.11.Adapter.t_attn.proj_q.bias', 'transformer.resblocks.11.Adapter.t_attn.proj_k.weight', 'transformer.resblocks.11.Adapter.t_attn.proj_k.bias', 'transformer.resblocks.11.Adapter.t_attn.proj_v.weight', 'transformer.resblocks.11.Adapter.t_attn.proj_v.bias', 'transformer.resblocks.11.Adapter.t_attn.proj_out.weight', 'transformer.resblocks.11.Adapter.t_attn.proj_out.bias', 'transformer.resblocks.11.Adapter.up.weight', 'transformer.resblocks.11.Adapter.up.bias', 'classification_layer.weight', 'classification_layer.bias', 'focus_branch.temporal_alpha', 'focus_branch.norm.weight', 'focus_branch.norm.bias', 'focus_branch.time_proj.weight', 'focus_branch.time_proj.bias', 'focus_branch.temporal.self_attn.in_proj_weight', 'focus_branch.temporal.self_attn.in_proj_bias', 'focus_branch.temporal.self_attn.out_proj.weight', 'focus_branch.temporal.self_attn.out_proj.bias', 'focus_branch.temporal.linear1.weight', 'focus_branch.temporal.linear1.bias', 'focus_branch.temporal.linear2.weight', 'focus_branch.temporal.linear2.bias', 'focus_branch.temporal.norm1.weight', 'focus_branch.temporal.norm1.bias', 'focus_branch.temporal.norm2.weight', 'focus_branch.temporal.norm2.bias', 'focus_branch.gate.0.weight', 'focus_branch.gate.0.bias', 'focus_branch.gate.2.weight', 'focus_branch.gate.2.bias', 'task_matcher.context_norm.weight', 'task_matcher.context_norm.bias', 'task_matcher.generator.0.weight', 'task_matcher.generator.0.bias', 'task_matcher.generator.3.weight', 'task_matcher.generator.3.bias']
[08/21 19:35:02][INFO] models.base.adapter:  769: Unexpected keys: []
[08/21 19:35:02][INFO] models.base.adapter:  770: => loaded successfully 'ViT-B/16'
[08/21 19:35:02][INFO] models.base.adapter:  777: init:  transformer.resblocks.0.Adapter.up
[08/21 19:35:02][INFO] models.base.adapter:  777: init:  transformer.resblocks.1.Adapter.up
[08/21 19:35:02][INFO] models.base.adapter:  777: init:  transformer.resblocks.2.Adapter.up
[08/21 19:35:02][INFO] models.base.adapter:  777: init:  transformer.resblocks.3.Adapter.up
[08/21 19:35:02][INFO] models.base.adapter:  777: init:  transformer.resblocks.4.Adapter.up
[08/21 19:35:02][INFO] models.base.adapter:  777: init:  transformer.resblocks.5.Adapter.up
[08/21 19:35:02][INFO] models.base.adapter:  777: init:  transformer.resblocks.6.Adapter.up
[08/21 19:35:02][INFO] models.base.adapter:  777: init:  transformer.resblocks.7.Adapter.up
[08/21 19:35:02][INFO] models.base.adapter:  777: init:  transformer.resblocks.8.Adapter.up
[08/21 19:35:02][INFO] models.base.adapter:  777: init:  transformer.resblocks.9.Adapter.up
[08/21 19:35:02][INFO] models.base.adapter:  777: init:  transformer.resblocks.10.Adapter.up
[08/21 19:35:02][INFO] models.base.adapter:  777: init:  transformer.resblocks.11.Adapter.up
[08/21 19:35:02][INFO] train_net_few_shot:  288: Model:
BaseVideoModel(
  (model): ViT_CLIP(
    (conv1): Conv2d(3, 768, kernel_size=(16, 16), stride=(16, 16), bias=False)
    (ln_pre): LayerNorm((768,), eps=1e-05, elementwise_affine=True, bias=True)
    (transformer): Transformer(
      (resblocks): ModuleList(
        (0-11): 12 x ResidualAttentionBlock(
          (ln_1): LayerNorm((768,), eps=1e-05, elementwise_affine=True, bias=True)
          (attn): MultiheadAttention(
            (out_proj): NonDynamicallyQuantizableLinear(in_features=768, out_features=768, bias=True)
          )
          (ln_2): LayerNorm((768,), eps=1e-05, elementwise_affine=True, bias=True)
          (mlp): Sequential(
            (c_fc): Linear(in_features=768, out_features=3072, bias=True)
            (gelu): QuickGELU()
            (c_proj): Linear(in_features=3072, out_features=768, bias=True)
          )
          (Adapter): ViT_D2ST_Adapter(
            (down): Linear(in_features=768, out_features=192, bias=True)
            (gelu1): GELU(approximate='none')
            (pos_embed): Conv3d(192, 192, kernel_size=(3, 3, 3), stride=(1, 1, 1), padding=(1, 1, 1), groups=192)
            (s_ln): LayerNorm((192,), eps=1e-05, elementwise_affine=True, bias=True)
            (s_attn): ViT_DeformAttention(
              (conv_offset): Sequential(
                (0): Conv3d(48, 48, kernel_size=(4, 5, 5), stride=(4, 3, 3), groups=48)
                (1): LayerNormProxy(
                  (norm): LayerNorm((48,), eps=1e-05, elementwise_affine=True, bias=True)
                )
                (2): GELU(approximate='none')
                (3): Conv3d(48, 3, kernel_size=(1, 1, 1), stride=(1, 1, 1), bias=False)
              )
              (proj_q): Linear(in_features=192, out_features=192, bias=True)
              (proj_k): Linear(in_features=192, out_features=192, bias=True)
              (proj_v): Linear(in_features=192, out_features=192, bias=True)
              (proj_out): Linear(in_features=192, out_features=192, bias=True)
            )
            (t_ln): LayerNorm((192,), eps=1e-05, elementwise_affine=True, bias=True)
            (t_attn): ViT_DeformAttention(
              (conv_offset): Sequential(
                (0): Conv3d(48, 48, kernel_size=(1, 7, 7), stride=(1, 7, 7), groups=48)
                (1): LayerNormProxy(
                  (norm): LayerNorm((48,), eps=1e-05, elementwise_affine=True, bias=True)
                )
                (2): GELU(approximate='none')
                (3): Conv3d(48, 3, kernel_size=(1, 1, 1), stride=(1, 1, 1), bias=False)
              )
              (proj_q): Linear(in_features=192, out_features=192, bias=True)
              (proj_k): Linear(in_features=192, out_features=192, bias=True)
              (proj_v): Linear(in_features=192, out_features=192, bias=True)
              (proj_out): Linear(in_features=192, out_features=192, bias=True)
            )
            (gelu): GELU(approximate='none')
            (up): Linear(in_features=192, out_features=768, bias=True)
            (gelu2): GELU(approximate='none')
          )
        )
      )
    )
    (ln_post): LayerNorm((768,), eps=1e-05, elementwise_affine=True, bias=True)
    (classification_layer): Linear(in_features=768, out_features=64, bias=True)
    (focus_branch): D2STFocusResidual(
      (norm): LayerNorm((768,), eps=1e-05, elementwise_affine=True, bias=True)
      (time_proj): Linear(in_features=1, out_features=768, bias=True)
      (temporal): TransformerEncoderLayer(
        (self_attn): MultiheadAttention(
          (out_proj): NonDynamicallyQuantizableLinear(in_features=768, out_features=768, bias=True)
        )
        (linear1): Linear(in_features=768, out_features=1536, bias=True)
        (dropout): Dropout(p=0.1, inplace=False)
        (linear2): Linear(in_features=1536, out_features=768, bias=True)
        (norm1): LayerNorm((768,), eps=1e-05, elementwise_affine=True, bias=True)
        (norm2): LayerNorm((768,), eps=1e-05, elementwise_affine=True, bias=True)
        (dropout1): Dropout(p=0.1, inplace=False)
        (dropout2): Dropout(p=0.1, inplace=False)
      )
      (gate): Sequential(
        (0): Linear(in_features=768, out_features=48, bias=True)
        (1): GELU(approximate='none')
        (2): Linear(in_features=48, out_features=1, bias=True)
      )
    )
    (task_matcher): D2STTaskAwareMatcher(
      (context_norm): LayerNorm((768,), eps=1e-05, elementwise_affine=True, bias=True)
      (generator): Sequential(
        (0): Linear(in_features=768, out_features=192, bias=True)
        (1): GELU(approximate='none')
        (2): Dropout(p=0.1, inplace=False)
        (3): Linear(in_features=192, out_features=64, bias=True)
      )
    )
  )
)
[08/21 19:35:02][INFO] models.utils.optimizer:   82: Optimized parameters constructed. Parameters without weight decay: []
[08/21 19:35:02][INFO] datasets.base.few_shot_dataset:   97: Reading video list from file: train_few_shot.txt
[08/21 19:35:02][INFO] datasets.base.few_shot_dataset:  127: Loading SSv2-Full dataset list for split 'train'...
[08/21 19:35:02][INFO] datasets.base.few_shot_dataset:   47: loaded 67013 videos from train dataset: SSv2-Full !
[08/21 19:35:02][INFO] datasets.base.few_shot_dataset:  153: Dataset SSv2-Full split train loaded. Length 67013.
[08/21 19:35:02][INFO] datasets.base.few_shot_dataset:   97: Reading video list from file: test_few_shot.txt
[08/21 19:35:02][INFO] datasets.base.few_shot_dataset:  127: Loading SSv2-Full dataset list for split 'test'...
[08/21 19:35:02][INFO] datasets.base.few_shot_dataset:   47: loaded 2857 videos from test dataset: SSv2-Full !
[08/21 19:35:02][INFO] datasets.base.few_shot_dataset:  153: Dataset SSv2-Full split test loaded. Length 2857.
[08/21 19:35:02][INFO] train_net_few_shot:  310: Start epoch: 1
[08/21 19:35:02][INFO] train_net_few_shot:  339: Number of total parameters: 98057700, tunable parameters: 12260580
[08/21 19:35:02][INFO] train_net_few_shot:   69: Norm training: True
[08/21 19:35:02][INFO] train_net_few_shot:   87: Gradient accumulation: steps=4, normalize=False
[08/21 19:36:22][INFO] utils.logging:   91: {"_type": "train_iter", "iter": "200/30000", "loss": 9.905006, "lr": 0.000253, "top1_acc": 34.700000}
[08/21 19:37:40][INFO] utils.logging:   91: {"_type": "train_iter", "iter": "400/30000", "loss": 9.200780, "lr": 0.000306, "top1_acc": 41.200000}
[08/21 19:38:58][INFO] utils.logging:   91: {"_type": "train_iter", "iter": "600/30000", "loss": 8.400023, "lr": 0.000360, "top1_acc": 45.400000}
[08/21 19:40:16][INFO] utils.logging:   91: {"_type": "train_iter", "iter": "800/30000", "loss": 7.540848, "lr": 0.000413, "top1_acc": 47.600000}
[08/21 19:41:34][INFO] utils.logging:   91: {"_type": "train_iter", "iter": "1000/30000", "loss": 7.117851, "lr": 0.000466, "top1_acc": 50.300000}
[08/21 19:42:52][INFO] utils.logging:   91: {"_type": "train_iter", "iter": "1200/30000", "loss": 6.899173, "lr": 0.000520, "top1_acc": 52.000000}
[08/21 19:44:11][INFO] utils.logging:   91: {"_type": "train_iter", "iter": "1400/30000", "loss": 6.301007, "lr": 0.000573, "top1_acc": 57.600000}
[08/21 19:45:29][INFO] utils.logging:   91: {"_type": "train_iter", "iter": "1600/30000", "loss": 5.782783, "lr": 0.000626, "top1_acc": 60.800001}
[08/21 19:46:47][INFO] utils.logging:   91: {"_type": "train_iter", "iter": "1800/30000", "loss": 5.578417, "lr": 0.000680, "top1_acc": 61.500001}
[08/21 19:48:05][INFO] utils.logging:   91: {"_type": "train_iter", "iter": "2000/30000", "loss": 5.538677, "lr": 0.000733, "top1_acc": 62.000001}
[08/21 19:49:23][INFO] utils.logging:   91: {"_type": "train_iter", "iter": "2200/30000", "loss": 5.316169, "lr": 0.000786, "top1_acc": 61.900001}
[08/21 19:50:42][INFO] utils.logging:   91: {"_type": "train_iter", "iter": "2400/30000", "loss": 5.130657, "lr": 0.000840, "top1_acc": 62.600001}
[08/21 19:52:00][INFO] utils.logging:   91: {"_type": "train_iter", "iter": "2600/30000", "loss": 5.172695, "lr": 0.000893, "top1_acc": 62.700001}
[08/21 19:53:18][INFO] utils.logging:   91: {"_type": "train_iter", "iter": "2800/30000", "loss": 4.962379, "lr": 0.000946, "top1_acc": 62.500001}
[08/21 19:54:36][INFO] utils.logging:   91: {"_type": "train_iter", "iter": "3000/30000", "loss": 4.779384, "lr": 0.001000, "top1_acc": 66.700001}
[08/21 19:55:54][INFO] utils.logging:   91: {"_type": "train_iter", "iter": "3200/30000", "loss": 4.698433, "lr": 0.001000, "top1_acc": 65.300001}
[08/21 19:57:13][INFO] utils.logging:   91: {"_type": "train_iter", "iter": "3400/30000", "loss": 4.189015, "lr": 0.001000, "top1_acc": 69.000001}
[08/21 19:58:31][INFO] utils.logging:   91: {"_type": "train_iter", "iter": "3600/30000", "loss": 4.539333, "lr": 0.001000, "top1_acc": 67.200001}
[08/21 19:59:49][INFO] utils.logging:   91: {"_type": "train_iter", "iter": "3800/30000", "loss": 4.112098, "lr": 0.001000, "top1_acc": 71.300001}
[08/21 20:01:07][INFO] utils.logging:   91: {"_type": "train_iter", "iter": "4000/30000", "loss": 4.098904, "lr": 0.001000, "top1_acc": 67.500001}
[08/21 20:02:20][INFO] datasets.base.few_shot_dataset:  420: Error at decoding. Vid index: 54100, Vid path: /mnt/data/yanyi2025/lrc/action_data/ssv2/videos/videos/96464.webm
[08/21 20:02:26][INFO] utils.logging:   91: {"_type": "train_iter", "iter": "4200/30000", "loss": 4.123940, "lr": 0.001000, "top1_acc": 68.200001}
[08/21 20:03:44][INFO] utils.logging:   91: {"_type": "train_iter", "iter": "4400/30000", "loss": 4.107418, "lr": 0.001000, "top1_acc": 70.100001}
[08/21 20:05:02][INFO] utils.logging:   91: {"_type": "train_iter", "iter": "4600/30000", "loss": 3.915599, "lr": 0.001000, "top1_acc": 69.600001}
[08/21 20:06:20][INFO] utils.logging:   91: {"_type": "train_iter", "iter": "4800/30000", "loss": 3.901273, "lr": 0.001000, "top1_acc": 68.900001}
[08/21 20:07:39][INFO] utils.logging:   91: {"_type": "train_iter", "iter": "5000/30000", "loss": 3.823005, "lr": 0.001000, "top1_acc": 72.100002}
[08/21 20:08:57][INFO] utils.logging:   91: {"_type": "train_iter", "iter": "5200/30000", "loss": 3.539135, "lr": 0.001000, "top1_acc": 73.300002}
[08/21 20:10:15][INFO] utils.logging:   91: {"_type": "train_iter", "iter": "5400/30000", "loss": 3.526709, "lr": 0.001000, "top1_acc": 73.200001}
[08/21 20:11:33][INFO] utils.logging:   91: {"_type": "train_iter", "iter": "5600/30000", "loss": 3.706749, "lr": 0.001000, "top1_acc": 70.300001}
[08/21 20:12:51][INFO] utils.logging:   91: {"_type": "train_iter", "iter": "5800/30000", "loss": 3.351637, "lr": 0.001000, "top1_acc": 75.000001}
[08/21 20:14:10][INFO] utils.logging:   91: {"_type": "train_iter", "iter": "6000/30000", "loss": 3.294732, "lr": 0.001000, "top1_acc": 76.200001}
[08/21 20:15:28][INFO] utils.logging:   91: {"_type": "train_iter", "iter": "6200/30000", "loss": 3.182211, "lr": 0.001000, "top1_acc": 74.400002}
[08/21 20:16:46][INFO] utils.logging:   91: {"_type": "train_iter", "iter": "6400/30000", "loss": 3.197150, "lr": 0.001000, "top1_acc": 73.400001}
[08/21 20:18:04][INFO] utils.logging:   91: {"_type": "train_iter", "iter": "6600/30000", "loss": 3.275632, "lr": 0.001000, "top1_acc": 73.700001}
[08/21 20:19:22][INFO] utils.logging:   91: {"_type": "train_iter", "iter": "6800/30000", "loss": 3.125037, "lr": 0.001000, "top1_acc": 77.100001}
[08/21 20:20:41][INFO] utils.logging:   91: {"_type": "train_iter", "iter": "7000/30000", "loss": 3.023778, "lr": 0.001000, "top1_acc": 75.600001}
[08/21 20:21:59][INFO] utils.logging:   91: {"_type": "train_iter", "iter": "7200/30000", "loss": 3.141446, "lr": 0.001000, "top1_acc": 74.100002}
[08/21 20:23:17][INFO] utils.logging:   91: {"_type": "train_iter", "iter": "7400/30000", "loss": 3.173272, "lr": 0.001000, "top1_acc": 75.100001}
[08/21 20:24:35][INFO] utils.logging:   91: {"_type": "train_iter", "iter": "7600/30000", "loss": 2.845050, "lr": 0.001000, "top1_acc": 77.900002}
[08/21 20:25:54][INFO] utils.logging:   91: {"_type": "train_iter", "iter": "7800/30000", "loss": 2.796569, "lr": 0.001000, "top1_acc": 77.300001}
[08/21 20:27:12][INFO] utils.logging:   91: {"_type": "train_iter", "iter": "8000/30000", "loss": 2.914736, "lr": 0.001000, "top1_acc": 77.000001}
[08/21 20:28:30][INFO] utils.logging:   91: {"_type": "train_iter", "iter": "8200/30000", "loss": 2.984726, "lr": 0.001000, "top1_acc": 76.800001}
[08/21 20:29:48][INFO] utils.logging:   91: {"_type": "train_iter", "iter": "8400/30000", "loss": 2.751710, "lr": 0.001000, "top1_acc": 76.700001}
[08/21 20:31:06][INFO] utils.logging:   91: {"_type": "train_iter", "iter": "8600/30000", "loss": 2.741000, "lr": 0.001000, "top1_acc": 78.700002}
[08/21 20:32:25][INFO] utils.logging:   91: {"_type": "train_iter", "iter": "8800/30000", "loss": 2.769136, "lr": 0.001000, "top1_acc": 77.100001}
[08/21 20:33:43][INFO] utils.logging:   91: {"_type": "train_iter", "iter": "9000/30000", "loss": 2.516449, "lr": 0.001000, "top1_acc": 81.600001}
[08/21 20:35:01][INFO] utils.logging:   91: {"_type": "train_iter", "iter": "9200/30000", "loss": 2.665943, "lr": 0.001000, "top1_acc": 79.000001}
[08/21 20:36:19][INFO] utils.logging:   91: {"_type": "train_iter", "iter": "9400/30000", "loss": 2.763644, "lr": 0.001000, "top1_acc": 78.700001}
[08/21 20:37:38][INFO] utils.logging:   91: {"_type": "train_iter", "iter": "9600/30000", "loss": 2.504440, "lr": 0.001000, "top1_acc": 80.500001}
[08/21 20:38:56][INFO] utils.logging:   91: {"_type": "train_iter", "iter": "9800/30000", "loss": 2.457289, "lr": 0.001000, "top1_acc": 81.400001}
[08/21 20:40:18][INFO] datasets.base.few_shot_dataset:  420: Error at decoding. Vid index: 2581, Vid path: /mnt/data/yanyi2025/lrc/action_data/ssv2/videos/videos/113474.webm
[08/21 20:40:26][INFO] datasets.base.few_shot_dataset:  420: Error at decoding. Vid index: 2581, Vid path: /mnt/data/yanyi2025/lrc/action_data/ssv2/videos/videos/113474.webm
[08/21 20:40:37][INFO] utils.logging:   91: {"_type": "val_iter", "gpu_mem": "1.86 GB", "iter": "200/10000", "top1_acc": 60.400001}
[08/21 20:41:00][INFO] utils.logging:   91: {"_type": "val_iter", "gpu_mem": "1.86 GB", "iter": "400/10000", "top1_acc": 57.900001}
[08/21 20:41:22][WARNING] datasets.base.few_shot_dataset:  251: Error at decoding. 1/5. Vid index: [185, 182], Vid path: 9
[08/21 20:41:23][INFO] utils.logging:   91: {"_type": "val_iter", "gpu_mem": "1.86 GB", "iter": "600/10000", "top1_acc": 60.900001}
[08/21 20:41:46][INFO] utils.logging:   91: {"_type": "val_iter", "gpu_mem": "1.86 GB", "iter": "800/10000", "top1_acc": 62.100001}
[08/21 20:42:09][INFO] utils.logging:   91: {"_type": "val_iter", "gpu_mem": "1.86 GB", "iter": "1000/10000", "top1_acc": 63.200001}
[08/21 20:42:26][WARNING] datasets.base.few_shot_dataset:  251: Error at decoding. 1/5. Vid index: [64, 185], Vid path: 9
[08/21 20:42:32][INFO] utils.logging:   91: {"_type": "val_iter", "gpu_mem": "1.86 GB", "iter": "1200/10000", "top1_acc": 60.200001}
[08/21 20:42:54][INFO] utils.logging:   91: {"_type": "val_iter", "gpu_mem": "1.86 GB", "iter": "1400/10000", "top1_acc": 60.400001}
[08/21 20:43:17][INFO] utils.logging:   91: {"_type": "val_iter", "gpu_mem": "1.86 GB", "iter": "1600/10000", "top1_acc": 60.000001}
[08/21 20:43:39][INFO] utils.logging:   91: {"_type": "val_iter", "gpu_mem": "1.86 GB", "iter": "1800/10000", "top1_acc": 61.000001}
[08/21 20:44:02][INFO] utils.logging:   91: {"_type": "val_iter", "gpu_mem": "1.86 GB", "iter": "2000/10000", "top1_acc": 60.000001}
[08/21 20:44:19][INFO] datasets.base.few_shot_dataset:  420: Error at decoding. Vid index: 2581, Vid path: /mnt/data/yanyi2025/lrc/action_data/ssv2/videos/videos/113474.webm
[08/21 20:44:25][INFO] utils.logging:   91: {"_type": "val_iter", "gpu_mem": "1.86 GB", "iter": "2200/10000", "top1_acc": 61.800001}
[08/21 20:44:43][WARNING] datasets.base.few_shot_dataset:  251: Error at decoding. 1/5. Vid index: [86, 185], Vid path: 9
[08/21 20:44:47][INFO] utils.logging:   91: {"_type": "val_iter", "gpu_mem": "1.86 GB", "iter": "2400/10000", "top1_acc": 58.900001}
[08/21 20:45:10][INFO] utils.logging:   91: {"_type": "val_iter", "gpu_mem": "1.86 GB", "iter": "2600/10000", "top1_acc": 59.200001}
[08/21 20:45:33][INFO] utils.logging:   91: {"_type": "val_iter", "gpu_mem": "1.86 GB", "iter": "2800/10000", "top1_acc": 62.200001}
[08/21 20:45:56][INFO] utils.logging:   91: {"_type": "val_iter", "gpu_mem": "1.86 GB", "iter": "3000/10000", "top1_acc": 61.600001}
[08/21 20:46:18][INFO] utils.logging:   91: {"_type": "val_iter", "gpu_mem": "1.86 GB", "iter": "3200/10000", "top1_acc": 58.900001}
[08/21 20:46:41][INFO] utils.logging:   91: {"_type": "val_iter", "gpu_mem": "1.86 GB", "iter": "3400/10000", "top1_acc": 61.300001}
[08/21 20:46:55][WARNING] datasets.base.few_shot_dataset:  251: Error at decoding. 1/5. Vid index: [185, 52], Vid path: 9
[08/21 20:47:04][INFO] utils.logging:   91: {"_type": "val_iter", "gpu_mem": "1.86 GB", "iter": "3600/10000", "top1_acc": 58.000001}
[08/21 20:47:26][INFO] utils.logging:   91: {"_type": "val_iter", "gpu_mem": "1.86 GB", "iter": "3800/10000", "top1_acc": 60.200001}
[08/21 20:47:45][WARNING] datasets.base.few_shot_dataset:  251: Error at decoding. 1/5. Vid index: [116, 185], Vid path: 9
[08/21 20:47:49][INFO] utils.logging:   91: {"_type": "val_iter", "gpu_mem": "1.86 GB", "iter": "4000/10000", "top1_acc": 64.300001}
[08/21 20:48:10][INFO] datasets.base.few_shot_dataset:  420: Error at decoding. Vid index: 2581, Vid path: /mnt/data/yanyi2025/lrc/action_data/ssv2/videos/videos/113474.webm
[08/21 20:48:12][INFO] utils.logging:   91: {"_type": "val_iter", "gpu_mem": "1.86 GB", "iter": "4200/10000", "top1_acc": 62.000001}
[08/21 20:48:34][INFO] utils.logging:   91: {"_type": "val_iter", "gpu_mem": "1.86 GB", "iter": "4400/10000", "top1_acc": 61.400001}
[08/21 20:48:57][INFO] utils.logging:   91: {"_type": "val_iter", "gpu_mem": "1.86 GB", "iter": "4600/10000", "top1_acc": 62.000001}
[08/21 20:49:20][INFO] utils.logging:   91: {"_type": "val_iter", "gpu_mem": "1.86 GB", "iter": "4800/10000", "top1_acc": 60.100001}
[08/21 20:49:42][INFO] utils.logging:   91: {"_type": "val_iter", "gpu_mem": "1.86 GB", "iter": "5000/10000", "top1_acc": 60.700001}
[08/21 20:49:58][WARNING] datasets.base.few_shot_dataset:  251: Error at decoding. 1/5. Vid index: [179, 185], Vid path: 9
[08/21 20:50:02][WARNING] datasets.base.few_shot_dataset:  251: Error at decoding. 1/5. Vid index: [185, 88], Vid path: 9
[08/21 20:50:05][INFO] utils.logging:   91: {"_type": "val_iter", "gpu_mem": "1.86 GB", "iter": "5200/10000", "top1_acc": 61.600001}
[08/21 20:50:28][INFO] utils.logging:   91: {"_type": "val_iter", "gpu_mem": "1.86 GB", "iter": "5400/10000", "top1_acc": 61.700001}
[08/21 20:50:50][INFO] utils.logging:   91: {"_type": "val_iter", "gpu_mem": "1.86 GB", "iter": "5600/10000", "top1_acc": 56.200001}
[08/21 20:51:00][WARNING] datasets.base.few_shot_dataset:  251: Error at decoding. 1/5. Vid index: [159, 185], Vid path: 9
[08/21 20:51:13][INFO] utils.logging:   91: {"_type": "val_iter", "gpu_mem": "1.86 GB", "iter": "5800/10000", "top1_acc": 61.400001}
[08/21 20:51:36][INFO] utils.logging:   91: {"_type": "val_iter", "gpu_mem": "1.86 GB", "iter": "6000/10000", "top1_acc": 60.700001}
[08/21 20:51:59][INFO] utils.logging:   91: {"_type": "val_iter", "gpu_mem": "1.86 GB", "iter": "6200/10000", "top1_acc": 61.400001}
[08/21 20:52:21][INFO] utils.logging:   91: {"_type": "val_iter", "gpu_mem": "1.86 GB", "iter": "6400/10000", "top1_acc": 59.900001}
[08/21 20:52:44][INFO] utils.logging:   91: {"_type": "val_iter", "gpu_mem": "1.86 GB", "iter": "6600/10000", "top1_acc": 61.700001}
[08/21 20:53:07][INFO] utils.logging:   91: {"_type": "val_iter", "gpu_mem": "1.86 GB", "iter": "6800/10000", "top1_acc": 60.700001}
[08/21 20:53:30][INFO] utils.logging:   91: {"_type": "val_iter", "gpu_mem": "1.86 GB", "iter": "7000/10000", "top1_acc": 62.500001}
[08/21 20:53:52][INFO] utils.logging:   91: {"_type": "val_iter", "gpu_mem": "1.86 GB", "iter": "7200/10000", "top1_acc": 59.800001}
[08/21 20:54:15][INFO] utils.logging:   91: {"_type": "val_iter", "gpu_mem": "1.86 GB", "iter": "7400/10000", "top1_acc": 59.900001}
[08/21 20:54:38][INFO] utils.logging:   91: {"_type": "val_iter", "gpu_mem": "1.86 GB", "iter": "7600/10000", "top1_acc": 61.600001}
[08/21 20:55:00][INFO] utils.logging:   91: {"_type": "val_iter", "gpu_mem": "1.86 GB", "iter": "7800/10000", "top1_acc": 60.200001}
[08/21 20:55:23][INFO] utils.logging:   91: {"_type": "val_iter", "gpu_mem": "1.86 GB", "iter": "8000/10000", "top1_acc": 61.800001}
[08/21 20:55:46][INFO] utils.logging:   91: {"_type": "val_iter", "gpu_mem": "1.86 GB", "iter": "8200/10000", "top1_acc": 59.900001}
[08/21 20:56:09][INFO] utils.logging:   91: {"_type": "val_iter", "gpu_mem": "1.86 GB", "iter": "8400/10000", "top1_acc": 60.400001}
[08/21 20:56:32][INFO] utils.logging:   91: {"_type": "val_iter", "gpu_mem": "1.86 GB", "iter": "8600/10000", "top1_acc": 57.500001}
[08/21 20:56:55][INFO] utils.logging:   91: {"_type": "val_iter", "gpu_mem": "1.86 GB", "iter": "8800/10000", "top1_acc": 59.600001}
[08/21 20:57:17][INFO] utils.logging:   91: {"_type": "val_iter", "gpu_mem": "1.86 GB", "iter": "9000/10000", "top1_acc": 59.200001}
[08/21 20:57:40][INFO] datasets.base.few_shot_dataset:  420: Error at decoding. Vid index: 2581, Vid path: /mnt/data/yanyi2025/lrc/action_data/ssv2/videos/videos/113474.webm
[08/21 20:57:40][INFO] utils.logging:   91: {"_type": "val_iter", "gpu_mem": "1.86 GB", "iter": "9200/10000", "top1_acc": 63.600001}
[08/21 20:58:03][INFO] utils.logging:   91: {"_type": "val_iter", "gpu_mem": "1.86 GB", "iter": "9400/10000", "top1_acc": 62.000001}
[08/21 20:58:20][WARNING] datasets.base.few_shot_dataset:  251: Error at decoding. 1/5. Vid index: [81, 185], Vid path: 9
[08/21 20:58:25][INFO] utils.logging:   91: {"_type": "val_iter", "gpu_mem": "1.86 GB", "iter": "9600/10000", "top1_acc": 62.400001}
[08/21 20:58:48][INFO] utils.logging:   91: {"_type": "val_iter", "gpu_mem": "1.86 GB", "iter": "9800/10000", "top1_acc": 58.800001}
[08/21 20:59:11][INFO] utils.logging:   91: {"_type": "val_iter", "gpu_mem": "1.86 GB", "iter": "10000/10000", "top1_acc": 61.500001}
[08/21 20:59:11][INFO] utils.logging:   91: {"RAM": "17.85/125.63 GB", "_type": "val_epoch", "epoch": "1", "gpu_mem": "1.86 GB", "top1_acc": 60.694001}
[08/21 20:59:11][INFO] train_net_few_shot:   53: Fusion weights: focus=0.069977, task_match=0.036719
[08/21 20:59:11][INFO] train_net_few_shot:  125: New best validation accuracy: 60.6940; checkpoint=output/SSv2_Full_FOCUS_TASK_MATCH_v3/checkpoints/checkpoint_best.pyth
[08/21 20:59:12][INFO] utils.logging:   91: {"_type": "train_iter", "iter": "10000/30000", "loss": 2.451824, "lr": 0.001000, "top1_acc": 83.300001}
[08/21 21:00:30][INFO] utils.logging:   91: {"_type": "train_iter", "iter": "10200/30000", "loss": 2.514443, "lr": 0.001000, "top1_acc": 80.200001}
[08/21 21:01:48][INFO] utils.logging:   91: {"_type": "train_iter", "iter": "10400/30000", "loss": 2.409860, "lr": 0.001000, "top1_acc": 79.700001}
[08/21 21:03:06][INFO] utils.logging:   91: {"_type": "train_iter", "iter": "10600/30000", "loss": 2.357469, "lr": 0.001000, "top1_acc": 81.000001}
[08/21 21:04:24][INFO] utils.logging:   91: {"_type": "train_iter", "iter": "10800/30000", "loss": 2.679828, "lr": 0.001000, "top1_acc": 77.000001}
[08/21 21:05:43][INFO] utils.logging:   91: {"_type": "train_iter", "iter": "11000/30000", "loss": 2.434410, "lr": 0.001000, "top1_acc": 81.900001}
[08/21 21:07:01][INFO] utils.logging:   91: {"_type": "train_iter", "iter": "11200/30000", "loss": 2.383515, "lr": 0.001000, "top1_acc": 80.000001}
[08/21 21:08:19][INFO] utils.logging:   91: {"_type": "train_iter", "iter": "11400/30000", "loss": 2.373533, "lr": 0.001000, "top1_acc": 80.700002}
[08/21 21:09:37][INFO] utils.logging:   91: {"_type": "train_iter", "iter": "11600/30000", "loss": 2.231225, "lr": 0.001000, "top1_acc": 83.400001}
[08/21 21:10:55][INFO] utils.logging:   91: {"_type": "train_iter", "iter": "11800/30000", "loss": 2.316276, "lr": 0.001000, "top1_acc": 80.800001}
[08/21 21:12:13][INFO] utils.logging:   91: {"_type": "train_iter", "iter": "12000/30000", "loss": 2.469159, "lr": 0.001000, "top1_acc": 80.100001}
[08/21 21:13:31][INFO] utils.logging:   91: {"_type": "train_iter", "iter": "12200/30000", "loss": 1.947182, "lr": 0.000500, "top1_acc": 84.500001}
[08/21 21:14:49][INFO] utils.logging:   91: {"_type": "train_iter", "iter": "12400/30000", "loss": 1.810221, "lr": 0.000500, "top1_acc": 85.600001}
[08/21 21:16:07][INFO] utils.logging:   91: {"_type": "train_iter", "iter": "12600/30000", "loss": 1.864615, "lr": 0.000500, "top1_acc": 82.700001}
[08/21 21:17:26][INFO] utils.logging:   91: {"_type": "train_iter", "iter": "12800/30000", "loss": 1.821887, "lr": 0.000500, "top1_acc": 83.400001}
[08/21 21:18:44][INFO] utils.logging:   91: {"_type": "train_iter", "iter": "13000/30000", "loss": 1.737654, "lr": 0.000500, "top1_acc": 85.300001}
[08/21 21:20:02][INFO] utils.logging:   91: {"_type": "train_iter", "iter": "13200/30000", "loss": 1.682002, "lr": 0.000500, "top1_acc": 85.800001}
[08/21 21:21:20][INFO] utils.logging:   91: {"_type": "train_iter", "iter": "13400/30000", "loss": 1.712071, "lr": 0.000500, "top1_acc": 86.300001}
[08/21 21:22:38][INFO] utils.logging:   91: {"_type": "train_iter", "iter": "13600/30000", "loss": 1.901671, "lr": 0.000500, "top1_acc": 85.100001}
[08/21 21:23:56][INFO] utils.logging:   91: {"_type": "train_iter", "iter": "13800/30000", "loss": 1.692898, "lr": 0.000500, "top1_acc": 88.000001}
[08/21 21:25:15][INFO] utils.logging:   91: {"_type": "train_iter", "iter": "14000/30000", "loss": 1.806979, "lr": 0.000500, "top1_acc": 84.400001}
[08/21 21:26:33][INFO] utils.logging:   91: {"_type": "train_iter", "iter": "14200/30000", "loss": 1.466894, "lr": 0.000500, "top1_acc": 87.100001}
[08/21 21:27:46][INFO] datasets.base.few_shot_dataset:  420: Error at decoding. Vid index: 54100, Vid path: /mnt/data/yanyi2025/lrc/action_data/ssv2/videos/videos/96464.webm
[08/21 21:27:51][INFO] utils.logging:   91: {"_type": "train_iter", "iter": "14400/30000", "loss": 1.650277, "lr": 0.000500, "top1_acc": 85.300001}
[08/21 21:29:09][INFO] utils.logging:   91: {"_type": "train_iter", "iter": "14600/30000", "loss": 1.626713, "lr": 0.000500, "top1_acc": 84.900001}
[08/21 21:29:54][INFO] datasets.base.few_shot_dataset:  500: Error at decoding. Vid index: 54100, Vid path: /mnt/data/yanyi2025/lrc/action_data/ssv2/videos/videos/96464.webm
[08/21 21:30:28][INFO] utils.logging:   91: {"_type": "train_iter", "iter": "14800/30000", "loss": 1.427812, "lr": 0.000500, "top1_acc": 88.500001}
[08/21 21:31:46][INFO] utils.logging:   91: {"_type": "train_iter", "iter": "15000/30000", "loss": 1.667811, "lr": 0.000500, "top1_acc": 85.900001}
[08/21 21:33:04][INFO] utils.logging:   91: {"_type": "train_iter", "iter": "15200/30000", "loss": 1.633596, "lr": 0.000500, "top1_acc": 85.800001}
[08/21 21:34:22][INFO] utils.logging:   91: {"_type": "train_iter", "iter": "15400/30000", "loss": 1.594155, "lr": 0.000500, "top1_acc": 86.900001}
[08/21 21:35:40][INFO] utils.logging:   91: {"_type": "train_iter", "iter": "15600/30000", "loss": 1.674717, "lr": 0.000500, "top1_acc": 83.600001}
[08/21 21:36:59][INFO] utils.logging:   91: {"_type": "train_iter", "iter": "15800/30000", "loss": 1.507846, "lr": 0.000500, "top1_acc": 86.400001}
[08/21 21:38:17][INFO] utils.logging:   91: {"_type": "train_iter", "iter": "16000/30000", "loss": 1.419990, "lr": 0.000500, "top1_acc": 86.700001}
[08/21 21:39:35][INFO] utils.logging:   91: {"_type": "train_iter", "iter": "16200/30000", "loss": 1.353558, "lr": 0.000500, "top1_acc": 86.000001}
[08/21 21:40:53][INFO] utils.logging:   91: {"_type": "train_iter", "iter": "16400/30000", "loss": 1.557011, "lr": 0.000500, "top1_acc": 87.200001}
[08/21 21:42:11][INFO] utils.logging:   91: {"_type": "train_iter", "iter": "16600/30000", "loss": 1.458681, "lr": 0.000500, "top1_acc": 88.300001}
[08/21 21:43:30][INFO] utils.logging:   91: {"_type": "train_iter", "iter": "16800/30000", "loss": 1.491605, "lr": 0.000500, "top1_acc": 87.700001}
[08/21 21:44:48][INFO] utils.logging:   91: {"_type": "train_iter", "iter": "17000/30000", "loss": 1.391536, "lr": 0.000500, "top1_acc": 86.200001}
[08/21 21:46:06][INFO] utils.logging:   91: {"_type": "train_iter", "iter": "17200/30000", "loss": 1.419335, "lr": 0.000500, "top1_acc": 87.200001}
[08/21 21:47:24][INFO] utils.logging:   91: {"_type": "train_iter", "iter": "17400/30000", "loss": 1.425422, "lr": 0.000500, "top1_acc": 86.300001}
[08/21 21:48:42][INFO] utils.logging:   91: {"_type": "train_iter", "iter": "17600/30000", "loss": 1.280835, "lr": 0.000500, "top1_acc": 88.700001}
[08/21 21:50:00][INFO] utils.logging:   91: {"_type": "train_iter", "iter": "17800/30000", "loss": 1.418122, "lr": 0.000500, "top1_acc": 87.200001}
[08/21 21:51:19][INFO] utils.logging:   91: {"_type": "train_iter", "iter": "18000/30000", "loss": 1.420057, "lr": 0.000500, "top1_acc": 89.100001}
[08/21 21:52:37][INFO] utils.logging:   91: {"_type": "train_iter", "iter": "18200/30000", "loss": 1.310467, "lr": 0.000100, "top1_acc": 87.600001}
[08/21 21:53:55][INFO] utils.logging:   91: {"_type": "train_iter", "iter": "18400/30000", "loss": 1.178165, "lr": 0.000100, "top1_acc": 88.800001}
[08/21 21:55:13][INFO] utils.logging:   91: {"_type": "train_iter", "iter": "18600/30000", "loss": 1.115476, "lr": 0.000100, "top1_acc": 90.100001}
[08/21 21:56:31][INFO] utils.logging:   91: {"_type": "train_iter", "iter": "18800/30000", "loss": 1.061787, "lr": 0.000100, "top1_acc": 90.500001}
[08/21 21:57:49][INFO] utils.logging:   91: {"_type": "train_iter", "iter": "19000/30000", "loss": 1.031240, "lr": 0.000100, "top1_acc": 90.800001}
[08/21 21:59:07][INFO] utils.logging:   91: {"_type": "train_iter", "iter": "19200/30000", "loss": 1.061788, "lr": 0.000100, "top1_acc": 89.600001}
[08/21 22:00:26][INFO] utils.logging:   91: {"_type": "train_iter", "iter": "19400/30000", "loss": 1.148818, "lr": 0.000100, "top1_acc": 89.300001}
[08/21 22:01:44][INFO] utils.logging:   91: {"_type": "train_iter", "iter": "19600/30000", "loss": 1.146998, "lr": 0.000100, "top1_acc": 89.200001}
[08/21 22:03:02][INFO] utils.logging:   91: {"_type": "train_iter", "iter": "19800/30000", "loss": 1.121497, "lr": 0.000100, "top1_acc": 91.400001}
[08/21 22:04:24][INFO] datasets.base.few_shot_dataset:  420: Error at decoding. Vid index: 2581, Vid path: /mnt/data/yanyi2025/lrc/action_data/ssv2/videos/videos/113474.webm
[08/21 22:04:32][INFO] datasets.base.few_shot_dataset:  420: Error at decoding. Vid index: 2581, Vid path: /mnt/data/yanyi2025/lrc/action_data/ssv2/videos/videos/113474.webm
[08/21 22:04:43][INFO] utils.logging:   91: {"_type": "val_iter", "gpu_mem": "1.86 GB", "iter": "200/10000", "top1_acc": 66.100001}
[08/21 22:05:06][INFO] utils.logging:   91: {"_type": "val_iter", "gpu_mem": "1.86 GB", "iter": "400/10000", "top1_acc": 64.600001}
[08/21 22:05:28][WARNING] datasets.base.few_shot_dataset:  251: Error at decoding. 1/5. Vid index: [185, 182], Vid path: 9
[08/21 22:05:28][INFO] utils.logging:   91: {"_type": "val_iter", "gpu_mem": "1.86 GB", "iter": "600/10000", "top1_acc": 66.800001}
[08/21 22:05:51][INFO] utils.logging:   91: {"_type": "val_iter", "gpu_mem": "1.86 GB", "iter": "800/10000", "top1_acc": 67.800002}
[08/21 22:06:14][INFO] utils.logging:   91: {"_type": "val_iter", "gpu_mem": "1.86 GB", "iter": "1000/10000", "top1_acc": 68.300001}
[08/21 22:06:31][WARNING] datasets.base.few_shot_dataset:  251: Error at decoding. 1/5. Vid index: [64, 185], Vid path: 9
[08/21 22:06:37][INFO] utils.logging:   91: {"_type": "val_iter", "gpu_mem": "1.86 GB", "iter": "1200/10000", "top1_acc": 65.400001}
[08/21 22:06:59][INFO] utils.logging:   91: {"_type": "val_iter", "gpu_mem": "1.86 GB", "iter": "1400/10000", "top1_acc": 65.000001}
[08/21 22:07:22][INFO] utils.logging:   91: {"_type": "val_iter", "gpu_mem": "1.86 GB", "iter": "1600/10000", "top1_acc": 64.500001}
[08/21 22:07:45][INFO] utils.logging:   91: {"_type": "val_iter", "gpu_mem": "1.86 GB", "iter": "1800/10000", "top1_acc": 66.200001}
[08/21 22:08:08][INFO] utils.logging:   91: {"_type": "val_iter", "gpu_mem": "1.86 GB", "iter": "2000/10000", "top1_acc": 66.700001}
[08/21 22:08:25][INFO] datasets.base.few_shot_dataset:  420: Error at decoding. Vid index: 2581, Vid path: /mnt/data/yanyi2025/lrc/action_data/ssv2/videos/videos/113474.webm
[08/21 22:08:31][INFO] utils.logging:   91: {"_type": "val_iter", "gpu_mem": "1.86 GB", "iter": "2200/10000", "top1_acc": 66.300001}
[08/21 22:08:49][WARNING] datasets.base.few_shot_dataset:  251: Error at decoding. 1/5. Vid index: [86, 185], Vid path: 9
[08/21 22:08:53][INFO] utils.logging:   91: {"_type": "val_iter", "gpu_mem": "1.86 GB", "iter": "2400/10000", "top1_acc": 62.300001}
[08/21 22:09:17][INFO] utils.logging:   91: {"_type": "val_iter", "gpu_mem": "1.86 GB", "iter": "2600/10000", "top1_acc": 63.700001}
[08/21 22:09:39][INFO] utils.logging:   91: {"_type": "val_iter", "gpu_mem": "1.86 GB", "iter": "2800/10000", "top1_acc": 66.400002}
[08/21 22:10:02][INFO] utils.logging:   91: {"_type": "val_iter", "gpu_mem": "1.86 GB", "iter": "3000/10000", "top1_acc": 66.900001}
[08/21 22:10:25][INFO] utils.logging:   91: {"_type": "val_iter", "gpu_mem": "1.86 GB", "iter": "3200/10000", "top1_acc": 64.500001}
[08/21 22:10:48][INFO] utils.logging:   91: {"_type": "val_iter", "gpu_mem": "1.86 GB", "iter": "3400/10000", "top1_acc": 66.500001}
[08/21 22:11:02][WARNING] datasets.base.few_shot_dataset:  251: Error at decoding. 1/5. Vid index: [185, 52], Vid path: 9
[08/21 22:11:11][INFO] utils.logging:   91: {"_type": "val_iter", "gpu_mem": "1.86 GB", "iter": "3600/10000", "top1_acc": 67.500001}
[08/21 22:11:34][INFO] utils.logging:   91: {"_type": "val_iter", "gpu_mem": "1.86 GB", "iter": "3800/10000", "top1_acc": 66.300001}
[08/21 22:11:52][WARNING] datasets.base.few_shot_dataset:  251: Error at decoding. 1/5. Vid index: [116, 185], Vid path: 9
[08/21 22:11:56][INFO] utils.logging:   91: {"_type": "val_iter", "gpu_mem": "1.86 GB", "iter": "4000/10000", "top1_acc": 69.700001}
[08/21 22:12:18][INFO] datasets.base.few_shot_dataset:  420: Error at decoding. Vid index: 2581, Vid path: /mnt/data/yanyi2025/lrc/action_data/ssv2/videos/videos/113474.webm
[08/21 22:12:19][INFO] utils.logging:   91: {"_type": "val_iter", "gpu_mem": "1.86 GB", "iter": "4200/10000", "top1_acc": 67.400001}
[08/21 22:12:42][INFO] utils.logging:   91: {"_type": "val_iter", "gpu_mem": "1.86 GB", "iter": "4400/10000", "top1_acc": 66.200001}
[08/21 22:13:04][INFO] utils.logging:   91: {"_type": "val_iter", "gpu_mem": "1.86 GB", "iter": "4600/10000", "top1_acc": 65.400001}
[08/21 22:13:27][INFO] utils.logging:   91: {"_type": "val_iter", "gpu_mem": "1.86 GB", "iter": "4800/10000", "top1_acc": 65.700001}
[08/21 22:13:50][INFO] utils.logging:   91: {"_type": "val_iter", "gpu_mem": "1.86 GB", "iter": "5000/10000", "top1_acc": 65.200001}
[08/21 22:14:06][WARNING] datasets.base.few_shot_dataset:  251: Error at decoding. 1/5. Vid index: [179, 185], Vid path: 9
[08/21 22:14:09][WARNING] datasets.base.few_shot_dataset:  251: Error at decoding. 1/5. Vid index: [185, 88], Vid path: 9
[08/21 22:14:13][INFO] utils.logging:   91: {"_type": "val_iter", "gpu_mem": "1.86 GB", "iter": "5200/10000", "top1_acc": 66.100001}
[08/21 22:14:35][INFO] utils.logging:   91: {"_type": "val_iter", "gpu_mem": "1.86 GB", "iter": "5400/10000", "top1_acc": 64.200001}
[08/21 22:14:58][INFO] utils.logging:   91: {"_type": "val_iter", "gpu_mem": "1.86 GB", "iter": "5600/10000", "top1_acc": 63.500001}
[08/21 22:15:08][WARNING] datasets.base.few_shot_dataset:  251: Error at decoding. 1/5. Vid index: [159, 185], Vid path: 9
[08/21 22:15:21][INFO] utils.logging:   91: {"_type": "val_iter", "gpu_mem": "1.86 GB", "iter": "5800/10000", "top1_acc": 66.700002}
[08/21 22:15:44][INFO] utils.logging:   91: {"_type": "val_iter", "gpu_mem": "1.86 GB", "iter": "6000/10000", "top1_acc": 66.900002}
[08/21 22:16:06][INFO] utils.logging:   91: {"_type": "val_iter", "gpu_mem": "1.86 GB", "iter": "6200/10000", "top1_acc": 65.200001}
[08/21 22:16:29][INFO] utils.logging:   91: {"_type": "val_iter", "gpu_mem": "1.86 GB", "iter": "6400/10000", "top1_acc": 67.200001}
[08/21 22:16:52][INFO] utils.logging:   91: {"_type": "val_iter", "gpu_mem": "1.86 GB", "iter": "6600/10000", "top1_acc": 64.900001}
[08/21 22:17:14][INFO] utils.logging:   91: {"_type": "val_iter", "gpu_mem": "1.86 GB", "iter": "6800/10000", "top1_acc": 65.300001}
[08/21 22:17:37][INFO] utils.logging:   91: {"_type": "val_iter", "gpu_mem": "1.86 GB", "iter": "7000/10000", "top1_acc": 67.600001}
[08/21 22:18:00][INFO] utils.logging:   91: {"_type": "val_iter", "gpu_mem": "1.86 GB", "iter": "7200/10000", "top1_acc": 64.100001}
[08/21 22:18:23][INFO] utils.logging:   91: {"_type": "val_iter", "gpu_mem": "1.86 GB", "iter": "7400/10000", "top1_acc": 65.500001}
[08/21 22:18:45][INFO] utils.logging:   91: {"_type": "val_iter", "gpu_mem": "1.86 GB", "iter": "7600/10000", "top1_acc": 67.400001}
[08/21 22:19:08][INFO] utils.logging:   91: {"_type": "val_iter", "gpu_mem": "1.86 GB", "iter": "7800/10000", "top1_acc": 65.400001}
[08/21 22:19:31][INFO] utils.logging:   91: {"_type": "val_iter", "gpu_mem": "1.86 GB", "iter": "8000/10000", "top1_acc": 66.800001}
[08/21 22:19:54][INFO] utils.logging:   91: {"_type": "val_iter", "gpu_mem": "1.86 GB", "iter": "8200/10000", "top1_acc": 66.200001}
[08/21 22:20:17][INFO] utils.logging:   91: {"_type": "val_iter", "gpu_mem": "1.86 GB", "iter": "8400/10000", "top1_acc": 66.600001}
[08/21 22:20:40][INFO] utils.logging:   91: {"_type": "val_iter", "gpu_mem": "1.86 GB", "iter": "8600/10000", "top1_acc": 63.700001}
[08/21 22:21:03][INFO] utils.logging:   91: {"_type": "val_iter", "gpu_mem": "1.86 GB", "iter": "8800/10000", "top1_acc": 66.300001}
[08/21 22:21:26][INFO] utils.logging:   91: {"_type": "val_iter", "gpu_mem": "1.86 GB", "iter": "9000/10000", "top1_acc": 65.900001}
[08/21 22:21:48][INFO] datasets.base.few_shot_dataset:  420: Error at decoding. Vid index: 2581, Vid path: /mnt/data/yanyi2025/lrc/action_data/ssv2/videos/videos/113474.webm
[08/21 22:21:48][INFO] utils.logging:   91: {"_type": "val_iter", "gpu_mem": "1.86 GB", "iter": "9200/10000", "top1_acc": 66.900001}
[08/21 22:22:11][INFO] utils.logging:   91: {"_type": "val_iter", "gpu_mem": "1.86 GB", "iter": "9400/10000", "top1_acc": 68.900001}
[08/21 22:22:28][WARNING] datasets.base.few_shot_dataset:  251: Error at decoding. 1/5. Vid index: [81, 185], Vid path: 9
[08/21 22:22:34][INFO] utils.logging:   91: {"_type": "val_iter", "gpu_mem": "1.86 GB", "iter": "9600/10000", "top1_acc": 68.300001}
[08/21 22:22:57][INFO] utils.logging:   91: {"_type": "val_iter", "gpu_mem": "1.86 GB", "iter": "9800/10000", "top1_acc": 63.800001}
[08/21 22:23:20][INFO] utils.logging:   91: {"_type": "val_iter", "gpu_mem": "1.86 GB", "iter": "10000/10000", "top1_acc": 66.800001}
[08/21 22:23:20][INFO] utils.logging:   91: {"RAM": "18.07/125.63 GB", "_type": "val_epoch", "epoch": "2", "gpu_mem": "1.86 GB", "top1_acc": 66.032001}
[08/21 22:23:20][INFO] train_net_few_shot:   53: Fusion weights: focus=0.085890, task_match=0.047991
[08/21 22:23:22][INFO] train_net_few_shot:  125: New best validation accuracy: 66.0320; checkpoint=output/SSv2_Full_FOCUS_TASK_MATCH_v3/checkpoints/checkpoint_best.pyth
[08/21 22:23:22][INFO] utils.logging:   91: {"_type": "train_iter", "iter": "20000/30000", "loss": 1.008277, "lr": 0.000100, "top1_acc": 90.300001}
[08/21 22:24:40][INFO] utils.logging:   91: {"_type": "train_iter", "iter": "20200/30000", "loss": 1.112407, "lr": 0.000100, "top1_acc": 89.500001}
[08/21 22:25:59][INFO] utils.logging:   91: {"_type": "train_iter", "iter": "20400/30000", "loss": 1.056496, "lr": 0.000100, "top1_acc": 89.500001}
[08/21 22:27:17][INFO] utils.logging:   91: {"_type": "train_iter", "iter": "20600/30000", "loss": 1.035557, "lr": 0.000100, "top1_acc": 90.900001}
[08/21 22:28:35][INFO] utils.logging:   91: {"_type": "train_iter", "iter": "20800/30000", "loss": 1.127157, "lr": 0.000100, "top1_acc": 90.700001}
[08/21 22:29:53][INFO] utils.logging:   91: {"_type": "train_iter", "iter": "21000/30000", "loss": 1.086057, "lr": 0.000100, "top1_acc": 90.100001}
[08/21 22:31:12][INFO] utils.logging:   91: {"_type": "train_iter", "iter": "21200/30000", "loss": 1.119187, "lr": 0.000100, "top1_acc": 89.600001}
[08/21 22:32:30][INFO] utils.logging:   91: {"_type": "train_iter", "iter": "21400/30000", "loss": 1.181896, "lr": 0.000100, "top1_acc": 90.400001}
[08/21 22:33:48][INFO] utils.logging:   91: {"_type": "train_iter", "iter": "21600/30000", "loss": 0.990254, "lr": 0.000100, "top1_acc": 89.700001}
[08/21 22:35:06][INFO] utils.logging:   91: {"_type": "train_iter", "iter": "21800/30000", "loss": 0.988553, "lr": 0.000100, "top1_acc": 89.900001}
[08/21 22:36:25][INFO] utils.logging:   91: {"_type": "train_iter", "iter": "22000/30000", "loss": 1.055729, "lr": 0.000100, "top1_acc": 90.600001}
[08/21 22:37:43][INFO] utils.logging:   91: {"_type": "train_iter", "iter": "22200/30000", "loss": 1.010640, "lr": 0.000100, "top1_acc": 90.000001}
[08/21 22:39:01][INFO] utils.logging:   91: {"_type": "train_iter", "iter": "22400/30000", "loss": 0.951585, "lr": 0.000100, "top1_acc": 91.800001}
[08/21 22:40:19][INFO] utils.logging:   91: {"_type": "train_iter", "iter": "22600/30000", "loss": 0.939947, "lr": 0.000100, "top1_acc": 91.400001}
[08/21 22:40:43][INFO] datasets.base.few_shot_dataset:  420: Error at decoding. Vid index: 54100, Vid path: /mnt/data/yanyi2025/lrc/action_data/ssv2/videos/videos/96464.webm
[08/21 22:41:37][INFO] utils.logging:   91: {"_type": "train_iter", "iter": "22800/30000", "loss": 0.976510, "lr": 0.000100, "top1_acc": 90.800001}
[08/21 22:42:56][INFO] utils.logging:   91: {"_type": "train_iter", "iter": "23000/30000", "loss": 0.968218, "lr": 0.000100, "top1_acc": 89.000001}
[08/21 22:44:14][INFO] utils.logging:   91: {"_type": "train_iter", "iter": "23200/30000", "loss": 1.061255, "lr": 0.000100, "top1_acc": 89.200001}
[08/21 22:45:32][INFO] utils.logging:   91: {"_type": "train_iter", "iter": "23400/30000", "loss": 0.912666, "lr": 0.000100, "top1_acc": 91.100001}
[08/21 22:46:50][INFO] utils.logging:   91: {"_type": "train_iter", "iter": "23600/30000", "loss": 0.854512, "lr": 0.000100, "top1_acc": 90.500001}
[08/21 22:48:08][INFO] utils.logging:   91: {"_type": "train_iter", "iter": "23800/30000", "loss": 0.818412, "lr": 0.000100, "top1_acc": 92.100001}
[08/21 22:49:26][INFO] utils.logging:   91: {"_type": "train_iter", "iter": "24000/30000", "loss": 0.931946, "lr": 0.000100, "top1_acc": 90.800001}
[08/21 22:50:45][INFO] utils.logging:   91: {"_type": "train_iter", "iter": "24200/30000", "loss": 0.929989, "lr": 0.000050, "top1_acc": 90.200001}
[08/21 22:52:03][INFO] utils.logging:   91: {"_type": "train_iter", "iter": "24400/30000", "loss": 0.775786, "lr": 0.000050, "top1_acc": 92.100001}
[08/21 22:53:21][INFO] utils.logging:   91: {"_type": "train_iter", "iter": "24600/30000", "loss": 0.828530, "lr": 0.000050, "top1_acc": 91.600001}
[08/21 22:54:40][INFO] utils.logging:   91: {"_type": "train_iter", "iter": "24800/30000", "loss": 0.857840, "lr": 0.000050, "top1_acc": 93.000001}
[08/21 22:55:58][INFO] utils.logging:   91: {"_type": "train_iter", "iter": "25000/30000", "loss": 0.824523, "lr": 0.000050, "top1_acc": 93.200001}
[08/21 22:57:16][INFO] utils.logging:   91: {"_type": "train_iter", "iter": "25200/30000", "loss": 0.873601, "lr": 0.000050, "top1_acc": 91.300001}
[08/21 22:58:34][INFO] utils.logging:   91: {"_type": "train_iter", "iter": "25400/30000", "loss": 0.837387, "lr": 0.000050, "top1_acc": 90.600001}
[08/21 22:59:52][INFO] utils.logging:   91: {"_type": "train_iter", "iter": "25600/30000", "loss": 0.735529, "lr": 0.000050, "top1_acc": 91.900001}
[08/21 23:01:11][INFO] utils.logging:   91: {"_type": "train_iter", "iter": "25800/30000", "loss": 0.733226, "lr": 0.000050, "top1_acc": 93.000001}
[08/21 23:02:29][INFO] utils.logging:   91: {"_type": "train_iter", "iter": "26000/30000", "loss": 0.894856, "lr": 0.000050, "top1_acc": 91.300001}
[08/21 23:03:47][INFO] utils.logging:   91: {"_type": "train_iter", "iter": "26200/30000", "loss": 0.709682, "lr": 0.000050, "top1_acc": 91.400001}
[08/21 23:05:05][INFO] utils.logging:   91: {"_type": "train_iter", "iter": "26400/30000", "loss": 0.893403, "lr": 0.000050, "top1_acc": 90.800001}
[08/21 23:06:24][INFO] utils.logging:   91: {"_type": "train_iter", "iter": "26600/30000", "loss": 0.857273, "lr": 0.000050, "top1_acc": 91.200001}
[08/21 23:07:42][INFO] utils.logging:   91: {"_type": "train_iter", "iter": "26800/30000", "loss": 0.938873, "lr": 0.000050, "top1_acc": 90.900001}
[08/21 23:09:00][INFO] utils.logging:   91: {"_type": "train_iter", "iter": "27000/30000", "loss": 1.010686, "lr": 0.000050, "top1_acc": 90.100001}
[08/21 23:10:18][INFO] utils.logging:   91: {"_type": "train_iter", "iter": "27200/30000", "loss": 0.767480, "lr": 0.000050, "top1_acc": 93.400001}
[08/21 23:10:30][INFO] datasets.base.few_shot_dataset:  500: Error at decoding. Vid index: 54100, Vid path: /mnt/data/yanyi2025/lrc/action_data/ssv2/videos/videos/96464.webm
[08/21 23:11:36][INFO] utils.logging:   91: {"_type": "train_iter", "iter": "27400/30000", "loss": 0.709121, "lr": 0.000050, "top1_acc": 92.500001}
[08/21 23:12:55][INFO] utils.logging:   91: {"_type": "train_iter", "iter": "27600/30000", "loss": 0.799147, "lr": 0.000050, "top1_acc": 91.900001}
[08/21 23:14:13][INFO] utils.logging:   91: {"_type": "train_iter", "iter": "27800/30000", "loss": 0.771596, "lr": 0.000050, "top1_acc": 92.200001}
[08/21 23:15:31][INFO] utils.logging:   91: {"_type": "train_iter", "iter": "28000/30000", "loss": 0.894953, "lr": 0.000050, "top1_acc": 91.000001}
[08/21 23:16:49][INFO] utils.logging:   91: {"_type": "train_iter", "iter": "28200/30000", "loss": 0.878529, "lr": 0.000050, "top1_acc": 91.900001}
[08/21 23:18:08][INFO] utils.logging:   91: {"_type": "train_iter", "iter": "28400/30000", "loss": 0.807122, "lr": 0.000050, "top1_acc": 91.900001}
[08/21 23:19:26][INFO] utils.logging:   91: {"_type": "train_iter", "iter": "28600/30000", "loss": 0.848407, "lr": 0.000050, "top1_acc": 92.300001}
[08/21 23:20:44][INFO] utils.logging:   91: {"_type": "train_iter", "iter": "28800/30000", "loss": 0.753176, "lr": 0.000050, "top1_acc": 91.300001}
[08/21 23:22:02][INFO] utils.logging:   91: {"_type": "train_iter", "iter": "29000/30000", "loss": 0.860137, "lr": 0.000050, "top1_acc": 91.700001}
[08/21 23:23:20][INFO] utils.logging:   91: {"_type": "train_iter", "iter": "29200/30000", "loss": 0.847031, "lr": 0.000050, "top1_acc": 91.900001}
[08/21 23:24:39][INFO] utils.logging:   91: {"_type": "train_iter", "iter": "29400/30000", "loss": 0.879257, "lr": 0.000050, "top1_acc": 91.200001}
[08/21 23:25:57][INFO] utils.logging:   91: {"_type": "train_iter", "iter": "29600/30000", "loss": 0.799672, "lr": 0.000050, "top1_acc": 91.900001}
[08/21 23:27:15][INFO] utils.logging:   91: {"_type": "train_iter", "iter": "29800/30000", "loss": 0.704856, "lr": 0.000050, "top1_acc": 93.000001}
[08/21 23:28:37][INFO] datasets.base.few_shot_dataset:  420: Error at decoding. Vid index: 2581, Vid path: /mnt/data/yanyi2025/lrc/action_data/ssv2/videos/videos/113474.webm
[08/21 23:28:45][INFO] datasets.base.few_shot_dataset:  420: Error at decoding. Vid index: 2581, Vid path: /mnt/data/yanyi2025/lrc/action_data/ssv2/videos/videos/113474.webm
[08/21 23:28:56][INFO] utils.logging:   91: {"_type": "val_iter", "gpu_mem": "1.86 GB", "iter": "200/10000", "top1_acc": 66.500001}
[08/21 23:29:19][INFO] utils.logging:   91: {"_type": "val_iter", "gpu_mem": "1.86 GB", "iter": "400/10000", "top1_acc": 65.500001}
[08/21 23:29:41][WARNING] datasets.base.few_shot_dataset:  251: Error at decoding. 1/5. Vid index: [185, 182], Vid path: 9
[08/21 23:29:41][INFO] utils.logging:   91: {"_type": "val_iter", "gpu_mem": "1.86 GB", "iter": "600/10000", "top1_acc": 66.000001}
[08/21 23:30:04][INFO] utils.logging:   91: {"_type": "val_iter", "gpu_mem": "1.86 GB", "iter": "800/10000", "top1_acc": 67.400001}
[08/21 23:30:27][INFO] utils.logging:   91: {"_type": "val_iter", "gpu_mem": "1.86 GB", "iter": "1000/10000", "top1_acc": 68.700001}
[08/21 23:30:43][WARNING] datasets.base.few_shot_dataset:  251: Error at decoding. 1/5. Vid index: [64, 185], Vid path: 9
[08/21 23:30:49][INFO] utils.logging:   91: {"_type": "val_iter", "gpu_mem": "1.86 GB", "iter": "1200/10000", "top1_acc": 66.400001}
[08/21 23:31:12][INFO] utils.logging:   91: {"_type": "val_iter", "gpu_mem": "1.86 GB", "iter": "1400/10000", "top1_acc": 65.900001}
[08/21 23:31:35][INFO] utils.logging:   91: {"_type": "val_iter", "gpu_mem": "1.86 GB", "iter": "1600/10000", "top1_acc": 66.300001}
[08/21 23:31:58][INFO] utils.logging:   91: {"_type": "val_iter", "gpu_mem": "1.86 GB", "iter": "1800/10000", "top1_acc": 65.700002}
[08/21 23:32:21][INFO] utils.logging:   91: {"_type": "val_iter", "gpu_mem": "1.86 GB", "iter": "2000/10000", "top1_acc": 67.400001}
[08/21 23:32:39][INFO] datasets.base.few_shot_dataset:  420: Error at decoding. Vid index: 2581, Vid path: /mnt/data/yanyi2025/lrc/action_data/ssv2/videos/videos/113474.webm
[08/21 23:32:44][INFO] utils.logging:   91: {"_type": "val_iter", "gpu_mem": "1.86 GB", "iter": "2200/10000", "top1_acc": 66.900001}
[08/21 23:33:03][WARNING] datasets.base.few_shot_dataset:  251: Error at decoding. 1/5. Vid index: [86, 185], Vid path: 9
[08/21 23:33:07][INFO] utils.logging:   91: {"_type": "val_iter", "gpu_mem": "1.86 GB", "iter": "2400/10000", "top1_acc": 63.200001}
[08/21 23:33:30][INFO] utils.logging:   91: {"_type": "val_iter", "gpu_mem": "1.86 GB", "iter": "2600/10000", "top1_acc": 64.000001}
[08/21 23:33:52][INFO] utils.logging:   91: {"_type": "val_iter", "gpu_mem": "1.86 GB", "iter": "2800/10000", "top1_acc": 68.600002}
[08/21 23:34:15][INFO] utils.logging:   91: {"_type": "val_iter", "gpu_mem": "1.86 GB", "iter": "3000/10000", "top1_acc": 68.000001}
[08/21 23:34:38][INFO] utils.logging:   91: {"_type": "val_iter", "gpu_mem": "1.86 GB", "iter": "3200/10000", "top1_acc": 65.400001}
[08/21 23:35:01][INFO] utils.logging:   91: {"_type": "val_iter", "gpu_mem": "1.86 GB", "iter": "3400/10000", "top1_acc": 66.700001}
[08/21 23:35:15][WARNING] datasets.base.few_shot_dataset:  251: Error at decoding. 1/5. Vid index: [185, 52], Vid path: 9
[08/21 23:35:24][INFO] utils.logging:   91: {"_type": "val_iter", "gpu_mem": "1.86 GB", "iter": "3600/10000", "top1_acc": 65.900001}
[08/21 23:35:46][INFO] utils.logging:   91: {"_type": "val_iter", "gpu_mem": "1.86 GB", "iter": "3800/10000", "top1_acc": 66.000001}
[08/21 23:36:05][WARNING] datasets.base.few_shot_dataset:  251: Error at decoding. 1/5. Vid index: [116, 185], Vid path: 9
[08/21 23:36:09][INFO] utils.logging:   91: {"_type": "val_iter", "gpu_mem": "1.86 GB", "iter": "4000/10000", "top1_acc": 69.800001}
[08/21 23:36:31][INFO] datasets.base.few_shot_dataset:  420: Error at decoding. Vid index: 2581, Vid path: /mnt/data/yanyi2025/lrc/action_data/ssv2/videos/videos/113474.webm
[08/21 23:36:32][INFO] utils.logging:   91: {"_type": "val_iter", "gpu_mem": "1.86 GB", "iter": "4200/10000", "top1_acc": 69.000002}
[08/21 23:36:55][INFO] utils.logging:   91: {"_type": "val_iter", "gpu_mem": "1.86 GB", "iter": "4400/10000", "top1_acc": 66.900002}
[08/21 23:37:18][INFO] utils.logging:   91: {"_type": "val_iter", "gpu_mem": "1.86 GB", "iter": "4600/10000", "top1_acc": 67.700001}
[08/21 23:37:41][INFO] utils.logging:   91: {"_type": "val_iter", "gpu_mem": "1.86 GB", "iter": "4800/10000", "top1_acc": 65.300001}
[08/21 23:38:05][INFO] utils.logging:   91: {"_type": "val_iter", "gpu_mem": "1.86 GB", "iter": "5000/10000", "top1_acc": 66.600001}
[08/21 23:38:21][WARNING] datasets.base.few_shot_dataset:  251: Error at decoding. 1/5. Vid index: [179, 185], Vid path: 9
[08/21 23:38:24][WARNING] datasets.base.few_shot_dataset:  251: Error at decoding. 1/5. Vid index: [185, 88], Vid path: 9
[08/21 23:38:28][INFO] utils.logging:   91: {"_type": "val_iter", "gpu_mem": "1.86 GB", "iter": "5200/10000", "top1_acc": 65.700001}
[08/21 23:38:51][INFO] utils.logging:   91: {"_type": "val_iter", "gpu_mem": "1.86 GB", "iter": "5400/10000", "top1_acc": 66.200001}
[08/21 23:39:13][INFO] utils.logging:   91: {"_type": "val_iter", "gpu_mem": "1.86 GB", "iter": "5600/10000", "top1_acc": 66.100001}
[08/21 23:39:23][WARNING] datasets.base.few_shot_dataset:  251: Error at decoding. 1/5. Vid index: [159, 185], Vid path: 9
[08/21 23:39:36][INFO] utils.logging:   91: {"_type": "val_iter", "gpu_mem": "1.86 GB", "iter": "5800/10000", "top1_acc": 68.300002}
[08/21 23:39:59][INFO] utils.logging:   91: {"_type": "val_iter", "gpu_mem": "1.86 GB", "iter": "6000/10000", "top1_acc": 67.100001}
[08/21 23:40:22][INFO] utils.logging:   91: {"_type": "val_iter", "gpu_mem": "1.86 GB", "iter": "6200/10000", "top1_acc": 66.100001}
[08/21 23:40:45][INFO] utils.logging:   91: {"_type": "val_iter", "gpu_mem": "1.86 GB", "iter": "6400/10000", "top1_acc": 67.100001}
[08/21 23:41:08][INFO] utils.logging:   91: {"_type": "val_iter", "gpu_mem": "1.86 GB", "iter": "6600/10000", "top1_acc": 66.000001}
[08/21 23:41:31][INFO] utils.logging:   91: {"_type": "val_iter", "gpu_mem": "1.86 GB", "iter": "6800/10000", "top1_acc": 66.400001}
[08/21 23:41:54][INFO] utils.logging:   91: {"_type": "val_iter", "gpu_mem": "1.86 GB", "iter": "7000/10000", "top1_acc": 68.200001}
[08/21 23:42:17][INFO] utils.logging:   91: {"_type": "val_iter", "gpu_mem": "1.86 GB", "iter": "7200/10000", "top1_acc": 64.400001}
[08/21 23:42:40][INFO] utils.logging:   91: {"_type": "val_iter", "gpu_mem": "1.86 GB", "iter": "7400/10000", "top1_acc": 65.600001}
[08/21 23:43:03][INFO] utils.logging:   91: {"_type": "val_iter", "gpu_mem": "1.86 GB", "iter": "7600/10000", "top1_acc": 68.500001}
[08/21 23:43:26][INFO] utils.logging:   91: {"_type": "val_iter", "gpu_mem": "1.86 GB", "iter": "7800/10000", "top1_acc": 64.700001}
[08/21 23:43:49][INFO] utils.logging:   91: {"_type": "val_iter", "gpu_mem": "1.86 GB", "iter": "8000/10000", "top1_acc": 66.500001}
[08/21 23:44:12][INFO] utils.logging:   91: {"_type": "val_iter", "gpu_mem": "1.86 GB", "iter": "8200/10000", "top1_acc": 67.700002}
[08/21 23:44:34][INFO] utils.logging:   91: {"_type": "val_iter", "gpu_mem": "1.86 GB", "iter": "8400/10000", "top1_acc": 66.800001}
[08/21 23:44:57][INFO] utils.logging:   91: {"_type": "val_iter", "gpu_mem": "1.86 GB", "iter": "8600/10000", "top1_acc": 66.100001}
[08/21 23:45:21][INFO] utils.logging:   91: {"_type": "val_iter", "gpu_mem": "1.86 GB", "iter": "8800/10000", "top1_acc": 66.400001}
[08/21 23:45:43][INFO] utils.logging:   91: {"_type": "val_iter", "gpu_mem": "1.86 GB", "iter": "9000/10000", "top1_acc": 67.200001}
[08/21 23:46:07][INFO] datasets.base.few_shot_dataset:  420: Error at decoding. Vid index: 2581, Vid path: /mnt/data/yanyi2025/lrc/action_data/ssv2/videos/videos/113474.webm
[08/21 23:46:07][INFO] utils.logging:   91: {"_type": "val_iter", "gpu_mem": "1.86 GB", "iter": "9200/10000", "top1_acc": 67.700002}
[08/21 23:46:30][INFO] utils.logging:   91: {"_type": "val_iter", "gpu_mem": "1.86 GB", "iter": "9400/10000", "top1_acc": 68.100001}
[08/21 23:46:48][WARNING] datasets.base.few_shot_dataset:  251: Error at decoding. 1/5. Vid index: [81, 185], Vid path: 9
[08/21 23:46:53][INFO] utils.logging:   91: {"_type": "val_iter", "gpu_mem": "1.86 GB", "iter": "9600/10000", "top1_acc": 68.100001}
[08/21 23:47:16][INFO] utils.logging:   91: {"_type": "val_iter", "gpu_mem": "1.86 GB", "iter": "9800/10000", "top1_acc": 63.400001}
[08/21 23:47:39][INFO] utils.logging:   91: {"_type": "val_iter", "gpu_mem": "1.86 GB", "iter": "10000/10000", "top1_acc": 67.100001}
[08/21 23:47:39][INFO] utils.logging:   91: {"RAM": "18.12/125.63 GB", "_type": "val_epoch", "epoch": "3", "gpu_mem": "1.86 GB", "top1_acc": 66.626001}
[08/21 23:47:39][INFO] train_net_few_shot:   53: Fusion weights: focus=0.088806, task_match=0.050031
[08/21 23:47:41][INFO] train_net_few_shot:  125: New best validation accuracy: 66.6260; checkpoint=output/SSv2_Full_FOCUS_TASK_MATCH_v3/checkpoints/checkpoint_best.pyth
[08/21 23:47:41][INFO] utils.logging:   91: {"_type": "train_iter", "iter": "30000/30000", "loss": 0.778129, "lr": 0.000050, "top1_acc": 91.600001}
[08/21 23:47:41][INFO] utils.logging:   91: {"RAM": "14.09/125.63 GB", "_type": "train_epoch", "epoch": "10", "gpu_mem": "1.86 GB", "loss": 2.433699, "lr": 0.000050, "top1_acc": 81.896668}
