[08/25 15:55:43][INFO] train_net_few_shot:  303: Train with config:
[08/25 15:55:43][INFO] train_net_few_shot:  304: {
  "TASK_TYPE": "few_shot_action",
  "PRETRAIN": {
    "ENABLE": false
  },
  "LOCALIZATION": {
    "ENABLE": false
  },
  "TRAIN": {
    "ENABLE": true,
    "DATASET": "SSv2-Full",
    "BATCH_SIZE": 1,
    "LOG_FILE": "train.log",
    "EVAL_PERIOD": 2,
    "NUM_FOLDS": 1,
    "AUTO_RESUME": false,
    "CHECKPOINT_PERIOD": 10,
    "CHECKPOINT_FILE_PATH": "",
    "CHECKPOINT_TYPE": "pytorch",
    "CHECKPOINT_INFLATE": false,
    "CHECKPOINT_PRE_PROCESS": {
      "ENABLE": false
    },
    "FINE_TUNE": true,
    "ONLY_LINEAR": false,
    "LR_REDUCE": false,
    "TRAIN_VAL_COMBINE": false,
    "LOSS_FUNC": "cross_entropy",
    "USE_CLASSIFICATION_VALUE": 2.0,
    "GRADIENT_CHECKPOINT": true,
    "NUM_CLASS": 64,
    "META_BATCH": true,
    "WAY": 5,
    "SHOT": 1,
    "QUERY_PER_CLASS": 1,
    "QUERY_PER_CLASS_TEST": 1,
    "NUM_TRAIN_TASKS": 30000,
    "NUM_TEST_TASKS": 10000,
    "VAL_FRE_ITER": 10000,
    "BATCH_SIZE_PER_TASK": 4,
    "NORMALIZE_ACCUMULATED_GRADIENTS": false
  },
  "TEST": {
    "ENABLE": true,
    "DATASET": "SSv2-Full",
    "BATCH_SIZE": 1,
    "NUM_SPATIAL_CROPS": 1,
    "SPATIAL_CROPS": "cctltr",
    "NUM_ENSEMBLE_VIEWS": 1,
    "LOG_FILE": "test.log",
    "CHECKPOINT_FILE_PATH": "",
    "CHECKPOINT_TYPE": "pytorch",
    "AUTOMATIC_MULTI_SCALE_TEST": false,
    "TEST_SET": "val",
    "UPLOAD_CLASSIFIER_RESULTS": true,
    "SHOT": [
      1,
      5
    ],
    "EPISODE_SEED": 2026
  },
  "VISUALIZATION": {
    "ENABLE": false,
    "NAME": "",
    "FEATURE_MAPS": {
      "ENABLE": false,
      "BASE_OUTPUT_DIR": ""
    }
  },
  "SUBMISSION": {
    "ENABLE": false,
    "SAVE_RESULTS_PATH": "test.json"
  },
  "DATA": {
    "DATA_ROOT_DIR": "/mnt/data/yanyi2025/lrc/action_data/ssv2/videos/videos/",
    "ANNO_DIR": "config/ssv2_full/",
    "NUM_INPUT_FRAMES": 8,
    "NUM_INPUT_CHANNELS": 2304,
    "SAMPLING_MODE": "interval_based",
    "SAMPLING_RATE": 50,
    "TRAIN_JITTER_SCALES": [
      256,
      256
    ],
    "TRAIN_CROP_SIZE": 224,
    "TEST_SCALE": 256,
    "TEST_CROP_SIZE": 224,
    "MEAN": [
      0.48145466,
      0.4578275,
      0.40821073
    ],
    "STD": [
      0.26862954,
      0.26130258,
      0.27577711
    ],
    "MULTI_LABEL": false,
    "ENSEMBLE_METHOD": "sum",
    "TARGET_FPS": 12,
    "MINUS_INTERVAL": false,
    "FPS": 12,
    "NORM_FEATURE": false,
    "USE_AUG_FEATURE": false,
    "AUG": false,
    "LOAD_PROPS": false,
    "TEMPORAL_SCALE": 256,
    "LABELS_TYPE": "cls",
    "LOAD_TYPE": "pickle",
    "DOWNLOAD_FEATURE": true,
    "VIDEO_EXT": ".webm",
    "SAMPLING_UNIFORM": false,
    "TEST_CENTER_CROP": true,
    "CLIP_INTERVAL": 8
  },
  "MODEL": {
    "NAME": "BaseVideoModel",
    "EMA": {
      "ENABLE": false,
      "DECAY": 0.99996
    }
  },
  "VIDEO": {
    "BACKBONE": {
      "DEPTH": null,
      "META_ARCH": "Identity",
      "NUM_FILTERS": null,
      "NUM_INPUT_CHANNELS": 3,
      "NUM_OUT_FEATURES": null,
      "KERNEL_SIZE": null,
      "DOWNSAMPLING": null,
      "DOWNSAMPLING_TEMPORAL": null,
      "NUM_STREAMS": 1,
      "EXPANSION_RATIO": 2,
      "BRANCH": {
        "NAME": null
      },
      "STEM": {
        "NAME": null
      },
      "NONLOCAL": {
        "ENABLE": false,
        "STAGES": [
          5
        ],
        "MASK_ENABLE": false
      },
      "INITIALIZATION": null
    },
    "HEAD": {
      "NAME": "BaseTemporalClassifier",
      "ACTIVATION": "softmax",
      "DROPOUT_RATE": 0.0,
      "NUM_CLASSES": 200
    }
  },
  "OPTIMIZER": {
    "ADJUST_LR": false,
    "BASE_LR": 0.002,
    "LR_POLICY": "cosine",
    "MAX_EPOCH": 300,
    "MOMENTUM": 0.9,
    "WEIGHT_DECAY": "1e-3",
    "WARMUP_EPOCHS": 10,
    "WARMUP_START_LR": 0.0002,
    "OPTIM_METHOD": "adam",
    "DAMPENING": 0.0,
    "NESTEROV": true
  },
  "BN": {
    "WB_LOCK": false,
    "FREEZE": false,
    "WEIGHT_DECAY": 0.0,
    "MOMENTUM": 0.1,
    "EPS": "1e-3",
    "SYNC": false
  },
  "DATA_LOADER": {
    "NUM_WORKERS": 8,
    "PIN_MEMORY": true,
    "ENABLE_MULTI_THREAD_DECODE": true,
    "COLLATE_FN": null
  },
  "NUM_GPUS": 1,
  "SHARD_ID": 0,
  "NUM_SHARDS": 1,
  "RANDOM_SEED": 18,
  "OUTPUT_DIR": "output/SSv2_Full_MULTI_VELOCITY",
  "OUTPUT_CFG_FILE": "configuration.log",
  "LOG_PERIOD": 200,
  "DIST_BACKEND": "nccl",
  "LOG_MODEL_INFO": false,
  "LOG_CONFIG_INFO": true,
  "OSS": {
    "ENABLE": false,
    "KEY": null,
    "SECRET": null,
    "ENDPOINT": null,
    "CHECKPOINT_OUTPUT_PATH": null,
    "SECONDARY_DATA_OSS": {
      "ENABLE": false,
      "KEY": null,
      "SECRET": null,
      "ENDPOINT": null,
      "BUCKETS": [
        ""
      ]
    }
  },
  "AUGMENTATION": {
    "COLOR_AUG": false,
    "BRIGHTNESS": 0.5,
    "CONTRAST": 0.5,
    "SATURATION": 0.5,
    "HUE": 0.25,
    "GRAYSCALE": 0.3,
    "CONSISTENT": true,
    "SHUFFLE": true,
    "GRAY_FIRST": true,
    "RATIO": [
      0.857142857142857,
      1.1666666666666667
    ],
    "USE_GPU": false,
    "MIXUP": {
      "ENABLE": false,
      "ALPHA": 0.0,
      "PROB": 1.0,
      "MODE": "batch",
      "SWITCH_PROB": 0.5
    },
    "CUTMIX": {
      "ENABLE": false,
      "ALPHA": 0.0,
      "MINMAX": null
    },
    "RANDOM_ERASING": {
      "ENABLE": false,
      "PROB": 0.25,
      "MODE": "const",
      "COUNT": [
        1,
        1
      ],
      "NUM_SPLITS": 0,
      "AREA_RANGE": [
        0.02,
        0.33
      ],
      "MIN_ASPECT": 0.3
    },
    "LABEL_SMOOTHING": 0.0,
    "SSV2_FLIP": false,
    "IS_SPLIT": false,
    "NO_RANDOM_ERASE": true,
    "SUPPORT_QUERY_DIFF": true
  },
  "PAI": false,
  "USE_MULTISEG_VAL_DIST": false,
  "DETECTION": {
    "ENABLE": false
  },
  "TENSORBOARD": {
    "ENABLE": false
  },
  "SOLVER": {
    "BASE_LR": 0.001,
    "LR_POLICY": "steps_with_relative_lrs",
    "MAX_EPOCH": 10,
    "MOMENTUM": 0.9,
    "WEIGHT_DECAY": "5e-4",
    "WARMUP_EPOCHS": 1,
    "WARMUP_START_LR": 0.0002,
    "OPTIM_METHOD": "adam",
    "DAMPENING": 0.0,
    "NESTEROV": true,
    "STEPS_ITER": 3000,
    "STEPS": [
      0,
      4,
      6,
      8
    ],
    "LRS": [
      1,
      0.5,
      0.1,
      0.05
    ]
  },
  "PRE_DOWNLOAD": {
    "ENABLE": false
  },
  "SUPPORT_SHOT": 1,
  "MULTI_VELOCITY": {
    "ENABLE": true,
    "VELOCITIES": [
      1,
      2
    ],
    "HIDDEN_RATIO": 0.25,
    "DROPOUT": 0.1,
    "DISTANCE_SCALE": 16.0,
    "OTAM_LAMBDA": 0.5,
    "ALPHA_INIT": -4.0
  },
  "ADAPTER": {
    "NAME": "ViT_CLIP",
    "PRETRAINED": "ViT-B/16",
    "WIDTH": 768,
    "PATCH_SIZE": 16,
    "LAYERS": 12,
    "HEADS": 12,
    "ADAPTER_SCALE": 0.25
  },
  "INIT_METHOD": "tcp://localhost:1111",
  "CUDA_VISIBLE_DEVICES": "1"
}

[08/25 15:55:43][INFO] models.base.adapter: 1070: load model from: ViT-B/16
[08/25 15:55:44][INFO] models.base.adapter: 1077: Missing keys: ['temporal_embedding', 'multi_velocity_alpha', 'transformer.resblocks.0.Adapter.down.weight', 'transformer.resblocks.0.Adapter.down.bias', 'transformer.resblocks.0.Adapter.pos_embed.weight', 'transformer.resblocks.0.Adapter.pos_embed.bias', 'transformer.resblocks.0.Adapter.s_ln.weight', 'transformer.resblocks.0.Adapter.s_ln.bias', 'transformer.resblocks.0.Adapter.s_attn.conv_offset.0.weight', 'transformer.resblocks.0.Adapter.s_attn.conv_offset.0.bias', 'transformer.resblocks.0.Adapter.s_attn.conv_offset.1.norm.weight', 'transformer.resblocks.0.Adapter.s_attn.conv_offset.1.norm.bias', 'transformer.resblocks.0.Adapter.s_attn.conv_offset.3.weight', 'transformer.resblocks.0.Adapter.s_attn.proj_q.weight', 'transformer.resblocks.0.Adapter.s_attn.proj_q.bias', 'transformer.resblocks.0.Adapter.s_attn.proj_k.weight', 'transformer.resblocks.0.Adapter.s_attn.proj_k.bias', 'transformer.resblocks.0.Adapter.s_attn.proj_v.weight', 'transformer.resblocks.0.Adapter.s_attn.proj_v.bias', 'transformer.resblocks.0.Adapter.s_attn.proj_out.weight', 'transformer.resblocks.0.Adapter.s_attn.proj_out.bias', 'transformer.resblocks.0.Adapter.t_ln.weight', 'transformer.resblocks.0.Adapter.t_ln.bias', 'transformer.resblocks.0.Adapter.t_attn.conv_offset.0.weight', 'transformer.resblocks.0.Adapter.t_attn.conv_offset.0.bias', 'transformer.resblocks.0.Adapter.t_attn.conv_offset.1.norm.weight', 'transformer.resblocks.0.Adapter.t_attn.conv_offset.1.norm.bias', 'transformer.resblocks.0.Adapter.t_attn.conv_offset.3.weight', 'transformer.resblocks.0.Adapter.t_attn.proj_q.weight', 'transformer.resblocks.0.Adapter.t_attn.proj_q.bias', 'transformer.resblocks.0.Adapter.t_attn.proj_k.weight', 'transformer.resblocks.0.Adapter.t_attn.proj_k.bias', 'transformer.resblocks.0.Adapter.t_attn.proj_v.weight', 'transformer.resblocks.0.Adapter.t_attn.proj_v.bias', 'transformer.resblocks.0.Adapter.t_attn.proj_out.weight', 'transformer.resblocks.0.Adapter.t_attn.proj_out.bias', 'transformer.resblocks.0.Adapter.up.weight', 'transformer.resblocks.0.Adapter.up.bias', 'transformer.resblocks.1.Adapter.down.weight', 'transformer.resblocks.1.Adapter.down.bias', 'transformer.resblocks.1.Adapter.pos_embed.weight', 'transformer.resblocks.1.Adapter.pos_embed.bias', 'transformer.resblocks.1.Adapter.s_ln.weight', 'transformer.resblocks.1.Adapter.s_ln.bias', 'transformer.resblocks.1.Adapter.s_attn.conv_offset.0.weight', 'transformer.resblocks.1.Adapter.s_attn.conv_offset.0.bias', 'transformer.resblocks.1.Adapter.s_attn.conv_offset.1.norm.weight', 'transformer.resblocks.1.Adapter.s_attn.conv_offset.1.norm.bias', 'transformer.resblocks.1.Adapter.s_attn.conv_offset.3.weight', 'transformer.resblocks.1.Adapter.s_attn.proj_q.weight', 'transformer.resblocks.1.Adapter.s_attn.proj_q.bias', 'transformer.resblocks.1.Adapter.s_attn.proj_k.weight', 'transformer.resblocks.1.Adapter.s_attn.proj_k.bias', 'transformer.resblocks.1.Adapter.s_attn.proj_v.weight', 'transformer.resblocks.1.Adapter.s_attn.proj_v.bias', 'transformer.resblocks.1.Adapter.s_attn.proj_out.weight', 'transformer.resblocks.1.Adapter.s_attn.proj_out.bias', 'transformer.resblocks.1.Adapter.t_ln.weight', 'transformer.resblocks.1.Adapter.t_ln.bias', 'transformer.resblocks.1.Adapter.t_attn.conv_offset.0.weight', 'transformer.resblocks.1.Adapter.t_attn.conv_offset.0.bias', 'transformer.resblocks.1.Adapter.t_attn.conv_offset.1.norm.weight', 'transformer.resblocks.1.Adapter.t_attn.conv_offset.1.norm.bias', 'transformer.resblocks.1.Adapter.t_attn.conv_offset.3.weight', 'transformer.resblocks.1.Adapter.t_attn.proj_q.weight', 'transformer.resblocks.1.Adapter.t_attn.proj_q.bias', 'transformer.resblocks.1.Adapter.t_attn.proj_k.weight', 'transformer.resblocks.1.Adapter.t_attn.proj_k.bias', 'transformer.resblocks.1.Adapter.t_attn.proj_v.weight', 'transformer.resblocks.1.Adapter.t_attn.proj_v.bias', 'transformer.resblocks.1.Adapter.t_attn.proj_out.weight', 'transformer.resblocks.1.Adapter.t_attn.proj_out.bias', 'transformer.resblocks.1.Adapter.up.weight', 'transformer.resblocks.1.Adapter.up.bias', 'transformer.resblocks.2.Adapter.down.weight', 'transformer.resblocks.2.Adapter.down.bias', 'transformer.resblocks.2.Adapter.pos_embed.weight', 'transformer.resblocks.2.Adapter.pos_embed.bias', 'transformer.resblocks.2.Adapter.s_ln.weight', 'transformer.resblocks.2.Adapter.s_ln.bias', 'transformer.resblocks.2.Adapter.s_attn.conv_offset.0.weight', 'transformer.resblocks.2.Adapter.s_attn.conv_offset.0.bias', 'transformer.resblocks.2.Adapter.s_attn.conv_offset.1.norm.weight', 'transformer.resblocks.2.Adapter.s_attn.conv_offset.1.norm.bias', 'transformer.resblocks.2.Adapter.s_attn.conv_offset.3.weight', 'transformer.resblocks.2.Adapter.s_attn.proj_q.weight', 'transformer.resblocks.2.Adapter.s_attn.proj_q.bias', 'transformer.resblocks.2.Adapter.s_attn.proj_k.weight', 'transformer.resblocks.2.Adapter.s_attn.proj_k.bias', 'transformer.resblocks.2.Adapter.s_attn.proj_v.weight', 'transformer.resblocks.2.Adapter.s_attn.proj_v.bias', 'transformer.resblocks.2.Adapter.s_attn.proj_out.weight', 'transformer.resblocks.2.Adapter.s_attn.proj_out.bias', 'transformer.resblocks.2.Adapter.t_ln.weight', 'transformer.resblocks.2.Adapter.t_ln.bias', 'transformer.resblocks.2.Adapter.t_attn.conv_offset.0.weight', 'transformer.resblocks.2.Adapter.t_attn.conv_offset.0.bias', 'transformer.resblocks.2.Adapter.t_attn.conv_offset.1.norm.weight', 'transformer.resblocks.2.Adapter.t_attn.conv_offset.1.norm.bias', 'transformer.resblocks.2.Adapter.t_attn.conv_offset.3.weight', 'transformer.resblocks.2.Adapter.t_attn.proj_q.weight', 'transformer.resblocks.2.Adapter.t_attn.proj_q.bias', 'transformer.resblocks.2.Adapter.t_attn.proj_k.weight', 'transformer.resblocks.2.Adapter.t_attn.proj_k.bias', 'transformer.resblocks.2.Adapter.t_attn.proj_v.weight', 'transformer.resblocks.2.Adapter.t_attn.proj_v.bias', 'transformer.resblocks.2.Adapter.t_attn.proj_out.weight', 'transformer.resblocks.2.Adapter.t_attn.proj_out.bias', 'transformer.resblocks.2.Adapter.up.weight', 'transformer.resblocks.2.Adapter.up.bias', 'transformer.resblocks.3.Adapter.down.weight', 'transformer.resblocks.3.Adapter.down.bias', 'transformer.resblocks.3.Adapter.pos_embed.weight', 'transformer.resblocks.3.Adapter.pos_embed.bias', 'transformer.resblocks.3.Adapter.s_ln.weight', 'transformer.resblocks.3.Adapter.s_ln.bias', 'transformer.resblocks.3.Adapter.s_attn.conv_offset.0.weight', 'transformer.resblocks.3.Adapter.s_attn.conv_offset.0.bias', 'transformer.resblocks.3.Adapter.s_attn.conv_offset.1.norm.weight', 'transformer.resblocks.3.Adapter.s_attn.conv_offset.1.norm.bias', 'transformer.resblocks.3.Adapter.s_attn.conv_offset.3.weight', 'transformer.resblocks.3.Adapter.s_attn.proj_q.weight', 'transformer.resblocks.3.Adapter.s_attn.proj_q.bias', 'transformer.resblocks.3.Adapter.s_attn.proj_k.weight', 'transformer.resblocks.3.Adapter.s_attn.proj_k.bias', 'transformer.resblocks.3.Adapter.s_attn.proj_v.weight', 'transformer.resblocks.3.Adapter.s_attn.proj_v.bias', 'transformer.resblocks.3.Adapter.s_attn.proj_out.weight', 'transformer.resblocks.3.Adapter.s_attn.proj_out.bias', 'transformer.resblocks.3.Adapter.t_ln.weight', 'transformer.resblocks.3.Adapter.t_ln.bias', 'transformer.resblocks.3.Adapter.t_attn.conv_offset.0.weight', 'transformer.resblocks.3.Adapter.t_attn.conv_offset.0.bias', 'transformer.resblocks.3.Adapter.t_attn.conv_offset.1.norm.weight', 'transformer.resblocks.3.Adapter.t_attn.conv_offset.1.norm.bias', 'transformer.resblocks.3.Adapter.t_attn.conv_offset.3.weight', 'transformer.resblocks.3.Adapter.t_attn.proj_q.weight', 'transformer.resblocks.3.Adapter.t_attn.proj_q.bias', 'transformer.resblocks.3.Adapter.t_attn.proj_k.weight', 'transformer.resblocks.3.Adapter.t_attn.proj_k.bias', 'transformer.resblocks.3.Adapter.t_attn.proj_v.weight', 'transformer.resblocks.3.Adapter.t_attn.proj_v.bias', 'transformer.resblocks.3.Adapter.t_attn.proj_out.weight', 'transformer.resblocks.3.Adapter.t_attn.proj_out.bias', 'transformer.resblocks.3.Adapter.up.weight', 'transformer.resblocks.3.Adapter.up.bias', 'transformer.resblocks.4.Adapter.down.weight', 'transformer.resblocks.4.Adapter.down.bias', 'transformer.resblocks.4.Adapter.pos_embed.weight', 'transformer.resblocks.4.Adapter.pos_embed.bias', 'transformer.resblocks.4.Adapter.s_ln.weight', 'transformer.resblocks.4.Adapter.s_ln.bias', 'transformer.resblocks.4.Adapter.s_attn.conv_offset.0.weight', 'transformer.resblocks.4.Adapter.s_attn.conv_offset.0.bias', 'transformer.resblocks.4.Adapter.s_attn.conv_offset.1.norm.weight', 'transformer.resblocks.4.Adapter.s_attn.conv_offset.1.norm.bias', 'transformer.resblocks.4.Adapter.s_attn.conv_offset.3.weight', 'transformer.resblocks.4.Adapter.s_attn.proj_q.weight', 'transformer.resblocks.4.Adapter.s_attn.proj_q.bias', 'transformer.resblocks.4.Adapter.s_attn.proj_k.weight', 'transformer.resblocks.4.Adapter.s_attn.proj_k.bias', 'transformer.resblocks.4.Adapter.s_attn.proj_v.weight', 'transformer.resblocks.4.Adapter.s_attn.proj_v.bias', 'transformer.resblocks.4.Adapter.s_attn.proj_out.weight', 'transformer.resblocks.4.Adapter.s_attn.proj_out.bias', 'transformer.resblocks.4.Adapter.t_ln.weight', 'transformer.resblocks.4.Adapter.t_ln.bias', 'transformer.resblocks.4.Adapter.t_attn.conv_offset.0.weight', 'transformer.resblocks.4.Adapter.t_attn.conv_offset.0.bias', 'transformer.resblocks.4.Adapter.t_attn.conv_offset.1.norm.weight', 'transformer.resblocks.4.Adapter.t_attn.conv_offset.1.norm.bias', 'transformer.resblocks.4.Adapter.t_attn.conv_offset.3.weight', 'transformer.resblocks.4.Adapter.t_attn.proj_q.weight', 'transformer.resblocks.4.Adapter.t_attn.proj_q.bias', 'transformer.resblocks.4.Adapter.t_attn.proj_k.weight', 'transformer.resblocks.4.Adapter.t_attn.proj_k.bias', 'transformer.resblocks.4.Adapter.t_attn.proj_v.weight', 'transformer.resblocks.4.Adapter.t_attn.proj_v.bias', 'transformer.resblocks.4.Adapter.t_attn.proj_out.weight', 'transformer.resblocks.4.Adapter.t_attn.proj_out.bias', 'transformer.resblocks.4.Adapter.up.weight', 'transformer.resblocks.4.Adapter.up.bias', 'transformer.resblocks.5.Adapter.down.weight', 'transformer.resblocks.5.Adapter.down.bias', 'transformer.resblocks.5.Adapter.pos_embed.weight', 'transformer.resblocks.5.Adapter.pos_embed.bias', 'transformer.resblocks.5.Adapter.s_ln.weight', 'transformer.resblocks.5.Adapter.s_ln.bias', 'transformer.resblocks.5.Adapter.s_attn.conv_offset.0.weight', 'transformer.resblocks.5.Adapter.s_attn.conv_offset.0.bias', 'transformer.resblocks.5.Adapter.s_attn.conv_offset.1.norm.weight', 'transformer.resblocks.5.Adapter.s_attn.conv_offset.1.norm.bias', 'transformer.resblocks.5.Adapter.s_attn.conv_offset.3.weight', 'transformer.resblocks.5.Adapter.s_attn.proj_q.weight', 'transformer.resblocks.5.Adapter.s_attn.proj_q.bias', 'transformer.resblocks.5.Adapter.s_attn.proj_k.weight', 'transformer.resblocks.5.Adapter.s_attn.proj_k.bias', 'transformer.resblocks.5.Adapter.s_attn.proj_v.weight', 'transformer.resblocks.5.Adapter.s_attn.proj_v.bias', 'transformer.resblocks.5.Adapter.s_attn.proj_out.weight', 'transformer.resblocks.5.Adapter.s_attn.proj_out.bias', 'transformer.resblocks.5.Adapter.t_ln.weight', 'transformer.resblocks.5.Adapter.t_ln.bias', 'transformer.resblocks.5.Adapter.t_attn.conv_offset.0.weight', 'transformer.resblocks.5.Adapter.t_attn.conv_offset.0.bias', 'transformer.resblocks.5.Adapter.t_attn.conv_offset.1.norm.weight', 'transformer.resblocks.5.Adapter.t_attn.conv_offset.1.norm.bias', 'transformer.resblocks.5.Adapter.t_attn.conv_offset.3.weight', 'transformer.resblocks.5.Adapter.t_attn.proj_q.weight', 'transformer.resblocks.5.Adapter.t_attn.proj_q.bias', 'transformer.resblocks.5.Adapter.t_attn.proj_k.weight', 'transformer.resblocks.5.Adapter.t_attn.proj_k.bias', 'transformer.resblocks.5.Adapter.t_attn.proj_v.weight', 'transformer.resblocks.5.Adapter.t_attn.proj_v.bias', 'transformer.resblocks.5.Adapter.t_attn.proj_out.weight', 'transformer.resblocks.5.Adapter.t_attn.proj_out.bias', 'transformer.resblocks.5.Adapter.up.weight', 'transformer.resblocks.5.Adapter.up.bias', 'transformer.resblocks.6.Adapter.down.weight', 'transformer.resblocks.6.Adapter.down.bias', 'transformer.resblocks.6.Adapter.pos_embed.weight', 'transformer.resblocks.6.Adapter.pos_embed.bias', 'transformer.resblocks.6.Adapter.s_ln.weight', 'transformer.resblocks.6.Adapter.s_ln.bias', 'transformer.resblocks.6.Adapter.s_attn.conv_offset.0.weight', 'transformer.resblocks.6.Adapter.s_attn.conv_offset.0.bias', 'transformer.resblocks.6.Adapter.s_attn.conv_offset.1.norm.weight', 'transformer.resblocks.6.Adapter.s_attn.conv_offset.1.norm.bias', 'transformer.resblocks.6.Adapter.s_attn.conv_offset.3.weight', 'transformer.resblocks.6.Adapter.s_attn.proj_q.weight', 'transformer.resblocks.6.Adapter.s_attn.proj_q.bias', 'transformer.resblocks.6.Adapter.s_attn.proj_k.weight', 'transformer.resblocks.6.Adapter.s_attn.proj_k.bias', 'transformer.resblocks.6.Adapter.s_attn.proj_v.weight', 'transformer.resblocks.6.Adapter.s_attn.proj_v.bias', 'transformer.resblocks.6.Adapter.s_attn.proj_out.weight', 'transformer.resblocks.6.Adapter.s_attn.proj_out.bias', 'transformer.resblocks.6.Adapter.t_ln.weight', 'transformer.resblocks.6.Adapter.t_ln.bias', 'transformer.resblocks.6.Adapter.t_attn.conv_offset.0.weight', 'transformer.resblocks.6.Adapter.t_attn.conv_offset.0.bias', 'transformer.resblocks.6.Adapter.t_attn.conv_offset.1.norm.weight', 'transformer.resblocks.6.Adapter.t_attn.conv_offset.1.norm.bias', 'transformer.resblocks.6.Adapter.t_attn.conv_offset.3.weight', 'transformer.resblocks.6.Adapter.t_attn.proj_q.weight', 'transformer.resblocks.6.Adapter.t_attn.proj_q.bias', 'transformer.resblocks.6.Adapter.t_attn.proj_k.weight', 'transformer.resblocks.6.Adapter.t_attn.proj_k.bias', 'transformer.resblocks.6.Adapter.t_attn.proj_v.weight', 'transformer.resblocks.6.Adapter.t_attn.proj_v.bias', 'transformer.resblocks.6.Adapter.t_attn.proj_out.weight', 'transformer.resblocks.6.Adapter.t_attn.proj_out.bias', 'transformer.resblocks.6.Adapter.up.weight', 'transformer.resblocks.6.Adapter.up.bias', 'transformer.resblocks.7.Adapter.down.weight', 'transformer.resblocks.7.Adapter.down.bias', 'transformer.resblocks.7.Adapter.pos_embed.weight', 'transformer.resblocks.7.Adapter.pos_embed.bias', 'transformer.resblocks.7.Adapter.s_ln.weight', 'transformer.resblocks.7.Adapter.s_ln.bias', 'transformer.resblocks.7.Adapter.s_attn.conv_offset.0.weight', 'transformer.resblocks.7.Adapter.s_attn.conv_offset.0.bias', 'transformer.resblocks.7.Adapter.s_attn.conv_offset.1.norm.weight', 'transformer.resblocks.7.Adapter.s_attn.conv_offset.1.norm.bias', 'transformer.resblocks.7.Adapter.s_attn.conv_offset.3.weight', 'transformer.resblocks.7.Adapter.s_attn.proj_q.weight', 'transformer.resblocks.7.Adapter.s_attn.proj_q.bias', 'transformer.resblocks.7.Adapter.s_attn.proj_k.weight', 'transformer.resblocks.7.Adapter.s_attn.proj_k.bias', 'transformer.resblocks.7.Adapter.s_attn.proj_v.weight', 'transformer.resblocks.7.Adapter.s_attn.proj_v.bias', 'transformer.resblocks.7.Adapter.s_attn.proj_out.weight', 'transformer.resblocks.7.Adapter.s_attn.proj_out.bias', 'transformer.resblocks.7.Adapter.t_ln.weight', 'transformer.resblocks.7.Adapter.t_ln.bias', 'transformer.resblocks.7.Adapter.t_attn.conv_offset.0.weight', 'transformer.resblocks.7.Adapter.t_attn.conv_offset.0.bias', 'transformer.resblocks.7.Adapter.t_attn.conv_offset.1.norm.weight', 'transformer.resblocks.7.Adapter.t_attn.conv_offset.1.norm.bias', 'transformer.resblocks.7.Adapter.t_attn.conv_offset.3.weight', 'transformer.resblocks.7.Adapter.t_attn.proj_q.weight', 'transformer.resblocks.7.Adapter.t_attn.proj_q.bias', 'transformer.resblocks.7.Adapter.t_attn.proj_k.weight', 'transformer.resblocks.7.Adapter.t_attn.proj_k.bias', 'transformer.resblocks.7.Adapter.t_attn.proj_v.weight', 'transformer.resblocks.7.Adapter.t_attn.proj_v.bias', 'transformer.resblocks.7.Adapter.t_attn.proj_out.weight', 'transformer.resblocks.7.Adapter.t_attn.proj_out.bias', 'transformer.resblocks.7.Adapter.up.weight', 'transformer.resblocks.7.Adapter.up.bias', 'transformer.resblocks.8.Adapter.down.weight', 'transformer.resblocks.8.Adapter.down.bias', 'transformer.resblocks.8.Adapter.pos_embed.weight', 'transformer.resblocks.8.Adapter.pos_embed.bias', 'transformer.resblocks.8.Adapter.s_ln.weight', 'transformer.resblocks.8.Adapter.s_ln.bias', 'transformer.resblocks.8.Adapter.s_attn.conv_offset.0.weight', 'transformer.resblocks.8.Adapter.s_attn.conv_offset.0.bias', 'transformer.resblocks.8.Adapter.s_attn.conv_offset.1.norm.weight', 'transformer.resblocks.8.Adapter.s_attn.conv_offset.1.norm.bias', 'transformer.resblocks.8.Adapter.s_attn.conv_offset.3.weight', 'transformer.resblocks.8.Adapter.s_attn.proj_q.weight', 'transformer.resblocks.8.Adapter.s_attn.proj_q.bias', 'transformer.resblocks.8.Adapter.s_attn.proj_k.weight', 'transformer.resblocks.8.Adapter.s_attn.proj_k.bias', 'transformer.resblocks.8.Adapter.s_attn.proj_v.weight', 'transformer.resblocks.8.Adapter.s_attn.proj_v.bias', 'transformer.resblocks.8.Adapter.s_attn.proj_out.weight', 'transformer.resblocks.8.Adapter.s_attn.proj_out.bias', 'transformer.resblocks.8.Adapter.t_ln.weight', 'transformer.resblocks.8.Adapter.t_ln.bias', 'transformer.resblocks.8.Adapter.t_attn.conv_offset.0.weight', 'transformer.resblocks.8.Adapter.t_attn.conv_offset.0.bias', 'transformer.resblocks.8.Adapter.t_attn.conv_offset.1.norm.weight', 'transformer.resblocks.8.Adapter.t_attn.conv_offset.1.norm.bias', 'transformer.resblocks.8.Adapter.t_attn.conv_offset.3.weight', 'transformer.resblocks.8.Adapter.t_attn.proj_q.weight', 'transformer.resblocks.8.Adapter.t_attn.proj_q.bias', 'transformer.resblocks.8.Adapter.t_attn.proj_k.weight', 'transformer.resblocks.8.Adapter.t_attn.proj_k.bias', 'transformer.resblocks.8.Adapter.t_attn.proj_v.weight', 'transformer.resblocks.8.Adapter.t_attn.proj_v.bias', 'transformer.resblocks.8.Adapter.t_attn.proj_out.weight', 'transformer.resblocks.8.Adapter.t_attn.proj_out.bias', 'transformer.resblocks.8.Adapter.up.weight', 'transformer.resblocks.8.Adapter.up.bias', 'transformer.resblocks.9.Adapter.down.weight', 'transformer.resblocks.9.Adapter.down.bias', 'transformer.resblocks.9.Adapter.pos_embed.weight', 'transformer.resblocks.9.Adapter.pos_embed.bias', 'transformer.resblocks.9.Adapter.s_ln.weight', 'transformer.resblocks.9.Adapter.s_ln.bias', 'transformer.resblocks.9.Adapter.s_attn.conv_offset.0.weight', 'transformer.resblocks.9.Adapter.s_attn.conv_offset.0.bias', 'transformer.resblocks.9.Adapter.s_attn.conv_offset.1.norm.weight', 'transformer.resblocks.9.Adapter.s_attn.conv_offset.1.norm.bias', 'transformer.resblocks.9.Adapter.s_attn.conv_offset.3.weight', 'transformer.resblocks.9.Adapter.s_attn.proj_q.weight', 'transformer.resblocks.9.Adapter.s_attn.proj_q.bias', 'transformer.resblocks.9.Adapter.s_attn.proj_k.weight', 'transformer.resblocks.9.Adapter.s_attn.proj_k.bias', 'transformer.resblocks.9.Adapter.s_attn.proj_v.weight', 'transformer.resblocks.9.Adapter.s_attn.proj_v.bias', 'transformer.resblocks.9.Adapter.s_attn.proj_out.weight', 'transformer.resblocks.9.Adapter.s_attn.proj_out.bias', 'transformer.resblocks.9.Adapter.t_ln.weight', 'transformer.resblocks.9.Adapter.t_ln.bias', 'transformer.resblocks.9.Adapter.t_attn.conv_offset.0.weight', 'transformer.resblocks.9.Adapter.t_attn.conv_offset.0.bias', 'transformer.resblocks.9.Adapter.t_attn.conv_offset.1.norm.weight', 'transformer.resblocks.9.Adapter.t_attn.conv_offset.1.norm.bias', 'transformer.resblocks.9.Adapter.t_attn.conv_offset.3.weight', 'transformer.resblocks.9.Adapter.t_attn.proj_q.weight', 'transformer.resblocks.9.Adapter.t_attn.proj_q.bias', 'transformer.resblocks.9.Adapter.t_attn.proj_k.weight', 'transformer.resblocks.9.Adapter.t_attn.proj_k.bias', 'transformer.resblocks.9.Adapter.t_attn.proj_v.weight', 'transformer.resblocks.9.Adapter.t_attn.proj_v.bias', 'transformer.resblocks.9.Adapter.t_attn.proj_out.weight', 'transformer.resblocks.9.Adapter.t_attn.proj_out.bias', 'transformer.resblocks.9.Adapter.up.weight', 'transformer.resblocks.9.Adapter.up.bias', 'transformer.resblocks.10.Adapter.down.weight', 'transformer.resblocks.10.Adapter.down.bias', 'transformer.resblocks.10.Adapter.pos_embed.weight', 'transformer.resblocks.10.Adapter.pos_embed.bias', 'transformer.resblocks.10.Adapter.s_ln.weight', 'transformer.resblocks.10.Adapter.s_ln.bias', 'transformer.resblocks.10.Adapter.s_attn.conv_offset.0.weight', 'transformer.resblocks.10.Adapter.s_attn.conv_offset.0.bias', 'transformer.resblocks.10.Adapter.s_attn.conv_offset.1.norm.weight', 'transformer.resblocks.10.Adapter.s_attn.conv_offset.1.norm.bias', 'transformer.resblocks.10.Adapter.s_attn.conv_offset.3.weight', 'transformer.resblocks.10.Adapter.s_attn.proj_q.weight', 'transformer.resblocks.10.Adapter.s_attn.proj_q.bias', 'transformer.resblocks.10.Adapter.s_attn.proj_k.weight', 'transformer.resblocks.10.Adapter.s_attn.proj_k.bias', 'transformer.resblocks.10.Adapter.s_attn.proj_v.weight', 'transformer.resblocks.10.Adapter.s_attn.proj_v.bias', 'transformer.resblocks.10.Adapter.s_attn.proj_out.weight', 'transformer.resblocks.10.Adapter.s_attn.proj_out.bias', 'transformer.resblocks.10.Adapter.t_ln.weight', 'transformer.resblocks.10.Adapter.t_ln.bias', 'transformer.resblocks.10.Adapter.t_attn.conv_offset.0.weight', 'transformer.resblocks.10.Adapter.t_attn.conv_offset.0.bias', 'transformer.resblocks.10.Adapter.t_attn.conv_offset.1.norm.weight', 'transformer.resblocks.10.Adapter.t_attn.conv_offset.1.norm.bias', 'transformer.resblocks.10.Adapter.t_attn.conv_offset.3.weight', 'transformer.resblocks.10.Adapter.t_attn.proj_q.weight', 'transformer.resblocks.10.Adapter.t_attn.proj_q.bias', 'transformer.resblocks.10.Adapter.t_attn.proj_k.weight', 'transformer.resblocks.10.Adapter.t_attn.proj_k.bias', 'transformer.resblocks.10.Adapter.t_attn.proj_v.weight', 'transformer.resblocks.10.Adapter.t_attn.proj_v.bias', 'transformer.resblocks.10.Adapter.t_attn.proj_out.weight', 'transformer.resblocks.10.Adapter.t_attn.proj_out.bias', 'transformer.resblocks.10.Adapter.up.weight', 'transformer.resblocks.10.Adapter.up.bias', 'transformer.resblocks.11.Adapter.down.weight', 'transformer.resblocks.11.Adapter.down.bias', 'transformer.resblocks.11.Adapter.pos_embed.weight', 'transformer.resblocks.11.Adapter.pos_embed.bias', 'transformer.resblocks.11.Adapter.s_ln.weight', 'transformer.resblocks.11.Adapter.s_ln.bias', 'transformer.resblocks.11.Adapter.s_attn.conv_offset.0.weight', 'transformer.resblocks.11.Adapter.s_attn.conv_offset.0.bias', 'transformer.resblocks.11.Adapter.s_attn.conv_offset.1.norm.weight', 'transformer.resblocks.11.Adapter.s_attn.conv_offset.1.norm.bias', 'transformer.resblocks.11.Adapter.s_attn.conv_offset.3.weight', 'transformer.resblocks.11.Adapter.s_attn.proj_q.weight', 'transformer.resblocks.11.Adapter.s_attn.proj_q.bias', 'transformer.resblocks.11.Adapter.s_attn.proj_k.weight', 'transformer.resblocks.11.Adapter.s_attn.proj_k.bias', 'transformer.resblocks.11.Adapter.s_attn.proj_v.weight', 'transformer.resblocks.11.Adapter.s_attn.proj_v.bias', 'transformer.resblocks.11.Adapter.s_attn.proj_out.weight', 'transformer.resblocks.11.Adapter.s_attn.proj_out.bias', 'transformer.resblocks.11.Adapter.t_ln.weight', 'transformer.resblocks.11.Adapter.t_ln.bias', 'transformer.resblocks.11.Adapter.t_attn.conv_offset.0.weight', 'transformer.resblocks.11.Adapter.t_attn.conv_offset.0.bias', 'transformer.resblocks.11.Adapter.t_attn.conv_offset.1.norm.weight', 'transformer.resblocks.11.Adapter.t_attn.conv_offset.1.norm.bias', 'transformer.resblocks.11.Adapter.t_attn.conv_offset.3.weight', 'transformer.resblocks.11.Adapter.t_attn.proj_q.weight', 'transformer.resblocks.11.Adapter.t_attn.proj_q.bias', 'transformer.resblocks.11.Adapter.t_attn.proj_k.weight', 'transformer.resblocks.11.Adapter.t_attn.proj_k.bias', 'transformer.resblocks.11.Adapter.t_attn.proj_v.weight', 'transformer.resblocks.11.Adapter.t_attn.proj_v.bias', 'transformer.resblocks.11.Adapter.t_attn.proj_out.weight', 'transformer.resblocks.11.Adapter.t_attn.proj_out.bias', 'transformer.resblocks.11.Adapter.up.weight', 'transformer.resblocks.11.Adapter.up.bias', 'classification_layer.weight', 'classification_layer.bias', 'multi_velocity_matcher.velocity_logits', 'multi_velocity_matcher.motion_norm.weight', 'multi_velocity_matcher.motion_norm.bias', 'multi_velocity_matcher.motion_projection.0.weight', 'multi_velocity_matcher.motion_projection.0.bias', 'multi_velocity_matcher.motion_projection.3.weight', 'multi_velocity_matcher.motion_projection.3.bias']
[08/25 15:55:44][INFO] models.base.adapter: 1078: Unexpected keys: []
[08/25 15:55:44][INFO] models.base.adapter: 1079: => loaded successfully 'ViT-B/16'
[08/25 15:55:44][INFO] models.base.adapter: 1086: init:  transformer.resblocks.0.Adapter.up
[08/25 15:55:44][INFO] models.base.adapter: 1086: init:  transformer.resblocks.1.Adapter.up
[08/25 15:55:44][INFO] models.base.adapter: 1086: init:  transformer.resblocks.2.Adapter.up
[08/25 15:55:44][INFO] models.base.adapter: 1086: init:  transformer.resblocks.3.Adapter.up
[08/25 15:55:44][INFO] models.base.adapter: 1086: init:  transformer.resblocks.4.Adapter.up
[08/25 15:55:44][INFO] models.base.adapter: 1086: init:  transformer.resblocks.5.Adapter.up
[08/25 15:55:44][INFO] models.base.adapter: 1086: init:  transformer.resblocks.6.Adapter.up
[08/25 15:55:44][INFO] models.base.adapter: 1086: init:  transformer.resblocks.7.Adapter.up
[08/25 15:55:44][INFO] models.base.adapter: 1086: init:  transformer.resblocks.8.Adapter.up
[08/25 15:55:44][INFO] models.base.adapter: 1086: init:  transformer.resblocks.9.Adapter.up
[08/25 15:55:44][INFO] models.base.adapter: 1086: init:  transformer.resblocks.10.Adapter.up
[08/25 15:55:44][INFO] models.base.adapter: 1086: init:  transformer.resblocks.11.Adapter.up
[08/25 15:55:44][INFO] train_net_few_shot:  308: Model:
BaseVideoModel(
  (model): ViT_CLIP(
    (conv1): Conv2d(3, 768, kernel_size=(16, 16), stride=(16, 16), bias=False)
    (ln_pre): LayerNorm((768,), eps=1e-05, elementwise_affine=True, bias=True)
    (transformer): Transformer(
      (resblocks): ModuleList(
        (0-11): 12 x ResidualAttentionBlock(
          (ln_1): LayerNorm((768,), eps=1e-05, elementwise_affine=True, bias=True)
          (attn): MultiheadAttention(
            (out_proj): NonDynamicallyQuantizableLinear(in_features=768, out_features=768, bias=True)
          )
          (ln_2): LayerNorm((768,), eps=1e-05, elementwise_affine=True, bias=True)
          (mlp): Sequential(
            (c_fc): Linear(in_features=768, out_features=3072, bias=True)
            (gelu): QuickGELU()
            (c_proj): Linear(in_features=3072, out_features=768, bias=True)
          )
          (Adapter): ViT_D2ST_Adapter(
            (down): Linear(in_features=768, out_features=192, bias=True)
            (gelu1): GELU(approximate='none')
            (pos_embed): Conv3d(192, 192, kernel_size=(3, 3, 3), stride=(1, 1, 1), padding=(1, 1, 1), groups=192)
            (s_ln): LayerNorm((192,), eps=1e-05, elementwise_affine=True, bias=True)
            (s_attn): ViT_DeformAttention(
              (conv_offset): Sequential(
                (0): Conv3d(48, 48, kernel_size=(4, 5, 5), stride=(4, 3, 3), groups=48)
                (1): LayerNormProxy(
                  (norm): LayerNorm((48,), eps=1e-05, elementwise_affine=True, bias=True)
                )
                (2): GELU(approximate='none')
                (3): Conv3d(48, 3, kernel_size=(1, 1, 1), stride=(1, 1, 1), bias=False)
              )
              (proj_q): Linear(in_features=192, out_features=192, bias=True)
              (proj_k): Linear(in_features=192, out_features=192, bias=True)
              (proj_v): Linear(in_features=192, out_features=192, bias=True)
              (proj_out): Linear(in_features=192, out_features=192, bias=True)
            )
            (t_ln): LayerNorm((192,), eps=1e-05, elementwise_affine=True, bias=True)
            (t_attn): ViT_DeformAttention(
              (conv_offset): Sequential(
                (0): Conv3d(48, 48, kernel_size=(1, 7, 7), stride=(1, 7, 7), groups=48)
                (1): LayerNormProxy(
                  (norm): LayerNorm((48,), eps=1e-05, elementwise_affine=True, bias=True)
                )
                (2): GELU(approximate='none')
                (3): Conv3d(48, 3, kernel_size=(1, 1, 1), stride=(1, 1, 1), bias=False)
              )
              (proj_q): Linear(in_features=192, out_features=192, bias=True)
              (proj_k): Linear(in_features=192, out_features=192, bias=True)
              (proj_v): Linear(in_features=192, out_features=192, bias=True)
              (proj_out): Linear(in_features=192, out_features=192, bias=True)
            )
            (gelu): GELU(approximate='none')
            (up): Linear(in_features=192, out_features=768, bias=True)
            (gelu2): GELU(approximate='none')
          )
        )
      )
    )
    (ln_post): LayerNorm((768,), eps=1e-05, elementwise_affine=True, bias=True)
    (classification_layer): Linear(in_features=768, out_features=64, bias=True)
    (multi_velocity_matcher): D2STMultiVelocityMatcher(
      (motion_norm): LayerNorm((768,), eps=1e-05, elementwise_affine=True, bias=True)
      (motion_projection): Sequential(
        (0): Linear(in_features=768, out_features=192, bias=True)
        (1): GELU(approximate='none')
        (2): Dropout(p=0.1, inplace=False)
        (3): Linear(in_features=192, out_features=768, bias=True)
      )
    )
  )
)
[08/25 15:55:44][INFO] models.utils.optimizer:   82: Optimized parameters constructed. Parameters without weight decay: []
[08/25 15:55:44][INFO] datasets.base.few_shot_dataset:   97: Reading video list from file: train_few_shot.txt
[08/25 15:55:44][INFO] datasets.base.few_shot_dataset:  127: Loading SSv2-Full dataset list for split 'train'...
[08/25 15:55:45][INFO] datasets.base.few_shot_dataset:   47: loaded 67013 videos from train dataset: SSv2-Full !
[08/25 15:55:45][INFO] datasets.base.few_shot_dataset:  153: Dataset SSv2-Full split train loaded. Length 67013.
[08/25 15:55:45][INFO] datasets.base.few_shot_dataset:   97: Reading video list from file: test_few_shot.txt
[08/25 15:55:45][INFO] datasets.base.few_shot_dataset:  127: Loading SSv2-Full dataset list for split 'test'...
[08/25 15:55:45][INFO] datasets.base.few_shot_dataset:   47: loaded 2857 videos from test dataset: SSv2-Full !
[08/25 15:55:45][INFO] datasets.base.few_shot_dataset:  153: Dataset SSv2-Full split test loaded. Length 2857.
[08/25 15:55:45][INFO] train_net_few_shot:  330: Start epoch: 1
[08/25 15:55:45][INFO] train_net_few_shot:  363: Number of total parameters: 93426499, tunable parameters: 7629379
[08/25 15:55:45][INFO] train_net_few_shot:   89: Norm training: True
[08/25 15:55:45][INFO] train_net_few_shot:  107: Gradient accumulation: steps=4, normalize=False
[08/25 15:58:26][INFO] utils.logging:   91: {"_type": "train_iter", "iter": "200/30000", "loss": 9.772025, "lr": 0.000253, "top1_acc": 39.499999}
[08/25 16:01:07][INFO] utils.logging:   91: {"_type": "train_iter", "iter": "400/30000", "loss": 9.044401, "lr": 0.000306, "top1_acc": 43.300000}
[08/25 16:03:48][INFO] utils.logging:   91: {"_type": "train_iter", "iter": "600/30000", "loss": 8.176741, "lr": 0.000360, "top1_acc": 49.400000}
[08/25 16:06:39][INFO] utils.logging:   91: {"_type": "train_iter", "iter": "800/30000", "loss": 7.521554, "lr": 0.000413, "top1_acc": 48.700000}
[08/25 16:09:32][INFO] utils.logging:   91: {"_type": "train_iter", "iter": "1000/30000", "loss": 6.779695, "lr": 0.000466, "top1_acc": 55.500001}
[08/25 16:12:22][INFO] utils.logging:   91: {"_type": "train_iter", "iter": "1200/30000", "loss": 6.462198, "lr": 0.000520, "top1_acc": 59.300001}
[08/25 16:15:00][INFO] utils.logging:   91: {"_type": "train_iter", "iter": "1400/30000", "loss": 6.323461, "lr": 0.000573, "top1_acc": 56.500001}
[08/25 16:16:26][INFO] utils.logging:   91: {"_type": "train_iter", "iter": "1600/30000", "loss": 5.915542, "lr": 0.000626, "top1_acc": 54.900001}
[08/25 16:17:53][INFO] utils.logging:   91: {"_type": "train_iter", "iter": "1800/30000", "loss": 5.649574, "lr": 0.000680, "top1_acc": 59.400001}
[08/25 16:19:20][INFO] utils.logging:   91: {"_type": "train_iter", "iter": "2000/30000", "loss": 5.769348, "lr": 0.000733, "top1_acc": 59.700001}
[08/25 16:20:46][INFO] utils.logging:   91: {"_type": "train_iter", "iter": "2200/30000", "loss": 5.335717, "lr": 0.000786, "top1_acc": 60.800001}
[08/25 16:22:13][INFO] utils.logging:   91: {"_type": "train_iter", "iter": "2400/30000", "loss": 5.213449, "lr": 0.000840, "top1_acc": 62.900001}
[08/25 16:23:40][INFO] utils.logging:   91: {"_type": "train_iter", "iter": "2600/30000", "loss": 5.112305, "lr": 0.000893, "top1_acc": 64.500001}
[08/25 16:25:06][INFO] utils.logging:   91: {"_type": "train_iter", "iter": "2800/30000", "loss": 4.976977, "lr": 0.000946, "top1_acc": 64.100001}
[08/25 16:26:33][INFO] utils.logging:   91: {"_type": "train_iter", "iter": "3000/30000", "loss": 4.683320, "lr": 0.001000, "top1_acc": 66.000001}
[08/25 16:27:59][INFO] utils.logging:   91: {"_type": "train_iter", "iter": "3200/30000", "loss": 4.774122, "lr": 0.001000, "top1_acc": 65.900001}
[08/25 16:29:26][INFO] utils.logging:   91: {"_type": "train_iter", "iter": "3400/30000", "loss": 4.491225, "lr": 0.001000, "top1_acc": 65.100002}
[08/25 16:30:52][INFO] utils.logging:   91: {"_type": "train_iter", "iter": "3600/30000", "loss": 4.579614, "lr": 0.001000, "top1_acc": 66.400001}
[08/25 16:32:19][INFO] utils.logging:   91: {"_type": "train_iter", "iter": "3800/30000", "loss": 4.177690, "lr": 0.001000, "top1_acc": 69.500001}
[08/25 16:33:45][INFO] utils.logging:   91: {"_type": "train_iter", "iter": "4000/30000", "loss": 4.124171, "lr": 0.001000, "top1_acc": 68.900002}
[08/25 16:35:11][INFO] utils.logging:   91: {"_type": "train_iter", "iter": "4200/30000", "loss": 4.148137, "lr": 0.001000, "top1_acc": 66.700001}
[08/25 16:36:38][INFO] utils.logging:   91: {"_type": "train_iter", "iter": "4400/30000", "loss": 4.159880, "lr": 0.001000, "top1_acc": 69.000001}
[08/25 16:38:04][INFO] utils.logging:   91: {"_type": "train_iter", "iter": "4600/30000", "loss": 3.979523, "lr": 0.001000, "top1_acc": 69.300001}
[08/25 16:39:31][INFO] utils.logging:   91: {"_type": "train_iter", "iter": "4800/30000", "loss": 3.785062, "lr": 0.001000, "top1_acc": 69.900001}
[08/25 16:40:57][INFO] utils.logging:   91: {"_type": "train_iter", "iter": "5000/30000", "loss": 3.798820, "lr": 0.001000, "top1_acc": 71.000001}
[08/25 16:42:23][INFO] utils.logging:   91: {"_type": "train_iter", "iter": "5200/30000", "loss": 3.755163, "lr": 0.001000, "top1_acc": 73.200001}
[08/25 16:43:50][INFO] utils.logging:   91: {"_type": "train_iter", "iter": "5400/30000", "loss": 3.527543, "lr": 0.001000, "top1_acc": 73.600001}
[08/25 16:45:16][INFO] utils.logging:   91: {"_type": "train_iter", "iter": "5600/30000", "loss": 3.564894, "lr": 0.001000, "top1_acc": 75.000001}
[08/25 16:46:43][INFO] utils.logging:   91: {"_type": "train_iter", "iter": "5800/30000", "loss": 3.447467, "lr": 0.001000, "top1_acc": 73.100001}
[08/25 16:48:09][INFO] utils.logging:   91: {"_type": "train_iter", "iter": "6000/30000", "loss": 3.233090, "lr": 0.001000, "top1_acc": 75.100001}
[08/25 16:49:36][INFO] utils.logging:   91: {"_type": "train_iter", "iter": "6200/30000", "loss": 3.377390, "lr": 0.001000, "top1_acc": 73.300001}
[08/25 16:50:10][INFO] datasets.base.few_shot_dataset:  420: Error at decoding. Vid index: 54100, Vid path: /mnt/data/yanyi2025/lrc/action_data/ssv2/videos/videos/96464.webm
[08/25 16:51:02][INFO] utils.logging:   91: {"_type": "train_iter", "iter": "6400/30000", "loss": 3.722216, "lr": 0.001000, "top1_acc": 73.100001}
[08/25 16:52:28][INFO] utils.logging:   91: {"_type": "train_iter", "iter": "6600/30000", "loss": 3.251504, "lr": 0.001000, "top1_acc": 71.200001}
[08/25 16:53:54][INFO] utils.logging:   91: {"_type": "train_iter", "iter": "6800/30000", "loss": 3.283054, "lr": 0.001000, "top1_acc": 74.000002}
[08/25 16:55:21][INFO] utils.logging:   91: {"_type": "train_iter", "iter": "7000/30000", "loss": 3.301232, "lr": 0.001000, "top1_acc": 73.200001}
[08/25 16:56:47][INFO] utils.logging:   91: {"_type": "train_iter", "iter": "7200/30000", "loss": 3.316685, "lr": 0.001000, "top1_acc": 73.900001}
[08/25 16:58:13][INFO] utils.logging:   91: {"_type": "train_iter", "iter": "7400/30000", "loss": 2.812272, "lr": 0.001000, "top1_acc": 78.100001}
[08/25 16:59:40][INFO] utils.logging:   91: {"_type": "train_iter", "iter": "7600/30000", "loss": 3.018066, "lr": 0.001000, "top1_acc": 76.200001}
[08/25 17:01:06][INFO] utils.logging:   91: {"_type": "train_iter", "iter": "7800/30000", "loss": 2.810473, "lr": 0.001000, "top1_acc": 79.600001}
[08/25 17:02:33][INFO] utils.logging:   91: {"_type": "train_iter", "iter": "8000/30000", "loss": 2.903947, "lr": 0.001000, "top1_acc": 76.600002}
[08/25 17:03:59][INFO] utils.logging:   91: {"_type": "train_iter", "iter": "8200/30000", "loss": 2.958417, "lr": 0.001000, "top1_acc": 76.600002}
[08/25 17:05:25][INFO] utils.logging:   91: {"_type": "train_iter", "iter": "8400/30000", "loss": 2.850700, "lr": 0.001000, "top1_acc": 75.900001}
[08/25 17:05:31][INFO] datasets.base.few_shot_dataset:  500: Error at decoding. Vid index: 54100, Vid path: /mnt/data/yanyi2025/lrc/action_data/ssv2/videos/videos/96464.webm
[08/25 17:05:53][WARNING] datasets.base.few_shot_dataset:  251: Error at decoding. 1/5. Vid index: [715, 1189], Vid path: 7
[08/25 17:06:51][INFO] utils.logging:   91: {"_type": "train_iter", "iter": "8600/30000", "loss": 2.882318, "lr": 0.001000, "top1_acc": 77.600001}
[08/25 17:08:17][INFO] utils.logging:   91: {"_type": "train_iter", "iter": "8800/30000", "loss": 2.861092, "lr": 0.001000, "top1_acc": 76.900001}
[08/25 17:09:43][INFO] utils.logging:   91: {"_type": "train_iter", "iter": "9000/30000", "loss": 2.851088, "lr": 0.001000, "top1_acc": 78.700001}
[08/25 17:11:09][INFO] utils.logging:   91: {"_type": "train_iter", "iter": "9200/30000", "loss": 2.744418, "lr": 0.001000, "top1_acc": 79.200001}
[08/25 17:12:35][INFO] utils.logging:   91: {"_type": "train_iter", "iter": "9400/30000", "loss": 2.856973, "lr": 0.001000, "top1_acc": 77.800001}
[08/25 17:14:01][INFO] utils.logging:   91: {"_type": "train_iter", "iter": "9600/30000", "loss": 2.610359, "lr": 0.001000, "top1_acc": 78.800001}
[08/25 17:15:27][INFO] utils.logging:   91: {"_type": "train_iter", "iter": "9800/30000", "loss": 2.485839, "lr": 0.001000, "top1_acc": 80.700001}
[08/25 17:16:59][INFO] datasets.base.few_shot_dataset:  420: Error at decoding. Vid index: 2581, Vid path: /mnt/data/yanyi2025/lrc/action_data/ssv2/videos/videos/113474.webm
[08/25 17:17:07][INFO] datasets.base.few_shot_dataset:  420: Error at decoding. Vid index: 2581, Vid path: /mnt/data/yanyi2025/lrc/action_data/ssv2/videos/videos/113474.webm
[08/25 17:17:20][INFO] utils.logging:   91: {"_type": "val_iter", "gpu_mem": "1.79 GB", "iter": "200/10000", "top1_acc": 61.400001}
[08/25 17:17:45][INFO] utils.logging:   91: {"_type": "val_iter", "gpu_mem": "1.79 GB", "iter": "400/10000", "top1_acc": 59.400001}
[08/25 17:18:09][WARNING] datasets.base.few_shot_dataset:  251: Error at decoding. 1/5. Vid index: [185, 182], Vid path: 9
[08/25 17:18:09][INFO] utils.logging:   91: {"_type": "val_iter", "gpu_mem": "1.79 GB", "iter": "600/10000", "top1_acc": 60.300001}
[08/25 17:18:34][INFO] utils.logging:   91: {"_type": "val_iter", "gpu_mem": "1.79 GB", "iter": "800/10000", "top1_acc": 61.700001}
[08/25 17:18:59][INFO] utils.logging:   91: {"_type": "val_iter", "gpu_mem": "1.79 GB", "iter": "1000/10000", "top1_acc": 62.800001}
[08/25 17:19:17][WARNING] datasets.base.few_shot_dataset:  251: Error at decoding. 1/5. Vid index: [64, 185], Vid path: 9
[08/25 17:19:24][INFO] utils.logging:   91: {"_type": "val_iter", "gpu_mem": "1.79 GB", "iter": "1200/10000", "top1_acc": 60.700001}
[08/25 17:19:49][INFO] utils.logging:   91: {"_type": "val_iter", "gpu_mem": "1.79 GB", "iter": "1400/10000", "top1_acc": 59.200001}
[08/25 17:20:14][INFO] utils.logging:   91: {"_type": "val_iter", "gpu_mem": "1.79 GB", "iter": "1600/10000", "top1_acc": 58.700001}
[08/25 17:20:39][INFO] utils.logging:   91: {"_type": "val_iter", "gpu_mem": "1.79 GB", "iter": "1800/10000", "top1_acc": 61.100001}
[08/25 17:21:03][INFO] utils.logging:   91: {"_type": "val_iter", "gpu_mem": "1.79 GB", "iter": "2000/10000", "top1_acc": 60.700001}
[08/25 17:21:22][INFO] datasets.base.few_shot_dataset:  420: Error at decoding. Vid index: 2581, Vid path: /mnt/data/yanyi2025/lrc/action_data/ssv2/videos/videos/113474.webm
[08/25 17:21:29][INFO] utils.logging:   91: {"_type": "val_iter", "gpu_mem": "1.79 GB", "iter": "2200/10000", "top1_acc": 60.700001}
[08/25 17:21:49][WARNING] datasets.base.few_shot_dataset:  251: Error at decoding. 1/5. Vid index: [86, 185], Vid path: 9
[08/25 17:21:54][INFO] utils.logging:   91: {"_type": "val_iter", "gpu_mem": "1.79 GB", "iter": "2400/10000", "top1_acc": 59.100001}
[08/25 17:22:19][INFO] utils.logging:   91: {"_type": "val_iter", "gpu_mem": "1.79 GB", "iter": "2600/10000", "top1_acc": 59.000001}
[08/25 17:22:44][INFO] utils.logging:   91: {"_type": "val_iter", "gpu_mem": "1.79 GB", "iter": "2800/10000", "top1_acc": 61.900001}
[08/25 17:23:09][INFO] utils.logging:   91: {"_type": "val_iter", "gpu_mem": "1.79 GB", "iter": "3000/10000", "top1_acc": 61.700001}
[08/25 17:23:34][INFO] utils.logging:   91: {"_type": "val_iter", "gpu_mem": "1.79 GB", "iter": "3200/10000", "top1_acc": 60.100001}
[08/25 17:23:59][INFO] utils.logging:   91: {"_type": "val_iter", "gpu_mem": "1.79 GB", "iter": "3400/10000", "top1_acc": 62.700001}
[08/25 17:24:14][WARNING] datasets.base.few_shot_dataset:  251: Error at decoding. 1/5. Vid index: [185, 52], Vid path: 9
[08/25 17:24:24][INFO] utils.logging:   91: {"_type": "val_iter", "gpu_mem": "1.79 GB", "iter": "3600/10000", "top1_acc": 61.500001}
[08/25 17:24:49][INFO] utils.logging:   91: {"_type": "val_iter", "gpu_mem": "1.79 GB", "iter": "3800/10000", "top1_acc": 60.400001}
[08/25 17:25:09][WARNING] datasets.base.few_shot_dataset:  251: Error at decoding. 1/5. Vid index: [116, 185], Vid path: 9
[08/25 17:25:14][INFO] utils.logging:   91: {"_type": "val_iter", "gpu_mem": "1.79 GB", "iter": "4000/10000", "top1_acc": 63.500001}
[08/25 17:25:37][INFO] datasets.base.few_shot_dataset:  420: Error at decoding. Vid index: 2581, Vid path: /mnt/data/yanyi2025/lrc/action_data/ssv2/videos/videos/113474.webm
[08/25 17:25:39][INFO] utils.logging:   91: {"_type": "val_iter", "gpu_mem": "1.79 GB", "iter": "4200/10000", "top1_acc": 60.700001}
[08/25 17:26:04][INFO] utils.logging:   91: {"_type": "val_iter", "gpu_mem": "1.79 GB", "iter": "4400/10000", "top1_acc": 61.700001}
[08/25 17:26:29][INFO] utils.logging:   91: {"_type": "val_iter", "gpu_mem": "1.79 GB", "iter": "4600/10000", "top1_acc": 64.600001}
[08/25 17:26:54][INFO] utils.logging:   91: {"_type": "val_iter", "gpu_mem": "1.79 GB", "iter": "4800/10000", "top1_acc": 60.100001}
[08/25 17:27:19][INFO] utils.logging:   91: {"_type": "val_iter", "gpu_mem": "1.79 GB", "iter": "5000/10000", "top1_acc": 61.400001}
[08/25 17:27:36][WARNING] datasets.base.few_shot_dataset:  251: Error at decoding. 1/5. Vid index: [179, 185], Vid path: 9
[08/25 17:27:40][WARNING] datasets.base.few_shot_dataset:  251: Error at decoding. 1/5. Vid index: [185, 88], Vid path: 9
[08/25 17:27:43][INFO] utils.logging:   91: {"_type": "val_iter", "gpu_mem": "1.79 GB", "iter": "5200/10000", "top1_acc": 60.000001}
[08/25 17:28:08][INFO] utils.logging:   91: {"_type": "val_iter", "gpu_mem": "1.79 GB", "iter": "5400/10000", "top1_acc": 61.800001}
[08/25 17:28:33][INFO] utils.logging:   91: {"_type": "val_iter", "gpu_mem": "1.79 GB", "iter": "5600/10000", "top1_acc": 59.700001}
[08/25 17:28:44][WARNING] datasets.base.few_shot_dataset:  251: Error at decoding. 1/5. Vid index: [159, 185], Vid path: 9
[08/25 17:28:58][INFO] utils.logging:   91: {"_type": "val_iter", "gpu_mem": "1.79 GB", "iter": "5800/10000", "top1_acc": 58.900001}
[08/25 17:29:23][INFO] utils.logging:   91: {"_type": "val_iter", "gpu_mem": "1.79 GB", "iter": "6000/10000", "top1_acc": 60.400001}
[08/25 17:29:49][INFO] utils.logging:   91: {"_type": "val_iter", "gpu_mem": "1.79 GB", "iter": "6200/10000", "top1_acc": 61.600001}
[08/25 17:30:14][INFO] utils.logging:   91: {"_type": "val_iter", "gpu_mem": "1.79 GB", "iter": "6400/10000", "top1_acc": 60.300001}
[08/25 17:30:38][INFO] utils.logging:   91: {"_type": "val_iter", "gpu_mem": "1.79 GB", "iter": "6600/10000", "top1_acc": 59.300001}
[08/25 17:31:04][INFO] utils.logging:   91: {"_type": "val_iter", "gpu_mem": "1.79 GB", "iter": "6800/10000", "top1_acc": 59.300001}
[08/25 17:31:29][INFO] utils.logging:   91: {"_type": "val_iter", "gpu_mem": "1.79 GB", "iter": "7000/10000", "top1_acc": 59.900001}
[08/25 17:31:53][INFO] utils.logging:   91: {"_type": "val_iter", "gpu_mem": "1.79 GB", "iter": "7200/10000", "top1_acc": 59.900001}
[08/25 17:32:19][INFO] utils.logging:   91: {"_type": "val_iter", "gpu_mem": "1.79 GB", "iter": "7400/10000", "top1_acc": 60.500001}
[08/25 17:32:44][INFO] utils.logging:   91: {"_type": "val_iter", "gpu_mem": "1.79 GB", "iter": "7600/10000", "top1_acc": 61.600001}
[08/25 17:33:09][INFO] utils.logging:   91: {"_type": "val_iter", "gpu_mem": "1.79 GB", "iter": "7800/10000", "top1_acc": 57.800001}
[08/25 17:33:34][INFO] utils.logging:   91: {"_type": "val_iter", "gpu_mem": "1.79 GB", "iter": "8000/10000", "top1_acc": 59.800001}
[08/25 17:33:59][INFO] utils.logging:   91: {"_type": "val_iter", "gpu_mem": "1.79 GB", "iter": "8200/10000", "top1_acc": 64.700001}
[08/25 17:34:24][INFO] utils.logging:   91: {"_type": "val_iter", "gpu_mem": "1.79 GB", "iter": "8400/10000", "top1_acc": 60.300001}
[08/25 17:34:49][INFO] utils.logging:   91: {"_type": "val_iter", "gpu_mem": "1.79 GB", "iter": "8600/10000", "top1_acc": 59.200001}
[08/25 17:35:14][INFO] utils.logging:   91: {"_type": "val_iter", "gpu_mem": "1.79 GB", "iter": "8800/10000", "top1_acc": 60.100001}
[08/25 17:35:39][INFO] utils.logging:   91: {"_type": "val_iter", "gpu_mem": "1.79 GB", "iter": "9000/10000", "top1_acc": 57.900001}
[08/25 17:36:03][INFO] datasets.base.few_shot_dataset:  420: Error at decoding. Vid index: 2581, Vid path: /mnt/data/yanyi2025/lrc/action_data/ssv2/videos/videos/113474.webm
[08/25 17:36:04][INFO] utils.logging:   91: {"_type": "val_iter", "gpu_mem": "1.79 GB", "iter": "9200/10000", "top1_acc": 61.300001}
[08/25 17:36:29][INFO] utils.logging:   91: {"_type": "val_iter", "gpu_mem": "1.79 GB", "iter": "9400/10000", "top1_acc": 62.900001}
[08/25 17:36:48][WARNING] datasets.base.few_shot_dataset:  251: Error at decoding. 1/5. Vid index: [81, 185], Vid path: 9
[08/25 17:36:54][INFO] utils.logging:   91: {"_type": "val_iter", "gpu_mem": "1.79 GB", "iter": "9600/10000", "top1_acc": 61.100001}
[08/25 17:37:20][INFO] utils.logging:   91: {"_type": "val_iter", "gpu_mem": "1.79 GB", "iter": "9800/10000", "top1_acc": 60.600001}
[08/25 17:37:44][INFO] utils.logging:   91: {"_type": "val_iter", "gpu_mem": "1.79 GB", "iter": "10000/10000", "top1_acc": 60.100001}
[08/25 17:37:44][INFO] utils.logging:   91: {"RAM": "21.04/125.63 GB", "_type": "val_epoch", "epoch": "1", "gpu_mem": "1.79 GB", "top1_acc": 60.682001}
[08/25 17:37:44][INFO] train_net_few_shot:   53: Fusion weights: multi_velocity=0.039686
[08/25 17:37:44][INFO] train_net_few_shot:   73: Multi-velocity matcher: motion_delta=0.028088364750146866, velocity_weights=[0.36042994260787964, 0.6395699977874756], logit_delta=3.6802024841308594
[08/25 17:37:45][INFO] train_net_few_shot:  145: New best validation accuracy: 60.6820; checkpoint=output/SSv2_Full_MULTI_VELOCITY/checkpoints/checkpoint_best.pyth
[08/25 17:37:45][INFO] utils.logging:   91: {"_type": "train_iter", "iter": "10000/30000", "loss": 2.440345, "lr": 0.001000, "top1_acc": 80.200001}
[08/25 17:39:14][INFO] utils.logging:   91: {"_type": "train_iter", "iter": "10200/30000", "loss": 2.328167, "lr": 0.001000, "top1_acc": 80.800001}
[08/25 17:40:40][INFO] utils.logging:   91: {"_type": "train_iter", "iter": "10400/30000", "loss": 2.516953, "lr": 0.001000, "top1_acc": 79.500001}
[08/25 17:42:06][INFO] utils.logging:   91: {"_type": "train_iter", "iter": "10600/30000", "loss": 2.424854, "lr": 0.001000, "top1_acc": 82.300001}
[08/25 17:43:32][INFO] utils.logging:   91: {"_type": "train_iter", "iter": "10800/30000", "loss": 2.531785, "lr": 0.001000, "top1_acc": 78.700002}
[08/25 17:44:58][INFO] utils.logging:   91: {"_type": "train_iter", "iter": "11000/30000", "loss": 2.376654, "lr": 0.001000, "top1_acc": 79.300001}
[08/25 17:46:24][INFO] utils.logging:   91: {"_type": "train_iter", "iter": "11200/30000", "loss": 2.513810, "lr": 0.001000, "top1_acc": 81.100001}
[08/25 17:47:47][INFO] datasets.base.few_shot_dataset:  420: Error at decoding. Vid index: 54100, Vid path: /mnt/data/yanyi2025/lrc/action_data/ssv2/videos/videos/96464.webm
[08/25 17:47:50][INFO] utils.logging:   91: {"_type": "train_iter", "iter": "11400/30000", "loss": 2.447376, "lr": 0.001000, "top1_acc": 80.500001}
[08/25 17:49:15][INFO] utils.logging:   91: {"_type": "train_iter", "iter": "11600/30000", "loss": 2.458753, "lr": 0.001000, "top1_acc": 81.300001}
[08/25 17:50:41][INFO] utils.logging:   91: {"_type": "train_iter", "iter": "11800/30000", "loss": 2.423864, "lr": 0.001000, "top1_acc": 79.000001}
[08/25 17:52:07][INFO] utils.logging:   91: {"_type": "train_iter", "iter": "12000/30000", "loss": 2.073843, "lr": 0.001000, "top1_acc": 83.300001}
[08/25 17:53:34][INFO] utils.logging:   91: {"_type": "train_iter", "iter": "12200/30000", "loss": 2.127008, "lr": 0.000500, "top1_acc": 83.300001}
[08/25 17:55:01][INFO] utils.logging:   91: {"_type": "train_iter", "iter": "12400/30000", "loss": 1.853293, "lr": 0.000500, "top1_acc": 84.400001}
[08/25 17:56:28][INFO] utils.logging:   91: {"_type": "train_iter", "iter": "12600/30000", "loss": 1.619615, "lr": 0.000500, "top1_acc": 82.500001}
[08/25 17:57:56][INFO] utils.logging:   91: {"_type": "train_iter", "iter": "12800/30000", "loss": 1.867316, "lr": 0.000500, "top1_acc": 83.900001}
[08/25 17:59:24][INFO] utils.logging:   91: {"_type": "train_iter", "iter": "13000/30000", "loss": 1.652644, "lr": 0.000500, "top1_acc": 84.100001}
[08/25 18:00:53][INFO] utils.logging:   91: {"_type": "train_iter", "iter": "13200/30000", "loss": 1.720864, "lr": 0.000500, "top1_acc": 86.200001}
[08/25 18:02:22][INFO] utils.logging:   91: {"_type": "train_iter", "iter": "13400/30000", "loss": 1.611440, "lr": 0.000500, "top1_acc": 85.900001}
[08/25 18:03:51][INFO] utils.logging:   91: {"_type": "train_iter", "iter": "13600/30000", "loss": 1.749471, "lr": 0.000500, "top1_acc": 85.700001}
[08/25 18:05:19][INFO] utils.logging:   91: {"_type": "train_iter", "iter": "13800/30000", "loss": 1.691496, "lr": 0.000500, "top1_acc": 86.200001}
[08/25 18:06:48][INFO] utils.logging:   91: {"_type": "train_iter", "iter": "14000/30000", "loss": 1.534185, "lr": 0.000500, "top1_acc": 86.600001}
[08/25 18:08:20][INFO] utils.logging:   91: {"_type": "train_iter", "iter": "14200/30000", "loss": 1.654687, "lr": 0.000500, "top1_acc": 87.300001}
[08/25 18:09:49][INFO] utils.logging:   91: {"_type": "train_iter", "iter": "14400/30000", "loss": 1.783933, "lr": 0.000500, "top1_acc": 86.200001}
[08/25 18:11:17][INFO] utils.logging:   91: {"_type": "train_iter", "iter": "14600/30000", "loss": 1.750397, "lr": 0.000500, "top1_acc": 86.500001}
[08/25 18:12:45][INFO] utils.logging:   91: {"_type": "train_iter", "iter": "14800/30000", "loss": 1.511717, "lr": 0.000500, "top1_acc": 86.200001}
[08/25 18:14:12][INFO] utils.logging:   91: {"_type": "train_iter", "iter": "15000/30000", "loss": 1.562737, "lr": 0.000500, "top1_acc": 86.600001}
[08/25 18:15:39][INFO] utils.logging:   91: {"_type": "train_iter", "iter": "15200/30000", "loss": 1.498621, "lr": 0.000500, "top1_acc": 86.600001}
[08/25 18:17:06][INFO] utils.logging:   91: {"_type": "train_iter", "iter": "15400/30000", "loss": 1.642329, "lr": 0.000500, "top1_acc": 85.800001}
[08/25 18:18:33][INFO] utils.logging:   91: {"_type": "train_iter", "iter": "15600/30000", "loss": 1.535861, "lr": 0.000500, "top1_acc": 86.800001}
[08/25 18:20:00][INFO] utils.logging:   91: {"_type": "train_iter", "iter": "15800/30000", "loss": 1.575095, "lr": 0.000500, "top1_acc": 86.300001}
[08/25 18:21:27][INFO] utils.logging:   91: {"_type": "train_iter", "iter": "16000/30000", "loss": 1.606719, "lr": 0.000500, "top1_acc": 85.400001}
[08/25 18:22:54][INFO] utils.logging:   91: {"_type": "train_iter", "iter": "16200/30000", "loss": 1.487074, "lr": 0.000500, "top1_acc": 86.300001}
[08/25 18:24:21][INFO] utils.logging:   91: {"_type": "train_iter", "iter": "16400/30000", "loss": 1.313028, "lr": 0.000500, "top1_acc": 86.900001}
[08/25 18:25:48][INFO] utils.logging:   91: {"_type": "train_iter", "iter": "16600/30000", "loss": 1.620636, "lr": 0.000500, "top1_acc": 85.500001}
[08/25 18:27:14][INFO] utils.logging:   91: {"_type": "train_iter", "iter": "16800/30000", "loss": 1.468940, "lr": 0.000500, "top1_acc": 88.400001}
[08/25 18:28:41][INFO] utils.logging:   91: {"_type": "train_iter", "iter": "17000/30000", "loss": 1.487638, "lr": 0.000500, "top1_acc": 88.800001}
[08/25 18:30:08][INFO] utils.logging:   91: {"_type": "train_iter", "iter": "17200/30000", "loss": 1.490558, "lr": 0.000500, "top1_acc": 87.300001}
[08/25 18:31:35][INFO] utils.logging:   91: {"_type": "train_iter", "iter": "17400/30000", "loss": 1.500398, "lr": 0.000500, "top1_acc": 86.900001}
[08/25 18:33:02][INFO] utils.logging:   91: {"_type": "train_iter", "iter": "17600/30000", "loss": 1.303403, "lr": 0.000500, "top1_acc": 88.900001}
[08/25 18:34:28][INFO] utils.logging:   91: {"_type": "train_iter", "iter": "17800/30000", "loss": 1.476721, "lr": 0.000500, "top1_acc": 87.000001}
[08/25 18:35:55][INFO] utils.logging:   91: {"_type": "train_iter", "iter": "18000/30000", "loss": 1.421156, "lr": 0.000500, "top1_acc": 87.500001}
[08/25 18:37:21][INFO] utils.logging:   91: {"_type": "train_iter", "iter": "18200/30000", "loss": 1.324784, "lr": 0.000100, "top1_acc": 88.900001}
[08/25 18:38:48][INFO] utils.logging:   91: {"_type": "train_iter", "iter": "18400/30000", "loss": 1.291973, "lr": 0.000100, "top1_acc": 89.000001}
[08/25 18:40:14][INFO] utils.logging:   91: {"_type": "train_iter", "iter": "18600/30000", "loss": 1.196854, "lr": 0.000100, "top1_acc": 89.700001}
[08/25 18:41:40][INFO] utils.logging:   91: {"_type": "train_iter", "iter": "18800/30000", "loss": 1.174754, "lr": 0.000100, "top1_acc": 89.000001}
[08/25 18:43:06][INFO] utils.logging:   91: {"_type": "train_iter", "iter": "19000/30000", "loss": 1.254528, "lr": 0.000100, "top1_acc": 86.700001}
[08/25 18:44:33][INFO] utils.logging:   91: {"_type": "train_iter", "iter": "19200/30000", "loss": 1.180490, "lr": 0.000100, "top1_acc": 87.900001}
[08/25 18:46:00][INFO] utils.logging:   91: {"_type": "train_iter", "iter": "19400/30000", "loss": 1.159005, "lr": 0.000100, "top1_acc": 89.900001}
[08/25 18:47:26][INFO] utils.logging:   91: {"_type": "train_iter", "iter": "19600/30000", "loss": 1.048418, "lr": 0.000100, "top1_acc": 89.400001}
[08/25 18:48:52][INFO] utils.logging:   91: {"_type": "train_iter", "iter": "19800/30000", "loss": 0.970775, "lr": 0.000100, "top1_acc": 91.400001}
[08/25 18:50:23][INFO] datasets.base.few_shot_dataset:  420: Error at decoding. Vid index: 2581, Vid path: /mnt/data/yanyi2025/lrc/action_data/ssv2/videos/videos/113474.webm
[08/25 18:50:32][INFO] datasets.base.few_shot_dataset:  420: Error at decoding. Vid index: 2581, Vid path: /mnt/data/yanyi2025/lrc/action_data/ssv2/videos/videos/113474.webm
[08/25 18:50:44][INFO] utils.logging:   91: {"_type": "val_iter", "gpu_mem": "1.79 GB", "iter": "200/10000", "top1_acc": 66.300001}
[08/25 18:51:09][INFO] utils.logging:   91: {"_type": "val_iter", "gpu_mem": "1.79 GB", "iter": "400/10000", "top1_acc": 64.700001}
[08/25 18:51:34][WARNING] datasets.base.few_shot_dataset:  251: Error at decoding. 1/5. Vid index: [185, 182], Vid path: 9
[08/25 18:51:34][INFO] utils.logging:   91: {"_type": "val_iter", "gpu_mem": "1.79 GB", "iter": "600/10000", "top1_acc": 66.000001}
[08/25 18:51:59][INFO] utils.logging:   91: {"_type": "val_iter", "gpu_mem": "1.79 GB", "iter": "800/10000", "top1_acc": 66.100001}
[08/25 18:52:24][INFO] utils.logging:   91: {"_type": "val_iter", "gpu_mem": "1.79 GB", "iter": "1000/10000", "top1_acc": 68.000002}
[08/25 18:52:42][WARNING] datasets.base.few_shot_dataset:  251: Error at decoding. 1/5. Vid index: [64, 185], Vid path: 9
[08/25 18:52:49][INFO] utils.logging:   91: {"_type": "val_iter", "gpu_mem": "1.79 GB", "iter": "1200/10000", "top1_acc": 66.100001}
[08/25 18:53:14][INFO] utils.logging:   91: {"_type": "val_iter", "gpu_mem": "1.79 GB", "iter": "1400/10000", "top1_acc": 66.400001}
[08/25 18:53:38][INFO] utils.logging:   91: {"_type": "val_iter", "gpu_mem": "1.79 GB", "iter": "1600/10000", "top1_acc": 64.400001}
[08/25 18:54:03][INFO] utils.logging:   91: {"_type": "val_iter", "gpu_mem": "1.79 GB", "iter": "1800/10000", "top1_acc": 65.700001}
[08/25 18:54:28][INFO] utils.logging:   91: {"_type": "val_iter", "gpu_mem": "1.79 GB", "iter": "2000/10000", "top1_acc": 64.500001}
[08/25 18:54:47][INFO] datasets.base.few_shot_dataset:  420: Error at decoding. Vid index: 2581, Vid path: /mnt/data/yanyi2025/lrc/action_data/ssv2/videos/videos/113474.webm
[08/25 18:54:53][INFO] utils.logging:   91: {"_type": "val_iter", "gpu_mem": "1.79 GB", "iter": "2200/10000", "top1_acc": 66.000001}
[08/25 18:55:14][WARNING] datasets.base.few_shot_dataset:  251: Error at decoding. 1/5. Vid index: [86, 185], Vid path: 9
[08/25 18:55:18][INFO] utils.logging:   91: {"_type": "val_iter", "gpu_mem": "1.79 GB", "iter": "2400/10000", "top1_acc": 63.800001}
[08/25 18:55:43][INFO] utils.logging:   91: {"_type": "val_iter", "gpu_mem": "1.79 GB", "iter": "2600/10000", "top1_acc": 64.400001}
[08/25 18:56:08][INFO] utils.logging:   91: {"_type": "val_iter", "gpu_mem": "1.79 GB", "iter": "2800/10000", "top1_acc": 66.000001}
[08/25 18:56:33][INFO] utils.logging:   91: {"_type": "val_iter", "gpu_mem": "1.79 GB", "iter": "3000/10000", "top1_acc": 66.700001}
[08/25 18:56:58][INFO] utils.logging:   91: {"_type": "val_iter", "gpu_mem": "1.79 GB", "iter": "3200/10000", "top1_acc": 64.600001}
[08/25 18:57:23][INFO] utils.logging:   91: {"_type": "val_iter", "gpu_mem": "1.79 GB", "iter": "3400/10000", "top1_acc": 65.800001}
[08/25 18:57:38][WARNING] datasets.base.few_shot_dataset:  251: Error at decoding. 1/5. Vid index: [185, 52], Vid path: 9
[08/25 18:57:48][INFO] utils.logging:   91: {"_type": "val_iter", "gpu_mem": "1.79 GB", "iter": "3600/10000", "top1_acc": 67.000002}
[08/25 18:58:13][INFO] utils.logging:   91: {"_type": "val_iter", "gpu_mem": "1.79 GB", "iter": "3800/10000", "top1_acc": 65.100001}
[08/25 18:58:33][WARNING] datasets.base.few_shot_dataset:  251: Error at decoding. 1/5. Vid index: [116, 185], Vid path: 9
[08/25 18:58:38][INFO] utils.logging:   91: {"_type": "val_iter", "gpu_mem": "1.79 GB", "iter": "4000/10000", "top1_acc": 69.100001}
[08/25 18:59:01][INFO] datasets.base.few_shot_dataset:  420: Error at decoding. Vid index: 2581, Vid path: /mnt/data/yanyi2025/lrc/action_data/ssv2/videos/videos/113474.webm
[08/25 18:59:03][INFO] utils.logging:   91: {"_type": "val_iter", "gpu_mem": "1.79 GB", "iter": "4200/10000", "top1_acc": 66.300001}
[08/25 18:59:28][INFO] utils.logging:   91: {"_type": "val_iter", "gpu_mem": "1.79 GB", "iter": "4400/10000", "top1_acc": 65.500001}
[08/25 18:59:53][INFO] utils.logging:   91: {"_type": "val_iter", "gpu_mem": "1.79 GB", "iter": "4600/10000", "top1_acc": 67.100002}
[08/25 19:00:17][INFO] utils.logging:   91: {"_type": "val_iter", "gpu_mem": "1.79 GB", "iter": "4800/10000", "top1_acc": 64.900001}
[08/25 19:00:42][INFO] utils.logging:   91: {"_type": "val_iter", "gpu_mem": "1.79 GB", "iter": "5000/10000", "top1_acc": 65.700001}
[08/25 19:01:00][WARNING] datasets.base.few_shot_dataset:  251: Error at decoding. 1/5. Vid index: [179, 185], Vid path: 9
[08/25 19:01:04][WARNING] datasets.base.few_shot_dataset:  251: Error at decoding. 1/5. Vid index: [185, 88], Vid path: 9
[08/25 19:01:07][INFO] utils.logging:   91: {"_type": "val_iter", "gpu_mem": "1.79 GB", "iter": "5200/10000", "top1_acc": 65.600001}
[08/25 19:01:32][INFO] utils.logging:   91: {"_type": "val_iter", "gpu_mem": "1.79 GB", "iter": "5400/10000", "top1_acc": 62.800001}
[08/25 19:01:57][INFO] utils.logging:   91: {"_type": "val_iter", "gpu_mem": "1.79 GB", "iter": "5600/10000", "top1_acc": 64.900002}
[08/25 19:02:08][WARNING] datasets.base.few_shot_dataset:  251: Error at decoding. 1/5. Vid index: [159, 185], Vid path: 9
[08/25 19:02:22][INFO] utils.logging:   91: {"_type": "val_iter", "gpu_mem": "1.79 GB", "iter": "5800/10000", "top1_acc": 66.500001}
[08/25 19:02:48][INFO] utils.logging:   91: {"_type": "val_iter", "gpu_mem": "1.79 GB", "iter": "6000/10000", "top1_acc": 66.100001}
[08/25 19:03:12][INFO] utils.logging:   91: {"_type": "val_iter", "gpu_mem": "1.79 GB", "iter": "6200/10000", "top1_acc": 65.700001}
[08/25 19:03:37][INFO] utils.logging:   91: {"_type": "val_iter", "gpu_mem": "1.79 GB", "iter": "6400/10000", "top1_acc": 65.600001}
[08/25 19:04:02][INFO] utils.logging:   91: {"_type": "val_iter", "gpu_mem": "1.79 GB", "iter": "6600/10000", "top1_acc": 64.000002}
[08/25 19:04:27][INFO] utils.logging:   91: {"_type": "val_iter", "gpu_mem": "1.79 GB", "iter": "6800/10000", "top1_acc": 64.200001}
[08/25 19:04:52][INFO] utils.logging:   91: {"_type": "val_iter", "gpu_mem": "1.79 GB", "iter": "7000/10000", "top1_acc": 67.700002}
[08/25 19:05:17][INFO] utils.logging:   91: {"_type": "val_iter", "gpu_mem": "1.79 GB", "iter": "7200/10000", "top1_acc": 64.800001}
[08/25 19:05:42][INFO] utils.logging:   91: {"_type": "val_iter", "gpu_mem": "1.79 GB", "iter": "7400/10000", "top1_acc": 65.700001}
[08/25 19:06:07][INFO] utils.logging:   91: {"_type": "val_iter", "gpu_mem": "1.79 GB", "iter": "7600/10000", "top1_acc": 69.300001}
[08/25 19:06:32][INFO] utils.logging:   91: {"_type": "val_iter", "gpu_mem": "1.79 GB", "iter": "7800/10000", "top1_acc": 63.300001}
[08/25 19:06:57][INFO] utils.logging:   91: {"_type": "val_iter", "gpu_mem": "1.79 GB", "iter": "8000/10000", "top1_acc": 65.600001}
[08/25 19:07:22][INFO] utils.logging:   91: {"_type": "val_iter", "gpu_mem": "1.79 GB", "iter": "8200/10000", "top1_acc": 65.900001}
[08/25 19:07:47][INFO] utils.logging:   91: {"_type": "val_iter", "gpu_mem": "1.79 GB", "iter": "8400/10000", "top1_acc": 65.200001}
[08/25 19:08:12][INFO] utils.logging:   91: {"_type": "val_iter", "gpu_mem": "1.79 GB", "iter": "8600/10000", "top1_acc": 65.200001}
[08/25 19:08:37][INFO] utils.logging:   91: {"_type": "val_iter", "gpu_mem": "1.79 GB", "iter": "8800/10000", "top1_acc": 67.300002}
[08/25 19:09:02][INFO] utils.logging:   91: {"_type": "val_iter", "gpu_mem": "1.79 GB", "iter": "9000/10000", "top1_acc": 63.500001}
[08/25 19:09:27][INFO] datasets.base.few_shot_dataset:  420: Error at decoding. Vid index: 2581, Vid path: /mnt/data/yanyi2025/lrc/action_data/ssv2/videos/videos/113474.webm
[08/25 19:09:27][INFO] utils.logging:   91: {"_type": "val_iter", "gpu_mem": "1.79 GB", "iter": "9200/10000", "top1_acc": 67.200001}
[08/25 19:09:52][INFO] utils.logging:   91: {"_type": "val_iter", "gpu_mem": "1.79 GB", "iter": "9400/10000", "top1_acc": 65.900001}
[08/25 19:10:11][WARNING] datasets.base.few_shot_dataset:  251: Error at decoding. 1/5. Vid index: [81, 185], Vid path: 9
[08/25 19:10:17][INFO] utils.logging:   91: {"_type": "val_iter", "gpu_mem": "1.79 GB", "iter": "9600/10000", "top1_acc": 67.900001}
[08/25 19:10:42][INFO] utils.logging:   91: {"_type": "val_iter", "gpu_mem": "1.79 GB", "iter": "9800/10000", "top1_acc": 62.800001}
[08/25 19:11:07][INFO] utils.logging:   91: {"_type": "val_iter", "gpu_mem": "1.79 GB", "iter": "10000/10000", "top1_acc": 66.200001}
[08/25 19:11:07][INFO] utils.logging:   91: {"RAM": "21.68/125.63 GB", "_type": "val_epoch", "epoch": "2", "gpu_mem": "1.79 GB", "top1_acc": 65.702001}
[08/25 19:11:07][INFO] train_net_few_shot:   53: Fusion weights: multi_velocity=0.032895
[08/25 19:11:07][INFO] train_net_few_shot:   73: Multi-velocity matcher: motion_delta=0.028004944324493408, velocity_weights=[0.3938497006893158, 0.6061503291130066], logit_delta=4.936995506286621
[08/25 19:11:09][INFO] train_net_few_shot:  145: New best validation accuracy: 65.7020; checkpoint=output/SSv2_Full_MULTI_VELOCITY/checkpoints/checkpoint_best.pyth
[08/25 19:11:09][INFO] utils.logging:   91: {"_type": "train_iter", "iter": "20000/30000", "loss": 1.134404, "lr": 0.000100, "top1_acc": 87.900001}
[08/25 19:12:35][INFO] utils.logging:   91: {"_type": "train_iter", "iter": "20200/30000", "loss": 0.998224, "lr": 0.000100, "top1_acc": 91.000001}
[08/25 19:14:01][INFO] utils.logging:   91: {"_type": "train_iter", "iter": "20400/30000", "loss": 1.054950, "lr": 0.000100, "top1_acc": 89.800001}
[08/25 19:15:27][INFO] utils.logging:   91: {"_type": "train_iter", "iter": "20600/30000", "loss": 1.162653, "lr": 0.000100, "top1_acc": 88.800001}
[08/25 19:16:52][INFO] utils.logging:   91: {"_type": "train_iter", "iter": "20800/30000", "loss": 1.072904, "lr": 0.000100, "top1_acc": 89.400001}
[08/25 19:18:18][INFO] utils.logging:   91: {"_type": "train_iter", "iter": "21000/30000", "loss": 0.967226, "lr": 0.000100, "top1_acc": 89.800001}
[08/25 19:19:43][INFO] utils.logging:   91: {"_type": "train_iter", "iter": "21200/30000", "loss": 1.103494, "lr": 0.000100, "top1_acc": 88.300001}
[08/25 19:21:09][INFO] utils.logging:   91: {"_type": "train_iter", "iter": "21400/30000", "loss": 1.152769, "lr": 0.000100, "top1_acc": 88.500001}
[08/25 19:22:35][INFO] utils.logging:   91: {"_type": "train_iter", "iter": "21600/30000", "loss": 1.077291, "lr": 0.000100, "top1_acc": 88.500001}
[08/25 19:24:01][INFO] utils.logging:   91: {"_type": "train_iter", "iter": "21800/30000", "loss": 0.859619, "lr": 0.000100, "top1_acc": 91.900001}
[08/25 19:25:28][INFO] utils.logging:   91: {"_type": "train_iter", "iter": "22000/30000", "loss": 1.105993, "lr": 0.000100, "top1_acc": 88.300001}
[08/25 19:26:54][INFO] utils.logging:   91: {"_type": "train_iter", "iter": "22200/30000", "loss": 1.033526, "lr": 0.000100, "top1_acc": 90.300001}
[08/25 19:28:20][INFO] utils.logging:   91: {"_type": "train_iter", "iter": "22400/30000", "loss": 0.947825, "lr": 0.000100, "top1_acc": 91.400001}
[08/25 19:29:47][INFO] utils.logging:   91: {"_type": "train_iter", "iter": "22600/30000", "loss": 1.029625, "lr": 0.000100, "top1_acc": 89.200001}
[08/25 19:31:13][INFO] utils.logging:   91: {"_type": "train_iter", "iter": "22800/30000", "loss": 1.097257, "lr": 0.000100, "top1_acc": 88.900001}
[08/25 19:32:40][INFO] utils.logging:   91: {"_type": "train_iter", "iter": "23000/30000", "loss": 1.008952, "lr": 0.000100, "top1_acc": 89.300001}
[08/25 19:34:06][INFO] utils.logging:   91: {"_type": "train_iter", "iter": "23200/30000", "loss": 0.904051, "lr": 0.000100, "top1_acc": 90.400001}
[08/25 19:35:32][INFO] utils.logging:   91: {"_type": "train_iter", "iter": "23400/30000", "loss": 1.089566, "lr": 0.000100, "top1_acc": 89.900001}
[08/25 19:36:58][INFO] utils.logging:   91: {"_type": "train_iter", "iter": "23600/30000", "loss": 0.984171, "lr": 0.000100, "top1_acc": 89.700001}
[08/25 19:38:19][INFO] datasets.base.few_shot_dataset:  500: Error at decoding. Vid index: 54100, Vid path: /mnt/data/yanyi2025/lrc/action_data/ssv2/videos/videos/96464.webm
[08/25 19:38:25][INFO] utils.logging:   91: {"_type": "train_iter", "iter": "23800/30000", "loss": 1.028995, "lr": 0.000100, "top1_acc": 90.600001}
[08/25 19:39:51][INFO] utils.logging:   91: {"_type": "train_iter", "iter": "24000/30000", "loss": 0.938595, "lr": 0.000100, "top1_acc": 89.400001}
[08/25 19:41:17][INFO] utils.logging:   91: {"_type": "train_iter", "iter": "24200/30000", "loss": 0.979364, "lr": 0.000050, "top1_acc": 88.300001}
[08/25 19:42:43][INFO] utils.logging:   91: {"_type": "train_iter", "iter": "24400/30000", "loss": 0.988329, "lr": 0.000050, "top1_acc": 91.200001}
[08/25 19:44:10][INFO] utils.logging:   91: {"_type": "train_iter", "iter": "24600/30000", "loss": 1.026728, "lr": 0.000050, "top1_acc": 89.700001}
[08/25 19:45:36][INFO] utils.logging:   91: {"_type": "train_iter", "iter": "24800/30000", "loss": 0.970812, "lr": 0.000050, "top1_acc": 89.400001}
[08/25 19:47:03][INFO] utils.logging:   91: {"_type": "train_iter", "iter": "25000/30000", "loss": 0.987302, "lr": 0.000050, "top1_acc": 88.600001}
[08/25 19:48:29][INFO] utils.logging:   91: {"_type": "train_iter", "iter": "25200/30000", "loss": 0.979767, "lr": 0.000050, "top1_acc": 90.300001}
[08/25 19:49:56][INFO] utils.logging:   91: {"_type": "train_iter", "iter": "25400/30000", "loss": 0.798275, "lr": 0.000050, "top1_acc": 91.400001}
[08/25 19:51:22][INFO] utils.logging:   91: {"_type": "train_iter", "iter": "25600/30000", "loss": 0.926061, "lr": 0.000050, "top1_acc": 91.100001}
[08/25 19:52:49][INFO] utils.logging:   91: {"_type": "train_iter", "iter": "25800/30000", "loss": 0.879012, "lr": 0.000050, "top1_acc": 90.900001}
[08/25 19:53:59][WARNING] datasets.base.few_shot_dataset:  251: Error at decoding. 1/5. Vid index: [1343, 1189], Vid path: 7
[08/25 19:54:15][INFO] utils.logging:   91: {"_type": "train_iter", "iter": "26000/30000", "loss": 0.900715, "lr": 0.000050, "top1_acc": 91.000001}
[08/25 19:55:41][INFO] utils.logging:   91: {"_type": "train_iter", "iter": "26200/30000", "loss": 0.861387, "lr": 0.000050, "top1_acc": 90.900001}
[08/25 19:57:08][INFO] utils.logging:   91: {"_type": "train_iter", "iter": "26400/30000", "loss": 0.807832, "lr": 0.000050, "top1_acc": 92.600001}
[08/25 19:58:34][INFO] utils.logging:   91: {"_type": "train_iter", "iter": "26600/30000", "loss": 0.799490, "lr": 0.000050, "top1_acc": 92.200001}
[08/25 20:00:00][INFO] utils.logging:   91: {"_type": "train_iter", "iter": "26800/30000", "loss": 0.941124, "lr": 0.000050, "top1_acc": 90.300001}
[08/25 20:01:26][INFO] utils.logging:   91: {"_type": "train_iter", "iter": "27000/30000", "loss": 0.926830, "lr": 0.000050, "top1_acc": 91.400001}
[08/25 20:02:53][INFO] utils.logging:   91: {"_type": "train_iter", "iter": "27200/30000", "loss": 0.790301, "lr": 0.000050, "top1_acc": 90.600001}
[08/25 20:04:19][INFO] utils.logging:   91: {"_type": "train_iter", "iter": "27400/30000", "loss": 0.933596, "lr": 0.000050, "top1_acc": 91.200001}
[08/25 20:05:45][INFO] utils.logging:   91: {"_type": "train_iter", "iter": "27600/30000", "loss": 0.917765, "lr": 0.000050, "top1_acc": 90.800001}
[08/25 20:07:11][INFO] utils.logging:   91: {"_type": "train_iter", "iter": "27800/30000", "loss": 0.871834, "lr": 0.000050, "top1_acc": 91.700001}
[08/25 20:08:38][INFO] utils.logging:   91: {"_type": "train_iter", "iter": "28000/30000", "loss": 1.059106, "lr": 0.000050, "top1_acc": 89.500001}
[08/25 20:10:04][INFO] utils.logging:   91: {"_type": "train_iter", "iter": "28200/30000", "loss": 0.916199, "lr": 0.000050, "top1_acc": 90.400001}
[08/25 20:10:10][INFO] datasets.base.few_shot_dataset:  500: Error at decoding. Vid index: 54100, Vid path: /mnt/data/yanyi2025/lrc/action_data/ssv2/videos/videos/96464.webm
[08/25 20:11:32][INFO] utils.logging:   91: {"_type": "train_iter", "iter": "28400/30000", "loss": 0.825179, "lr": 0.000050, "top1_acc": 91.700001}
[08/25 20:12:58][INFO] utils.logging:   91: {"_type": "train_iter", "iter": "28600/30000", "loss": 0.855008, "lr": 0.000050, "top1_acc": 90.600001}
[08/25 20:14:24][INFO] utils.logging:   91: {"_type": "train_iter", "iter": "28800/30000", "loss": 0.819466, "lr": 0.000050, "top1_acc": 91.900001}
[08/25 20:15:50][INFO] utils.logging:   91: {"_type": "train_iter", "iter": "29000/30000", "loss": 0.898089, "lr": 0.000050, "top1_acc": 91.000001}
[08/25 20:17:16][INFO] utils.logging:   91: {"_type": "train_iter", "iter": "29200/30000", "loss": 0.858158, "lr": 0.000050, "top1_acc": 90.400001}
[08/25 20:18:42][INFO] utils.logging:   91: {"_type": "train_iter", "iter": "29400/30000", "loss": 0.900754, "lr": 0.000050, "top1_acc": 91.200001}
[08/25 20:20:08][INFO] utils.logging:   91: {"_type": "train_iter", "iter": "29600/30000", "loss": 0.910416, "lr": 0.000050, "top1_acc": 90.600001}
[08/25 20:21:34][INFO] utils.logging:   91: {"_type": "train_iter", "iter": "29800/30000", "loss": 0.873679, "lr": 0.000050, "top1_acc": 90.500001}
[08/25 20:23:05][INFO] datasets.base.few_shot_dataset:  420: Error at decoding. Vid index: 2581, Vid path: /mnt/data/yanyi2025/lrc/action_data/ssv2/videos/videos/113474.webm
[08/25 20:23:13][INFO] datasets.base.few_shot_dataset:  420: Error at decoding. Vid index: 2581, Vid path: /mnt/data/yanyi2025/lrc/action_data/ssv2/videos/videos/113474.webm
[08/25 20:23:25][INFO] utils.logging:   91: {"_type": "val_iter", "gpu_mem": "1.79 GB", "iter": "200/10000", "top1_acc": 67.300002}
[08/25 20:23:50][INFO] utils.logging:   91: {"_type": "val_iter", "gpu_mem": "1.79 GB", "iter": "400/10000", "top1_acc": 64.600001}
[08/25 20:24:14][WARNING] datasets.base.few_shot_dataset:  251: Error at decoding. 1/5. Vid index: [185, 182], Vid path: 9
[08/25 20:24:15][INFO] utils.logging:   91: {"_type": "val_iter", "gpu_mem": "1.79 GB", "iter": "600/10000", "top1_acc": 66.300001}
[08/25 20:24:40][INFO] utils.logging:   91: {"_type": "val_iter", "gpu_mem": "1.79 GB", "iter": "800/10000", "top1_acc": 67.300001}
[08/25 20:25:05][INFO] utils.logging:   91: {"_type": "val_iter", "gpu_mem": "1.79 GB", "iter": "1000/10000", "top1_acc": 67.800002}
[08/25 20:25:23][WARNING] datasets.base.few_shot_dataset:  251: Error at decoding. 1/5. Vid index: [64, 185], Vid path: 9
[08/25 20:25:29][INFO] utils.logging:   91: {"_type": "val_iter", "gpu_mem": "1.79 GB", "iter": "1200/10000", "top1_acc": 67.300002}
[08/25 20:25:55][INFO] utils.logging:   91: {"_type": "val_iter", "gpu_mem": "1.79 GB", "iter": "1400/10000", "top1_acc": 66.400001}
[08/25 20:26:21][INFO] utils.logging:   91: {"_type": "val_iter", "gpu_mem": "1.79 GB", "iter": "1600/10000", "top1_acc": 65.600001}
[08/25 20:26:46][INFO] utils.logging:   91: {"_type": "val_iter", "gpu_mem": "1.79 GB", "iter": "1800/10000", "top1_acc": 66.600001}
[08/25 20:27:11][INFO] utils.logging:   91: {"_type": "val_iter", "gpu_mem": "1.79 GB", "iter": "2000/10000", "top1_acc": 65.800001}
[08/25 20:27:30][INFO] datasets.base.few_shot_dataset:  420: Error at decoding. Vid index: 2581, Vid path: /mnt/data/yanyi2025/lrc/action_data/ssv2/videos/videos/113474.webm
[08/25 20:27:37][INFO] utils.logging:   91: {"_type": "val_iter", "gpu_mem": "1.79 GB", "iter": "2200/10000", "top1_acc": 66.200001}
[08/25 20:27:57][WARNING] datasets.base.few_shot_dataset:  251: Error at decoding. 1/5. Vid index: [86, 185], Vid path: 9
[08/25 20:28:02][INFO] utils.logging:   91: {"_type": "val_iter", "gpu_mem": "1.79 GB", "iter": "2400/10000", "top1_acc": 62.600001}
[08/25 20:28:28][INFO] utils.logging:   91: {"_type": "val_iter", "gpu_mem": "1.79 GB", "iter": "2600/10000", "top1_acc": 66.500001}
[08/25 20:28:53][INFO] utils.logging:   91: {"_type": "val_iter", "gpu_mem": "1.79 GB", "iter": "2800/10000", "top1_acc": 66.800001}
[08/25 20:29:18][INFO] utils.logging:   91: {"_type": "val_iter", "gpu_mem": "1.79 GB", "iter": "3000/10000", "top1_acc": 67.000001}
[08/25 20:29:43][INFO] utils.logging:   91: {"_type": "val_iter", "gpu_mem": "1.79 GB", "iter": "3200/10000", "top1_acc": 67.500001}
[08/25 20:30:07][INFO] utils.logging:   91: {"_type": "val_iter", "gpu_mem": "1.79 GB", "iter": "3400/10000", "top1_acc": 68.100001}
[08/25 20:30:23][WARNING] datasets.base.few_shot_dataset:  251: Error at decoding. 1/5. Vid index: [185, 52], Vid path: 9
[08/25 20:30:32][INFO] utils.logging:   91: {"_type": "val_iter", "gpu_mem": "1.79 GB", "iter": "3600/10000", "top1_acc": 68.800001}
[08/25 20:30:57][INFO] utils.logging:   91: {"_type": "val_iter", "gpu_mem": "1.79 GB", "iter": "3800/10000", "top1_acc": 67.600001}
[08/25 20:31:18][WARNING] datasets.base.few_shot_dataset:  251: Error at decoding. 1/5. Vid index: [116, 185], Vid path: 9
[08/25 20:31:22][INFO] utils.logging:   91: {"_type": "val_iter", "gpu_mem": "1.79 GB", "iter": "4000/10000", "top1_acc": 68.300001}
[08/25 20:31:46][INFO] datasets.base.few_shot_dataset:  420: Error at decoding. Vid index: 2581, Vid path: /mnt/data/yanyi2025/lrc/action_data/ssv2/videos/videos/113474.webm
[08/25 20:31:47][INFO] utils.logging:   91: {"_type": "val_iter", "gpu_mem": "1.79 GB", "iter": "4200/10000", "top1_acc": 65.900002}
[08/25 20:32:12][INFO] utils.logging:   91: {"_type": "val_iter", "gpu_mem": "1.79 GB", "iter": "4400/10000", "top1_acc": 66.100001}
[08/25 20:32:37][INFO] utils.logging:   91: {"_type": "val_iter", "gpu_mem": "1.79 GB", "iter": "4600/10000", "top1_acc": 67.500002}
[08/25 20:33:02][INFO] utils.logging:   91: {"_type": "val_iter", "gpu_mem": "1.79 GB", "iter": "4800/10000", "top1_acc": 65.800001}
[08/25 20:33:27][INFO] utils.logging:   91: {"_type": "val_iter", "gpu_mem": "1.79 GB", "iter": "5000/10000", "top1_acc": 64.900001}
[08/25 20:33:44][WARNING] datasets.base.few_shot_dataset:  251: Error at decoding. 1/5. Vid index: [179, 185], Vid path: 9
[08/25 20:33:48][WARNING] datasets.base.few_shot_dataset:  251: Error at decoding. 1/5. Vid index: [185, 88], Vid path: 9
[08/25 20:33:52][INFO] utils.logging:   91: {"_type": "val_iter", "gpu_mem": "1.79 GB", "iter": "5200/10000", "top1_acc": 65.200001}
[08/25 20:34:16][INFO] utils.logging:   91: {"_type": "val_iter", "gpu_mem": "1.79 GB", "iter": "5400/10000", "top1_acc": 64.900001}
[08/25 20:34:42][INFO] utils.logging:   91: {"_type": "val_iter", "gpu_mem": "1.79 GB", "iter": "5600/10000", "top1_acc": 63.800001}
[08/25 20:34:53][WARNING] datasets.base.few_shot_dataset:  251: Error at decoding. 1/5. Vid index: [159, 185], Vid path: 9
[08/25 20:35:07][INFO] utils.logging:   91: {"_type": "val_iter", "gpu_mem": "1.79 GB", "iter": "5800/10000", "top1_acc": 67.200002}
[08/25 20:35:32][INFO] utils.logging:   91: {"_type": "val_iter", "gpu_mem": "1.79 GB", "iter": "6000/10000", "top1_acc": 67.200002}
[08/25 20:35:57][INFO] utils.logging:   91: {"_type": "val_iter", "gpu_mem": "1.79 GB", "iter": "6200/10000", "top1_acc": 66.000001}
[08/25 20:36:22][INFO] utils.logging:   91: {"_type": "val_iter", "gpu_mem": "1.79 GB", "iter": "6400/10000", "top1_acc": 66.400002}
[08/25 20:36:47][INFO] utils.logging:   91: {"_type": "val_iter", "gpu_mem": "1.79 GB", "iter": "6600/10000", "top1_acc": 65.500001}
[08/25 20:37:12][INFO] utils.logging:   91: {"_type": "val_iter", "gpu_mem": "1.79 GB", "iter": "6800/10000", "top1_acc": 65.600001}
[08/25 20:37:37][INFO] utils.logging:   91: {"_type": "val_iter", "gpu_mem": "1.79 GB", "iter": "7000/10000", "top1_acc": 67.600002}
[08/25 20:38:01][INFO] utils.logging:   91: {"_type": "val_iter", "gpu_mem": "1.79 GB", "iter": "7200/10000", "top1_acc": 66.200001}
[08/25 20:38:26][INFO] utils.logging:   91: {"_type": "val_iter", "gpu_mem": "1.79 GB", "iter": "7400/10000", "top1_acc": 66.400001}
[08/25 20:38:51][INFO] utils.logging:   91: {"_type": "val_iter", "gpu_mem": "1.79 GB", "iter": "7600/10000", "top1_acc": 68.600001}
[08/25 20:39:16][INFO] utils.logging:   91: {"_type": "val_iter", "gpu_mem": "1.79 GB", "iter": "7800/10000", "top1_acc": 65.000001}
[08/25 20:39:41][INFO] utils.logging:   91: {"_type": "val_iter", "gpu_mem": "1.79 GB", "iter": "8000/10000", "top1_acc": 65.300001}
[08/25 20:40:06][INFO] utils.logging:   91: {"_type": "val_iter", "gpu_mem": "1.79 GB", "iter": "8200/10000", "top1_acc": 66.500001}
[08/25 20:40:31][INFO] utils.logging:   91: {"_type": "val_iter", "gpu_mem": "1.79 GB", "iter": "8400/10000", "top1_acc": 67.500001}
[08/25 20:40:56][INFO] utils.logging:   91: {"_type": "val_iter", "gpu_mem": "1.79 GB", "iter": "8600/10000", "top1_acc": 65.300001}
[08/25 20:41:21][INFO] utils.logging:   91: {"_type": "val_iter", "gpu_mem": "1.79 GB", "iter": "8800/10000", "top1_acc": 67.400002}
[08/25 20:41:46][INFO] utils.logging:   91: {"_type": "val_iter", "gpu_mem": "1.79 GB", "iter": "9000/10000", "top1_acc": 64.100001}
[08/25 20:42:10][INFO] datasets.base.few_shot_dataset:  420: Error at decoding. Vid index: 2581, Vid path: /mnt/data/yanyi2025/lrc/action_data/ssv2/videos/videos/113474.webm
[08/25 20:42:11][INFO] utils.logging:   91: {"_type": "val_iter", "gpu_mem": "1.79 GB", "iter": "9200/10000", "top1_acc": 67.200001}
[08/25 20:42:36][INFO] utils.logging:   91: {"_type": "val_iter", "gpu_mem": "1.79 GB", "iter": "9400/10000", "top1_acc": 69.100001}
[08/25 20:42:54][WARNING] datasets.base.few_shot_dataset:  251: Error at decoding. 1/5. Vid index: [81, 185], Vid path: 9
[08/25 20:43:01][INFO] utils.logging:   91: {"_type": "val_iter", "gpu_mem": "1.79 GB", "iter": "9600/10000", "top1_acc": 66.900001}
[08/25 20:43:25][INFO] utils.logging:   91: {"_type": "val_iter", "gpu_mem": "1.79 GB", "iter": "9800/10000", "top1_acc": 63.600001}
[08/25 20:43:50][INFO] utils.logging:   91: {"_type": "val_iter", "gpu_mem": "1.79 GB", "iter": "10000/10000", "top1_acc": 66.100001}
[08/25 20:43:50][INFO] utils.logging:   91: {"RAM": "21.59/125.63 GB", "_type": "val_epoch", "epoch": "3", "gpu_mem": "1.79 GB", "top1_acc": 66.384001}
[08/25 20:43:50][INFO] train_net_few_shot:   53: Fusion weights: multi_velocity=0.031383
[08/25 20:43:50][INFO] train_net_few_shot:   73: Multi-velocity matcher: motion_delta=0.028024759143590927, velocity_weights=[0.4045131802558899, 0.5954868197441101], logit_delta=5.079097270965576
[08/25 20:43:52][INFO] train_net_few_shot:  145: New best validation accuracy: 66.3840; checkpoint=output/SSv2_Full_MULTI_VELOCITY/checkpoints/checkpoint_best.pyth
[08/25 20:43:52][INFO] utils.logging:   91: {"_type": "train_iter", "iter": "30000/30000", "loss": 0.894699, "lr": 0.000050, "top1_acc": 90.800001}
[08/25 20:43:52][INFO] utils.logging:   91: {"RAM": "18.28/125.63 GB", "_type": "train_epoch", "epoch": "10", "gpu_mem": "1.79 GB", "loss": 2.462856, "lr": 0.000050, "top1_acc": 81.500001}
