[09/07 15:34:54][INFO] train_net_few_shot:  303: Train with config:
[09/07 15:34:54][INFO] train_net_few_shot:  304: {
  "TASK_TYPE": "few_shot_action",
  "PRETRAIN": {
    "ENABLE": false
  },
  "LOCALIZATION": {
    "ENABLE": false
  },
  "TRAIN": {
    "ENABLE": true,
    "DATASET": "SSv2-Full",
    "BATCH_SIZE": 1,
    "LOG_FILE": "train.log",
    "EVAL_PERIOD": 2,
    "NUM_FOLDS": 1,
    "AUTO_RESUME": false,
    "CHECKPOINT_PERIOD": 10,
    "CHECKPOINT_FILE_PATH": "",
    "CHECKPOINT_TYPE": "pytorch",
    "CHECKPOINT_INFLATE": false,
    "CHECKPOINT_PRE_PROCESS": {
      "ENABLE": false
    },
    "FINE_TUNE": true,
    "ONLY_LINEAR": false,
    "LR_REDUCE": false,
    "TRAIN_VAL_COMBINE": false,
    "LOSS_FUNC": "cross_entropy",
    "USE_CLASSIFICATION_VALUE": 2.0,
    "GRADIENT_CHECKPOINT": true,
    "NUM_CLASS": 64,
    "META_BATCH": true,
    "WAY": 5,
    "SHOT": 1,
    "QUERY_PER_CLASS": 1,
    "QUERY_PER_CLASS_TEST": 1,
    "NUM_TRAIN_TASKS": 30000,
    "NUM_TEST_TASKS": 10000,
    "VAL_FRE_ITER": 10000,
    "BATCH_SIZE_PER_TASK": 4,
    "NORMALIZE_ACCUMULATED_GRADIENTS": false
  },
  "TEST": {
    "ENABLE": true,
    "DATASET": "SSv2-Full",
    "BATCH_SIZE": 1,
    "NUM_SPATIAL_CROPS": 1,
    "SPATIAL_CROPS": "cctltr",
    "NUM_ENSEMBLE_VIEWS": 1,
    "LOG_FILE": "test.log",
    "CHECKPOINT_FILE_PATH": "",
    "CHECKPOINT_TYPE": "pytorch",
    "AUTOMATIC_MULTI_SCALE_TEST": false,
    "TEST_SET": "val",
    "UPLOAD_CLASSIFIER_RESULTS": true,
    "SHOT": [
      1,
      5
    ],
    "EPISODE_SEED": 2026
  },
  "VISUALIZATION": {
    "ENABLE": false,
    "NAME": "",
    "FEATURE_MAPS": {
      "ENABLE": false,
      "BASE_OUTPUT_DIR": ""
    }
  },
  "SUBMISSION": {
    "ENABLE": false,
    "SAVE_RESULTS_PATH": "test.json"
  },
  "DATA": {
    "DATA_ROOT_DIR": "/mnt/data/yanyi2025/lrc/action_data/ssv2/videos/videos/",
    "ANNO_DIR": "config/ssv2_full/",
    "NUM_INPUT_FRAMES": 8,
    "NUM_INPUT_CHANNELS": 2304,
    "SAMPLING_MODE": "interval_based",
    "SAMPLING_RATE": 50,
    "TRAIN_JITTER_SCALES": [
      256,
      256
    ],
    "TRAIN_CROP_SIZE": 224,
    "TEST_SCALE": 256,
    "TEST_CROP_SIZE": 224,
    "MEAN": [
      0.48145466,
      0.4578275,
      0.40821073
    ],
    "STD": [
      0.26862954,
      0.26130258,
      0.27577711
    ],
    "MULTI_LABEL": false,
    "ENSEMBLE_METHOD": "sum",
    "TARGET_FPS": 12,
    "MINUS_INTERVAL": false,
    "FPS": 12,
    "NORM_FEATURE": false,
    "USE_AUG_FEATURE": false,
    "AUG": false,
    "LOAD_PROPS": false,
    "TEMPORAL_SCALE": 256,
    "LABELS_TYPE": "cls",
    "LOAD_TYPE": "pickle",
    "DOWNLOAD_FEATURE": true,
    "VIDEO_EXT": ".webm",
    "SAMPLING_UNIFORM": false,
    "TEST_CENTER_CROP": true,
    "CLIP_INTERVAL": 8
  },
  "MODEL": {
    "NAME": "BaseVideoModel",
    "EMA": {
      "ENABLE": false,
      "DECAY": 0.99996
    }
  },
  "VIDEO": {
    "BACKBONE": {
      "DEPTH": null,
      "META_ARCH": "Identity",
      "NUM_FILTERS": null,
      "NUM_INPUT_CHANNELS": 3,
      "NUM_OUT_FEATURES": null,
      "KERNEL_SIZE": null,
      "DOWNSAMPLING": null,
      "DOWNSAMPLING_TEMPORAL": null,
      "NUM_STREAMS": 1,
      "EXPANSION_RATIO": 2,
      "BRANCH": {
        "NAME": null
      },
      "STEM": {
        "NAME": null
      },
      "NONLOCAL": {
        "ENABLE": false,
        "STAGES": [
          5
        ],
        "MASK_ENABLE": false
      },
      "INITIALIZATION": null
    },
    "HEAD": {
      "NAME": "BaseTemporalClassifier",
      "ACTIVATION": "softmax",
      "DROPOUT_RATE": 0.0,
      "NUM_CLASSES": 200
    }
  },
  "OPTIMIZER": {
    "ADJUST_LR": false,
    "BASE_LR": 0.002,
    "LR_POLICY": "cosine",
    "MAX_EPOCH": 300,
    "MOMENTUM": 0.9,
    "WEIGHT_DECAY": "1e-3",
    "WARMUP_EPOCHS": 10,
    "WARMUP_START_LR": 0.0002,
    "OPTIM_METHOD": "adam",
    "DAMPENING": 0.0,
    "NESTEROV": true
  },
  "BN": {
    "WB_LOCK": false,
    "FREEZE": false,
    "WEIGHT_DECAY": 0.0,
    "MOMENTUM": 0.1,
    "EPS": "1e-3",
    "SYNC": false
  },
  "DATA_LOADER": {
    "NUM_WORKERS": 8,
    "PIN_MEMORY": true,
    "ENABLE_MULTI_THREAD_DECODE": true,
    "COLLATE_FN": null
  },
  "NUM_GPUS": 1,
  "SHARD_ID": 0,
  "NUM_SHARDS": 1,
  "RANDOM_SEED": 18,
  "OUTPUT_DIR": "output/SSv2_Full_FOCUS_MULTI_VELOCITY",
  "OUTPUT_CFG_FILE": "configuration.log",
  "LOG_PERIOD": 200,
  "DIST_BACKEND": "nccl",
  "LOG_MODEL_INFO": false,
  "LOG_CONFIG_INFO": true,
  "OSS": {
    "ENABLE": false,
    "KEY": null,
    "SECRET": null,
    "ENDPOINT": null,
    "CHECKPOINT_OUTPUT_PATH": null,
    "SECONDARY_DATA_OSS": {
      "ENABLE": false,
      "KEY": null,
      "SECRET": null,
      "ENDPOINT": null,
      "BUCKETS": [
        ""
      ]
    }
  },
  "AUGMENTATION": {
    "COLOR_AUG": false,
    "BRIGHTNESS": 0.5,
    "CONTRAST": 0.5,
    "SATURATION": 0.5,
    "HUE": 0.25,
    "GRAYSCALE": 0.3,
    "CONSISTENT": true,
    "SHUFFLE": true,
    "GRAY_FIRST": true,
    "RATIO": [
      0.857142857142857,
      1.1666666666666667
    ],
    "USE_GPU": false,
    "MIXUP": {
      "ENABLE": false,
      "ALPHA": 0.0,
      "PROB": 1.0,
      "MODE": "batch",
      "SWITCH_PROB": 0.5
    },
    "CUTMIX": {
      "ENABLE": false,
      "ALPHA": 0.0,
      "MINMAX": null
    },
    "RANDOM_ERASING": {
      "ENABLE": false,
      "PROB": 0.25,
      "MODE": "const",
      "COUNT": [
        1,
        1
      ],
      "NUM_SPLITS": 0,
      "AREA_RANGE": [
        0.02,
        0.33
      ],
      "MIN_ASPECT": 0.3
    },
    "LABEL_SMOOTHING": 0.0,
    "SSV2_FLIP": false,
    "IS_SPLIT": false,
    "NO_RANDOM_ERASE": true,
    "SUPPORT_QUERY_DIFF": true
  },
  "PAI": false,
  "USE_MULTISEG_VAL_DIST": false,
  "DETECTION": {
    "ENABLE": false
  },
  "TENSORBOARD": {
    "ENABLE": false
  },
  "SOLVER": {
    "BASE_LR": 0.001,
    "LR_POLICY": "steps_with_relative_lrs",
    "MAX_EPOCH": 10,
    "MOMENTUM": 0.9,
    "WEIGHT_DECAY": "5e-4",
    "WARMUP_EPOCHS": 1,
    "WARMUP_START_LR": 0.0002,
    "OPTIM_METHOD": "adam",
    "DAMPENING": 0.0,
    "NESTEROV": true,
    "STEPS_ITER": 3000,
    "STEPS": [
      0,
      4,
      6,
      8
    ],
    "LRS": [
      1,
      0.5,
      0.1,
      0.05
    ]
  },
  "PRE_DOWNLOAD": {
    "ENABLE": false
  },
  "SUPPORT_SHOT": 1,
  "FOCUS": {
    "ENABLE": true,
    "HEADS": 8,
    "DROPOUT": 0.1,
    "GATE_INIT": -4.0,
    "TEMPORAL_GATE_INIT": -4.0,
    "ALPHA_INIT": -4.0,
    "DETACH_INPUT": true
  },
  "MULTI_VELOCITY": {
    "ENABLE": true,
    "VELOCITIES": [
      1,
      2
    ],
    "HIDDEN_RATIO": 0.25,
    "DROPOUT": 0.1,
    "DISTANCE_SCALE": 16.0,
    "OTAM_LAMBDA": 0.5,
    "ALPHA_INIT": -4.0
  },
  "ADAPTER": {
    "NAME": "ViT_CLIP",
    "PRETRAINED": "ViT-B/16",
    "WIDTH": 768,
    "PATCH_SIZE": 16,
    "LAYERS": 12,
    "HEADS": 12,
    "ADAPTER_SCALE": 0.25
  },
  "INIT_METHOD": "tcp://localhost:1111",
  "CUDA_VISIBLE_DEVICES": "1"
}

[09/07 15:34:55][INFO] models.base.adapter: 1070: load model from: ViT-B/16
[09/07 15:34:56][INFO] models.base.adapter: 1077: Missing keys: ['temporal_embedding', 'focus_alpha', 'multi_velocity_alpha', 'transformer.resblocks.0.Adapter.down.weight', 'transformer.resblocks.0.Adapter.down.bias', 'transformer.resblocks.0.Adapter.pos_embed.weight', 'transformer.resblocks.0.Adapter.pos_embed.bias', 'transformer.resblocks.0.Adapter.s_ln.weight', 'transformer.resblocks.0.Adapter.s_ln.bias', 'transformer.resblocks.0.Adapter.s_attn.conv_offset.0.weight', 'transformer.resblocks.0.Adapter.s_attn.conv_offset.0.bias', 'transformer.resblocks.0.Adapter.s_attn.conv_offset.1.norm.weight', 'transformer.resblocks.0.Adapter.s_attn.conv_offset.1.norm.bias', 'transformer.resblocks.0.Adapter.s_attn.conv_offset.3.weight', 'transformer.resblocks.0.Adapter.s_attn.proj_q.weight', 'transformer.resblocks.0.Adapter.s_attn.proj_q.bias', 'transformer.resblocks.0.Adapter.s_attn.proj_k.weight', 'transformer.resblocks.0.Adapter.s_attn.proj_k.bias', 'transformer.resblocks.0.Adapter.s_attn.proj_v.weight', 'transformer.resblocks.0.Adapter.s_attn.proj_v.bias', 'transformer.resblocks.0.Adapter.s_attn.proj_out.weight', 'transformer.resblocks.0.Adapter.s_attn.proj_out.bias', 'transformer.resblocks.0.Adapter.t_ln.weight', 'transformer.resblocks.0.Adapter.t_ln.bias', 'transformer.resblocks.0.Adapter.t_attn.conv_offset.0.weight', 'transformer.resblocks.0.Adapter.t_attn.conv_offset.0.bias', 'transformer.resblocks.0.Adapter.t_attn.conv_offset.1.norm.weight', 'transformer.resblocks.0.Adapter.t_attn.conv_offset.1.norm.bias', 'transformer.resblocks.0.Adapter.t_attn.conv_offset.3.weight', 'transformer.resblocks.0.Adapter.t_attn.proj_q.weight', 'transformer.resblocks.0.Adapter.t_attn.proj_q.bias', 'transformer.resblocks.0.Adapter.t_attn.proj_k.weight', 'transformer.resblocks.0.Adapter.t_attn.proj_k.bias', 'transformer.resblocks.0.Adapter.t_attn.proj_v.weight', 'transformer.resblocks.0.Adapter.t_attn.proj_v.bias', 'transformer.resblocks.0.Adapter.t_attn.proj_out.weight', 'transformer.resblocks.0.Adapter.t_attn.proj_out.bias', 'transformer.resblocks.0.Adapter.up.weight', 'transformer.resblocks.0.Adapter.up.bias', 'transformer.resblocks.1.Adapter.down.weight', 'transformer.resblocks.1.Adapter.down.bias', 'transformer.resblocks.1.Adapter.pos_embed.weight', 'transformer.resblocks.1.Adapter.pos_embed.bias', 'transformer.resblocks.1.Adapter.s_ln.weight', 'transformer.resblocks.1.Adapter.s_ln.bias', 'transformer.resblocks.1.Adapter.s_attn.conv_offset.0.weight', 'transformer.resblocks.1.Adapter.s_attn.conv_offset.0.bias', 'transformer.resblocks.1.Adapter.s_attn.conv_offset.1.norm.weight', 'transformer.resblocks.1.Adapter.s_attn.conv_offset.1.norm.bias', 'transformer.resblocks.1.Adapter.s_attn.conv_offset.3.weight', 'transformer.resblocks.1.Adapter.s_attn.proj_q.weight', 'transformer.resblocks.1.Adapter.s_attn.proj_q.bias', 'transformer.resblocks.1.Adapter.s_attn.proj_k.weight', 'transformer.resblocks.1.Adapter.s_attn.proj_k.bias', 'transformer.resblocks.1.Adapter.s_attn.proj_v.weight', 'transformer.resblocks.1.Adapter.s_attn.proj_v.bias', 'transformer.resblocks.1.Adapter.s_attn.proj_out.weight', 'transformer.resblocks.1.Adapter.s_attn.proj_out.bias', 'transformer.resblocks.1.Adapter.t_ln.weight', 'transformer.resblocks.1.Adapter.t_ln.bias', 'transformer.resblocks.1.Adapter.t_attn.conv_offset.0.weight', 'transformer.resblocks.1.Adapter.t_attn.conv_offset.0.bias', 'transformer.resblocks.1.Adapter.t_attn.conv_offset.1.norm.weight', 'transformer.resblocks.1.Adapter.t_attn.conv_offset.1.norm.bias', 'transformer.resblocks.1.Adapter.t_attn.conv_offset.3.weight', 'transformer.resblocks.1.Adapter.t_attn.proj_q.weight', 'transformer.resblocks.1.Adapter.t_attn.proj_q.bias', 'transformer.resblocks.1.Adapter.t_attn.proj_k.weight', 'transformer.resblocks.1.Adapter.t_attn.proj_k.bias', 'transformer.resblocks.1.Adapter.t_attn.proj_v.weight', 'transformer.resblocks.1.Adapter.t_attn.proj_v.bias', 'transformer.resblocks.1.Adapter.t_attn.proj_out.weight', 'transformer.resblocks.1.Adapter.t_attn.proj_out.bias', 'transformer.resblocks.1.Adapter.up.weight', 'transformer.resblocks.1.Adapter.up.bias', 'transformer.resblocks.2.Adapter.down.weight', 'transformer.resblocks.2.Adapter.down.bias', 'transformer.resblocks.2.Adapter.pos_embed.weight', 'transformer.resblocks.2.Adapter.pos_embed.bias', 'transformer.resblocks.2.Adapter.s_ln.weight', 'transformer.resblocks.2.Adapter.s_ln.bias', 'transformer.resblocks.2.Adapter.s_attn.conv_offset.0.weight', 'transformer.resblocks.2.Adapter.s_attn.conv_offset.0.bias', 'transformer.resblocks.2.Adapter.s_attn.conv_offset.1.norm.weight', 'transformer.resblocks.2.Adapter.s_attn.conv_offset.1.norm.bias', 'transformer.resblocks.2.Adapter.s_attn.conv_offset.3.weight', 'transformer.resblocks.2.Adapter.s_attn.proj_q.weight', 'transformer.resblocks.2.Adapter.s_attn.proj_q.bias', 'transformer.resblocks.2.Adapter.s_attn.proj_k.weight', 'transformer.resblocks.2.Adapter.s_attn.proj_k.bias', 'transformer.resblocks.2.Adapter.s_attn.proj_v.weight', 'transformer.resblocks.2.Adapter.s_attn.proj_v.bias', 'transformer.resblocks.2.Adapter.s_attn.proj_out.weight', 'transformer.resblocks.2.Adapter.s_attn.proj_out.bias', 'transformer.resblocks.2.Adapter.t_ln.weight', 'transformer.resblocks.2.Adapter.t_ln.bias', 'transformer.resblocks.2.Adapter.t_attn.conv_offset.0.weight', 'transformer.resblocks.2.Adapter.t_attn.conv_offset.0.bias', 'transformer.resblocks.2.Adapter.t_attn.conv_offset.1.norm.weight', 'transformer.resblocks.2.Adapter.t_attn.conv_offset.1.norm.bias', 'transformer.resblocks.2.Adapter.t_attn.conv_offset.3.weight', 'transformer.resblocks.2.Adapter.t_attn.proj_q.weight', 'transformer.resblocks.2.Adapter.t_attn.proj_q.bias', 'transformer.resblocks.2.Adapter.t_attn.proj_k.weight', 'transformer.resblocks.2.Adapter.t_attn.proj_k.bias', 'transformer.resblocks.2.Adapter.t_attn.proj_v.weight', 'transformer.resblocks.2.Adapter.t_attn.proj_v.bias', 'transformer.resblocks.2.Adapter.t_attn.proj_out.weight', 'transformer.resblocks.2.Adapter.t_attn.proj_out.bias', 'transformer.resblocks.2.Adapter.up.weight', 'transformer.resblocks.2.Adapter.up.bias', 'transformer.resblocks.3.Adapter.down.weight', 'transformer.resblocks.3.Adapter.down.bias', 'transformer.resblocks.3.Adapter.pos_embed.weight', 'transformer.resblocks.3.Adapter.pos_embed.bias', 'transformer.resblocks.3.Adapter.s_ln.weight', 'transformer.resblocks.3.Adapter.s_ln.bias', 'transformer.resblocks.3.Adapter.s_attn.conv_offset.0.weight', 'transformer.resblocks.3.Adapter.s_attn.conv_offset.0.bias', 'transformer.resblocks.3.Adapter.s_attn.conv_offset.1.norm.weight', 'transformer.resblocks.3.Adapter.s_attn.conv_offset.1.norm.bias', 'transformer.resblocks.3.Adapter.s_attn.conv_offset.3.weight', 'transformer.resblocks.3.Adapter.s_attn.proj_q.weight', 'transformer.resblocks.3.Adapter.s_attn.proj_q.bias', 'transformer.resblocks.3.Adapter.s_attn.proj_k.weight', 'transformer.resblocks.3.Adapter.s_attn.proj_k.bias', 'transformer.resblocks.3.Adapter.s_attn.proj_v.weight', 'transformer.resblocks.3.Adapter.s_attn.proj_v.bias', 'transformer.resblocks.3.Adapter.s_attn.proj_out.weight', 'transformer.resblocks.3.Adapter.s_attn.proj_out.bias', 'transformer.resblocks.3.Adapter.t_ln.weight', 'transformer.resblocks.3.Adapter.t_ln.bias', 'transformer.resblocks.3.Adapter.t_attn.conv_offset.0.weight', 'transformer.resblocks.3.Adapter.t_attn.conv_offset.0.bias', 'transformer.resblocks.3.Adapter.t_attn.conv_offset.1.norm.weight', 'transformer.resblocks.3.Adapter.t_attn.conv_offset.1.norm.bias', 'transformer.resblocks.3.Adapter.t_attn.conv_offset.3.weight', 'transformer.resblocks.3.Adapter.t_attn.proj_q.weight', 'transformer.resblocks.3.Adapter.t_attn.proj_q.bias', 'transformer.resblocks.3.Adapter.t_attn.proj_k.weight', 'transformer.resblocks.3.Adapter.t_attn.proj_k.bias', 'transformer.resblocks.3.Adapter.t_attn.proj_v.weight', 'transformer.resblocks.3.Adapter.t_attn.proj_v.bias', 'transformer.resblocks.3.Adapter.t_attn.proj_out.weight', 'transformer.resblocks.3.Adapter.t_attn.proj_out.bias', 'transformer.resblocks.3.Adapter.up.weight', 'transformer.resblocks.3.Adapter.up.bias', 'transformer.resblocks.4.Adapter.down.weight', 'transformer.resblocks.4.Adapter.down.bias', 'transformer.resblocks.4.Adapter.pos_embed.weight', 'transformer.resblocks.4.Adapter.pos_embed.bias', 'transformer.resblocks.4.Adapter.s_ln.weight', 'transformer.resblocks.4.Adapter.s_ln.bias', 'transformer.resblocks.4.Adapter.s_attn.conv_offset.0.weight', 'transformer.resblocks.4.Adapter.s_attn.conv_offset.0.bias', 'transformer.resblocks.4.Adapter.s_attn.conv_offset.1.norm.weight', 'transformer.resblocks.4.Adapter.s_attn.conv_offset.1.norm.bias', 'transformer.resblocks.4.Adapter.s_attn.conv_offset.3.weight', 'transformer.resblocks.4.Adapter.s_attn.proj_q.weight', 'transformer.resblocks.4.Adapter.s_attn.proj_q.bias', 'transformer.resblocks.4.Adapter.s_attn.proj_k.weight', 'transformer.resblocks.4.Adapter.s_attn.proj_k.bias', 'transformer.resblocks.4.Adapter.s_attn.proj_v.weight', 'transformer.resblocks.4.Adapter.s_attn.proj_v.bias', 'transformer.resblocks.4.Adapter.s_attn.proj_out.weight', 'transformer.resblocks.4.Adapter.s_attn.proj_out.bias', 'transformer.resblocks.4.Adapter.t_ln.weight', 'transformer.resblocks.4.Adapter.t_ln.bias', 'transformer.resblocks.4.Adapter.t_attn.conv_offset.0.weight', 'transformer.resblocks.4.Adapter.t_attn.conv_offset.0.bias', 'transformer.resblocks.4.Adapter.t_attn.conv_offset.1.norm.weight', 'transformer.resblocks.4.Adapter.t_attn.conv_offset.1.norm.bias', 'transformer.resblocks.4.Adapter.t_attn.conv_offset.3.weight', 'transformer.resblocks.4.Adapter.t_attn.proj_q.weight', 'transformer.resblocks.4.Adapter.t_attn.proj_q.bias', 'transformer.resblocks.4.Adapter.t_attn.proj_k.weight', 'transformer.resblocks.4.Adapter.t_attn.proj_k.bias', 'transformer.resblocks.4.Adapter.t_attn.proj_v.weight', 'transformer.resblocks.4.Adapter.t_attn.proj_v.bias', 'transformer.resblocks.4.Adapter.t_attn.proj_out.weight', 'transformer.resblocks.4.Adapter.t_attn.proj_out.bias', 'transformer.resblocks.4.Adapter.up.weight', 'transformer.resblocks.4.Adapter.up.bias', 'transformer.resblocks.5.Adapter.down.weight', 'transformer.resblocks.5.Adapter.down.bias', 'transformer.resblocks.5.Adapter.pos_embed.weight', 'transformer.resblocks.5.Adapter.pos_embed.bias', 'transformer.resblocks.5.Adapter.s_ln.weight', 'transformer.resblocks.5.Adapter.s_ln.bias', 'transformer.resblocks.5.Adapter.s_attn.conv_offset.0.weight', 'transformer.resblocks.5.Adapter.s_attn.conv_offset.0.bias', 'transformer.resblocks.5.Adapter.s_attn.conv_offset.1.norm.weight', 'transformer.resblocks.5.Adapter.s_attn.conv_offset.1.norm.bias', 'transformer.resblocks.5.Adapter.s_attn.conv_offset.3.weight', 'transformer.resblocks.5.Adapter.s_attn.proj_q.weight', 'transformer.resblocks.5.Adapter.s_attn.proj_q.bias', 'transformer.resblocks.5.Adapter.s_attn.proj_k.weight', 'transformer.resblocks.5.Adapter.s_attn.proj_k.bias', 'transformer.resblocks.5.Adapter.s_attn.proj_v.weight', 'transformer.resblocks.5.Adapter.s_attn.proj_v.bias', 'transformer.resblocks.5.Adapter.s_attn.proj_out.weight', 'transformer.resblocks.5.Adapter.s_attn.proj_out.bias', 'transformer.resblocks.5.Adapter.t_ln.weight', 'transformer.resblocks.5.Adapter.t_ln.bias', 'transformer.resblocks.5.Adapter.t_attn.conv_offset.0.weight', 'transformer.resblocks.5.Adapter.t_attn.conv_offset.0.bias', 'transformer.resblocks.5.Adapter.t_attn.conv_offset.1.norm.weight', 'transformer.resblocks.5.Adapter.t_attn.conv_offset.1.norm.bias', 'transformer.resblocks.5.Adapter.t_attn.conv_offset.3.weight', 'transformer.resblocks.5.Adapter.t_attn.proj_q.weight', 'transformer.resblocks.5.Adapter.t_attn.proj_q.bias', 'transformer.resblocks.5.Adapter.t_attn.proj_k.weight', 'transformer.resblocks.5.Adapter.t_attn.proj_k.bias', 'transformer.resblocks.5.Adapter.t_attn.proj_v.weight', 'transformer.resblocks.5.Adapter.t_attn.proj_v.bias', 'transformer.resblocks.5.Adapter.t_attn.proj_out.weight', 'transformer.resblocks.5.Adapter.t_attn.proj_out.bias', 'transformer.resblocks.5.Adapter.up.weight', 'transformer.resblocks.5.Adapter.up.bias', 'transformer.resblocks.6.Adapter.down.weight', 'transformer.resblocks.6.Adapter.down.bias', 'transformer.resblocks.6.Adapter.pos_embed.weight', 'transformer.resblocks.6.Adapter.pos_embed.bias', 'transformer.resblocks.6.Adapter.s_ln.weight', 'transformer.resblocks.6.Adapter.s_ln.bias', 'transformer.resblocks.6.Adapter.s_attn.conv_offset.0.weight', 'transformer.resblocks.6.Adapter.s_attn.conv_offset.0.bias', 'transformer.resblocks.6.Adapter.s_attn.conv_offset.1.norm.weight', 'transformer.resblocks.6.Adapter.s_attn.conv_offset.1.norm.bias', 'transformer.resblocks.6.Adapter.s_attn.conv_offset.3.weight', 'transformer.resblocks.6.Adapter.s_attn.proj_q.weight', 'transformer.resblocks.6.Adapter.s_attn.proj_q.bias', 'transformer.resblocks.6.Adapter.s_attn.proj_k.weight', 'transformer.resblocks.6.Adapter.s_attn.proj_k.bias', 'transformer.resblocks.6.Adapter.s_attn.proj_v.weight', 'transformer.resblocks.6.Adapter.s_attn.proj_v.bias', 'transformer.resblocks.6.Adapter.s_attn.proj_out.weight', 'transformer.resblocks.6.Adapter.s_attn.proj_out.bias', 'transformer.resblocks.6.Adapter.t_ln.weight', 'transformer.resblocks.6.Adapter.t_ln.bias', 'transformer.resblocks.6.Adapter.t_attn.conv_offset.0.weight', 'transformer.resblocks.6.Adapter.t_attn.conv_offset.0.bias', 'transformer.resblocks.6.Adapter.t_attn.conv_offset.1.norm.weight', 'transformer.resblocks.6.Adapter.t_attn.conv_offset.1.norm.bias', 'transformer.resblocks.6.Adapter.t_attn.conv_offset.3.weight', 'transformer.resblocks.6.Adapter.t_attn.proj_q.weight', 'transformer.resblocks.6.Adapter.t_attn.proj_q.bias', 'transformer.resblocks.6.Adapter.t_attn.proj_k.weight', 'transformer.resblocks.6.Adapter.t_attn.proj_k.bias', 'transformer.resblocks.6.Adapter.t_attn.proj_v.weight', 'transformer.resblocks.6.Adapter.t_attn.proj_v.bias', 'transformer.resblocks.6.Adapter.t_attn.proj_out.weight', 'transformer.resblocks.6.Adapter.t_attn.proj_out.bias', 'transformer.resblocks.6.Adapter.up.weight', 'transformer.resblocks.6.Adapter.up.bias', 'transformer.resblocks.7.Adapter.down.weight', 'transformer.resblocks.7.Adapter.down.bias', 'transformer.resblocks.7.Adapter.pos_embed.weight', 'transformer.resblocks.7.Adapter.pos_embed.bias', 'transformer.resblocks.7.Adapter.s_ln.weight', 'transformer.resblocks.7.Adapter.s_ln.bias', 'transformer.resblocks.7.Adapter.s_attn.conv_offset.0.weight', 'transformer.resblocks.7.Adapter.s_attn.conv_offset.0.bias', 'transformer.resblocks.7.Adapter.s_attn.conv_offset.1.norm.weight', 'transformer.resblocks.7.Adapter.s_attn.conv_offset.1.norm.bias', 'transformer.resblocks.7.Adapter.s_attn.conv_offset.3.weight', 'transformer.resblocks.7.Adapter.s_attn.proj_q.weight', 'transformer.resblocks.7.Adapter.s_attn.proj_q.bias', 'transformer.resblocks.7.Adapter.s_attn.proj_k.weight', 'transformer.resblocks.7.Adapter.s_attn.proj_k.bias', 'transformer.resblocks.7.Adapter.s_attn.proj_v.weight', 'transformer.resblocks.7.Adapter.s_attn.proj_v.bias', 'transformer.resblocks.7.Adapter.s_attn.proj_out.weight', 'transformer.resblocks.7.Adapter.s_attn.proj_out.bias', 'transformer.resblocks.7.Adapter.t_ln.weight', 'transformer.resblocks.7.Adapter.t_ln.bias', 'transformer.resblocks.7.Adapter.t_attn.conv_offset.0.weight', 'transformer.resblocks.7.Adapter.t_attn.conv_offset.0.bias', 'transformer.resblocks.7.Adapter.t_attn.conv_offset.1.norm.weight', 'transformer.resblocks.7.Adapter.t_attn.conv_offset.1.norm.bias', 'transformer.resblocks.7.Adapter.t_attn.conv_offset.3.weight', 'transformer.resblocks.7.Adapter.t_attn.proj_q.weight', 'transformer.resblocks.7.Adapter.t_attn.proj_q.bias', 'transformer.resblocks.7.Adapter.t_attn.proj_k.weight', 'transformer.resblocks.7.Adapter.t_attn.proj_k.bias', 'transformer.resblocks.7.Adapter.t_attn.proj_v.weight', 'transformer.resblocks.7.Adapter.t_attn.proj_v.bias', 'transformer.resblocks.7.Adapter.t_attn.proj_out.weight', 'transformer.resblocks.7.Adapter.t_attn.proj_out.bias', 'transformer.resblocks.7.Adapter.up.weight', 'transformer.resblocks.7.Adapter.up.bias', 'transformer.resblocks.8.Adapter.down.weight', 'transformer.resblocks.8.Adapter.down.bias', 'transformer.resblocks.8.Adapter.pos_embed.weight', 'transformer.resblocks.8.Adapter.pos_embed.bias', 'transformer.resblocks.8.Adapter.s_ln.weight', 'transformer.resblocks.8.Adapter.s_ln.bias', 'transformer.resblocks.8.Adapter.s_attn.conv_offset.0.weight', 'transformer.resblocks.8.Adapter.s_attn.conv_offset.0.bias', 'transformer.resblocks.8.Adapter.s_attn.conv_offset.1.norm.weight', 'transformer.resblocks.8.Adapter.s_attn.conv_offset.1.norm.bias', 'transformer.resblocks.8.Adapter.s_attn.conv_offset.3.weight', 'transformer.resblocks.8.Adapter.s_attn.proj_q.weight', 'transformer.resblocks.8.Adapter.s_attn.proj_q.bias', 'transformer.resblocks.8.Adapter.s_attn.proj_k.weight', 'transformer.resblocks.8.Adapter.s_attn.proj_k.bias', 'transformer.resblocks.8.Adapter.s_attn.proj_v.weight', 'transformer.resblocks.8.Adapter.s_attn.proj_v.bias', 'transformer.resblocks.8.Adapter.s_attn.proj_out.weight', 'transformer.resblocks.8.Adapter.s_attn.proj_out.bias', 'transformer.resblocks.8.Adapter.t_ln.weight', 'transformer.resblocks.8.Adapter.t_ln.bias', 'transformer.resblocks.8.Adapter.t_attn.conv_offset.0.weight', 'transformer.resblocks.8.Adapter.t_attn.conv_offset.0.bias', 'transformer.resblocks.8.Adapter.t_attn.conv_offset.1.norm.weight', 'transformer.resblocks.8.Adapter.t_attn.conv_offset.1.norm.bias', 'transformer.resblocks.8.Adapter.t_attn.conv_offset.3.weight', 'transformer.resblocks.8.Adapter.t_attn.proj_q.weight', 'transformer.resblocks.8.Adapter.t_attn.proj_q.bias', 'transformer.resblocks.8.Adapter.t_attn.proj_k.weight', 'transformer.resblocks.8.Adapter.t_attn.proj_k.bias', 'transformer.resblocks.8.Adapter.t_attn.proj_v.weight', 'transformer.resblocks.8.Adapter.t_attn.proj_v.bias', 'transformer.resblocks.8.Adapter.t_attn.proj_out.weight', 'transformer.resblocks.8.Adapter.t_attn.proj_out.bias', 'transformer.resblocks.8.Adapter.up.weight', 'transformer.resblocks.8.Adapter.up.bias', 'transformer.resblocks.9.Adapter.down.weight', 'transformer.resblocks.9.Adapter.down.bias', 'transformer.resblocks.9.Adapter.pos_embed.weight', 'transformer.resblocks.9.Adapter.pos_embed.bias', 'transformer.resblocks.9.Adapter.s_ln.weight', 'transformer.resblocks.9.Adapter.s_ln.bias', 'transformer.resblocks.9.Adapter.s_attn.conv_offset.0.weight', 'transformer.resblocks.9.Adapter.s_attn.conv_offset.0.bias', 'transformer.resblocks.9.Adapter.s_attn.conv_offset.1.norm.weight', 'transformer.resblocks.9.Adapter.s_attn.conv_offset.1.norm.bias', 'transformer.resblocks.9.Adapter.s_attn.conv_offset.3.weight', 'transformer.resblocks.9.Adapter.s_attn.proj_q.weight', 'transformer.resblocks.9.Adapter.s_attn.proj_q.bias', 'transformer.resblocks.9.Adapter.s_attn.proj_k.weight', 'transformer.resblocks.9.Adapter.s_attn.proj_k.bias', 'transformer.resblocks.9.Adapter.s_attn.proj_v.weight', 'transformer.resblocks.9.Adapter.s_attn.proj_v.bias', 'transformer.resblocks.9.Adapter.s_attn.proj_out.weight', 'transformer.resblocks.9.Adapter.s_attn.proj_out.bias', 'transformer.resblocks.9.Adapter.t_ln.weight', 'transformer.resblocks.9.Adapter.t_ln.bias', 'transformer.resblocks.9.Adapter.t_attn.conv_offset.0.weight', 'transformer.resblocks.9.Adapter.t_attn.conv_offset.0.bias', 'transformer.resblocks.9.Adapter.t_attn.conv_offset.1.norm.weight', 'transformer.resblocks.9.Adapter.t_attn.conv_offset.1.norm.bias', 'transformer.resblocks.9.Adapter.t_attn.conv_offset.3.weight', 'transformer.resblocks.9.Adapter.t_attn.proj_q.weight', 'transformer.resblocks.9.Adapter.t_attn.proj_q.bias', 'transformer.resblocks.9.Adapter.t_attn.proj_k.weight', 'transformer.resblocks.9.Adapter.t_attn.proj_k.bias', 'transformer.resblocks.9.Adapter.t_attn.proj_v.weight', 'transformer.resblocks.9.Adapter.t_attn.proj_v.bias', 'transformer.resblocks.9.Adapter.t_attn.proj_out.weight', 'transformer.resblocks.9.Adapter.t_attn.proj_out.bias', 'transformer.resblocks.9.Adapter.up.weight', 'transformer.resblocks.9.Adapter.up.bias', 'transformer.resblocks.10.Adapter.down.weight', 'transformer.resblocks.10.Adapter.down.bias', 'transformer.resblocks.10.Adapter.pos_embed.weight', 'transformer.resblocks.10.Adapter.pos_embed.bias', 'transformer.resblocks.10.Adapter.s_ln.weight', 'transformer.resblocks.10.Adapter.s_ln.bias', 'transformer.resblocks.10.Adapter.s_attn.conv_offset.0.weight', 'transformer.resblocks.10.Adapter.s_attn.conv_offset.0.bias', 'transformer.resblocks.10.Adapter.s_attn.conv_offset.1.norm.weight', 'transformer.resblocks.10.Adapter.s_attn.conv_offset.1.norm.bias', 'transformer.resblocks.10.Adapter.s_attn.conv_offset.3.weight', 'transformer.resblocks.10.Adapter.s_attn.proj_q.weight', 'transformer.resblocks.10.Adapter.s_attn.proj_q.bias', 'transformer.resblocks.10.Adapter.s_attn.proj_k.weight', 'transformer.resblocks.10.Adapter.s_attn.proj_k.bias', 'transformer.resblocks.10.Adapter.s_attn.proj_v.weight', 'transformer.resblocks.10.Adapter.s_attn.proj_v.bias', 'transformer.resblocks.10.Adapter.s_attn.proj_out.weight', 'transformer.resblocks.10.Adapter.s_attn.proj_out.bias', 'transformer.resblocks.10.Adapter.t_ln.weight', 'transformer.resblocks.10.Adapter.t_ln.bias', 'transformer.resblocks.10.Adapter.t_attn.conv_offset.0.weight', 'transformer.resblocks.10.Adapter.t_attn.conv_offset.0.bias', 'transformer.resblocks.10.Adapter.t_attn.conv_offset.1.norm.weight', 'transformer.resblocks.10.Adapter.t_attn.conv_offset.1.norm.bias', 'transformer.resblocks.10.Adapter.t_attn.conv_offset.3.weight', 'transformer.resblocks.10.Adapter.t_attn.proj_q.weight', 'transformer.resblocks.10.Adapter.t_attn.proj_q.bias', 'transformer.resblocks.10.Adapter.t_attn.proj_k.weight', 'transformer.resblocks.10.Adapter.t_attn.proj_k.bias', 'transformer.resblocks.10.Adapter.t_attn.proj_v.weight', 'transformer.resblocks.10.Adapter.t_attn.proj_v.bias', 'transformer.resblocks.10.Adapter.t_attn.proj_out.weight', 'transformer.resblocks.10.Adapter.t_attn.proj_out.bias', 'transformer.resblocks.10.Adapter.up.weight', 'transformer.resblocks.10.Adapter.up.bias', 'transformer.resblocks.11.Adapter.down.weight', 'transformer.resblocks.11.Adapter.down.bias', 'transformer.resblocks.11.Adapter.pos_embed.weight', 'transformer.resblocks.11.Adapter.pos_embed.bias', 'transformer.resblocks.11.Adapter.s_ln.weight', 'transformer.resblocks.11.Adapter.s_ln.bias', 'transformer.resblocks.11.Adapter.s_attn.conv_offset.0.weight', 'transformer.resblocks.11.Adapter.s_attn.conv_offset.0.bias', 'transformer.resblocks.11.Adapter.s_attn.conv_offset.1.norm.weight', 'transformer.resblocks.11.Adapter.s_attn.conv_offset.1.norm.bias', 'transformer.resblocks.11.Adapter.s_attn.conv_offset.3.weight', 'transformer.resblocks.11.Adapter.s_attn.proj_q.weight', 'transformer.resblocks.11.Adapter.s_attn.proj_q.bias', 'transformer.resblocks.11.Adapter.s_attn.proj_k.weight', 'transformer.resblocks.11.Adapter.s_attn.proj_k.bias', 'transformer.resblocks.11.Adapter.s_attn.proj_v.weight', 'transformer.resblocks.11.Adapter.s_attn.proj_v.bias', 'transformer.resblocks.11.Adapter.s_attn.proj_out.weight', 'transformer.resblocks.11.Adapter.s_attn.proj_out.bias', 'transformer.resblocks.11.Adapter.t_ln.weight', 'transformer.resblocks.11.Adapter.t_ln.bias', 'transformer.resblocks.11.Adapter.t_attn.conv_offset.0.weight', 'transformer.resblocks.11.Adapter.t_attn.conv_offset.0.bias', 'transformer.resblocks.11.Adapter.t_attn.conv_offset.1.norm.weight', 'transformer.resblocks.11.Adapter.t_attn.conv_offset.1.norm.bias', 'transformer.resblocks.11.Adapter.t_attn.conv_offset.3.weight', 'transformer.resblocks.11.Adapter.t_attn.proj_q.weight', 'transformer.resblocks.11.Adapter.t_attn.proj_q.bias', 'transformer.resblocks.11.Adapter.t_attn.proj_k.weight', 'transformer.resblocks.11.Adapter.t_attn.proj_k.bias', 'transformer.resblocks.11.Adapter.t_attn.proj_v.weight', 'transformer.resblocks.11.Adapter.t_attn.proj_v.bias', 'transformer.resblocks.11.Adapter.t_attn.proj_out.weight', 'transformer.resblocks.11.Adapter.t_attn.proj_out.bias', 'transformer.resblocks.11.Adapter.up.weight', 'transformer.resblocks.11.Adapter.up.bias', 'classification_layer.weight', 'classification_layer.bias', 'focus_branch.temporal_alpha', 'focus_branch.norm.weight', 'focus_branch.norm.bias', 'focus_branch.time_proj.weight', 'focus_branch.time_proj.bias', 'focus_branch.temporal.self_attn.in_proj_weight', 'focus_branch.temporal.self_attn.in_proj_bias', 'focus_branch.temporal.self_attn.out_proj.weight', 'focus_branch.temporal.self_attn.out_proj.bias', 'focus_branch.temporal.linear1.weight', 'focus_branch.temporal.linear1.bias', 'focus_branch.temporal.linear2.weight', 'focus_branch.temporal.linear2.bias', 'focus_branch.temporal.norm1.weight', 'focus_branch.temporal.norm1.bias', 'focus_branch.temporal.norm2.weight', 'focus_branch.temporal.norm2.bias', 'focus_branch.gate.0.weight', 'focus_branch.gate.0.bias', 'focus_branch.gate.2.weight', 'focus_branch.gate.2.bias', 'multi_velocity_matcher.velocity_logits', 'multi_velocity_matcher.motion_norm.weight', 'multi_velocity_matcher.motion_norm.bias', 'multi_velocity_matcher.motion_projection.0.weight', 'multi_velocity_matcher.motion_projection.0.bias', 'multi_velocity_matcher.motion_projection.3.weight', 'multi_velocity_matcher.motion_projection.3.bias']
[09/07 15:34:56][INFO] models.base.adapter: 1078: Unexpected keys: []
[09/07 15:34:56][INFO] models.base.adapter: 1079: => loaded successfully 'ViT-B/16'
[09/07 15:34:56][INFO] models.base.adapter: 1086: init:  transformer.resblocks.0.Adapter.up
[09/07 15:34:56][INFO] models.base.adapter: 1086: init:  transformer.resblocks.1.Adapter.up
[09/07 15:34:56][INFO] models.base.adapter: 1086: init:  transformer.resblocks.2.Adapter.up
[09/07 15:34:56][INFO] models.base.adapter: 1086: init:  transformer.resblocks.3.Adapter.up
[09/07 15:34:56][INFO] models.base.adapter: 1086: init:  transformer.resblocks.4.Adapter.up
[09/07 15:34:56][INFO] models.base.adapter: 1086: init:  transformer.resblocks.5.Adapter.up
[09/07 15:34:56][INFO] models.base.adapter: 1086: init:  transformer.resblocks.6.Adapter.up
[09/07 15:34:56][INFO] models.base.adapter: 1086: init:  transformer.resblocks.7.Adapter.up
[09/07 15:34:56][INFO] models.base.adapter: 1086: init:  transformer.resblocks.8.Adapter.up
[09/07 15:34:56][INFO] models.base.adapter: 1086: init:  transformer.resblocks.9.Adapter.up
[09/07 15:34:56][INFO] models.base.adapter: 1086: init:  transformer.resblocks.10.Adapter.up
[09/07 15:34:56][INFO] models.base.adapter: 1086: init:  transformer.resblocks.11.Adapter.up
[09/07 15:34:56][INFO] train_net_few_shot:  308: Model:
BaseVideoModel(
  (model): ViT_CLIP(
    (conv1): Conv2d(3, 768, kernel_size=(16, 16), stride=(16, 16), bias=False)
    (ln_pre): LayerNorm((768,), eps=1e-05, elementwise_affine=True, bias=True)
    (transformer): Transformer(
      (resblocks): ModuleList(
        (0-11): 12 x ResidualAttentionBlock(
          (ln_1): LayerNorm((768,), eps=1e-05, elementwise_affine=True, bias=True)
          (attn): MultiheadAttention(
            (out_proj): NonDynamicallyQuantizableLinear(in_features=768, out_features=768, bias=True)
          )
          (ln_2): LayerNorm((768,), eps=1e-05, elementwise_affine=True, bias=True)
          (mlp): Sequential(
            (c_fc): Linear(in_features=768, out_features=3072, bias=True)
            (gelu): QuickGELU()
            (c_proj): Linear(in_features=3072, out_features=768, bias=True)
          )
          (Adapter): ViT_D2ST_Adapter(
            (down): Linear(in_features=768, out_features=192, bias=True)
            (gelu1): GELU(approximate='none')
            (pos_embed): Conv3d(192, 192, kernel_size=(3, 3, 3), stride=(1, 1, 1), padding=(1, 1, 1), groups=192)
            (s_ln): LayerNorm((192,), eps=1e-05, elementwise_affine=True, bias=True)
            (s_attn): ViT_DeformAttention(
              (conv_offset): Sequential(
                (0): Conv3d(48, 48, kernel_size=(4, 5, 5), stride=(4, 3, 3), groups=48)
                (1): LayerNormProxy(
                  (norm): LayerNorm((48,), eps=1e-05, elementwise_affine=True, bias=True)
                )
                (2): GELU(approximate='none')
                (3): Conv3d(48, 3, kernel_size=(1, 1, 1), stride=(1, 1, 1), bias=False)
              )
              (proj_q): Linear(in_features=192, out_features=192, bias=True)
              (proj_k): Linear(in_features=192, out_features=192, bias=True)
              (proj_v): Linear(in_features=192, out_features=192, bias=True)
              (proj_out): Linear(in_features=192, out_features=192, bias=True)
            )
            (t_ln): LayerNorm((192,), eps=1e-05, elementwise_affine=True, bias=True)
            (t_attn): ViT_DeformAttention(
              (conv_offset): Sequential(
                (0): Conv3d(48, 48, kernel_size=(1, 7, 7), stride=(1, 7, 7), groups=48)
                (1): LayerNormProxy(
                  (norm): LayerNorm((48,), eps=1e-05, elementwise_affine=True, bias=True)
                )
                (2): GELU(approximate='none')
                (3): Conv3d(48, 3, kernel_size=(1, 1, 1), stride=(1, 1, 1), bias=False)
              )
              (proj_q): Linear(in_features=192, out_features=192, bias=True)
              (proj_k): Linear(in_features=192, out_features=192, bias=True)
              (proj_v): Linear(in_features=192, out_features=192, bias=True)
              (proj_out): Linear(in_features=192, out_features=192, bias=True)
            )
            (gelu): GELU(approximate='none')
            (up): Linear(in_features=192, out_features=768, bias=True)
            (gelu2): GELU(approximate='none')
          )
        )
      )
    )
    (ln_post): LayerNorm((768,), eps=1e-05, elementwise_affine=True, bias=True)
    (classification_layer): Linear(in_features=768, out_features=64, bias=True)
    (focus_branch): D2STFocusResidual(
      (norm): LayerNorm((768,), eps=1e-05, elementwise_affine=True, bias=True)
      (time_proj): Linear(in_features=1, out_features=768, bias=True)
      (temporal): TransformerEncoderLayer(
        (self_attn): MultiheadAttention(
          (out_proj): NonDynamicallyQuantizableLinear(in_features=768, out_features=768, bias=True)
        )
        (linear1): Linear(in_features=768, out_features=1536, bias=True)
        (dropout): Dropout(p=0.1, inplace=False)
        (linear2): Linear(in_features=1536, out_features=768, bias=True)
        (norm1): LayerNorm((768,), eps=1e-05, elementwise_affine=True, bias=True)
        (norm2): LayerNorm((768,), eps=1e-05, elementwise_affine=True, bias=True)
        (dropout1): Dropout(p=0.1, inplace=False)
        (dropout2): Dropout(p=0.1, inplace=False)
      )
      (gate): Sequential(
        (0): Linear(in_features=768, out_features=48, bias=True)
        (1): GELU(approximate='none')
        (2): Linear(in_features=48, out_features=1, bias=True)
      )
    )
    (multi_velocity_matcher): D2STMultiVelocityMatcher(
      (motion_norm): LayerNorm((768,), eps=1e-05, elementwise_affine=True, bias=True)
      (motion_projection): Sequential(
        (0): Linear(in_features=768, out_features=192, bias=True)
        (1): GELU(approximate='none')
        (2): Dropout(p=0.1, inplace=False)
        (3): Linear(in_features=192, out_features=768, bias=True)
      )
    )
  )
)
[09/07 15:34:56][INFO] models.utils.optimizer:   82: Optimized parameters constructed. Parameters without weight decay: []
[09/07 15:34:56][INFO] datasets.base.few_shot_dataset:   97: Reading video list from file: train_few_shot.txt
[09/07 15:34:56][INFO] datasets.base.few_shot_dataset:  127: Loading SSv2-Full dataset list for split 'train'...
[09/07 15:34:56][INFO] datasets.base.few_shot_dataset:   47: loaded 67013 videos from train dataset: SSv2-Full !
[09/07 15:34:56][INFO] datasets.base.few_shot_dataset:  153: Dataset SSv2-Full split train loaded. Length 67013.
[09/07 15:34:56][INFO] datasets.base.few_shot_dataset:   97: Reading video list from file: test_few_shot.txt
[09/07 15:34:56][INFO] datasets.base.few_shot_dataset:  127: Loading SSv2-Full dataset list for split 'test'...
[09/07 15:34:56][INFO] datasets.base.few_shot_dataset:   47: loaded 2857 videos from test dataset: SSv2-Full !
[09/07 15:34:56][INFO] datasets.base.few_shot_dataset:  153: Dataset SSv2-Full split test loaded. Length 2857.
[09/07 15:34:56][INFO] train_net_few_shot:  330: Start epoch: 1
[09/07 15:34:56][INFO] train_net_few_shot:  363: Number of total parameters: 98193574, tunable parameters: 12396454
[09/07 15:34:56][INFO] train_net_few_shot:   89: Norm training: True
[09/07 15:34:56][INFO] train_net_few_shot:  107: Gradient accumulation: steps=4, normalize=False
[09/07 15:36:22][INFO] utils.logging:   91: {"_type": "train_iter", "iter": "200/30000", "loss": 9.813251, "lr": 0.000253, "top1_acc": 35.399999}
[09/07 15:37:46][INFO] utils.logging:   91: {"_type": "train_iter", "iter": "400/30000", "loss": 9.168393, "lr": 0.000306, "top1_acc": 43.500000}
[09/07 15:39:09][INFO] utils.logging:   91: {"_type": "train_iter", "iter": "600/30000", "loss": 8.315977, "lr": 0.000360, "top1_acc": 46.200000}
[09/07 15:39:20][INFO] datasets.base.few_shot_dataset:  420: Error at decoding. Vid index: 54100, Vid path: /mnt/data/yanyi2025/lrc/action_data/ssv2/videos/videos/96464.webm
[09/07 15:40:33][INFO] utils.logging:   91: {"_type": "train_iter", "iter": "800/30000", "loss": 7.549382, "lr": 0.000413, "top1_acc": 49.700000}
[09/07 15:41:42][INFO] datasets.base.few_shot_dataset:  500: Error at decoding. Vid index: 54100, Vid path: /mnt/data/yanyi2025/lrc/action_data/ssv2/videos/videos/96464.webm
[09/07 15:41:57][INFO] utils.logging:   91: {"_type": "train_iter", "iter": "1000/30000", "loss": 7.101856, "lr": 0.000466, "top1_acc": 53.700000}
[09/07 15:43:21][INFO] utils.logging:   91: {"_type": "train_iter", "iter": "1200/30000", "loss": 6.403851, "lr": 0.000520, "top1_acc": 56.800001}
[09/07 15:44:45][INFO] utils.logging:   91: {"_type": "train_iter", "iter": "1400/30000", "loss": 6.042236, "lr": 0.000573, "top1_acc": 60.000001}
[09/07 15:46:09][INFO] utils.logging:   91: {"_type": "train_iter", "iter": "1600/30000", "loss": 5.843180, "lr": 0.000626, "top1_acc": 60.200001}
[09/07 15:47:33][INFO] utils.logging:   91: {"_type": "train_iter", "iter": "1800/30000", "loss": 5.742467, "lr": 0.000680, "top1_acc": 62.300001}
[09/07 15:48:57][INFO] utils.logging:   91: {"_type": "train_iter", "iter": "2000/30000", "loss": 5.524009, "lr": 0.000733, "top1_acc": 63.100001}
[09/07 15:50:20][INFO] utils.logging:   91: {"_type": "train_iter", "iter": "2200/30000", "loss": 5.642848, "lr": 0.000786, "top1_acc": 58.900001}
[09/07 15:51:44][INFO] utils.logging:   91: {"_type": "train_iter", "iter": "2400/30000", "loss": 5.418502, "lr": 0.000840, "top1_acc": 60.000001}
[09/07 15:53:08][INFO] utils.logging:   91: {"_type": "train_iter", "iter": "2600/30000", "loss": 5.068015, "lr": 0.000893, "top1_acc": 64.200001}
[09/07 15:54:32][INFO] utils.logging:   91: {"_type": "train_iter", "iter": "2800/30000", "loss": 5.052281, "lr": 0.000946, "top1_acc": 63.100001}
[09/07 15:55:56][INFO] utils.logging:   91: {"_type": "train_iter", "iter": "3000/30000", "loss": 4.622020, "lr": 0.001000, "top1_acc": 63.100001}
[09/07 15:57:20][INFO] utils.logging:   91: {"_type": "train_iter", "iter": "3200/30000", "loss": 4.673183, "lr": 0.001000, "top1_acc": 66.000001}
[09/07 15:58:43][INFO] utils.logging:   91: {"_type": "train_iter", "iter": "3400/30000", "loss": 4.774524, "lr": 0.001000, "top1_acc": 65.300001}
[09/07 16:00:07][INFO] utils.logging:   91: {"_type": "train_iter", "iter": "3600/30000", "loss": 4.478744, "lr": 0.001000, "top1_acc": 64.900001}
[09/07 16:01:31][INFO] utils.logging:   91: {"_type": "train_iter", "iter": "3800/30000", "loss": 4.261873, "lr": 0.001000, "top1_acc": 70.400002}
[09/07 16:02:55][INFO] utils.logging:   91: {"_type": "train_iter", "iter": "4000/30000", "loss": 4.165562, "lr": 0.001000, "top1_acc": 68.800001}
[09/07 16:04:19][INFO] utils.logging:   91: {"_type": "train_iter", "iter": "4200/30000", "loss": 4.128298, "lr": 0.001000, "top1_acc": 71.300001}
[09/07 16:05:43][INFO] utils.logging:   91: {"_type": "train_iter", "iter": "4400/30000", "loss": 3.961995, "lr": 0.001000, "top1_acc": 69.200001}
[09/07 16:07:07][INFO] utils.logging:   91: {"_type": "train_iter", "iter": "4600/30000", "loss": 4.225538, "lr": 0.001000, "top1_acc": 68.700001}
[09/07 16:08:30][INFO] utils.logging:   91: {"_type": "train_iter", "iter": "4800/30000", "loss": 3.899853, "lr": 0.001000, "top1_acc": 70.300001}
[09/07 16:09:54][INFO] utils.logging:   91: {"_type": "train_iter", "iter": "5000/30000", "loss": 3.772934, "lr": 0.001000, "top1_acc": 70.000001}
[09/07 16:11:18][INFO] utils.logging:   91: {"_type": "train_iter", "iter": "5200/30000", "loss": 3.533768, "lr": 0.001000, "top1_acc": 71.600001}
[09/07 16:12:42][INFO] utils.logging:   91: {"_type": "train_iter", "iter": "5400/30000", "loss": 3.720208, "lr": 0.001000, "top1_acc": 71.200001}
[09/07 16:14:06][INFO] utils.logging:   91: {"_type": "train_iter", "iter": "5600/30000", "loss": 3.530187, "lr": 0.001000, "top1_acc": 72.300001}
[09/07 16:15:30][INFO] utils.logging:   91: {"_type": "train_iter", "iter": "5800/30000", "loss": 3.303510, "lr": 0.001000, "top1_acc": 73.200001}
[09/07 16:16:53][INFO] utils.logging:   91: {"_type": "train_iter", "iter": "6000/30000", "loss": 3.512803, "lr": 0.001000, "top1_acc": 75.100001}
[09/07 16:18:17][INFO] utils.logging:   91: {"_type": "train_iter", "iter": "6200/30000", "loss": 3.417991, "lr": 0.001000, "top1_acc": 75.500001}
[09/07 16:19:41][INFO] utils.logging:   91: {"_type": "train_iter", "iter": "6400/30000", "loss": 3.484356, "lr": 0.001000, "top1_acc": 73.200002}
[09/07 16:21:05][INFO] utils.logging:   91: {"_type": "train_iter", "iter": "6600/30000", "loss": 3.214193, "lr": 0.001000, "top1_acc": 75.100002}
[09/07 16:22:29][INFO] utils.logging:   91: {"_type": "train_iter", "iter": "6800/30000", "loss": 3.081403, "lr": 0.001000, "top1_acc": 75.300001}
[09/07 16:23:53][INFO] utils.logging:   91: {"_type": "train_iter", "iter": "7000/30000", "loss": 2.978273, "lr": 0.001000, "top1_acc": 77.900001}
[09/07 16:25:17][INFO] utils.logging:   91: {"_type": "train_iter", "iter": "7200/30000", "loss": 3.143016, "lr": 0.001000, "top1_acc": 74.800001}
[09/07 16:26:41][INFO] utils.logging:   91: {"_type": "train_iter", "iter": "7400/30000", "loss": 2.907249, "lr": 0.001000, "top1_acc": 78.000001}
[09/07 16:28:04][INFO] utils.logging:   91: {"_type": "train_iter", "iter": "7600/30000", "loss": 3.050362, "lr": 0.001000, "top1_acc": 73.500001}
[09/07 16:29:28][INFO] utils.logging:   91: {"_type": "train_iter", "iter": "7800/30000", "loss": 2.854767, "lr": 0.001000, "top1_acc": 79.000002}
[09/07 16:30:52][INFO] utils.logging:   91: {"_type": "train_iter", "iter": "8000/30000", "loss": 3.111045, "lr": 0.001000, "top1_acc": 77.700001}
[09/07 16:32:16][INFO] utils.logging:   91: {"_type": "train_iter", "iter": "8200/30000", "loss": 2.706877, "lr": 0.001000, "top1_acc": 79.300001}
[09/07 16:33:40][INFO] utils.logging:   91: {"_type": "train_iter", "iter": "8400/30000", "loss": 2.834243, "lr": 0.001000, "top1_acc": 78.700001}
[09/07 16:35:04][INFO] utils.logging:   91: {"_type": "train_iter", "iter": "8600/30000", "loss": 2.767988, "lr": 0.001000, "top1_acc": 77.200001}
[09/07 16:36:27][INFO] utils.logging:   91: {"_type": "train_iter", "iter": "8800/30000", "loss": 2.760288, "lr": 0.001000, "top1_acc": 77.600002}
[09/07 16:37:51][INFO] utils.logging:   91: {"_type": "train_iter", "iter": "9000/30000", "loss": 2.921985, "lr": 0.001000, "top1_acc": 78.600002}
[09/07 16:39:15][INFO] utils.logging:   91: {"_type": "train_iter", "iter": "9200/30000", "loss": 2.531985, "lr": 0.001000, "top1_acc": 78.500001}
[09/07 16:40:17][WARNING] datasets.base.few_shot_dataset:  251: Error at decoding. 1/5. Vid index: [1312, 1189], Vid path: 7
[09/07 16:40:39][INFO] utils.logging:   91: {"_type": "train_iter", "iter": "9400/30000", "loss": 2.923910, "lr": 0.001000, "top1_acc": 76.000001}
[09/07 16:42:03][INFO] utils.logging:   91: {"_type": "train_iter", "iter": "9600/30000", "loss": 2.797452, "lr": 0.001000, "top1_acc": 79.100001}
[09/07 16:43:26][INFO] utils.logging:   91: {"_type": "train_iter", "iter": "9800/30000", "loss": 2.805662, "lr": 0.001000, "top1_acc": 77.700001}
[09/07 16:44:55][INFO] datasets.base.few_shot_dataset:  420: Error at decoding. Vid index: 2581, Vid path: /mnt/data/yanyi2025/lrc/action_data/ssv2/videos/videos/113474.webm
[09/07 16:45:03][INFO] datasets.base.few_shot_dataset:  420: Error at decoding. Vid index: 2581, Vid path: /mnt/data/yanyi2025/lrc/action_data/ssv2/videos/videos/113474.webm
[09/07 16:45:15][INFO] utils.logging:   91: {"_type": "val_iter", "gpu_mem": "1.86 GB", "iter": "200/10000", "top1_acc": 62.100001}
[09/07 16:45:38][INFO] utils.logging:   91: {"_type": "val_iter", "gpu_mem": "1.86 GB", "iter": "400/10000", "top1_acc": 59.500001}
[09/07 16:46:02][WARNING] datasets.base.few_shot_dataset:  251: Error at decoding. 1/5. Vid index: [185, 182], Vid path: 9
[09/07 16:46:02][INFO] utils.logging:   91: {"_type": "val_iter", "gpu_mem": "1.86 GB", "iter": "600/10000", "top1_acc": 58.000001}
[09/07 16:46:26][INFO] utils.logging:   91: {"_type": "val_iter", "gpu_mem": "1.86 GB", "iter": "800/10000", "top1_acc": 61.500001}
[09/07 16:46:50][INFO] utils.logging:   91: {"_type": "val_iter", "gpu_mem": "1.86 GB", "iter": "1000/10000", "top1_acc": 61.100001}
[09/07 16:47:08][WARNING] datasets.base.few_shot_dataset:  251: Error at decoding. 1/5. Vid index: [64, 185], Vid path: 9
[09/07 16:47:14][INFO] utils.logging:   91: {"_type": "val_iter", "gpu_mem": "1.86 GB", "iter": "1200/10000", "top1_acc": 60.100001}
[09/07 16:47:38][INFO] utils.logging:   91: {"_type": "val_iter", "gpu_mem": "1.86 GB", "iter": "1400/10000", "top1_acc": 60.100001}
[09/07 16:48:02][INFO] utils.logging:   91: {"_type": "val_iter", "gpu_mem": "1.86 GB", "iter": "1600/10000", "top1_acc": 59.300001}
[09/07 16:48:26][INFO] utils.logging:   91: {"_type": "val_iter", "gpu_mem": "1.86 GB", "iter": "1800/10000", "top1_acc": 59.800001}
[09/07 16:48:50][INFO] utils.logging:   91: {"_type": "val_iter", "gpu_mem": "1.86 GB", "iter": "2000/10000", "top1_acc": 60.800001}
[09/07 16:49:08][INFO] datasets.base.few_shot_dataset:  420: Error at decoding. Vid index: 2581, Vid path: /mnt/data/yanyi2025/lrc/action_data/ssv2/videos/videos/113474.webm
[09/07 16:49:14][INFO] utils.logging:   91: {"_type": "val_iter", "gpu_mem": "1.86 GB", "iter": "2200/10000", "top1_acc": 59.300001}
[09/07 16:49:33][WARNING] datasets.base.few_shot_dataset:  251: Error at decoding. 1/5. Vid index: [86, 185], Vid path: 9
[09/07 16:49:38][INFO] utils.logging:   91: {"_type": "val_iter", "gpu_mem": "1.86 GB", "iter": "2400/10000", "top1_acc": 58.500001}
[09/07 16:50:02][INFO] utils.logging:   91: {"_type": "val_iter", "gpu_mem": "1.86 GB", "iter": "2600/10000", "top1_acc": 59.800001}
[09/07 16:50:26][INFO] utils.logging:   91: {"_type": "val_iter", "gpu_mem": "1.86 GB", "iter": "2800/10000", "top1_acc": 61.800001}
[09/07 16:50:50][INFO] utils.logging:   91: {"_type": "val_iter", "gpu_mem": "1.86 GB", "iter": "3000/10000", "top1_acc": 61.300001}
[09/07 16:51:14][INFO] utils.logging:   91: {"_type": "val_iter", "gpu_mem": "1.86 GB", "iter": "3200/10000", "top1_acc": 58.900001}
[09/07 16:51:38][INFO] utils.logging:   91: {"_type": "val_iter", "gpu_mem": "1.86 GB", "iter": "3400/10000", "top1_acc": 61.800001}
[09/07 16:51:52][WARNING] datasets.base.few_shot_dataset:  251: Error at decoding. 1/5. Vid index: [185, 52], Vid path: 9
[09/07 16:52:02][INFO] utils.logging:   91: {"_type": "val_iter", "gpu_mem": "1.86 GB", "iter": "3600/10000", "top1_acc": 57.700001}
[09/07 16:52:26][INFO] utils.logging:   91: {"_type": "val_iter", "gpu_mem": "1.86 GB", "iter": "3800/10000", "top1_acc": 58.100001}
[09/07 16:52:45][WARNING] datasets.base.few_shot_dataset:  251: Error at decoding. 1/5. Vid index: [116, 185], Vid path: 9
[09/07 16:52:50][INFO] utils.logging:   91: {"_type": "val_iter", "gpu_mem": "1.86 GB", "iter": "4000/10000", "top1_acc": 62.800001}
[09/07 16:53:12][INFO] datasets.base.few_shot_dataset:  420: Error at decoding. Vid index: 2581, Vid path: /mnt/data/yanyi2025/lrc/action_data/ssv2/videos/videos/113474.webm
[09/07 16:53:14][INFO] utils.logging:   91: {"_type": "val_iter", "gpu_mem": "1.86 GB", "iter": "4200/10000", "top1_acc": 60.500001}
[09/07 16:53:38][INFO] utils.logging:   91: {"_type": "val_iter", "gpu_mem": "1.86 GB", "iter": "4400/10000", "top1_acc": 61.700002}
[09/07 16:54:02][INFO] utils.logging:   91: {"_type": "val_iter", "gpu_mem": "1.86 GB", "iter": "4600/10000", "top1_acc": 60.100001}
[09/07 16:54:26][INFO] utils.logging:   91: {"_type": "val_iter", "gpu_mem": "1.86 GB", "iter": "4800/10000", "top1_acc": 59.900001}
[09/07 16:54:50][INFO] utils.logging:   91: {"_type": "val_iter", "gpu_mem": "1.86 GB", "iter": "5000/10000", "top1_acc": 60.200001}
[09/07 16:55:06][WARNING] datasets.base.few_shot_dataset:  251: Error at decoding. 1/5. Vid index: [179, 185], Vid path: 9
[09/07 16:55:10][WARNING] datasets.base.few_shot_dataset:  251: Error at decoding. 1/5. Vid index: [185, 88], Vid path: 9
[09/07 16:55:14][INFO] utils.logging:   91: {"_type": "val_iter", "gpu_mem": "1.86 GB", "iter": "5200/10000", "top1_acc": 60.900001}
[09/07 16:55:38][INFO] utils.logging:   91: {"_type": "val_iter", "gpu_mem": "1.86 GB", "iter": "5400/10000", "top1_acc": 60.100001}
[09/07 16:56:02][INFO] utils.logging:   91: {"_type": "val_iter", "gpu_mem": "1.86 GB", "iter": "5600/10000", "top1_acc": 57.700001}
[09/07 16:56:12][WARNING] datasets.base.few_shot_dataset:  251: Error at decoding. 1/5. Vid index: [159, 185], Vid path: 9
[09/07 16:56:26][INFO] utils.logging:   91: {"_type": "val_iter", "gpu_mem": "1.86 GB", "iter": "5800/10000", "top1_acc": 60.400001}
[09/07 16:56:50][INFO] utils.logging:   91: {"_type": "val_iter", "gpu_mem": "1.86 GB", "iter": "6000/10000", "top1_acc": 60.700001}
[09/07 16:57:14][INFO] utils.logging:   91: {"_type": "val_iter", "gpu_mem": "1.86 GB", "iter": "6200/10000", "top1_acc": 63.600001}
[09/07 16:57:38][INFO] utils.logging:   91: {"_type": "val_iter", "gpu_mem": "1.86 GB", "iter": "6400/10000", "top1_acc": 62.400001}
[09/07 16:58:02][INFO] utils.logging:   91: {"_type": "val_iter", "gpu_mem": "1.86 GB", "iter": "6600/10000", "top1_acc": 61.200001}
[09/07 16:58:26][INFO] utils.logging:   91: {"_type": "val_iter", "gpu_mem": "1.86 GB", "iter": "6800/10000", "top1_acc": 60.700001}
[09/07 16:58:50][INFO] utils.logging:   91: {"_type": "val_iter", "gpu_mem": "1.86 GB", "iter": "7000/10000", "top1_acc": 63.500001}
[09/07 16:59:14][INFO] utils.logging:   91: {"_type": "val_iter", "gpu_mem": "1.86 GB", "iter": "7200/10000", "top1_acc": 59.700001}
[09/07 16:59:38][INFO] utils.logging:   91: {"_type": "val_iter", "gpu_mem": "1.86 GB", "iter": "7400/10000", "top1_acc": 60.800001}
[09/07 17:00:02][INFO] utils.logging:   91: {"_type": "val_iter", "gpu_mem": "1.86 GB", "iter": "7600/10000", "top1_acc": 62.100001}
[09/07 17:00:26][INFO] utils.logging:   91: {"_type": "val_iter", "gpu_mem": "1.86 GB", "iter": "7800/10000", "top1_acc": 57.200001}
[09/07 17:00:50][INFO] utils.logging:   91: {"_type": "val_iter", "gpu_mem": "1.86 GB", "iter": "8000/10000", "top1_acc": 60.000001}
[09/07 17:01:14][INFO] utils.logging:   91: {"_type": "val_iter", "gpu_mem": "1.86 GB", "iter": "8200/10000", "top1_acc": 61.500001}
[09/07 17:01:38][INFO] utils.logging:   91: {"_type": "val_iter", "gpu_mem": "1.86 GB", "iter": "8400/10000", "top1_acc": 60.200001}
[09/07 17:02:02][INFO] utils.logging:   91: {"_type": "val_iter", "gpu_mem": "1.86 GB", "iter": "8600/10000", "top1_acc": 59.700001}
[09/07 17:02:26][INFO] utils.logging:   91: {"_type": "val_iter", "gpu_mem": "1.86 GB", "iter": "8800/10000", "top1_acc": 61.800001}
[09/07 17:02:50][INFO] utils.logging:   91: {"_type": "val_iter", "gpu_mem": "1.86 GB", "iter": "9000/10000", "top1_acc": 57.300001}
[09/07 17:03:14][INFO] datasets.base.few_shot_dataset:  420: Error at decoding. Vid index: 2581, Vid path: /mnt/data/yanyi2025/lrc/action_data/ssv2/videos/videos/113474.webm
[09/07 17:03:14][INFO] utils.logging:   91: {"_type": "val_iter", "gpu_mem": "1.86 GB", "iter": "9200/10000", "top1_acc": 59.600001}
[09/07 17:03:39][INFO] utils.logging:   91: {"_type": "val_iter", "gpu_mem": "1.86 GB", "iter": "9400/10000", "top1_acc": 59.300001}
[09/07 17:03:56][WARNING] datasets.base.few_shot_dataset:  251: Error at decoding. 1/5. Vid index: [81, 185], Vid path: 9
[09/07 17:04:03][INFO] utils.logging:   91: {"_type": "val_iter", "gpu_mem": "1.86 GB", "iter": "9600/10000", "top1_acc": 63.600001}
[09/07 17:04:27][INFO] utils.logging:   91: {"_type": "val_iter", "gpu_mem": "1.86 GB", "iter": "9800/10000", "top1_acc": 59.200001}
[09/07 17:04:51][INFO] utils.logging:   91: {"_type": "val_iter", "gpu_mem": "1.86 GB", "iter": "10000/10000", "top1_acc": 59.400001}
[09/07 17:04:51][INFO] utils.logging:   91: {"RAM": "15.81/125.63 GB", "_type": "val_epoch", "epoch": "1", "gpu_mem": "1.86 GB", "top1_acc": 60.346001}
[09/07 17:04:51][INFO] train_net_few_shot:   53: Fusion weights: focus=0.080017, multi_velocity=0.038358
[09/07 17:04:51][INFO] train_net_few_shot:   73: Multi-velocity matcher: motion_delta=0.02824961021542549, velocity_weights=[0.3400000035762787, 0.6600000262260437], logit_delta=3.580106019973755
[09/07 17:04:51][INFO] train_net_few_shot:  145: New best validation accuracy: 60.3460; checkpoint=output/SSv2_Full_FOCUS_MULTI_VELOCITY/checkpoints/checkpoint_best.pyth
[09/07 17:04:51][INFO] utils.logging:   91: {"_type": "train_iter", "iter": "10000/30000", "loss": 2.620191, "lr": 0.001000, "top1_acc": 77.200001}
[09/07 17:06:15][INFO] utils.logging:   91: {"_type": "train_iter", "iter": "10200/30000", "loss": 2.800162, "lr": 0.001000, "top1_acc": 79.100001}
[09/07 17:07:39][INFO] utils.logging:   91: {"_type": "train_iter", "iter": "10400/30000", "loss": 2.416862, "lr": 0.001000, "top1_acc": 81.800001}
[09/07 17:09:03][INFO] utils.logging:   91: {"_type": "train_iter", "iter": "10600/30000", "loss": 2.414096, "lr": 0.001000, "top1_acc": 80.000001}
[09/07 17:10:27][INFO] utils.logging:   91: {"_type": "train_iter", "iter": "10800/30000", "loss": 2.478536, "lr": 0.001000, "top1_acc": 79.900002}
[09/07 17:11:51][INFO] utils.logging:   91: {"_type": "train_iter", "iter": "11000/30000", "loss": 2.374425, "lr": 0.001000, "top1_acc": 80.400001}
[09/07 17:13:15][INFO] utils.logging:   91: {"_type": "train_iter", "iter": "11200/30000", "loss": 2.393372, "lr": 0.001000, "top1_acc": 81.500001}
[09/07 17:14:38][INFO] utils.logging:   91: {"_type": "train_iter", "iter": "11400/30000", "loss": 2.628913, "lr": 0.001000, "top1_acc": 79.300001}
[09/07 17:16:02][INFO] utils.logging:   91: {"_type": "train_iter", "iter": "11600/30000", "loss": 2.325795, "lr": 0.001000, "top1_acc": 82.900001}
[09/07 17:17:26][INFO] utils.logging:   91: {"_type": "train_iter", "iter": "11800/30000", "loss": 2.532614, "lr": 0.001000, "top1_acc": 80.700001}
[09/07 17:18:50][INFO] utils.logging:   91: {"_type": "train_iter", "iter": "12000/30000", "loss": 2.207228, "lr": 0.001000, "top1_acc": 81.000001}
[09/07 17:20:14][INFO] utils.logging:   91: {"_type": "train_iter", "iter": "12200/30000", "loss": 1.983141, "lr": 0.000500, "top1_acc": 81.500001}
[09/07 17:21:38][INFO] utils.logging:   91: {"_type": "train_iter", "iter": "12400/30000", "loss": 2.040763, "lr": 0.000500, "top1_acc": 82.900001}
[09/07 17:23:02][INFO] utils.logging:   91: {"_type": "train_iter", "iter": "12600/30000", "loss": 1.977363, "lr": 0.000500, "top1_acc": 82.700001}
[09/07 17:24:25][INFO] utils.logging:   91: {"_type": "train_iter", "iter": "12800/30000", "loss": 1.826229, "lr": 0.000500, "top1_acc": 82.800001}
[09/07 17:25:49][INFO] utils.logging:   91: {"_type": "train_iter", "iter": "13000/30000", "loss": 1.644704, "lr": 0.000500, "top1_acc": 85.600001}
[09/07 17:27:13][INFO] utils.logging:   91: {"_type": "train_iter", "iter": "13200/30000", "loss": 1.797447, "lr": 0.000500, "top1_acc": 83.300001}
[09/07 17:28:37][INFO] utils.logging:   91: {"_type": "train_iter", "iter": "13400/30000", "loss": 1.690379, "lr": 0.000500, "top1_acc": 85.900001}
[09/07 17:30:01][INFO] utils.logging:   91: {"_type": "train_iter", "iter": "13600/30000", "loss": 1.747136, "lr": 0.000500, "top1_acc": 86.400001}
[09/07 17:31:25][INFO] utils.logging:   91: {"_type": "train_iter", "iter": "13800/30000", "loss": 1.717169, "lr": 0.000500, "top1_acc": 85.600001}
[09/07 17:32:49][INFO] utils.logging:   91: {"_type": "train_iter", "iter": "14000/30000", "loss": 1.650577, "lr": 0.000500, "top1_acc": 85.600001}
[09/07 17:34:12][INFO] utils.logging:   91: {"_type": "train_iter", "iter": "14200/30000", "loss": 1.582171, "lr": 0.000500, "top1_acc": 85.600001}
[09/07 17:35:36][INFO] utils.logging:   91: {"_type": "train_iter", "iter": "14400/30000", "loss": 1.681819, "lr": 0.000500, "top1_acc": 83.100001}
[09/07 17:37:00][INFO] utils.logging:   91: {"_type": "train_iter", "iter": "14600/30000", "loss": 1.628663, "lr": 0.000500, "top1_acc": 85.500001}
[09/07 17:38:24][INFO] utils.logging:   91: {"_type": "train_iter", "iter": "14800/30000", "loss": 1.529875, "lr": 0.000500, "top1_acc": 87.400001}
[09/07 17:39:48][INFO] utils.logging:   91: {"_type": "train_iter", "iter": "15000/30000", "loss": 1.537135, "lr": 0.000500, "top1_acc": 87.500001}
[09/07 17:41:12][INFO] utils.logging:   91: {"_type": "train_iter", "iter": "15200/30000", "loss": 1.745392, "lr": 0.000500, "top1_acc": 84.700001}
[09/07 17:42:35][INFO] utils.logging:   91: {"_type": "train_iter", "iter": "15400/30000", "loss": 1.556622, "lr": 0.000500, "top1_acc": 86.200001}
[09/07 17:43:59][INFO] utils.logging:   91: {"_type": "train_iter", "iter": "15600/30000", "loss": 1.475320, "lr": 0.000500, "top1_acc": 85.700001}
[09/07 17:45:23][INFO] utils.logging:   91: {"_type": "train_iter", "iter": "15800/30000", "loss": 1.521061, "lr": 0.000500, "top1_acc": 84.900001}
[09/07 17:46:47][INFO] utils.logging:   91: {"_type": "train_iter", "iter": "16000/30000", "loss": 1.413359, "lr": 0.000500, "top1_acc": 87.500001}
[09/07 17:47:30][INFO] datasets.base.few_shot_dataset:  500: Error at decoding. Vid index: 54100, Vid path: /mnt/data/yanyi2025/lrc/action_data/ssv2/videos/videos/96464.webm
[09/07 17:48:11][INFO] utils.logging:   91: {"_type": "train_iter", "iter": "16200/30000", "loss": 1.728398, "lr": 0.000500, "top1_acc": 84.600001}
[09/07 17:49:35][INFO] utils.logging:   91: {"_type": "train_iter", "iter": "16400/30000", "loss": 1.445924, "lr": 0.000500, "top1_acc": 88.500001}
[09/07 17:50:59][INFO] utils.logging:   91: {"_type": "train_iter", "iter": "16600/30000", "loss": 1.423686, "lr": 0.000500, "top1_acc": 89.200001}
[09/07 17:52:22][INFO] utils.logging:   91: {"_type": "train_iter", "iter": "16800/30000", "loss": 1.456762, "lr": 0.000500, "top1_acc": 86.600001}
[09/07 17:53:46][INFO] utils.logging:   91: {"_type": "train_iter", "iter": "17000/30000", "loss": 1.531046, "lr": 0.000500, "top1_acc": 87.900001}
[09/07 17:55:10][INFO] utils.logging:   91: {"_type": "train_iter", "iter": "17200/30000", "loss": 1.398584, "lr": 0.000500, "top1_acc": 89.100001}
[09/07 17:56:34][INFO] utils.logging:   91: {"_type": "train_iter", "iter": "17400/30000", "loss": 1.450321, "lr": 0.000500, "top1_acc": 86.900001}
[09/07 17:57:58][INFO] utils.logging:   91: {"_type": "train_iter", "iter": "17600/30000", "loss": 1.433058, "lr": 0.000500, "top1_acc": 86.500001}
[09/07 17:59:22][INFO] utils.logging:   91: {"_type": "train_iter", "iter": "17800/30000", "loss": 1.546354, "lr": 0.000500, "top1_acc": 87.300001}
[09/07 18:00:46][INFO] utils.logging:   91: {"_type": "train_iter", "iter": "18000/30000", "loss": 1.380351, "lr": 0.000500, "top1_acc": 88.800001}
[09/07 18:02:10][INFO] utils.logging:   91: {"_type": "train_iter", "iter": "18200/30000", "loss": 1.285511, "lr": 0.000100, "top1_acc": 87.300001}
[09/07 18:03:34][INFO] utils.logging:   91: {"_type": "train_iter", "iter": "18400/30000", "loss": 1.265996, "lr": 0.000100, "top1_acc": 88.600001}
[09/07 18:04:58][INFO] utils.logging:   91: {"_type": "train_iter", "iter": "18600/30000", "loss": 1.048973, "lr": 0.000100, "top1_acc": 89.500001}
[09/07 18:06:22][INFO] utils.logging:   91: {"_type": "train_iter", "iter": "18800/30000", "loss": 1.239556, "lr": 0.000100, "top1_acc": 90.500001}
[09/07 18:07:46][INFO] utils.logging:   91: {"_type": "train_iter", "iter": "19000/30000", "loss": 1.117409, "lr": 0.000100, "top1_acc": 88.600001}
[09/07 18:09:09][INFO] utils.logging:   91: {"_type": "train_iter", "iter": "19200/30000", "loss": 1.165609, "lr": 0.000100, "top1_acc": 88.800001}
[09/07 18:10:33][INFO] utils.logging:   91: {"_type": "train_iter", "iter": "19400/30000", "loss": 1.047465, "lr": 0.000100, "top1_acc": 89.300001}
[09/07 18:11:57][INFO] utils.logging:   91: {"_type": "train_iter", "iter": "19600/30000", "loss": 1.081822, "lr": 0.000100, "top1_acc": 89.900001}
[09/07 18:13:21][INFO] utils.logging:   91: {"_type": "train_iter", "iter": "19800/30000", "loss": 0.928127, "lr": 0.000100, "top1_acc": 91.700001}
[09/07 18:14:49][INFO] datasets.base.few_shot_dataset:  420: Error at decoding. Vid index: 2581, Vid path: /mnt/data/yanyi2025/lrc/action_data/ssv2/videos/videos/113474.webm
[09/07 18:14:57][INFO] datasets.base.few_shot_dataset:  420: Error at decoding. Vid index: 2581, Vid path: /mnt/data/yanyi2025/lrc/action_data/ssv2/videos/videos/113474.webm
[09/07 18:15:09][INFO] utils.logging:   91: {"_type": "val_iter", "gpu_mem": "1.86 GB", "iter": "200/10000", "top1_acc": 66.800001}
[09/07 18:15:33][INFO] utils.logging:   91: {"_type": "val_iter", "gpu_mem": "1.86 GB", "iter": "400/10000", "top1_acc": 62.600001}
[09/07 18:15:56][WARNING] datasets.base.few_shot_dataset:  251: Error at decoding. 1/5. Vid index: [185, 182], Vid path: 9
[09/07 18:15:57][INFO] utils.logging:   91: {"_type": "val_iter", "gpu_mem": "1.86 GB", "iter": "600/10000", "top1_acc": 63.800001}
[09/07 18:16:21][INFO] utils.logging:   91: {"_type": "val_iter", "gpu_mem": "1.86 GB", "iter": "800/10000", "top1_acc": 66.100001}
[09/07 18:16:45][INFO] utils.logging:   91: {"_type": "val_iter", "gpu_mem": "1.86 GB", "iter": "1000/10000", "top1_acc": 66.600001}
[09/07 18:17:03][WARNING] datasets.base.few_shot_dataset:  251: Error at decoding. 1/5. Vid index: [64, 185], Vid path: 9
[09/07 18:17:09][INFO] utils.logging:   91: {"_type": "val_iter", "gpu_mem": "1.86 GB", "iter": "1200/10000", "top1_acc": 65.300001}
[09/07 18:17:33][INFO] utils.logging:   91: {"_type": "val_iter", "gpu_mem": "1.86 GB", "iter": "1400/10000", "top1_acc": 65.900001}
[09/07 18:17:57][INFO] utils.logging:   91: {"_type": "val_iter", "gpu_mem": "1.86 GB", "iter": "1600/10000", "top1_acc": 63.400001}
[09/07 18:18:21][INFO] utils.logging:   91: {"_type": "val_iter", "gpu_mem": "1.86 GB", "iter": "1800/10000", "top1_acc": 66.700001}
[09/07 18:18:45][INFO] utils.logging:   91: {"_type": "val_iter", "gpu_mem": "1.86 GB", "iter": "2000/10000", "top1_acc": 66.700001}
[09/07 18:19:03][INFO] datasets.base.few_shot_dataset:  420: Error at decoding. Vid index: 2581, Vid path: /mnt/data/yanyi2025/lrc/action_data/ssv2/videos/videos/113474.webm
[09/07 18:19:09][INFO] utils.logging:   91: {"_type": "val_iter", "gpu_mem": "1.86 GB", "iter": "2200/10000", "top1_acc": 64.000001}
[09/07 18:19:28][WARNING] datasets.base.few_shot_dataset:  251: Error at decoding. 1/5. Vid index: [86, 185], Vid path: 9
[09/07 18:19:33][INFO] utils.logging:   91: {"_type": "val_iter", "gpu_mem": "1.86 GB", "iter": "2400/10000", "top1_acc": 63.100001}
[09/07 18:19:57][INFO] utils.logging:   91: {"_type": "val_iter", "gpu_mem": "1.86 GB", "iter": "2600/10000", "top1_acc": 63.500001}
[09/07 18:20:20][INFO] utils.logging:   91: {"_type": "val_iter", "gpu_mem": "1.86 GB", "iter": "2800/10000", "top1_acc": 65.000001}
[09/07 18:20:45][INFO] utils.logging:   91: {"_type": "val_iter", "gpu_mem": "1.86 GB", "iter": "3000/10000", "top1_acc": 65.300001}
[09/07 18:21:08][INFO] utils.logging:   91: {"_type": "val_iter", "gpu_mem": "1.86 GB", "iter": "3200/10000", "top1_acc": 63.800002}
[09/07 18:21:32][INFO] utils.logging:   91: {"_type": "val_iter", "gpu_mem": "1.86 GB", "iter": "3400/10000", "top1_acc": 66.400001}
[09/07 18:21:47][WARNING] datasets.base.few_shot_dataset:  251: Error at decoding. 1/5. Vid index: [185, 52], Vid path: 9
[09/07 18:21:56][INFO] utils.logging:   91: {"_type": "val_iter", "gpu_mem": "1.86 GB", "iter": "3600/10000", "top1_acc": 64.600001}
[09/07 18:22:20][INFO] utils.logging:   91: {"_type": "val_iter", "gpu_mem": "1.86 GB", "iter": "3800/10000", "top1_acc": 65.200001}
[09/07 18:22:40][WARNING] datasets.base.few_shot_dataset:  251: Error at decoding. 1/5. Vid index: [116, 185], Vid path: 9
[09/07 18:22:45][INFO] utils.logging:   91: {"_type": "val_iter", "gpu_mem": "1.86 GB", "iter": "4000/10000", "top1_acc": 66.600001}
[09/07 18:23:07][INFO] datasets.base.few_shot_dataset:  420: Error at decoding. Vid index: 2581, Vid path: /mnt/data/yanyi2025/lrc/action_data/ssv2/videos/videos/113474.webm
[09/07 18:23:09][INFO] utils.logging:   91: {"_type": "val_iter", "gpu_mem": "1.86 GB", "iter": "4200/10000", "top1_acc": 65.800001}
[09/07 18:23:33][INFO] utils.logging:   91: {"_type": "val_iter", "gpu_mem": "1.86 GB", "iter": "4400/10000", "top1_acc": 65.400001}
[09/07 18:23:57][INFO] utils.logging:   91: {"_type": "val_iter", "gpu_mem": "1.86 GB", "iter": "4600/10000", "top1_acc": 64.000001}
[09/07 18:24:21][INFO] utils.logging:   91: {"_type": "val_iter", "gpu_mem": "1.86 GB", "iter": "4800/10000", "top1_acc": 65.600001}
[09/07 18:24:45][INFO] utils.logging:   91: {"_type": "val_iter", "gpu_mem": "1.86 GB", "iter": "5000/10000", "top1_acc": 66.100001}
[09/07 18:25:01][WARNING] datasets.base.few_shot_dataset:  251: Error at decoding. 1/5. Vid index: [179, 185], Vid path: 9
[09/07 18:25:05][WARNING] datasets.base.few_shot_dataset:  251: Error at decoding. 1/5. Vid index: [185, 88], Vid path: 9
[09/07 18:25:09][INFO] utils.logging:   91: {"_type": "val_iter", "gpu_mem": "1.86 GB", "iter": "5200/10000", "top1_acc": 65.400001}
[09/07 18:25:33][INFO] utils.logging:   91: {"_type": "val_iter", "gpu_mem": "1.86 GB", "iter": "5400/10000", "top1_acc": 64.800001}
[09/07 18:25:57][INFO] utils.logging:   91: {"_type": "val_iter", "gpu_mem": "1.86 GB", "iter": "5600/10000", "top1_acc": 64.000001}
[09/07 18:26:07][WARNING] datasets.base.few_shot_dataset:  251: Error at decoding. 1/5. Vid index: [159, 185], Vid path: 9
[09/07 18:26:21][INFO] utils.logging:   91: {"_type": "val_iter", "gpu_mem": "1.86 GB", "iter": "5800/10000", "top1_acc": 67.200002}
[09/07 18:26:45][INFO] utils.logging:   91: {"_type": "val_iter", "gpu_mem": "1.86 GB", "iter": "6000/10000", "top1_acc": 65.100001}
[09/07 18:27:09][INFO] utils.logging:   91: {"_type": "val_iter", "gpu_mem": "1.86 GB", "iter": "6200/10000", "top1_acc": 64.000001}
[09/07 18:27:33][INFO] utils.logging:   91: {"_type": "val_iter", "gpu_mem": "1.86 GB", "iter": "6400/10000", "top1_acc": 64.000001}
[09/07 18:27:57][INFO] utils.logging:   91: {"_type": "val_iter", "gpu_mem": "1.86 GB", "iter": "6600/10000", "top1_acc": 66.700001}
[09/07 18:28:21][INFO] utils.logging:   91: {"_type": "val_iter", "gpu_mem": "1.86 GB", "iter": "6800/10000", "top1_acc": 66.300001}
[09/07 18:28:45][INFO] utils.logging:   91: {"_type": "val_iter", "gpu_mem": "1.86 GB", "iter": "7000/10000", "top1_acc": 66.800001}
[09/07 18:29:09][INFO] utils.logging:   91: {"_type": "val_iter", "gpu_mem": "1.86 GB", "iter": "7200/10000", "top1_acc": 63.500001}
[09/07 18:29:33][INFO] utils.logging:   91: {"_type": "val_iter", "gpu_mem": "1.86 GB", "iter": "7400/10000", "top1_acc": 65.700001}
[09/07 18:29:57][INFO] utils.logging:   91: {"_type": "val_iter", "gpu_mem": "1.86 GB", "iter": "7600/10000", "top1_acc": 68.100001}
[09/07 18:30:21][INFO] utils.logging:   91: {"_type": "val_iter", "gpu_mem": "1.86 GB", "iter": "7800/10000", "top1_acc": 63.300001}
[09/07 18:30:45][INFO] utils.logging:   91: {"_type": "val_iter", "gpu_mem": "1.86 GB", "iter": "8000/10000", "top1_acc": 66.100001}
[09/07 18:31:09][INFO] utils.logging:   91: {"_type": "val_iter", "gpu_mem": "1.86 GB", "iter": "8200/10000", "top1_acc": 66.300001}
[09/07 18:31:33][INFO] utils.logging:   91: {"_type": "val_iter", "gpu_mem": "1.86 GB", "iter": "8400/10000", "top1_acc": 63.900001}
[09/07 18:31:57][INFO] utils.logging:   91: {"_type": "val_iter", "gpu_mem": "1.86 GB", "iter": "8600/10000", "top1_acc": 64.500001}
[09/07 18:32:21][INFO] utils.logging:   91: {"_type": "val_iter", "gpu_mem": "1.86 GB", "iter": "8800/10000", "top1_acc": 65.500001}
[09/07 18:32:45][INFO] utils.logging:   91: {"_type": "val_iter", "gpu_mem": "1.86 GB", "iter": "9000/10000", "top1_acc": 63.500001}
[09/07 18:33:09][INFO] datasets.base.few_shot_dataset:  420: Error at decoding. Vid index: 2581, Vid path: /mnt/data/yanyi2025/lrc/action_data/ssv2/videos/videos/113474.webm
[09/07 18:33:09][INFO] utils.logging:   91: {"_type": "val_iter", "gpu_mem": "1.86 GB", "iter": "9200/10000", "top1_acc": 66.900001}
[09/07 18:33:33][INFO] utils.logging:   91: {"_type": "val_iter", "gpu_mem": "1.86 GB", "iter": "9400/10000", "top1_acc": 67.100001}
[09/07 18:33:51][WARNING] datasets.base.few_shot_dataset:  251: Error at decoding. 1/5. Vid index: [81, 185], Vid path: 9
[09/07 18:33:57][INFO] utils.logging:   91: {"_type": "val_iter", "gpu_mem": "1.86 GB", "iter": "9600/10000", "top1_acc": 67.700001}
[09/07 18:34:22][INFO] utils.logging:   91: {"_type": "val_iter", "gpu_mem": "1.86 GB", "iter": "9800/10000", "top1_acc": 64.400001}
[09/07 18:34:46][INFO] utils.logging:   91: {"_type": "val_iter", "gpu_mem": "1.86 GB", "iter": "10000/10000", "top1_acc": 65.400001}
[09/07 18:34:46][INFO] utils.logging:   91: {"RAM": "15.87/125.63 GB", "_type": "val_epoch", "epoch": "2", "gpu_mem": "1.86 GB", "top1_acc": 65.290001}
[09/07 18:34:46][INFO] train_net_few_shot:   53: Fusion weights: focus=0.090414, multi_velocity=0.031343
[09/07 18:34:46][INFO] train_net_few_shot:   73: Multi-velocity matcher: motion_delta=0.028311792761087418, velocity_weights=[0.4196949601173401, 0.5803050398826599], logit_delta=4.524518966674805
[09/07 18:34:48][INFO] train_net_few_shot:  145: New best validation accuracy: 65.2900; checkpoint=output/SSv2_Full_FOCUS_MULTI_VELOCITY/checkpoints/checkpoint_best.pyth
[09/07 18:34:48][INFO] utils.logging:   91: {"_type": "train_iter", "iter": "20000/30000", "loss": 1.129970, "lr": 0.000100, "top1_acc": 89.400001}
[09/07 18:36:12][INFO] utils.logging:   91: {"_type": "train_iter", "iter": "20200/30000", "loss": 1.035743, "lr": 0.000100, "top1_acc": 90.300001}
[09/07 18:37:36][INFO] utils.logging:   91: {"_type": "train_iter", "iter": "20400/30000", "loss": 0.959475, "lr": 0.000100, "top1_acc": 90.500001}
[09/07 18:39:00][INFO] utils.logging:   91: {"_type": "train_iter", "iter": "20600/30000", "loss": 1.094901, "lr": 0.000100, "top1_acc": 90.000001}
[09/07 18:40:24][INFO] utils.logging:   91: {"_type": "train_iter", "iter": "20800/30000", "loss": 1.041294, "lr": 0.000100, "top1_acc": 88.900001}
[09/07 18:41:48][INFO] utils.logging:   91: {"_type": "train_iter", "iter": "21000/30000", "loss": 1.095580, "lr": 0.000100, "top1_acc": 89.100001}
[09/07 18:43:12][INFO] utils.logging:   91: {"_type": "train_iter", "iter": "21200/30000", "loss": 1.151385, "lr": 0.000100, "top1_acc": 90.200001}
[09/07 18:44:35][INFO] utils.logging:   91: {"_type": "train_iter", "iter": "21400/30000", "loss": 1.125313, "lr": 0.000100, "top1_acc": 89.600001}
[09/07 18:45:59][INFO] utils.logging:   91: {"_type": "train_iter", "iter": "21600/30000", "loss": 0.999179, "lr": 0.000100, "top1_acc": 90.900001}
[09/07 18:47:23][INFO] utils.logging:   91: {"_type": "train_iter", "iter": "21800/30000", "loss": 1.005007, "lr": 0.000100, "top1_acc": 90.400001}
[09/07 18:48:47][INFO] utils.logging:   91: {"_type": "train_iter", "iter": "22000/30000", "loss": 0.942623, "lr": 0.000100, "top1_acc": 89.200001}
[09/07 18:50:11][INFO] utils.logging:   91: {"_type": "train_iter", "iter": "22200/30000", "loss": 1.106910, "lr": 0.000100, "top1_acc": 87.700001}
[09/07 18:51:35][INFO] utils.logging:   91: {"_type": "train_iter", "iter": "22400/30000", "loss": 1.025795, "lr": 0.000100, "top1_acc": 90.400001}
[09/07 18:52:59][INFO] utils.logging:   91: {"_type": "train_iter", "iter": "22600/30000", "loss": 1.008023, "lr": 0.000100, "top1_acc": 89.800001}
[09/07 18:54:23][INFO] utils.logging:   91: {"_type": "train_iter", "iter": "22800/30000", "loss": 0.987576, "lr": 0.000100, "top1_acc": 89.800001}
[09/07 18:55:46][INFO] utils.logging:   91: {"_type": "train_iter", "iter": "23000/30000", "loss": 1.084397, "lr": 0.000100, "top1_acc": 89.800001}
[09/07 18:57:10][INFO] utils.logging:   91: {"_type": "train_iter", "iter": "23200/30000", "loss": 1.010791, "lr": 0.000100, "top1_acc": 90.200001}
[09/07 18:58:34][INFO] utils.logging:   91: {"_type": "train_iter", "iter": "23400/30000", "loss": 0.872174, "lr": 0.000100, "top1_acc": 90.700001}
[09/07 18:59:58][INFO] utils.logging:   91: {"_type": "train_iter", "iter": "23600/30000", "loss": 0.987750, "lr": 0.000100, "top1_acc": 89.600001}
[09/07 19:01:22][INFO] utils.logging:   91: {"_type": "train_iter", "iter": "23800/30000", "loss": 0.956483, "lr": 0.000100, "top1_acc": 89.900001}
[09/07 19:02:46][INFO] utils.logging:   91: {"_type": "train_iter", "iter": "24000/30000", "loss": 1.044959, "lr": 0.000100, "top1_acc": 90.100001}
[09/07 19:04:10][INFO] utils.logging:   91: {"_type": "train_iter", "iter": "24200/30000", "loss": 0.862998, "lr": 0.000050, "top1_acc": 91.000001}
[09/07 19:05:34][INFO] utils.logging:   91: {"_type": "train_iter", "iter": "24400/30000", "loss": 0.845668, "lr": 0.000050, "top1_acc": 92.300001}
[09/07 19:06:57][INFO] utils.logging:   91: {"_type": "train_iter", "iter": "24600/30000", "loss": 0.941098, "lr": 0.000050, "top1_acc": 92.300001}
[09/07 19:08:21][INFO] utils.logging:   91: {"_type": "train_iter", "iter": "24800/30000", "loss": 0.973218, "lr": 0.000050, "top1_acc": 91.000001}
[09/07 19:09:45][INFO] utils.logging:   91: {"_type": "train_iter", "iter": "25000/30000", "loss": 0.945658, "lr": 0.000050, "top1_acc": 90.300001}
[09/07 19:11:09][INFO] utils.logging:   91: {"_type": "train_iter", "iter": "25200/30000", "loss": 1.023333, "lr": 0.000050, "top1_acc": 91.800001}
[09/07 19:12:33][INFO] utils.logging:   91: {"_type": "train_iter", "iter": "25400/30000", "loss": 0.874565, "lr": 0.000050, "top1_acc": 91.300001}
[09/07 19:13:57][INFO] utils.logging:   91: {"_type": "train_iter", "iter": "25600/30000", "loss": 0.913877, "lr": 0.000050, "top1_acc": 91.500001}
[09/07 19:15:20][INFO] utils.logging:   91: {"_type": "train_iter", "iter": "25800/30000", "loss": 0.931982, "lr": 0.000050, "top1_acc": 90.900001}
[09/07 19:16:44][INFO] utils.logging:   91: {"_type": "train_iter", "iter": "26000/30000", "loss": 0.875221, "lr": 0.000050, "top1_acc": 90.100001}
[09/07 19:18:08][INFO] utils.logging:   91: {"_type": "train_iter", "iter": "26200/30000", "loss": 0.772471, "lr": 0.000050, "top1_acc": 91.200001}
[09/07 19:19:32][INFO] utils.logging:   91: {"_type": "train_iter", "iter": "26400/30000", "loss": 0.973566, "lr": 0.000050, "top1_acc": 90.800001}
[09/07 19:20:56][INFO] utils.logging:   91: {"_type": "train_iter", "iter": "26600/30000", "loss": 0.900104, "lr": 0.000050, "top1_acc": 91.700001}
[09/07 19:22:20][INFO] utils.logging:   91: {"_type": "train_iter", "iter": "26800/30000", "loss": 0.871704, "lr": 0.000050, "top1_acc": 91.900001}
[09/07 19:23:44][INFO] utils.logging:   91: {"_type": "train_iter", "iter": "27000/30000", "loss": 0.841656, "lr": 0.000050, "top1_acc": 91.500001}
[09/07 19:25:07][INFO] utils.logging:   91: {"_type": "train_iter", "iter": "27200/30000", "loss": 0.840529, "lr": 0.000050, "top1_acc": 91.100001}
[09/07 19:26:31][INFO] utils.logging:   91: {"_type": "train_iter", "iter": "27400/30000", "loss": 0.809610, "lr": 0.000050, "top1_acc": 92.400001}
[09/07 19:27:55][INFO] utils.logging:   91: {"_type": "train_iter", "iter": "27600/30000", "loss": 0.799871, "lr": 0.000050, "top1_acc": 91.500001}
[09/07 19:29:19][INFO] utils.logging:   91: {"_type": "train_iter", "iter": "27800/30000", "loss": 0.991963, "lr": 0.000050, "top1_acc": 89.800001}
[09/07 19:30:43][INFO] utils.logging:   91: {"_type": "train_iter", "iter": "28000/30000", "loss": 0.858614, "lr": 0.000050, "top1_acc": 91.200001}
[09/07 19:32:07][INFO] utils.logging:   91: {"_type": "train_iter", "iter": "28200/30000", "loss": 0.832472, "lr": 0.000050, "top1_acc": 92.700001}
[09/07 19:33:31][INFO] utils.logging:   91: {"_type": "train_iter", "iter": "28400/30000", "loss": 0.838849, "lr": 0.000050, "top1_acc": 91.100001}
[09/07 19:34:54][INFO] utils.logging:   91: {"_type": "train_iter", "iter": "28600/30000", "loss": 0.732687, "lr": 0.000050, "top1_acc": 93.000001}
[09/07 19:36:18][INFO] utils.logging:   91: {"_type": "train_iter", "iter": "28800/30000", "loss": 0.895649, "lr": 0.000050, "top1_acc": 91.500001}
[09/07 19:37:42][INFO] utils.logging:   91: {"_type": "train_iter", "iter": "29000/30000", "loss": 0.754841, "lr": 0.000050, "top1_acc": 92.600001}
[09/07 19:39:06][INFO] utils.logging:   91: {"_type": "train_iter", "iter": "29200/30000", "loss": 0.862096, "lr": 0.000050, "top1_acc": 91.700001}
[09/07 19:40:30][INFO] utils.logging:   91: {"_type": "train_iter", "iter": "29400/30000", "loss": 0.750460, "lr": 0.000050, "top1_acc": 93.600001}
[09/07 19:41:54][INFO] utils.logging:   91: {"_type": "train_iter", "iter": "29600/30000", "loss": 0.991534, "lr": 0.000050, "top1_acc": 90.000001}
[09/07 19:43:18][INFO] utils.logging:   91: {"_type": "train_iter", "iter": "29800/30000", "loss": 0.794166, "lr": 0.000050, "top1_acc": 91.600001}
[09/07 19:44:46][INFO] datasets.base.few_shot_dataset:  420: Error at decoding. Vid index: 2581, Vid path: /mnt/data/yanyi2025/lrc/action_data/ssv2/videos/videos/113474.webm
[09/07 19:44:54][INFO] datasets.base.few_shot_dataset:  420: Error at decoding. Vid index: 2581, Vid path: /mnt/data/yanyi2025/lrc/action_data/ssv2/videos/videos/113474.webm
[09/07 19:45:05][INFO] utils.logging:   91: {"_type": "val_iter", "gpu_mem": "1.86 GB", "iter": "200/10000", "top1_acc": 67.000001}
[09/07 19:45:29][INFO] utils.logging:   91: {"_type": "val_iter", "gpu_mem": "1.86 GB", "iter": "400/10000", "top1_acc": 65.400001}
[09/07 19:45:53][WARNING] datasets.base.few_shot_dataset:  251: Error at decoding. 1/5. Vid index: [185, 182], Vid path: 9
[09/07 19:45:53][INFO] utils.logging:   91: {"_type": "val_iter", "gpu_mem": "1.86 GB", "iter": "600/10000", "top1_acc": 64.700001}
[09/07 19:46:17][INFO] utils.logging:   91: {"_type": "val_iter", "gpu_mem": "1.86 GB", "iter": "800/10000", "top1_acc": 66.700001}
[09/07 19:46:41][INFO] utils.logging:   91: {"_type": "val_iter", "gpu_mem": "1.86 GB", "iter": "1000/10000", "top1_acc": 66.700001}
[09/07 19:46:59][WARNING] datasets.base.few_shot_dataset:  251: Error at decoding. 1/5. Vid index: [64, 185], Vid path: 9
[09/07 19:47:05][INFO] utils.logging:   91: {"_type": "val_iter", "gpu_mem": "1.86 GB", "iter": "1200/10000", "top1_acc": 65.400001}
[09/07 19:47:29][INFO] utils.logging:   91: {"_type": "val_iter", "gpu_mem": "1.86 GB", "iter": "1400/10000", "top1_acc": 63.900001}
[09/07 19:47:53][INFO] utils.logging:   91: {"_type": "val_iter", "gpu_mem": "1.86 GB", "iter": "1600/10000", "top1_acc": 63.800001}
[09/07 19:48:17][INFO] utils.logging:   91: {"_type": "val_iter", "gpu_mem": "1.86 GB", "iter": "1800/10000", "top1_acc": 68.400001}
[09/07 19:48:41][INFO] utils.logging:   91: {"_type": "val_iter", "gpu_mem": "1.86 GB", "iter": "2000/10000", "top1_acc": 68.100001}
[09/07 19:48:59][INFO] datasets.base.few_shot_dataset:  420: Error at decoding. Vid index: 2581, Vid path: /mnt/data/yanyi2025/lrc/action_data/ssv2/videos/videos/113474.webm
[09/07 19:49:05][INFO] utils.logging:   91: {"_type": "val_iter", "gpu_mem": "1.86 GB", "iter": "2200/10000", "top1_acc": 64.900001}
[09/07 19:49:25][WARNING] datasets.base.few_shot_dataset:  251: Error at decoding. 1/5. Vid index: [86, 185], Vid path: 9
[09/07 19:49:29][INFO] utils.logging:   91: {"_type": "val_iter", "gpu_mem": "1.86 GB", "iter": "2400/10000", "top1_acc": 64.400001}
[09/07 19:49:53][INFO] utils.logging:   91: {"_type": "val_iter", "gpu_mem": "1.86 GB", "iter": "2600/10000", "top1_acc": 62.700001}
[09/07 19:50:17][INFO] utils.logging:   91: {"_type": "val_iter", "gpu_mem": "1.86 GB", "iter": "2800/10000", "top1_acc": 66.000001}
[09/07 19:50:41][INFO] utils.logging:   91: {"_type": "val_iter", "gpu_mem": "1.86 GB", "iter": "3000/10000", "top1_acc": 66.900001}
[09/07 19:51:05][INFO] utils.logging:   91: {"_type": "val_iter", "gpu_mem": "1.86 GB", "iter": "3200/10000", "top1_acc": 65.700001}
[09/07 19:51:29][INFO] utils.logging:   91: {"_type": "val_iter", "gpu_mem": "1.86 GB", "iter": "3400/10000", "top1_acc": 68.300001}
[09/07 19:51:44][WARNING] datasets.base.few_shot_dataset:  251: Error at decoding. 1/5. Vid index: [185, 52], Vid path: 9
[09/07 19:51:53][INFO] utils.logging:   91: {"_type": "val_iter", "gpu_mem": "1.86 GB", "iter": "3600/10000", "top1_acc": 65.500001}
[09/07 19:52:17][INFO] utils.logging:   91: {"_type": "val_iter", "gpu_mem": "1.86 GB", "iter": "3800/10000", "top1_acc": 66.500001}
[09/07 19:52:36][WARNING] datasets.base.few_shot_dataset:  251: Error at decoding. 1/5. Vid index: [116, 185], Vid path: 9
[09/07 19:52:41][INFO] utils.logging:   91: {"_type": "val_iter", "gpu_mem": "1.86 GB", "iter": "4000/10000", "top1_acc": 67.700001}
[09/07 19:53:04][INFO] datasets.base.few_shot_dataset:  420: Error at decoding. Vid index: 2581, Vid path: /mnt/data/yanyi2025/lrc/action_data/ssv2/videos/videos/113474.webm
[09/07 19:53:05][INFO] utils.logging:   91: {"_type": "val_iter", "gpu_mem": "1.86 GB", "iter": "4200/10000", "top1_acc": 66.900002}
[09/07 19:53:29][INFO] utils.logging:   91: {"_type": "val_iter", "gpu_mem": "1.86 GB", "iter": "4400/10000", "top1_acc": 65.900001}
[09/07 19:53:53][INFO] utils.logging:   91: {"_type": "val_iter", "gpu_mem": "1.86 GB", "iter": "4600/10000", "top1_acc": 66.800001}
[09/07 19:54:17][INFO] utils.logging:   91: {"_type": "val_iter", "gpu_mem": "1.86 GB", "iter": "4800/10000", "top1_acc": 66.500001}
[09/07 19:54:41][INFO] utils.logging:   91: {"_type": "val_iter", "gpu_mem": "1.86 GB", "iter": "5000/10000", "top1_acc": 66.700001}
[09/07 19:54:58][WARNING] datasets.base.few_shot_dataset:  251: Error at decoding. 1/5. Vid index: [179, 185], Vid path: 9
[09/07 19:55:02][WARNING] datasets.base.few_shot_dataset:  251: Error at decoding. 1/5. Vid index: [185, 88], Vid path: 9
[09/07 19:55:05][INFO] utils.logging:   91: {"_type": "val_iter", "gpu_mem": "1.86 GB", "iter": "5200/10000", "top1_acc": 65.000001}
[09/07 19:55:29][INFO] utils.logging:   91: {"_type": "val_iter", "gpu_mem": "1.86 GB", "iter": "5400/10000", "top1_acc": 65.300001}
[09/07 19:55:53][INFO] utils.logging:   91: {"_type": "val_iter", "gpu_mem": "1.86 GB", "iter": "5600/10000", "top1_acc": 64.300001}
[09/07 19:56:03][WARNING] datasets.base.few_shot_dataset:  251: Error at decoding. 1/5. Vid index: [159, 185], Vid path: 9
[09/07 19:56:17][INFO] utils.logging:   91: {"_type": "val_iter", "gpu_mem": "1.86 GB", "iter": "5800/10000", "top1_acc": 67.900001}
[09/07 19:56:41][INFO] utils.logging:   91: {"_type": "val_iter", "gpu_mem": "1.86 GB", "iter": "6000/10000", "top1_acc": 67.800001}
[09/07 19:57:05][INFO] utils.logging:   91: {"_type": "val_iter", "gpu_mem": "1.86 GB", "iter": "6200/10000", "top1_acc": 65.800001}
[09/07 19:57:29][INFO] utils.logging:   91: {"_type": "val_iter", "gpu_mem": "1.86 GB", "iter": "6400/10000", "top1_acc": 66.000001}
[09/07 19:57:53][INFO] utils.logging:   91: {"_type": "val_iter", "gpu_mem": "1.86 GB", "iter": "6600/10000", "top1_acc": 66.500001}
[09/07 19:58:17][INFO] utils.logging:   91: {"_type": "val_iter", "gpu_mem": "1.86 GB", "iter": "6800/10000", "top1_acc": 65.600001}
[09/07 19:58:41][INFO] utils.logging:   91: {"_type": "val_iter", "gpu_mem": "1.86 GB", "iter": "7000/10000", "top1_acc": 68.400001}
[09/07 19:59:05][INFO] utils.logging:   91: {"_type": "val_iter", "gpu_mem": "1.86 GB", "iter": "7200/10000", "top1_acc": 63.700001}
[09/07 19:59:29][INFO] utils.logging:   91: {"_type": "val_iter", "gpu_mem": "1.86 GB", "iter": "7400/10000", "top1_acc": 66.600001}
[09/07 19:59:54][INFO] utils.logging:   91: {"_type": "val_iter", "gpu_mem": "1.86 GB", "iter": "7600/10000", "top1_acc": 67.400001}
[09/07 20:00:18][INFO] utils.logging:   91: {"_type": "val_iter", "gpu_mem": "1.86 GB", "iter": "7800/10000", "top1_acc": 65.600001}
[09/07 20:00:42][INFO] utils.logging:   91: {"_type": "val_iter", "gpu_mem": "1.86 GB", "iter": "8000/10000", "top1_acc": 67.100001}
[09/07 20:01:06][INFO] utils.logging:   91: {"_type": "val_iter", "gpu_mem": "1.86 GB", "iter": "8200/10000", "top1_acc": 67.600001}
[09/07 20:01:30][INFO] utils.logging:   91: {"_type": "val_iter", "gpu_mem": "1.86 GB", "iter": "8400/10000", "top1_acc": 65.900001}
[09/07 20:01:54][INFO] utils.logging:   91: {"_type": "val_iter", "gpu_mem": "1.86 GB", "iter": "8600/10000", "top1_acc": 65.800001}
[09/07 20:02:18][INFO] utils.logging:   91: {"_type": "val_iter", "gpu_mem": "1.86 GB", "iter": "8800/10000", "top1_acc": 65.700001}
[09/07 20:02:42][INFO] utils.logging:   91: {"_type": "val_iter", "gpu_mem": "1.86 GB", "iter": "9000/10000", "top1_acc": 63.600001}
[09/07 20:03:06][INFO] datasets.base.few_shot_dataset:  420: Error at decoding. Vid index: 2581, Vid path: /mnt/data/yanyi2025/lrc/action_data/ssv2/videos/videos/113474.webm
[09/07 20:03:06][INFO] utils.logging:   91: {"_type": "val_iter", "gpu_mem": "1.86 GB", "iter": "9200/10000", "top1_acc": 66.700001}
[09/07 20:03:30][INFO] utils.logging:   91: {"_type": "val_iter", "gpu_mem": "1.86 GB", "iter": "9400/10000", "top1_acc": 67.400002}
[09/07 20:03:48][WARNING] datasets.base.few_shot_dataset:  251: Error at decoding. 1/5. Vid index: [81, 185], Vid path: 9
[09/07 20:03:54][INFO] utils.logging:   91: {"_type": "val_iter", "gpu_mem": "1.86 GB", "iter": "9600/10000", "top1_acc": 68.900001}
[09/07 20:04:18][INFO] utils.logging:   91: {"_type": "val_iter", "gpu_mem": "1.86 GB", "iter": "9800/10000", "top1_acc": 63.500001}
[09/07 20:04:42][INFO] utils.logging:   91: {"_type": "val_iter", "gpu_mem": "1.86 GB", "iter": "10000/10000", "top1_acc": 65.200001}
[09/07 20:04:42][INFO] utils.logging:   91: {"RAM": "15.73/125.63 GB", "_type": "val_epoch", "epoch": "3", "gpu_mem": "1.86 GB", "top1_acc": 66.096001}
[09/07 20:04:42][INFO] train_net_few_shot:   53: Fusion weights: focus=0.094016, multi_velocity=0.030125
[09/07 20:04:42][INFO] train_net_few_shot:   73: Multi-velocity matcher: motion_delta=0.028281521052122116, velocity_weights=[0.43051862716674805, 0.5694814324378967], logit_delta=4.59583854675293
[09/07 20:04:44][INFO] train_net_few_shot:  145: New best validation accuracy: 66.0960; checkpoint=output/SSv2_Full_FOCUS_MULTI_VELOCITY/checkpoints/checkpoint_best.pyth
[09/07 20:04:45][INFO] utils.logging:   91: {"_type": "train_iter", "iter": "30000/30000", "loss": 0.977758, "lr": 0.000050, "top1_acc": 91.200001}
[09/07 20:04:45][INFO] utils.logging:   91: {"RAM": "12.75/125.63 GB", "_type": "train_epoch", "epoch": "10", "gpu_mem": "1.86 GB", "loss": 2.455016, "lr": 0.000050, "top1_acc": 81.640668}
