[09/04 11:16:46][INFO] train_net_few_shot:  303: Train with config:
[09/04 11:16:46][INFO] train_net_few_shot:  304: {
  "TASK_TYPE": "few_shot_action",
  "PRETRAIN": {
    "ENABLE": false
  },
  "LOCALIZATION": {
    "ENABLE": false
  },
  "TRAIN": {
    "ENABLE": true,
    "DATASET": "UCF101",
    "BATCH_SIZE": 1,
    "LOG_FILE": "train.log",
    "EVAL_PERIOD": 2,
    "NUM_FOLDS": 1,
    "AUTO_RESUME": false,
    "CHECKPOINT_PERIOD": 10,
    "CHECKPOINT_FILE_PATH": "",
    "CHECKPOINT_TYPE": "pytorch",
    "CHECKPOINT_INFLATE": false,
    "CHECKPOINT_PRE_PROCESS": {
      "ENABLE": false
    },
    "FINE_TUNE": true,
    "ONLY_LINEAR": false,
    "LR_REDUCE": false,
    "TRAIN_VAL_COMBINE": false,
    "LOSS_FUNC": "cross_entropy",
    "NUM_CLASS": 70,
    "META_BATCH": true,
    "WAY": 5,
    "SHOT": 1,
    "QUERY_PER_CLASS": 1,
    "QUERY_PER_CLASS_TEST": 1,
    "NUM_TRAIN_TASKS": 18000,
    "NUM_TEST_TASKS": 10000,
    "VAL_FRE_ITER": 6000,
    "BATCH_SIZE_PER_TASK": 16,
    "NORMALIZE_ACCUMULATED_GRADIENTS": true,
    "EARLY_STOP": {
      "ENABLE": true,
      "PATIENCE": 0,
      "MIN_DELTA": 0.05
    }
  },
  "TEST": {
    "ENABLE": true,
    "DATASET": "UCF101",
    "BATCH_SIZE": 1,
    "NUM_SPATIAL_CROPS": 1,
    "SPATIAL_CROPS": "cctltr",
    "NUM_ENSEMBLE_VIEWS": 1,
    "LOG_FILE": "test.log",
    "CHECKPOINT_FILE_PATH": "",
    "CHECKPOINT_TYPE": "pytorch",
    "AUTOMATIC_MULTI_SCALE_TEST": false,
    "TEST_SET": "val",
    "UPLOAD_CLASSIFIER_RESULTS": true,
    "SHOT": [
      1,
      5
    ],
    "EPISODE_SEED": 2026
  },
  "VISUALIZATION": {
    "ENABLE": false,
    "NAME": "",
    "FEATURE_MAPS": {
      "ENABLE": false,
      "BASE_OUTPUT_DIR": ""
    }
  },
  "SUBMISSION": {
    "ENABLE": false,
    "SAVE_RESULTS_PATH": "test.json"
  },
  "DATA": {
    "DATA_ROOT_DIR": "/mnt/data/yanyi2025/lrc/action_data/ucf101/",
    "ANNO_DIR": "config/ucf101/",
    "NUM_INPUT_FRAMES": 8,
    "NUM_INPUT_CHANNELS": 2304,
    "SAMPLING_MODE": "interval_based",
    "SAMPLING_RATE": 50,
    "TRAIN_JITTER_SCALES": [
      256,
      256
    ],
    "TRAIN_CROP_SIZE": 224,
    "TEST_SCALE": 256,
    "TEST_CROP_SIZE": 224,
    "MEAN": [
      0.48145466,
      0.4578275,
      0.40821073
    ],
    "STD": [
      0.26862954,
      0.26130258,
      0.27577711
    ],
    "MULTI_LABEL": false,
    "ENSEMBLE_METHOD": "sum",
    "TARGET_FPS": 12,
    "MINUS_INTERVAL": false,
    "FPS": 12,
    "NORM_FEATURE": false,
    "USE_AUG_FEATURE": false,
    "AUG": false,
    "LOAD_PROPS": false,
    "TEMPORAL_SCALE": 256,
    "LABELS_TYPE": "cls",
    "LOAD_TYPE": "pickle",
    "DOWNLOAD_FEATURE": true,
    "SAMPLING_UNIFORM": false,
    "TEST_CENTER_CROP": true,
    "CLIP_INTERVAL": 8
  },
  "MODEL": {
    "NAME": "BaseVideoModel",
    "EMA": {
      "ENABLE": false,
      "DECAY": 0.99996
    }
  },
  "VIDEO": {
    "BACKBONE": {
      "DEPTH": null,
      "META_ARCH": "Identity",
      "NUM_FILTERS": null,
      "NUM_INPUT_CHANNELS": 3,
      "NUM_OUT_FEATURES": null,
      "KERNEL_SIZE": null,
      "DOWNSAMPLING": null,
      "DOWNSAMPLING_TEMPORAL": null,
      "NUM_STREAMS": 1,
      "EXPANSION_RATIO": 2,
      "BRANCH": {
        "NAME": null
      },
      "STEM": {
        "NAME": null
      },
      "NONLOCAL": {
        "ENABLE": false,
        "STAGES": [
          5
        ],
        "MASK_ENABLE": false
      },
      "INITIALIZATION": null
    },
    "HEAD": {
      "NAME": "BaseTemporalClassifier",
      "ACTIVATION": "softmax",
      "DROPOUT_RATE": 0.0,
      "NUM_CLASSES": 200
    }
  },
  "OPTIMIZER": {
    "ADJUST_LR": false,
    "BASE_LR": 0.002,
    "LR_POLICY": "cosine",
    "MAX_EPOCH": 300,
    "MOMENTUM": 0.9,
    "WEIGHT_DECAY": "5e-3",
    "WARMUP_EPOCHS": 10,
    "WARMUP_START_LR": 0.0002,
    "OPTIM_METHOD": "adam",
    "DAMPENING": 0.0,
    "NESTEROV": true
  },
  "BN": {
    "WB_LOCK": false,
    "FREEZE": false,
    "WEIGHT_DECAY": 0.0,
    "MOMENTUM": 0.1,
    "EPS": "1e-3",
    "SYNC": false
  },
  "DATA_LOADER": {
    "NUM_WORKERS": 8,
    "PIN_MEMORY": true,
    "ENABLE_MULTI_THREAD_DECODE": true,
    "COLLATE_FN": null
  },
  "NUM_GPUS": 1,
  "SHARD_ID": 0,
  "NUM_SHARDS": 1,
  "RANDOM_SEED": 18,
  "OUTPUT_DIR": "output/UCF101_TASK_MATCH_MULTI_VELOCITY",
  "OUTPUT_CFG_FILE": "configuration.log",
  "LOG_PERIOD": 200,
  "DIST_BACKEND": "nccl",
  "LOG_MODEL_INFO": false,
  "LOG_CONFIG_INFO": true,
  "OSS": {
    "ENABLE": false,
    "KEY": null,
    "SECRET": null,
    "ENDPOINT": null,
    "CHECKPOINT_OUTPUT_PATH": null,
    "SECONDARY_DATA_OSS": {
      "ENABLE": false,
      "KEY": null,
      "SECRET": null,
      "ENDPOINT": null,
      "BUCKETS": [
        ""
      ]
    }
  },
  "AUGMENTATION": {
    "COLOR_AUG": false,
    "BRIGHTNESS": 0.5,
    "CONTRAST": 0.5,
    "SATURATION": 0.5,
    "HUE": 0.25,
    "GRAYSCALE": 0.3,
    "CONSISTENT": true,
    "SHUFFLE": true,
    "GRAY_FIRST": true,
    "RATIO": [
      0.857142857142857,
      1.1666666666666667
    ],
    "USE_GPU": false,
    "MIXUP": {
      "ENABLE": false,
      "ALPHA": 0.0,
      "PROB": 1.0,
      "MODE": "batch",
      "SWITCH_PROB": 0.5
    },
    "CUTMIX": {
      "ENABLE": false,
      "ALPHA": 0.0,
      "MINMAX": null
    },
    "RANDOM_ERASING": {
      "ENABLE": false,
      "PROB": 0.25,
      "MODE": "const",
      "COUNT": [
        1,
        1
      ],
      "NUM_SPLITS": 0,
      "AREA_RANGE": [
        0.02,
        0.33
      ],
      "MIN_ASPECT": 0.3
    },
    "LABEL_SMOOTHING": 0.0,
    "SSV2_FLIP": false,
    "IS_SPLIT": false,
    "NO_RANDOM_ERASE": true,
    "SUPPORT_QUERY_DIFF": true
  },
  "PAI": false,
  "USE_MULTISEG_VAL_DIST": false,
  "DETECTION": {
    "ENABLE": false
  },
  "TENSORBOARD": {
    "ENABLE": false
  },
  "SOLVER": {
    "BASE_LR": 0.00025,
    "LR_POLICY": "steps_with_relative_lrs",
    "MAX_EPOCH": 10,
    "MOMENTUM": 0.9,
    "WEIGHT_DECAY": "5e-4",
    "WARMUP_EPOCHS": 1,
    "WARMUP_START_LR": 5e-05,
    "OPTIM_METHOD": "adam",
    "DAMPENING": 0.0,
    "NESTEROV": true,
    "STEPS_ITER": 1800,
    "STEPS": [
      0,
      5,
      7,
      9
    ],
    "LRS": [
      1,
      0.1,
      0.05,
      0.01
    ]
  },
  "PRE_DOWNLOAD": {
    "ENABLE": false
  },
  "SUPPORT_SHOT": 1,
  "TASK_MATCH": {
    "ENABLE": true,
    "HIDDEN_RATIO": 0.25,
    "DROPOUT": 0.1,
    "TEMPERATURE": 1.0,
    "DISTANCE_SCALE": 16.0,
    "ALPHA_INIT": -4.0,
    "USE_FOCUS_FEATURES": false
  },
  "MULTI_VELOCITY": {
    "ENABLE": true,
    "VELOCITIES": [
      1,
      2
    ],
    "HIDDEN_RATIO": 0.25,
    "DROPOUT": 0.1,
    "DISTANCE_SCALE": 16.0,
    "OTAM_LAMBDA": 0.5,
    "ALPHA_INIT": -4.0
  },
  "ADAPTER": {
    "NAME": "ViT_CLIP",
    "PRETRAINED": "ViT-B/16",
    "WIDTH": 768,
    "PATCH_SIZE": 16,
    "LAYERS": 12,
    "HEADS": 12,
    "ADAPTER_SCALE": 0.25
  },
  "INIT_METHOD": "tcp://localhost:1111",
  "CUDA_VISIBLE_DEVICES": "0"
}

[09/04 11:16:47][INFO] models.base.adapter: 1070: load model from: ViT-B/16
[09/04 11:16:48][INFO] models.base.adapter: 1077: Missing keys: ['temporal_embedding', 'task_match_alpha', 'multi_velocity_alpha', 'transformer.resblocks.0.Adapter.down.weight', 'transformer.resblocks.0.Adapter.down.bias', 'transformer.resblocks.0.Adapter.pos_embed.weight', 'transformer.resblocks.0.Adapter.pos_embed.bias', 'transformer.resblocks.0.Adapter.s_ln.weight', 'transformer.resblocks.0.Adapter.s_ln.bias', 'transformer.resblocks.0.Adapter.s_attn.conv_offset.0.weight', 'transformer.resblocks.0.Adapter.s_attn.conv_offset.0.bias', 'transformer.resblocks.0.Adapter.s_attn.conv_offset.1.norm.weight', 'transformer.resblocks.0.Adapter.s_attn.conv_offset.1.norm.bias', 'transformer.resblocks.0.Adapter.s_attn.conv_offset.3.weight', 'transformer.resblocks.0.Adapter.s_attn.proj_q.weight', 'transformer.resblocks.0.Adapter.s_attn.proj_q.bias', 'transformer.resblocks.0.Adapter.s_attn.proj_k.weight', 'transformer.resblocks.0.Adapter.s_attn.proj_k.bias', 'transformer.resblocks.0.Adapter.s_attn.proj_v.weight', 'transformer.resblocks.0.Adapter.s_attn.proj_v.bias', 'transformer.resblocks.0.Adapter.s_attn.proj_out.weight', 'transformer.resblocks.0.Adapter.s_attn.proj_out.bias', 'transformer.resblocks.0.Adapter.t_ln.weight', 'transformer.resblocks.0.Adapter.t_ln.bias', 'transformer.resblocks.0.Adapter.t_attn.conv_offset.0.weight', 'transformer.resblocks.0.Adapter.t_attn.conv_offset.0.bias', 'transformer.resblocks.0.Adapter.t_attn.conv_offset.1.norm.weight', 'transformer.resblocks.0.Adapter.t_attn.conv_offset.1.norm.bias', 'transformer.resblocks.0.Adapter.t_attn.conv_offset.3.weight', 'transformer.resblocks.0.Adapter.t_attn.proj_q.weight', 'transformer.resblocks.0.Adapter.t_attn.proj_q.bias', 'transformer.resblocks.0.Adapter.t_attn.proj_k.weight', 'transformer.resblocks.0.Adapter.t_attn.proj_k.bias', 'transformer.resblocks.0.Adapter.t_attn.proj_v.weight', 'transformer.resblocks.0.Adapter.t_attn.proj_v.bias', 'transformer.resblocks.0.Adapter.t_attn.proj_out.weight', 'transformer.resblocks.0.Adapter.t_attn.proj_out.bias', 'transformer.resblocks.0.Adapter.up.weight', 'transformer.resblocks.0.Adapter.up.bias', 'transformer.resblocks.1.Adapter.down.weight', 'transformer.resblocks.1.Adapter.down.bias', 'transformer.resblocks.1.Adapter.pos_embed.weight', 'transformer.resblocks.1.Adapter.pos_embed.bias', 'transformer.resblocks.1.Adapter.s_ln.weight', 'transformer.resblocks.1.Adapter.s_ln.bias', 'transformer.resblocks.1.Adapter.s_attn.conv_offset.0.weight', 'transformer.resblocks.1.Adapter.s_attn.conv_offset.0.bias', 'transformer.resblocks.1.Adapter.s_attn.conv_offset.1.norm.weight', 'transformer.resblocks.1.Adapter.s_attn.conv_offset.1.norm.bias', 'transformer.resblocks.1.Adapter.s_attn.conv_offset.3.weight', 'transformer.resblocks.1.Adapter.s_attn.proj_q.weight', 'transformer.resblocks.1.Adapter.s_attn.proj_q.bias', 'transformer.resblocks.1.Adapter.s_attn.proj_k.weight', 'transformer.resblocks.1.Adapter.s_attn.proj_k.bias', 'transformer.resblocks.1.Adapter.s_attn.proj_v.weight', 'transformer.resblocks.1.Adapter.s_attn.proj_v.bias', 'transformer.resblocks.1.Adapter.s_attn.proj_out.weight', 'transformer.resblocks.1.Adapter.s_attn.proj_out.bias', 'transformer.resblocks.1.Adapter.t_ln.weight', 'transformer.resblocks.1.Adapter.t_ln.bias', 'transformer.resblocks.1.Adapter.t_attn.conv_offset.0.weight', 'transformer.resblocks.1.Adapter.t_attn.conv_offset.0.bias', 'transformer.resblocks.1.Adapter.t_attn.conv_offset.1.norm.weight', 'transformer.resblocks.1.Adapter.t_attn.conv_offset.1.norm.bias', 'transformer.resblocks.1.Adapter.t_attn.conv_offset.3.weight', 'transformer.resblocks.1.Adapter.t_attn.proj_q.weight', 'transformer.resblocks.1.Adapter.t_attn.proj_q.bias', 'transformer.resblocks.1.Adapter.t_attn.proj_k.weight', 'transformer.resblocks.1.Adapter.t_attn.proj_k.bias', 'transformer.resblocks.1.Adapter.t_attn.proj_v.weight', 'transformer.resblocks.1.Adapter.t_attn.proj_v.bias', 'transformer.resblocks.1.Adapter.t_attn.proj_out.weight', 'transformer.resblocks.1.Adapter.t_attn.proj_out.bias', 'transformer.resblocks.1.Adapter.up.weight', 'transformer.resblocks.1.Adapter.up.bias', 'transformer.resblocks.2.Adapter.down.weight', 'transformer.resblocks.2.Adapter.down.bias', 'transformer.resblocks.2.Adapter.pos_embed.weight', 'transformer.resblocks.2.Adapter.pos_embed.bias', 'transformer.resblocks.2.Adapter.s_ln.weight', 'transformer.resblocks.2.Adapter.s_ln.bias', 'transformer.resblocks.2.Adapter.s_attn.conv_offset.0.weight', 'transformer.resblocks.2.Adapter.s_attn.conv_offset.0.bias', 'transformer.resblocks.2.Adapter.s_attn.conv_offset.1.norm.weight', 'transformer.resblocks.2.Adapter.s_attn.conv_offset.1.norm.bias', 'transformer.resblocks.2.Adapter.s_attn.conv_offset.3.weight', 'transformer.resblocks.2.Adapter.s_attn.proj_q.weight', 'transformer.resblocks.2.Adapter.s_attn.proj_q.bias', 'transformer.resblocks.2.Adapter.s_attn.proj_k.weight', 'transformer.resblocks.2.Adapter.s_attn.proj_k.bias', 'transformer.resblocks.2.Adapter.s_attn.proj_v.weight', 'transformer.resblocks.2.Adapter.s_attn.proj_v.bias', 'transformer.resblocks.2.Adapter.s_attn.proj_out.weight', 'transformer.resblocks.2.Adapter.s_attn.proj_out.bias', 'transformer.resblocks.2.Adapter.t_ln.weight', 'transformer.resblocks.2.Adapter.t_ln.bias', 'transformer.resblocks.2.Adapter.t_attn.conv_offset.0.weight', 'transformer.resblocks.2.Adapter.t_attn.conv_offset.0.bias', 'transformer.resblocks.2.Adapter.t_attn.conv_offset.1.norm.weight', 'transformer.resblocks.2.Adapter.t_attn.conv_offset.1.norm.bias', 'transformer.resblocks.2.Adapter.t_attn.conv_offset.3.weight', 'transformer.resblocks.2.Adapter.t_attn.proj_q.weight', 'transformer.resblocks.2.Adapter.t_attn.proj_q.bias', 'transformer.resblocks.2.Adapter.t_attn.proj_k.weight', 'transformer.resblocks.2.Adapter.t_attn.proj_k.bias', 'transformer.resblocks.2.Adapter.t_attn.proj_v.weight', 'transformer.resblocks.2.Adapter.t_attn.proj_v.bias', 'transformer.resblocks.2.Adapter.t_attn.proj_out.weight', 'transformer.resblocks.2.Adapter.t_attn.proj_out.bias', 'transformer.resblocks.2.Adapter.up.weight', 'transformer.resblocks.2.Adapter.up.bias', 'transformer.resblocks.3.Adapter.down.weight', 'transformer.resblocks.3.Adapter.down.bias', 'transformer.resblocks.3.Adapter.pos_embed.weight', 'transformer.resblocks.3.Adapter.pos_embed.bias', 'transformer.resblocks.3.Adapter.s_ln.weight', 'transformer.resblocks.3.Adapter.s_ln.bias', 'transformer.resblocks.3.Adapter.s_attn.conv_offset.0.weight', 'transformer.resblocks.3.Adapter.s_attn.conv_offset.0.bias', 'transformer.resblocks.3.Adapter.s_attn.conv_offset.1.norm.weight', 'transformer.resblocks.3.Adapter.s_attn.conv_offset.1.norm.bias', 'transformer.resblocks.3.Adapter.s_attn.conv_offset.3.weight', 'transformer.resblocks.3.Adapter.s_attn.proj_q.weight', 'transformer.resblocks.3.Adapter.s_attn.proj_q.bias', 'transformer.resblocks.3.Adapter.s_attn.proj_k.weight', 'transformer.resblocks.3.Adapter.s_attn.proj_k.bias', 'transformer.resblocks.3.Adapter.s_attn.proj_v.weight', 'transformer.resblocks.3.Adapter.s_attn.proj_v.bias', 'transformer.resblocks.3.Adapter.s_attn.proj_out.weight', 'transformer.resblocks.3.Adapter.s_attn.proj_out.bias', 'transformer.resblocks.3.Adapter.t_ln.weight', 'transformer.resblocks.3.Adapter.t_ln.bias', 'transformer.resblocks.3.Adapter.t_attn.conv_offset.0.weight', 'transformer.resblocks.3.Adapter.t_attn.conv_offset.0.bias', 'transformer.resblocks.3.Adapter.t_attn.conv_offset.1.norm.weight', 'transformer.resblocks.3.Adapter.t_attn.conv_offset.1.norm.bias', 'transformer.resblocks.3.Adapter.t_attn.conv_offset.3.weight', 'transformer.resblocks.3.Adapter.t_attn.proj_q.weight', 'transformer.resblocks.3.Adapter.t_attn.proj_q.bias', 'transformer.resblocks.3.Adapter.t_attn.proj_k.weight', 'transformer.resblocks.3.Adapter.t_attn.proj_k.bias', 'transformer.resblocks.3.Adapter.t_attn.proj_v.weight', 'transformer.resblocks.3.Adapter.t_attn.proj_v.bias', 'transformer.resblocks.3.Adapter.t_attn.proj_out.weight', 'transformer.resblocks.3.Adapter.t_attn.proj_out.bias', 'transformer.resblocks.3.Adapter.up.weight', 'transformer.resblocks.3.Adapter.up.bias', 'transformer.resblocks.4.Adapter.down.weight', 'transformer.resblocks.4.Adapter.down.bias', 'transformer.resblocks.4.Adapter.pos_embed.weight', 'transformer.resblocks.4.Adapter.pos_embed.bias', 'transformer.resblocks.4.Adapter.s_ln.weight', 'transformer.resblocks.4.Adapter.s_ln.bias', 'transformer.resblocks.4.Adapter.s_attn.conv_offset.0.weight', 'transformer.resblocks.4.Adapter.s_attn.conv_offset.0.bias', 'transformer.resblocks.4.Adapter.s_attn.conv_offset.1.norm.weight', 'transformer.resblocks.4.Adapter.s_attn.conv_offset.1.norm.bias', 'transformer.resblocks.4.Adapter.s_attn.conv_offset.3.weight', 'transformer.resblocks.4.Adapter.s_attn.proj_q.weight', 'transformer.resblocks.4.Adapter.s_attn.proj_q.bias', 'transformer.resblocks.4.Adapter.s_attn.proj_k.weight', 'transformer.resblocks.4.Adapter.s_attn.proj_k.bias', 'transformer.resblocks.4.Adapter.s_attn.proj_v.weight', 'transformer.resblocks.4.Adapter.s_attn.proj_v.bias', 'transformer.resblocks.4.Adapter.s_attn.proj_out.weight', 'transformer.resblocks.4.Adapter.s_attn.proj_out.bias', 'transformer.resblocks.4.Adapter.t_ln.weight', 'transformer.resblocks.4.Adapter.t_ln.bias', 'transformer.resblocks.4.Adapter.t_attn.conv_offset.0.weight', 'transformer.resblocks.4.Adapter.t_attn.conv_offset.0.bias', 'transformer.resblocks.4.Adapter.t_attn.conv_offset.1.norm.weight', 'transformer.resblocks.4.Adapter.t_attn.conv_offset.1.norm.bias', 'transformer.resblocks.4.Adapter.t_attn.conv_offset.3.weight', 'transformer.resblocks.4.Adapter.t_attn.proj_q.weight', 'transformer.resblocks.4.Adapter.t_attn.proj_q.bias', 'transformer.resblocks.4.Adapter.t_attn.proj_k.weight', 'transformer.resblocks.4.Adapter.t_attn.proj_k.bias', 'transformer.resblocks.4.Adapter.t_attn.proj_v.weight', 'transformer.resblocks.4.Adapter.t_attn.proj_v.bias', 'transformer.resblocks.4.Adapter.t_attn.proj_out.weight', 'transformer.resblocks.4.Adapter.t_attn.proj_out.bias', 'transformer.resblocks.4.Adapter.up.weight', 'transformer.resblocks.4.Adapter.up.bias', 'transformer.resblocks.5.Adapter.down.weight', 'transformer.resblocks.5.Adapter.down.bias', 'transformer.resblocks.5.Adapter.pos_embed.weight', 'transformer.resblocks.5.Adapter.pos_embed.bias', 'transformer.resblocks.5.Adapter.s_ln.weight', 'transformer.resblocks.5.Adapter.s_ln.bias', 'transformer.resblocks.5.Adapter.s_attn.conv_offset.0.weight', 'transformer.resblocks.5.Adapter.s_attn.conv_offset.0.bias', 'transformer.resblocks.5.Adapter.s_attn.conv_offset.1.norm.weight', 'transformer.resblocks.5.Adapter.s_attn.conv_offset.1.norm.bias', 'transformer.resblocks.5.Adapter.s_attn.conv_offset.3.weight', 'transformer.resblocks.5.Adapter.s_attn.proj_q.weight', 'transformer.resblocks.5.Adapter.s_attn.proj_q.bias', 'transformer.resblocks.5.Adapter.s_attn.proj_k.weight', 'transformer.resblocks.5.Adapter.s_attn.proj_k.bias', 'transformer.resblocks.5.Adapter.s_attn.proj_v.weight', 'transformer.resblocks.5.Adapter.s_attn.proj_v.bias', 'transformer.resblocks.5.Adapter.s_attn.proj_out.weight', 'transformer.resblocks.5.Adapter.s_attn.proj_out.bias', 'transformer.resblocks.5.Adapter.t_ln.weight', 'transformer.resblocks.5.Adapter.t_ln.bias', 'transformer.resblocks.5.Adapter.t_attn.conv_offset.0.weight', 'transformer.resblocks.5.Adapter.t_attn.conv_offset.0.bias', 'transformer.resblocks.5.Adapter.t_attn.conv_offset.1.norm.weight', 'transformer.resblocks.5.Adapter.t_attn.conv_offset.1.norm.bias', 'transformer.resblocks.5.Adapter.t_attn.conv_offset.3.weight', 'transformer.resblocks.5.Adapter.t_attn.proj_q.weight', 'transformer.resblocks.5.Adapter.t_attn.proj_q.bias', 'transformer.resblocks.5.Adapter.t_attn.proj_k.weight', 'transformer.resblocks.5.Adapter.t_attn.proj_k.bias', 'transformer.resblocks.5.Adapter.t_attn.proj_v.weight', 'transformer.resblocks.5.Adapter.t_attn.proj_v.bias', 'transformer.resblocks.5.Adapter.t_attn.proj_out.weight', 'transformer.resblocks.5.Adapter.t_attn.proj_out.bias', 'transformer.resblocks.5.Adapter.up.weight', 'transformer.resblocks.5.Adapter.up.bias', 'transformer.resblocks.6.Adapter.down.weight', 'transformer.resblocks.6.Adapter.down.bias', 'transformer.resblocks.6.Adapter.pos_embed.weight', 'transformer.resblocks.6.Adapter.pos_embed.bias', 'transformer.resblocks.6.Adapter.s_ln.weight', 'transformer.resblocks.6.Adapter.s_ln.bias', 'transformer.resblocks.6.Adapter.s_attn.conv_offset.0.weight', 'transformer.resblocks.6.Adapter.s_attn.conv_offset.0.bias', 'transformer.resblocks.6.Adapter.s_attn.conv_offset.1.norm.weight', 'transformer.resblocks.6.Adapter.s_attn.conv_offset.1.norm.bias', 'transformer.resblocks.6.Adapter.s_attn.conv_offset.3.weight', 'transformer.resblocks.6.Adapter.s_attn.proj_q.weight', 'transformer.resblocks.6.Adapter.s_attn.proj_q.bias', 'transformer.resblocks.6.Adapter.s_attn.proj_k.weight', 'transformer.resblocks.6.Adapter.s_attn.proj_k.bias', 'transformer.resblocks.6.Adapter.s_attn.proj_v.weight', 'transformer.resblocks.6.Adapter.s_attn.proj_v.bias', 'transformer.resblocks.6.Adapter.s_attn.proj_out.weight', 'transformer.resblocks.6.Adapter.s_attn.proj_out.bias', 'transformer.resblocks.6.Adapter.t_ln.weight', 'transformer.resblocks.6.Adapter.t_ln.bias', 'transformer.resblocks.6.Adapter.t_attn.conv_offset.0.weight', 'transformer.resblocks.6.Adapter.t_attn.conv_offset.0.bias', 'transformer.resblocks.6.Adapter.t_attn.conv_offset.1.norm.weight', 'transformer.resblocks.6.Adapter.t_attn.conv_offset.1.norm.bias', 'transformer.resblocks.6.Adapter.t_attn.conv_offset.3.weight', 'transformer.resblocks.6.Adapter.t_attn.proj_q.weight', 'transformer.resblocks.6.Adapter.t_attn.proj_q.bias', 'transformer.resblocks.6.Adapter.t_attn.proj_k.weight', 'transformer.resblocks.6.Adapter.t_attn.proj_k.bias', 'transformer.resblocks.6.Adapter.t_attn.proj_v.weight', 'transformer.resblocks.6.Adapter.t_attn.proj_v.bias', 'transformer.resblocks.6.Adapter.t_attn.proj_out.weight', 'transformer.resblocks.6.Adapter.t_attn.proj_out.bias', 'transformer.resblocks.6.Adapter.up.weight', 'transformer.resblocks.6.Adapter.up.bias', 'transformer.resblocks.7.Adapter.down.weight', 'transformer.resblocks.7.Adapter.down.bias', 'transformer.resblocks.7.Adapter.pos_embed.weight', 'transformer.resblocks.7.Adapter.pos_embed.bias', 'transformer.resblocks.7.Adapter.s_ln.weight', 'transformer.resblocks.7.Adapter.s_ln.bias', 'transformer.resblocks.7.Adapter.s_attn.conv_offset.0.weight', 'transformer.resblocks.7.Adapter.s_attn.conv_offset.0.bias', 'transformer.resblocks.7.Adapter.s_attn.conv_offset.1.norm.weight', 'transformer.resblocks.7.Adapter.s_attn.conv_offset.1.norm.bias', 'transformer.resblocks.7.Adapter.s_attn.conv_offset.3.weight', 'transformer.resblocks.7.Adapter.s_attn.proj_q.weight', 'transformer.resblocks.7.Adapter.s_attn.proj_q.bias', 'transformer.resblocks.7.Adapter.s_attn.proj_k.weight', 'transformer.resblocks.7.Adapter.s_attn.proj_k.bias', 'transformer.resblocks.7.Adapter.s_attn.proj_v.weight', 'transformer.resblocks.7.Adapter.s_attn.proj_v.bias', 'transformer.resblocks.7.Adapter.s_attn.proj_out.weight', 'transformer.resblocks.7.Adapter.s_attn.proj_out.bias', 'transformer.resblocks.7.Adapter.t_ln.weight', 'transformer.resblocks.7.Adapter.t_ln.bias', 'transformer.resblocks.7.Adapter.t_attn.conv_offset.0.weight', 'transformer.resblocks.7.Adapter.t_attn.conv_offset.0.bias', 'transformer.resblocks.7.Adapter.t_attn.conv_offset.1.norm.weight', 'transformer.resblocks.7.Adapter.t_attn.conv_offset.1.norm.bias', 'transformer.resblocks.7.Adapter.t_attn.conv_offset.3.weight', 'transformer.resblocks.7.Adapter.t_attn.proj_q.weight', 'transformer.resblocks.7.Adapter.t_attn.proj_q.bias', 'transformer.resblocks.7.Adapter.t_attn.proj_k.weight', 'transformer.resblocks.7.Adapter.t_attn.proj_k.bias', 'transformer.resblocks.7.Adapter.t_attn.proj_v.weight', 'transformer.resblocks.7.Adapter.t_attn.proj_v.bias', 'transformer.resblocks.7.Adapter.t_attn.proj_out.weight', 'transformer.resblocks.7.Adapter.t_attn.proj_out.bias', 'transformer.resblocks.7.Adapter.up.weight', 'transformer.resblocks.7.Adapter.up.bias', 'transformer.resblocks.8.Adapter.down.weight', 'transformer.resblocks.8.Adapter.down.bias', 'transformer.resblocks.8.Adapter.pos_embed.weight', 'transformer.resblocks.8.Adapter.pos_embed.bias', 'transformer.resblocks.8.Adapter.s_ln.weight', 'transformer.resblocks.8.Adapter.s_ln.bias', 'transformer.resblocks.8.Adapter.s_attn.conv_offset.0.weight', 'transformer.resblocks.8.Adapter.s_attn.conv_offset.0.bias', 'transformer.resblocks.8.Adapter.s_attn.conv_offset.1.norm.weight', 'transformer.resblocks.8.Adapter.s_attn.conv_offset.1.norm.bias', 'transformer.resblocks.8.Adapter.s_attn.conv_offset.3.weight', 'transformer.resblocks.8.Adapter.s_attn.proj_q.weight', 'transformer.resblocks.8.Adapter.s_attn.proj_q.bias', 'transformer.resblocks.8.Adapter.s_attn.proj_k.weight', 'transformer.resblocks.8.Adapter.s_attn.proj_k.bias', 'transformer.resblocks.8.Adapter.s_attn.proj_v.weight', 'transformer.resblocks.8.Adapter.s_attn.proj_v.bias', 'transformer.resblocks.8.Adapter.s_attn.proj_out.weight', 'transformer.resblocks.8.Adapter.s_attn.proj_out.bias', 'transformer.resblocks.8.Adapter.t_ln.weight', 'transformer.resblocks.8.Adapter.t_ln.bias', 'transformer.resblocks.8.Adapter.t_attn.conv_offset.0.weight', 'transformer.resblocks.8.Adapter.t_attn.conv_offset.0.bias', 'transformer.resblocks.8.Adapter.t_attn.conv_offset.1.norm.weight', 'transformer.resblocks.8.Adapter.t_attn.conv_offset.1.norm.bias', 'transformer.resblocks.8.Adapter.t_attn.conv_offset.3.weight', 'transformer.resblocks.8.Adapter.t_attn.proj_q.weight', 'transformer.resblocks.8.Adapter.t_attn.proj_q.bias', 'transformer.resblocks.8.Adapter.t_attn.proj_k.weight', 'transformer.resblocks.8.Adapter.t_attn.proj_k.bias', 'transformer.resblocks.8.Adapter.t_attn.proj_v.weight', 'transformer.resblocks.8.Adapter.t_attn.proj_v.bias', 'transformer.resblocks.8.Adapter.t_attn.proj_out.weight', 'transformer.resblocks.8.Adapter.t_attn.proj_out.bias', 'transformer.resblocks.8.Adapter.up.weight', 'transformer.resblocks.8.Adapter.up.bias', 'transformer.resblocks.9.Adapter.down.weight', 'transformer.resblocks.9.Adapter.down.bias', 'transformer.resblocks.9.Adapter.pos_embed.weight', 'transformer.resblocks.9.Adapter.pos_embed.bias', 'transformer.resblocks.9.Adapter.s_ln.weight', 'transformer.resblocks.9.Adapter.s_ln.bias', 'transformer.resblocks.9.Adapter.s_attn.conv_offset.0.weight', 'transformer.resblocks.9.Adapter.s_attn.conv_offset.0.bias', 'transformer.resblocks.9.Adapter.s_attn.conv_offset.1.norm.weight', 'transformer.resblocks.9.Adapter.s_attn.conv_offset.1.norm.bias', 'transformer.resblocks.9.Adapter.s_attn.conv_offset.3.weight', 'transformer.resblocks.9.Adapter.s_attn.proj_q.weight', 'transformer.resblocks.9.Adapter.s_attn.proj_q.bias', 'transformer.resblocks.9.Adapter.s_attn.proj_k.weight', 'transformer.resblocks.9.Adapter.s_attn.proj_k.bias', 'transformer.resblocks.9.Adapter.s_attn.proj_v.weight', 'transformer.resblocks.9.Adapter.s_attn.proj_v.bias', 'transformer.resblocks.9.Adapter.s_attn.proj_out.weight', 'transformer.resblocks.9.Adapter.s_attn.proj_out.bias', 'transformer.resblocks.9.Adapter.t_ln.weight', 'transformer.resblocks.9.Adapter.t_ln.bias', 'transformer.resblocks.9.Adapter.t_attn.conv_offset.0.weight', 'transformer.resblocks.9.Adapter.t_attn.conv_offset.0.bias', 'transformer.resblocks.9.Adapter.t_attn.conv_offset.1.norm.weight', 'transformer.resblocks.9.Adapter.t_attn.conv_offset.1.norm.bias', 'transformer.resblocks.9.Adapter.t_attn.conv_offset.3.weight', 'transformer.resblocks.9.Adapter.t_attn.proj_q.weight', 'transformer.resblocks.9.Adapter.t_attn.proj_q.bias', 'transformer.resblocks.9.Adapter.t_attn.proj_k.weight', 'transformer.resblocks.9.Adapter.t_attn.proj_k.bias', 'transformer.resblocks.9.Adapter.t_attn.proj_v.weight', 'transformer.resblocks.9.Adapter.t_attn.proj_v.bias', 'transformer.resblocks.9.Adapter.t_attn.proj_out.weight', 'transformer.resblocks.9.Adapter.t_attn.proj_out.bias', 'transformer.resblocks.9.Adapter.up.weight', 'transformer.resblocks.9.Adapter.up.bias', 'transformer.resblocks.10.Adapter.down.weight', 'transformer.resblocks.10.Adapter.down.bias', 'transformer.resblocks.10.Adapter.pos_embed.weight', 'transformer.resblocks.10.Adapter.pos_embed.bias', 'transformer.resblocks.10.Adapter.s_ln.weight', 'transformer.resblocks.10.Adapter.s_ln.bias', 'transformer.resblocks.10.Adapter.s_attn.conv_offset.0.weight', 'transformer.resblocks.10.Adapter.s_attn.conv_offset.0.bias', 'transformer.resblocks.10.Adapter.s_attn.conv_offset.1.norm.weight', 'transformer.resblocks.10.Adapter.s_attn.conv_offset.1.norm.bias', 'transformer.resblocks.10.Adapter.s_attn.conv_offset.3.weight', 'transformer.resblocks.10.Adapter.s_attn.proj_q.weight', 'transformer.resblocks.10.Adapter.s_attn.proj_q.bias', 'transformer.resblocks.10.Adapter.s_attn.proj_k.weight', 'transformer.resblocks.10.Adapter.s_attn.proj_k.bias', 'transformer.resblocks.10.Adapter.s_attn.proj_v.weight', 'transformer.resblocks.10.Adapter.s_attn.proj_v.bias', 'transformer.resblocks.10.Adapter.s_attn.proj_out.weight', 'transformer.resblocks.10.Adapter.s_attn.proj_out.bias', 'transformer.resblocks.10.Adapter.t_ln.weight', 'transformer.resblocks.10.Adapter.t_ln.bias', 'transformer.resblocks.10.Adapter.t_attn.conv_offset.0.weight', 'transformer.resblocks.10.Adapter.t_attn.conv_offset.0.bias', 'transformer.resblocks.10.Adapter.t_attn.conv_offset.1.norm.weight', 'transformer.resblocks.10.Adapter.t_attn.conv_offset.1.norm.bias', 'transformer.resblocks.10.Adapter.t_attn.conv_offset.3.weight', 'transformer.resblocks.10.Adapter.t_attn.proj_q.weight', 'transformer.resblocks.10.Adapter.t_attn.proj_q.bias', 'transformer.resblocks.10.Adapter.t_attn.proj_k.weight', 'transformer.resblocks.10.Adapter.t_attn.proj_k.bias', 'transformer.resblocks.10.Adapter.t_attn.proj_v.weight', 'transformer.resblocks.10.Adapter.t_attn.proj_v.bias', 'transformer.resblocks.10.Adapter.t_attn.proj_out.weight', 'transformer.resblocks.10.Adapter.t_attn.proj_out.bias', 'transformer.resblocks.10.Adapter.up.weight', 'transformer.resblocks.10.Adapter.up.bias', 'transformer.resblocks.11.Adapter.down.weight', 'transformer.resblocks.11.Adapter.down.bias', 'transformer.resblocks.11.Adapter.pos_embed.weight', 'transformer.resblocks.11.Adapter.pos_embed.bias', 'transformer.resblocks.11.Adapter.s_ln.weight', 'transformer.resblocks.11.Adapter.s_ln.bias', 'transformer.resblocks.11.Adapter.s_attn.conv_offset.0.weight', 'transformer.resblocks.11.Adapter.s_attn.conv_offset.0.bias', 'transformer.resblocks.11.Adapter.s_attn.conv_offset.1.norm.weight', 'transformer.resblocks.11.Adapter.s_attn.conv_offset.1.norm.bias', 'transformer.resblocks.11.Adapter.s_attn.conv_offset.3.weight', 'transformer.resblocks.11.Adapter.s_attn.proj_q.weight', 'transformer.resblocks.11.Adapter.s_attn.proj_q.bias', 'transformer.resblocks.11.Adapter.s_attn.proj_k.weight', 'transformer.resblocks.11.Adapter.s_attn.proj_k.bias', 'transformer.resblocks.11.Adapter.s_attn.proj_v.weight', 'transformer.resblocks.11.Adapter.s_attn.proj_v.bias', 'transformer.resblocks.11.Adapter.s_attn.proj_out.weight', 'transformer.resblocks.11.Adapter.s_attn.proj_out.bias', 'transformer.resblocks.11.Adapter.t_ln.weight', 'transformer.resblocks.11.Adapter.t_ln.bias', 'transformer.resblocks.11.Adapter.t_attn.conv_offset.0.weight', 'transformer.resblocks.11.Adapter.t_attn.conv_offset.0.bias', 'transformer.resblocks.11.Adapter.t_attn.conv_offset.1.norm.weight', 'transformer.resblocks.11.Adapter.t_attn.conv_offset.1.norm.bias', 'transformer.resblocks.11.Adapter.t_attn.conv_offset.3.weight', 'transformer.resblocks.11.Adapter.t_attn.proj_q.weight', 'transformer.resblocks.11.Adapter.t_attn.proj_q.bias', 'transformer.resblocks.11.Adapter.t_attn.proj_k.weight', 'transformer.resblocks.11.Adapter.t_attn.proj_k.bias', 'transformer.resblocks.11.Adapter.t_attn.proj_v.weight', 'transformer.resblocks.11.Adapter.t_attn.proj_v.bias', 'transformer.resblocks.11.Adapter.t_attn.proj_out.weight', 'transformer.resblocks.11.Adapter.t_attn.proj_out.bias', 'transformer.resblocks.11.Adapter.up.weight', 'transformer.resblocks.11.Adapter.up.bias', 'task_matcher.context_norm.weight', 'task_matcher.context_norm.bias', 'task_matcher.generator.0.weight', 'task_matcher.generator.0.bias', 'task_matcher.generator.3.weight', 'task_matcher.generator.3.bias', 'multi_velocity_matcher.velocity_logits', 'multi_velocity_matcher.motion_norm.weight', 'multi_velocity_matcher.motion_norm.bias', 'multi_velocity_matcher.motion_projection.0.weight', 'multi_velocity_matcher.motion_projection.0.bias', 'multi_velocity_matcher.motion_projection.3.weight', 'multi_velocity_matcher.motion_projection.3.bias']
[09/04 11:16:48][INFO] models.base.adapter: 1078: Unexpected keys: []
[09/04 11:16:48][INFO] models.base.adapter: 1079: => loaded successfully 'ViT-B/16'
[09/04 11:16:48][INFO] models.base.adapter: 1086: init:  transformer.resblocks.0.Adapter.up
[09/04 11:16:48][INFO] models.base.adapter: 1086: init:  transformer.resblocks.1.Adapter.up
[09/04 11:16:48][INFO] models.base.adapter: 1086: init:  transformer.resblocks.2.Adapter.up
[09/04 11:16:48][INFO] models.base.adapter: 1086: init:  transformer.resblocks.3.Adapter.up
[09/04 11:16:48][INFO] models.base.adapter: 1086: init:  transformer.resblocks.4.Adapter.up
[09/04 11:16:48][INFO] models.base.adapter: 1086: init:  transformer.resblocks.5.Adapter.up
[09/04 11:16:48][INFO] models.base.adapter: 1086: init:  transformer.resblocks.6.Adapter.up
[09/04 11:16:48][INFO] models.base.adapter: 1086: init:  transformer.resblocks.7.Adapter.up
[09/04 11:16:48][INFO] models.base.adapter: 1086: init:  transformer.resblocks.8.Adapter.up
[09/04 11:16:48][INFO] models.base.adapter: 1086: init:  transformer.resblocks.9.Adapter.up
[09/04 11:16:48][INFO] models.base.adapter: 1086: init:  transformer.resblocks.10.Adapter.up
[09/04 11:16:48][INFO] models.base.adapter: 1086: init:  transformer.resblocks.11.Adapter.up
[09/04 11:16:48][INFO] train_net_few_shot:  308: Model:
BaseVideoModel(
  (model): ViT_CLIP(
    (conv1): Conv2d(3, 768, kernel_size=(16, 16), stride=(16, 16), bias=False)
    (ln_pre): LayerNorm((768,), eps=1e-05, elementwise_affine=True, bias=True)
    (transformer): Transformer(
      (resblocks): ModuleList(
        (0-11): 12 x ResidualAttentionBlock(
          (ln_1): LayerNorm((768,), eps=1e-05, elementwise_affine=True, bias=True)
          (attn): MultiheadAttention(
            (out_proj): NonDynamicallyQuantizableLinear(in_features=768, out_features=768, bias=True)
          )
          (ln_2): LayerNorm((768,), eps=1e-05, elementwise_affine=True, bias=True)
          (mlp): Sequential(
            (c_fc): Linear(in_features=768, out_features=3072, bias=True)
            (gelu): QuickGELU()
            (c_proj): Linear(in_features=3072, out_features=768, bias=True)
          )
          (Adapter): ViT_D2ST_Adapter(
            (down): Linear(in_features=768, out_features=192, bias=True)
            (gelu1): GELU(approximate='none')
            (pos_embed): Conv3d(192, 192, kernel_size=(3, 3, 3), stride=(1, 1, 1), padding=(1, 1, 1), groups=192)
            (s_ln): LayerNorm((192,), eps=1e-05, elementwise_affine=True, bias=True)
            (s_attn): ViT_DeformAttention(
              (conv_offset): Sequential(
                (0): Conv3d(48, 48, kernel_size=(4, 5, 5), stride=(4, 3, 3), groups=48)
                (1): LayerNormProxy(
                  (norm): LayerNorm((48,), eps=1e-05, elementwise_affine=True, bias=True)
                )
                (2): GELU(approximate='none')
                (3): Conv3d(48, 3, kernel_size=(1, 1, 1), stride=(1, 1, 1), bias=False)
              )
              (proj_q): Linear(in_features=192, out_features=192, bias=True)
              (proj_k): Linear(in_features=192, out_features=192, bias=True)
              (proj_v): Linear(in_features=192, out_features=192, bias=True)
              (proj_out): Linear(in_features=192, out_features=192, bias=True)
            )
            (t_ln): LayerNorm((192,), eps=1e-05, elementwise_affine=True, bias=True)
            (t_attn): ViT_DeformAttention(
              (conv_offset): Sequential(
                (0): Conv3d(48, 48, kernel_size=(1, 7, 7), stride=(1, 7, 7), groups=48)
                (1): LayerNormProxy(
                  (norm): LayerNorm((48,), eps=1e-05, elementwise_affine=True, bias=True)
                )
                (2): GELU(approximate='none')
                (3): Conv3d(48, 3, kernel_size=(1, 1, 1), stride=(1, 1, 1), bias=False)
              )
              (proj_q): Linear(in_features=192, out_features=192, bias=True)
              (proj_k): Linear(in_features=192, out_features=192, bias=True)
              (proj_v): Linear(in_features=192, out_features=192, bias=True)
              (proj_out): Linear(in_features=192, out_features=192, bias=True)
            )
            (gelu): GELU(approximate='none')
            (up): Linear(in_features=192, out_features=768, bias=True)
            (gelu2): GELU(approximate='none')
          )
        )
      )
    )
    (ln_post): LayerNorm((768,), eps=1e-05, elementwise_affine=True, bias=True)
    (task_matcher): D2STTaskAwareMatcher(
      (context_norm): LayerNorm((768,), eps=1e-05, elementwise_affine=True, bias=True)
      (generator): Sequential(
        (0): Linear(in_features=768, out_features=192, bias=True)
        (1): GELU(approximate='none')
        (2): Dropout(p=0.1, inplace=False)
        (3): Linear(in_features=192, out_features=64, bias=True)
      )
    )
    (multi_velocity_matcher): D2STMultiVelocityMatcher(
      (motion_norm): LayerNorm((768,), eps=1e-05, elementwise_affine=True, bias=True)
      (motion_projection): Sequential(
        (0): Linear(in_features=768, out_features=192, bias=True)
        (1): GELU(approximate='none')
        (2): Dropout(p=0.1, inplace=False)
        (3): Linear(in_features=192, out_features=768, bias=True)
      )
    )
  )
)
[09/04 11:16:48][INFO] models.utils.optimizer:   82: Optimized parameters constructed. Parameters without weight decay: []
[09/04 11:16:48][INFO] datasets.base.few_shot_dataset:   97: Reading video list from file: train_few_shot.txt
[09/04 11:16:48][INFO] datasets.base.few_shot_dataset:  127: Loading UCF101 dataset list for split 'train'...
[09/04 11:16:48][INFO] datasets.base.few_shot_dataset:   47: loaded 9154 videos from train dataset: UCF101 !
[09/04 11:16:48][INFO] datasets.base.few_shot_dataset:  153: Dataset UCF101 split train loaded. Length 9154.
[09/04 11:16:48][INFO] datasets.base.few_shot_dataset:   97: Reading video list from file: test_few_shot.txt
[09/04 11:16:48][INFO] datasets.base.few_shot_dataset:  127: Loading UCF101 dataset list for split 'test'...
[09/04 11:16:48][INFO] datasets.base.few_shot_dataset:   47: loaded 2745 videos from test dataset: UCF101 !
[09/04 11:16:48][INFO] datasets.base.few_shot_dataset:  153: Dataset UCF101 split test loaded. Length 2745.
[09/04 11:16:48][INFO] train_net_few_shot:  330: Start epoch: 1
[09/04 11:16:48][INFO] train_net_few_shot:  363: Number of total parameters: 93538820, tunable parameters: 7741700
[09/04 11:16:48][INFO] train_net_few_shot:   89: Norm training: True
[09/04 11:16:48][INFO] train_net_few_shot:  107: Gradient accumulation: steps=16, normalize=True
[09/04 11:17:54][INFO] utils.logging:   91: {"_type": "train_iter", "iter": "200/18000", "loss": 0.243860, "lr": 0.000072, "top1_acc": 91.000001}
[09/04 11:19:02][INFO] utils.logging:   91: {"_type": "train_iter", "iter": "400/18000", "loss": 0.163777, "lr": 0.000094, "top1_acc": 92.900001}
[09/04 11:20:11][INFO] utils.logging:   91: {"_type": "train_iter", "iter": "600/18000", "loss": 0.086778, "lr": 0.000117, "top1_acc": 96.200000}
[09/04 11:21:20][INFO] utils.logging:   91: {"_type": "train_iter", "iter": "800/18000", "loss": 0.071721, "lr": 0.000139, "top1_acc": 96.700000}
[09/04 11:22:28][INFO] utils.logging:   91: {"_type": "train_iter", "iter": "1000/18000", "loss": 0.046238, "lr": 0.000161, "top1_acc": 94.900000}
[09/04 11:23:37][INFO] utils.logging:   91: {"_type": "train_iter", "iter": "1200/18000", "loss": 0.029260, "lr": 0.000183, "top1_acc": 97.300000}
[09/04 11:24:45][INFO] utils.logging:   91: {"_type": "train_iter", "iter": "1400/18000", "loss": 0.023143, "lr": 0.000205, "top1_acc": 96.500000}
[09/04 11:25:53][INFO] utils.logging:   91: {"_type": "train_iter", "iter": "1600/18000", "loss": 0.019761, "lr": 0.000228, "top1_acc": 97.600000}
[09/04 11:27:01][INFO] utils.logging:   91: {"_type": "train_iter", "iter": "1800/18000", "loss": 0.024076, "lr": 0.000250, "top1_acc": 97.000000}
[09/04 11:28:08][INFO] utils.logging:   91: {"_type": "train_iter", "iter": "2000/18000", "loss": 0.027419, "lr": 0.000250, "top1_acc": 98.300000}
[09/04 11:29:17][INFO] utils.logging:   91: {"_type": "train_iter", "iter": "2200/18000", "loss": 0.028207, "lr": 0.000250, "top1_acc": 97.300000}
[09/04 11:30:24][INFO] utils.logging:   91: {"_type": "train_iter", "iter": "2400/18000", "loss": 0.026511, "lr": 0.000250, "top1_acc": 97.100000}
[09/04 11:31:32][INFO] utils.logging:   91: {"_type": "train_iter", "iter": "2600/18000", "loss": 0.024304, "lr": 0.000250, "top1_acc": 97.800000}
[09/04 11:32:40][INFO] utils.logging:   91: {"_type": "train_iter", "iter": "2800/18000", "loss": 0.023306, "lr": 0.000250, "top1_acc": 97.400000}
[09/04 11:33:48][INFO] utils.logging:   91: {"_type": "train_iter", "iter": "3000/18000", "loss": 0.026012, "lr": 0.000250, "top1_acc": 96.800000}
[09/04 11:34:56][INFO] utils.logging:   91: {"_type": "train_iter", "iter": "3200/18000", "loss": 0.023780, "lr": 0.000250, "top1_acc": 97.100000}
[09/04 11:36:04][INFO] utils.logging:   91: {"_type": "train_iter", "iter": "3400/18000", "loss": 0.022604, "lr": 0.000250, "top1_acc": 97.600000}
[09/04 11:37:12][INFO] utils.logging:   91: {"_type": "train_iter", "iter": "3600/18000", "loss": 0.015939, "lr": 0.000250, "top1_acc": 98.200000}
[09/04 11:38:19][INFO] utils.logging:   91: {"_type": "train_iter", "iter": "3800/18000", "loss": 0.030770, "lr": 0.000250, "top1_acc": 97.700000}
[09/04 11:39:27][INFO] utils.logging:   91: {"_type": "train_iter", "iter": "4000/18000", "loss": 0.023999, "lr": 0.000250, "top1_acc": 98.000000}
[09/04 11:40:35][INFO] utils.logging:   91: {"_type": "train_iter", "iter": "4200/18000", "loss": 0.023643, "lr": 0.000250, "top1_acc": 97.800000}
[09/04 11:41:44][INFO] utils.logging:   91: {"_type": "train_iter", "iter": "4400/18000", "loss": 0.027752, "lr": 0.000250, "top1_acc": 96.600000}
[09/04 11:42:52][INFO] utils.logging:   91: {"_type": "train_iter", "iter": "4600/18000", "loss": 0.021752, "lr": 0.000250, "top1_acc": 97.800000}
[09/04 11:43:59][INFO] utils.logging:   91: {"_type": "train_iter", "iter": "4800/18000", "loss": 0.019674, "lr": 0.000250, "top1_acc": 96.900000}
[09/04 11:45:07][INFO] utils.logging:   91: {"_type": "train_iter", "iter": "5000/18000", "loss": 0.020109, "lr": 0.000250, "top1_acc": 98.300000}
[09/04 11:46:14][INFO] utils.logging:   91: {"_type": "train_iter", "iter": "5200/18000", "loss": 0.019762, "lr": 0.000250, "top1_acc": 97.800000}
[09/04 11:47:22][INFO] utils.logging:   91: {"_type": "train_iter", "iter": "5400/18000", "loss": 0.021875, "lr": 0.000250, "top1_acc": 97.700000}
[09/04 11:48:29][INFO] utils.logging:   91: {"_type": "train_iter", "iter": "5600/18000", "loss": 0.025662, "lr": 0.000250, "top1_acc": 97.300000}
[09/04 11:49:37][INFO] utils.logging:   91: {"_type": "train_iter", "iter": "5800/18000", "loss": 0.019944, "lr": 0.000250, "top1_acc": 97.900000}
[09/04 11:51:16][INFO] utils.logging:   91: {"_type": "val_iter", "gpu_mem": "11.77 GB", "iter": "200/10000", "top1_acc": 97.100000}
[09/04 11:51:42][INFO] utils.logging:   91: {"_type": "val_iter", "gpu_mem": "11.77 GB", "iter": "400/10000", "top1_acc": 96.700000}
[09/04 11:52:08][INFO] utils.logging:   91: {"_type": "val_iter", "gpu_mem": "11.77 GB", "iter": "600/10000", "top1_acc": 96.500000}
[09/04 11:52:33][INFO] utils.logging:   91: {"_type": "val_iter", "gpu_mem": "11.77 GB", "iter": "800/10000", "top1_acc": 96.200000}
[09/04 11:52:59][INFO] utils.logging:   91: {"_type": "val_iter", "gpu_mem": "11.77 GB", "iter": "1000/10000", "top1_acc": 96.800000}
[09/04 11:53:25][INFO] utils.logging:   91: {"_type": "val_iter", "gpu_mem": "11.77 GB", "iter": "1200/10000", "top1_acc": 97.300000}
[09/04 11:53:51][INFO] utils.logging:   91: {"_type": "val_iter", "gpu_mem": "11.77 GB", "iter": "1400/10000", "top1_acc": 97.400000}
[09/04 11:54:17][INFO] utils.logging:   91: {"_type": "val_iter", "gpu_mem": "11.77 GB", "iter": "1600/10000", "top1_acc": 97.100000}
[09/04 11:54:43][INFO] utils.logging:   91: {"_type": "val_iter", "gpu_mem": "11.77 GB", "iter": "1800/10000", "top1_acc": 97.300000}
[09/04 11:55:08][INFO] utils.logging:   91: {"_type": "val_iter", "gpu_mem": "11.77 GB", "iter": "2000/10000", "top1_acc": 96.400000}
[09/04 11:55:34][INFO] utils.logging:   91: {"_type": "val_iter", "gpu_mem": "11.77 GB", "iter": "2200/10000", "top1_acc": 97.900000}
[09/04 11:56:00][INFO] utils.logging:   91: {"_type": "val_iter", "gpu_mem": "11.77 GB", "iter": "2400/10000", "top1_acc": 95.900000}
[09/04 11:56:26][INFO] utils.logging:   91: {"_type": "val_iter", "gpu_mem": "11.77 GB", "iter": "2600/10000", "top1_acc": 96.700000}
[09/04 11:56:52][INFO] utils.logging:   91: {"_type": "val_iter", "gpu_mem": "11.77 GB", "iter": "2800/10000", "top1_acc": 96.300000}
[09/04 11:57:17][INFO] utils.logging:   91: {"_type": "val_iter", "gpu_mem": "11.77 GB", "iter": "3000/10000", "top1_acc": 96.800000}
[09/04 11:57:43][INFO] utils.logging:   91: {"_type": "val_iter", "gpu_mem": "11.77 GB", "iter": "3200/10000", "top1_acc": 96.300000}
[09/04 11:58:09][INFO] utils.logging:   91: {"_type": "val_iter", "gpu_mem": "11.77 GB", "iter": "3400/10000", "top1_acc": 96.300000}
[09/04 11:58:35][INFO] utils.logging:   91: {"_type": "val_iter", "gpu_mem": "11.77 GB", "iter": "3600/10000", "top1_acc": 96.500000}
[09/04 11:59:01][INFO] utils.logging:   91: {"_type": "val_iter", "gpu_mem": "11.77 GB", "iter": "3800/10000", "top1_acc": 97.300000}
[09/04 11:59:27][INFO] utils.logging:   91: {"_type": "val_iter", "gpu_mem": "11.77 GB", "iter": "4000/10000", "top1_acc": 96.900000}
[09/04 11:59:53][INFO] utils.logging:   91: {"_type": "val_iter", "gpu_mem": "11.77 GB", "iter": "4200/10000", "top1_acc": 97.200000}
[09/04 12:00:19][INFO] utils.logging:   91: {"_type": "val_iter", "gpu_mem": "11.77 GB", "iter": "4400/10000", "top1_acc": 95.100000}
[09/04 12:00:45][INFO] utils.logging:   91: {"_type": "val_iter", "gpu_mem": "11.77 GB", "iter": "4600/10000", "top1_acc": 96.900000}
[09/04 12:01:11][INFO] utils.logging:   91: {"_type": "val_iter", "gpu_mem": "11.77 GB", "iter": "4800/10000", "top1_acc": 97.200000}
[09/04 12:01:36][INFO] utils.logging:   91: {"_type": "val_iter", "gpu_mem": "11.77 GB", "iter": "5000/10000", "top1_acc": 96.000000}
[09/04 12:02:03][INFO] utils.logging:   91: {"_type": "val_iter", "gpu_mem": "11.77 GB", "iter": "5200/10000", "top1_acc": 95.800000}
[09/04 12:02:28][INFO] utils.logging:   91: {"_type": "val_iter", "gpu_mem": "11.77 GB", "iter": "5400/10000", "top1_acc": 95.700000}
[09/04 12:02:54][INFO] utils.logging:   91: {"_type": "val_iter", "gpu_mem": "11.77 GB", "iter": "5600/10000", "top1_acc": 96.100000}
[09/04 12:03:20][INFO] utils.logging:   91: {"_type": "val_iter", "gpu_mem": "11.77 GB", "iter": "5800/10000", "top1_acc": 96.400000}
[09/04 12:03:46][INFO] utils.logging:   91: {"_type": "val_iter", "gpu_mem": "11.77 GB", "iter": "6000/10000", "top1_acc": 97.000000}
[09/04 12:04:12][INFO] utils.logging:   91: {"_type": "val_iter", "gpu_mem": "11.77 GB", "iter": "6200/10000", "top1_acc": 96.300000}
[09/04 12:04:38][INFO] utils.logging:   91: {"_type": "val_iter", "gpu_mem": "11.77 GB", "iter": "6400/10000", "top1_acc": 96.500000}
[09/04 12:05:04][INFO] utils.logging:   91: {"_type": "val_iter", "gpu_mem": "11.77 GB", "iter": "6600/10000", "top1_acc": 96.200000}
[09/04 12:05:30][INFO] utils.logging:   91: {"_type": "val_iter", "gpu_mem": "11.77 GB", "iter": "6800/10000", "top1_acc": 96.200000}
[09/04 12:05:55][INFO] utils.logging:   91: {"_type": "val_iter", "gpu_mem": "11.77 GB", "iter": "7000/10000", "top1_acc": 97.500000}
[09/04 12:06:21][INFO] utils.logging:   91: {"_type": "val_iter", "gpu_mem": "11.77 GB", "iter": "7200/10000", "top1_acc": 96.300000}
[09/04 12:06:47][INFO] utils.logging:   91: {"_type": "val_iter", "gpu_mem": "11.77 GB", "iter": "7400/10000", "top1_acc": 97.700000}
[09/04 12:07:13][INFO] utils.logging:   91: {"_type": "val_iter", "gpu_mem": "11.77 GB", "iter": "7600/10000", "top1_acc": 97.400000}
[09/04 12:07:39][INFO] utils.logging:   91: {"_type": "val_iter", "gpu_mem": "11.77 GB", "iter": "7800/10000", "top1_acc": 96.600000}
[09/04 12:08:05][INFO] utils.logging:   91: {"_type": "val_iter", "gpu_mem": "11.77 GB", "iter": "8000/10000", "top1_acc": 96.300000}
[09/04 12:08:30][INFO] utils.logging:   91: {"_type": "val_iter", "gpu_mem": "11.77 GB", "iter": "8200/10000", "top1_acc": 96.200000}
[09/04 12:08:56][INFO] utils.logging:   91: {"_type": "val_iter", "gpu_mem": "11.77 GB", "iter": "8400/10000", "top1_acc": 96.000000}
[09/04 12:09:22][INFO] utils.logging:   91: {"_type": "val_iter", "gpu_mem": "11.77 GB", "iter": "8600/10000", "top1_acc": 96.700000}
[09/04 12:09:48][INFO] utils.logging:   91: {"_type": "val_iter", "gpu_mem": "11.77 GB", "iter": "8800/10000", "top1_acc": 97.100000}
[09/04 12:10:14][INFO] utils.logging:   91: {"_type": "val_iter", "gpu_mem": "11.77 GB", "iter": "9000/10000", "top1_acc": 96.400000}
[09/04 12:10:40][INFO] utils.logging:   91: {"_type": "val_iter", "gpu_mem": "11.77 GB", "iter": "9200/10000", "top1_acc": 96.800000}
[09/04 12:11:06][INFO] utils.logging:   91: {"_type": "val_iter", "gpu_mem": "11.77 GB", "iter": "9400/10000", "top1_acc": 95.800000}
[09/04 12:11:32][INFO] utils.logging:   91: {"_type": "val_iter", "gpu_mem": "11.77 GB", "iter": "9600/10000", "top1_acc": 96.600000}
[09/04 12:11:58][INFO] utils.logging:   91: {"_type": "val_iter", "gpu_mem": "11.77 GB", "iter": "9800/10000", "top1_acc": 96.700000}
[09/04 12:12:24][INFO] utils.logging:   91: {"_type": "val_iter", "gpu_mem": "11.77 GB", "iter": "10000/10000", "top1_acc": 96.700000}
[09/04 12:12:24][INFO] utils.logging:   91: {"RAM": "23.95/125.63 GB", "_type": "val_epoch", "epoch": "1", "gpu_mem": "11.77 GB", "top1_acc": 96.622000}
[09/04 12:12:24][INFO] train_net_few_shot:   53: Fusion weights: task_match=0.019494, multi_velocity=0.019530
[09/04 12:12:24][INFO] train_net_few_shot:   73: Multi-velocity matcher: motion_delta=0.028603605926036835, velocity_weights=[0.49916648864746094, 0.5008335113525391], logit_delta=4.472720623016357
[09/04 12:12:24][INFO] train_net_few_shot:  145: New best validation accuracy: 96.6220; checkpoint=output/UCF101_TASK_MATCH_MULTI_VELOCITY/checkpoints/checkpoint_best.pyth
[09/04 12:12:25][INFO] utils.logging:   91: {"_type": "train_iter", "iter": "6000/18000", "loss": 0.016306, "lr": 0.000250, "top1_acc": 97.500000}
[09/04 12:13:32][INFO] utils.logging:   91: {"_type": "train_iter", "iter": "6200/18000", "loss": 0.024391, "lr": 0.000250, "top1_acc": 97.900000}
[09/04 12:14:40][INFO] utils.logging:   91: {"_type": "train_iter", "iter": "6400/18000", "loss": 0.015874, "lr": 0.000250, "top1_acc": 98.000000}
[09/04 12:15:48][INFO] utils.logging:   91: {"_type": "train_iter", "iter": "6600/18000", "loss": 0.022320, "lr": 0.000250, "top1_acc": 97.400000}
[09/04 12:16:55][INFO] utils.logging:   91: {"_type": "train_iter", "iter": "6800/18000", "loss": 0.012275, "lr": 0.000250, "top1_acc": 98.200000}
[09/04 12:18:02][INFO] utils.logging:   91: {"_type": "train_iter", "iter": "7000/18000", "loss": 0.017319, "lr": 0.000250, "top1_acc": 98.300000}
[09/04 12:19:09][INFO] utils.logging:   91: {"_type": "train_iter", "iter": "7200/18000", "loss": 0.016141, "lr": 0.000250, "top1_acc": 98.600000}
[09/04 12:20:17][INFO] utils.logging:   91: {"_type": "train_iter", "iter": "7400/18000", "loss": 0.017677, "lr": 0.000250, "top1_acc": 97.800000}
[09/04 12:21:24][INFO] utils.logging:   91: {"_type": "train_iter", "iter": "7600/18000", "loss": 0.012467, "lr": 0.000250, "top1_acc": 97.500000}
[09/04 12:22:31][INFO] utils.logging:   91: {"_type": "train_iter", "iter": "7800/18000", "loss": 0.016338, "lr": 0.000250, "top1_acc": 98.200000}
[09/04 12:23:38][INFO] utils.logging:   91: {"_type": "train_iter", "iter": "8000/18000", "loss": 0.014922, "lr": 0.000250, "top1_acc": 98.400000}
[09/04 12:24:41][INFO] utils.logging:   91: {"_type": "train_iter", "iter": "8200/18000", "loss": 0.016420, "lr": 0.000250, "top1_acc": 98.500000}
[09/04 12:25:45][INFO] utils.logging:   91: {"_type": "train_iter", "iter": "8400/18000", "loss": 0.016962, "lr": 0.000250, "top1_acc": 98.100000}
[09/04 12:26:48][INFO] utils.logging:   91: {"_type": "train_iter", "iter": "8600/18000", "loss": 0.014733, "lr": 0.000250, "top1_acc": 97.600000}
[09/04 12:27:52][INFO] utils.logging:   91: {"_type": "train_iter", "iter": "8800/18000", "loss": 0.009859, "lr": 0.000250, "top1_acc": 98.300000}
[09/04 12:28:55][INFO] utils.logging:   91: {"_type": "train_iter", "iter": "9000/18000", "loss": 0.013675, "lr": 0.000250, "top1_acc": 97.700000}
[09/04 12:29:59][INFO] utils.logging:   91: {"_type": "train_iter", "iter": "9200/18000", "loss": 0.012147, "lr": 0.000025, "top1_acc": 97.800000}
[09/04 12:31:03][INFO] utils.logging:   91: {"_type": "train_iter", "iter": "9400/18000", "loss": 0.012224, "lr": 0.000025, "top1_acc": 98.400000}
[09/04 12:32:06][INFO] utils.logging:   91: {"_type": "train_iter", "iter": "9600/18000", "loss": 0.010878, "lr": 0.000025, "top1_acc": 97.900000}
[09/04 12:33:09][INFO] utils.logging:   91: {"_type": "train_iter", "iter": "9800/18000", "loss": 0.012657, "lr": 0.000025, "top1_acc": 98.500000}
[09/04 12:34:13][INFO] utils.logging:   91: {"_type": "train_iter", "iter": "10000/18000", "loss": 0.012976, "lr": 0.000025, "top1_acc": 98.000000}
[09/04 12:35:17][INFO] utils.logging:   91: {"_type": "train_iter", "iter": "10200/18000", "loss": 0.018876, "lr": 0.000025, "top1_acc": 97.800000}
[09/04 12:36:20][INFO] utils.logging:   91: {"_type": "train_iter", "iter": "10400/18000", "loss": 0.012802, "lr": 0.000025, "top1_acc": 98.300000}
[09/04 12:37:24][INFO] utils.logging:   91: {"_type": "train_iter", "iter": "10600/18000", "loss": 0.012805, "lr": 0.000025, "top1_acc": 98.000000}
[09/04 12:38:27][INFO] utils.logging:   91: {"_type": "train_iter", "iter": "10800/18000", "loss": 0.011129, "lr": 0.000025, "top1_acc": 97.600000}
[09/04 12:39:31][INFO] utils.logging:   91: {"_type": "train_iter", "iter": "11000/18000", "loss": 0.011031, "lr": 0.000025, "top1_acc": 98.500000}
[09/04 12:40:34][INFO] utils.logging:   91: {"_type": "train_iter", "iter": "11200/18000", "loss": 0.011531, "lr": 0.000025, "top1_acc": 97.900000}
[09/04 12:41:38][INFO] utils.logging:   91: {"_type": "train_iter", "iter": "11400/18000", "loss": 0.009889, "lr": 0.000025, "top1_acc": 98.600000}
[09/04 12:42:41][INFO] utils.logging:   91: {"_type": "train_iter", "iter": "11600/18000", "loss": 0.010172, "lr": 0.000025, "top1_acc": 98.400000}
[09/04 12:43:45][INFO] utils.logging:   91: {"_type": "train_iter", "iter": "11800/18000", "loss": 0.011833, "lr": 0.000025, "top1_acc": 98.100000}
[09/04 12:45:13][INFO] utils.logging:   91: {"_type": "val_iter", "gpu_mem": "11.77 GB", "iter": "200/10000", "top1_acc": 96.100000}
[09/04 12:45:37][INFO] utils.logging:   91: {"_type": "val_iter", "gpu_mem": "11.77 GB", "iter": "400/10000", "top1_acc": 96.600000}
[09/04 12:46:01][INFO] utils.logging:   91: {"_type": "val_iter", "gpu_mem": "11.77 GB", "iter": "600/10000", "top1_acc": 96.900000}
[09/04 12:46:25][INFO] utils.logging:   91: {"_type": "val_iter", "gpu_mem": "11.77 GB", "iter": "800/10000", "top1_acc": 95.700000}
[09/04 12:46:49][INFO] utils.logging:   91: {"_type": "val_iter", "gpu_mem": "11.77 GB", "iter": "1000/10000", "top1_acc": 97.200000}
[09/04 12:47:13][INFO] utils.logging:   91: {"_type": "val_iter", "gpu_mem": "11.77 GB", "iter": "1200/10000", "top1_acc": 98.200000}
[09/04 12:47:37][INFO] utils.logging:   91: {"_type": "val_iter", "gpu_mem": "11.77 GB", "iter": "1400/10000", "top1_acc": 96.400000}
[09/04 12:48:01][INFO] utils.logging:   91: {"_type": "val_iter", "gpu_mem": "11.77 GB", "iter": "1600/10000", "top1_acc": 96.700000}
[09/04 12:48:25][INFO] utils.logging:   91: {"_type": "val_iter", "gpu_mem": "11.77 GB", "iter": "1800/10000", "top1_acc": 96.800000}
[09/04 12:48:49][INFO] utils.logging:   91: {"_type": "val_iter", "gpu_mem": "11.77 GB", "iter": "2000/10000", "top1_acc": 96.300000}
[09/04 12:49:13][INFO] utils.logging:   91: {"_type": "val_iter", "gpu_mem": "11.77 GB", "iter": "2200/10000", "top1_acc": 97.500000}
[09/04 12:49:38][INFO] utils.logging:   91: {"_type": "val_iter", "gpu_mem": "11.77 GB", "iter": "2400/10000", "top1_acc": 95.900000}
[09/04 12:50:02][INFO] utils.logging:   91: {"_type": "val_iter", "gpu_mem": "11.77 GB", "iter": "2600/10000", "top1_acc": 96.700000}
[09/04 12:50:26][INFO] utils.logging:   91: {"_type": "val_iter", "gpu_mem": "11.77 GB", "iter": "2800/10000", "top1_acc": 96.700000}
[09/04 12:50:50][INFO] utils.logging:   91: {"_type": "val_iter", "gpu_mem": "11.77 GB", "iter": "3000/10000", "top1_acc": 96.900000}
[09/04 12:51:14][INFO] utils.logging:   91: {"_type": "val_iter", "gpu_mem": "11.77 GB", "iter": "3200/10000", "top1_acc": 96.200000}
[09/04 12:51:38][INFO] utils.logging:   91: {"_type": "val_iter", "gpu_mem": "11.77 GB", "iter": "3400/10000", "top1_acc": 96.100000}
[09/04 12:52:02][INFO] utils.logging:   91: {"_type": "val_iter", "gpu_mem": "11.77 GB", "iter": "3600/10000", "top1_acc": 97.100000}
[09/04 12:52:26][INFO] utils.logging:   91: {"_type": "val_iter", "gpu_mem": "11.77 GB", "iter": "3800/10000", "top1_acc": 97.100000}
[09/04 12:52:50][INFO] utils.logging:   91: {"_type": "val_iter", "gpu_mem": "11.77 GB", "iter": "4000/10000", "top1_acc": 96.300000}
[09/04 12:53:15][INFO] utils.logging:   91: {"_type": "val_iter", "gpu_mem": "11.77 GB", "iter": "4200/10000", "top1_acc": 97.100000}
[09/04 12:53:39][INFO] utils.logging:   91: {"_type": "val_iter", "gpu_mem": "11.77 GB", "iter": "4400/10000", "top1_acc": 95.300000}
[09/04 12:54:03][INFO] utils.logging:   91: {"_type": "val_iter", "gpu_mem": "11.77 GB", "iter": "4600/10000", "top1_acc": 97.500000}
[09/04 12:54:27][INFO] utils.logging:   91: {"_type": "val_iter", "gpu_mem": "11.77 GB", "iter": "4800/10000", "top1_acc": 96.900000}
[09/04 12:54:51][INFO] utils.logging:   91: {"_type": "val_iter", "gpu_mem": "11.77 GB", "iter": "5000/10000", "top1_acc": 95.700000}
[09/04 12:55:15][INFO] utils.logging:   91: {"_type": "val_iter", "gpu_mem": "11.77 GB", "iter": "5200/10000", "top1_acc": 95.700000}
[09/04 12:55:40][INFO] utils.logging:   91: {"_type": "val_iter", "gpu_mem": "11.77 GB", "iter": "5400/10000", "top1_acc": 95.800000}
[09/04 12:56:04][INFO] utils.logging:   91: {"_type": "val_iter", "gpu_mem": "11.77 GB", "iter": "5600/10000", "top1_acc": 96.300000}
[09/04 12:56:28][INFO] utils.logging:   91: {"_type": "val_iter", "gpu_mem": "11.77 GB", "iter": "5800/10000", "top1_acc": 96.200000}
[09/04 12:56:52][INFO] utils.logging:   91: {"_type": "val_iter", "gpu_mem": "11.77 GB", "iter": "6000/10000", "top1_acc": 96.500000}
[09/04 12:57:16][INFO] utils.logging:   91: {"_type": "val_iter", "gpu_mem": "11.77 GB", "iter": "6200/10000", "top1_acc": 96.700000}
[09/04 12:57:40][INFO] utils.logging:   91: {"_type": "val_iter", "gpu_mem": "11.77 GB", "iter": "6400/10000", "top1_acc": 96.900000}
[09/04 12:58:04][INFO] utils.logging:   91: {"_type": "val_iter", "gpu_mem": "11.77 GB", "iter": "6600/10000", "top1_acc": 96.900000}
[09/04 12:58:29][INFO] utils.logging:   91: {"_type": "val_iter", "gpu_mem": "11.77 GB", "iter": "6800/10000", "top1_acc": 96.400000}
[09/04 12:58:53][INFO] utils.logging:   91: {"_type": "val_iter", "gpu_mem": "11.77 GB", "iter": "7000/10000", "top1_acc": 96.700000}
[09/04 12:59:17][INFO] utils.logging:   91: {"_type": "val_iter", "gpu_mem": "11.77 GB", "iter": "7200/10000", "top1_acc": 95.600000}
[09/04 12:59:41][INFO] utils.logging:   91: {"_type": "val_iter", "gpu_mem": "11.77 GB", "iter": "7400/10000", "top1_acc": 96.900000}
[09/04 13:00:05][INFO] utils.logging:   91: {"_type": "val_iter", "gpu_mem": "11.77 GB", "iter": "7600/10000", "top1_acc": 96.700000}
[09/04 13:00:30][INFO] utils.logging:   91: {"_type": "val_iter", "gpu_mem": "11.77 GB", "iter": "7800/10000", "top1_acc": 97.000000}
[09/04 13:00:54][INFO] utils.logging:   91: {"_type": "val_iter", "gpu_mem": "11.77 GB", "iter": "8000/10000", "top1_acc": 96.600000}
[09/04 13:01:18][INFO] utils.logging:   91: {"_type": "val_iter", "gpu_mem": "11.77 GB", "iter": "8200/10000", "top1_acc": 97.000000}
[09/04 13:01:42][INFO] utils.logging:   91: {"_type": "val_iter", "gpu_mem": "11.77 GB", "iter": "8400/10000", "top1_acc": 95.900000}
[09/04 13:02:06][INFO] utils.logging:   91: {"_type": "val_iter", "gpu_mem": "11.77 GB", "iter": "8600/10000", "top1_acc": 96.600000}
[09/04 13:02:31][INFO] utils.logging:   91: {"_type": "val_iter", "gpu_mem": "11.77 GB", "iter": "8800/10000", "top1_acc": 97.200000}
[09/04 13:02:55][INFO] utils.logging:   91: {"_type": "val_iter", "gpu_mem": "11.77 GB", "iter": "9000/10000", "top1_acc": 96.700000}
[09/04 13:03:19][INFO] utils.logging:   91: {"_type": "val_iter", "gpu_mem": "11.77 GB", "iter": "9200/10000", "top1_acc": 96.300000}
[09/04 13:03:44][INFO] utils.logging:   91: {"_type": "val_iter", "gpu_mem": "11.77 GB", "iter": "9400/10000", "top1_acc": 96.900000}
[09/04 13:04:08][INFO] utils.logging:   91: {"_type": "val_iter", "gpu_mem": "11.77 GB", "iter": "9600/10000", "top1_acc": 95.900000}
[09/04 13:04:32][INFO] utils.logging:   91: {"_type": "val_iter", "gpu_mem": "11.77 GB", "iter": "9800/10000", "top1_acc": 96.500000}
[09/04 13:04:56][INFO] utils.logging:   91: {"_type": "val_iter", "gpu_mem": "11.77 GB", "iter": "10000/10000", "top1_acc": 96.800000}
[09/04 13:04:57][INFO] utils.logging:   91: {"RAM": "19.05/125.63 GB", "_type": "val_epoch", "epoch": "2", "gpu_mem": "11.77 GB", "top1_acc": 96.572000}
[09/04 13:04:57][INFO] train_net_few_shot:   53: Fusion weights: task_match=0.020495, multi_velocity=0.020539
[09/04 13:04:57][INFO] train_net_few_shot:   73: Multi-velocity matcher: motion_delta=0.02853379026055336, velocity_weights=[0.49935880303382874, 0.5006411671638489], logit_delta=4.82233190536499
[09/04 13:04:57][INFO] train_net_few_shot:  152: Validation accuracy 96.5720 did not improve best 96.6220 (1/0 evaluations without improvement).
[09/04 13:04:57][INFO] train_net_few_shot:  161: Early stopping at iteration 12000; best validation accuracy was 96.6220.
[09/04 13:04:57][INFO] utils.logging:   91: {"RAM": "16.11/125.63 GB", "_type": "train_epoch", "epoch": "7", "gpu_mem": "11.77 GB", "loss": 0.076847, "lr": 0.000025, "top1_acc": 97.531461}
