[07/30 20:38:35][INFO] train_net_few_shot:  166: Train with config:
[07/30 20:38:35][INFO] train_net_few_shot:  167: {
  "TASK_TYPE": "few_shot_action",
  "PRETRAIN": {
    "ENABLE": false
  },
  "LOCALIZATION": {
    "ENABLE": false
  },
  "TRAIN": {
    "ENABLE": true,
    "DATASET": "SSv2-Full",
    "BATCH_SIZE": 1,
    "LOG_FILE": "train.log",
    "EVAL_PERIOD": 2,
    "NUM_FOLDS": 1,
    "AUTO_RESUME": true,
    "CHECKPOINT_PERIOD": 10,
    "CHECKPOINT_FILE_PATH": "",
    "CHECKPOINT_TYPE": "pytorch",
    "CHECKPOINT_INFLATE": false,
    "CHECKPOINT_PRE_PROCESS": {
      "ENABLE": false
    },
    "FINE_TUNE": true,
    "ONLY_LINEAR": false,
    "LR_REDUCE": false,
    "TRAIN_VAL_COMBINE": false,
    "LOSS_FUNC": "cross_entropy",
    "USE_CLASSIFICATION_VALUE": 2.0,
    "GRADIENT_CHECKPOINT": true,
    "NUM_CLASS": 64,
    "META_BATCH": true,
    "WAY": 5,
    "SHOT": 1,
    "QUERY_PER_CLASS": 1,
    "QUERY_PER_CLASS_TEST": 1,
    "NUM_TRAIN_TASKS": 30000,
    "NUM_TEST_TASKS": 10000,
    "VAL_FRE_ITER": 10000,
    "BATCH_SIZE_PER_TASK": 4,
    "USE_KEYFRAME_SELECTION": false
  },
  "TEST": {
    "ENABLE": true,
    "DATASET": "SSv2-Full",
    "BATCH_SIZE": 1,
    "NUM_SPATIAL_CROPS": 1,
    "SPATIAL_CROPS": "cctltr",
    "NUM_ENSEMBLE_VIEWS": 1,
    "LOG_FILE": "test.log",
    "CHECKPOINT_FILE_PATH": "",
    "CHECKPOINT_TYPE": "pytorch",
    "AUTOMATIC_MULTI_SCALE_TEST": false,
    "TEST_SET": "val",
    "UPLOAD_CLASSIFIER_RESULTS": true,
    "SHOT": [
      5
    ],
    "USE_KEYFRAME_SELECTION": false
  },
  "VISUALIZATION": {
    "ENABLE": false,
    "NAME": "",
    "FEATURE_MAPS": {
      "ENABLE": false,
      "BASE_OUTPUT_DIR": ""
    }
  },
  "SUBMISSION": {
    "ENABLE": false,
    "SAVE_RESULTS_PATH": "test.json"
  },
  "DATA": {
    "DATA_ROOT_DIR": "/mnt/data/yanyi2025/lrc/action_data/ssv2/videos/videos/",
    "ANNO_DIR": "config/ssv2_full/",
    "NUM_INPUT_FRAMES": 8,
    "NUM_INPUT_CHANNELS": 2304,
    "SAMPLING_MODE": "interval_based",
    "SAMPLING_RATE": 50,
    "TRAIN_JITTER_SCALES": [
      256,
      256
    ],
    "TRAIN_CROP_SIZE": 224,
    "TEST_SCALE": 256,
    "TEST_CROP_SIZE": 224,
    "MEAN": [
      0.48145466,
      0.4578275,
      0.40821073
    ],
    "STD": [
      0.26862954,
      0.26130258,
      0.27577711
    ],
    "MULTI_LABEL": false,
    "ENSEMBLE_METHOD": "sum",
    "TARGET_FPS": 12,
    "MINUS_INTERVAL": false,
    "FPS": 12,
    "NORM_FEATURE": false,
    "USE_AUG_FEATURE": false,
    "AUG": false,
    "LOAD_PROPS": false,
    "TEMPORAL_SCALE": 256,
    "LABELS_TYPE": "cls",
    "LOAD_TYPE": "pickle",
    "DOWNLOAD_FEATURE": true,
    "VIDEO_EXT": ".webm",
    "SAMPLING_UNIFORM": false,
    "SAMPLING_METHOD": "otam_anchor_keyframe",
    "TEST_CENTER_CROP": true,
    "CLIP_INTERVAL": 8
  },
  "MODEL": {
    "NAME": "BaseVideoModel",
    "EMA": {
      "ENABLE": false,
      "DECAY": 0.99996
    }
  },
  "VIDEO": {
    "BACKBONE": {
      "DEPTH": null,
      "META_ARCH": "Identity",
      "NUM_FILTERS": null,
      "NUM_INPUT_CHANNELS": 3,
      "NUM_OUT_FEATURES": null,
      "KERNEL_SIZE": null,
      "DOWNSAMPLING": null,
      "DOWNSAMPLING_TEMPORAL": null,
      "NUM_STREAMS": 1,
      "EXPANSION_RATIO": 2,
      "BRANCH": {
        "NAME": null
      },
      "STEM": {
        "NAME": null
      },
      "NONLOCAL": {
        "ENABLE": false,
        "STAGES": [
          5
        ],
        "MASK_ENABLE": false
      },
      "INITIALIZATION": null
    },
    "HEAD": {
      "NAME": "BaseTemporalClassifier",
      "ACTIVATION": "softmax",
      "DROPOUT_RATE": 0.0,
      "NUM_CLASSES": 200
    }
  },
  "OPTIMIZER": {
    "ADJUST_LR": false,
    "BASE_LR": 0.002,
    "LR_POLICY": "cosine",
    "MAX_EPOCH": 300,
    "MOMENTUM": 0.9,
    "WEIGHT_DECAY": "1e-3",
    "WARMUP_EPOCHS": 10,
    "WARMUP_START_LR": 0.0002,
    "OPTIM_METHOD": "adam",
    "DAMPENING": 0.0,
    "NESTEROV": true
  },
  "BN": {
    "WB_LOCK": false,
    "FREEZE": false,
    "WEIGHT_DECAY": 0.0,
    "MOMENTUM": 0.1,
    "EPS": "1e-3",
    "SYNC": false
  },
  "DATA_LOADER": {
    "NUM_WORKERS": 8,
    "PIN_MEMORY": true,
    "ENABLE_MULTI_THREAD_DECODE": true,
    "COLLATE_FN": null
  },
  "NUM_GPUS": 1,
  "SHARD_ID": 0,
  "NUM_SHARDS": 1,
  "RANDOM_SEED": 18,
  "OUTPUT_DIR": "output/SSv2_Full_BDTS_FOCUSV",
  "OUTPUT_CFG_FILE": "configuration.log",
  "LOG_PERIOD": 200,
  "DIST_BACKEND": "nccl",
  "LOG_MODEL_INFO": false,
  "LOG_CONFIG_INFO": true,
  "OSS": {
    "ENABLE": false,
    "KEY": null,
    "SECRET": null,
    "ENDPOINT": null,
    "CHECKPOINT_OUTPUT_PATH": null,
    "SECONDARY_DATA_OSS": {
      "ENABLE": false,
      "KEY": null,
      "SECRET": null,
      "ENDPOINT": null,
      "BUCKETS": [
        ""
      ]
    }
  },
  "AUGMENTATION": {
    "COLOR_AUG": false,
    "BRIGHTNESS": 0.5,
    "CONTRAST": 0.5,
    "SATURATION": 0.5,
    "HUE": 0.25,
    "GRAYSCALE": 0.3,
    "CONSISTENT": true,
    "SHUFFLE": true,
    "GRAY_FIRST": true,
    "RATIO": [
      0.857142857142857,
      1.1666666666666667
    ],
    "USE_GPU": false,
    "MIXUP": {
      "ENABLE": false,
      "ALPHA": 0.0,
      "PROB": 1.0,
      "MODE": "batch",
      "SWITCH_PROB": 0.5
    },
    "CUTMIX": {
      "ENABLE": false,
      "ALPHA": 0.0,
      "MINMAX": null
    },
    "RANDOM_ERASING": {
      "ENABLE": false,
      "PROB": 0.25,
      "MODE": "const",
      "COUNT": [
        1,
        1
      ],
      "NUM_SPLITS": 0,
      "AREA_RANGE": [
        0.02,
        0.33
      ],
      "MIN_ASPECT": 0.3
    },
    "LABEL_SMOOTHING": 0.0,
    "SSV2_FLIP": false,
    "IS_SPLIT": false,
    "NO_RANDOM_ERASE": true,
    "SUPPORT_QUERY_DIFF": true
  },
  "PAI": false,
  "USE_MULTISEG_VAL_DIST": false,
  "DETECTION": {
    "ENABLE": false
  },
  "TENSORBOARD": {
    "ENABLE": false
  },
  "SOLVER": {
    "BASE_LR": 0.001,
    "LR_POLICY": "steps_with_relative_lrs",
    "MAX_EPOCH": 10,
    "MOMENTUM": 0.9,
    "WEIGHT_DECAY": "5e-4",
    "WARMUP_EPOCHS": 1,
    "WARMUP_START_LR": 0.0002,
    "OPTIM_METHOD": "adam",
    "DAMPENING": 0.0,
    "NESTEROV": true,
    "STEPS_ITER": 3000,
    "STEPS": [
      0,
      4,
      6,
      8
    ],
    "LRS": [
      1,
      0.5,
      0.1,
      0.05
    ]
  },
  "PRE_DOWNLOAD": {
    "ENABLE": false
  },
  "SUPPORT_SHOT": 1,
  "FRAME_SELECTOR": {
    "ENABLE": true,
    "TOTAL_FRAMES": 32,
    "SELECT_FRAMES": 8,
    "SEGMENTS": 4,
    "FEAT_DIM": 0,
    "PRETRAINED_CKPT": "/mnt/data/yanyi2025/lrc/code/CLIP-FSAR/output/frame_selector/ssv2_ViT-B16/frame_selector_best.pth",
    "NUM_ANCHOR_FRAMES": 4,
    "NUM_KEY_FRAMES": 4,
    "MIN_FRAME_GAP": 2,
    "ENABLE_CACHE_DECODE": true,
    "FEAT_CACHE_DIR": "/mnt/data/yanyi2025/lrc/code/CLIP-FSAR/data/feat_cache/ssv2/ViT-B-16_T32",
    "CACHE_MISMATCH_POLICY": "error"
  },
  "FOCUS": {
    "ENABLE": true,
    "HEADS": 8,
    "DROPOUT": 0.1,
    "GATE_INIT": -4.0,
    "TEMPORAL_GATE_INIT": -4.0,
    "ALPHA_INIT": -4.0
  },
  "ADAPTER": {
    "NAME": "ViT_CLIP",
    "PRETRAINED": "ViT-B/16",
    "WIDTH": 768,
    "PATCH_SIZE": 16,
    "LAYERS": 12,
    "HEADS": 12,
    "ADAPTER_SCALE": 0.25
  },
  "INIT_METHOD": "tcp://localhost:1111",
  "CUDA_VISIBLE_DEVICES": "1"
}

[07/30 20:38:36][INFO] models.base.adapter:  650: load model from: ViT-B/16
[07/30 20:38:37][INFO] models.base.adapter:  657: Missing keys: ['temporal_embedding', 'focus_alpha', 'transformer.resblocks.0.Adapter.down.weight', 'transformer.resblocks.0.Adapter.down.bias', 'transformer.resblocks.0.Adapter.pos_embed.weight', 'transformer.resblocks.0.Adapter.pos_embed.bias', 'transformer.resblocks.0.Adapter.s_ln.weight', 'transformer.resblocks.0.Adapter.s_ln.bias', 'transformer.resblocks.0.Adapter.s_attn.conv_offset.0.weight', 'transformer.resblocks.0.Adapter.s_attn.conv_offset.0.bias', 'transformer.resblocks.0.Adapter.s_attn.conv_offset.1.norm.weight', 'transformer.resblocks.0.Adapter.s_attn.conv_offset.1.norm.bias', 'transformer.resblocks.0.Adapter.s_attn.conv_offset.3.weight', 'transformer.resblocks.0.Adapter.s_attn.proj_q.weight', 'transformer.resblocks.0.Adapter.s_attn.proj_q.bias', 'transformer.resblocks.0.Adapter.s_attn.proj_k.weight', 'transformer.resblocks.0.Adapter.s_attn.proj_k.bias', 'transformer.resblocks.0.Adapter.s_attn.proj_v.weight', 'transformer.resblocks.0.Adapter.s_attn.proj_v.bias', 'transformer.resblocks.0.Adapter.s_attn.proj_out.weight', 'transformer.resblocks.0.Adapter.s_attn.proj_out.bias', 'transformer.resblocks.0.Adapter.t_ln.weight', 'transformer.resblocks.0.Adapter.t_ln.bias', 'transformer.resblocks.0.Adapter.t_attn.conv_offset.0.weight', 'transformer.resblocks.0.Adapter.t_attn.conv_offset.0.bias', 'transformer.resblocks.0.Adapter.t_attn.conv_offset.1.norm.weight', 'transformer.resblocks.0.Adapter.t_attn.conv_offset.1.norm.bias', 'transformer.resblocks.0.Adapter.t_attn.conv_offset.3.weight', 'transformer.resblocks.0.Adapter.t_attn.proj_q.weight', 'transformer.resblocks.0.Adapter.t_attn.proj_q.bias', 'transformer.resblocks.0.Adapter.t_attn.proj_k.weight', 'transformer.resblocks.0.Adapter.t_attn.proj_k.bias', 'transformer.resblocks.0.Adapter.t_attn.proj_v.weight', 'transformer.resblocks.0.Adapter.t_attn.proj_v.bias', 'transformer.resblocks.0.Adapter.t_attn.proj_out.weight', 'transformer.resblocks.0.Adapter.t_attn.proj_out.bias', 'transformer.resblocks.0.Adapter.up.weight', 'transformer.resblocks.0.Adapter.up.bias', 'transformer.resblocks.1.Adapter.down.weight', 'transformer.resblocks.1.Adapter.down.bias', 'transformer.resblocks.1.Adapter.pos_embed.weight', 'transformer.resblocks.1.Adapter.pos_embed.bias', 'transformer.resblocks.1.Adapter.s_ln.weight', 'transformer.resblocks.1.Adapter.s_ln.bias', 'transformer.resblocks.1.Adapter.s_attn.conv_offset.0.weight', 'transformer.resblocks.1.Adapter.s_attn.conv_offset.0.bias', 'transformer.resblocks.1.Adapter.s_attn.conv_offset.1.norm.weight', 'transformer.resblocks.1.Adapter.s_attn.conv_offset.1.norm.bias', 'transformer.resblocks.1.Adapter.s_attn.conv_offset.3.weight', 'transformer.resblocks.1.Adapter.s_attn.proj_q.weight', 'transformer.resblocks.1.Adapter.s_attn.proj_q.bias', 'transformer.resblocks.1.Adapter.s_attn.proj_k.weight', 'transformer.resblocks.1.Adapter.s_attn.proj_k.bias', 'transformer.resblocks.1.Adapter.s_attn.proj_v.weight', 'transformer.resblocks.1.Adapter.s_attn.proj_v.bias', 'transformer.resblocks.1.Adapter.s_attn.proj_out.weight', 'transformer.resblocks.1.Adapter.s_attn.proj_out.bias', 'transformer.resblocks.1.Adapter.t_ln.weight', 'transformer.resblocks.1.Adapter.t_ln.bias', 'transformer.resblocks.1.Adapter.t_attn.conv_offset.0.weight', 'transformer.resblocks.1.Adapter.t_attn.conv_offset.0.bias', 'transformer.resblocks.1.Adapter.t_attn.conv_offset.1.norm.weight', 'transformer.resblocks.1.Adapter.t_attn.conv_offset.1.norm.bias', 'transformer.resblocks.1.Adapter.t_attn.conv_offset.3.weight', 'transformer.resblocks.1.Adapter.t_attn.proj_q.weight', 'transformer.resblocks.1.Adapter.t_attn.proj_q.bias', 'transformer.resblocks.1.Adapter.t_attn.proj_k.weight', 'transformer.resblocks.1.Adapter.t_attn.proj_k.bias', 'transformer.resblocks.1.Adapter.t_attn.proj_v.weight', 'transformer.resblocks.1.Adapter.t_attn.proj_v.bias', 'transformer.resblocks.1.Adapter.t_attn.proj_out.weight', 'transformer.resblocks.1.Adapter.t_attn.proj_out.bias', 'transformer.resblocks.1.Adapter.up.weight', 'transformer.resblocks.1.Adapter.up.bias', 'transformer.resblocks.2.Adapter.down.weight', 'transformer.resblocks.2.Adapter.down.bias', 'transformer.resblocks.2.Adapter.pos_embed.weight', 'transformer.resblocks.2.Adapter.pos_embed.bias', 'transformer.resblocks.2.Adapter.s_ln.weight', 'transformer.resblocks.2.Adapter.s_ln.bias', 'transformer.resblocks.2.Adapter.s_attn.conv_offset.0.weight', 'transformer.resblocks.2.Adapter.s_attn.conv_offset.0.bias', 'transformer.resblocks.2.Adapter.s_attn.conv_offset.1.norm.weight', 'transformer.resblocks.2.Adapter.s_attn.conv_offset.1.norm.bias', 'transformer.resblocks.2.Adapter.s_attn.conv_offset.3.weight', 'transformer.resblocks.2.Adapter.s_attn.proj_q.weight', 'transformer.resblocks.2.Adapter.s_attn.proj_q.bias', 'transformer.resblocks.2.Adapter.s_attn.proj_k.weight', 'transformer.resblocks.2.Adapter.s_attn.proj_k.bias', 'transformer.resblocks.2.Adapter.s_attn.proj_v.weight', 'transformer.resblocks.2.Adapter.s_attn.proj_v.bias', 'transformer.resblocks.2.Adapter.s_attn.proj_out.weight', 'transformer.resblocks.2.Adapter.s_attn.proj_out.bias', 'transformer.resblocks.2.Adapter.t_ln.weight', 'transformer.resblocks.2.Adapter.t_ln.bias', 'transformer.resblocks.2.Adapter.t_attn.conv_offset.0.weight', 'transformer.resblocks.2.Adapter.t_attn.conv_offset.0.bias', 'transformer.resblocks.2.Adapter.t_attn.conv_offset.1.norm.weight', 'transformer.resblocks.2.Adapter.t_attn.conv_offset.1.norm.bias', 'transformer.resblocks.2.Adapter.t_attn.conv_offset.3.weight', 'transformer.resblocks.2.Adapter.t_attn.proj_q.weight', 'transformer.resblocks.2.Adapter.t_attn.proj_q.bias', 'transformer.resblocks.2.Adapter.t_attn.proj_k.weight', 'transformer.resblocks.2.Adapter.t_attn.proj_k.bias', 'transformer.resblocks.2.Adapter.t_attn.proj_v.weight', 'transformer.resblocks.2.Adapter.t_attn.proj_v.bias', 'transformer.resblocks.2.Adapter.t_attn.proj_out.weight', 'transformer.resblocks.2.Adapter.t_attn.proj_out.bias', 'transformer.resblocks.2.Adapter.up.weight', 'transformer.resblocks.2.Adapter.up.bias', 'transformer.resblocks.3.Adapter.down.weight', 'transformer.resblocks.3.Adapter.down.bias', 'transformer.resblocks.3.Adapter.pos_embed.weight', 'transformer.resblocks.3.Adapter.pos_embed.bias', 'transformer.resblocks.3.Adapter.s_ln.weight', 'transformer.resblocks.3.Adapter.s_ln.bias', 'transformer.resblocks.3.Adapter.s_attn.conv_offset.0.weight', 'transformer.resblocks.3.Adapter.s_attn.conv_offset.0.bias', 'transformer.resblocks.3.Adapter.s_attn.conv_offset.1.norm.weight', 'transformer.resblocks.3.Adapter.s_attn.conv_offset.1.norm.bias', 'transformer.resblocks.3.Adapter.s_attn.conv_offset.3.weight', 'transformer.resblocks.3.Adapter.s_attn.proj_q.weight', 'transformer.resblocks.3.Adapter.s_attn.proj_q.bias', 'transformer.resblocks.3.Adapter.s_attn.proj_k.weight', 'transformer.resblocks.3.Adapter.s_attn.proj_k.bias', 'transformer.resblocks.3.Adapter.s_attn.proj_v.weight', 'transformer.resblocks.3.Adapter.s_attn.proj_v.bias', 'transformer.resblocks.3.Adapter.s_attn.proj_out.weight', 'transformer.resblocks.3.Adapter.s_attn.proj_out.bias', 'transformer.resblocks.3.Adapter.t_ln.weight', 'transformer.resblocks.3.Adapter.t_ln.bias', 'transformer.resblocks.3.Adapter.t_attn.conv_offset.0.weight', 'transformer.resblocks.3.Adapter.t_attn.conv_offset.0.bias', 'transformer.resblocks.3.Adapter.t_attn.conv_offset.1.norm.weight', 'transformer.resblocks.3.Adapter.t_attn.conv_offset.1.norm.bias', 'transformer.resblocks.3.Adapter.t_attn.conv_offset.3.weight', 'transformer.resblocks.3.Adapter.t_attn.proj_q.weight', 'transformer.resblocks.3.Adapter.t_attn.proj_q.bias', 'transformer.resblocks.3.Adapter.t_attn.proj_k.weight', 'transformer.resblocks.3.Adapter.t_attn.proj_k.bias', 'transformer.resblocks.3.Adapter.t_attn.proj_v.weight', 'transformer.resblocks.3.Adapter.t_attn.proj_v.bias', 'transformer.resblocks.3.Adapter.t_attn.proj_out.weight', 'transformer.resblocks.3.Adapter.t_attn.proj_out.bias', 'transformer.resblocks.3.Adapter.up.weight', 'transformer.resblocks.3.Adapter.up.bias', 'transformer.resblocks.4.Adapter.down.weight', 'transformer.resblocks.4.Adapter.down.bias', 'transformer.resblocks.4.Adapter.pos_embed.weight', 'transformer.resblocks.4.Adapter.pos_embed.bias', 'transformer.resblocks.4.Adapter.s_ln.weight', 'transformer.resblocks.4.Adapter.s_ln.bias', 'transformer.resblocks.4.Adapter.s_attn.conv_offset.0.weight', 'transformer.resblocks.4.Adapter.s_attn.conv_offset.0.bias', 'transformer.resblocks.4.Adapter.s_attn.conv_offset.1.norm.weight', 'transformer.resblocks.4.Adapter.s_attn.conv_offset.1.norm.bias', 'transformer.resblocks.4.Adapter.s_attn.conv_offset.3.weight', 'transformer.resblocks.4.Adapter.s_attn.proj_q.weight', 'transformer.resblocks.4.Adapter.s_attn.proj_q.bias', 'transformer.resblocks.4.Adapter.s_attn.proj_k.weight', 'transformer.resblocks.4.Adapter.s_attn.proj_k.bias', 'transformer.resblocks.4.Adapter.s_attn.proj_v.weight', 'transformer.resblocks.4.Adapter.s_attn.proj_v.bias', 'transformer.resblocks.4.Adapter.s_attn.proj_out.weight', 'transformer.resblocks.4.Adapter.s_attn.proj_out.bias', 'transformer.resblocks.4.Adapter.t_ln.weight', 'transformer.resblocks.4.Adapter.t_ln.bias', 'transformer.resblocks.4.Adapter.t_attn.conv_offset.0.weight', 'transformer.resblocks.4.Adapter.t_attn.conv_offset.0.bias', 'transformer.resblocks.4.Adapter.t_attn.conv_offset.1.norm.weight', 'transformer.resblocks.4.Adapter.t_attn.conv_offset.1.norm.bias', 'transformer.resblocks.4.Adapter.t_attn.conv_offset.3.weight', 'transformer.resblocks.4.Adapter.t_attn.proj_q.weight', 'transformer.resblocks.4.Adapter.t_attn.proj_q.bias', 'transformer.resblocks.4.Adapter.t_attn.proj_k.weight', 'transformer.resblocks.4.Adapter.t_attn.proj_k.bias', 'transformer.resblocks.4.Adapter.t_attn.proj_v.weight', 'transformer.resblocks.4.Adapter.t_attn.proj_v.bias', 'transformer.resblocks.4.Adapter.t_attn.proj_out.weight', 'transformer.resblocks.4.Adapter.t_attn.proj_out.bias', 'transformer.resblocks.4.Adapter.up.weight', 'transformer.resblocks.4.Adapter.up.bias', 'transformer.resblocks.5.Adapter.down.weight', 'transformer.resblocks.5.Adapter.down.bias', 'transformer.resblocks.5.Adapter.pos_embed.weight', 'transformer.resblocks.5.Adapter.pos_embed.bias', 'transformer.resblocks.5.Adapter.s_ln.weight', 'transformer.resblocks.5.Adapter.s_ln.bias', 'transformer.resblocks.5.Adapter.s_attn.conv_offset.0.weight', 'transformer.resblocks.5.Adapter.s_attn.conv_offset.0.bias', 'transformer.resblocks.5.Adapter.s_attn.conv_offset.1.norm.weight', 'transformer.resblocks.5.Adapter.s_attn.conv_offset.1.norm.bias', 'transformer.resblocks.5.Adapter.s_attn.conv_offset.3.weight', 'transformer.resblocks.5.Adapter.s_attn.proj_q.weight', 'transformer.resblocks.5.Adapter.s_attn.proj_q.bias', 'transformer.resblocks.5.Adapter.s_attn.proj_k.weight', 'transformer.resblocks.5.Adapter.s_attn.proj_k.bias', 'transformer.resblocks.5.Adapter.s_attn.proj_v.weight', 'transformer.resblocks.5.Adapter.s_attn.proj_v.bias', 'transformer.resblocks.5.Adapter.s_attn.proj_out.weight', 'transformer.resblocks.5.Adapter.s_attn.proj_out.bias', 'transformer.resblocks.5.Adapter.t_ln.weight', 'transformer.resblocks.5.Adapter.t_ln.bias', 'transformer.resblocks.5.Adapter.t_attn.conv_offset.0.weight', 'transformer.resblocks.5.Adapter.t_attn.conv_offset.0.bias', 'transformer.resblocks.5.Adapter.t_attn.conv_offset.1.norm.weight', 'transformer.resblocks.5.Adapter.t_attn.conv_offset.1.norm.bias', 'transformer.resblocks.5.Adapter.t_attn.conv_offset.3.weight', 'transformer.resblocks.5.Adapter.t_attn.proj_q.weight', 'transformer.resblocks.5.Adapter.t_attn.proj_q.bias', 'transformer.resblocks.5.Adapter.t_attn.proj_k.weight', 'transformer.resblocks.5.Adapter.t_attn.proj_k.bias', 'transformer.resblocks.5.Adapter.t_attn.proj_v.weight', 'transformer.resblocks.5.Adapter.t_attn.proj_v.bias', 'transformer.resblocks.5.Adapter.t_attn.proj_out.weight', 'transformer.resblocks.5.Adapter.t_attn.proj_out.bias', 'transformer.resblocks.5.Adapter.up.weight', 'transformer.resblocks.5.Adapter.up.bias', 'transformer.resblocks.6.Adapter.down.weight', 'transformer.resblocks.6.Adapter.down.bias', 'transformer.resblocks.6.Adapter.pos_embed.weight', 'transformer.resblocks.6.Adapter.pos_embed.bias', 'transformer.resblocks.6.Adapter.s_ln.weight', 'transformer.resblocks.6.Adapter.s_ln.bias', 'transformer.resblocks.6.Adapter.s_attn.conv_offset.0.weight', 'transformer.resblocks.6.Adapter.s_attn.conv_offset.0.bias', 'transformer.resblocks.6.Adapter.s_attn.conv_offset.1.norm.weight', 'transformer.resblocks.6.Adapter.s_attn.conv_offset.1.norm.bias', 'transformer.resblocks.6.Adapter.s_attn.conv_offset.3.weight', 'transformer.resblocks.6.Adapter.s_attn.proj_q.weight', 'transformer.resblocks.6.Adapter.s_attn.proj_q.bias', 'transformer.resblocks.6.Adapter.s_attn.proj_k.weight', 'transformer.resblocks.6.Adapter.s_attn.proj_k.bias', 'transformer.resblocks.6.Adapter.s_attn.proj_v.weight', 'transformer.resblocks.6.Adapter.s_attn.proj_v.bias', 'transformer.resblocks.6.Adapter.s_attn.proj_out.weight', 'transformer.resblocks.6.Adapter.s_attn.proj_out.bias', 'transformer.resblocks.6.Adapter.t_ln.weight', 'transformer.resblocks.6.Adapter.t_ln.bias', 'transformer.resblocks.6.Adapter.t_attn.conv_offset.0.weight', 'transformer.resblocks.6.Adapter.t_attn.conv_offset.0.bias', 'transformer.resblocks.6.Adapter.t_attn.conv_offset.1.norm.weight', 'transformer.resblocks.6.Adapter.t_attn.conv_offset.1.norm.bias', 'transformer.resblocks.6.Adapter.t_attn.conv_offset.3.weight', 'transformer.resblocks.6.Adapter.t_attn.proj_q.weight', 'transformer.resblocks.6.Adapter.t_attn.proj_q.bias', 'transformer.resblocks.6.Adapter.t_attn.proj_k.weight', 'transformer.resblocks.6.Adapter.t_attn.proj_k.bias', 'transformer.resblocks.6.Adapter.t_attn.proj_v.weight', 'transformer.resblocks.6.Adapter.t_attn.proj_v.bias', 'transformer.resblocks.6.Adapter.t_attn.proj_out.weight', 'transformer.resblocks.6.Adapter.t_attn.proj_out.bias', 'transformer.resblocks.6.Adapter.up.weight', 'transformer.resblocks.6.Adapter.up.bias', 'transformer.resblocks.7.Adapter.down.weight', 'transformer.resblocks.7.Adapter.down.bias', 'transformer.resblocks.7.Adapter.pos_embed.weight', 'transformer.resblocks.7.Adapter.pos_embed.bias', 'transformer.resblocks.7.Adapter.s_ln.weight', 'transformer.resblocks.7.Adapter.s_ln.bias', 'transformer.resblocks.7.Adapter.s_attn.conv_offset.0.weight', 'transformer.resblocks.7.Adapter.s_attn.conv_offset.0.bias', 'transformer.resblocks.7.Adapter.s_attn.conv_offset.1.norm.weight', 'transformer.resblocks.7.Adapter.s_attn.conv_offset.1.norm.bias', 'transformer.resblocks.7.Adapter.s_attn.conv_offset.3.weight', 'transformer.resblocks.7.Adapter.s_attn.proj_q.weight', 'transformer.resblocks.7.Adapter.s_attn.proj_q.bias', 'transformer.resblocks.7.Adapter.s_attn.proj_k.weight', 'transformer.resblocks.7.Adapter.s_attn.proj_k.bias', 'transformer.resblocks.7.Adapter.s_attn.proj_v.weight', 'transformer.resblocks.7.Adapter.s_attn.proj_v.bias', 'transformer.resblocks.7.Adapter.s_attn.proj_out.weight', 'transformer.resblocks.7.Adapter.s_attn.proj_out.bias', 'transformer.resblocks.7.Adapter.t_ln.weight', 'transformer.resblocks.7.Adapter.t_ln.bias', 'transformer.resblocks.7.Adapter.t_attn.conv_offset.0.weight', 'transformer.resblocks.7.Adapter.t_attn.conv_offset.0.bias', 'transformer.resblocks.7.Adapter.t_attn.conv_offset.1.norm.weight', 'transformer.resblocks.7.Adapter.t_attn.conv_offset.1.norm.bias', 'transformer.resblocks.7.Adapter.t_attn.conv_offset.3.weight', 'transformer.resblocks.7.Adapter.t_attn.proj_q.weight', 'transformer.resblocks.7.Adapter.t_attn.proj_q.bias', 'transformer.resblocks.7.Adapter.t_attn.proj_k.weight', 'transformer.resblocks.7.Adapter.t_attn.proj_k.bias', 'transformer.resblocks.7.Adapter.t_attn.proj_v.weight', 'transformer.resblocks.7.Adapter.t_attn.proj_v.bias', 'transformer.resblocks.7.Adapter.t_attn.proj_out.weight', 'transformer.resblocks.7.Adapter.t_attn.proj_out.bias', 'transformer.resblocks.7.Adapter.up.weight', 'transformer.resblocks.7.Adapter.up.bias', 'transformer.resblocks.8.Adapter.down.weight', 'transformer.resblocks.8.Adapter.down.bias', 'transformer.resblocks.8.Adapter.pos_embed.weight', 'transformer.resblocks.8.Adapter.pos_embed.bias', 'transformer.resblocks.8.Adapter.s_ln.weight', 'transformer.resblocks.8.Adapter.s_ln.bias', 'transformer.resblocks.8.Adapter.s_attn.conv_offset.0.weight', 'transformer.resblocks.8.Adapter.s_attn.conv_offset.0.bias', 'transformer.resblocks.8.Adapter.s_attn.conv_offset.1.norm.weight', 'transformer.resblocks.8.Adapter.s_attn.conv_offset.1.norm.bias', 'transformer.resblocks.8.Adapter.s_attn.conv_offset.3.weight', 'transformer.resblocks.8.Adapter.s_attn.proj_q.weight', 'transformer.resblocks.8.Adapter.s_attn.proj_q.bias', 'transformer.resblocks.8.Adapter.s_attn.proj_k.weight', 'transformer.resblocks.8.Adapter.s_attn.proj_k.bias', 'transformer.resblocks.8.Adapter.s_attn.proj_v.weight', 'transformer.resblocks.8.Adapter.s_attn.proj_v.bias', 'transformer.resblocks.8.Adapter.s_attn.proj_out.weight', 'transformer.resblocks.8.Adapter.s_attn.proj_out.bias', 'transformer.resblocks.8.Adapter.t_ln.weight', 'transformer.resblocks.8.Adapter.t_ln.bias', 'transformer.resblocks.8.Adapter.t_attn.conv_offset.0.weight', 'transformer.resblocks.8.Adapter.t_attn.conv_offset.0.bias', 'transformer.resblocks.8.Adapter.t_attn.conv_offset.1.norm.weight', 'transformer.resblocks.8.Adapter.t_attn.conv_offset.1.norm.bias', 'transformer.resblocks.8.Adapter.t_attn.conv_offset.3.weight', 'transformer.resblocks.8.Adapter.t_attn.proj_q.weight', 'transformer.resblocks.8.Adapter.t_attn.proj_q.bias', 'transformer.resblocks.8.Adapter.t_attn.proj_k.weight', 'transformer.resblocks.8.Adapter.t_attn.proj_k.bias', 'transformer.resblocks.8.Adapter.t_attn.proj_v.weight', 'transformer.resblocks.8.Adapter.t_attn.proj_v.bias', 'transformer.resblocks.8.Adapter.t_attn.proj_out.weight', 'transformer.resblocks.8.Adapter.t_attn.proj_out.bias', 'transformer.resblocks.8.Adapter.up.weight', 'transformer.resblocks.8.Adapter.up.bias', 'transformer.resblocks.9.Adapter.down.weight', 'transformer.resblocks.9.Adapter.down.bias', 'transformer.resblocks.9.Adapter.pos_embed.weight', 'transformer.resblocks.9.Adapter.pos_embed.bias', 'transformer.resblocks.9.Adapter.s_ln.weight', 'transformer.resblocks.9.Adapter.s_ln.bias', 'transformer.resblocks.9.Adapter.s_attn.conv_offset.0.weight', 'transformer.resblocks.9.Adapter.s_attn.conv_offset.0.bias', 'transformer.resblocks.9.Adapter.s_attn.conv_offset.1.norm.weight', 'transformer.resblocks.9.Adapter.s_attn.conv_offset.1.norm.bias', 'transformer.resblocks.9.Adapter.s_attn.conv_offset.3.weight', 'transformer.resblocks.9.Adapter.s_attn.proj_q.weight', 'transformer.resblocks.9.Adapter.s_attn.proj_q.bias', 'transformer.resblocks.9.Adapter.s_attn.proj_k.weight', 'transformer.resblocks.9.Adapter.s_attn.proj_k.bias', 'transformer.resblocks.9.Adapter.s_attn.proj_v.weight', 'transformer.resblocks.9.Adapter.s_attn.proj_v.bias', 'transformer.resblocks.9.Adapter.s_attn.proj_out.weight', 'transformer.resblocks.9.Adapter.s_attn.proj_out.bias', 'transformer.resblocks.9.Adapter.t_ln.weight', 'transformer.resblocks.9.Adapter.t_ln.bias', 'transformer.resblocks.9.Adapter.t_attn.conv_offset.0.weight', 'transformer.resblocks.9.Adapter.t_attn.conv_offset.0.bias', 'transformer.resblocks.9.Adapter.t_attn.conv_offset.1.norm.weight', 'transformer.resblocks.9.Adapter.t_attn.conv_offset.1.norm.bias', 'transformer.resblocks.9.Adapter.t_attn.conv_offset.3.weight', 'transformer.resblocks.9.Adapter.t_attn.proj_q.weight', 'transformer.resblocks.9.Adapter.t_attn.proj_q.bias', 'transformer.resblocks.9.Adapter.t_attn.proj_k.weight', 'transformer.resblocks.9.Adapter.t_attn.proj_k.bias', 'transformer.resblocks.9.Adapter.t_attn.proj_v.weight', 'transformer.resblocks.9.Adapter.t_attn.proj_v.bias', 'transformer.resblocks.9.Adapter.t_attn.proj_out.weight', 'transformer.resblocks.9.Adapter.t_attn.proj_out.bias', 'transformer.resblocks.9.Adapter.up.weight', 'transformer.resblocks.9.Adapter.up.bias', 'transformer.resblocks.10.Adapter.down.weight', 'transformer.resblocks.10.Adapter.down.bias', 'transformer.resblocks.10.Adapter.pos_embed.weight', 'transformer.resblocks.10.Adapter.pos_embed.bias', 'transformer.resblocks.10.Adapter.s_ln.weight', 'transformer.resblocks.10.Adapter.s_ln.bias', 'transformer.resblocks.10.Adapter.s_attn.conv_offset.0.weight', 'transformer.resblocks.10.Adapter.s_attn.conv_offset.0.bias', 'transformer.resblocks.10.Adapter.s_attn.conv_offset.1.norm.weight', 'transformer.resblocks.10.Adapter.s_attn.conv_offset.1.norm.bias', 'transformer.resblocks.10.Adapter.s_attn.conv_offset.3.weight', 'transformer.resblocks.10.Adapter.s_attn.proj_q.weight', 'transformer.resblocks.10.Adapter.s_attn.proj_q.bias', 'transformer.resblocks.10.Adapter.s_attn.proj_k.weight', 'transformer.resblocks.10.Adapter.s_attn.proj_k.bias', 'transformer.resblocks.10.Adapter.s_attn.proj_v.weight', 'transformer.resblocks.10.Adapter.s_attn.proj_v.bias', 'transformer.resblocks.10.Adapter.s_attn.proj_out.weight', 'transformer.resblocks.10.Adapter.s_attn.proj_out.bias', 'transformer.resblocks.10.Adapter.t_ln.weight', 'transformer.resblocks.10.Adapter.t_ln.bias', 'transformer.resblocks.10.Adapter.t_attn.conv_offset.0.weight', 'transformer.resblocks.10.Adapter.t_attn.conv_offset.0.bias', 'transformer.resblocks.10.Adapter.t_attn.conv_offset.1.norm.weight', 'transformer.resblocks.10.Adapter.t_attn.conv_offset.1.norm.bias', 'transformer.resblocks.10.Adapter.t_attn.conv_offset.3.weight', 'transformer.resblocks.10.Adapter.t_attn.proj_q.weight', 'transformer.resblocks.10.Adapter.t_attn.proj_q.bias', 'transformer.resblocks.10.Adapter.t_attn.proj_k.weight', 'transformer.resblocks.10.Adapter.t_attn.proj_k.bias', 'transformer.resblocks.10.Adapter.t_attn.proj_v.weight', 'transformer.resblocks.10.Adapter.t_attn.proj_v.bias', 'transformer.resblocks.10.Adapter.t_attn.proj_out.weight', 'transformer.resblocks.10.Adapter.t_attn.proj_out.bias', 'transformer.resblocks.10.Adapter.up.weight', 'transformer.resblocks.10.Adapter.up.bias', 'transformer.resblocks.11.Adapter.down.weight', 'transformer.resblocks.11.Adapter.down.bias', 'transformer.resblocks.11.Adapter.pos_embed.weight', 'transformer.resblocks.11.Adapter.pos_embed.bias', 'transformer.resblocks.11.Adapter.s_ln.weight', 'transformer.resblocks.11.Adapter.s_ln.bias', 'transformer.resblocks.11.Adapter.s_attn.conv_offset.0.weight', 'transformer.resblocks.11.Adapter.s_attn.conv_offset.0.bias', 'transformer.resblocks.11.Adapter.s_attn.conv_offset.1.norm.weight', 'transformer.resblocks.11.Adapter.s_attn.conv_offset.1.norm.bias', 'transformer.resblocks.11.Adapter.s_attn.conv_offset.3.weight', 'transformer.resblocks.11.Adapter.s_attn.proj_q.weight', 'transformer.resblocks.11.Adapter.s_attn.proj_q.bias', 'transformer.resblocks.11.Adapter.s_attn.proj_k.weight', 'transformer.resblocks.11.Adapter.s_attn.proj_k.bias', 'transformer.resblocks.11.Adapter.s_attn.proj_v.weight', 'transformer.resblocks.11.Adapter.s_attn.proj_v.bias', 'transformer.resblocks.11.Adapter.s_attn.proj_out.weight', 'transformer.resblocks.11.Adapter.s_attn.proj_out.bias', 'transformer.resblocks.11.Adapter.t_ln.weight', 'transformer.resblocks.11.Adapter.t_ln.bias', 'transformer.resblocks.11.Adapter.t_attn.conv_offset.0.weight', 'transformer.resblocks.11.Adapter.t_attn.conv_offset.0.bias', 'transformer.resblocks.11.Adapter.t_attn.conv_offset.1.norm.weight', 'transformer.resblocks.11.Adapter.t_attn.conv_offset.1.norm.bias', 'transformer.resblocks.11.Adapter.t_attn.conv_offset.3.weight', 'transformer.resblocks.11.Adapter.t_attn.proj_q.weight', 'transformer.resblocks.11.Adapter.t_attn.proj_q.bias', 'transformer.resblocks.11.Adapter.t_attn.proj_k.weight', 'transformer.resblocks.11.Adapter.t_attn.proj_k.bias', 'transformer.resblocks.11.Adapter.t_attn.proj_v.weight', 'transformer.resblocks.11.Adapter.t_attn.proj_v.bias', 'transformer.resblocks.11.Adapter.t_attn.proj_out.weight', 'transformer.resblocks.11.Adapter.t_attn.proj_out.bias', 'transformer.resblocks.11.Adapter.up.weight', 'transformer.resblocks.11.Adapter.up.bias', 'classification_layer.weight', 'classification_layer.bias', 'focus_branch.temporal_alpha', 'focus_branch.norm.weight', 'focus_branch.norm.bias', 'focus_branch.time_proj.weight', 'focus_branch.time_proj.bias', 'focus_branch.temporal.self_attn.in_proj_weight', 'focus_branch.temporal.self_attn.in_proj_bias', 'focus_branch.temporal.self_attn.out_proj.weight', 'focus_branch.temporal.self_attn.out_proj.bias', 'focus_branch.temporal.linear1.weight', 'focus_branch.temporal.linear1.bias', 'focus_branch.temporal.linear2.weight', 'focus_branch.temporal.linear2.bias', 'focus_branch.temporal.norm1.weight', 'focus_branch.temporal.norm1.bias', 'focus_branch.temporal.norm2.weight', 'focus_branch.temporal.norm2.bias', 'focus_branch.gate.0.weight', 'focus_branch.gate.0.bias', 'focus_branch.gate.2.weight', 'focus_branch.gate.2.bias']
[07/30 20:38:37][INFO] models.base.adapter:  658: Unexpected keys: []
[07/30 20:38:37][INFO] models.base.adapter:  659: => loaded successfully 'ViT-B/16'
[07/30 20:38:37][INFO] models.base.adapter:  666: init:  transformer.resblocks.0.Adapter.up
[07/30 20:38:37][INFO] models.base.adapter:  666: init:  transformer.resblocks.1.Adapter.up
[07/30 20:38:37][INFO] models.base.adapter:  666: init:  transformer.resblocks.2.Adapter.up
[07/30 20:38:37][INFO] models.base.adapter:  666: init:  transformer.resblocks.3.Adapter.up
[07/30 20:38:37][INFO] models.base.adapter:  666: init:  transformer.resblocks.4.Adapter.up
[07/30 20:38:37][INFO] models.base.adapter:  666: init:  transformer.resblocks.5.Adapter.up
[07/30 20:38:37][INFO] models.base.adapter:  666: init:  transformer.resblocks.6.Adapter.up
[07/30 20:38:37][INFO] models.base.adapter:  666: init:  transformer.resblocks.7.Adapter.up
[07/30 20:38:37][INFO] models.base.adapter:  666: init:  transformer.resblocks.8.Adapter.up
[07/30 20:38:37][INFO] models.base.adapter:  666: init:  transformer.resblocks.9.Adapter.up
[07/30 20:38:37][INFO] models.base.adapter:  666: init:  transformer.resblocks.10.Adapter.up
[07/30 20:38:37][INFO] models.base.adapter:  666: init:  transformer.resblocks.11.Adapter.up
[07/30 20:38:37][INFO] train_net_few_shot:  171: Model:
BaseVideoModel(
  (model): ViT_CLIP(
    (conv1): Conv2d(3, 768, kernel_size=(16, 16), stride=(16, 16), bias=False)
    (ln_pre): LayerNorm((768,), eps=1e-05, elementwise_affine=True, bias=True)
    (transformer): Transformer(
      (resblocks): ModuleList(
        (0-11): 12 x ResidualAttentionBlock(
          (ln_1): LayerNorm((768,), eps=1e-05, elementwise_affine=True, bias=True)
          (attn): MultiheadAttention(
            (out_proj): NonDynamicallyQuantizableLinear(in_features=768, out_features=768, bias=True)
          )
          (ln_2): LayerNorm((768,), eps=1e-05, elementwise_affine=True, bias=True)
          (mlp): Sequential(
            (c_fc): Linear(in_features=768, out_features=3072, bias=True)
            (gelu): QuickGELU()
            (c_proj): Linear(in_features=3072, out_features=768, bias=True)
          )
          (Adapter): ViT_D2ST_Adapter(
            (down): Linear(in_features=768, out_features=192, bias=True)
            (gelu1): GELU(approximate='none')
            (pos_embed): Conv3d(192, 192, kernel_size=(3, 3, 3), stride=(1, 1, 1), padding=(1, 1, 1), groups=192)
            (s_ln): LayerNorm((192,), eps=1e-05, elementwise_affine=True, bias=True)
            (s_attn): ViT_DeformAttention(
              (conv_offset): Sequential(
                (0): Conv3d(48, 48, kernel_size=(4, 5, 5), stride=(4, 3, 3), groups=48)
                (1): LayerNormProxy(
                  (norm): LayerNorm((48,), eps=1e-05, elementwise_affine=True, bias=True)
                )
                (2): GELU(approximate='none')
                (3): Conv3d(48, 3, kernel_size=(1, 1, 1), stride=(1, 1, 1), bias=False)
              )
              (proj_q): Linear(in_features=192, out_features=192, bias=True)
              (proj_k): Linear(in_features=192, out_features=192, bias=True)
              (proj_v): Linear(in_features=192, out_features=192, bias=True)
              (proj_out): Linear(in_features=192, out_features=192, bias=True)
            )
            (t_ln): LayerNorm((192,), eps=1e-05, elementwise_affine=True, bias=True)
            (t_attn): ViT_DeformAttention(
              (conv_offset): Sequential(
                (0): Conv3d(48, 48, kernel_size=(1, 7, 7), stride=(1, 7, 7), groups=48)
                (1): LayerNormProxy(
                  (norm): LayerNorm((48,), eps=1e-05, elementwise_affine=True, bias=True)
                )
                (2): GELU(approximate='none')
                (3): Conv3d(48, 3, kernel_size=(1, 1, 1), stride=(1, 1, 1), bias=False)
              )
              (proj_q): Linear(in_features=192, out_features=192, bias=True)
              (proj_k): Linear(in_features=192, out_features=192, bias=True)
              (proj_v): Linear(in_features=192, out_features=192, bias=True)
              (proj_out): Linear(in_features=192, out_features=192, bias=True)
            )
            (gelu): GELU(approximate='none')
            (up): Linear(in_features=192, out_features=768, bias=True)
            (gelu2): GELU(approximate='none')
          )
        )
      )
    )
    (ln_post): LayerNorm((768,), eps=1e-05, elementwise_affine=True, bias=True)
    (classification_layer): Linear(in_features=768, out_features=64, bias=True)
    (focus_branch): D2STFocusResidual(
      (norm): LayerNorm((768,), eps=1e-05, elementwise_affine=True, bias=True)
      (time_proj): Linear(in_features=1, out_features=768, bias=True)
      (temporal): TransformerEncoderLayer(
        (self_attn): MultiheadAttention(
          (out_proj): NonDynamicallyQuantizableLinear(in_features=768, out_features=768, bias=True)
        )
        (linear1): Linear(in_features=768, out_features=1536, bias=True)
        (dropout): Dropout(p=0.1, inplace=False)
        (linear2): Linear(in_features=1536, out_features=768, bias=True)
        (norm1): LayerNorm((768,), eps=1e-05, elementwise_affine=True, bias=True)
        (norm2): LayerNorm((768,), eps=1e-05, elementwise_affine=True, bias=True)
        (dropout1): Dropout(p=0.1, inplace=False)
        (dropout2): Dropout(p=0.1, inplace=False)
      )
      (gate): Sequential(
        (0): Linear(in_features=768, out_features=48, bias=True)
        (1): GELU(approximate='none')
        (2): Linear(in_features=48, out_features=1, bias=True)
      )
    )
  )
)
[07/30 20:38:37][INFO] models.utils.optimizer:   82: Optimized parameters constructed. Parameters without weight decay: []
[07/30 20:38:37][INFO] datasets.base.few_shot_dataset:   97: Reading video list from file: train_few_shot.txt
[07/30 20:38:37][INFO] datasets.base.few_shot_dataset:  127: Loading SSv2-Full dataset list for split 'train'...
[07/30 20:38:37][INFO] datasets.base.few_shot_dataset:   47: loaded 67013 videos from train dataset: SSv2-Full !
[07/30 20:38:37][INFO] datasets.base.few_shot_dataset:  153: Dataset SSv2-Full split train loaded. Length 67013.
[07/30 20:38:37][INFO] datasets.base.few_shot_dataset:   97: Reading video list from file: test_few_shot.txt
[07/30 20:38:37][INFO] datasets.base.few_shot_dataset:  127: Loading SSv2-Full dataset list for split 'test'...
[07/30 20:38:37][INFO] datasets.base.few_shot_dataset:   47: loaded 2857 videos from test dataset: SSv2-Full !
[07/30 20:38:37][INFO] datasets.base.few_shot_dataset:  153: Dataset SSv2-Full split test loaded. Length 2857.
[07/30 20:38:37][INFO] train_net_few_shot:  193: Start epoch: 1
[07/30 20:38:37][INFO] train_net_few_shot:  211: Number of total parameters: 97896163, tunable parameters: 12099043
[07/30 20:38:37][INFO] train_net_few_shot:   34: Norm training: True
[07/30 20:39:57][INFO] utils.logging:   91: {"_type": "train_iter", "iter": "200/30000", "loss": 9.871109, "lr": 0.000253, "top1_acc": 35.199999}
[07/30 20:41:15][INFO] utils.logging:   91: {"_type": "train_iter", "iter": "400/30000", "loss": 9.124111, "lr": 0.000306, "top1_acc": 40.600000}
[07/30 20:42:33][INFO] utils.logging:   91: {"_type": "train_iter", "iter": "600/30000", "loss": 8.303391, "lr": 0.000360, "top1_acc": 47.400000}
[07/30 20:43:51][INFO] utils.logging:   91: {"_type": "train_iter", "iter": "800/30000", "loss": 7.409853, "lr": 0.000413, "top1_acc": 51.200000}
[07/30 20:45:10][INFO] utils.logging:   91: {"_type": "train_iter", "iter": "1000/30000", "loss": 6.910992, "lr": 0.000466, "top1_acc": 54.600001}
[07/30 20:46:28][INFO] utils.logging:   91: {"_type": "train_iter", "iter": "1200/30000", "loss": 6.413269, "lr": 0.000520, "top1_acc": 54.500001}
[07/30 20:47:46][INFO] utils.logging:   91: {"_type": "train_iter", "iter": "1400/30000", "loss": 6.443639, "lr": 0.000573, "top1_acc": 55.700001}
[07/30 20:49:04][INFO] utils.logging:   91: {"_type": "train_iter", "iter": "1600/30000", "loss": 5.942721, "lr": 0.000626, "top1_acc": 59.600001}
[07/30 20:50:22][INFO] utils.logging:   91: {"_type": "train_iter", "iter": "1800/30000", "loss": 5.729566, "lr": 0.000680, "top1_acc": 57.500001}
[07/30 20:51:41][INFO] utils.logging:   91: {"_type": "train_iter", "iter": "2000/30000", "loss": 5.533626, "lr": 0.000733, "top1_acc": 62.100001}
[07/30 20:52:59][INFO] utils.logging:   91: {"_type": "train_iter", "iter": "2200/30000", "loss": 5.476399, "lr": 0.000786, "top1_acc": 60.100001}
[07/30 20:54:17][INFO] utils.logging:   91: {"_type": "train_iter", "iter": "2400/30000", "loss": 5.153490, "lr": 0.000840, "top1_acc": 63.800001}
[07/30 20:55:35][INFO] utils.logging:   91: {"_type": "train_iter", "iter": "2600/30000", "loss": 5.135916, "lr": 0.000893, "top1_acc": 64.000001}
[07/30 20:56:53][INFO] utils.logging:   91: {"_type": "train_iter", "iter": "2800/30000", "loss": 4.821488, "lr": 0.000946, "top1_acc": 62.700001}
[07/30 20:58:12][INFO] utils.logging:   91: {"_type": "train_iter", "iter": "3000/30000", "loss": 5.075837, "lr": 0.001000, "top1_acc": 63.600001}
[07/30 20:59:30][INFO] utils.logging:   91: {"_type": "train_iter", "iter": "3200/30000", "loss": 4.711516, "lr": 0.001000, "top1_acc": 67.700001}
[07/30 21:00:48][INFO] utils.logging:   91: {"_type": "train_iter", "iter": "3400/30000", "loss": 4.773784, "lr": 0.001000, "top1_acc": 62.300001}
[07/30 21:02:06][INFO] utils.logging:   91: {"_type": "train_iter", "iter": "3600/30000", "loss": 4.583382, "lr": 0.001000, "top1_acc": 68.800001}
[07/30 21:02:15][INFO] datasets.base.few_shot_dataset:  409: Error at decoding. Vid index: 54100, Vid path: /mnt/data/yanyi2025/lrc/action_data/ssv2/videos/videos/96464.webm
[07/30 21:03:24][INFO] utils.logging:   91: {"_type": "train_iter", "iter": "3800/30000", "loss": 4.376395, "lr": 0.001000, "top1_acc": 67.700001}
[07/30 21:04:43][INFO] utils.logging:   91: {"_type": "train_iter", "iter": "4000/30000", "loss": 4.193843, "lr": 0.001000, "top1_acc": 68.900001}
[07/30 21:06:01][INFO] utils.logging:   91: {"_type": "train_iter", "iter": "4200/30000", "loss": 4.260616, "lr": 0.001000, "top1_acc": 69.300001}
[07/30 21:07:19][INFO] utils.logging:   91: {"_type": "train_iter", "iter": "4400/30000", "loss": 4.219430, "lr": 0.001000, "top1_acc": 67.700001}
[07/30 21:08:37][INFO] utils.logging:   91: {"_type": "train_iter", "iter": "4600/30000", "loss": 3.801055, "lr": 0.001000, "top1_acc": 70.500001}
[07/30 21:09:55][INFO] utils.logging:   91: {"_type": "train_iter", "iter": "4800/30000", "loss": 4.072070, "lr": 0.001000, "top1_acc": 68.500001}
[07/30 21:11:13][INFO] utils.logging:   91: {"_type": "train_iter", "iter": "5000/30000", "loss": 3.689259, "lr": 0.001000, "top1_acc": 72.500001}
[07/30 21:12:31][INFO] utils.logging:   91: {"_type": "train_iter", "iter": "5200/30000", "loss": 3.823039, "lr": 0.001000, "top1_acc": 68.800001}
[07/30 21:13:50][INFO] utils.logging:   91: {"_type": "train_iter", "iter": "5400/30000", "loss": 3.537170, "lr": 0.001000, "top1_acc": 73.100001}
[07/30 21:15:08][INFO] utils.logging:   91: {"_type": "train_iter", "iter": "5600/30000", "loss": 3.307681, "lr": 0.001000, "top1_acc": 73.300002}
[07/30 21:16:26][INFO] utils.logging:   91: {"_type": "train_iter", "iter": "5800/30000", "loss": 3.520637, "lr": 0.001000, "top1_acc": 73.500001}
[07/30 21:17:44][INFO] utils.logging:   91: {"_type": "train_iter", "iter": "6000/30000", "loss": 3.584301, "lr": 0.001000, "top1_acc": 72.200001}
[07/30 21:19:02][INFO] utils.logging:   91: {"_type": "train_iter", "iter": "6200/30000", "loss": 3.274767, "lr": 0.001000, "top1_acc": 75.700001}
[07/30 21:20:20][INFO] utils.logging:   91: {"_type": "train_iter", "iter": "6400/30000", "loss": 3.300609, "lr": 0.001000, "top1_acc": 74.100002}
[07/30 21:21:39][INFO] utils.logging:   91: {"_type": "train_iter", "iter": "6600/30000", "loss": 3.188263, "lr": 0.001000, "top1_acc": 75.100001}
[07/30 21:22:58][INFO] utils.logging:   91: {"_type": "train_iter", "iter": "6800/30000", "loss": 3.184390, "lr": 0.001000, "top1_acc": 76.700001}
[07/30 21:24:16][INFO] utils.logging:   91: {"_type": "train_iter", "iter": "7000/30000", "loss": 2.948861, "lr": 0.001000, "top1_acc": 78.600001}
[07/30 21:25:34][INFO] utils.logging:   91: {"_type": "train_iter", "iter": "7200/30000", "loss": 3.069717, "lr": 0.001000, "top1_acc": 76.100001}
[07/30 21:26:52][INFO] utils.logging:   91: {"_type": "train_iter", "iter": "7400/30000", "loss": 2.903104, "lr": 0.001000, "top1_acc": 77.400001}
[07/30 21:28:10][INFO] utils.logging:   91: {"_type": "train_iter", "iter": "7600/30000", "loss": 3.025975, "lr": 0.001000, "top1_acc": 76.400002}
[07/30 21:29:28][INFO] utils.logging:   91: {"_type": "train_iter", "iter": "7800/30000", "loss": 3.037531, "lr": 0.001000, "top1_acc": 76.700002}
[07/30 21:30:46][INFO] utils.logging:   91: {"_type": "train_iter", "iter": "8000/30000", "loss": 3.208648, "lr": 0.001000, "top1_acc": 76.700001}
[07/30 21:32:04][INFO] utils.logging:   91: {"_type": "train_iter", "iter": "8200/30000", "loss": 3.034699, "lr": 0.001000, "top1_acc": 78.000002}
[07/30 21:33:22][INFO] utils.logging:   91: {"_type": "train_iter", "iter": "8400/30000", "loss": 2.939026, "lr": 0.001000, "top1_acc": 77.200001}
[07/30 21:34:40][INFO] utils.logging:   91: {"_type": "train_iter", "iter": "8600/30000", "loss": 2.712386, "lr": 0.001000, "top1_acc": 78.400001}
[07/30 21:35:59][INFO] utils.logging:   91: {"_type": "train_iter", "iter": "8800/30000", "loss": 2.741631, "lr": 0.001000, "top1_acc": 77.500001}
[07/30 21:37:17][INFO] utils.logging:   91: {"_type": "train_iter", "iter": "9000/30000", "loss": 2.645298, "lr": 0.001000, "top1_acc": 79.000001}
[07/30 21:38:35][INFO] utils.logging:   91: {"_type": "train_iter", "iter": "9200/30000", "loss": 2.781098, "lr": 0.001000, "top1_acc": 79.400001}
[07/30 21:39:53][INFO] utils.logging:   91: {"_type": "train_iter", "iter": "9400/30000", "loss": 2.837376, "lr": 0.001000, "top1_acc": 77.700001}
[07/30 21:40:18][INFO] datasets.base.few_shot_dataset:  409: Error at decoding. Vid index: 54100, Vid path: /mnt/data/yanyi2025/lrc/action_data/ssv2/videos/videos/96464.webm
[07/30 21:41:11][INFO] utils.logging:   91: {"_type": "train_iter", "iter": "9600/30000", "loss": 2.521999, "lr": 0.001000, "top1_acc": 80.700001}
[07/30 21:42:30][INFO] utils.logging:   91: {"_type": "train_iter", "iter": "9800/30000", "loss": 2.599963, "lr": 0.001000, "top1_acc": 79.600001}
[07/30 21:44:11][INFO] utils.logging:   91: {"_type": "val_iter", "gpu_mem": "1.85 GB", "iter": "200/10000", "top1_acc": 56.800001}
[07/30 21:44:22][INFO] datasets.base.few_shot_dataset:  409: Error at decoding. Vid index: 2581, Vid path: /mnt/data/yanyi2025/lrc/action_data/ssv2/videos/videos/113474.webm
[07/30 21:44:34][INFO] utils.logging:   91: {"_type": "val_iter", "gpu_mem": "1.85 GB", "iter": "400/10000", "top1_acc": 60.100001}
[07/30 21:44:56][INFO] utils.logging:   91: {"_type": "val_iter", "gpu_mem": "1.85 GB", "iter": "600/10000", "top1_acc": 59.500001}
[07/30 21:45:03][INFO] datasets.base.few_shot_dataset:  409: Error at decoding. Vid index: 2581, Vid path: /mnt/data/yanyi2025/lrc/action_data/ssv2/videos/videos/113474.webm
[07/30 21:45:19][INFO] utils.logging:   91: {"_type": "val_iter", "gpu_mem": "1.85 GB", "iter": "800/10000", "top1_acc": 60.800001}
[07/30 21:45:42][INFO] utils.logging:   91: {"_type": "val_iter", "gpu_mem": "1.85 GB", "iter": "1000/10000", "top1_acc": 58.800001}
[07/30 21:45:59][INFO] datasets.base.few_shot_dataset:  409: Error at decoding. Vid index: 2581, Vid path: /mnt/data/yanyi2025/lrc/action_data/ssv2/videos/videos/113474.webm
[07/30 21:46:04][INFO] utils.logging:   91: {"_type": "val_iter", "gpu_mem": "1.85 GB", "iter": "1200/10000", "top1_acc": 66.300001}
[07/30 21:46:27][INFO] utils.logging:   91: {"_type": "val_iter", "gpu_mem": "1.85 GB", "iter": "1400/10000", "top1_acc": 61.400001}
[07/30 21:46:27][INFO] datasets.base.few_shot_dataset:  409: Error at decoding. Vid index: 2581, Vid path: /mnt/data/yanyi2025/lrc/action_data/ssv2/videos/videos/113474.webm
[07/30 21:46:49][INFO] utils.logging:   91: {"_type": "val_iter", "gpu_mem": "1.85 GB", "iter": "1600/10000", "top1_acc": 60.400001}
[07/30 21:47:12][INFO] utils.logging:   91: {"_type": "val_iter", "gpu_mem": "1.85 GB", "iter": "1800/10000", "top1_acc": 62.300001}
[07/30 21:47:35][INFO] utils.logging:   91: {"_type": "val_iter", "gpu_mem": "1.85 GB", "iter": "2000/10000", "top1_acc": 61.300001}
[07/30 21:47:54][WARNING] datasets.base.few_shot_dataset:  240: Error at decoding. 1/5. Vid index: [185, 7], Vid path: 9
[07/30 21:47:57][INFO] utils.logging:   91: {"_type": "val_iter", "gpu_mem": "1.85 GB", "iter": "2200/10000", "top1_acc": 60.500001}
[07/30 21:48:20][INFO] utils.logging:   91: {"_type": "val_iter", "gpu_mem": "1.85 GB", "iter": "2400/10000", "top1_acc": 60.100001}
[07/30 21:48:43][INFO] utils.logging:   91: {"_type": "val_iter", "gpu_mem": "1.85 GB", "iter": "2600/10000", "top1_acc": 59.600001}
[07/30 21:48:57][WARNING] datasets.base.few_shot_dataset:  240: Error at decoding. 1/5. Vid index: [185, 12], Vid path: 9
[07/30 21:49:05][INFO] utils.logging:   91: {"_type": "val_iter", "gpu_mem": "1.85 GB", "iter": "2800/10000", "top1_acc": 60.400001}
[07/30 21:49:28][INFO] utils.logging:   91: {"_type": "val_iter", "gpu_mem": "1.85 GB", "iter": "3000/10000", "top1_acc": 61.100001}
[07/30 21:49:51][INFO] utils.logging:   91: {"_type": "val_iter", "gpu_mem": "1.85 GB", "iter": "3200/10000", "top1_acc": 60.800001}
[07/30 21:50:13][INFO] utils.logging:   91: {"_type": "val_iter", "gpu_mem": "1.85 GB", "iter": "3400/10000", "top1_acc": 59.400001}
[07/30 21:50:36][INFO] utils.logging:   91: {"_type": "val_iter", "gpu_mem": "1.85 GB", "iter": "3600/10000", "top1_acc": 59.500001}
[07/30 21:50:58][INFO] utils.logging:   91: {"_type": "val_iter", "gpu_mem": "1.85 GB", "iter": "3800/10000", "top1_acc": 61.500001}
[07/30 21:51:21][INFO] utils.logging:   91: {"_type": "val_iter", "gpu_mem": "1.85 GB", "iter": "4000/10000", "top1_acc": 59.700001}
[07/30 21:51:44][INFO] utils.logging:   91: {"_type": "val_iter", "gpu_mem": "1.85 GB", "iter": "4200/10000", "top1_acc": 64.200001}
[07/30 21:51:44][WARNING] datasets.base.few_shot_dataset:  240: Error at decoding. 1/5. Vid index: [108, 185], Vid path: 9
[07/30 21:51:47][WARNING] datasets.base.few_shot_dataset:  240: Error at decoding. 1/5. Vid index: [185, 67], Vid path: 9
[07/30 21:52:06][INFO] utils.logging:   91: {"_type": "val_iter", "gpu_mem": "1.85 GB", "iter": "4400/10000", "top1_acc": 61.600001}
[07/30 21:52:20][WARNING] datasets.base.few_shot_dataset:  240: Error at decoding. 1/5. Vid index: [96, 185], Vid path: 9
[07/30 21:52:29][INFO] utils.logging:   91: {"_type": "val_iter", "gpu_mem": "1.85 GB", "iter": "4600/10000", "top1_acc": 59.700001}
[07/30 21:52:52][INFO] utils.logging:   91: {"_type": "val_iter", "gpu_mem": "1.85 GB", "iter": "4800/10000", "top1_acc": 61.100001}
[07/30 21:53:12][WARNING] datasets.base.few_shot_dataset:  240: Error at decoding. 1/5. Vid index: [113, 185], Vid path: 9
[07/30 21:53:14][INFO] utils.logging:   91: {"_type": "val_iter", "gpu_mem": "1.85 GB", "iter": "5000/10000", "top1_acc": 59.400001}
[07/30 21:53:34][INFO] datasets.base.few_shot_dataset:  409: Error at decoding. Vid index: 2581, Vid path: /mnt/data/yanyi2025/lrc/action_data/ssv2/videos/videos/113474.webm
[07/30 21:53:37][INFO] utils.logging:   91: {"_type": "val_iter", "gpu_mem": "1.85 GB", "iter": "5200/10000", "top1_acc": 61.100001}
[07/30 21:54:00][INFO] utils.logging:   91: {"_type": "val_iter", "gpu_mem": "1.85 GB", "iter": "5400/10000", "top1_acc": 60.500001}
[07/30 21:54:22][INFO] utils.logging:   91: {"_type": "val_iter", "gpu_mem": "1.85 GB", "iter": "5600/10000", "top1_acc": 59.300001}
[07/30 21:54:27][WARNING] datasets.base.few_shot_dataset:  240: Error at decoding. 1/5. Vid index: [185, 175], Vid path: 9
[07/30 21:54:45][INFO] utils.logging:   91: {"_type": "val_iter", "gpu_mem": "1.85 GB", "iter": "5800/10000", "top1_acc": 58.700001}
[07/30 21:55:08][INFO] utils.logging:   91: {"_type": "val_iter", "gpu_mem": "1.85 GB", "iter": "6000/10000", "top1_acc": 57.500001}
[07/30 21:55:23][WARNING] datasets.base.few_shot_dataset:  240: Error at decoding. 1/5. Vid index: [30, 185], Vid path: 9
[07/30 21:55:30][INFO] utils.logging:   91: {"_type": "val_iter", "gpu_mem": "1.85 GB", "iter": "6200/10000", "top1_acc": 62.100001}
[07/30 21:55:53][INFO] utils.logging:   91: {"_type": "val_iter", "gpu_mem": "1.85 GB", "iter": "6400/10000", "top1_acc": 62.500001}
[07/30 21:56:16][INFO] utils.logging:   91: {"_type": "val_iter", "gpu_mem": "1.85 GB", "iter": "6600/10000", "top1_acc": 60.300001}
[07/30 21:56:38][INFO] utils.logging:   91: {"_type": "val_iter", "gpu_mem": "1.85 GB", "iter": "6800/10000", "top1_acc": 59.800001}
[07/30 21:57:01][INFO] utils.logging:   91: {"_type": "val_iter", "gpu_mem": "1.85 GB", "iter": "7000/10000", "top1_acc": 57.600001}
[07/30 21:57:24][INFO] utils.logging:   91: {"_type": "val_iter", "gpu_mem": "1.85 GB", "iter": "7200/10000", "top1_acc": 60.200002}
[07/30 21:57:29][INFO] datasets.base.few_shot_dataset:  409: Error at decoding. Vid index: 2581, Vid path: /mnt/data/yanyi2025/lrc/action_data/ssv2/videos/videos/113474.webm
[07/30 21:57:46][INFO] utils.logging:   91: {"_type": "val_iter", "gpu_mem": "1.85 GB", "iter": "7400/10000", "top1_acc": 56.700001}
[07/30 21:58:09][INFO] utils.logging:   91: {"_type": "val_iter", "gpu_mem": "1.85 GB", "iter": "7600/10000", "top1_acc": 58.700001}
[07/30 21:58:15][WARNING] datasets.base.few_shot_dataset:  240: Error at decoding. 1/5. Vid index: [185, 70], Vid path: 9
[07/30 21:58:32][INFO] utils.logging:   91: {"_type": "val_iter", "gpu_mem": "1.85 GB", "iter": "7800/10000", "top1_acc": 61.400001}
[07/30 21:58:54][INFO] utils.logging:   91: {"_type": "val_iter", "gpu_mem": "1.85 GB", "iter": "8000/10000", "top1_acc": 59.200001}
[07/30 21:59:17][INFO] utils.logging:   91: {"_type": "val_iter", "gpu_mem": "1.85 GB", "iter": "8200/10000", "top1_acc": 62.800001}
[07/30 21:59:40][INFO] utils.logging:   91: {"_type": "val_iter", "gpu_mem": "1.85 GB", "iter": "8400/10000", "top1_acc": 62.800001}
[07/30 21:59:46][WARNING] datasets.base.few_shot_dataset:  240: Error at decoding. 1/5. Vid index: [185, 39], Vid path: 9
[07/30 21:59:52][WARNING] datasets.base.few_shot_dataset:  240: Error at decoding. 1/5. Vid index: [185, 173], Vid path: 9
[07/30 22:00:02][INFO] utils.logging:   91: {"_type": "val_iter", "gpu_mem": "1.85 GB", "iter": "8600/10000", "top1_acc": 65.200001}
[07/30 22:00:18][WARNING] datasets.base.few_shot_dataset:  240: Error at decoding. 1/5. Vid index: [168, 185], Vid path: 9
[07/30 22:00:25][INFO] utils.logging:   91: {"_type": "val_iter", "gpu_mem": "1.85 GB", "iter": "8800/10000", "top1_acc": 61.000001}
[07/30 22:00:40][INFO] datasets.base.few_shot_dataset:  409: Error at decoding. Vid index: 2581, Vid path: /mnt/data/yanyi2025/lrc/action_data/ssv2/videos/videos/113474.webm
[07/30 22:00:48][INFO] utils.logging:   91: {"_type": "val_iter", "gpu_mem": "1.85 GB", "iter": "9000/10000", "top1_acc": 58.200001}
[07/30 22:00:52][WARNING] datasets.base.few_shot_dataset:  240: Error at decoding. 1/5. Vid index: [185, 29], Vid path: 9
[07/30 22:01:11][INFO] utils.logging:   91: {"_type": "val_iter", "gpu_mem": "1.85 GB", "iter": "9200/10000", "top1_acc": 61.900001}
[07/30 22:01:33][INFO] utils.logging:   91: {"_type": "val_iter", "gpu_mem": "1.85 GB", "iter": "9400/10000", "top1_acc": 59.800001}
[07/30 22:01:46][WARNING] datasets.base.few_shot_dataset:  240: Error at decoding. 1/5. Vid index: [185, 163], Vid path: 9
[07/30 22:01:56][INFO] utils.logging:   91: {"_type": "val_iter", "gpu_mem": "1.85 GB", "iter": "9600/10000", "top1_acc": 59.100001}
[07/30 22:02:19][INFO] utils.logging:   91: {"_type": "val_iter", "gpu_mem": "1.85 GB", "iter": "9800/10000", "top1_acc": 58.600001}
[07/30 22:02:34][WARNING] datasets.base.few_shot_dataset:  240: Error at decoding. 1/5. Vid index: [185, 48], Vid path: 9
[07/30 22:02:41][INFO] utils.logging:   91: {"_type": "val_iter", "gpu_mem": "1.85 GB", "iter": "10000/10000", "top1_acc": 58.800001}
[07/30 22:02:41][INFO] utils.logging:   91: {"RAM": "17.85/125.62 GB", "_type": "val_epoch", "epoch": "1", "gpu_mem": "1.85 GB", "top1_acc": 60.402001}
[07/30 22:02:42][INFO] utils.logging:   91: {"_type": "train_iter", "iter": "10000/30000", "loss": 2.660743, "lr": 0.001000, "top1_acc": 80.800001}
[07/30 22:04:00][INFO] utils.logging:   91: {"_type": "train_iter", "iter": "10200/30000", "loss": 2.592983, "lr": 0.001000, "top1_acc": 80.100001}
[07/30 22:05:18][INFO] utils.logging:   91: {"_type": "train_iter", "iter": "10400/30000", "loss": 2.391863, "lr": 0.001000, "top1_acc": 80.600001}
[07/30 22:06:37][INFO] utils.logging:   91: {"_type": "train_iter", "iter": "10600/30000", "loss": 2.371111, "lr": 0.001000, "top1_acc": 78.800002}
[07/30 22:07:55][INFO] utils.logging:   91: {"_type": "train_iter", "iter": "10800/30000", "loss": 2.349268, "lr": 0.001000, "top1_acc": 82.400001}
[07/30 22:09:13][INFO] utils.logging:   91: {"_type": "train_iter", "iter": "11000/30000", "loss": 2.357251, "lr": 0.001000, "top1_acc": 83.000001}
[07/30 22:10:31][INFO] utils.logging:   91: {"_type": "train_iter", "iter": "11200/30000", "loss": 2.397673, "lr": 0.001000, "top1_acc": 81.200001}
[07/30 22:11:50][INFO] utils.logging:   91: {"_type": "train_iter", "iter": "11400/30000", "loss": 2.340150, "lr": 0.001000, "top1_acc": 81.600001}
[07/30 22:13:08][INFO] utils.logging:   91: {"_type": "train_iter", "iter": "11600/30000", "loss": 2.377805, "lr": 0.001000, "top1_acc": 81.800001}
[07/30 22:14:26][INFO] utils.logging:   91: {"_type": "train_iter", "iter": "11800/30000", "loss": 2.347543, "lr": 0.001000, "top1_acc": 81.800001}
[07/30 22:15:44][INFO] utils.logging:   91: {"_type": "train_iter", "iter": "12000/30000", "loss": 2.177532, "lr": 0.001000, "top1_acc": 82.200001}
[07/30 22:17:03][INFO] utils.logging:   91: {"_type": "train_iter", "iter": "12200/30000", "loss": 1.901225, "lr": 0.000500, "top1_acc": 84.200001}
[07/30 22:18:21][INFO] utils.logging:   91: {"_type": "train_iter", "iter": "12400/30000", "loss": 2.123367, "lr": 0.000500, "top1_acc": 80.700001}
[07/30 22:19:39][INFO] utils.logging:   91: {"_type": "train_iter", "iter": "12600/30000", "loss": 1.816820, "lr": 0.000500, "top1_acc": 84.100001}
[07/30 22:20:57][INFO] utils.logging:   91: {"_type": "train_iter", "iter": "12800/30000", "loss": 1.950748, "lr": 0.000500, "top1_acc": 82.200001}
[07/30 22:22:16][INFO] utils.logging:   91: {"_type": "train_iter", "iter": "13000/30000", "loss": 1.659899, "lr": 0.000500, "top1_acc": 86.000001}
[07/30 22:23:34][INFO] utils.logging:   91: {"_type": "train_iter", "iter": "13200/30000", "loss": 1.776105, "lr": 0.000500, "top1_acc": 84.500001}
[07/30 22:24:52][INFO] utils.logging:   91: {"_type": "train_iter", "iter": "13400/30000", "loss": 1.767082, "lr": 0.000500, "top1_acc": 83.100001}
[07/30 22:26:10][INFO] utils.logging:   91: {"_type": "train_iter", "iter": "13600/30000", "loss": 1.592712, "lr": 0.000500, "top1_acc": 86.400001}
[07/30 22:27:29][INFO] utils.logging:   91: {"_type": "train_iter", "iter": "13800/30000", "loss": 1.592308, "lr": 0.000500, "top1_acc": 87.700001}
[07/30 22:28:47][INFO] utils.logging:   91: {"_type": "train_iter", "iter": "14000/30000", "loss": 1.555607, "lr": 0.000500, "top1_acc": 86.300001}
[07/30 22:30:05][INFO] utils.logging:   91: {"_type": "train_iter", "iter": "14200/30000", "loss": 1.619566, "lr": 0.000500, "top1_acc": 86.500001}
[07/30 22:31:24][INFO] utils.logging:   91: {"_type": "train_iter", "iter": "14400/30000", "loss": 1.541075, "lr": 0.000500, "top1_acc": 85.500001}
[07/30 22:32:42][INFO] utils.logging:   91: {"_type": "train_iter", "iter": "14600/30000", "loss": 1.601779, "lr": 0.000500, "top1_acc": 85.900001}
[07/30 22:34:00][INFO] utils.logging:   91: {"_type": "train_iter", "iter": "14800/30000", "loss": 1.527701, "lr": 0.000500, "top1_acc": 88.100001}
[07/30 22:35:18][INFO] utils.logging:   91: {"_type": "train_iter", "iter": "15000/30000", "loss": 1.517013, "lr": 0.000500, "top1_acc": 87.200001}
[07/30 22:36:37][INFO] utils.logging:   91: {"_type": "train_iter", "iter": "15200/30000", "loss": 1.519793, "lr": 0.000500, "top1_acc": 87.700001}
[07/30 22:37:55][INFO] utils.logging:   91: {"_type": "train_iter", "iter": "15400/30000", "loss": 1.551121, "lr": 0.000500, "top1_acc": 87.100001}
[07/30 22:39:13][INFO] utils.logging:   91: {"_type": "train_iter", "iter": "15600/30000", "loss": 1.515068, "lr": 0.000500, "top1_acc": 87.100001}
[07/30 22:40:32][INFO] utils.logging:   91: {"_type": "train_iter", "iter": "15800/30000", "loss": 1.547410, "lr": 0.000500, "top1_acc": 85.800001}
[07/30 22:41:50][INFO] utils.logging:   91: {"_type": "train_iter", "iter": "16000/30000", "loss": 1.556874, "lr": 0.000500, "top1_acc": 87.200001}
[07/30 22:43:08][INFO] utils.logging:   91: {"_type": "train_iter", "iter": "16200/30000", "loss": 1.569610, "lr": 0.000500, "top1_acc": 85.100001}
[07/30 22:44:26][INFO] utils.logging:   91: {"_type": "train_iter", "iter": "16400/30000", "loss": 1.450423, "lr": 0.000500, "top1_acc": 87.900001}
[07/30 22:45:44][INFO] utils.logging:   91: {"_type": "train_iter", "iter": "16600/30000", "loss": 1.279126, "lr": 0.000500, "top1_acc": 89.200001}
[07/30 22:47:03][INFO] utils.logging:   91: {"_type": "train_iter", "iter": "16800/30000", "loss": 1.504284, "lr": 0.000500, "top1_acc": 87.000001}
[07/30 22:48:21][INFO] utils.logging:   91: {"_type": "train_iter", "iter": "17000/30000", "loss": 1.396856, "lr": 0.000500, "top1_acc": 87.200001}
[07/30 22:49:39][INFO] utils.logging:   91: {"_type": "train_iter", "iter": "17200/30000", "loss": 1.394584, "lr": 0.000500, "top1_acc": 86.000001}
[07/30 22:50:57][INFO] utils.logging:   91: {"_type": "train_iter", "iter": "17400/30000", "loss": 1.341153, "lr": 0.000500, "top1_acc": 88.400001}
[07/30 22:52:03][INFO] datasets.base.few_shot_dataset:  489: Error at decoding. Vid index: 54100, Vid path: /mnt/data/yanyi2025/lrc/action_data/ssv2/videos/videos/96464.webm
[07/30 22:52:16][INFO] utils.logging:   91: {"_type": "train_iter", "iter": "17600/30000", "loss": 1.306304, "lr": 0.000500, "top1_acc": 88.100001}
[07/30 22:53:34][INFO] utils.logging:   91: {"_type": "train_iter", "iter": "17800/30000", "loss": 1.407675, "lr": 0.000500, "top1_acc": 86.500001}
[07/30 22:54:52][INFO] utils.logging:   91: {"_type": "train_iter", "iter": "18000/30000", "loss": 1.491686, "lr": 0.000500, "top1_acc": 87.700001}
[07/30 22:56:10][INFO] utils.logging:   91: {"_type": "train_iter", "iter": "18200/30000", "loss": 1.313161, "lr": 0.000100, "top1_acc": 89.400001}
[07/30 22:57:28][INFO] utils.logging:   91: {"_type": "train_iter", "iter": "18400/30000", "loss": 1.256295, "lr": 0.000100, "top1_acc": 88.700001}
[07/30 22:58:47][INFO] utils.logging:   91: {"_type": "train_iter", "iter": "18600/30000", "loss": 1.122472, "lr": 0.000100, "top1_acc": 89.600001}
[07/30 23:00:05][INFO] utils.logging:   91: {"_type": "train_iter", "iter": "18800/30000", "loss": 1.073607, "lr": 0.000100, "top1_acc": 91.300001}
[07/30 23:01:23][INFO] utils.logging:   91: {"_type": "train_iter", "iter": "19000/30000", "loss": 1.180272, "lr": 0.000100, "top1_acc": 88.300001}
[07/30 23:02:42][INFO] utils.logging:   91: {"_type": "train_iter", "iter": "19200/30000", "loss": 1.097857, "lr": 0.000100, "top1_acc": 89.200001}
[07/30 23:04:00][INFO] utils.logging:   91: {"_type": "train_iter", "iter": "19400/30000", "loss": 1.110449, "lr": 0.000100, "top1_acc": 89.200001}
[07/30 23:05:18][INFO] utils.logging:   91: {"_type": "train_iter", "iter": "19600/30000", "loss": 1.241007, "lr": 0.000100, "top1_acc": 87.400001}
[07/30 23:06:36][INFO] utils.logging:   91: {"_type": "train_iter", "iter": "19800/30000", "loss": 0.933330, "lr": 0.000100, "top1_acc": 89.200001}
[07/30 23:08:17][INFO] utils.logging:   91: {"_type": "val_iter", "gpu_mem": "1.85 GB", "iter": "200/10000", "top1_acc": 62.900001}
[07/30 23:08:40][INFO] utils.logging:   91: {"_type": "val_iter", "gpu_mem": "1.85 GB", "iter": "400/10000", "top1_acc": 64.600001}
[07/30 23:09:03][INFO] utils.logging:   91: {"_type": "val_iter", "gpu_mem": "1.85 GB", "iter": "600/10000", "top1_acc": 64.400002}
[07/30 23:09:25][INFO] utils.logging:   91: {"_type": "val_iter", "gpu_mem": "1.85 GB", "iter": "800/10000", "top1_acc": 66.100001}
[07/30 23:09:48][INFO] utils.logging:   91: {"_type": "val_iter", "gpu_mem": "1.85 GB", "iter": "1000/10000", "top1_acc": 65.500001}
[07/30 23:10:10][INFO] utils.logging:   91: {"_type": "val_iter", "gpu_mem": "1.85 GB", "iter": "1200/10000", "top1_acc": 64.200001}
[07/30 23:10:33][INFO] utils.logging:   91: {"_type": "val_iter", "gpu_mem": "1.85 GB", "iter": "1400/10000", "top1_acc": 66.100001}
[07/30 23:10:55][INFO] utils.logging:   91: {"_type": "val_iter", "gpu_mem": "1.85 GB", "iter": "1600/10000", "top1_acc": 64.900001}
[07/30 23:11:18][INFO] utils.logging:   91: {"_type": "val_iter", "gpu_mem": "1.85 GB", "iter": "1800/10000", "top1_acc": 65.500001}
[07/30 23:11:41][INFO] utils.logging:   91: {"_type": "val_iter", "gpu_mem": "1.85 GB", "iter": "2000/10000", "top1_acc": 63.100001}
[07/30 23:11:58][INFO] datasets.base.few_shot_dataset:  409: Error at decoding. Vid index: 2581, Vid path: /mnt/data/yanyi2025/lrc/action_data/ssv2/videos/videos/113474.webm
[07/30 23:12:03][INFO] utils.logging:   91: {"_type": "val_iter", "gpu_mem": "1.85 GB", "iter": "2200/10000", "top1_acc": 65.900002}
[07/30 23:12:26][INFO] utils.logging:   91: {"_type": "val_iter", "gpu_mem": "1.85 GB", "iter": "2400/10000", "top1_acc": 67.200001}
[07/30 23:12:30][INFO] datasets.base.few_shot_dataset:  409: Error at decoding. Vid index: 2581, Vid path: /mnt/data/yanyi2025/lrc/action_data/ssv2/videos/videos/113474.webm
[07/30 23:12:48][INFO] datasets.base.few_shot_dataset:  409: Error at decoding. Vid index: 2581, Vid path: /mnt/data/yanyi2025/lrc/action_data/ssv2/videos/videos/113474.webm
[07/30 23:12:48][INFO] utils.logging:   91: {"_type": "val_iter", "gpu_mem": "1.85 GB", "iter": "2600/10000", "top1_acc": 63.800001}
[07/30 23:13:11][INFO] utils.logging:   91: {"_type": "val_iter", "gpu_mem": "1.85 GB", "iter": "2800/10000", "top1_acc": 63.900001}
[07/30 23:13:34][INFO] utils.logging:   91: {"_type": "val_iter", "gpu_mem": "1.85 GB", "iter": "3000/10000", "top1_acc": 64.100001}
[07/30 23:13:56][INFO] utils.logging:   91: {"_type": "val_iter", "gpu_mem": "1.85 GB", "iter": "3200/10000", "top1_acc": 66.800001}
[07/30 23:14:19][INFO] utils.logging:   91: {"_type": "val_iter", "gpu_mem": "1.85 GB", "iter": "3400/10000", "top1_acc": 66.700001}
[07/30 23:14:42][INFO] utils.logging:   91: {"_type": "val_iter", "gpu_mem": "1.85 GB", "iter": "3600/10000", "top1_acc": 65.200002}
[07/30 23:15:04][INFO] utils.logging:   91: {"_type": "val_iter", "gpu_mem": "1.85 GB", "iter": "3800/10000", "top1_acc": 63.800001}
[07/30 23:15:17][INFO] datasets.base.few_shot_dataset:  409: Error at decoding. Vid index: 2581, Vid path: /mnt/data/yanyi2025/lrc/action_data/ssv2/videos/videos/113474.webm
[07/30 23:15:27][INFO] utils.logging:   91: {"_type": "val_iter", "gpu_mem": "1.85 GB", "iter": "4000/10000", "top1_acc": 65.800001}
[07/30 23:15:50][INFO] utils.logging:   91: {"_type": "val_iter", "gpu_mem": "1.85 GB", "iter": "4200/10000", "top1_acc": 66.700001}
[07/30 23:16:12][INFO] utils.logging:   91: {"_type": "val_iter", "gpu_mem": "1.85 GB", "iter": "4400/10000", "top1_acc": 64.500001}
[07/30 23:16:29][INFO] datasets.base.few_shot_dataset:  409: Error at decoding. Vid index: 2581, Vid path: /mnt/data/yanyi2025/lrc/action_data/ssv2/videos/videos/113474.webm
[07/30 23:16:35][INFO] utils.logging:   91: {"_type": "val_iter", "gpu_mem": "1.85 GB", "iter": "4600/10000", "top1_acc": 65.600002}
[07/30 23:16:58][INFO] utils.logging:   91: {"_type": "val_iter", "gpu_mem": "1.85 GB", "iter": "4800/10000", "top1_acc": 63.700001}
[07/30 23:17:18][WARNING] datasets.base.few_shot_dataset:  240: Error at decoding. 1/5. Vid index: [108, 185], Vid path: 9
[07/30 23:17:20][INFO] utils.logging:   91: {"_type": "val_iter", "gpu_mem": "1.85 GB", "iter": "5000/10000", "top1_acc": 64.000001}
[07/30 23:17:33][WARNING] datasets.base.few_shot_dataset:  240: Error at decoding. 1/5. Vid index: [185, 121], Vid path: 9
[07/30 23:17:43][INFO] utils.logging:   91: {"_type": "val_iter", "gpu_mem": "1.85 GB", "iter": "5200/10000", "top1_acc": 67.100002}
[07/30 23:17:47][WARNING] datasets.base.few_shot_dataset:  240: Error at decoding. 1/5. Vid index: [185, 63], Vid path: 9
[07/30 23:18:06][INFO] utils.logging:   91: {"_type": "val_iter", "gpu_mem": "1.85 GB", "iter": "5400/10000", "top1_acc": 65.000001}
[07/30 23:18:28][INFO] utils.logging:   91: {"_type": "val_iter", "gpu_mem": "1.85 GB", "iter": "5600/10000", "top1_acc": 65.400001}
[07/30 23:18:51][INFO] utils.logging:   91: {"_type": "val_iter", "gpu_mem": "1.85 GB", "iter": "5800/10000", "top1_acc": 65.600001}
[07/30 23:19:04][WARNING] datasets.base.few_shot_dataset:  240: Error at decoding. 1/5. Vid index: [42, 185], Vid path: 9
[07/30 23:19:13][INFO] utils.logging:   91: {"_type": "val_iter", "gpu_mem": "1.85 GB", "iter": "6000/10000", "top1_acc": 64.400001}
[07/30 23:19:36][INFO] utils.logging:   91: {"_type": "val_iter", "gpu_mem": "1.85 GB", "iter": "6200/10000", "top1_acc": 66.600001}
[07/30 23:19:51][INFO] datasets.base.few_shot_dataset:  409: Error at decoding. Vid index: 2581, Vid path: /mnt/data/yanyi2025/lrc/action_data/ssv2/videos/videos/113474.webm
[07/30 23:19:59][INFO] utils.logging:   91: {"_type": "val_iter", "gpu_mem": "1.85 GB", "iter": "6400/10000", "top1_acc": 65.900001}
[07/30 23:20:22][INFO] utils.logging:   91: {"_type": "val_iter", "gpu_mem": "1.85 GB", "iter": "6600/10000", "top1_acc": 65.500001}
[07/30 23:20:30][WARNING] datasets.base.few_shot_dataset:  240: Error at decoding. 1/5. Vid index: [185, 182], Vid path: 9
[07/30 23:20:44][INFO] utils.logging:   91: {"_type": "val_iter", "gpu_mem": "1.85 GB", "iter": "6800/10000", "top1_acc": 66.000001}
[07/30 23:21:07][INFO] utils.logging:   91: {"_type": "val_iter", "gpu_mem": "1.85 GB", "iter": "7000/10000", "top1_acc": 65.600001}
[07/30 23:21:29][INFO] utils.logging:   91: {"_type": "val_iter", "gpu_mem": "1.85 GB", "iter": "7200/10000", "top1_acc": 63.900001}
[07/30 23:21:44][WARNING] datasets.base.few_shot_dataset:  240: Error at decoding. 1/5. Vid index: [185, 164], Vid path: 9
[07/30 23:21:52][INFO] utils.logging:   91: {"_type": "val_iter", "gpu_mem": "1.85 GB", "iter": "7400/10000", "top1_acc": 65.100001}
[07/30 23:22:10][WARNING] datasets.base.few_shot_dataset:  240: Error at decoding. 1/5. Vid index: [0, 185], Vid path: 9
[07/30 23:22:15][INFO] utils.logging:   91: {"_type": "val_iter", "gpu_mem": "1.85 GB", "iter": "7600/10000", "top1_acc": 63.200001}
[07/30 23:22:26][WARNING] datasets.base.few_shot_dataset:  240: Error at decoding. 1/5. Vid index: [185, 62], Vid path: 9
[07/30 23:22:37][INFO] utils.logging:   91: {"_type": "val_iter", "gpu_mem": "1.85 GB", "iter": "7800/10000", "top1_acc": 66.000001}
[07/30 23:22:58][WARNING] datasets.base.few_shot_dataset:  240: Error at decoding. 1/5. Vid index: [4, 185], Vid path: 9
[07/30 23:23:00][INFO] utils.logging:   91: {"_type": "val_iter", "gpu_mem": "1.85 GB", "iter": "8000/10000", "top1_acc": 63.500001}
[07/30 23:23:23][INFO] utils.logging:   91: {"_type": "val_iter", "gpu_mem": "1.85 GB", "iter": "8200/10000", "top1_acc": 63.500001}
[07/30 23:23:45][INFO] utils.logging:   91: {"_type": "val_iter", "gpu_mem": "1.85 GB", "iter": "8400/10000", "top1_acc": 64.000001}
[07/30 23:24:08][INFO] utils.logging:   91: {"_type": "val_iter", "gpu_mem": "1.85 GB", "iter": "8600/10000", "top1_acc": 65.400002}
[07/30 23:24:31][INFO] utils.logging:   91: {"_type": "val_iter", "gpu_mem": "1.85 GB", "iter": "8800/10000", "top1_acc": 65.900001}
[07/30 23:24:53][INFO] utils.logging:   91: {"_type": "val_iter", "gpu_mem": "1.85 GB", "iter": "9000/10000", "top1_acc": 64.700001}
[07/30 23:25:16][INFO] utils.logging:   91: {"_type": "val_iter", "gpu_mem": "1.85 GB", "iter": "9200/10000", "top1_acc": 67.700002}
[07/30 23:25:39][INFO] utils.logging:   91: {"_type": "val_iter", "gpu_mem": "1.85 GB", "iter": "9400/10000", "top1_acc": 66.900001}
[07/30 23:26:01][INFO] utils.logging:   91: {"_type": "val_iter", "gpu_mem": "1.85 GB", "iter": "9600/10000", "top1_acc": 66.700002}
[07/30 23:26:24][INFO] utils.logging:   91: {"_type": "val_iter", "gpu_mem": "1.85 GB", "iter": "9800/10000", "top1_acc": 64.900001}
[07/30 23:26:32][WARNING] datasets.base.few_shot_dataset:  240: Error at decoding. 1/5. Vid index: [185, 85], Vid path: 9
[07/30 23:26:37][WARNING] datasets.base.few_shot_dataset:  240: Error at decoding. 1/5. Vid index: [57, 185], Vid path: 9
[07/30 23:26:47][INFO] utils.logging:   91: {"_type": "val_iter", "gpu_mem": "1.85 GB", "iter": "10000/10000", "top1_acc": 66.300002}
[07/30 23:26:47][INFO] utils.logging:   91: {"RAM": "18.07/125.62 GB", "_type": "val_epoch", "epoch": "2", "gpu_mem": "1.85 GB", "top1_acc": 65.196001}
[07/30 23:26:47][INFO] utils.logging:   91: {"_type": "train_iter", "iter": "20000/30000", "loss": 0.980325, "lr": 0.000100, "top1_acc": 90.400001}
[07/30 23:28:06][INFO] utils.logging:   91: {"_type": "train_iter", "iter": "20200/30000", "loss": 1.080144, "lr": 0.000100, "top1_acc": 90.400001}
[07/30 23:29:24][INFO] utils.logging:   91: {"_type": "train_iter", "iter": "20400/30000", "loss": 1.031005, "lr": 0.000100, "top1_acc": 90.300001}
[07/30 23:30:42][INFO] utils.logging:   91: {"_type": "train_iter", "iter": "20600/30000", "loss": 1.018063, "lr": 0.000100, "top1_acc": 90.000001}
[07/30 23:32:00][INFO] utils.logging:   91: {"_type": "train_iter", "iter": "20800/30000", "loss": 1.129744, "lr": 0.000100, "top1_acc": 89.300001}
[07/30 23:33:18][INFO] utils.logging:   91: {"_type": "train_iter", "iter": "21000/30000", "loss": 1.061309, "lr": 0.000100, "top1_acc": 89.500001}
[07/30 23:34:37][INFO] utils.logging:   91: {"_type": "train_iter", "iter": "21200/30000", "loss": 1.006391, "lr": 0.000100, "top1_acc": 90.200001}
[07/30 23:35:55][INFO] utils.logging:   91: {"_type": "train_iter", "iter": "21400/30000", "loss": 1.025766, "lr": 0.000100, "top1_acc": 89.100001}
[07/30 23:37:13][INFO] utils.logging:   91: {"_type": "train_iter", "iter": "21600/30000", "loss": 0.910806, "lr": 0.000100, "top1_acc": 90.500001}
[07/30 23:38:31][INFO] utils.logging:   91: {"_type": "train_iter", "iter": "21800/30000", "loss": 1.050961, "lr": 0.000100, "top1_acc": 90.300001}
[07/30 23:39:49][INFO] utils.logging:   91: {"_type": "train_iter", "iter": "22000/30000", "loss": 0.956667, "lr": 0.000100, "top1_acc": 90.200001}
[07/30 23:41:08][INFO] utils.logging:   91: {"_type": "train_iter", "iter": "22200/30000", "loss": 0.925319, "lr": 0.000100, "top1_acc": 90.500001}
[07/30 23:42:26][INFO] utils.logging:   91: {"_type": "train_iter", "iter": "22400/30000", "loss": 0.944544, "lr": 0.000100, "top1_acc": 92.300001}
[07/30 23:43:44][INFO] utils.logging:   91: {"_type": "train_iter", "iter": "22600/30000", "loss": 0.909168, "lr": 0.000100, "top1_acc": 91.200001}
[07/30 23:45:02][INFO] utils.logging:   91: {"_type": "train_iter", "iter": "22800/30000", "loss": 0.902250, "lr": 0.000100, "top1_acc": 90.100001}
[07/30 23:46:21][INFO] utils.logging:   91: {"_type": "train_iter", "iter": "23000/30000", "loss": 0.922763, "lr": 0.000100, "top1_acc": 91.500001}
[07/30 23:47:39][INFO] utils.logging:   91: {"_type": "train_iter", "iter": "23200/30000", "loss": 0.986272, "lr": 0.000100, "top1_acc": 92.300001}
[07/30 23:48:57][INFO] utils.logging:   91: {"_type": "train_iter", "iter": "23400/30000", "loss": 0.883546, "lr": 0.000100, "top1_acc": 89.700001}
[07/30 23:50:15][INFO] utils.logging:   91: {"_type": "train_iter", "iter": "23600/30000", "loss": 0.886354, "lr": 0.000100, "top1_acc": 92.400001}
[07/30 23:51:34][INFO] utils.logging:   91: {"_type": "train_iter", "iter": "23800/30000", "loss": 0.980850, "lr": 0.000100, "top1_acc": 90.300001}
[07/30 23:52:52][INFO] utils.logging:   91: {"_type": "train_iter", "iter": "24000/30000", "loss": 0.912806, "lr": 0.000100, "top1_acc": 91.000001}
[07/30 23:54:10][INFO] utils.logging:   91: {"_type": "train_iter", "iter": "24200/30000", "loss": 0.936338, "lr": 0.000050, "top1_acc": 90.000001}
[07/30 23:55:28][INFO] utils.logging:   91: {"_type": "train_iter", "iter": "24400/30000", "loss": 0.878518, "lr": 0.000050, "top1_acc": 90.500001}
[07/30 23:56:47][INFO] utils.logging:   91: {"_type": "train_iter", "iter": "24600/30000", "loss": 0.862895, "lr": 0.000050, "top1_acc": 91.800001}
[07/30 23:58:05][INFO] utils.logging:   91: {"_type": "train_iter", "iter": "24800/30000", "loss": 0.840079, "lr": 0.000050, "top1_acc": 90.600001}
[07/30 23:59:23][INFO] utils.logging:   91: {"_type": "train_iter", "iter": "25000/30000", "loss": 0.846409, "lr": 0.000050, "top1_acc": 92.200001}
[07/31 00:00:41][INFO] utils.logging:   91: {"_type": "train_iter", "iter": "25200/30000", "loss": 0.977510, "lr": 0.000050, "top1_acc": 90.800001}
[07/31 00:02:00][INFO] utils.logging:   91: {"_type": "train_iter", "iter": "25400/30000", "loss": 0.953582, "lr": 0.000050, "top1_acc": 91.600001}
[07/31 00:03:18][INFO] utils.logging:   91: {"_type": "train_iter", "iter": "25600/30000", "loss": 0.983248, "lr": 0.000050, "top1_acc": 89.100001}
[07/31 00:04:36][INFO] utils.logging:   91: {"_type": "train_iter", "iter": "25800/30000", "loss": 0.841616, "lr": 0.000050, "top1_acc": 92.100001}
[07/31 00:05:54][INFO] utils.logging:   91: {"_type": "train_iter", "iter": "26000/30000", "loss": 0.869786, "lr": 0.000050, "top1_acc": 92.000001}
[07/31 00:07:13][INFO] utils.logging:   91: {"_type": "train_iter", "iter": "26200/30000", "loss": 0.804119, "lr": 0.000050, "top1_acc": 92.100001}
[07/31 00:08:31][INFO] utils.logging:   91: {"_type": "train_iter", "iter": "26400/30000", "loss": 0.749657, "lr": 0.000050, "top1_acc": 93.500001}
[07/31 00:09:49][INFO] utils.logging:   91: {"_type": "train_iter", "iter": "26600/30000", "loss": 0.821494, "lr": 0.000050, "top1_acc": 91.800001}
[07/31 00:11:08][INFO] utils.logging:   91: {"_type": "train_iter", "iter": "26800/30000", "loss": 0.918218, "lr": 0.000050, "top1_acc": 91.700001}
[07/31 00:12:26][INFO] utils.logging:   91: {"_type": "train_iter", "iter": "27000/30000", "loss": 0.830917, "lr": 0.000050, "top1_acc": 90.400001}
[07/31 00:13:44][INFO] utils.logging:   91: {"_type": "train_iter", "iter": "27200/30000", "loss": 0.890621, "lr": 0.000050, "top1_acc": 90.900001}
[07/31 00:15:03][INFO] utils.logging:   91: {"_type": "train_iter", "iter": "27400/30000", "loss": 0.848896, "lr": 0.000050, "top1_acc": 91.300001}
[07/31 00:15:19][INFO] datasets.base.few_shot_dataset:  409: Error at decoding. Vid index: 54100, Vid path: /mnt/data/yanyi2025/lrc/action_data/ssv2/videos/videos/96464.webm
[07/31 00:16:21][INFO] utils.logging:   91: {"_type": "train_iter", "iter": "27600/30000", "loss": 0.798633, "lr": 0.000050, "top1_acc": 91.100001}
[07/31 00:17:39][INFO] utils.logging:   91: {"_type": "train_iter", "iter": "27800/30000", "loss": 0.762949, "lr": 0.000050, "top1_acc": 91.800001}
[07/31 00:18:57][INFO] utils.logging:   91: {"_type": "train_iter", "iter": "28000/30000", "loss": 0.867814, "lr": 0.000050, "top1_acc": 91.700001}
[07/31 00:20:16][INFO] utils.logging:   91: {"_type": "train_iter", "iter": "28200/30000", "loss": 0.797679, "lr": 0.000050, "top1_acc": 90.900001}
[07/31 00:21:34][INFO] utils.logging:   91: {"_type": "train_iter", "iter": "28400/30000", "loss": 0.765151, "lr": 0.000050, "top1_acc": 92.600001}
[07/31 00:22:52][INFO] utils.logging:   91: {"_type": "train_iter", "iter": "28600/30000", "loss": 0.883334, "lr": 0.000050, "top1_acc": 91.100001}
[07/31 00:24:10][INFO] utils.logging:   91: {"_type": "train_iter", "iter": "28800/30000", "loss": 0.735434, "lr": 0.000050, "top1_acc": 91.700001}
[07/31 00:25:29][INFO] utils.logging:   91: {"_type": "train_iter", "iter": "29000/30000", "loss": 0.899021, "lr": 0.000050, "top1_acc": 91.700001}
[07/31 00:26:47][INFO] utils.logging:   91: {"_type": "train_iter", "iter": "29200/30000", "loss": 0.792273, "lr": 0.000050, "top1_acc": 91.500001}
[07/31 00:28:06][INFO] utils.logging:   91: {"_type": "train_iter", "iter": "29400/30000", "loss": 0.665991, "lr": 0.000050, "top1_acc": 91.900001}
[07/31 00:29:24][INFO] utils.logging:   91: {"_type": "train_iter", "iter": "29600/30000", "loss": 0.847915, "lr": 0.000050, "top1_acc": 92.500001}
[07/31 00:30:42][INFO] utils.logging:   91: {"_type": "train_iter", "iter": "29800/30000", "loss": 0.761786, "lr": 0.000050, "top1_acc": 92.900001}
[07/31 00:32:14][INFO] datasets.base.few_shot_dataset:  409: Error at decoding. Vid index: 2581, Vid path: /mnt/data/yanyi2025/lrc/action_data/ssv2/videos/videos/113474.webm
[07/31 00:32:24][INFO] utils.logging:   91: {"_type": "val_iter", "gpu_mem": "1.85 GB", "iter": "200/10000", "top1_acc": 65.200001}
[07/31 00:32:47][INFO] utils.logging:   91: {"_type": "val_iter", "gpu_mem": "1.85 GB", "iter": "400/10000", "top1_acc": 64.900001}
[07/31 00:33:10][INFO] utils.logging:   91: {"_type": "val_iter", "gpu_mem": "1.85 GB", "iter": "600/10000", "top1_acc": 66.000001}
[07/31 00:33:13][INFO] datasets.base.few_shot_dataset:  409: Error at decoding. Vid index: 2581, Vid path: /mnt/data/yanyi2025/lrc/action_data/ssv2/videos/videos/113474.webm
[07/31 00:33:22][INFO] datasets.base.few_shot_dataset:  409: Error at decoding. Vid index: 2581, Vid path: /mnt/data/yanyi2025/lrc/action_data/ssv2/videos/videos/113474.webm
[07/31 00:33:33][INFO] utils.logging:   91: {"_type": "val_iter", "gpu_mem": "1.85 GB", "iter": "800/10000", "top1_acc": 65.200001}
[07/31 00:33:55][INFO] utils.logging:   91: {"_type": "val_iter", "gpu_mem": "1.85 GB", "iter": "1000/10000", "top1_acc": 66.600001}
[07/31 00:34:11][INFO] datasets.base.few_shot_dataset:  409: Error at decoding. Vid index: 2581, Vid path: /mnt/data/yanyi2025/lrc/action_data/ssv2/videos/videos/113474.webm
[07/31 00:34:18][INFO] utils.logging:   91: {"_type": "val_iter", "gpu_mem": "1.85 GB", "iter": "1200/10000", "top1_acc": 65.300001}
[07/31 00:34:41][INFO] utils.logging:   91: {"_type": "val_iter", "gpu_mem": "1.85 GB", "iter": "1400/10000", "top1_acc": 67.200001}
[07/31 00:35:03][INFO] utils.logging:   91: {"_type": "val_iter", "gpu_mem": "1.85 GB", "iter": "1600/10000", "top1_acc": 69.100001}
[07/31 00:35:26][INFO] utils.logging:   91: {"_type": "val_iter", "gpu_mem": "1.85 GB", "iter": "1800/10000", "top1_acc": 66.000001}
[07/31 00:35:29][INFO] datasets.base.few_shot_dataset:  409: Error at decoding. Vid index: 2581, Vid path: /mnt/data/yanyi2025/lrc/action_data/ssv2/videos/videos/113474.webm
[07/31 00:35:39][WARNING] datasets.base.few_shot_dataset:  240: Error at decoding. 1/5. Vid index: [185, 65], Vid path: 9
[07/31 00:35:41][WARNING] datasets.base.few_shot_dataset:  240: Error at decoding. 1/5. Vid index: [185, 70], Vid path: 9
[07/31 00:35:49][INFO] utils.logging:   91: {"_type": "val_iter", "gpu_mem": "1.85 GB", "iter": "2000/10000", "top1_acc": 67.600001}
[07/31 00:36:12][INFO] utils.logging:   91: {"_type": "val_iter", "gpu_mem": "1.85 GB", "iter": "2200/10000", "top1_acc": 66.500001}
[07/31 00:36:34][INFO] utils.logging:   91: {"_type": "val_iter", "gpu_mem": "1.85 GB", "iter": "2400/10000", "top1_acc": 64.700001}
[07/31 00:36:48][WARNING] datasets.base.few_shot_dataset:  240: Error at decoding. 1/5. Vid index: [182, 185], Vid path: 9
[07/31 00:36:57][INFO] utils.logging:   91: {"_type": "val_iter", "gpu_mem": "1.85 GB", "iter": "2600/10000", "top1_acc": 64.700001}
[07/31 00:37:10][WARNING] datasets.base.few_shot_dataset:  240: Error at decoding. 1/5. Vid index: [185, 65], Vid path: 9
[07/31 00:37:20][INFO] utils.logging:   91: {"_type": "val_iter", "gpu_mem": "1.85 GB", "iter": "2800/10000", "top1_acc": 66.500001}
[07/31 00:37:42][INFO] datasets.base.few_shot_dataset:  409: Error at decoding. Vid index: 2581, Vid path: /mnt/data/yanyi2025/lrc/action_data/ssv2/videos/videos/113474.webm
[07/31 00:37:43][INFO] utils.logging:   91: {"_type": "val_iter", "gpu_mem": "1.85 GB", "iter": "3000/10000", "top1_acc": 62.800001}
[07/31 00:38:06][INFO] utils.logging:   91: {"_type": "val_iter", "gpu_mem": "1.85 GB", "iter": "3200/10000", "top1_acc": 63.900001}
[07/31 00:38:28][INFO] utils.logging:   91: {"_type": "val_iter", "gpu_mem": "1.85 GB", "iter": "3400/10000", "top1_acc": 66.000001}
[07/31 00:38:29][WARNING] datasets.base.few_shot_dataset:  240: Error at decoding. 1/5. Vid index: [185, 27], Vid path: 9
[07/31 00:38:51][INFO] utils.logging:   91: {"_type": "val_iter", "gpu_mem": "1.85 GB", "iter": "3600/10000", "top1_acc": 66.700001}
[07/31 00:38:56][INFO] datasets.base.few_shot_dataset:  409: Error at decoding. Vid index: 2581, Vid path: /mnt/data/yanyi2025/lrc/action_data/ssv2/videos/videos/113474.webm
[07/31 00:39:11][WARNING] datasets.base.few_shot_dataset:  240: Error at decoding. 1/5. Vid index: [185, 171], Vid path: 9
[07/31 00:39:14][INFO] utils.logging:   91: {"_type": "val_iter", "gpu_mem": "1.85 GB", "iter": "3800/10000", "top1_acc": 67.300001}
[07/31 00:39:22][WARNING] datasets.base.few_shot_dataset:  240: Error at decoding. 1/5. Vid index: [35, 185], Vid path: 9
[07/31 00:39:37][INFO] utils.logging:   91: {"_type": "val_iter", "gpu_mem": "1.85 GB", "iter": "4000/10000", "top1_acc": 66.300001}
[07/31 00:39:59][INFO] utils.logging:   91: {"_type": "val_iter", "gpu_mem": "1.85 GB", "iter": "4200/10000", "top1_acc": 65.200001}
[07/31 00:40:14][WARNING] datasets.base.few_shot_dataset:  240: Error at decoding. 1/5. Vid index: [18, 185], Vid path: 9
[07/31 00:40:22][INFO] utils.logging:   91: {"_type": "val_iter", "gpu_mem": "1.85 GB", "iter": "4400/10000", "top1_acc": 66.200001}
[07/31 00:40:45][INFO] utils.logging:   91: {"_type": "val_iter", "gpu_mem": "1.85 GB", "iter": "4600/10000", "top1_acc": 63.300001}
[07/31 00:40:47][WARNING] datasets.base.few_shot_dataset:  240: Error at decoding. 1/5. Vid index: [185, 60], Vid path: 9
[07/31 00:41:08][INFO] utils.logging:   91: {"_type": "val_iter", "gpu_mem": "1.85 GB", "iter": "4800/10000", "top1_acc": 68.300001}
[07/31 00:41:12][WARNING] datasets.base.few_shot_dataset:  240: Error at decoding. 1/5. Vid index: [185, 132], Vid path: 9
[07/31 00:41:31][INFO] utils.logging:   91: {"_type": "val_iter", "gpu_mem": "1.85 GB", "iter": "5000/10000", "top1_acc": 65.700001}
[07/31 00:41:39][WARNING] datasets.base.few_shot_dataset:  240: Error at decoding. 1/5. Vid index: [185, 110], Vid path: 9
[07/31 00:41:53][INFO] utils.logging:   91: {"_type": "val_iter", "gpu_mem": "1.85 GB", "iter": "5200/10000", "top1_acc": 66.100001}
[07/31 00:42:16][INFO] utils.logging:   91: {"_type": "val_iter", "gpu_mem": "1.85 GB", "iter": "5400/10000", "top1_acc": 67.200001}
[07/31 00:42:17][WARNING] datasets.base.few_shot_dataset:  240: Error at decoding. 1/5. Vid index: [137, 185], Vid path: 9
[07/31 00:42:39][INFO] utils.logging:   91: {"_type": "val_iter", "gpu_mem": "1.85 GB", "iter": "5600/10000", "top1_acc": 64.700001}
[07/31 00:43:01][INFO] utils.logging:   91: {"_type": "val_iter", "gpu_mem": "1.85 GB", "iter": "5800/10000", "top1_acc": 65.700001}
[07/31 00:43:24][INFO] utils.logging:   91: {"_type": "val_iter", "gpu_mem": "1.85 GB", "iter": "6000/10000", "top1_acc": 62.400001}
[07/31 00:43:47][INFO] utils.logging:   91: {"_type": "val_iter", "gpu_mem": "1.85 GB", "iter": "6200/10000", "top1_acc": 67.100001}
[07/31 00:43:50][INFO] datasets.base.few_shot_dataset:  409: Error at decoding. Vid index: 2581, Vid path: /mnt/data/yanyi2025/lrc/action_data/ssv2/videos/videos/113474.webm
[07/31 00:44:10][INFO] utils.logging:   91: {"_type": "val_iter", "gpu_mem": "1.85 GB", "iter": "6400/10000", "top1_acc": 65.400002}
[07/31 00:44:32][INFO] utils.logging:   91: {"_type": "val_iter", "gpu_mem": "1.85 GB", "iter": "6600/10000", "top1_acc": 64.300001}
[07/31 00:44:55][INFO] utils.logging:   91: {"_type": "val_iter", "gpu_mem": "1.85 GB", "iter": "6800/10000", "top1_acc": 66.900002}
[07/31 00:45:18][INFO] utils.logging:   91: {"_type": "val_iter", "gpu_mem": "1.85 GB", "iter": "7000/10000", "top1_acc": 63.700001}
[07/31 00:45:39][WARNING] datasets.base.few_shot_dataset:  240: Error at decoding. 1/5. Vid index: [185, 175], Vid path: 9
[07/31 00:45:41][INFO] utils.logging:   91: {"_type": "val_iter", "gpu_mem": "1.85 GB", "iter": "7200/10000", "top1_acc": 65.500001}
[07/31 00:46:03][INFO] utils.logging:   91: {"_type": "val_iter", "gpu_mem": "1.85 GB", "iter": "7400/10000", "top1_acc": 64.100001}
[07/31 00:46:18][WARNING] datasets.base.few_shot_dataset:  240: Error at decoding. 1/5. Vid index: [185, 3], Vid path: 9
[07/31 00:46:26][INFO] utils.logging:   91: {"_type": "val_iter", "gpu_mem": "1.85 GB", "iter": "7600/10000", "top1_acc": 65.600001}
[07/31 00:46:49][INFO] utils.logging:   91: {"_type": "val_iter", "gpu_mem": "1.85 GB", "iter": "7800/10000", "top1_acc": 65.500001}
[07/31 00:47:12][INFO] utils.logging:   91: {"_type": "val_iter", "gpu_mem": "1.85 GB", "iter": "8000/10000", "top1_acc": 63.900001}
[07/31 00:47:16][WARNING] datasets.base.few_shot_dataset:  240: Error at decoding. 1/5. Vid index: [185, 5], Vid path: 9
[07/31 00:47:35][INFO] utils.logging:   91: {"_type": "val_iter", "gpu_mem": "1.85 GB", "iter": "8200/10000", "top1_acc": 66.500001}
[07/31 00:47:58][INFO] utils.logging:   91: {"_type": "val_iter", "gpu_mem": "1.85 GB", "iter": "8400/10000", "top1_acc": 66.100001}
[07/31 00:48:20][INFO] utils.logging:   91: {"_type": "val_iter", "gpu_mem": "1.85 GB", "iter": "8600/10000", "top1_acc": 64.000001}
[07/31 00:48:43][INFO] utils.logging:   91: {"_type": "val_iter", "gpu_mem": "1.85 GB", "iter": "8800/10000", "top1_acc": 64.100001}
[07/31 00:49:06][INFO] utils.logging:   91: {"_type": "val_iter", "gpu_mem": "1.85 GB", "iter": "9000/10000", "top1_acc": 64.100001}
[07/31 00:49:11][WARNING] datasets.base.few_shot_dataset:  240: Error at decoding. 1/5. Vid index: [185, 20], Vid path: 9
[07/31 00:49:29][INFO] utils.logging:   91: {"_type": "val_iter", "gpu_mem": "1.85 GB", "iter": "9200/10000", "top1_acc": 62.800001}
[07/31 00:49:51][INFO] utils.logging:   91: {"_type": "val_iter", "gpu_mem": "1.85 GB", "iter": "9400/10000", "top1_acc": 65.200001}
[07/31 00:50:14][INFO] utils.logging:   91: {"_type": "val_iter", "gpu_mem": "1.85 GB", "iter": "9600/10000", "top1_acc": 65.900001}
[07/31 00:50:37][INFO] utils.logging:   91: {"_type": "val_iter", "gpu_mem": "1.85 GB", "iter": "9800/10000", "top1_acc": 63.300001}
[07/31 00:50:57][WARNING] datasets.base.few_shot_dataset:  240: Error at decoding. 1/5. Vid index: [185, 188], Vid path: 9
[07/31 00:51:00][INFO] utils.logging:   91: {"_type": "val_iter", "gpu_mem": "1.85 GB", "iter": "10000/10000", "top1_acc": 66.300001}
[07/31 00:51:00][INFO] utils.logging:   91: {"RAM": "17.85/125.62 GB", "_type": "val_epoch", "epoch": "3", "gpu_mem": "1.85 GB", "top1_acc": 65.472001}
[07/31 00:51:00][INFO] utils.logging:   91: {"_type": "train_iter", "iter": "30000/30000", "loss": 0.812586, "lr": 0.000050, "top1_acc": 92.300001}
[07/31 00:51:00][INFO] utils.logging:   91: {"RAM": "14.57/125.62 GB", "_type": "train_epoch", "epoch": "10", "gpu_mem": "1.85 GB", "loss": 2.430435, "lr": 0.000050, "top1_acc": 81.860001}
