[09/28 14:36:31][INFO] train_net_few_shot:  344: Train with config:
[09/28 14:36:31][INFO] train_net_few_shot:  345: {
  "TASK_TYPE": "few_shot_action",
  "PRETRAIN": {
    "ENABLE": false
  },
  "LOCALIZATION": {
    "ENABLE": false
  },
  "TRAIN": {
    "ENABLE": true,
    "DATASET": "SSv2-Full",
    "BATCH_SIZE": 1,
    "LOG_FILE": "train.log",
    "EVAL_PERIOD": 2,
    "NUM_FOLDS": 1,
    "AUTO_RESUME": false,
    "CHECKPOINT_PERIOD": 10,
    "CHECKPOINT_FILE_PATH": "",
    "CHECKPOINT_TYPE": "pytorch",
    "CHECKPOINT_INFLATE": false,
    "CHECKPOINT_PRE_PROCESS": {
      "ENABLE": false
    },
    "FINE_TUNE": true,
    "ONLY_LINEAR": false,
    "LR_REDUCE": false,
    "TRAIN_VAL_COMBINE": false,
    "LOSS_FUNC": "cross_entropy",
    "USE_CLASSIFICATION_VALUE": 2.0,
    "GRADIENT_CHECKPOINT": true,
    "NUM_CLASS": 64,
    "META_BATCH": true,
    "WAY": 5,
    "SHOT": 1,
    "QUERY_PER_CLASS": 1,
    "QUERY_PER_CLASS_TEST": 1,
    "NUM_TRAIN_TASKS": 30000,
    "NUM_TEST_TASKS": 10000,
    "VAL_FRE_ITER": 10000,
    "BATCH_SIZE_PER_TASK": 4,
    "NORMALIZE_ACCUMULATED_GRADIENTS": false
  },
  "TEST": {
    "ENABLE": true,
    "DATASET": "SSv2-Full",
    "BATCH_SIZE": 1,
    "NUM_SPATIAL_CROPS": 1,
    "SPATIAL_CROPS": "cctltr",
    "NUM_ENSEMBLE_VIEWS": 1,
    "LOG_FILE": "test.log",
    "CHECKPOINT_FILE_PATH": "",
    "CHECKPOINT_TYPE": "pytorch",
    "AUTOMATIC_MULTI_SCALE_TEST": false,
    "TEST_SET": "val",
    "UPLOAD_CLASSIFIER_RESULTS": true,
    "SHOT": [
      1,
      5
    ],
    "EPISODE_SEED": 2026
  },
  "VISUALIZATION": {
    "ENABLE": false,
    "NAME": "",
    "FEATURE_MAPS": {
      "ENABLE": false,
      "BASE_OUTPUT_DIR": ""
    }
  },
  "SUBMISSION": {
    "ENABLE": false,
    "SAVE_RESULTS_PATH": "test.json"
  },
  "DATA": {
    "DATA_ROOT_DIR": "/mnt/data/yanyi2025/lrc/action_data/ssv2/videos/videos/",
    "ANNO_DIR": "config/ssv2_full/",
    "NUM_INPUT_FRAMES": 8,
    "NUM_INPUT_CHANNELS": 2304,
    "SAMPLING_MODE": "interval_based",
    "SAMPLING_RATE": 50,
    "TRAIN_JITTER_SCALES": [
      256,
      256
    ],
    "TRAIN_CROP_SIZE": 224,
    "TEST_SCALE": 256,
    "TEST_CROP_SIZE": 224,
    "MEAN": [
      0.48145466,
      0.4578275,
      0.40821073
    ],
    "STD": [
      0.26862954,
      0.26130258,
      0.27577711
    ],
    "MULTI_LABEL": false,
    "ENSEMBLE_METHOD": "sum",
    "TARGET_FPS": 12,
    "MINUS_INTERVAL": false,
    "FPS": 12,
    "NORM_FEATURE": false,
    "USE_AUG_FEATURE": false,
    "AUG": false,
    "LOAD_PROPS": false,
    "TEMPORAL_SCALE": 256,
    "LABELS_TYPE": "cls",
    "LOAD_TYPE": "pickle",
    "DOWNLOAD_FEATURE": true,
    "VIDEO_EXT": ".webm",
    "SAMPLING_UNIFORM": false,
    "TEST_CENTER_CROP": true,
    "CLIP_INTERVAL": 8
  },
  "MODEL": {
    "NAME": "BaseVideoModel",
    "EMA": {
      "ENABLE": false,
      "DECAY": 0.99996
    }
  },
  "VIDEO": {
    "BACKBONE": {
      "DEPTH": null,
      "META_ARCH": "Identity",
      "NUM_FILTERS": null,
      "NUM_INPUT_CHANNELS": 3,
      "NUM_OUT_FEATURES": null,
      "KERNEL_SIZE": null,
      "DOWNSAMPLING": null,
      "DOWNSAMPLING_TEMPORAL": null,
      "NUM_STREAMS": 1,
      "EXPANSION_RATIO": 2,
      "BRANCH": {
        "NAME": null
      },
      "STEM": {
        "NAME": null
      },
      "NONLOCAL": {
        "ENABLE": false,
        "STAGES": [
          5
        ],
        "MASK_ENABLE": false
      },
      "INITIALIZATION": null
    },
    "HEAD": {
      "NAME": "BaseTemporalClassifier",
      "ACTIVATION": "softmax",
      "DROPOUT_RATE": 0.0,
      "NUM_CLASSES": 200
    }
  },
  "OPTIMIZER": {
    "ADJUST_LR": false,
    "BASE_LR": 0.002,
    "LR_POLICY": "cosine",
    "MAX_EPOCH": 300,
    "MOMENTUM": 0.9,
    "WEIGHT_DECAY": "1e-3",
    "WARMUP_EPOCHS": 10,
    "WARMUP_START_LR": 0.0002,
    "OPTIM_METHOD": "adam",
    "DAMPENING": 0.0,
    "NESTEROV": true
  },
  "BN": {
    "WB_LOCK": false,
    "FREEZE": false,
    "WEIGHT_DECAY": 0.0,
    "MOMENTUM": 0.1,
    "EPS": "1e-3",
    "SYNC": false
  },
  "DATA_LOADER": {
    "NUM_WORKERS": 8,
    "PIN_MEMORY": true,
    "ENABLE_MULTI_THREAD_DECODE": true,
    "COLLATE_FN": null
  },
  "NUM_GPUS": 1,
  "SHARD_ID": 0,
  "NUM_SHARDS": 1,
  "RANDOM_SEED": 18,
  "OUTPUT_DIR": "output/SSv2_Full_SPATIAL_PATTERN_GATE_FIX",
  "OUTPUT_CFG_FILE": "configuration.log",
  "LOG_PERIOD": 200,
  "DIST_BACKEND": "nccl",
  "LOG_MODEL_INFO": false,
  "LOG_CONFIG_INFO": true,
  "OSS": {
    "ENABLE": false,
    "KEY": null,
    "SECRET": null,
    "ENDPOINT": null,
    "CHECKPOINT_OUTPUT_PATH": null,
    "SECONDARY_DATA_OSS": {
      "ENABLE": false,
      "KEY": null,
      "SECRET": null,
      "ENDPOINT": null,
      "BUCKETS": [
        ""
      ]
    }
  },
  "AUGMENTATION": {
    "COLOR_AUG": false,
    "BRIGHTNESS": 0.5,
    "CONTRAST": 0.5,
    "SATURATION": 0.5,
    "HUE": 0.25,
    "GRAYSCALE": 0.3,
    "CONSISTENT": true,
    "SHUFFLE": true,
    "GRAY_FIRST": true,
    "RATIO": [
      0.857142857142857,
      1.1666666666666667
    ],
    "USE_GPU": false,
    "MIXUP": {
      "ENABLE": false,
      "ALPHA": 0.0,
      "PROB": 1.0,
      "MODE": "batch",
      "SWITCH_PROB": 0.5
    },
    "CUTMIX": {
      "ENABLE": false,
      "ALPHA": 0.0,
      "MINMAX": null
    },
    "RANDOM_ERASING": {
      "ENABLE": false,
      "PROB": 0.25,
      "MODE": "const",
      "COUNT": [
        1,
        1
      ],
      "NUM_SPLITS": 0,
      "AREA_RANGE": [
        0.02,
        0.33
      ],
      "MIN_ASPECT": 0.3
    },
    "LABEL_SMOOTHING": 0.0,
    "SSV2_FLIP": false,
    "IS_SPLIT": false,
    "NO_RANDOM_ERASE": true,
    "SUPPORT_QUERY_DIFF": true
  },
  "PAI": false,
  "USE_MULTISEG_VAL_DIST": false,
  "DETECTION": {
    "ENABLE": false
  },
  "TENSORBOARD": {
    "ENABLE": false
  },
  "SOLVER": {
    "BASE_LR": 0.001,
    "LR_POLICY": "steps_with_relative_lrs",
    "MAX_EPOCH": 10,
    "MOMENTUM": 0.9,
    "WEIGHT_DECAY": "5e-4",
    "WARMUP_EPOCHS": 1,
    "WARMUP_START_LR": 0.0002,
    "OPTIM_METHOD": "adam",
    "DAMPENING": 0.0,
    "NESTEROV": true,
    "STEPS_ITER": 3000,
    "STEPS": [
      0,
      4,
      6,
      8
    ],
    "LRS": [
      1,
      0.5,
      0.1,
      0.05
    ]
  },
  "PRE_DOWNLOAD": {
    "ENABLE": false
  },
  "SUPPORT_SHOT": 1,
  "SPATIAL_PATTERN": {
    "ENABLE": true,
    "GRID_SIZE": 2,
    "DISTANCE_SCALE": 1.0,
    "ALPHA_INIT": -4.0,
    "DETACH_INPUT": true
  },
  "ADAPTER": {
    "NAME": "ViT_CLIP",
    "PRETRAINED": "ViT-B/16",
    "WIDTH": 768,
    "PATCH_SIZE": 16,
    "LAYERS": 12,
    "HEADS": 12,
    "ADAPTER_SCALE": 0.25
  },
  "INIT_METHOD": "tcp://localhost:1112",
  "CUDA_VISIBLE_DEVICES": "1"
}

[09/28 14:36:31][INFO] models.base.adapter: 1217: load model from: ViT-B/16
[09/28 14:36:32][INFO] models.base.adapter: 1224: Missing keys: ['temporal_embedding', 'spatial_pattern_alpha', 'transformer.resblocks.0.Adapter.down.weight', 'transformer.resblocks.0.Adapter.down.bias', 'transformer.resblocks.0.Adapter.pos_embed.weight', 'transformer.resblocks.0.Adapter.pos_embed.bias', 'transformer.resblocks.0.Adapter.s_ln.weight', 'transformer.resblocks.0.Adapter.s_ln.bias', 'transformer.resblocks.0.Adapter.s_attn.conv_offset.0.weight', 'transformer.resblocks.0.Adapter.s_attn.conv_offset.0.bias', 'transformer.resblocks.0.Adapter.s_attn.conv_offset.1.norm.weight', 'transformer.resblocks.0.Adapter.s_attn.conv_offset.1.norm.bias', 'transformer.resblocks.0.Adapter.s_attn.conv_offset.3.weight', 'transformer.resblocks.0.Adapter.s_attn.proj_q.weight', 'transformer.resblocks.0.Adapter.s_attn.proj_q.bias', 'transformer.resblocks.0.Adapter.s_attn.proj_k.weight', 'transformer.resblocks.0.Adapter.s_attn.proj_k.bias', 'transformer.resblocks.0.Adapter.s_attn.proj_v.weight', 'transformer.resblocks.0.Adapter.s_attn.proj_v.bias', 'transformer.resblocks.0.Adapter.s_attn.proj_out.weight', 'transformer.resblocks.0.Adapter.s_attn.proj_out.bias', 'transformer.resblocks.0.Adapter.t_ln.weight', 'transformer.resblocks.0.Adapter.t_ln.bias', 'transformer.resblocks.0.Adapter.t_attn.conv_offset.0.weight', 'transformer.resblocks.0.Adapter.t_attn.conv_offset.0.bias', 'transformer.resblocks.0.Adapter.t_attn.conv_offset.1.norm.weight', 'transformer.resblocks.0.Adapter.t_attn.conv_offset.1.norm.bias', 'transformer.resblocks.0.Adapter.t_attn.conv_offset.3.weight', 'transformer.resblocks.0.Adapter.t_attn.proj_q.weight', 'transformer.resblocks.0.Adapter.t_attn.proj_q.bias', 'transformer.resblocks.0.Adapter.t_attn.proj_k.weight', 'transformer.resblocks.0.Adapter.t_attn.proj_k.bias', 'transformer.resblocks.0.Adapter.t_attn.proj_v.weight', 'transformer.resblocks.0.Adapter.t_attn.proj_v.bias', 'transformer.resblocks.0.Adapter.t_attn.proj_out.weight', 'transformer.resblocks.0.Adapter.t_attn.proj_out.bias', 'transformer.resblocks.0.Adapter.up.weight', 'transformer.resblocks.0.Adapter.up.bias', 'transformer.resblocks.1.Adapter.down.weight', 'transformer.resblocks.1.Adapter.down.bias', 'transformer.resblocks.1.Adapter.pos_embed.weight', 'transformer.resblocks.1.Adapter.pos_embed.bias', 'transformer.resblocks.1.Adapter.s_ln.weight', 'transformer.resblocks.1.Adapter.s_ln.bias', 'transformer.resblocks.1.Adapter.s_attn.conv_offset.0.weight', 'transformer.resblocks.1.Adapter.s_attn.conv_offset.0.bias', 'transformer.resblocks.1.Adapter.s_attn.conv_offset.1.norm.weight', 'transformer.resblocks.1.Adapter.s_attn.conv_offset.1.norm.bias', 'transformer.resblocks.1.Adapter.s_attn.conv_offset.3.weight', 'transformer.resblocks.1.Adapter.s_attn.proj_q.weight', 'transformer.resblocks.1.Adapter.s_attn.proj_q.bias', 'transformer.resblocks.1.Adapter.s_attn.proj_k.weight', 'transformer.resblocks.1.Adapter.s_attn.proj_k.bias', 'transformer.resblocks.1.Adapter.s_attn.proj_v.weight', 'transformer.resblocks.1.Adapter.s_attn.proj_v.bias', 'transformer.resblocks.1.Adapter.s_attn.proj_out.weight', 'transformer.resblocks.1.Adapter.s_attn.proj_out.bias', 'transformer.resblocks.1.Adapter.t_ln.weight', 'transformer.resblocks.1.Adapter.t_ln.bias', 'transformer.resblocks.1.Adapter.t_attn.conv_offset.0.weight', 'transformer.resblocks.1.Adapter.t_attn.conv_offset.0.bias', 'transformer.resblocks.1.Adapter.t_attn.conv_offset.1.norm.weight', 'transformer.resblocks.1.Adapter.t_attn.conv_offset.1.norm.bias', 'transformer.resblocks.1.Adapter.t_attn.conv_offset.3.weight', 'transformer.resblocks.1.Adapter.t_attn.proj_q.weight', 'transformer.resblocks.1.Adapter.t_attn.proj_q.bias', 'transformer.resblocks.1.Adapter.t_attn.proj_k.weight', 'transformer.resblocks.1.Adapter.t_attn.proj_k.bias', 'transformer.resblocks.1.Adapter.t_attn.proj_v.weight', 'transformer.resblocks.1.Adapter.t_attn.proj_v.bias', 'transformer.resblocks.1.Adapter.t_attn.proj_out.weight', 'transformer.resblocks.1.Adapter.t_attn.proj_out.bias', 'transformer.resblocks.1.Adapter.up.weight', 'transformer.resblocks.1.Adapter.up.bias', 'transformer.resblocks.2.Adapter.down.weight', 'transformer.resblocks.2.Adapter.down.bias', 'transformer.resblocks.2.Adapter.pos_embed.weight', 'transformer.resblocks.2.Adapter.pos_embed.bias', 'transformer.resblocks.2.Adapter.s_ln.weight', 'transformer.resblocks.2.Adapter.s_ln.bias', 'transformer.resblocks.2.Adapter.s_attn.conv_offset.0.weight', 'transformer.resblocks.2.Adapter.s_attn.conv_offset.0.bias', 'transformer.resblocks.2.Adapter.s_attn.conv_offset.1.norm.weight', 'transformer.resblocks.2.Adapter.s_attn.conv_offset.1.norm.bias', 'transformer.resblocks.2.Adapter.s_attn.conv_offset.3.weight', 'transformer.resblocks.2.Adapter.s_attn.proj_q.weight', 'transformer.resblocks.2.Adapter.s_attn.proj_q.bias', 'transformer.resblocks.2.Adapter.s_attn.proj_k.weight', 'transformer.resblocks.2.Adapter.s_attn.proj_k.bias', 'transformer.resblocks.2.Adapter.s_attn.proj_v.weight', 'transformer.resblocks.2.Adapter.s_attn.proj_v.bias', 'transformer.resblocks.2.Adapter.s_attn.proj_out.weight', 'transformer.resblocks.2.Adapter.s_attn.proj_out.bias', 'transformer.resblocks.2.Adapter.t_ln.weight', 'transformer.resblocks.2.Adapter.t_ln.bias', 'transformer.resblocks.2.Adapter.t_attn.conv_offset.0.weight', 'transformer.resblocks.2.Adapter.t_attn.conv_offset.0.bias', 'transformer.resblocks.2.Adapter.t_attn.conv_offset.1.norm.weight', 'transformer.resblocks.2.Adapter.t_attn.conv_offset.1.norm.bias', 'transformer.resblocks.2.Adapter.t_attn.conv_offset.3.weight', 'transformer.resblocks.2.Adapter.t_attn.proj_q.weight', 'transformer.resblocks.2.Adapter.t_attn.proj_q.bias', 'transformer.resblocks.2.Adapter.t_attn.proj_k.weight', 'transformer.resblocks.2.Adapter.t_attn.proj_k.bias', 'transformer.resblocks.2.Adapter.t_attn.proj_v.weight', 'transformer.resblocks.2.Adapter.t_attn.proj_v.bias', 'transformer.resblocks.2.Adapter.t_attn.proj_out.weight', 'transformer.resblocks.2.Adapter.t_attn.proj_out.bias', 'transformer.resblocks.2.Adapter.up.weight', 'transformer.resblocks.2.Adapter.up.bias', 'transformer.resblocks.3.Adapter.down.weight', 'transformer.resblocks.3.Adapter.down.bias', 'transformer.resblocks.3.Adapter.pos_embed.weight', 'transformer.resblocks.3.Adapter.pos_embed.bias', 'transformer.resblocks.3.Adapter.s_ln.weight', 'transformer.resblocks.3.Adapter.s_ln.bias', 'transformer.resblocks.3.Adapter.s_attn.conv_offset.0.weight', 'transformer.resblocks.3.Adapter.s_attn.conv_offset.0.bias', 'transformer.resblocks.3.Adapter.s_attn.conv_offset.1.norm.weight', 'transformer.resblocks.3.Adapter.s_attn.conv_offset.1.norm.bias', 'transformer.resblocks.3.Adapter.s_attn.conv_offset.3.weight', 'transformer.resblocks.3.Adapter.s_attn.proj_q.weight', 'transformer.resblocks.3.Adapter.s_attn.proj_q.bias', 'transformer.resblocks.3.Adapter.s_attn.proj_k.weight', 'transformer.resblocks.3.Adapter.s_attn.proj_k.bias', 'transformer.resblocks.3.Adapter.s_attn.proj_v.weight', 'transformer.resblocks.3.Adapter.s_attn.proj_v.bias', 'transformer.resblocks.3.Adapter.s_attn.proj_out.weight', 'transformer.resblocks.3.Adapter.s_attn.proj_out.bias', 'transformer.resblocks.3.Adapter.t_ln.weight', 'transformer.resblocks.3.Adapter.t_ln.bias', 'transformer.resblocks.3.Adapter.t_attn.conv_offset.0.weight', 'transformer.resblocks.3.Adapter.t_attn.conv_offset.0.bias', 'transformer.resblocks.3.Adapter.t_attn.conv_offset.1.norm.weight', 'transformer.resblocks.3.Adapter.t_attn.conv_offset.1.norm.bias', 'transformer.resblocks.3.Adapter.t_attn.conv_offset.3.weight', 'transformer.resblocks.3.Adapter.t_attn.proj_q.weight', 'transformer.resblocks.3.Adapter.t_attn.proj_q.bias', 'transformer.resblocks.3.Adapter.t_attn.proj_k.weight', 'transformer.resblocks.3.Adapter.t_attn.proj_k.bias', 'transformer.resblocks.3.Adapter.t_attn.proj_v.weight', 'transformer.resblocks.3.Adapter.t_attn.proj_v.bias', 'transformer.resblocks.3.Adapter.t_attn.proj_out.weight', 'transformer.resblocks.3.Adapter.t_attn.proj_out.bias', 'transformer.resblocks.3.Adapter.up.weight', 'transformer.resblocks.3.Adapter.up.bias', 'transformer.resblocks.4.Adapter.down.weight', 'transformer.resblocks.4.Adapter.down.bias', 'transformer.resblocks.4.Adapter.pos_embed.weight', 'transformer.resblocks.4.Adapter.pos_embed.bias', 'transformer.resblocks.4.Adapter.s_ln.weight', 'transformer.resblocks.4.Adapter.s_ln.bias', 'transformer.resblocks.4.Adapter.s_attn.conv_offset.0.weight', 'transformer.resblocks.4.Adapter.s_attn.conv_offset.0.bias', 'transformer.resblocks.4.Adapter.s_attn.conv_offset.1.norm.weight', 'transformer.resblocks.4.Adapter.s_attn.conv_offset.1.norm.bias', 'transformer.resblocks.4.Adapter.s_attn.conv_offset.3.weight', 'transformer.resblocks.4.Adapter.s_attn.proj_q.weight', 'transformer.resblocks.4.Adapter.s_attn.proj_q.bias', 'transformer.resblocks.4.Adapter.s_attn.proj_k.weight', 'transformer.resblocks.4.Adapter.s_attn.proj_k.bias', 'transformer.resblocks.4.Adapter.s_attn.proj_v.weight', 'transformer.resblocks.4.Adapter.s_attn.proj_v.bias', 'transformer.resblocks.4.Adapter.s_attn.proj_out.weight', 'transformer.resblocks.4.Adapter.s_attn.proj_out.bias', 'transformer.resblocks.4.Adapter.t_ln.weight', 'transformer.resblocks.4.Adapter.t_ln.bias', 'transformer.resblocks.4.Adapter.t_attn.conv_offset.0.weight', 'transformer.resblocks.4.Adapter.t_attn.conv_offset.0.bias', 'transformer.resblocks.4.Adapter.t_attn.conv_offset.1.norm.weight', 'transformer.resblocks.4.Adapter.t_attn.conv_offset.1.norm.bias', 'transformer.resblocks.4.Adapter.t_attn.conv_offset.3.weight', 'transformer.resblocks.4.Adapter.t_attn.proj_q.weight', 'transformer.resblocks.4.Adapter.t_attn.proj_q.bias', 'transformer.resblocks.4.Adapter.t_attn.proj_k.weight', 'transformer.resblocks.4.Adapter.t_attn.proj_k.bias', 'transformer.resblocks.4.Adapter.t_attn.proj_v.weight', 'transformer.resblocks.4.Adapter.t_attn.proj_v.bias', 'transformer.resblocks.4.Adapter.t_attn.proj_out.weight', 'transformer.resblocks.4.Adapter.t_attn.proj_out.bias', 'transformer.resblocks.4.Adapter.up.weight', 'transformer.resblocks.4.Adapter.up.bias', 'transformer.resblocks.5.Adapter.down.weight', 'transformer.resblocks.5.Adapter.down.bias', 'transformer.resblocks.5.Adapter.pos_embed.weight', 'transformer.resblocks.5.Adapter.pos_embed.bias', 'transformer.resblocks.5.Adapter.s_ln.weight', 'transformer.resblocks.5.Adapter.s_ln.bias', 'transformer.resblocks.5.Adapter.s_attn.conv_offset.0.weight', 'transformer.resblocks.5.Adapter.s_attn.conv_offset.0.bias', 'transformer.resblocks.5.Adapter.s_attn.conv_offset.1.norm.weight', 'transformer.resblocks.5.Adapter.s_attn.conv_offset.1.norm.bias', 'transformer.resblocks.5.Adapter.s_attn.conv_offset.3.weight', 'transformer.resblocks.5.Adapter.s_attn.proj_q.weight', 'transformer.resblocks.5.Adapter.s_attn.proj_q.bias', 'transformer.resblocks.5.Adapter.s_attn.proj_k.weight', 'transformer.resblocks.5.Adapter.s_attn.proj_k.bias', 'transformer.resblocks.5.Adapter.s_attn.proj_v.weight', 'transformer.resblocks.5.Adapter.s_attn.proj_v.bias', 'transformer.resblocks.5.Adapter.s_attn.proj_out.weight', 'transformer.resblocks.5.Adapter.s_attn.proj_out.bias', 'transformer.resblocks.5.Adapter.t_ln.weight', 'transformer.resblocks.5.Adapter.t_ln.bias', 'transformer.resblocks.5.Adapter.t_attn.conv_offset.0.weight', 'transformer.resblocks.5.Adapter.t_attn.conv_offset.0.bias', 'transformer.resblocks.5.Adapter.t_attn.conv_offset.1.norm.weight', 'transformer.resblocks.5.Adapter.t_attn.conv_offset.1.norm.bias', 'transformer.resblocks.5.Adapter.t_attn.conv_offset.3.weight', 'transformer.resblocks.5.Adapter.t_attn.proj_q.weight', 'transformer.resblocks.5.Adapter.t_attn.proj_q.bias', 'transformer.resblocks.5.Adapter.t_attn.proj_k.weight', 'transformer.resblocks.5.Adapter.t_attn.proj_k.bias', 'transformer.resblocks.5.Adapter.t_attn.proj_v.weight', 'transformer.resblocks.5.Adapter.t_attn.proj_v.bias', 'transformer.resblocks.5.Adapter.t_attn.proj_out.weight', 'transformer.resblocks.5.Adapter.t_attn.proj_out.bias', 'transformer.resblocks.5.Adapter.up.weight', 'transformer.resblocks.5.Adapter.up.bias', 'transformer.resblocks.6.Adapter.down.weight', 'transformer.resblocks.6.Adapter.down.bias', 'transformer.resblocks.6.Adapter.pos_embed.weight', 'transformer.resblocks.6.Adapter.pos_embed.bias', 'transformer.resblocks.6.Adapter.s_ln.weight', 'transformer.resblocks.6.Adapter.s_ln.bias', 'transformer.resblocks.6.Adapter.s_attn.conv_offset.0.weight', 'transformer.resblocks.6.Adapter.s_attn.conv_offset.0.bias', 'transformer.resblocks.6.Adapter.s_attn.conv_offset.1.norm.weight', 'transformer.resblocks.6.Adapter.s_attn.conv_offset.1.norm.bias', 'transformer.resblocks.6.Adapter.s_attn.conv_offset.3.weight', 'transformer.resblocks.6.Adapter.s_attn.proj_q.weight', 'transformer.resblocks.6.Adapter.s_attn.proj_q.bias', 'transformer.resblocks.6.Adapter.s_attn.proj_k.weight', 'transformer.resblocks.6.Adapter.s_attn.proj_k.bias', 'transformer.resblocks.6.Adapter.s_attn.proj_v.weight', 'transformer.resblocks.6.Adapter.s_attn.proj_v.bias', 'transformer.resblocks.6.Adapter.s_attn.proj_out.weight', 'transformer.resblocks.6.Adapter.s_attn.proj_out.bias', 'transformer.resblocks.6.Adapter.t_ln.weight', 'transformer.resblocks.6.Adapter.t_ln.bias', 'transformer.resblocks.6.Adapter.t_attn.conv_offset.0.weight', 'transformer.resblocks.6.Adapter.t_attn.conv_offset.0.bias', 'transformer.resblocks.6.Adapter.t_attn.conv_offset.1.norm.weight', 'transformer.resblocks.6.Adapter.t_attn.conv_offset.1.norm.bias', 'transformer.resblocks.6.Adapter.t_attn.conv_offset.3.weight', 'transformer.resblocks.6.Adapter.t_attn.proj_q.weight', 'transformer.resblocks.6.Adapter.t_attn.proj_q.bias', 'transformer.resblocks.6.Adapter.t_attn.proj_k.weight', 'transformer.resblocks.6.Adapter.t_attn.proj_k.bias', 'transformer.resblocks.6.Adapter.t_attn.proj_v.weight', 'transformer.resblocks.6.Adapter.t_attn.proj_v.bias', 'transformer.resblocks.6.Adapter.t_attn.proj_out.weight', 'transformer.resblocks.6.Adapter.t_attn.proj_out.bias', 'transformer.resblocks.6.Adapter.up.weight', 'transformer.resblocks.6.Adapter.up.bias', 'transformer.resblocks.7.Adapter.down.weight', 'transformer.resblocks.7.Adapter.down.bias', 'transformer.resblocks.7.Adapter.pos_embed.weight', 'transformer.resblocks.7.Adapter.pos_embed.bias', 'transformer.resblocks.7.Adapter.s_ln.weight', 'transformer.resblocks.7.Adapter.s_ln.bias', 'transformer.resblocks.7.Adapter.s_attn.conv_offset.0.weight', 'transformer.resblocks.7.Adapter.s_attn.conv_offset.0.bias', 'transformer.resblocks.7.Adapter.s_attn.conv_offset.1.norm.weight', 'transformer.resblocks.7.Adapter.s_attn.conv_offset.1.norm.bias', 'transformer.resblocks.7.Adapter.s_attn.conv_offset.3.weight', 'transformer.resblocks.7.Adapter.s_attn.proj_q.weight', 'transformer.resblocks.7.Adapter.s_attn.proj_q.bias', 'transformer.resblocks.7.Adapter.s_attn.proj_k.weight', 'transformer.resblocks.7.Adapter.s_attn.proj_k.bias', 'transformer.resblocks.7.Adapter.s_attn.proj_v.weight', 'transformer.resblocks.7.Adapter.s_attn.proj_v.bias', 'transformer.resblocks.7.Adapter.s_attn.proj_out.weight', 'transformer.resblocks.7.Adapter.s_attn.proj_out.bias', 'transformer.resblocks.7.Adapter.t_ln.weight', 'transformer.resblocks.7.Adapter.t_ln.bias', 'transformer.resblocks.7.Adapter.t_attn.conv_offset.0.weight', 'transformer.resblocks.7.Adapter.t_attn.conv_offset.0.bias', 'transformer.resblocks.7.Adapter.t_attn.conv_offset.1.norm.weight', 'transformer.resblocks.7.Adapter.t_attn.conv_offset.1.norm.bias', 'transformer.resblocks.7.Adapter.t_attn.conv_offset.3.weight', 'transformer.resblocks.7.Adapter.t_attn.proj_q.weight', 'transformer.resblocks.7.Adapter.t_attn.proj_q.bias', 'transformer.resblocks.7.Adapter.t_attn.proj_k.weight', 'transformer.resblocks.7.Adapter.t_attn.proj_k.bias', 'transformer.resblocks.7.Adapter.t_attn.proj_v.weight', 'transformer.resblocks.7.Adapter.t_attn.proj_v.bias', 'transformer.resblocks.7.Adapter.t_attn.proj_out.weight', 'transformer.resblocks.7.Adapter.t_attn.proj_out.bias', 'transformer.resblocks.7.Adapter.up.weight', 'transformer.resblocks.7.Adapter.up.bias', 'transformer.resblocks.8.Adapter.down.weight', 'transformer.resblocks.8.Adapter.down.bias', 'transformer.resblocks.8.Adapter.pos_embed.weight', 'transformer.resblocks.8.Adapter.pos_embed.bias', 'transformer.resblocks.8.Adapter.s_ln.weight', 'transformer.resblocks.8.Adapter.s_ln.bias', 'transformer.resblocks.8.Adapter.s_attn.conv_offset.0.weight', 'transformer.resblocks.8.Adapter.s_attn.conv_offset.0.bias', 'transformer.resblocks.8.Adapter.s_attn.conv_offset.1.norm.weight', 'transformer.resblocks.8.Adapter.s_attn.conv_offset.1.norm.bias', 'transformer.resblocks.8.Adapter.s_attn.conv_offset.3.weight', 'transformer.resblocks.8.Adapter.s_attn.proj_q.weight', 'transformer.resblocks.8.Adapter.s_attn.proj_q.bias', 'transformer.resblocks.8.Adapter.s_attn.proj_k.weight', 'transformer.resblocks.8.Adapter.s_attn.proj_k.bias', 'transformer.resblocks.8.Adapter.s_attn.proj_v.weight', 'transformer.resblocks.8.Adapter.s_attn.proj_v.bias', 'transformer.resblocks.8.Adapter.s_attn.proj_out.weight', 'transformer.resblocks.8.Adapter.s_attn.proj_out.bias', 'transformer.resblocks.8.Adapter.t_ln.weight', 'transformer.resblocks.8.Adapter.t_ln.bias', 'transformer.resblocks.8.Adapter.t_attn.conv_offset.0.weight', 'transformer.resblocks.8.Adapter.t_attn.conv_offset.0.bias', 'transformer.resblocks.8.Adapter.t_attn.conv_offset.1.norm.weight', 'transformer.resblocks.8.Adapter.t_attn.conv_offset.1.norm.bias', 'transformer.resblocks.8.Adapter.t_attn.conv_offset.3.weight', 'transformer.resblocks.8.Adapter.t_attn.proj_q.weight', 'transformer.resblocks.8.Adapter.t_attn.proj_q.bias', 'transformer.resblocks.8.Adapter.t_attn.proj_k.weight', 'transformer.resblocks.8.Adapter.t_attn.proj_k.bias', 'transformer.resblocks.8.Adapter.t_attn.proj_v.weight', 'transformer.resblocks.8.Adapter.t_attn.proj_v.bias', 'transformer.resblocks.8.Adapter.t_attn.proj_out.weight', 'transformer.resblocks.8.Adapter.t_attn.proj_out.bias', 'transformer.resblocks.8.Adapter.up.weight', 'transformer.resblocks.8.Adapter.up.bias', 'transformer.resblocks.9.Adapter.down.weight', 'transformer.resblocks.9.Adapter.down.bias', 'transformer.resblocks.9.Adapter.pos_embed.weight', 'transformer.resblocks.9.Adapter.pos_embed.bias', 'transformer.resblocks.9.Adapter.s_ln.weight', 'transformer.resblocks.9.Adapter.s_ln.bias', 'transformer.resblocks.9.Adapter.s_attn.conv_offset.0.weight', 'transformer.resblocks.9.Adapter.s_attn.conv_offset.0.bias', 'transformer.resblocks.9.Adapter.s_attn.conv_offset.1.norm.weight', 'transformer.resblocks.9.Adapter.s_attn.conv_offset.1.norm.bias', 'transformer.resblocks.9.Adapter.s_attn.conv_offset.3.weight', 'transformer.resblocks.9.Adapter.s_attn.proj_q.weight', 'transformer.resblocks.9.Adapter.s_attn.proj_q.bias', 'transformer.resblocks.9.Adapter.s_attn.proj_k.weight', 'transformer.resblocks.9.Adapter.s_attn.proj_k.bias', 'transformer.resblocks.9.Adapter.s_attn.proj_v.weight', 'transformer.resblocks.9.Adapter.s_attn.proj_v.bias', 'transformer.resblocks.9.Adapter.s_attn.proj_out.weight', 'transformer.resblocks.9.Adapter.s_attn.proj_out.bias', 'transformer.resblocks.9.Adapter.t_ln.weight', 'transformer.resblocks.9.Adapter.t_ln.bias', 'transformer.resblocks.9.Adapter.t_attn.conv_offset.0.weight', 'transformer.resblocks.9.Adapter.t_attn.conv_offset.0.bias', 'transformer.resblocks.9.Adapter.t_attn.conv_offset.1.norm.weight', 'transformer.resblocks.9.Adapter.t_attn.conv_offset.1.norm.bias', 'transformer.resblocks.9.Adapter.t_attn.conv_offset.3.weight', 'transformer.resblocks.9.Adapter.t_attn.proj_q.weight', 'transformer.resblocks.9.Adapter.t_attn.proj_q.bias', 'transformer.resblocks.9.Adapter.t_attn.proj_k.weight', 'transformer.resblocks.9.Adapter.t_attn.proj_k.bias', 'transformer.resblocks.9.Adapter.t_attn.proj_v.weight', 'transformer.resblocks.9.Adapter.t_attn.proj_v.bias', 'transformer.resblocks.9.Adapter.t_attn.proj_out.weight', 'transformer.resblocks.9.Adapter.t_attn.proj_out.bias', 'transformer.resblocks.9.Adapter.up.weight', 'transformer.resblocks.9.Adapter.up.bias', 'transformer.resblocks.10.Adapter.down.weight', 'transformer.resblocks.10.Adapter.down.bias', 'transformer.resblocks.10.Adapter.pos_embed.weight', 'transformer.resblocks.10.Adapter.pos_embed.bias', 'transformer.resblocks.10.Adapter.s_ln.weight', 'transformer.resblocks.10.Adapter.s_ln.bias', 'transformer.resblocks.10.Adapter.s_attn.conv_offset.0.weight', 'transformer.resblocks.10.Adapter.s_attn.conv_offset.0.bias', 'transformer.resblocks.10.Adapter.s_attn.conv_offset.1.norm.weight', 'transformer.resblocks.10.Adapter.s_attn.conv_offset.1.norm.bias', 'transformer.resblocks.10.Adapter.s_attn.conv_offset.3.weight', 'transformer.resblocks.10.Adapter.s_attn.proj_q.weight', 'transformer.resblocks.10.Adapter.s_attn.proj_q.bias', 'transformer.resblocks.10.Adapter.s_attn.proj_k.weight', 'transformer.resblocks.10.Adapter.s_attn.proj_k.bias', 'transformer.resblocks.10.Adapter.s_attn.proj_v.weight', 'transformer.resblocks.10.Adapter.s_attn.proj_v.bias', 'transformer.resblocks.10.Adapter.s_attn.proj_out.weight', 'transformer.resblocks.10.Adapter.s_attn.proj_out.bias', 'transformer.resblocks.10.Adapter.t_ln.weight', 'transformer.resblocks.10.Adapter.t_ln.bias', 'transformer.resblocks.10.Adapter.t_attn.conv_offset.0.weight', 'transformer.resblocks.10.Adapter.t_attn.conv_offset.0.bias', 'transformer.resblocks.10.Adapter.t_attn.conv_offset.1.norm.weight', 'transformer.resblocks.10.Adapter.t_attn.conv_offset.1.norm.bias', 'transformer.resblocks.10.Adapter.t_attn.conv_offset.3.weight', 'transformer.resblocks.10.Adapter.t_attn.proj_q.weight', 'transformer.resblocks.10.Adapter.t_attn.proj_q.bias', 'transformer.resblocks.10.Adapter.t_attn.proj_k.weight', 'transformer.resblocks.10.Adapter.t_attn.proj_k.bias', 'transformer.resblocks.10.Adapter.t_attn.proj_v.weight', 'transformer.resblocks.10.Adapter.t_attn.proj_v.bias', 'transformer.resblocks.10.Adapter.t_attn.proj_out.weight', 'transformer.resblocks.10.Adapter.t_attn.proj_out.bias', 'transformer.resblocks.10.Adapter.up.weight', 'transformer.resblocks.10.Adapter.up.bias', 'transformer.resblocks.11.Adapter.down.weight', 'transformer.resblocks.11.Adapter.down.bias', 'transformer.resblocks.11.Adapter.pos_embed.weight', 'transformer.resblocks.11.Adapter.pos_embed.bias', 'transformer.resblocks.11.Adapter.s_ln.weight', 'transformer.resblocks.11.Adapter.s_ln.bias', 'transformer.resblocks.11.Adapter.s_attn.conv_offset.0.weight', 'transformer.resblocks.11.Adapter.s_attn.conv_offset.0.bias', 'transformer.resblocks.11.Adapter.s_attn.conv_offset.1.norm.weight', 'transformer.resblocks.11.Adapter.s_attn.conv_offset.1.norm.bias', 'transformer.resblocks.11.Adapter.s_attn.conv_offset.3.weight', 'transformer.resblocks.11.Adapter.s_attn.proj_q.weight', 'transformer.resblocks.11.Adapter.s_attn.proj_q.bias', 'transformer.resblocks.11.Adapter.s_attn.proj_k.weight', 'transformer.resblocks.11.Adapter.s_attn.proj_k.bias', 'transformer.resblocks.11.Adapter.s_attn.proj_v.weight', 'transformer.resblocks.11.Adapter.s_attn.proj_v.bias', 'transformer.resblocks.11.Adapter.s_attn.proj_out.weight', 'transformer.resblocks.11.Adapter.s_attn.proj_out.bias', 'transformer.resblocks.11.Adapter.t_ln.weight', 'transformer.resblocks.11.Adapter.t_ln.bias', 'transformer.resblocks.11.Adapter.t_attn.conv_offset.0.weight', 'transformer.resblocks.11.Adapter.t_attn.conv_offset.0.bias', 'transformer.resblocks.11.Adapter.t_attn.conv_offset.1.norm.weight', 'transformer.resblocks.11.Adapter.t_attn.conv_offset.1.norm.bias', 'transformer.resblocks.11.Adapter.t_attn.conv_offset.3.weight', 'transformer.resblocks.11.Adapter.t_attn.proj_q.weight', 'transformer.resblocks.11.Adapter.t_attn.proj_q.bias', 'transformer.resblocks.11.Adapter.t_attn.proj_k.weight', 'transformer.resblocks.11.Adapter.t_attn.proj_k.bias', 'transformer.resblocks.11.Adapter.t_attn.proj_v.weight', 'transformer.resblocks.11.Adapter.t_attn.proj_v.bias', 'transformer.resblocks.11.Adapter.t_attn.proj_out.weight', 'transformer.resblocks.11.Adapter.t_attn.proj_out.bias', 'transformer.resblocks.11.Adapter.up.weight', 'transformer.resblocks.11.Adapter.up.bias', 'classification_layer.weight', 'classification_layer.bias']
[09/28 14:36:32][INFO] models.base.adapter: 1225: Unexpected keys: []
[09/28 14:36:32][INFO] models.base.adapter: 1226: => loaded successfully 'ViT-B/16'
[09/28 14:36:32][INFO] models.base.adapter: 1233: init:  transformer.resblocks.0.Adapter.up
[09/28 14:36:32][INFO] models.base.adapter: 1233: init:  transformer.resblocks.1.Adapter.up
[09/28 14:36:32][INFO] models.base.adapter: 1233: init:  transformer.resblocks.2.Adapter.up
[09/28 14:36:32][INFO] models.base.adapter: 1233: init:  transformer.resblocks.3.Adapter.up
[09/28 14:36:32][INFO] models.base.adapter: 1233: init:  transformer.resblocks.4.Adapter.up
[09/28 14:36:32][INFO] models.base.adapter: 1233: init:  transformer.resblocks.5.Adapter.up
[09/28 14:36:32][INFO] models.base.adapter: 1233: init:  transformer.resblocks.6.Adapter.up
[09/28 14:36:32][INFO] models.base.adapter: 1233: init:  transformer.resblocks.7.Adapter.up
[09/28 14:36:32][INFO] models.base.adapter: 1233: init:  transformer.resblocks.8.Adapter.up
[09/28 14:36:32][INFO] models.base.adapter: 1233: init:  transformer.resblocks.9.Adapter.up
[09/28 14:36:32][INFO] models.base.adapter: 1233: init:  transformer.resblocks.10.Adapter.up
[09/28 14:36:32][INFO] models.base.adapter: 1233: init:  transformer.resblocks.11.Adapter.up
[09/28 14:36:32][INFO] train_net_few_shot:  349: Model:
BaseVideoModel(
  (model): ViT_CLIP(
    (conv1): Conv2d(3, 768, kernel_size=(16, 16), stride=(16, 16), bias=False)
    (ln_pre): LayerNorm((768,), eps=1e-05, elementwise_affine=True, bias=True)
    (transformer): Transformer(
      (resblocks): ModuleList(
        (0-11): 12 x ResidualAttentionBlock(
          (ln_1): LayerNorm((768,), eps=1e-05, elementwise_affine=True, bias=True)
          (attn): MultiheadAttention(
            (out_proj): NonDynamicallyQuantizableLinear(in_features=768, out_features=768, bias=True)
          )
          (ln_2): LayerNorm((768,), eps=1e-05, elementwise_affine=True, bias=True)
          (mlp): Sequential(
            (c_fc): Linear(in_features=768, out_features=3072, bias=True)
            (gelu): QuickGELU()
            (c_proj): Linear(in_features=3072, out_features=768, bias=True)
          )
          (Adapter): ViT_D2ST_Adapter(
            (down): Linear(in_features=768, out_features=192, bias=True)
            (gelu1): GELU(approximate='none')
            (pos_embed): Conv3d(192, 192, kernel_size=(3, 3, 3), stride=(1, 1, 1), padding=(1, 1, 1), groups=192)
            (s_ln): LayerNorm((192,), eps=1e-05, elementwise_affine=True, bias=True)
            (s_attn): ViT_DeformAttention(
              (conv_offset): Sequential(
                (0): Conv3d(48, 48, kernel_size=(4, 5, 5), stride=(4, 3, 3), groups=48)
                (1): LayerNormProxy(
                  (norm): LayerNorm((48,), eps=1e-05, elementwise_affine=True, bias=True)
                )
                (2): GELU(approximate='none')
                (3): Conv3d(48, 3, kernel_size=(1, 1, 1), stride=(1, 1, 1), bias=False)
              )
              (proj_q): Linear(in_features=192, out_features=192, bias=True)
              (proj_k): Linear(in_features=192, out_features=192, bias=True)
              (proj_v): Linear(in_features=192, out_features=192, bias=True)
              (proj_out): Linear(in_features=192, out_features=192, bias=True)
            )
            (t_ln): LayerNorm((192,), eps=1e-05, elementwise_affine=True, bias=True)
            (t_attn): ViT_DeformAttention(
              (conv_offset): Sequential(
                (0): Conv3d(48, 48, kernel_size=(1, 7, 7), stride=(1, 7, 7), groups=48)
                (1): LayerNormProxy(
                  (norm): LayerNorm((48,), eps=1e-05, elementwise_affine=True, bias=True)
                )
                (2): GELU(approximate='none')
                (3): Conv3d(48, 3, kernel_size=(1, 1, 1), stride=(1, 1, 1), bias=False)
              )
              (proj_q): Linear(in_features=192, out_features=192, bias=True)
              (proj_k): Linear(in_features=192, out_features=192, bias=True)
              (proj_v): Linear(in_features=192, out_features=192, bias=True)
              (proj_out): Linear(in_features=192, out_features=192, bias=True)
            )
            (gelu): GELU(approximate='none')
            (up): Linear(in_features=192, out_features=768, bias=True)
            (gelu2): GELU(approximate='none')
          )
        )
      )
    )
    (ln_post): LayerNorm((768,), eps=1e-05, elementwise_affine=True, bias=True)
    (classification_layer): Linear(in_features=768, out_features=64, bias=True)
    (spatial_pattern_matcher): D2STSpatialPatternMatcher()
  )
)
[09/28 14:36:32][INFO] models.utils.optimizer:   82: Optimized parameters constructed. Parameters without weight decay: []
[09/28 14:36:32][INFO] datasets.base.few_shot_dataset:   97: Reading video list from file: train_few_shot.txt
[09/28 14:36:32][INFO] datasets.base.few_shot_dataset:  127: Loading SSv2-Full dataset list for split 'train'...
[09/28 14:36:32][INFO] datasets.base.few_shot_dataset:   47: loaded 67013 videos from train dataset: SSv2-Full !
[09/28 14:36:32][INFO] datasets.base.few_shot_dataset:  153: Dataset SSv2-Full split train loaded. Length 67013.
[09/28 14:36:32][INFO] datasets.base.few_shot_dataset:   97: Reading video list from file: test_few_shot.txt
[09/28 14:36:32][INFO] datasets.base.few_shot_dataset:  127: Loading SSv2-Full dataset list for split 'test'...
[09/28 14:36:32][INFO] datasets.base.few_shot_dataset:   47: loaded 2857 videos from test dataset: SSv2-Full !
[09/28 14:36:32][INFO] datasets.base.few_shot_dataset:  153: Dataset SSv2-Full split test loaded. Length 2857.
[09/28 14:36:32][INFO] train_net_few_shot:  371: Start epoch: 1
[09/28 14:36:32][INFO] train_net_few_shot:   47: Spatial pattern gate: model.spatial_pattern_alpha trainable=True optimized=True weight=0.017986
[09/28 14:36:32][INFO] train_net_few_shot:  407: Number of total parameters: 93129089, tunable parameters: 7331969
[09/28 14:36:32][INFO] train_net_few_shot:  125: Norm training: True
[09/28 14:36:32][INFO] train_net_few_shot:  143: Gradient accumulation: steps=4, normalize=False
[09/28 14:36:35][INFO] train_net_few_shot:   42: Spatial pattern gate first backward: model.spatial_pattern_alpha grad=-0.015047091
[09/28 14:37:56][INFO] utils.logging:   91: {"_type": "train_iter", "iter": "200/30000", "loss": 9.903376, "lr": 0.000253, "top1_acc": 33.600000}
[09/28 14:39:17][INFO] utils.logging:   91: {"_type": "train_iter", "iter": "400/30000", "loss": 9.120612, "lr": 0.000306, "top1_acc": 43.100000}
[09/28 14:40:38][INFO] utils.logging:   91: {"_type": "train_iter", "iter": "600/30000", "loss": 8.106464, "lr": 0.000360, "top1_acc": 48.200001}
[09/28 14:42:00][INFO] utils.logging:   91: {"_type": "train_iter", "iter": "800/30000", "loss": 7.454626, "lr": 0.000413, "top1_acc": 51.700000}
[09/28 14:43:22][INFO] utils.logging:   91: {"_type": "train_iter", "iter": "1000/30000", "loss": 6.987336, "lr": 0.000466, "top1_acc": 54.200000}
[09/28 14:44:45][INFO] utils.logging:   91: {"_type": "train_iter", "iter": "1200/30000", "loss": 6.510367, "lr": 0.000520, "top1_acc": 57.400001}
[09/28 14:46:07][INFO] utils.logging:   91: {"_type": "train_iter", "iter": "1400/30000", "loss": 5.912002, "lr": 0.000573, "top1_acc": 58.100001}
[09/28 14:47:30][INFO] utils.logging:   91: {"_type": "train_iter", "iter": "1600/30000", "loss": 5.925135, "lr": 0.000626, "top1_acc": 56.800001}
[09/28 14:48:53][INFO] utils.logging:   91: {"_type": "train_iter", "iter": "1800/30000", "loss": 5.743019, "lr": 0.000680, "top1_acc": 57.400001}
[09/28 14:50:16][INFO] utils.logging:   91: {"_type": "train_iter", "iter": "2000/30000", "loss": 5.495818, "lr": 0.000733, "top1_acc": 62.400001}
[09/28 14:51:38][INFO] utils.logging:   91: {"_type": "train_iter", "iter": "2200/30000", "loss": 5.500688, "lr": 0.000786, "top1_acc": 59.600001}
[09/28 14:53:01][INFO] utils.logging:   91: {"_type": "train_iter", "iter": "2400/30000", "loss": 5.246594, "lr": 0.000840, "top1_acc": 62.500001}
[09/28 14:54:24][INFO] utils.logging:   91: {"_type": "train_iter", "iter": "2600/30000", "loss": 5.091295, "lr": 0.000893, "top1_acc": 60.600001}
[09/28 14:55:46][INFO] utils.logging:   91: {"_type": "train_iter", "iter": "2800/30000", "loss": 5.123801, "lr": 0.000946, "top1_acc": 61.700001}
[09/28 14:57:09][INFO] utils.logging:   91: {"_type": "train_iter", "iter": "3000/30000", "loss": 4.949048, "lr": 0.001000, "top1_acc": 62.600001}
[09/28 14:58:32][INFO] utils.logging:   91: {"_type": "train_iter", "iter": "3200/30000", "loss": 4.685664, "lr": 0.001000, "top1_acc": 64.700001}
[09/28 14:59:54][INFO] utils.logging:   91: {"_type": "train_iter", "iter": "3400/30000", "loss": 4.667702, "lr": 0.001000, "top1_acc": 65.900001}
[09/28 15:01:17][INFO] utils.logging:   91: {"_type": "train_iter", "iter": "3600/30000", "loss": 4.712328, "lr": 0.001000, "top1_acc": 67.100001}
[09/28 15:02:40][INFO] utils.logging:   91: {"_type": "train_iter", "iter": "3800/30000", "loss": 4.423831, "lr": 0.001000, "top1_acc": 67.600001}
[09/28 15:04:02][INFO] utils.logging:   91: {"_type": "train_iter", "iter": "4000/30000", "loss": 4.378907, "lr": 0.001000, "top1_acc": 66.000001}
[09/28 15:05:25][INFO] utils.logging:   91: {"_type": "train_iter", "iter": "4200/30000", "loss": 4.306544, "lr": 0.001000, "top1_acc": 66.200001}
[09/28 15:06:48][INFO] utils.logging:   91: {"_type": "train_iter", "iter": "4400/30000", "loss": 4.018196, "lr": 0.001000, "top1_acc": 70.300001}
[09/28 15:08:10][INFO] utils.logging:   91: {"_type": "train_iter", "iter": "4600/30000", "loss": 3.939836, "lr": 0.001000, "top1_acc": 68.400001}
[09/28 15:09:33][INFO] utils.logging:   91: {"_type": "train_iter", "iter": "4800/30000", "loss": 3.732878, "lr": 0.001000, "top1_acc": 73.600001}
[09/28 15:10:55][INFO] utils.logging:   91: {"_type": "train_iter", "iter": "5000/30000", "loss": 3.908837, "lr": 0.001000, "top1_acc": 68.400001}
[09/28 15:12:18][INFO] utils.logging:   91: {"_type": "train_iter", "iter": "5200/30000", "loss": 3.683590, "lr": 0.001000, "top1_acc": 70.500001}
[09/28 15:13:41][INFO] utils.logging:   91: {"_type": "train_iter", "iter": "5400/30000", "loss": 3.729230, "lr": 0.001000, "top1_acc": 71.100001}
[09/28 15:15:04][INFO] utils.logging:   91: {"_type": "train_iter", "iter": "5600/30000", "loss": 3.608396, "lr": 0.001000, "top1_acc": 70.300001}
[09/28 15:16:26][INFO] utils.logging:   91: {"_type": "train_iter", "iter": "5800/30000", "loss": 3.731302, "lr": 0.001000, "top1_acc": 69.800001}
[09/28 15:17:49][INFO] utils.logging:   91: {"_type": "train_iter", "iter": "6000/30000", "loss": 3.588613, "lr": 0.001000, "top1_acc": 71.600002}
[09/28 15:19:12][INFO] utils.logging:   91: {"_type": "train_iter", "iter": "6200/30000", "loss": 3.472879, "lr": 0.001000, "top1_acc": 73.000001}
[09/28 15:20:35][INFO] utils.logging:   91: {"_type": "train_iter", "iter": "6400/30000", "loss": 3.633646, "lr": 0.001000, "top1_acc": 73.800001}
[09/28 15:21:58][INFO] utils.logging:   91: {"_type": "train_iter", "iter": "6600/30000", "loss": 3.268087, "lr": 0.001000, "top1_acc": 73.300002}
[09/28 15:23:20][INFO] utils.logging:   91: {"_type": "train_iter", "iter": "6800/30000", "loss": 3.173753, "lr": 0.001000, "top1_acc": 75.200002}
[09/28 15:24:43][INFO] utils.logging:   91: {"_type": "train_iter", "iter": "7000/30000", "loss": 3.274268, "lr": 0.001000, "top1_acc": 74.200002}
[09/28 15:26:06][INFO] utils.logging:   91: {"_type": "train_iter", "iter": "7200/30000", "loss": 2.961794, "lr": 0.001000, "top1_acc": 75.900001}
[09/28 15:27:29][INFO] utils.logging:   91: {"_type": "train_iter", "iter": "7400/30000", "loss": 2.981637, "lr": 0.001000, "top1_acc": 76.300001}
[09/28 15:28:51][INFO] utils.logging:   91: {"_type": "train_iter", "iter": "7600/30000", "loss": 3.068932, "lr": 0.001000, "top1_acc": 75.300002}
[09/28 15:30:14][INFO] utils.logging:   91: {"_type": "train_iter", "iter": "7800/30000", "loss": 2.704483, "lr": 0.001000, "top1_acc": 76.300001}
[09/28 15:31:37][INFO] utils.logging:   91: {"_type": "train_iter", "iter": "8000/30000", "loss": 3.170456, "lr": 0.001000, "top1_acc": 75.700001}
[09/28 15:32:50][INFO] datasets.base.few_shot_dataset:  420: Error at decoding. Vid index: 54100, Vid path: /mnt/data/yanyi2025/lrc/action_data/ssv2/videos/videos/96464.webm
[09/28 15:32:58][INFO] utils.logging:   91: {"_type": "train_iter", "iter": "8200/30000", "loss": 2.711143, "lr": 0.001000, "top1_acc": 77.300001}
[09/28 15:34:16][INFO] utils.logging:   91: {"_type": "train_iter", "iter": "8400/30000", "loss": 2.919825, "lr": 0.001000, "top1_acc": 76.300001}
[09/28 15:35:34][INFO] utils.logging:   91: {"_type": "train_iter", "iter": "8600/30000", "loss": 2.799430, "lr": 0.001000, "top1_acc": 76.400002}
[09/28 15:36:53][INFO] utils.logging:   91: {"_type": "train_iter", "iter": "8800/30000", "loss": 2.795637, "lr": 0.001000, "top1_acc": 77.600001}
[09/28 15:38:11][INFO] utils.logging:   91: {"_type": "train_iter", "iter": "9000/30000", "loss": 2.746944, "lr": 0.001000, "top1_acc": 79.100001}
[09/28 15:39:29][INFO] utils.logging:   91: {"_type": "train_iter", "iter": "9200/30000", "loss": 2.832737, "lr": 0.001000, "top1_acc": 77.400001}
[09/28 15:40:47][INFO] utils.logging:   91: {"_type": "train_iter", "iter": "9400/30000", "loss": 2.536219, "lr": 0.001000, "top1_acc": 80.200001}
[09/28 15:42:06][INFO] utils.logging:   91: {"_type": "train_iter", "iter": "9600/30000", "loss": 2.645478, "lr": 0.001000, "top1_acc": 78.100001}
[09/28 15:43:24][INFO] utils.logging:   91: {"_type": "train_iter", "iter": "9800/30000", "loss": 2.424140, "lr": 0.001000, "top1_acc": 79.600001}
[09/28 15:44:47][INFO] datasets.base.few_shot_dataset:  420: Error at decoding. Vid index: 2581, Vid path: /mnt/data/yanyi2025/lrc/action_data/ssv2/videos/videos/113474.webm
[09/28 15:44:54][INFO] datasets.base.few_shot_dataset:  420: Error at decoding. Vid index: 2581, Vid path: /mnt/data/yanyi2025/lrc/action_data/ssv2/videos/videos/113474.webm
[09/28 15:45:06][INFO] utils.logging:   91: {"_type": "val_iter", "gpu_mem": "1.78 GB", "iter": "200/10000", "top1_acc": 59.600001}
[09/28 15:45:29][INFO] utils.logging:   91: {"_type": "val_iter", "gpu_mem": "1.78 GB", "iter": "400/10000", "top1_acc": 57.700001}
[09/28 15:45:52][WARNING] datasets.base.few_shot_dataset:  251: Error at decoding. 1/5. Vid index: [185, 182], Vid path: 9
[09/28 15:45:53][INFO] utils.logging:   91: {"_type": "val_iter", "gpu_mem": "1.78 GB", "iter": "600/10000", "top1_acc": 58.200001}
[09/28 15:46:16][INFO] utils.logging:   91: {"_type": "val_iter", "gpu_mem": "1.78 GB", "iter": "800/10000", "top1_acc": 60.000001}
[09/28 15:46:40][INFO] utils.logging:   91: {"_type": "val_iter", "gpu_mem": "1.78 GB", "iter": "1000/10000", "top1_acc": 59.500001}
[09/28 15:46:57][WARNING] datasets.base.few_shot_dataset:  251: Error at decoding. 1/5. Vid index: [64, 185], Vid path: 9
[09/28 15:47:03][INFO] utils.logging:   91: {"_type": "val_iter", "gpu_mem": "1.78 GB", "iter": "1200/10000", "top1_acc": 57.300001}
[09/28 15:47:27][INFO] utils.logging:   91: {"_type": "val_iter", "gpu_mem": "1.78 GB", "iter": "1400/10000", "top1_acc": 58.700001}
[09/28 15:47:50][INFO] utils.logging:   91: {"_type": "val_iter", "gpu_mem": "1.78 GB", "iter": "1600/10000", "top1_acc": 60.400001}
[09/28 15:48:13][INFO] utils.logging:   91: {"_type": "val_iter", "gpu_mem": "1.78 GB", "iter": "1800/10000", "top1_acc": 59.300001}
[09/28 15:48:37][INFO] utils.logging:   91: {"_type": "val_iter", "gpu_mem": "1.78 GB", "iter": "2000/10000", "top1_acc": 58.500001}
[09/28 15:48:55][INFO] datasets.base.few_shot_dataset:  420: Error at decoding. Vid index: 2581, Vid path: /mnt/data/yanyi2025/lrc/action_data/ssv2/videos/videos/113474.webm
[09/28 15:49:00][INFO] utils.logging:   91: {"_type": "val_iter", "gpu_mem": "1.78 GB", "iter": "2200/10000", "top1_acc": 60.600001}
[09/28 15:49:19][WARNING] datasets.base.few_shot_dataset:  251: Error at decoding. 1/5. Vid index: [86, 185], Vid path: 9
[09/28 15:49:24][INFO] utils.logging:   91: {"_type": "val_iter", "gpu_mem": "1.78 GB", "iter": "2400/10000", "top1_acc": 55.700000}
[09/28 15:49:47][INFO] utils.logging:   91: {"_type": "val_iter", "gpu_mem": "1.78 GB", "iter": "2600/10000", "top1_acc": 58.800001}
[09/28 15:50:11][INFO] utils.logging:   91: {"_type": "val_iter", "gpu_mem": "1.78 GB", "iter": "2800/10000", "top1_acc": 59.400001}
[09/28 15:50:34][INFO] utils.logging:   91: {"_type": "val_iter", "gpu_mem": "1.78 GB", "iter": "3000/10000", "top1_acc": 60.800001}
[09/28 15:50:58][INFO] utils.logging:   91: {"_type": "val_iter", "gpu_mem": "1.78 GB", "iter": "3200/10000", "top1_acc": 60.200001}
[09/28 15:51:21][INFO] utils.logging:   91: {"_type": "val_iter", "gpu_mem": "1.78 GB", "iter": "3400/10000", "top1_acc": 60.900001}
[09/28 15:51:35][WARNING] datasets.base.few_shot_dataset:  251: Error at decoding. 1/5. Vid index: [185, 52], Vid path: 9
[09/28 15:51:45][INFO] utils.logging:   91: {"_type": "val_iter", "gpu_mem": "1.78 GB", "iter": "3600/10000", "top1_acc": 58.900001}
[09/28 15:52:08][INFO] utils.logging:   91: {"_type": "val_iter", "gpu_mem": "1.78 GB", "iter": "3800/10000", "top1_acc": 59.600001}
[09/28 15:52:27][WARNING] datasets.base.few_shot_dataset:  251: Error at decoding. 1/5. Vid index: [116, 185], Vid path: 9
[09/28 15:52:31][INFO] utils.logging:   91: {"_type": "val_iter", "gpu_mem": "1.78 GB", "iter": "4000/10000", "top1_acc": 64.000001}
[09/28 15:52:54][INFO] datasets.base.few_shot_dataset:  420: Error at decoding. Vid index: 2581, Vid path: /mnt/data/yanyi2025/lrc/action_data/ssv2/videos/videos/113474.webm
[09/28 15:52:55][INFO] utils.logging:   91: {"_type": "val_iter", "gpu_mem": "1.78 GB", "iter": "4200/10000", "top1_acc": 60.400001}
[09/28 15:53:18][INFO] utils.logging:   91: {"_type": "val_iter", "gpu_mem": "1.78 GB", "iter": "4400/10000", "top1_acc": 59.500001}
[09/28 15:53:42][INFO] utils.logging:   91: {"_type": "val_iter", "gpu_mem": "1.78 GB", "iter": "4600/10000", "top1_acc": 60.600001}
[09/28 15:54:05][INFO] utils.logging:   91: {"_type": "val_iter", "gpu_mem": "1.78 GB", "iter": "4800/10000", "top1_acc": 60.200001}
[09/28 15:54:29][INFO] utils.logging:   91: {"_type": "val_iter", "gpu_mem": "1.78 GB", "iter": "5000/10000", "top1_acc": 60.500001}
[09/28 15:54:45][WARNING] datasets.base.few_shot_dataset:  251: Error at decoding. 1/5. Vid index: [179, 185], Vid path: 9
[09/28 15:54:49][WARNING] datasets.base.few_shot_dataset:  251: Error at decoding. 1/5. Vid index: [185, 88], Vid path: 9
[09/28 15:54:52][INFO] utils.logging:   91: {"_type": "val_iter", "gpu_mem": "1.78 GB", "iter": "5200/10000", "top1_acc": 59.800001}
[09/28 15:55:16][INFO] utils.logging:   91: {"_type": "val_iter", "gpu_mem": "1.78 GB", "iter": "5400/10000", "top1_acc": 59.100001}
[09/28 15:55:39][INFO] utils.logging:   91: {"_type": "val_iter", "gpu_mem": "1.78 GB", "iter": "5600/10000", "top1_acc": 57.600001}
[09/28 15:55:49][WARNING] datasets.base.few_shot_dataset:  251: Error at decoding. 1/5. Vid index: [159, 185], Vid path: 9
[09/28 15:56:02][INFO] utils.logging:   91: {"_type": "val_iter", "gpu_mem": "1.78 GB", "iter": "5800/10000", "top1_acc": 58.500001}
[09/28 15:56:26][INFO] utils.logging:   91: {"_type": "val_iter", "gpu_mem": "1.78 GB", "iter": "6000/10000", "top1_acc": 58.200001}
[09/28 15:56:49][INFO] utils.logging:   91: {"_type": "val_iter", "gpu_mem": "1.78 GB", "iter": "6200/10000", "top1_acc": 60.300001}
[09/28 15:57:13][INFO] utils.logging:   91: {"_type": "val_iter", "gpu_mem": "1.78 GB", "iter": "6400/10000", "top1_acc": 58.900001}
[09/28 15:57:36][INFO] utils.logging:   91: {"_type": "val_iter", "gpu_mem": "1.78 GB", "iter": "6600/10000", "top1_acc": 60.500001}
[09/28 15:58:00][INFO] utils.logging:   91: {"_type": "val_iter", "gpu_mem": "1.78 GB", "iter": "6800/10000", "top1_acc": 60.700001}
[09/28 15:58:23][INFO] utils.logging:   91: {"_type": "val_iter", "gpu_mem": "1.78 GB", "iter": "7000/10000", "top1_acc": 60.900001}
[09/28 15:58:47][INFO] utils.logging:   91: {"_type": "val_iter", "gpu_mem": "1.78 GB", "iter": "7200/10000", "top1_acc": 58.200001}
[09/28 15:59:10][INFO] utils.logging:   91: {"_type": "val_iter", "gpu_mem": "1.78 GB", "iter": "7400/10000", "top1_acc": 60.900001}
[09/28 15:59:34][INFO] utils.logging:   91: {"_type": "val_iter", "gpu_mem": "1.78 GB", "iter": "7600/10000", "top1_acc": 62.900001}
[09/28 15:59:57][INFO] utils.logging:   91: {"_type": "val_iter", "gpu_mem": "1.78 GB", "iter": "7800/10000", "top1_acc": 57.400000}
[09/28 16:00:21][INFO] utils.logging:   91: {"_type": "val_iter", "gpu_mem": "1.78 GB", "iter": "8000/10000", "top1_acc": 57.900001}
[09/28 16:00:44][INFO] utils.logging:   91: {"_type": "val_iter", "gpu_mem": "1.78 GB", "iter": "8200/10000", "top1_acc": 60.900001}
[09/28 16:01:07][INFO] utils.logging:   91: {"_type": "val_iter", "gpu_mem": "1.78 GB", "iter": "8400/10000", "top1_acc": 57.500001}
[09/28 16:01:31][INFO] utils.logging:   91: {"_type": "val_iter", "gpu_mem": "1.78 GB", "iter": "8600/10000", "top1_acc": 57.600001}
[09/28 16:01:54][INFO] utils.logging:   91: {"_type": "val_iter", "gpu_mem": "1.78 GB", "iter": "8800/10000", "top1_acc": 60.500002}
[09/28 16:02:18][INFO] utils.logging:   91: {"_type": "val_iter", "gpu_mem": "1.78 GB", "iter": "9000/10000", "top1_acc": 58.000001}
[09/28 16:02:41][INFO] datasets.base.few_shot_dataset:  420: Error at decoding. Vid index: 2581, Vid path: /mnt/data/yanyi2025/lrc/action_data/ssv2/videos/videos/113474.webm
[09/28 16:02:41][INFO] utils.logging:   91: {"_type": "val_iter", "gpu_mem": "1.78 GB", "iter": "9200/10000", "top1_acc": 62.900001}
[09/28 16:03:05][INFO] utils.logging:   91: {"_type": "val_iter", "gpu_mem": "1.78 GB", "iter": "9400/10000", "top1_acc": 60.800001}
[09/28 16:03:22][WARNING] datasets.base.few_shot_dataset:  251: Error at decoding. 1/5. Vid index: [81, 185], Vid path: 9
[09/28 16:03:28][INFO] utils.logging:   91: {"_type": "val_iter", "gpu_mem": "1.78 GB", "iter": "9600/10000", "top1_acc": 61.100001}
[09/28 16:03:52][INFO] utils.logging:   91: {"_type": "val_iter", "gpu_mem": "1.78 GB", "iter": "9800/10000", "top1_acc": 59.400001}
[09/28 16:04:15][INFO] utils.logging:   91: {"_type": "val_iter", "gpu_mem": "1.78 GB", "iter": "10000/10000", "top1_acc": 59.200001}
[09/28 16:04:15][INFO] utils.logging:   91: {"RAM": "14.89/125.63 GB", "_type": "val_epoch", "epoch": "1", "gpu_mem": "1.78 GB", "top1_acc": 59.580001}
[09/28 16:04:15][INFO] train_net_few_shot:   66: Spatial pattern paired evaluation: {'episodes': 10000, 'queries': 50000, 'full_acc': 59.58, 'without_spatial_acc': 59.612, 'spatial_only_acc': 43.64, 'paired_delta_pp': -0.03200000000000002, 'paired_ci95_halfwidth_pp': 0.05170713280504242, 'changed_predictions': 264, 'helped_predictions': 79, 'hurt_predictions': 95}
[09/28 16:04:15][INFO] train_net_few_shot:   79: Fusion weights: spatial_pattern=0.028216
[09/28 16:04:15][INFO] train_net_few_shot:  109: Spatial pattern matcher: grid_size=2, tokens_per_frame=4, last_episode_raw_logit_delta=5.245070457458496, gate_trainable=True, detach_input=True
[09/28 16:04:16][INFO] train_net_few_shot:  181: New best validation accuracy: 59.5800; checkpoint=output/SSv2_Full_SPATIAL_PATTERN_GATE_FIX/checkpoints/checkpoint_best.pyth
[09/28 16:04:16][INFO] utils.logging:   91: {"_type": "train_iter", "iter": "10000/30000", "loss": 2.524615, "lr": 0.001000, "top1_acc": 78.500001}
[09/28 16:05:34][INFO] utils.logging:   91: {"_type": "train_iter", "iter": "10200/30000", "loss": 2.672066, "lr": 0.001000, "top1_acc": 80.100001}
[09/28 16:06:52][INFO] utils.logging:   91: {"_type": "train_iter", "iter": "10400/30000", "loss": 2.621003, "lr": 0.001000, "top1_acc": 78.700001}
[09/28 16:08:11][INFO] utils.logging:   91: {"_type": "train_iter", "iter": "10600/30000", "loss": 2.456502, "lr": 0.001000, "top1_acc": 81.000001}
[09/28 16:09:29][INFO] utils.logging:   91: {"_type": "train_iter", "iter": "10800/30000", "loss": 2.314474, "lr": 0.001000, "top1_acc": 80.400001}
[09/28 16:10:47][INFO] utils.logging:   91: {"_type": "train_iter", "iter": "11000/30000", "loss": 2.388063, "lr": 0.001000, "top1_acc": 80.900001}
[09/28 16:12:05][INFO] utils.logging:   91: {"_type": "train_iter", "iter": "11200/30000", "loss": 2.449425, "lr": 0.001000, "top1_acc": 81.900001}
[09/28 16:13:24][INFO] utils.logging:   91: {"_type": "train_iter", "iter": "11400/30000", "loss": 2.405247, "lr": 0.001000, "top1_acc": 80.100001}
[09/28 16:14:42][INFO] utils.logging:   91: {"_type": "train_iter", "iter": "11600/30000", "loss": 2.442048, "lr": 0.001000, "top1_acc": 79.700002}
[09/28 16:16:00][INFO] utils.logging:   91: {"_type": "train_iter", "iter": "11800/30000", "loss": 2.237496, "lr": 0.001000, "top1_acc": 80.500001}
[09/28 16:17:18][INFO] utils.logging:   91: {"_type": "train_iter", "iter": "12000/30000", "loss": 2.266103, "lr": 0.001000, "top1_acc": 81.700001}
[09/28 16:18:37][INFO] utils.logging:   91: {"_type": "train_iter", "iter": "12200/30000", "loss": 1.933851, "lr": 0.000500, "top1_acc": 81.300001}
[09/28 16:19:55][INFO] utils.logging:   91: {"_type": "train_iter", "iter": "12400/30000", "loss": 1.728310, "lr": 0.000500, "top1_acc": 85.800001}
[09/28 16:21:13][INFO] utils.logging:   91: {"_type": "train_iter", "iter": "12600/30000", "loss": 1.847336, "lr": 0.000500, "top1_acc": 83.800001}
[09/28 16:22:31][INFO] utils.logging:   91: {"_type": "train_iter", "iter": "12800/30000", "loss": 2.085056, "lr": 0.000500, "top1_acc": 83.600001}
[09/28 16:23:50][INFO] utils.logging:   91: {"_type": "train_iter", "iter": "13000/30000", "loss": 1.711446, "lr": 0.000500, "top1_acc": 85.300001}
[09/28 16:25:08][INFO] utils.logging:   91: {"_type": "train_iter", "iter": "13200/30000", "loss": 1.877698, "lr": 0.000500, "top1_acc": 82.500002}
[09/28 16:26:26][INFO] utils.logging:   91: {"_type": "train_iter", "iter": "13400/30000", "loss": 1.616308, "lr": 0.000500, "top1_acc": 87.100001}
[09/28 16:27:44][INFO] utils.logging:   91: {"_type": "train_iter", "iter": "13600/30000", "loss": 1.711479, "lr": 0.000500, "top1_acc": 86.000001}
[09/28 16:29:02][INFO] utils.logging:   91: {"_type": "train_iter", "iter": "13800/30000", "loss": 1.628491, "lr": 0.000500, "top1_acc": 86.800001}
[09/28 16:30:21][INFO] utils.logging:   91: {"_type": "train_iter", "iter": "14000/30000", "loss": 1.443674, "lr": 0.000500, "top1_acc": 87.100001}
[09/28 16:31:39][INFO] utils.logging:   91: {"_type": "train_iter", "iter": "14200/30000", "loss": 1.469313, "lr": 0.000500, "top1_acc": 85.900001}
[09/28 16:32:57][INFO] utils.logging:   91: {"_type": "train_iter", "iter": "14400/30000", "loss": 1.714101, "lr": 0.000500, "top1_acc": 86.000001}
[09/28 16:34:15][INFO] utils.logging:   91: {"_type": "train_iter", "iter": "14600/30000", "loss": 1.576684, "lr": 0.000500, "top1_acc": 87.000001}
[09/28 16:35:34][INFO] utils.logging:   91: {"_type": "train_iter", "iter": "14800/30000", "loss": 1.530445, "lr": 0.000500, "top1_acc": 87.000001}
[09/28 16:36:52][INFO] utils.logging:   91: {"_type": "train_iter", "iter": "15000/30000", "loss": 1.432344, "lr": 0.000500, "top1_acc": 87.700001}
[09/28 16:38:10][INFO] utils.logging:   91: {"_type": "train_iter", "iter": "15200/30000", "loss": 1.654194, "lr": 0.000500, "top1_acc": 84.800001}
[09/28 16:39:28][INFO] utils.logging:   91: {"_type": "train_iter", "iter": "15400/30000", "loss": 1.473070, "lr": 0.000500, "top1_acc": 88.800001}
[09/28 16:40:47][INFO] utils.logging:   91: {"_type": "train_iter", "iter": "15600/30000", "loss": 1.540424, "lr": 0.000500, "top1_acc": 86.700001}
[09/28 16:42:05][INFO] utils.logging:   91: {"_type": "train_iter", "iter": "15800/30000", "loss": 1.580422, "lr": 0.000500, "top1_acc": 88.900001}
[09/28 16:43:23][INFO] utils.logging:   91: {"_type": "train_iter", "iter": "16000/30000", "loss": 1.543750, "lr": 0.000500, "top1_acc": 85.700001}
[09/28 16:44:41][INFO] utils.logging:   91: {"_type": "train_iter", "iter": "16200/30000", "loss": 1.642150, "lr": 0.000500, "top1_acc": 85.400001}
[09/28 16:46:00][INFO] utils.logging:   91: {"_type": "train_iter", "iter": "16400/30000", "loss": 1.671618, "lr": 0.000500, "top1_acc": 87.300001}
[09/28 16:47:18][INFO] utils.logging:   91: {"_type": "train_iter", "iter": "16600/30000", "loss": 1.390102, "lr": 0.000500, "top1_acc": 88.400001}
[09/28 16:48:36][INFO] utils.logging:   91: {"_type": "train_iter", "iter": "16800/30000", "loss": 1.407778, "lr": 0.000500, "top1_acc": 88.000001}
[09/28 16:49:54][INFO] utils.logging:   91: {"_type": "train_iter", "iter": "17000/30000", "loss": 1.462078, "lr": 0.000500, "top1_acc": 88.500001}
[09/28 16:51:13][INFO] utils.logging:   91: {"_type": "train_iter", "iter": "17200/30000", "loss": 1.314463, "lr": 0.000500, "top1_acc": 87.700001}
[09/28 16:52:31][INFO] utils.logging:   91: {"_type": "train_iter", "iter": "17400/30000", "loss": 1.446406, "lr": 0.000500, "top1_acc": 87.300001}
[09/28 16:53:49][INFO] utils.logging:   91: {"_type": "train_iter", "iter": "17600/30000", "loss": 1.436130, "lr": 0.000500, "top1_acc": 87.800001}
[09/28 16:55:07][INFO] utils.logging:   91: {"_type": "train_iter", "iter": "17800/30000", "loss": 1.461214, "lr": 0.000500, "top1_acc": 87.400001}
[09/28 16:56:26][INFO] utils.logging:   91: {"_type": "train_iter", "iter": "18000/30000", "loss": 1.510169, "lr": 0.000500, "top1_acc": 88.100001}
[09/28 16:57:44][INFO] utils.logging:   91: {"_type": "train_iter", "iter": "18200/30000", "loss": 1.296746, "lr": 0.000100, "top1_acc": 86.400001}
[09/28 16:59:02][INFO] utils.logging:   91: {"_type": "train_iter", "iter": "18400/30000", "loss": 1.185545, "lr": 0.000100, "top1_acc": 89.200001}
[09/28 17:00:20][INFO] utils.logging:   91: {"_type": "train_iter", "iter": "18600/30000", "loss": 1.192489, "lr": 0.000100, "top1_acc": 87.600001}
[09/28 17:01:39][INFO] utils.logging:   91: {"_type": "train_iter", "iter": "18800/30000", "loss": 1.109219, "lr": 0.000100, "top1_acc": 89.100001}
[09/28 17:02:57][INFO] utils.logging:   91: {"_type": "train_iter", "iter": "19000/30000", "loss": 1.111848, "lr": 0.000100, "top1_acc": 89.100001}
[09/28 17:04:15][INFO] utils.logging:   91: {"_type": "train_iter", "iter": "19200/30000", "loss": 1.129417, "lr": 0.000100, "top1_acc": 89.100001}
[09/28 17:05:33][INFO] utils.logging:   91: {"_type": "train_iter", "iter": "19400/30000", "loss": 1.129036, "lr": 0.000100, "top1_acc": 88.800001}
[09/28 17:06:51][INFO] utils.logging:   91: {"_type": "train_iter", "iter": "19600/30000", "loss": 1.098407, "lr": 0.000100, "top1_acc": 89.400001}
[09/28 17:08:10][INFO] utils.logging:   91: {"_type": "train_iter", "iter": "19800/30000", "loss": 1.079972, "lr": 0.000100, "top1_acc": 89.800001}
[09/28 17:09:32][INFO] datasets.base.few_shot_dataset:  420: Error at decoding. Vid index: 2581, Vid path: /mnt/data/yanyi2025/lrc/action_data/ssv2/videos/videos/113474.webm
[09/28 17:09:40][INFO] datasets.base.few_shot_dataset:  420: Error at decoding. Vid index: 2581, Vid path: /mnt/data/yanyi2025/lrc/action_data/ssv2/videos/videos/113474.webm
[09/28 17:09:52][INFO] utils.logging:   91: {"_type": "val_iter", "gpu_mem": "1.78 GB", "iter": "200/10000", "top1_acc": 64.200001}
[09/28 17:10:15][INFO] utils.logging:   91: {"_type": "val_iter", "gpu_mem": "1.78 GB", "iter": "400/10000", "top1_acc": 63.500001}
[09/28 17:10:38][WARNING] datasets.base.few_shot_dataset:  251: Error at decoding. 1/5. Vid index: [185, 182], Vid path: 9
[09/28 17:10:38][INFO] utils.logging:   91: {"_type": "val_iter", "gpu_mem": "1.78 GB", "iter": "600/10000", "top1_acc": 63.100001}
[09/28 17:11:02][INFO] utils.logging:   91: {"_type": "val_iter", "gpu_mem": "1.78 GB", "iter": "800/10000", "top1_acc": 65.700001}
[09/28 17:11:25][INFO] utils.logging:   91: {"_type": "val_iter", "gpu_mem": "1.78 GB", "iter": "1000/10000", "top1_acc": 67.100002}
[09/28 17:11:43][WARNING] datasets.base.few_shot_dataset:  251: Error at decoding. 1/5. Vid index: [64, 185], Vid path: 9
[09/28 17:11:49][INFO] utils.logging:   91: {"_type": "val_iter", "gpu_mem": "1.78 GB", "iter": "1200/10000", "top1_acc": 63.500001}
[09/28 17:12:12][INFO] utils.logging:   91: {"_type": "val_iter", "gpu_mem": "1.78 GB", "iter": "1400/10000", "top1_acc": 64.300001}
[09/28 17:12:36][INFO] utils.logging:   91: {"_type": "val_iter", "gpu_mem": "1.78 GB", "iter": "1600/10000", "top1_acc": 66.200001}
[09/28 17:12:59][INFO] utils.logging:   91: {"_type": "val_iter", "gpu_mem": "1.78 GB", "iter": "1800/10000", "top1_acc": 66.900001}
[09/28 17:13:23][INFO] utils.logging:   91: {"_type": "val_iter", "gpu_mem": "1.78 GB", "iter": "2000/10000", "top1_acc": 65.900001}
[09/28 17:13:40][INFO] datasets.base.few_shot_dataset:  420: Error at decoding. Vid index: 2581, Vid path: /mnt/data/yanyi2025/lrc/action_data/ssv2/videos/videos/113474.webm
[09/28 17:13:46][INFO] utils.logging:   91: {"_type": "val_iter", "gpu_mem": "1.78 GB", "iter": "2200/10000", "top1_acc": 66.400001}
[09/28 17:14:05][WARNING] datasets.base.few_shot_dataset:  251: Error at decoding. 1/5. Vid index: [86, 185], Vid path: 9
[09/28 17:14:09][INFO] utils.logging:   91: {"_type": "val_iter", "gpu_mem": "1.78 GB", "iter": "2400/10000", "top1_acc": 63.700001}
[09/28 17:14:33][INFO] utils.logging:   91: {"_type": "val_iter", "gpu_mem": "1.78 GB", "iter": "2600/10000", "top1_acc": 63.400002}
[09/28 17:14:56][INFO] utils.logging:   91: {"_type": "val_iter", "gpu_mem": "1.78 GB", "iter": "2800/10000", "top1_acc": 65.400001}
[09/28 17:15:20][INFO] utils.logging:   91: {"_type": "val_iter", "gpu_mem": "1.78 GB", "iter": "3000/10000", "top1_acc": 65.900001}
[09/28 17:15:43][INFO] utils.logging:   91: {"_type": "val_iter", "gpu_mem": "1.78 GB", "iter": "3200/10000", "top1_acc": 65.500001}
[09/28 17:16:07][INFO] utils.logging:   91: {"_type": "val_iter", "gpu_mem": "1.78 GB", "iter": "3400/10000", "top1_acc": 66.100001}
[09/28 17:16:21][WARNING] datasets.base.few_shot_dataset:  251: Error at decoding. 1/5. Vid index: [185, 52], Vid path: 9
[09/28 17:16:30][INFO] utils.logging:   91: {"_type": "val_iter", "gpu_mem": "1.78 GB", "iter": "3600/10000", "top1_acc": 67.000001}
[09/28 17:16:54][INFO] utils.logging:   91: {"_type": "val_iter", "gpu_mem": "1.78 GB", "iter": "3800/10000", "top1_acc": 63.600001}
[09/28 17:17:13][WARNING] datasets.base.few_shot_dataset:  251: Error at decoding. 1/5. Vid index: [116, 185], Vid path: 9
[09/28 17:17:17][INFO] utils.logging:   91: {"_type": "val_iter", "gpu_mem": "1.78 GB", "iter": "4000/10000", "top1_acc": 66.800001}
[09/28 17:17:39][INFO] datasets.base.few_shot_dataset:  420: Error at decoding. Vid index: 2581, Vid path: /mnt/data/yanyi2025/lrc/action_data/ssv2/videos/videos/113474.webm
[09/28 17:17:41][INFO] utils.logging:   91: {"_type": "val_iter", "gpu_mem": "1.78 GB", "iter": "4200/10000", "top1_acc": 66.600001}
[09/28 17:18:04][INFO] utils.logging:   91: {"_type": "val_iter", "gpu_mem": "1.78 GB", "iter": "4400/10000", "top1_acc": 66.800001}
[09/28 17:18:28][INFO] utils.logging:   91: {"_type": "val_iter", "gpu_mem": "1.78 GB", "iter": "4600/10000", "top1_acc": 66.000001}
[09/28 17:18:51][INFO] utils.logging:   91: {"_type": "val_iter", "gpu_mem": "1.78 GB", "iter": "4800/10000", "top1_acc": 64.600001}
[09/28 17:19:14][INFO] utils.logging:   91: {"_type": "val_iter", "gpu_mem": "1.78 GB", "iter": "5000/10000", "top1_acc": 65.800001}
[09/28 17:19:31][WARNING] datasets.base.few_shot_dataset:  251: Error at decoding. 1/5. Vid index: [179, 185], Vid path: 9
[09/28 17:19:35][WARNING] datasets.base.few_shot_dataset:  251: Error at decoding. 1/5. Vid index: [185, 88], Vid path: 9
[09/28 17:19:38][INFO] utils.logging:   91: {"_type": "val_iter", "gpu_mem": "1.78 GB", "iter": "5200/10000", "top1_acc": 64.400001}
[09/28 17:20:01][INFO] utils.logging:   91: {"_type": "val_iter", "gpu_mem": "1.78 GB", "iter": "5400/10000", "top1_acc": 63.300001}
[09/28 17:20:25][INFO] utils.logging:   91: {"_type": "val_iter", "gpu_mem": "1.78 GB", "iter": "5600/10000", "top1_acc": 64.100001}
[09/28 17:20:35][WARNING] datasets.base.few_shot_dataset:  251: Error at decoding. 1/5. Vid index: [159, 185], Vid path: 9
[09/28 17:20:48][INFO] utils.logging:   91: {"_type": "val_iter", "gpu_mem": "1.78 GB", "iter": "5800/10000", "top1_acc": 64.600001}
[09/28 17:21:12][INFO] utils.logging:   91: {"_type": "val_iter", "gpu_mem": "1.78 GB", "iter": "6000/10000", "top1_acc": 67.700001}
[09/28 17:21:35][INFO] utils.logging:   91: {"_type": "val_iter", "gpu_mem": "1.78 GB", "iter": "6200/10000", "top1_acc": 65.500001}
[09/28 17:21:59][INFO] utils.logging:   91: {"_type": "val_iter", "gpu_mem": "1.78 GB", "iter": "6400/10000", "top1_acc": 66.400001}
[09/28 17:22:22][INFO] utils.logging:   91: {"_type": "val_iter", "gpu_mem": "1.78 GB", "iter": "6600/10000", "top1_acc": 63.100001}
[09/28 17:22:45][INFO] utils.logging:   91: {"_type": "val_iter", "gpu_mem": "1.78 GB", "iter": "6800/10000", "top1_acc": 67.000001}
[09/28 17:23:09][INFO] utils.logging:   91: {"_type": "val_iter", "gpu_mem": "1.78 GB", "iter": "7000/10000", "top1_acc": 66.300001}
[09/28 17:23:32][INFO] utils.logging:   91: {"_type": "val_iter", "gpu_mem": "1.78 GB", "iter": "7200/10000", "top1_acc": 63.900001}
[09/28 17:23:56][INFO] utils.logging:   91: {"_type": "val_iter", "gpu_mem": "1.78 GB", "iter": "7400/10000", "top1_acc": 66.400001}
[09/28 17:24:19][INFO] utils.logging:   91: {"_type": "val_iter", "gpu_mem": "1.78 GB", "iter": "7600/10000", "top1_acc": 67.300001}
[09/28 17:24:43][INFO] utils.logging:   91: {"_type": "val_iter", "gpu_mem": "1.78 GB", "iter": "7800/10000", "top1_acc": 60.800001}
[09/28 17:25:06][INFO] utils.logging:   91: {"_type": "val_iter", "gpu_mem": "1.78 GB", "iter": "8000/10000", "top1_acc": 65.300001}
[09/28 17:25:30][INFO] utils.logging:   91: {"_type": "val_iter", "gpu_mem": "1.78 GB", "iter": "8200/10000", "top1_acc": 66.800002}
[09/28 17:25:53][INFO] utils.logging:   91: {"_type": "val_iter", "gpu_mem": "1.78 GB", "iter": "8400/10000", "top1_acc": 64.500001}
[09/28 17:26:17][INFO] utils.logging:   91: {"_type": "val_iter", "gpu_mem": "1.78 GB", "iter": "8600/10000", "top1_acc": 64.400001}
[09/28 17:26:40][INFO] utils.logging:   91: {"_type": "val_iter", "gpu_mem": "1.78 GB", "iter": "8800/10000", "top1_acc": 66.300002}
[09/28 17:27:04][INFO] utils.logging:   91: {"_type": "val_iter", "gpu_mem": "1.78 GB", "iter": "9000/10000", "top1_acc": 65.000001}
[09/28 17:27:27][INFO] datasets.base.few_shot_dataset:  420: Error at decoding. Vid index: 2581, Vid path: /mnt/data/yanyi2025/lrc/action_data/ssv2/videos/videos/113474.webm
[09/28 17:27:27][INFO] utils.logging:   91: {"_type": "val_iter", "gpu_mem": "1.78 GB", "iter": "9200/10000", "top1_acc": 67.000001}
[09/28 17:27:51][INFO] utils.logging:   91: {"_type": "val_iter", "gpu_mem": "1.78 GB", "iter": "9400/10000", "top1_acc": 66.600001}
[09/28 17:28:08][WARNING] datasets.base.few_shot_dataset:  251: Error at decoding. 1/5. Vid index: [81, 185], Vid path: 9
[09/28 17:28:14][INFO] utils.logging:   91: {"_type": "val_iter", "gpu_mem": "1.78 GB", "iter": "9600/10000", "top1_acc": 66.600001}
[09/28 17:28:38][INFO] utils.logging:   91: {"_type": "val_iter", "gpu_mem": "1.78 GB", "iter": "9800/10000", "top1_acc": 64.200001}
[09/28 17:29:01][INFO] utils.logging:   91: {"_type": "val_iter", "gpu_mem": "1.78 GB", "iter": "10000/10000", "top1_acc": 65.000001}
[09/28 17:29:01][INFO] utils.logging:   91: {"RAM": "15.00/125.63 GB", "_type": "val_epoch", "epoch": "2", "gpu_mem": "1.78 GB", "top1_acc": 65.330001}
[09/28 17:29:01][INFO] train_net_few_shot:   66: Spatial pattern paired evaluation: {'episodes': 10000, 'queries': 50000, 'full_acc': 65.33, 'without_spatial_acc': 65.328, 'spatial_only_acc': 52.132, 'paired_delta_pp': 0.0019999999999999996, 'paired_ci95_halfwidth_pp': 0.044178348045208767, 'changed_predictions': 181, 'helped_predictions': 64, 'hurt_predictions': 63}
[09/28 17:29:01][INFO] train_net_few_shot:   79: Fusion weights: spatial_pattern=0.022135
[09/28 17:29:01][INFO] train_net_few_shot:  109: Spatial pattern matcher: grid_size=2, tokens_per_frame=4, last_episode_raw_logit_delta=4.9132843017578125, gate_trainable=True, detach_input=True
[09/28 17:29:03][INFO] train_net_few_shot:  181: New best validation accuracy: 65.3300; checkpoint=output/SSv2_Full_SPATIAL_PATTERN_GATE_FIX/checkpoints/checkpoint_best.pyth
[09/28 17:29:03][INFO] utils.logging:   91: {"_type": "train_iter", "iter": "20000/30000", "loss": 0.927079, "lr": 0.000100, "top1_acc": 90.700001}
[09/28 17:30:07][WARNING] datasets.base.few_shot_dataset:  251: Error at decoding. 1/5. Vid index: [1026, 1189], Vid path: 7
[09/28 17:30:21][INFO] utils.logging:   91: {"_type": "train_iter", "iter": "20200/30000", "loss": 1.037319, "lr": 0.000100, "top1_acc": 90.100001}
[09/28 17:31:40][INFO] utils.logging:   91: {"_type": "train_iter", "iter": "20400/30000", "loss": 1.119513, "lr": 0.000100, "top1_acc": 87.500001}
[09/28 17:32:58][INFO] utils.logging:   91: {"_type": "train_iter", "iter": "20600/30000", "loss": 0.990330, "lr": 0.000100, "top1_acc": 90.200001}
[09/28 17:34:16][INFO] utils.logging:   91: {"_type": "train_iter", "iter": "20800/30000", "loss": 1.145008, "lr": 0.000100, "top1_acc": 90.000001}
[09/28 17:35:34][INFO] utils.logging:   91: {"_type": "train_iter", "iter": "21000/30000", "loss": 0.902851, "lr": 0.000100, "top1_acc": 91.600001}
[09/28 17:36:53][INFO] utils.logging:   91: {"_type": "train_iter", "iter": "21200/30000", "loss": 0.973929, "lr": 0.000100, "top1_acc": 88.700001}
[09/28 17:38:11][INFO] utils.logging:   91: {"_type": "train_iter", "iter": "21400/30000", "loss": 0.951350, "lr": 0.000100, "top1_acc": 90.800001}
[09/28 17:39:29][INFO] utils.logging:   91: {"_type": "train_iter", "iter": "21600/30000", "loss": 1.032591, "lr": 0.000100, "top1_acc": 89.000001}
[09/28 17:40:47][INFO] utils.logging:   91: {"_type": "train_iter", "iter": "21800/30000", "loss": 0.872524, "lr": 0.000100, "top1_acc": 91.400001}
[09/28 17:42:05][INFO] utils.logging:   91: {"_type": "train_iter", "iter": "22000/30000", "loss": 0.938443, "lr": 0.000100, "top1_acc": 90.900001}
[09/28 17:43:23][INFO] utils.logging:   91: {"_type": "train_iter", "iter": "22200/30000", "loss": 0.818088, "lr": 0.000100, "top1_acc": 91.500001}
[09/28 17:44:42][INFO] utils.logging:   91: {"_type": "train_iter", "iter": "22400/30000", "loss": 0.927406, "lr": 0.000100, "top1_acc": 90.500001}
[09/28 17:46:00][INFO] utils.logging:   91: {"_type": "train_iter", "iter": "22600/30000", "loss": 1.105638, "lr": 0.000100, "top1_acc": 88.300001}
[09/28 17:47:18][INFO] utils.logging:   91: {"_type": "train_iter", "iter": "22800/30000", "loss": 1.033161, "lr": 0.000100, "top1_acc": 88.800001}
[09/28 17:48:36][INFO] utils.logging:   91: {"_type": "train_iter", "iter": "23000/30000", "loss": 0.907294, "lr": 0.000100, "top1_acc": 91.100001}
[09/28 17:49:54][INFO] utils.logging:   91: {"_type": "train_iter", "iter": "23200/30000", "loss": 1.075127, "lr": 0.000100, "top1_acc": 89.500001}
[09/28 17:51:13][INFO] utils.logging:   91: {"_type": "train_iter", "iter": "23400/30000", "loss": 0.956300, "lr": 0.000100, "top1_acc": 90.500001}
[09/28 17:52:31][INFO] utils.logging:   91: {"_type": "train_iter", "iter": "23600/30000", "loss": 1.158469, "lr": 0.000100, "top1_acc": 90.200001}
[09/28 17:53:49][INFO] utils.logging:   91: {"_type": "train_iter", "iter": "23800/30000", "loss": 1.068429, "lr": 0.000100, "top1_acc": 88.900001}
[09/28 17:55:07][INFO] utils.logging:   91: {"_type": "train_iter", "iter": "24000/30000", "loss": 0.911344, "lr": 0.000100, "top1_acc": 90.300001}
[09/28 17:56:25][INFO] utils.logging:   91: {"_type": "train_iter", "iter": "24200/30000", "loss": 0.902549, "lr": 0.000050, "top1_acc": 91.800001}
[09/28 17:57:43][INFO] utils.logging:   91: {"_type": "train_iter", "iter": "24400/30000", "loss": 0.848478, "lr": 0.000050, "top1_acc": 91.100001}
[09/28 17:59:02][INFO] utils.logging:   91: {"_type": "train_iter", "iter": "24600/30000", "loss": 0.949634, "lr": 0.000050, "top1_acc": 91.600001}
[09/28 18:00:20][INFO] utils.logging:   91: {"_type": "train_iter", "iter": "24800/30000", "loss": 0.876500, "lr": 0.000050, "top1_acc": 92.400001}
[09/28 18:01:38][INFO] utils.logging:   91: {"_type": "train_iter", "iter": "25000/30000", "loss": 0.946967, "lr": 0.000050, "top1_acc": 89.800001}
[09/28 18:02:56][INFO] utils.logging:   91: {"_type": "train_iter", "iter": "25200/30000", "loss": 0.858900, "lr": 0.000050, "top1_acc": 90.800001}
[09/28 18:04:15][INFO] utils.logging:   91: {"_type": "train_iter", "iter": "25400/30000", "loss": 0.917244, "lr": 0.000050, "top1_acc": 90.200001}
[09/28 18:05:33][INFO] utils.logging:   91: {"_type": "train_iter", "iter": "25600/30000", "loss": 0.936217, "lr": 0.000050, "top1_acc": 90.900001}
[09/28 18:06:51][INFO] utils.logging:   91: {"_type": "train_iter", "iter": "25800/30000", "loss": 0.871246, "lr": 0.000050, "top1_acc": 91.100001}
[09/28 18:07:02][INFO] datasets.base.few_shot_dataset:  500: Error at decoding. Vid index: 54100, Vid path: /mnt/data/yanyi2025/lrc/action_data/ssv2/videos/videos/96464.webm
[09/28 18:08:09][INFO] utils.logging:   91: {"_type": "train_iter", "iter": "26000/30000", "loss": 0.944070, "lr": 0.000050, "top1_acc": 90.400001}
[09/28 18:09:27][INFO] utils.logging:   91: {"_type": "train_iter", "iter": "26200/30000", "loss": 0.839343, "lr": 0.000050, "top1_acc": 92.500001}
[09/28 18:10:46][INFO] utils.logging:   91: {"_type": "train_iter", "iter": "26400/30000", "loss": 0.792873, "lr": 0.000050, "top1_acc": 90.400001}
[09/28 18:12:04][INFO] utils.logging:   91: {"_type": "train_iter", "iter": "26600/30000", "loss": 0.969899, "lr": 0.000050, "top1_acc": 89.500001}
[09/28 18:13:22][INFO] utils.logging:   91: {"_type": "train_iter", "iter": "26800/30000", "loss": 0.728199, "lr": 0.000050, "top1_acc": 90.600001}
[09/28 18:14:40][INFO] utils.logging:   91: {"_type": "train_iter", "iter": "27000/30000", "loss": 0.919236, "lr": 0.000050, "top1_acc": 91.400001}
[09/28 18:15:58][INFO] utils.logging:   91: {"_type": "train_iter", "iter": "27200/30000", "loss": 0.871554, "lr": 0.000050, "top1_acc": 91.700001}
[09/28 18:17:17][INFO] utils.logging:   91: {"_type": "train_iter", "iter": "27400/30000", "loss": 0.856141, "lr": 0.000050, "top1_acc": 89.700001}
[09/28 18:18:35][INFO] utils.logging:   91: {"_type": "train_iter", "iter": "27600/30000", "loss": 0.832840, "lr": 0.000050, "top1_acc": 90.100001}
[09/28 18:19:53][INFO] utils.logging:   91: {"_type": "train_iter", "iter": "27800/30000", "loss": 0.929245, "lr": 0.000050, "top1_acc": 90.900001}
[09/28 18:21:12][INFO] utils.logging:   91: {"_type": "train_iter", "iter": "28000/30000", "loss": 0.851816, "lr": 0.000050, "top1_acc": 91.100001}
[09/28 18:22:30][INFO] utils.logging:   91: {"_type": "train_iter", "iter": "28200/30000", "loss": 0.824603, "lr": 0.000050, "top1_acc": 91.300001}
[09/28 18:23:48][INFO] utils.logging:   91: {"_type": "train_iter", "iter": "28400/30000", "loss": 0.869929, "lr": 0.000050, "top1_acc": 90.700001}
[09/28 18:25:06][INFO] utils.logging:   91: {"_type": "train_iter", "iter": "28600/30000", "loss": 0.871065, "lr": 0.000050, "top1_acc": 91.500001}
[09/28 18:26:13][WARNING] datasets.base.few_shot_dataset:  251: Error at decoding. 1/5. Vid index: [1174, 1189], Vid path: 7
[09/28 18:26:24][INFO] utils.logging:   91: {"_type": "train_iter", "iter": "28800/30000", "loss": 0.901813, "lr": 0.000050, "top1_acc": 89.600001}
[09/28 18:27:43][INFO] utils.logging:   91: {"_type": "train_iter", "iter": "29000/30000", "loss": 0.876097, "lr": 0.000050, "top1_acc": 91.100001}
[09/28 18:29:01][INFO] utils.logging:   91: {"_type": "train_iter", "iter": "29200/30000", "loss": 0.786403, "lr": 0.000050, "top1_acc": 92.800001}
[09/28 18:30:19][INFO] utils.logging:   91: {"_type": "train_iter", "iter": "29400/30000", "loss": 0.806671, "lr": 0.000050, "top1_acc": 91.000001}
[09/28 18:31:37][INFO] utils.logging:   91: {"_type": "train_iter", "iter": "29600/30000", "loss": 0.811922, "lr": 0.000050, "top1_acc": 90.400001}
[09/28 18:32:55][INFO] utils.logging:   91: {"_type": "train_iter", "iter": "29800/30000", "loss": 0.764682, "lr": 0.000050, "top1_acc": 92.100001}
[09/28 18:34:18][INFO] datasets.base.few_shot_dataset:  420: Error at decoding. Vid index: 2581, Vid path: /mnt/data/yanyi2025/lrc/action_data/ssv2/videos/videos/113474.webm
[09/28 18:34:25][INFO] datasets.base.few_shot_dataset:  420: Error at decoding. Vid index: 2581, Vid path: /mnt/data/yanyi2025/lrc/action_data/ssv2/videos/videos/113474.webm
[09/28 18:34:37][INFO] utils.logging:   91: {"_type": "val_iter", "gpu_mem": "1.78 GB", "iter": "200/10000", "top1_acc": 65.400001}
[09/28 18:35:00][INFO] utils.logging:   91: {"_type": "val_iter", "gpu_mem": "1.78 GB", "iter": "400/10000", "top1_acc": 65.500001}
[09/28 18:35:23][WARNING] datasets.base.few_shot_dataset:  251: Error at decoding. 1/5. Vid index: [185, 182], Vid path: 9
[09/28 18:35:24][INFO] utils.logging:   91: {"_type": "val_iter", "gpu_mem": "1.78 GB", "iter": "600/10000", "top1_acc": 64.900001}
[09/28 18:35:47][INFO] utils.logging:   91: {"_type": "val_iter", "gpu_mem": "1.78 GB", "iter": "800/10000", "top1_acc": 65.600001}
[09/28 18:36:11][INFO] utils.logging:   91: {"_type": "val_iter", "gpu_mem": "1.78 GB", "iter": "1000/10000", "top1_acc": 68.100002}
[09/28 18:36:28][WARNING] datasets.base.few_shot_dataset:  251: Error at decoding. 1/5. Vid index: [64, 185], Vid path: 9
[09/28 18:36:34][INFO] utils.logging:   91: {"_type": "val_iter", "gpu_mem": "1.78 GB", "iter": "1200/10000", "top1_acc": 65.300001}
[09/28 18:36:57][INFO] utils.logging:   91: {"_type": "val_iter", "gpu_mem": "1.78 GB", "iter": "1400/10000", "top1_acc": 64.100001}
[09/28 18:37:21][INFO] utils.logging:   91: {"_type": "val_iter", "gpu_mem": "1.78 GB", "iter": "1600/10000", "top1_acc": 65.400001}
[09/28 18:37:44][INFO] utils.logging:   91: {"_type": "val_iter", "gpu_mem": "1.78 GB", "iter": "1800/10000", "top1_acc": 66.000001}
[09/28 18:38:08][INFO] utils.logging:   91: {"_type": "val_iter", "gpu_mem": "1.78 GB", "iter": "2000/10000", "top1_acc": 66.600001}
[09/28 18:38:25][INFO] datasets.base.few_shot_dataset:  420: Error at decoding. Vid index: 2581, Vid path: /mnt/data/yanyi2025/lrc/action_data/ssv2/videos/videos/113474.webm
[09/28 18:38:31][INFO] utils.logging:   91: {"_type": "val_iter", "gpu_mem": "1.78 GB", "iter": "2200/10000", "top1_acc": 64.700001}
[09/28 18:38:50][WARNING] datasets.base.few_shot_dataset:  251: Error at decoding. 1/5. Vid index: [86, 185], Vid path: 9
[09/28 18:38:55][INFO] utils.logging:   91: {"_type": "val_iter", "gpu_mem": "1.78 GB", "iter": "2400/10000", "top1_acc": 64.800001}
[09/28 18:39:18][INFO] utils.logging:   91: {"_type": "val_iter", "gpu_mem": "1.78 GB", "iter": "2600/10000", "top1_acc": 65.000001}
[09/28 18:39:41][INFO] utils.logging:   91: {"_type": "val_iter", "gpu_mem": "1.78 GB", "iter": "2800/10000", "top1_acc": 64.600001}
[09/28 18:40:05][INFO] utils.logging:   91: {"_type": "val_iter", "gpu_mem": "1.78 GB", "iter": "3000/10000", "top1_acc": 66.900002}
[09/28 18:40:28][INFO] utils.logging:   91: {"_type": "val_iter", "gpu_mem": "1.78 GB", "iter": "3200/10000", "top1_acc": 65.500001}
[09/28 18:40:52][INFO] utils.logging:   91: {"_type": "val_iter", "gpu_mem": "1.78 GB", "iter": "3400/10000", "top1_acc": 65.400001}
[09/28 18:41:06][WARNING] datasets.base.few_shot_dataset:  251: Error at decoding. 1/5. Vid index: [185, 52], Vid path: 9
[09/28 18:41:15][INFO] utils.logging:   91: {"_type": "val_iter", "gpu_mem": "1.78 GB", "iter": "3600/10000", "top1_acc": 66.800001}
[09/28 18:41:39][INFO] utils.logging:   91: {"_type": "val_iter", "gpu_mem": "1.78 GB", "iter": "3800/10000", "top1_acc": 65.100001}
[09/28 18:41:58][WARNING] datasets.base.few_shot_dataset:  251: Error at decoding. 1/5. Vid index: [116, 185], Vid path: 9
[09/28 18:42:02][INFO] utils.logging:   91: {"_type": "val_iter", "gpu_mem": "1.78 GB", "iter": "4000/10000", "top1_acc": 69.000001}
[09/28 18:42:24][INFO] datasets.base.few_shot_dataset:  420: Error at decoding. Vid index: 2581, Vid path: /mnt/data/yanyi2025/lrc/action_data/ssv2/videos/videos/113474.webm
[09/28 18:42:26][INFO] utils.logging:   91: {"_type": "val_iter", "gpu_mem": "1.78 GB", "iter": "4200/10000", "top1_acc": 67.300001}
[09/28 18:42:49][INFO] utils.logging:   91: {"_type": "val_iter", "gpu_mem": "1.78 GB", "iter": "4400/10000", "top1_acc": 66.100001}
[09/28 18:43:13][INFO] utils.logging:   91: {"_type": "val_iter", "gpu_mem": "1.78 GB", "iter": "4600/10000", "top1_acc": 66.200001}
[09/28 18:43:36][INFO] utils.logging:   91: {"_type": "val_iter", "gpu_mem": "1.78 GB", "iter": "4800/10000", "top1_acc": 68.200001}
[09/28 18:44:00][INFO] utils.logging:   91: {"_type": "val_iter", "gpu_mem": "1.78 GB", "iter": "5000/10000", "top1_acc": 67.000001}
[09/28 18:44:16][WARNING] datasets.base.few_shot_dataset:  251: Error at decoding. 1/5. Vid index: [179, 185], Vid path: 9
[09/28 18:44:20][WARNING] datasets.base.few_shot_dataset:  251: Error at decoding. 1/5. Vid index: [185, 88], Vid path: 9
[09/28 18:44:23][INFO] utils.logging:   91: {"_type": "val_iter", "gpu_mem": "1.78 GB", "iter": "5200/10000", "top1_acc": 66.100001}
[09/28 18:44:46][INFO] utils.logging:   91: {"_type": "val_iter", "gpu_mem": "1.78 GB", "iter": "5400/10000", "top1_acc": 65.500001}
[09/28 18:45:10][INFO] utils.logging:   91: {"_type": "val_iter", "gpu_mem": "1.78 GB", "iter": "5600/10000", "top1_acc": 63.900001}
[09/28 18:45:20][WARNING] datasets.base.few_shot_dataset:  251: Error at decoding. 1/5. Vid index: [159, 185], Vid path: 9
[09/28 18:45:33][INFO] utils.logging:   91: {"_type": "val_iter", "gpu_mem": "1.78 GB", "iter": "5800/10000", "top1_acc": 64.700001}
[09/28 18:45:57][INFO] utils.logging:   91: {"_type": "val_iter", "gpu_mem": "1.78 GB", "iter": "6000/10000", "top1_acc": 68.100001}
[09/28 18:46:20][INFO] utils.logging:   91: {"_type": "val_iter", "gpu_mem": "1.78 GB", "iter": "6200/10000", "top1_acc": 65.500001}
[09/28 18:46:44][INFO] utils.logging:   91: {"_type": "val_iter", "gpu_mem": "1.78 GB", "iter": "6400/10000", "top1_acc": 65.100001}
[09/28 18:47:07][INFO] utils.logging:   91: {"_type": "val_iter", "gpu_mem": "1.78 GB", "iter": "6600/10000", "top1_acc": 66.100001}
[09/28 18:47:31][INFO] utils.logging:   91: {"_type": "val_iter", "gpu_mem": "1.78 GB", "iter": "6800/10000", "top1_acc": 67.300001}
[09/28 18:47:54][INFO] utils.logging:   91: {"_type": "val_iter", "gpu_mem": "1.78 GB", "iter": "7000/10000", "top1_acc": 68.000002}
[09/28 18:48:18][INFO] utils.logging:   91: {"_type": "val_iter", "gpu_mem": "1.78 GB", "iter": "7200/10000", "top1_acc": 64.200002}
[09/28 18:48:41][INFO] utils.logging:   91: {"_type": "val_iter", "gpu_mem": "1.78 GB", "iter": "7400/10000", "top1_acc": 68.400001}
[09/28 18:49:05][INFO] utils.logging:   91: {"_type": "val_iter", "gpu_mem": "1.78 GB", "iter": "7600/10000", "top1_acc": 67.900001}
[09/28 18:49:28][INFO] utils.logging:   91: {"_type": "val_iter", "gpu_mem": "1.78 GB", "iter": "7800/10000", "top1_acc": 62.100001}
[09/28 18:49:51][INFO] utils.logging:   91: {"_type": "val_iter", "gpu_mem": "1.78 GB", "iter": "8000/10000", "top1_acc": 67.400001}
[09/28 18:50:15][INFO] utils.logging:   91: {"_type": "val_iter", "gpu_mem": "1.78 GB", "iter": "8200/10000", "top1_acc": 67.600001}
[09/28 18:50:38][INFO] utils.logging:   91: {"_type": "val_iter", "gpu_mem": "1.78 GB", "iter": "8400/10000", "top1_acc": 65.900001}
[09/28 18:51:02][INFO] utils.logging:   91: {"_type": "val_iter", "gpu_mem": "1.78 GB", "iter": "8600/10000", "top1_acc": 65.600001}
[09/28 18:51:25][INFO] utils.logging:   91: {"_type": "val_iter", "gpu_mem": "1.78 GB", "iter": "8800/10000", "top1_acc": 66.600001}
[09/28 18:51:49][INFO] utils.logging:   91: {"_type": "val_iter", "gpu_mem": "1.78 GB", "iter": "9000/10000", "top1_acc": 64.400001}
[09/28 18:52:12][INFO] datasets.base.few_shot_dataset:  420: Error at decoding. Vid index: 2581, Vid path: /mnt/data/yanyi2025/lrc/action_data/ssv2/videos/videos/113474.webm
[09/28 18:52:12][INFO] utils.logging:   91: {"_type": "val_iter", "gpu_mem": "1.78 GB", "iter": "9200/10000", "top1_acc": 66.900001}
[09/28 18:52:36][INFO] utils.logging:   91: {"_type": "val_iter", "gpu_mem": "1.78 GB", "iter": "9400/10000", "top1_acc": 66.800001}
[09/28 18:52:53][WARNING] datasets.base.few_shot_dataset:  251: Error at decoding. 1/5. Vid index: [81, 185], Vid path: 9
[09/28 18:52:59][INFO] utils.logging:   91: {"_type": "val_iter", "gpu_mem": "1.78 GB", "iter": "9600/10000", "top1_acc": 68.400001}
[09/28 18:53:23][INFO] utils.logging:   91: {"_type": "val_iter", "gpu_mem": "1.78 GB", "iter": "9800/10000", "top1_acc": 64.900002}
[09/28 18:53:46][INFO] utils.logging:   91: {"_type": "val_iter", "gpu_mem": "1.78 GB", "iter": "10000/10000", "top1_acc": 64.100001}
[09/28 18:53:46][INFO] utils.logging:   91: {"RAM": "14.72/125.63 GB", "_type": "val_epoch", "epoch": "3", "gpu_mem": "1.78 GB", "top1_acc": 66.020001}
[09/28 18:53:46][INFO] train_net_few_shot:   66: Spatial pattern paired evaluation: {'episodes': 10000, 'queries': 50000, 'full_acc': 66.02, 'without_spatial_acc': 66.008, 'spatial_only_acc': 52.418, 'paired_delta_pp': 0.011999999999999993, 'paired_ci95_halfwidth_pp': 0.039201254505378785, 'changed_predictions': 153, 'helped_predictions': 53, 'hurt_predictions': 47}
[09/28 18:53:46][INFO] train_net_few_shot:   79: Fusion weights: spatial_pattern=0.021328
[09/28 18:53:46][INFO] train_net_few_shot:  109: Spatial pattern matcher: grid_size=2, tokens_per_frame=4, last_episode_raw_logit_delta=4.876914978027344, gate_trainable=True, detach_input=True
[09/28 18:53:48][INFO] train_net_few_shot:  181: New best validation accuracy: 66.0200; checkpoint=output/SSv2_Full_SPATIAL_PATTERN_GATE_FIX/checkpoints/checkpoint_best.pyth
[09/28 18:53:48][INFO] utils.logging:   91: {"_type": "train_iter", "iter": "30000/30000", "loss": 0.835709, "lr": 0.000050, "top1_acc": 91.300001}
[09/28 18:53:48][INFO] utils.logging:   91: {"RAM": "11.74/125.63 GB", "_type": "train_epoch", "epoch": "10", "gpu_mem": "1.78 GB", "loss": 2.453303, "lr": 0.000050, "top1_acc": 81.389334}
