[09/23 23:59:34][INFO] train_net_few_shot:  313: Train with config:
[09/23 23:59:34][INFO] train_net_few_shot:  314: {
  "TASK_TYPE": "few_shot_action",
  "PRETRAIN": {
    "ENABLE": false
  },
  "LOCALIZATION": {
    "ENABLE": false
  },
  "TRAIN": {
    "ENABLE": true,
    "DATASET": "SSv2-Full",
    "BATCH_SIZE": 1,
    "LOG_FILE": "train.log",
    "EVAL_PERIOD": 2,
    "NUM_FOLDS": 1,
    "AUTO_RESUME": false,
    "CHECKPOINT_PERIOD": 10,
    "CHECKPOINT_FILE_PATH": "",
    "CHECKPOINT_TYPE": "pytorch",
    "CHECKPOINT_INFLATE": false,
    "CHECKPOINT_PRE_PROCESS": {
      "ENABLE": false
    },
    "FINE_TUNE": true,
    "ONLY_LINEAR": false,
    "LR_REDUCE": false,
    "TRAIN_VAL_COMBINE": false,
    "LOSS_FUNC": "cross_entropy",
    "USE_CLASSIFICATION_VALUE": 2.0,
    "GRADIENT_CHECKPOINT": true,
    "NUM_CLASS": 64,
    "META_BATCH": true,
    "WAY": 5,
    "SHOT": 1,
    "QUERY_PER_CLASS": 1,
    "QUERY_PER_CLASS_TEST": 1,
    "NUM_TRAIN_TASKS": 30000,
    "NUM_TEST_TASKS": 10000,
    "VAL_FRE_ITER": 10000,
    "BATCH_SIZE_PER_TASK": 4,
    "NORMALIZE_ACCUMULATED_GRADIENTS": false
  },
  "TEST": {
    "ENABLE": true,
    "DATASET": "SSv2-Full",
    "BATCH_SIZE": 1,
    "NUM_SPATIAL_CROPS": 1,
    "SPATIAL_CROPS": "cctltr",
    "NUM_ENSEMBLE_VIEWS": 1,
    "LOG_FILE": "test.log",
    "CHECKPOINT_FILE_PATH": "",
    "CHECKPOINT_TYPE": "pytorch",
    "AUTOMATIC_MULTI_SCALE_TEST": false,
    "TEST_SET": "val",
    "UPLOAD_CLASSIFIER_RESULTS": true,
    "SHOT": [
      1,
      5
    ],
    "EPISODE_SEED": 2026
  },
  "VISUALIZATION": {
    "ENABLE": false,
    "NAME": "",
    "FEATURE_MAPS": {
      "ENABLE": false,
      "BASE_OUTPUT_DIR": ""
    }
  },
  "SUBMISSION": {
    "ENABLE": false,
    "SAVE_RESULTS_PATH": "test.json"
  },
  "DATA": {
    "DATA_ROOT_DIR": "/mnt/data/yanyi2025/lrc/action_data/ssv2/videos/videos/",
    "ANNO_DIR": "config/ssv2_full/",
    "NUM_INPUT_FRAMES": 8,
    "NUM_INPUT_CHANNELS": 2304,
    "SAMPLING_MODE": "interval_based",
    "SAMPLING_RATE": 50,
    "TRAIN_JITTER_SCALES": [
      256,
      256
    ],
    "TRAIN_CROP_SIZE": 224,
    "TEST_SCALE": 256,
    "TEST_CROP_SIZE": 224,
    "MEAN": [
      0.48145466,
      0.4578275,
      0.40821073
    ],
    "STD": [
      0.26862954,
      0.26130258,
      0.27577711
    ],
    "MULTI_LABEL": false,
    "ENSEMBLE_METHOD": "sum",
    "TARGET_FPS": 12,
    "MINUS_INTERVAL": false,
    "FPS": 12,
    "NORM_FEATURE": false,
    "USE_AUG_FEATURE": false,
    "AUG": false,
    "LOAD_PROPS": false,
    "TEMPORAL_SCALE": 256,
    "LABELS_TYPE": "cls",
    "LOAD_TYPE": "pickle",
    "DOWNLOAD_FEATURE": true,
    "VIDEO_EXT": ".webm",
    "SAMPLING_UNIFORM": false,
    "TEST_CENTER_CROP": true,
    "CLIP_INTERVAL": 8
  },
  "MODEL": {
    "NAME": "BaseVideoModel",
    "EMA": {
      "ENABLE": false,
      "DECAY": 0.99996
    }
  },
  "VIDEO": {
    "BACKBONE": {
      "DEPTH": null,
      "META_ARCH": "Identity",
      "NUM_FILTERS": null,
      "NUM_INPUT_CHANNELS": 3,
      "NUM_OUT_FEATURES": null,
      "KERNEL_SIZE": null,
      "DOWNSAMPLING": null,
      "DOWNSAMPLING_TEMPORAL": null,
      "NUM_STREAMS": 1,
      "EXPANSION_RATIO": 2,
      "BRANCH": {
        "NAME": null
      },
      "STEM": {
        "NAME": null
      },
      "NONLOCAL": {
        "ENABLE": false,
        "STAGES": [
          5
        ],
        "MASK_ENABLE": false
      },
      "INITIALIZATION": null
    },
    "HEAD": {
      "NAME": "BaseTemporalClassifier",
      "ACTIVATION": "softmax",
      "DROPOUT_RATE": 0.0,
      "NUM_CLASSES": 200
    }
  },
  "OPTIMIZER": {
    "ADJUST_LR": false,
    "BASE_LR": 0.002,
    "LR_POLICY": "cosine",
    "MAX_EPOCH": 300,
    "MOMENTUM": 0.9,
    "WEIGHT_DECAY": "1e-3",
    "WARMUP_EPOCHS": 10,
    "WARMUP_START_LR": 0.0002,
    "OPTIM_METHOD": "adam",
    "DAMPENING": 0.0,
    "NESTEROV": true
  },
  "BN": {
    "WB_LOCK": false,
    "FREEZE": false,
    "WEIGHT_DECAY": 0.0,
    "MOMENTUM": 0.1,
    "EPS": "1e-3",
    "SYNC": false
  },
  "DATA_LOADER": {
    "NUM_WORKERS": 8,
    "PIN_MEMORY": true,
    "ENABLE_MULTI_THREAD_DECODE": true,
    "COLLATE_FN": null
  },
  "NUM_GPUS": 1,
  "SHARD_ID": 0,
  "NUM_SHARDS": 1,
  "RANDOM_SEED": 18,
  "OUTPUT_DIR": "output/SSv2_Full_TASK_MATCH_MULTI_VELOCITY_SPATIAL_PATTERN",
  "OUTPUT_CFG_FILE": "configuration.log",
  "LOG_PERIOD": 200,
  "DIST_BACKEND": "nccl",
  "LOG_MODEL_INFO": false,
  "LOG_CONFIG_INFO": true,
  "OSS": {
    "ENABLE": false,
    "KEY": null,
    "SECRET": null,
    "ENDPOINT": null,
    "CHECKPOINT_OUTPUT_PATH": null,
    "SECONDARY_DATA_OSS": {
      "ENABLE": false,
      "KEY": null,
      "SECRET": null,
      "ENDPOINT": null,
      "BUCKETS": [
        ""
      ]
    }
  },
  "AUGMENTATION": {
    "COLOR_AUG": false,
    "BRIGHTNESS": 0.5,
    "CONTRAST": 0.5,
    "SATURATION": 0.5,
    "HUE": 0.25,
    "GRAYSCALE": 0.3,
    "CONSISTENT": true,
    "SHUFFLE": true,
    "GRAY_FIRST": true,
    "RATIO": [
      0.857142857142857,
      1.1666666666666667
    ],
    "USE_GPU": false,
    "MIXUP": {
      "ENABLE": false,
      "ALPHA": 0.0,
      "PROB": 1.0,
      "MODE": "batch",
      "SWITCH_PROB": 0.5
    },
    "CUTMIX": {
      "ENABLE": false,
      "ALPHA": 0.0,
      "MINMAX": null
    },
    "RANDOM_ERASING": {
      "ENABLE": false,
      "PROB": 0.25,
      "MODE": "const",
      "COUNT": [
        1,
        1
      ],
      "NUM_SPLITS": 0,
      "AREA_RANGE": [
        0.02,
        0.33
      ],
      "MIN_ASPECT": 0.3
    },
    "LABEL_SMOOTHING": 0.0,
    "SSV2_FLIP": false,
    "IS_SPLIT": false,
    "NO_RANDOM_ERASE": true,
    "SUPPORT_QUERY_DIFF": true
  },
  "PAI": false,
  "USE_MULTISEG_VAL_DIST": false,
  "DETECTION": {
    "ENABLE": false
  },
  "TENSORBOARD": {
    "ENABLE": false
  },
  "SOLVER": {
    "BASE_LR": 0.001,
    "LR_POLICY": "steps_with_relative_lrs",
    "MAX_EPOCH": 10,
    "MOMENTUM": 0.9,
    "WEIGHT_DECAY": "5e-4",
    "WARMUP_EPOCHS": 1,
    "WARMUP_START_LR": 0.0002,
    "OPTIM_METHOD": "adam",
    "DAMPENING": 0.0,
    "NESTEROV": true,
    "STEPS_ITER": 3000,
    "STEPS": [
      0,
      4,
      6,
      8
    ],
    "LRS": [
      1,
      0.5,
      0.1,
      0.05
    ]
  },
  "PRE_DOWNLOAD": {
    "ENABLE": false
  },
  "SUPPORT_SHOT": 1,
  "TASK_MATCH": {
    "ENABLE": true,
    "HIDDEN_RATIO": 0.25,
    "DROPOUT": 0.1,
    "TEMPERATURE": 1.0,
    "DISTANCE_SCALE": 16.0,
    "ALPHA_INIT": -4.0,
    "USE_FOCUS_FEATURES": false
  },
  "MULTI_VELOCITY": {
    "ENABLE": true,
    "VELOCITIES": [
      1,
      2
    ],
    "HIDDEN_RATIO": 0.25,
    "DROPOUT": 0.1,
    "DISTANCE_SCALE": 16.0,
    "OTAM_LAMBDA": 0.5,
    "ALPHA_INIT": -4.0
  },
  "SPATIAL_PATTERN": {
    "ENABLE": true,
    "GRID_SIZE": 2,
    "DISTANCE_SCALE": 1.0,
    "ALPHA_INIT": -4.0,
    "DETACH_INPUT": true
  },
  "ADAPTER": {
    "NAME": "ViT_CLIP",
    "PRETRAINED": "ViT-B/16",
    "WIDTH": 768,
    "PATCH_SIZE": 16,
    "LAYERS": 12,
    "HEADS": 12,
    "ADAPTER_SCALE": 0.25
  },
  "INIT_METHOD": "tcp://localhost:1111",
  "CUDA_VISIBLE_DEVICES": "1"
}

[09/23 23:59:34][INFO] models.base.adapter: 1213: load model from: ViT-B/16
[09/23 23:59:35][INFO] models.base.adapter: 1220: Missing keys: ['temporal_embedding', 'task_match_alpha', 'multi_velocity_alpha', 'spatial_pattern_alpha', 'transformer.resblocks.0.Adapter.down.weight', 'transformer.resblocks.0.Adapter.down.bias', 'transformer.resblocks.0.Adapter.pos_embed.weight', 'transformer.resblocks.0.Adapter.pos_embed.bias', 'transformer.resblocks.0.Adapter.s_ln.weight', 'transformer.resblocks.0.Adapter.s_ln.bias', 'transformer.resblocks.0.Adapter.s_attn.conv_offset.0.weight', 'transformer.resblocks.0.Adapter.s_attn.conv_offset.0.bias', 'transformer.resblocks.0.Adapter.s_attn.conv_offset.1.norm.weight', 'transformer.resblocks.0.Adapter.s_attn.conv_offset.1.norm.bias', 'transformer.resblocks.0.Adapter.s_attn.conv_offset.3.weight', 'transformer.resblocks.0.Adapter.s_attn.proj_q.weight', 'transformer.resblocks.0.Adapter.s_attn.proj_q.bias', 'transformer.resblocks.0.Adapter.s_attn.proj_k.weight', 'transformer.resblocks.0.Adapter.s_attn.proj_k.bias', 'transformer.resblocks.0.Adapter.s_attn.proj_v.weight', 'transformer.resblocks.0.Adapter.s_attn.proj_v.bias', 'transformer.resblocks.0.Adapter.s_attn.proj_out.weight', 'transformer.resblocks.0.Adapter.s_attn.proj_out.bias', 'transformer.resblocks.0.Adapter.t_ln.weight', 'transformer.resblocks.0.Adapter.t_ln.bias', 'transformer.resblocks.0.Adapter.t_attn.conv_offset.0.weight', 'transformer.resblocks.0.Adapter.t_attn.conv_offset.0.bias', 'transformer.resblocks.0.Adapter.t_attn.conv_offset.1.norm.weight', 'transformer.resblocks.0.Adapter.t_attn.conv_offset.1.norm.bias', 'transformer.resblocks.0.Adapter.t_attn.conv_offset.3.weight', 'transformer.resblocks.0.Adapter.t_attn.proj_q.weight', 'transformer.resblocks.0.Adapter.t_attn.proj_q.bias', 'transformer.resblocks.0.Adapter.t_attn.proj_k.weight', 'transformer.resblocks.0.Adapter.t_attn.proj_k.bias', 'transformer.resblocks.0.Adapter.t_attn.proj_v.weight', 'transformer.resblocks.0.Adapter.t_attn.proj_v.bias', 'transformer.resblocks.0.Adapter.t_attn.proj_out.weight', 'transformer.resblocks.0.Adapter.t_attn.proj_out.bias', 'transformer.resblocks.0.Adapter.up.weight', 'transformer.resblocks.0.Adapter.up.bias', 'transformer.resblocks.1.Adapter.down.weight', 'transformer.resblocks.1.Adapter.down.bias', 'transformer.resblocks.1.Adapter.pos_embed.weight', 'transformer.resblocks.1.Adapter.pos_embed.bias', 'transformer.resblocks.1.Adapter.s_ln.weight', 'transformer.resblocks.1.Adapter.s_ln.bias', 'transformer.resblocks.1.Adapter.s_attn.conv_offset.0.weight', 'transformer.resblocks.1.Adapter.s_attn.conv_offset.0.bias', 'transformer.resblocks.1.Adapter.s_attn.conv_offset.1.norm.weight', 'transformer.resblocks.1.Adapter.s_attn.conv_offset.1.norm.bias', 'transformer.resblocks.1.Adapter.s_attn.conv_offset.3.weight', 'transformer.resblocks.1.Adapter.s_attn.proj_q.weight', 'transformer.resblocks.1.Adapter.s_attn.proj_q.bias', 'transformer.resblocks.1.Adapter.s_attn.proj_k.weight', 'transformer.resblocks.1.Adapter.s_attn.proj_k.bias', 'transformer.resblocks.1.Adapter.s_attn.proj_v.weight', 'transformer.resblocks.1.Adapter.s_attn.proj_v.bias', 'transformer.resblocks.1.Adapter.s_attn.proj_out.weight', 'transformer.resblocks.1.Adapter.s_attn.proj_out.bias', 'transformer.resblocks.1.Adapter.t_ln.weight', 'transformer.resblocks.1.Adapter.t_ln.bias', 'transformer.resblocks.1.Adapter.t_attn.conv_offset.0.weight', 'transformer.resblocks.1.Adapter.t_attn.conv_offset.0.bias', 'transformer.resblocks.1.Adapter.t_attn.conv_offset.1.norm.weight', 'transformer.resblocks.1.Adapter.t_attn.conv_offset.1.norm.bias', 'transformer.resblocks.1.Adapter.t_attn.conv_offset.3.weight', 'transformer.resblocks.1.Adapter.t_attn.proj_q.weight', 'transformer.resblocks.1.Adapter.t_attn.proj_q.bias', 'transformer.resblocks.1.Adapter.t_attn.proj_k.weight', 'transformer.resblocks.1.Adapter.t_attn.proj_k.bias', 'transformer.resblocks.1.Adapter.t_attn.proj_v.weight', 'transformer.resblocks.1.Adapter.t_attn.proj_v.bias', 'transformer.resblocks.1.Adapter.t_attn.proj_out.weight', 'transformer.resblocks.1.Adapter.t_attn.proj_out.bias', 'transformer.resblocks.1.Adapter.up.weight', 'transformer.resblocks.1.Adapter.up.bias', 'transformer.resblocks.2.Adapter.down.weight', 'transformer.resblocks.2.Adapter.down.bias', 'transformer.resblocks.2.Adapter.pos_embed.weight', 'transformer.resblocks.2.Adapter.pos_embed.bias', 'transformer.resblocks.2.Adapter.s_ln.weight', 'transformer.resblocks.2.Adapter.s_ln.bias', 'transformer.resblocks.2.Adapter.s_attn.conv_offset.0.weight', 'transformer.resblocks.2.Adapter.s_attn.conv_offset.0.bias', 'transformer.resblocks.2.Adapter.s_attn.conv_offset.1.norm.weight', 'transformer.resblocks.2.Adapter.s_attn.conv_offset.1.norm.bias', 'transformer.resblocks.2.Adapter.s_attn.conv_offset.3.weight', 'transformer.resblocks.2.Adapter.s_attn.proj_q.weight', 'transformer.resblocks.2.Adapter.s_attn.proj_q.bias', 'transformer.resblocks.2.Adapter.s_attn.proj_k.weight', 'transformer.resblocks.2.Adapter.s_attn.proj_k.bias', 'transformer.resblocks.2.Adapter.s_attn.proj_v.weight', 'transformer.resblocks.2.Adapter.s_attn.proj_v.bias', 'transformer.resblocks.2.Adapter.s_attn.proj_out.weight', 'transformer.resblocks.2.Adapter.s_attn.proj_out.bias', 'transformer.resblocks.2.Adapter.t_ln.weight', 'transformer.resblocks.2.Adapter.t_ln.bias', 'transformer.resblocks.2.Adapter.t_attn.conv_offset.0.weight', 'transformer.resblocks.2.Adapter.t_attn.conv_offset.0.bias', 'transformer.resblocks.2.Adapter.t_attn.conv_offset.1.norm.weight', 'transformer.resblocks.2.Adapter.t_attn.conv_offset.1.norm.bias', 'transformer.resblocks.2.Adapter.t_attn.conv_offset.3.weight', 'transformer.resblocks.2.Adapter.t_attn.proj_q.weight', 'transformer.resblocks.2.Adapter.t_attn.proj_q.bias', 'transformer.resblocks.2.Adapter.t_attn.proj_k.weight', 'transformer.resblocks.2.Adapter.t_attn.proj_k.bias', 'transformer.resblocks.2.Adapter.t_attn.proj_v.weight', 'transformer.resblocks.2.Adapter.t_attn.proj_v.bias', 'transformer.resblocks.2.Adapter.t_attn.proj_out.weight', 'transformer.resblocks.2.Adapter.t_attn.proj_out.bias', 'transformer.resblocks.2.Adapter.up.weight', 'transformer.resblocks.2.Adapter.up.bias', 'transformer.resblocks.3.Adapter.down.weight', 'transformer.resblocks.3.Adapter.down.bias', 'transformer.resblocks.3.Adapter.pos_embed.weight', 'transformer.resblocks.3.Adapter.pos_embed.bias', 'transformer.resblocks.3.Adapter.s_ln.weight', 'transformer.resblocks.3.Adapter.s_ln.bias', 'transformer.resblocks.3.Adapter.s_attn.conv_offset.0.weight', 'transformer.resblocks.3.Adapter.s_attn.conv_offset.0.bias', 'transformer.resblocks.3.Adapter.s_attn.conv_offset.1.norm.weight', 'transformer.resblocks.3.Adapter.s_attn.conv_offset.1.norm.bias', 'transformer.resblocks.3.Adapter.s_attn.conv_offset.3.weight', 'transformer.resblocks.3.Adapter.s_attn.proj_q.weight', 'transformer.resblocks.3.Adapter.s_attn.proj_q.bias', 'transformer.resblocks.3.Adapter.s_attn.proj_k.weight', 'transformer.resblocks.3.Adapter.s_attn.proj_k.bias', 'transformer.resblocks.3.Adapter.s_attn.proj_v.weight', 'transformer.resblocks.3.Adapter.s_attn.proj_v.bias', 'transformer.resblocks.3.Adapter.s_attn.proj_out.weight', 'transformer.resblocks.3.Adapter.s_attn.proj_out.bias', 'transformer.resblocks.3.Adapter.t_ln.weight', 'transformer.resblocks.3.Adapter.t_ln.bias', 'transformer.resblocks.3.Adapter.t_attn.conv_offset.0.weight', 'transformer.resblocks.3.Adapter.t_attn.conv_offset.0.bias', 'transformer.resblocks.3.Adapter.t_attn.conv_offset.1.norm.weight', 'transformer.resblocks.3.Adapter.t_attn.conv_offset.1.norm.bias', 'transformer.resblocks.3.Adapter.t_attn.conv_offset.3.weight', 'transformer.resblocks.3.Adapter.t_attn.proj_q.weight', 'transformer.resblocks.3.Adapter.t_attn.proj_q.bias', 'transformer.resblocks.3.Adapter.t_attn.proj_k.weight', 'transformer.resblocks.3.Adapter.t_attn.proj_k.bias', 'transformer.resblocks.3.Adapter.t_attn.proj_v.weight', 'transformer.resblocks.3.Adapter.t_attn.proj_v.bias', 'transformer.resblocks.3.Adapter.t_attn.proj_out.weight', 'transformer.resblocks.3.Adapter.t_attn.proj_out.bias', 'transformer.resblocks.3.Adapter.up.weight', 'transformer.resblocks.3.Adapter.up.bias', 'transformer.resblocks.4.Adapter.down.weight', 'transformer.resblocks.4.Adapter.down.bias', 'transformer.resblocks.4.Adapter.pos_embed.weight', 'transformer.resblocks.4.Adapter.pos_embed.bias', 'transformer.resblocks.4.Adapter.s_ln.weight', 'transformer.resblocks.4.Adapter.s_ln.bias', 'transformer.resblocks.4.Adapter.s_attn.conv_offset.0.weight', 'transformer.resblocks.4.Adapter.s_attn.conv_offset.0.bias', 'transformer.resblocks.4.Adapter.s_attn.conv_offset.1.norm.weight', 'transformer.resblocks.4.Adapter.s_attn.conv_offset.1.norm.bias', 'transformer.resblocks.4.Adapter.s_attn.conv_offset.3.weight', 'transformer.resblocks.4.Adapter.s_attn.proj_q.weight', 'transformer.resblocks.4.Adapter.s_attn.proj_q.bias', 'transformer.resblocks.4.Adapter.s_attn.proj_k.weight', 'transformer.resblocks.4.Adapter.s_attn.proj_k.bias', 'transformer.resblocks.4.Adapter.s_attn.proj_v.weight', 'transformer.resblocks.4.Adapter.s_attn.proj_v.bias', 'transformer.resblocks.4.Adapter.s_attn.proj_out.weight', 'transformer.resblocks.4.Adapter.s_attn.proj_out.bias', 'transformer.resblocks.4.Adapter.t_ln.weight', 'transformer.resblocks.4.Adapter.t_ln.bias', 'transformer.resblocks.4.Adapter.t_attn.conv_offset.0.weight', 'transformer.resblocks.4.Adapter.t_attn.conv_offset.0.bias', 'transformer.resblocks.4.Adapter.t_attn.conv_offset.1.norm.weight', 'transformer.resblocks.4.Adapter.t_attn.conv_offset.1.norm.bias', 'transformer.resblocks.4.Adapter.t_attn.conv_offset.3.weight', 'transformer.resblocks.4.Adapter.t_attn.proj_q.weight', 'transformer.resblocks.4.Adapter.t_attn.proj_q.bias', 'transformer.resblocks.4.Adapter.t_attn.proj_k.weight', 'transformer.resblocks.4.Adapter.t_attn.proj_k.bias', 'transformer.resblocks.4.Adapter.t_attn.proj_v.weight', 'transformer.resblocks.4.Adapter.t_attn.proj_v.bias', 'transformer.resblocks.4.Adapter.t_attn.proj_out.weight', 'transformer.resblocks.4.Adapter.t_attn.proj_out.bias', 'transformer.resblocks.4.Adapter.up.weight', 'transformer.resblocks.4.Adapter.up.bias', 'transformer.resblocks.5.Adapter.down.weight', 'transformer.resblocks.5.Adapter.down.bias', 'transformer.resblocks.5.Adapter.pos_embed.weight', 'transformer.resblocks.5.Adapter.pos_embed.bias', 'transformer.resblocks.5.Adapter.s_ln.weight', 'transformer.resblocks.5.Adapter.s_ln.bias', 'transformer.resblocks.5.Adapter.s_attn.conv_offset.0.weight', 'transformer.resblocks.5.Adapter.s_attn.conv_offset.0.bias', 'transformer.resblocks.5.Adapter.s_attn.conv_offset.1.norm.weight', 'transformer.resblocks.5.Adapter.s_attn.conv_offset.1.norm.bias', 'transformer.resblocks.5.Adapter.s_attn.conv_offset.3.weight', 'transformer.resblocks.5.Adapter.s_attn.proj_q.weight', 'transformer.resblocks.5.Adapter.s_attn.proj_q.bias', 'transformer.resblocks.5.Adapter.s_attn.proj_k.weight', 'transformer.resblocks.5.Adapter.s_attn.proj_k.bias', 'transformer.resblocks.5.Adapter.s_attn.proj_v.weight', 'transformer.resblocks.5.Adapter.s_attn.proj_v.bias', 'transformer.resblocks.5.Adapter.s_attn.proj_out.weight', 'transformer.resblocks.5.Adapter.s_attn.proj_out.bias', 'transformer.resblocks.5.Adapter.t_ln.weight', 'transformer.resblocks.5.Adapter.t_ln.bias', 'transformer.resblocks.5.Adapter.t_attn.conv_offset.0.weight', 'transformer.resblocks.5.Adapter.t_attn.conv_offset.0.bias', 'transformer.resblocks.5.Adapter.t_attn.conv_offset.1.norm.weight', 'transformer.resblocks.5.Adapter.t_attn.conv_offset.1.norm.bias', 'transformer.resblocks.5.Adapter.t_attn.conv_offset.3.weight', 'transformer.resblocks.5.Adapter.t_attn.proj_q.weight', 'transformer.resblocks.5.Adapter.t_attn.proj_q.bias', 'transformer.resblocks.5.Adapter.t_attn.proj_k.weight', 'transformer.resblocks.5.Adapter.t_attn.proj_k.bias', 'transformer.resblocks.5.Adapter.t_attn.proj_v.weight', 'transformer.resblocks.5.Adapter.t_attn.proj_v.bias', 'transformer.resblocks.5.Adapter.t_attn.proj_out.weight', 'transformer.resblocks.5.Adapter.t_attn.proj_out.bias', 'transformer.resblocks.5.Adapter.up.weight', 'transformer.resblocks.5.Adapter.up.bias', 'transformer.resblocks.6.Adapter.down.weight', 'transformer.resblocks.6.Adapter.down.bias', 'transformer.resblocks.6.Adapter.pos_embed.weight', 'transformer.resblocks.6.Adapter.pos_embed.bias', 'transformer.resblocks.6.Adapter.s_ln.weight', 'transformer.resblocks.6.Adapter.s_ln.bias', 'transformer.resblocks.6.Adapter.s_attn.conv_offset.0.weight', 'transformer.resblocks.6.Adapter.s_attn.conv_offset.0.bias', 'transformer.resblocks.6.Adapter.s_attn.conv_offset.1.norm.weight', 'transformer.resblocks.6.Adapter.s_attn.conv_offset.1.norm.bias', 'transformer.resblocks.6.Adapter.s_attn.conv_offset.3.weight', 'transformer.resblocks.6.Adapter.s_attn.proj_q.weight', 'transformer.resblocks.6.Adapter.s_attn.proj_q.bias', 'transformer.resblocks.6.Adapter.s_attn.proj_k.weight', 'transformer.resblocks.6.Adapter.s_attn.proj_k.bias', 'transformer.resblocks.6.Adapter.s_attn.proj_v.weight', 'transformer.resblocks.6.Adapter.s_attn.proj_v.bias', 'transformer.resblocks.6.Adapter.s_attn.proj_out.weight', 'transformer.resblocks.6.Adapter.s_attn.proj_out.bias', 'transformer.resblocks.6.Adapter.t_ln.weight', 'transformer.resblocks.6.Adapter.t_ln.bias', 'transformer.resblocks.6.Adapter.t_attn.conv_offset.0.weight', 'transformer.resblocks.6.Adapter.t_attn.conv_offset.0.bias', 'transformer.resblocks.6.Adapter.t_attn.conv_offset.1.norm.weight', 'transformer.resblocks.6.Adapter.t_attn.conv_offset.1.norm.bias', 'transformer.resblocks.6.Adapter.t_attn.conv_offset.3.weight', 'transformer.resblocks.6.Adapter.t_attn.proj_q.weight', 'transformer.resblocks.6.Adapter.t_attn.proj_q.bias', 'transformer.resblocks.6.Adapter.t_attn.proj_k.weight', 'transformer.resblocks.6.Adapter.t_attn.proj_k.bias', 'transformer.resblocks.6.Adapter.t_attn.proj_v.weight', 'transformer.resblocks.6.Adapter.t_attn.proj_v.bias', 'transformer.resblocks.6.Adapter.t_attn.proj_out.weight', 'transformer.resblocks.6.Adapter.t_attn.proj_out.bias', 'transformer.resblocks.6.Adapter.up.weight', 'transformer.resblocks.6.Adapter.up.bias', 'transformer.resblocks.7.Adapter.down.weight', 'transformer.resblocks.7.Adapter.down.bias', 'transformer.resblocks.7.Adapter.pos_embed.weight', 'transformer.resblocks.7.Adapter.pos_embed.bias', 'transformer.resblocks.7.Adapter.s_ln.weight', 'transformer.resblocks.7.Adapter.s_ln.bias', 'transformer.resblocks.7.Adapter.s_attn.conv_offset.0.weight', 'transformer.resblocks.7.Adapter.s_attn.conv_offset.0.bias', 'transformer.resblocks.7.Adapter.s_attn.conv_offset.1.norm.weight', 'transformer.resblocks.7.Adapter.s_attn.conv_offset.1.norm.bias', 'transformer.resblocks.7.Adapter.s_attn.conv_offset.3.weight', 'transformer.resblocks.7.Adapter.s_attn.proj_q.weight', 'transformer.resblocks.7.Adapter.s_attn.proj_q.bias', 'transformer.resblocks.7.Adapter.s_attn.proj_k.weight', 'transformer.resblocks.7.Adapter.s_attn.proj_k.bias', 'transformer.resblocks.7.Adapter.s_attn.proj_v.weight', 'transformer.resblocks.7.Adapter.s_attn.proj_v.bias', 'transformer.resblocks.7.Adapter.s_attn.proj_out.weight', 'transformer.resblocks.7.Adapter.s_attn.proj_out.bias', 'transformer.resblocks.7.Adapter.t_ln.weight', 'transformer.resblocks.7.Adapter.t_ln.bias', 'transformer.resblocks.7.Adapter.t_attn.conv_offset.0.weight', 'transformer.resblocks.7.Adapter.t_attn.conv_offset.0.bias', 'transformer.resblocks.7.Adapter.t_attn.conv_offset.1.norm.weight', 'transformer.resblocks.7.Adapter.t_attn.conv_offset.1.norm.bias', 'transformer.resblocks.7.Adapter.t_attn.conv_offset.3.weight', 'transformer.resblocks.7.Adapter.t_attn.proj_q.weight', 'transformer.resblocks.7.Adapter.t_attn.proj_q.bias', 'transformer.resblocks.7.Adapter.t_attn.proj_k.weight', 'transformer.resblocks.7.Adapter.t_attn.proj_k.bias', 'transformer.resblocks.7.Adapter.t_attn.proj_v.weight', 'transformer.resblocks.7.Adapter.t_attn.proj_v.bias', 'transformer.resblocks.7.Adapter.t_attn.proj_out.weight', 'transformer.resblocks.7.Adapter.t_attn.proj_out.bias', 'transformer.resblocks.7.Adapter.up.weight', 'transformer.resblocks.7.Adapter.up.bias', 'transformer.resblocks.8.Adapter.down.weight', 'transformer.resblocks.8.Adapter.down.bias', 'transformer.resblocks.8.Adapter.pos_embed.weight', 'transformer.resblocks.8.Adapter.pos_embed.bias', 'transformer.resblocks.8.Adapter.s_ln.weight', 'transformer.resblocks.8.Adapter.s_ln.bias', 'transformer.resblocks.8.Adapter.s_attn.conv_offset.0.weight', 'transformer.resblocks.8.Adapter.s_attn.conv_offset.0.bias', 'transformer.resblocks.8.Adapter.s_attn.conv_offset.1.norm.weight', 'transformer.resblocks.8.Adapter.s_attn.conv_offset.1.norm.bias', 'transformer.resblocks.8.Adapter.s_attn.conv_offset.3.weight', 'transformer.resblocks.8.Adapter.s_attn.proj_q.weight', 'transformer.resblocks.8.Adapter.s_attn.proj_q.bias', 'transformer.resblocks.8.Adapter.s_attn.proj_k.weight', 'transformer.resblocks.8.Adapter.s_attn.proj_k.bias', 'transformer.resblocks.8.Adapter.s_attn.proj_v.weight', 'transformer.resblocks.8.Adapter.s_attn.proj_v.bias', 'transformer.resblocks.8.Adapter.s_attn.proj_out.weight', 'transformer.resblocks.8.Adapter.s_attn.proj_out.bias', 'transformer.resblocks.8.Adapter.t_ln.weight', 'transformer.resblocks.8.Adapter.t_ln.bias', 'transformer.resblocks.8.Adapter.t_attn.conv_offset.0.weight', 'transformer.resblocks.8.Adapter.t_attn.conv_offset.0.bias', 'transformer.resblocks.8.Adapter.t_attn.conv_offset.1.norm.weight', 'transformer.resblocks.8.Adapter.t_attn.conv_offset.1.norm.bias', 'transformer.resblocks.8.Adapter.t_attn.conv_offset.3.weight', 'transformer.resblocks.8.Adapter.t_attn.proj_q.weight', 'transformer.resblocks.8.Adapter.t_attn.proj_q.bias', 'transformer.resblocks.8.Adapter.t_attn.proj_k.weight', 'transformer.resblocks.8.Adapter.t_attn.proj_k.bias', 'transformer.resblocks.8.Adapter.t_attn.proj_v.weight', 'transformer.resblocks.8.Adapter.t_attn.proj_v.bias', 'transformer.resblocks.8.Adapter.t_attn.proj_out.weight', 'transformer.resblocks.8.Adapter.t_attn.proj_out.bias', 'transformer.resblocks.8.Adapter.up.weight', 'transformer.resblocks.8.Adapter.up.bias', 'transformer.resblocks.9.Adapter.down.weight', 'transformer.resblocks.9.Adapter.down.bias', 'transformer.resblocks.9.Adapter.pos_embed.weight', 'transformer.resblocks.9.Adapter.pos_embed.bias', 'transformer.resblocks.9.Adapter.s_ln.weight', 'transformer.resblocks.9.Adapter.s_ln.bias', 'transformer.resblocks.9.Adapter.s_attn.conv_offset.0.weight', 'transformer.resblocks.9.Adapter.s_attn.conv_offset.0.bias', 'transformer.resblocks.9.Adapter.s_attn.conv_offset.1.norm.weight', 'transformer.resblocks.9.Adapter.s_attn.conv_offset.1.norm.bias', 'transformer.resblocks.9.Adapter.s_attn.conv_offset.3.weight', 'transformer.resblocks.9.Adapter.s_attn.proj_q.weight', 'transformer.resblocks.9.Adapter.s_attn.proj_q.bias', 'transformer.resblocks.9.Adapter.s_attn.proj_k.weight', 'transformer.resblocks.9.Adapter.s_attn.proj_k.bias', 'transformer.resblocks.9.Adapter.s_attn.proj_v.weight', 'transformer.resblocks.9.Adapter.s_attn.proj_v.bias', 'transformer.resblocks.9.Adapter.s_attn.proj_out.weight', 'transformer.resblocks.9.Adapter.s_attn.proj_out.bias', 'transformer.resblocks.9.Adapter.t_ln.weight', 'transformer.resblocks.9.Adapter.t_ln.bias', 'transformer.resblocks.9.Adapter.t_attn.conv_offset.0.weight', 'transformer.resblocks.9.Adapter.t_attn.conv_offset.0.bias', 'transformer.resblocks.9.Adapter.t_attn.conv_offset.1.norm.weight', 'transformer.resblocks.9.Adapter.t_attn.conv_offset.1.norm.bias', 'transformer.resblocks.9.Adapter.t_attn.conv_offset.3.weight', 'transformer.resblocks.9.Adapter.t_attn.proj_q.weight', 'transformer.resblocks.9.Adapter.t_attn.proj_q.bias', 'transformer.resblocks.9.Adapter.t_attn.proj_k.weight', 'transformer.resblocks.9.Adapter.t_attn.proj_k.bias', 'transformer.resblocks.9.Adapter.t_attn.proj_v.weight', 'transformer.resblocks.9.Adapter.t_attn.proj_v.bias', 'transformer.resblocks.9.Adapter.t_attn.proj_out.weight', 'transformer.resblocks.9.Adapter.t_attn.proj_out.bias', 'transformer.resblocks.9.Adapter.up.weight', 'transformer.resblocks.9.Adapter.up.bias', 'transformer.resblocks.10.Adapter.down.weight', 'transformer.resblocks.10.Adapter.down.bias', 'transformer.resblocks.10.Adapter.pos_embed.weight', 'transformer.resblocks.10.Adapter.pos_embed.bias', 'transformer.resblocks.10.Adapter.s_ln.weight', 'transformer.resblocks.10.Adapter.s_ln.bias', 'transformer.resblocks.10.Adapter.s_attn.conv_offset.0.weight', 'transformer.resblocks.10.Adapter.s_attn.conv_offset.0.bias', 'transformer.resblocks.10.Adapter.s_attn.conv_offset.1.norm.weight', 'transformer.resblocks.10.Adapter.s_attn.conv_offset.1.norm.bias', 'transformer.resblocks.10.Adapter.s_attn.conv_offset.3.weight', 'transformer.resblocks.10.Adapter.s_attn.proj_q.weight', 'transformer.resblocks.10.Adapter.s_attn.proj_q.bias', 'transformer.resblocks.10.Adapter.s_attn.proj_k.weight', 'transformer.resblocks.10.Adapter.s_attn.proj_k.bias', 'transformer.resblocks.10.Adapter.s_attn.proj_v.weight', 'transformer.resblocks.10.Adapter.s_attn.proj_v.bias', 'transformer.resblocks.10.Adapter.s_attn.proj_out.weight', 'transformer.resblocks.10.Adapter.s_attn.proj_out.bias', 'transformer.resblocks.10.Adapter.t_ln.weight', 'transformer.resblocks.10.Adapter.t_ln.bias', 'transformer.resblocks.10.Adapter.t_attn.conv_offset.0.weight', 'transformer.resblocks.10.Adapter.t_attn.conv_offset.0.bias', 'transformer.resblocks.10.Adapter.t_attn.conv_offset.1.norm.weight', 'transformer.resblocks.10.Adapter.t_attn.conv_offset.1.norm.bias', 'transformer.resblocks.10.Adapter.t_attn.conv_offset.3.weight', 'transformer.resblocks.10.Adapter.t_attn.proj_q.weight', 'transformer.resblocks.10.Adapter.t_attn.proj_q.bias', 'transformer.resblocks.10.Adapter.t_attn.proj_k.weight', 'transformer.resblocks.10.Adapter.t_attn.proj_k.bias', 'transformer.resblocks.10.Adapter.t_attn.proj_v.weight', 'transformer.resblocks.10.Adapter.t_attn.proj_v.bias', 'transformer.resblocks.10.Adapter.t_attn.proj_out.weight', 'transformer.resblocks.10.Adapter.t_attn.proj_out.bias', 'transformer.resblocks.10.Adapter.up.weight', 'transformer.resblocks.10.Adapter.up.bias', 'transformer.resblocks.11.Adapter.down.weight', 'transformer.resblocks.11.Adapter.down.bias', 'transformer.resblocks.11.Adapter.pos_embed.weight', 'transformer.resblocks.11.Adapter.pos_embed.bias', 'transformer.resblocks.11.Adapter.s_ln.weight', 'transformer.resblocks.11.Adapter.s_ln.bias', 'transformer.resblocks.11.Adapter.s_attn.conv_offset.0.weight', 'transformer.resblocks.11.Adapter.s_attn.conv_offset.0.bias', 'transformer.resblocks.11.Adapter.s_attn.conv_offset.1.norm.weight', 'transformer.resblocks.11.Adapter.s_attn.conv_offset.1.norm.bias', 'transformer.resblocks.11.Adapter.s_attn.conv_offset.3.weight', 'transformer.resblocks.11.Adapter.s_attn.proj_q.weight', 'transformer.resblocks.11.Adapter.s_attn.proj_q.bias', 'transformer.resblocks.11.Adapter.s_attn.proj_k.weight', 'transformer.resblocks.11.Adapter.s_attn.proj_k.bias', 'transformer.resblocks.11.Adapter.s_attn.proj_v.weight', 'transformer.resblocks.11.Adapter.s_attn.proj_v.bias', 'transformer.resblocks.11.Adapter.s_attn.proj_out.weight', 'transformer.resblocks.11.Adapter.s_attn.proj_out.bias', 'transformer.resblocks.11.Adapter.t_ln.weight', 'transformer.resblocks.11.Adapter.t_ln.bias', 'transformer.resblocks.11.Adapter.t_attn.conv_offset.0.weight', 'transformer.resblocks.11.Adapter.t_attn.conv_offset.0.bias', 'transformer.resblocks.11.Adapter.t_attn.conv_offset.1.norm.weight', 'transformer.resblocks.11.Adapter.t_attn.conv_offset.1.norm.bias', 'transformer.resblocks.11.Adapter.t_attn.conv_offset.3.weight', 'transformer.resblocks.11.Adapter.t_attn.proj_q.weight', 'transformer.resblocks.11.Adapter.t_attn.proj_q.bias', 'transformer.resblocks.11.Adapter.t_attn.proj_k.weight', 'transformer.resblocks.11.Adapter.t_attn.proj_k.bias', 'transformer.resblocks.11.Adapter.t_attn.proj_v.weight', 'transformer.resblocks.11.Adapter.t_attn.proj_v.bias', 'transformer.resblocks.11.Adapter.t_attn.proj_out.weight', 'transformer.resblocks.11.Adapter.t_attn.proj_out.bias', 'transformer.resblocks.11.Adapter.up.weight', 'transformer.resblocks.11.Adapter.up.bias', 'classification_layer.weight', 'classification_layer.bias', 'task_matcher.context_norm.weight', 'task_matcher.context_norm.bias', 'task_matcher.generator.0.weight', 'task_matcher.generator.0.bias', 'task_matcher.generator.3.weight', 'task_matcher.generator.3.bias', 'multi_velocity_matcher.velocity_logits', 'multi_velocity_matcher.motion_norm.weight', 'multi_velocity_matcher.motion_norm.bias', 'multi_velocity_matcher.motion_projection.0.weight', 'multi_velocity_matcher.motion_projection.0.bias', 'multi_velocity_matcher.motion_projection.3.weight', 'multi_velocity_matcher.motion_projection.3.bias']
[09/23 23:59:35][INFO] models.base.adapter: 1221: Unexpected keys: []
[09/23 23:59:35][INFO] models.base.adapter: 1222: => loaded successfully 'ViT-B/16'
[09/23 23:59:35][INFO] models.base.adapter: 1229: init:  transformer.resblocks.0.Adapter.up
[09/23 23:59:35][INFO] models.base.adapter: 1229: init:  transformer.resblocks.1.Adapter.up
[09/23 23:59:35][INFO] models.base.adapter: 1229: init:  transformer.resblocks.2.Adapter.up
[09/23 23:59:35][INFO] models.base.adapter: 1229: init:  transformer.resblocks.3.Adapter.up
[09/23 23:59:35][INFO] models.base.adapter: 1229: init:  transformer.resblocks.4.Adapter.up
[09/23 23:59:35][INFO] models.base.adapter: 1229: init:  transformer.resblocks.5.Adapter.up
[09/23 23:59:35][INFO] models.base.adapter: 1229: init:  transformer.resblocks.6.Adapter.up
[09/23 23:59:35][INFO] models.base.adapter: 1229: init:  transformer.resblocks.7.Adapter.up
[09/23 23:59:35][INFO] models.base.adapter: 1229: init:  transformer.resblocks.8.Adapter.up
[09/23 23:59:35][INFO] models.base.adapter: 1229: init:  transformer.resblocks.9.Adapter.up
[09/23 23:59:35][INFO] models.base.adapter: 1229: init:  transformer.resblocks.10.Adapter.up
[09/23 23:59:35][INFO] models.base.adapter: 1229: init:  transformer.resblocks.11.Adapter.up
[09/23 23:59:36][INFO] train_net_few_shot:  318: Model:
BaseVideoModel(
  (model): ViT_CLIP(
    (conv1): Conv2d(3, 768, kernel_size=(16, 16), stride=(16, 16), bias=False)
    (ln_pre): LayerNorm((768,), eps=1e-05, elementwise_affine=True, bias=True)
    (transformer): Transformer(
      (resblocks): ModuleList(
        (0-11): 12 x ResidualAttentionBlock(
          (ln_1): LayerNorm((768,), eps=1e-05, elementwise_affine=True, bias=True)
          (attn): MultiheadAttention(
            (out_proj): NonDynamicallyQuantizableLinear(in_features=768, out_features=768, bias=True)
          )
          (ln_2): LayerNorm((768,), eps=1e-05, elementwise_affine=True, bias=True)
          (mlp): Sequential(
            (c_fc): Linear(in_features=768, out_features=3072, bias=True)
            (gelu): QuickGELU()
            (c_proj): Linear(in_features=3072, out_features=768, bias=True)
          )
          (Adapter): ViT_D2ST_Adapter(
            (down): Linear(in_features=768, out_features=192, bias=True)
            (gelu1): GELU(approximate='none')
            (pos_embed): Conv3d(192, 192, kernel_size=(3, 3, 3), stride=(1, 1, 1), padding=(1, 1, 1), groups=192)
            (s_ln): LayerNorm((192,), eps=1e-05, elementwise_affine=True, bias=True)
            (s_attn): ViT_DeformAttention(
              (conv_offset): Sequential(
                (0): Conv3d(48, 48, kernel_size=(4, 5, 5), stride=(4, 3, 3), groups=48)
                (1): LayerNormProxy(
                  (norm): LayerNorm((48,), eps=1e-05, elementwise_affine=True, bias=True)
                )
                (2): GELU(approximate='none')
                (3): Conv3d(48, 3, kernel_size=(1, 1, 1), stride=(1, 1, 1), bias=False)
              )
              (proj_q): Linear(in_features=192, out_features=192, bias=True)
              (proj_k): Linear(in_features=192, out_features=192, bias=True)
              (proj_v): Linear(in_features=192, out_features=192, bias=True)
              (proj_out): Linear(in_features=192, out_features=192, bias=True)
            )
            (t_ln): LayerNorm((192,), eps=1e-05, elementwise_affine=True, bias=True)
            (t_attn): ViT_DeformAttention(
              (conv_offset): Sequential(
                (0): Conv3d(48, 48, kernel_size=(1, 7, 7), stride=(1, 7, 7), groups=48)
                (1): LayerNormProxy(
                  (norm): LayerNorm((48,), eps=1e-05, elementwise_affine=True, bias=True)
                )
                (2): GELU(approximate='none')
                (3): Conv3d(48, 3, kernel_size=(1, 1, 1), stride=(1, 1, 1), bias=False)
              )
              (proj_q): Linear(in_features=192, out_features=192, bias=True)
              (proj_k): Linear(in_features=192, out_features=192, bias=True)
              (proj_v): Linear(in_features=192, out_features=192, bias=True)
              (proj_out): Linear(in_features=192, out_features=192, bias=True)
            )
            (gelu): GELU(approximate='none')
            (up): Linear(in_features=192, out_features=768, bias=True)
            (gelu2): GELU(approximate='none')
          )
        )
      )
    )
    (ln_post): LayerNorm((768,), eps=1e-05, elementwise_affine=True, bias=True)
    (classification_layer): Linear(in_features=768, out_features=64, bias=True)
    (task_matcher): D2STTaskAwareMatcher(
      (context_norm): LayerNorm((768,), eps=1e-05, elementwise_affine=True, bias=True)
      (generator): Sequential(
        (0): Linear(in_features=768, out_features=192, bias=True)
        (1): GELU(approximate='none')
        (2): Dropout(p=0.1, inplace=False)
        (3): Linear(in_features=192, out_features=64, bias=True)
      )
    )
    (multi_velocity_matcher): D2STMultiVelocityMatcher(
      (motion_norm): LayerNorm((768,), eps=1e-05, elementwise_affine=True, bias=True)
      (motion_projection): Sequential(
        (0): Linear(in_features=768, out_features=192, bias=True)
        (1): GELU(approximate='none')
        (2): Dropout(p=0.1, inplace=False)
        (3): Linear(in_features=192, out_features=768, bias=True)
      )
    )
    (spatial_pattern_matcher): D2STSpatialPatternMatcher()
  )
)
[09/23 23:59:36][INFO] models.utils.optimizer:   82: Optimized parameters constructed. Parameters without weight decay: []
[09/23 23:59:36][INFO] datasets.base.few_shot_dataset:   97: Reading video list from file: train_few_shot.txt
[09/23 23:59:36][INFO] datasets.base.few_shot_dataset:  127: Loading SSv2-Full dataset list for split 'train'...
[09/23 23:59:36][INFO] datasets.base.few_shot_dataset:   47: loaded 67013 videos from train dataset: SSv2-Full !
[09/23 23:59:36][INFO] datasets.base.few_shot_dataset:  153: Dataset SSv2-Full split train loaded. Length 67013.
[09/23 23:59:36][INFO] datasets.base.few_shot_dataset:   97: Reading video list from file: test_few_shot.txt
[09/23 23:59:36][INFO] datasets.base.few_shot_dataset:  127: Loading SSv2-Full dataset list for split 'test'...
[09/23 23:59:36][INFO] datasets.base.few_shot_dataset:   47: loaded 2857 videos from test dataset: SSv2-Full !
[09/23 23:59:36][INFO] datasets.base.few_shot_dataset:  153: Dataset SSv2-Full split test loaded. Length 2857.
[09/23 23:59:36][INFO] train_net_few_shot:  340: Start epoch: 1
[09/23 23:59:36][INFO] train_net_few_shot:  373: Number of total parameters: 93588037, tunable parameters: 7790916
[09/23 23:59:36][INFO] train_net_few_shot:   99: Norm training: True
[09/23 23:59:36][INFO] train_net_few_shot:  117: Gradient accumulation: steps=4, normalize=False
[09/24 00:02:24][INFO] utils.logging:   91: {"_type": "train_iter", "iter": "200/30000", "loss": 9.929158, "lr": 0.000253, "top1_acc": 34.099999}
[09/24 00:05:09][INFO] utils.logging:   91: {"_type": "train_iter", "iter": "400/30000", "loss": 9.319039, "lr": 0.000306, "top1_acc": 38.499999}
[09/24 00:07:54][INFO] utils.logging:   91: {"_type": "train_iter", "iter": "600/30000", "loss": 8.462237, "lr": 0.000360, "top1_acc": 46.500000}
[09/24 00:10:40][INFO] utils.logging:   91: {"_type": "train_iter", "iter": "800/30000", "loss": 7.409365, "lr": 0.000413, "top1_acc": 51.500001}
[09/24 00:13:25][INFO] utils.logging:   91: {"_type": "train_iter", "iter": "1000/30000", "loss": 7.032198, "lr": 0.000466, "top1_acc": 54.200001}
[09/24 00:16:10][INFO] utils.logging:   91: {"_type": "train_iter", "iter": "1200/30000", "loss": 6.369395, "lr": 0.000520, "top1_acc": 58.600001}
[09/24 00:18:55][INFO] utils.logging:   91: {"_type": "train_iter", "iter": "1400/30000", "loss": 6.172737, "lr": 0.000573, "top1_acc": 60.300001}
[09/24 00:21:40][INFO] utils.logging:   91: {"_type": "train_iter", "iter": "1600/30000", "loss": 5.969227, "lr": 0.000626, "top1_acc": 59.600001}
[09/24 00:24:26][INFO] utils.logging:   91: {"_type": "train_iter", "iter": "1800/30000", "loss": 5.551483, "lr": 0.000680, "top1_acc": 60.000001}
[09/24 00:27:10][INFO] utils.logging:   91: {"_type": "train_iter", "iter": "2000/30000", "loss": 5.250569, "lr": 0.000733, "top1_acc": 61.400001}
[09/24 00:29:56][INFO] utils.logging:   91: {"_type": "train_iter", "iter": "2200/30000", "loss": 5.348901, "lr": 0.000786, "top1_acc": 62.300001}
[09/24 00:32:40][INFO] utils.logging:   91: {"_type": "train_iter", "iter": "2400/30000", "loss": 5.078953, "lr": 0.000840, "top1_acc": 63.700001}
[09/24 00:35:26][INFO] utils.logging:   91: {"_type": "train_iter", "iter": "2600/30000", "loss": 5.164584, "lr": 0.000893, "top1_acc": 62.100001}
[09/24 00:38:10][INFO] utils.logging:   91: {"_type": "train_iter", "iter": "2800/30000", "loss": 4.942233, "lr": 0.000946, "top1_acc": 62.100001}
[09/24 00:40:56][INFO] utils.logging:   91: {"_type": "train_iter", "iter": "3000/30000", "loss": 4.780504, "lr": 0.001000, "top1_acc": 66.400001}
[09/24 00:43:41][INFO] utils.logging:   91: {"_type": "train_iter", "iter": "3200/30000", "loss": 4.756585, "lr": 0.001000, "top1_acc": 66.500001}
[09/24 00:46:26][INFO] utils.logging:   91: {"_type": "train_iter", "iter": "3400/30000", "loss": 4.629427, "lr": 0.001000, "top1_acc": 65.900001}
[09/24 00:49:11][INFO] utils.logging:   91: {"_type": "train_iter", "iter": "3600/30000", "loss": 4.439327, "lr": 0.001000, "top1_acc": 67.500001}
[09/24 00:51:56][INFO] utils.logging:   91: {"_type": "train_iter", "iter": "3800/30000", "loss": 4.377731, "lr": 0.001000, "top1_acc": 65.600001}
[09/24 00:54:41][INFO] utils.logging:   91: {"_type": "train_iter", "iter": "4000/30000", "loss": 4.091300, "lr": 0.001000, "top1_acc": 69.800001}
[09/24 00:57:25][INFO] utils.logging:   91: {"_type": "train_iter", "iter": "4200/30000", "loss": 4.356756, "lr": 0.001000, "top1_acc": 67.000001}
[09/24 01:00:10][INFO] utils.logging:   91: {"_type": "train_iter", "iter": "4400/30000", "loss": 4.298083, "lr": 0.001000, "top1_acc": 69.700001}
[09/24 01:02:55][INFO] utils.logging:   91: {"_type": "train_iter", "iter": "4600/30000", "loss": 3.957571, "lr": 0.001000, "top1_acc": 70.900001}
[09/24 01:05:40][INFO] utils.logging:   91: {"_type": "train_iter", "iter": "4800/30000", "loss": 3.831994, "lr": 0.001000, "top1_acc": 70.200001}
[09/24 01:08:25][INFO] utils.logging:   91: {"_type": "train_iter", "iter": "5000/30000", "loss": 4.029765, "lr": 0.001000, "top1_acc": 70.000001}
[09/24 01:11:10][INFO] utils.logging:   91: {"_type": "train_iter", "iter": "5200/30000", "loss": 3.741462, "lr": 0.001000, "top1_acc": 71.000001}
[09/24 01:13:55][INFO] utils.logging:   91: {"_type": "train_iter", "iter": "5400/30000", "loss": 3.322809, "lr": 0.001000, "top1_acc": 74.300001}
[09/24 01:16:40][INFO] utils.logging:   91: {"_type": "train_iter", "iter": "5600/30000", "loss": 3.479150, "lr": 0.001000, "top1_acc": 74.700001}
[09/24 01:19:25][INFO] utils.logging:   91: {"_type": "train_iter", "iter": "5800/30000", "loss": 3.570269, "lr": 0.001000, "top1_acc": 71.100001}
[09/24 01:22:10][INFO] utils.logging:   91: {"_type": "train_iter", "iter": "6000/30000", "loss": 3.451996, "lr": 0.001000, "top1_acc": 76.500001}
[09/24 01:24:54][INFO] utils.logging:   91: {"_type": "train_iter", "iter": "6200/30000", "loss": 3.487681, "lr": 0.001000, "top1_acc": 74.600002}
[09/24 01:27:40][INFO] utils.logging:   91: {"_type": "train_iter", "iter": "6400/30000", "loss": 3.489726, "lr": 0.001000, "top1_acc": 73.300001}
[09/24 01:30:25][INFO] utils.logging:   91: {"_type": "train_iter", "iter": "6600/30000", "loss": 3.212237, "lr": 0.001000, "top1_acc": 74.400001}
[09/24 01:33:10][INFO] utils.logging:   91: {"_type": "train_iter", "iter": "6800/30000", "loss": 3.162919, "lr": 0.001000, "top1_acc": 75.400001}
[09/24 01:35:18][INFO] datasets.base.few_shot_dataset:  420: Error at decoding. Vid index: 54100, Vid path: /mnt/data/yanyi2025/lrc/action_data/ssv2/videos/videos/96464.webm
[09/24 01:35:54][INFO] utils.logging:   91: {"_type": "train_iter", "iter": "7000/30000", "loss": 3.034807, "lr": 0.001000, "top1_acc": 75.800001}
[09/24 01:38:39][INFO] utils.logging:   91: {"_type": "train_iter", "iter": "7200/30000", "loss": 3.061724, "lr": 0.001000, "top1_acc": 74.800001}
[09/24 01:41:24][INFO] utils.logging:   91: {"_type": "train_iter", "iter": "7400/30000", "loss": 3.093194, "lr": 0.001000, "top1_acc": 78.100001}
[09/24 01:44:09][INFO] utils.logging:   91: {"_type": "train_iter", "iter": "7600/30000", "loss": 3.209418, "lr": 0.001000, "top1_acc": 77.400001}
[09/24 01:46:54][INFO] utils.logging:   91: {"_type": "train_iter", "iter": "7800/30000", "loss": 2.992316, "lr": 0.001000, "top1_acc": 77.400001}
[09/24 01:49:39][INFO] utils.logging:   91: {"_type": "train_iter", "iter": "8000/30000", "loss": 3.031094, "lr": 0.001000, "top1_acc": 76.400001}
[09/24 01:52:24][INFO] utils.logging:   91: {"_type": "train_iter", "iter": "8200/30000", "loss": 2.825243, "lr": 0.001000, "top1_acc": 77.800001}
[09/24 01:55:09][INFO] utils.logging:   91: {"_type": "train_iter", "iter": "8400/30000", "loss": 2.804542, "lr": 0.001000, "top1_acc": 78.800001}
[09/24 01:57:54][INFO] utils.logging:   91: {"_type": "train_iter", "iter": "8600/30000", "loss": 2.920459, "lr": 0.001000, "top1_acc": 76.000001}
[09/24 02:00:39][INFO] utils.logging:   91: {"_type": "train_iter", "iter": "8800/30000", "loss": 2.764437, "lr": 0.001000, "top1_acc": 78.900001}
[09/24 02:03:15][INFO] utils.logging:   91: {"_type": "train_iter", "iter": "9000/30000", "loss": 2.916220, "lr": 0.001000, "top1_acc": 77.900001}
[09/24 02:05:37][INFO] utils.logging:   91: {"_type": "train_iter", "iter": "9200/30000", "loss": 2.679316, "lr": 0.001000, "top1_acc": 80.100001}
[09/24 02:07:59][INFO] utils.logging:   91: {"_type": "train_iter", "iter": "9400/30000", "loss": 2.642432, "lr": 0.001000, "top1_acc": 80.000001}
[09/24 02:10:21][INFO] utils.logging:   91: {"_type": "train_iter", "iter": "9600/30000", "loss": 2.594706, "lr": 0.001000, "top1_acc": 78.600001}
[09/24 02:12:43][INFO] utils.logging:   91: {"_type": "train_iter", "iter": "9800/30000", "loss": 2.413369, "lr": 0.001000, "top1_acc": 82.200001}
[09/24 02:15:13][INFO] datasets.base.few_shot_dataset:  420: Error at decoding. Vid index: 2581, Vid path: /mnt/data/yanyi2025/lrc/action_data/ssv2/videos/videos/113474.webm
[09/24 02:15:28][INFO] datasets.base.few_shot_dataset:  420: Error at decoding. Vid index: 2581, Vid path: /mnt/data/yanyi2025/lrc/action_data/ssv2/videos/videos/113474.webm
[09/24 02:15:51][INFO] utils.logging:   91: {"_type": "val_iter", "gpu_mem": "1.79 GB", "iter": "200/10000", "top1_acc": 60.500001}
[09/24 02:16:38][INFO] utils.logging:   91: {"_type": "val_iter", "gpu_mem": "1.79 GB", "iter": "400/10000", "top1_acc": 57.900001}
[09/24 02:17:23][WARNING] datasets.base.few_shot_dataset:  251: Error at decoding. 1/5. Vid index: [185, 182], Vid path: 9
[09/24 02:17:24][INFO] utils.logging:   91: {"_type": "val_iter", "gpu_mem": "1.79 GB", "iter": "600/10000", "top1_acc": 59.600001}
[09/24 02:18:11][INFO] utils.logging:   91: {"_type": "val_iter", "gpu_mem": "1.79 GB", "iter": "800/10000", "top1_acc": 65.300001}
[09/24 02:18:57][INFO] utils.logging:   91: {"_type": "val_iter", "gpu_mem": "1.79 GB", "iter": "1000/10000", "top1_acc": 60.600001}
[09/24 02:19:31][WARNING] datasets.base.few_shot_dataset:  251: Error at decoding. 1/5. Vid index: [64, 185], Vid path: 9
[09/24 02:19:44][INFO] utils.logging:   91: {"_type": "val_iter", "gpu_mem": "1.79 GB", "iter": "1200/10000", "top1_acc": 60.900001}
[09/24 02:20:30][INFO] utils.logging:   91: {"_type": "val_iter", "gpu_mem": "1.79 GB", "iter": "1400/10000", "top1_acc": 60.100001}
[09/24 02:21:16][INFO] utils.logging:   91: {"_type": "val_iter", "gpu_mem": "1.79 GB", "iter": "1600/10000", "top1_acc": 61.400001}
[09/24 02:22:03][INFO] utils.logging:   91: {"_type": "val_iter", "gpu_mem": "1.79 GB", "iter": "1800/10000", "top1_acc": 61.700001}
[09/24 02:22:49][INFO] utils.logging:   91: {"_type": "val_iter", "gpu_mem": "1.79 GB", "iter": "2000/10000", "top1_acc": 61.600001}
[09/24 02:23:24][INFO] datasets.base.few_shot_dataset:  420: Error at decoding. Vid index: 2581, Vid path: /mnt/data/yanyi2025/lrc/action_data/ssv2/videos/videos/113474.webm
[09/24 02:23:36][INFO] utils.logging:   91: {"_type": "val_iter", "gpu_mem": "1.79 GB", "iter": "2200/10000", "top1_acc": 58.800001}
[09/24 02:24:14][WARNING] datasets.base.few_shot_dataset:  251: Error at decoding. 1/5. Vid index: [86, 185], Vid path: 9
[09/24 02:24:22][INFO] utils.logging:   91: {"_type": "val_iter", "gpu_mem": "1.79 GB", "iter": "2400/10000", "top1_acc": 58.800001}
[09/24 02:25:09][INFO] utils.logging:   91: {"_type": "val_iter", "gpu_mem": "1.79 GB", "iter": "2600/10000", "top1_acc": 60.100001}
[09/24 02:25:55][INFO] utils.logging:   91: {"_type": "val_iter", "gpu_mem": "1.79 GB", "iter": "2800/10000", "top1_acc": 60.300001}
[09/24 02:26:41][INFO] utils.logging:   91: {"_type": "val_iter", "gpu_mem": "1.79 GB", "iter": "3000/10000", "top1_acc": 62.300001}
[09/24 02:27:28][INFO] utils.logging:   91: {"_type": "val_iter", "gpu_mem": "1.79 GB", "iter": "3200/10000", "top1_acc": 57.800001}
[09/24 02:28:14][INFO] utils.logging:   91: {"_type": "val_iter", "gpu_mem": "1.79 GB", "iter": "3400/10000", "top1_acc": 61.800001}
[09/24 02:28:43][WARNING] datasets.base.few_shot_dataset:  251: Error at decoding. 1/5. Vid index: [185, 52], Vid path: 9
[09/24 02:29:01][INFO] utils.logging:   91: {"_type": "val_iter", "gpu_mem": "1.79 GB", "iter": "3600/10000", "top1_acc": 58.800001}
[09/24 02:29:47][INFO] utils.logging:   91: {"_type": "val_iter", "gpu_mem": "1.79 GB", "iter": "3800/10000", "top1_acc": 60.600001}
[09/24 02:30:25][WARNING] datasets.base.few_shot_dataset:  251: Error at decoding. 1/5. Vid index: [116, 185], Vid path: 9
[09/24 02:30:33][INFO] utils.logging:   91: {"_type": "val_iter", "gpu_mem": "1.79 GB", "iter": "4000/10000", "top1_acc": 61.600001}
[09/24 02:31:17][INFO] datasets.base.few_shot_dataset:  420: Error at decoding. Vid index: 2581, Vid path: /mnt/data/yanyi2025/lrc/action_data/ssv2/videos/videos/113474.webm
[09/24 02:31:20][INFO] utils.logging:   91: {"_type": "val_iter", "gpu_mem": "1.79 GB", "iter": "4200/10000", "top1_acc": 60.400001}
[09/24 02:32:06][INFO] utils.logging:   91: {"_type": "val_iter", "gpu_mem": "1.79 GB", "iter": "4400/10000", "top1_acc": 59.700001}
[09/24 02:32:53][INFO] utils.logging:   91: {"_type": "val_iter", "gpu_mem": "1.79 GB", "iter": "4600/10000", "top1_acc": 60.200001}
[09/24 02:33:39][INFO] utils.logging:   91: {"_type": "val_iter", "gpu_mem": "1.79 GB", "iter": "4800/10000", "top1_acc": 60.900001}
[09/24 02:34:26][INFO] utils.logging:   91: {"_type": "val_iter", "gpu_mem": "1.79 GB", "iter": "5000/10000", "top1_acc": 60.200001}
[09/24 02:34:58][WARNING] datasets.base.few_shot_dataset:  251: Error at decoding. 1/5. Vid index: [179, 185], Vid path: 9
[09/24 02:35:05][WARNING] datasets.base.few_shot_dataset:  251: Error at decoding. 1/5. Vid index: [185, 88], Vid path: 9
[09/24 02:35:12][INFO] utils.logging:   91: {"_type": "val_iter", "gpu_mem": "1.79 GB", "iter": "5200/10000", "top1_acc": 60.100001}
[09/24 02:35:59][INFO] utils.logging:   91: {"_type": "val_iter", "gpu_mem": "1.79 GB", "iter": "5400/10000", "top1_acc": 61.100001}
[09/24 02:36:45][INFO] utils.logging:   91: {"_type": "val_iter", "gpu_mem": "1.79 GB", "iter": "5600/10000", "top1_acc": 57.800000}
[09/24 02:37:05][WARNING] datasets.base.few_shot_dataset:  251: Error at decoding. 1/5. Vid index: [159, 185], Vid path: 9
[09/24 02:37:32][INFO] utils.logging:   91: {"_type": "val_iter", "gpu_mem": "1.79 GB", "iter": "5800/10000", "top1_acc": 58.700001}
[09/24 02:38:18][INFO] utils.logging:   91: {"_type": "val_iter", "gpu_mem": "1.79 GB", "iter": "6000/10000", "top1_acc": 63.000001}
[09/24 02:39:04][INFO] utils.logging:   91: {"_type": "val_iter", "gpu_mem": "1.79 GB", "iter": "6200/10000", "top1_acc": 59.000001}
[09/24 02:39:57][INFO] utils.logging:   91: {"_type": "val_iter", "gpu_mem": "1.79 GB", "iter": "6400/10000", "top1_acc": 60.000001}
[09/24 02:40:53][INFO] utils.logging:   91: {"_type": "val_iter", "gpu_mem": "1.79 GB", "iter": "6600/10000", "top1_acc": 58.800001}
[09/24 02:41:49][INFO] utils.logging:   91: {"_type": "val_iter", "gpu_mem": "1.79 GB", "iter": "6800/10000", "top1_acc": 61.000001}
[09/24 02:42:45][INFO] utils.logging:   91: {"_type": "val_iter", "gpu_mem": "1.79 GB", "iter": "7000/10000", "top1_acc": 62.300001}
[09/24 02:43:41][INFO] utils.logging:   91: {"_type": "val_iter", "gpu_mem": "1.79 GB", "iter": "7200/10000", "top1_acc": 60.700001}
[09/24 02:44:37][INFO] utils.logging:   91: {"_type": "val_iter", "gpu_mem": "1.79 GB", "iter": "7400/10000", "top1_acc": 61.600001}
[09/24 02:45:33][INFO] utils.logging:   91: {"_type": "val_iter", "gpu_mem": "1.79 GB", "iter": "7600/10000", "top1_acc": 63.800001}
[09/24 02:46:29][INFO] utils.logging:   91: {"_type": "val_iter", "gpu_mem": "1.79 GB", "iter": "7800/10000", "top1_acc": 58.800001}
[09/24 02:47:25][INFO] utils.logging:   91: {"_type": "val_iter", "gpu_mem": "1.79 GB", "iter": "8000/10000", "top1_acc": 62.200001}
[09/24 02:48:21][INFO] utils.logging:   91: {"_type": "val_iter", "gpu_mem": "1.79 GB", "iter": "8200/10000", "top1_acc": 61.200001}
[09/24 02:49:17][INFO] utils.logging:   91: {"_type": "val_iter", "gpu_mem": "1.79 GB", "iter": "8400/10000", "top1_acc": 60.800001}
[09/24 02:50:12][INFO] utils.logging:   91: {"_type": "val_iter", "gpu_mem": "1.79 GB", "iter": "8600/10000", "top1_acc": 60.000001}
[09/24 02:51:08][INFO] utils.logging:   91: {"_type": "val_iter", "gpu_mem": "1.79 GB", "iter": "8800/10000", "top1_acc": 60.200001}
[09/24 02:52:05][INFO] utils.logging:   91: {"_type": "val_iter", "gpu_mem": "1.79 GB", "iter": "9000/10000", "top1_acc": 59.100001}
[09/24 02:52:59][INFO] datasets.base.few_shot_dataset:  420: Error at decoding. Vid index: 2581, Vid path: /mnt/data/yanyi2025/lrc/action_data/ssv2/videos/videos/113474.webm
[09/24 02:53:00][INFO] utils.logging:   91: {"_type": "val_iter", "gpu_mem": "1.79 GB", "iter": "9200/10000", "top1_acc": 61.300001}
[09/24 02:53:56][INFO] utils.logging:   91: {"_type": "val_iter", "gpu_mem": "1.79 GB", "iter": "9400/10000", "top1_acc": 61.000001}
[09/24 02:54:38][WARNING] datasets.base.few_shot_dataset:  251: Error at decoding. 1/5. Vid index: [81, 185], Vid path: 9
[09/24 02:54:52][INFO] utils.logging:   91: {"_type": "val_iter", "gpu_mem": "1.79 GB", "iter": "9600/10000", "top1_acc": 61.600001}
[09/24 02:55:48][INFO] utils.logging:   91: {"_type": "val_iter", "gpu_mem": "1.79 GB", "iter": "9800/10000", "top1_acc": 58.600001}
[09/24 02:56:44][INFO] utils.logging:   91: {"_type": "val_iter", "gpu_mem": "1.79 GB", "iter": "10000/10000", "top1_acc": 61.100001}
[09/24 02:56:44][INFO] utils.logging:   91: {"RAM": "21.45/125.63 GB", "_type": "val_epoch", "epoch": "1", "gpu_mem": "1.79 GB", "top1_acc": 60.514001}
[09/24 02:56:44][INFO] train_net_few_shot:   53: Fusion weights: task_match=0.035998, multi_velocity=0.035564, spatial_pattern=0.017986
[09/24 02:56:44][INFO] train_net_few_shot:   73: Multi-velocity matcher: motion_delta=0.028366848826408386, velocity_weights=[0.3596637547016144, 0.6403362154960632], logit_delta=3.3260507583618164
[09/24 02:56:44][INFO] train_net_few_shot:   83: Spatial pattern matcher: logit_delta=4.421949863433838
[09/24 02:56:45][INFO] train_net_few_shot:  155: New best validation accuracy: 60.5140; checkpoint=output/SSv2_Full_TASK_MATCH_MULTI_VELOCITY_SPATIAL_PATTERN/checkpoints/checkpoint_best.pyth
[09/24 02:56:45][INFO] utils.logging:   91: {"_type": "train_iter", "iter": "10000/30000", "loss": 2.659904, "lr": 0.001000, "top1_acc": 79.500001}
[09/24 02:59:30][INFO] utils.logging:   91: {"_type": "train_iter", "iter": "10200/30000", "loss": 2.468804, "lr": 0.001000, "top1_acc": 81.600001}
[09/24 03:02:15][INFO] utils.logging:   91: {"_type": "train_iter", "iter": "10400/30000", "loss": 2.627677, "lr": 0.001000, "top1_acc": 78.700001}
[09/24 03:05:00][INFO] utils.logging:   91: {"_type": "train_iter", "iter": "10600/30000", "loss": 2.469138, "lr": 0.001000, "top1_acc": 80.100002}
[09/24 03:07:45][INFO] utils.logging:   91: {"_type": "train_iter", "iter": "10800/30000", "loss": 2.626337, "lr": 0.001000, "top1_acc": 80.500001}
[09/24 03:10:30][INFO] utils.logging:   91: {"_type": "train_iter", "iter": "11000/30000", "loss": 2.197383, "lr": 0.001000, "top1_acc": 83.500001}
[09/24 03:13:15][INFO] utils.logging:   91: {"_type": "train_iter", "iter": "11200/30000", "loss": 2.292818, "lr": 0.001000, "top1_acc": 81.800001}
[09/24 03:16:00][INFO] utils.logging:   91: {"_type": "train_iter", "iter": "11400/30000", "loss": 2.340704, "lr": 0.001000, "top1_acc": 81.800001}
[09/24 03:18:45][INFO] utils.logging:   91: {"_type": "train_iter", "iter": "11600/30000", "loss": 2.238646, "lr": 0.001000, "top1_acc": 82.300001}
[09/24 03:21:30][INFO] utils.logging:   91: {"_type": "train_iter", "iter": "11800/30000", "loss": 2.375763, "lr": 0.001000, "top1_acc": 82.500001}
[09/24 03:24:15][INFO] utils.logging:   91: {"_type": "train_iter", "iter": "12000/30000", "loss": 2.185204, "lr": 0.001000, "top1_acc": 81.300001}
[09/24 03:26:59][INFO] utils.logging:   91: {"_type": "train_iter", "iter": "12200/30000", "loss": 2.021854, "lr": 0.000500, "top1_acc": 82.200001}
[09/24 03:29:44][INFO] utils.logging:   91: {"_type": "train_iter", "iter": "12400/30000", "loss": 1.837063, "lr": 0.000500, "top1_acc": 85.100001}
[09/24 03:32:29][INFO] utils.logging:   91: {"_type": "train_iter", "iter": "12600/30000", "loss": 1.995531, "lr": 0.000500, "top1_acc": 81.900001}
[09/24 03:35:14][INFO] utils.logging:   91: {"_type": "train_iter", "iter": "12800/30000", "loss": 1.818214, "lr": 0.000500, "top1_acc": 83.300001}
[09/24 03:37:59][INFO] utils.logging:   91: {"_type": "train_iter", "iter": "13000/30000", "loss": 1.757738, "lr": 0.000500, "top1_acc": 85.000001}
[09/24 03:40:44][INFO] utils.logging:   91: {"_type": "train_iter", "iter": "13200/30000", "loss": 1.747724, "lr": 0.000500, "top1_acc": 86.100001}
[09/24 03:43:28][INFO] utils.logging:   91: {"_type": "train_iter", "iter": "13400/30000", "loss": 1.628323, "lr": 0.000500, "top1_acc": 85.900001}
[09/24 03:46:13][INFO] utils.logging:   91: {"_type": "train_iter", "iter": "13600/30000", "loss": 1.718077, "lr": 0.000500, "top1_acc": 84.800001}
[09/24 03:48:58][INFO] utils.logging:   91: {"_type": "train_iter", "iter": "13800/30000", "loss": 1.605380, "lr": 0.000500, "top1_acc": 84.800001}
[09/24 03:51:43][INFO] utils.logging:   91: {"_type": "train_iter", "iter": "14000/30000", "loss": 1.629956, "lr": 0.000500, "top1_acc": 86.900001}
[09/24 03:54:28][INFO] utils.logging:   91: {"_type": "train_iter", "iter": "14200/30000", "loss": 1.604346, "lr": 0.000500, "top1_acc": 83.800001}
[09/24 03:54:55][INFO] datasets.base.few_shot_dataset:  420: Error at decoding. Vid index: 54100, Vid path: /mnt/data/yanyi2025/lrc/action_data/ssv2/videos/videos/96464.webm
[09/24 03:57:13][INFO] utils.logging:   91: {"_type": "train_iter", "iter": "14400/30000", "loss": 1.650357, "lr": 0.000500, "top1_acc": 86.600001}
[09/24 03:59:58][INFO] utils.logging:   91: {"_type": "train_iter", "iter": "14600/30000", "loss": 1.640777, "lr": 0.000500, "top1_acc": 84.900001}
[09/24 04:02:43][INFO] utils.logging:   91: {"_type": "train_iter", "iter": "14800/30000", "loss": 1.466760, "lr": 0.000500, "top1_acc": 87.300001}
[09/24 04:05:28][INFO] utils.logging:   91: {"_type": "train_iter", "iter": "15000/30000", "loss": 1.628934, "lr": 0.000500, "top1_acc": 86.600001}
[09/24 04:08:12][INFO] utils.logging:   91: {"_type": "train_iter", "iter": "15200/30000", "loss": 1.565068, "lr": 0.000500, "top1_acc": 86.000001}
[09/24 04:10:57][INFO] utils.logging:   91: {"_type": "train_iter", "iter": "15400/30000", "loss": 1.538489, "lr": 0.000500, "top1_acc": 86.900001}
[09/24 04:13:42][INFO] utils.logging:   91: {"_type": "train_iter", "iter": "15600/30000", "loss": 1.548869, "lr": 0.000500, "top1_acc": 87.900001}
[09/24 04:16:27][INFO] utils.logging:   91: {"_type": "train_iter", "iter": "15800/30000", "loss": 1.562900, "lr": 0.000500, "top1_acc": 86.000001}
[09/24 04:19:12][INFO] utils.logging:   91: {"_type": "train_iter", "iter": "16000/30000", "loss": 1.424509, "lr": 0.000500, "top1_acc": 87.100001}
[09/24 04:21:56][INFO] utils.logging:   91: {"_type": "train_iter", "iter": "16200/30000", "loss": 1.614311, "lr": 0.000500, "top1_acc": 87.300001}
[09/24 04:24:41][INFO] utils.logging:   91: {"_type": "train_iter", "iter": "16400/30000", "loss": 1.433119, "lr": 0.000500, "top1_acc": 87.000001}
[09/24 04:27:26][INFO] utils.logging:   91: {"_type": "train_iter", "iter": "16600/30000", "loss": 1.457613, "lr": 0.000500, "top1_acc": 87.400001}
[09/24 04:30:11][INFO] utils.logging:   91: {"_type": "train_iter", "iter": "16800/30000", "loss": 1.418121, "lr": 0.000500, "top1_acc": 86.000001}
[09/24 04:32:56][INFO] utils.logging:   91: {"_type": "train_iter", "iter": "17000/30000", "loss": 1.407902, "lr": 0.000500, "top1_acc": 88.400001}
[09/24 04:35:40][INFO] utils.logging:   91: {"_type": "train_iter", "iter": "17200/30000", "loss": 1.385770, "lr": 0.000500, "top1_acc": 88.200001}
[09/24 04:38:25][INFO] utils.logging:   91: {"_type": "train_iter", "iter": "17400/30000", "loss": 1.433815, "lr": 0.000500, "top1_acc": 86.400001}
[09/24 04:41:10][INFO] utils.logging:   91: {"_type": "train_iter", "iter": "17600/30000", "loss": 1.620875, "lr": 0.000500, "top1_acc": 86.600001}
[09/24 04:43:34][INFO] utils.logging:   91: {"_type": "train_iter", "iter": "17800/30000", "loss": 1.283201, "lr": 0.000500, "top1_acc": 90.000001}
[09/24 04:45:56][INFO] utils.logging:   91: {"_type": "train_iter", "iter": "18000/30000", "loss": 1.537910, "lr": 0.000500, "top1_acc": 86.700001}
[09/24 04:48:17][INFO] utils.logging:   91: {"_type": "train_iter", "iter": "18200/30000", "loss": 1.445121, "lr": 0.000100, "top1_acc": 87.700001}
[09/24 04:50:39][INFO] utils.logging:   91: {"_type": "train_iter", "iter": "18400/30000", "loss": 1.239770, "lr": 0.000100, "top1_acc": 90.100001}
[09/24 04:53:01][INFO] utils.logging:   91: {"_type": "train_iter", "iter": "18600/30000", "loss": 1.096598, "lr": 0.000100, "top1_acc": 88.000001}
[09/24 04:55:23][INFO] utils.logging:   91: {"_type": "train_iter", "iter": "18800/30000", "loss": 1.327641, "lr": 0.000100, "top1_acc": 86.800001}
[09/24 04:57:45][INFO] utils.logging:   91: {"_type": "train_iter", "iter": "19000/30000", "loss": 1.128071, "lr": 0.000100, "top1_acc": 90.200001}
[09/24 05:00:07][INFO] utils.logging:   91: {"_type": "train_iter", "iter": "19200/30000", "loss": 1.082333, "lr": 0.000100, "top1_acc": 89.900001}
[09/24 05:02:29][INFO] utils.logging:   91: {"_type": "train_iter", "iter": "19400/30000", "loss": 1.218729, "lr": 0.000100, "top1_acc": 89.100001}
[09/24 05:04:51][INFO] utils.logging:   91: {"_type": "train_iter", "iter": "19600/30000", "loss": 1.098324, "lr": 0.000100, "top1_acc": 89.900001}
[09/24 05:07:13][INFO] utils.logging:   91: {"_type": "train_iter", "iter": "19800/30000", "loss": 1.228900, "lr": 0.000100, "top1_acc": 89.200001}
[09/24 05:09:43][INFO] datasets.base.few_shot_dataset:  420: Error at decoding. Vid index: 2581, Vid path: /mnt/data/yanyi2025/lrc/action_data/ssv2/videos/videos/113474.webm
[09/24 05:09:58][INFO] datasets.base.few_shot_dataset:  420: Error at decoding. Vid index: 2581, Vid path: /mnt/data/yanyi2025/lrc/action_data/ssv2/videos/videos/113474.webm
[09/24 05:10:22][INFO] utils.logging:   91: {"_type": "val_iter", "gpu_mem": "1.79 GB", "iter": "200/10000", "top1_acc": 64.500001}
[09/24 05:11:09][INFO] utils.logging:   91: {"_type": "val_iter", "gpu_mem": "1.79 GB", "iter": "400/10000", "top1_acc": 63.200001}
[09/24 05:11:54][WARNING] datasets.base.few_shot_dataset:  251: Error at decoding. 1/5. Vid index: [185, 182], Vid path: 9
[09/24 05:11:55][INFO] utils.logging:   91: {"_type": "val_iter", "gpu_mem": "1.79 GB", "iter": "600/10000", "top1_acc": 66.400001}
[09/24 05:12:41][INFO] utils.logging:   91: {"_type": "val_iter", "gpu_mem": "1.79 GB", "iter": "800/10000", "top1_acc": 70.000002}
[09/24 05:13:28][INFO] utils.logging:   91: {"_type": "val_iter", "gpu_mem": "1.79 GB", "iter": "1000/10000", "top1_acc": 66.700001}
[09/24 05:14:02][WARNING] datasets.base.few_shot_dataset:  251: Error at decoding. 1/5. Vid index: [64, 185], Vid path: 9
[09/24 05:14:15][INFO] utils.logging:   91: {"_type": "val_iter", "gpu_mem": "1.79 GB", "iter": "1200/10000", "top1_acc": 66.100001}
[09/24 05:15:01][INFO] utils.logging:   91: {"_type": "val_iter", "gpu_mem": "1.79 GB", "iter": "1400/10000", "top1_acc": 64.500001}
[09/24 05:15:48][INFO] utils.logging:   91: {"_type": "val_iter", "gpu_mem": "1.79 GB", "iter": "1600/10000", "top1_acc": 67.400001}
[09/24 05:16:34][INFO] utils.logging:   91: {"_type": "val_iter", "gpu_mem": "1.79 GB", "iter": "1800/10000", "top1_acc": 68.100001}
[09/24 05:17:21][INFO] utils.logging:   91: {"_type": "val_iter", "gpu_mem": "1.79 GB", "iter": "2000/10000", "top1_acc": 66.300001}
[09/24 05:17:56][INFO] datasets.base.few_shot_dataset:  420: Error at decoding. Vid index: 2581, Vid path: /mnt/data/yanyi2025/lrc/action_data/ssv2/videos/videos/113474.webm
[09/24 05:18:07][INFO] utils.logging:   91: {"_type": "val_iter", "gpu_mem": "1.79 GB", "iter": "2200/10000", "top1_acc": 64.900001}
[09/24 05:18:45][WARNING] datasets.base.few_shot_dataset:  251: Error at decoding. 1/5. Vid index: [86, 185], Vid path: 9
[09/24 05:18:54][INFO] utils.logging:   91: {"_type": "val_iter", "gpu_mem": "1.79 GB", "iter": "2400/10000", "top1_acc": 66.000001}
[09/24 05:19:40][INFO] utils.logging:   91: {"_type": "val_iter", "gpu_mem": "1.79 GB", "iter": "2600/10000", "top1_acc": 64.800001}
[09/24 05:20:26][INFO] utils.logging:   91: {"_type": "val_iter", "gpu_mem": "1.79 GB", "iter": "2800/10000", "top1_acc": 67.700001}
[09/24 05:21:18][INFO] utils.logging:   91: {"_type": "val_iter", "gpu_mem": "1.79 GB", "iter": "3000/10000", "top1_acc": 68.300002}
[09/24 05:22:14][INFO] utils.logging:   91: {"_type": "val_iter", "gpu_mem": "1.79 GB", "iter": "3200/10000", "top1_acc": 66.200001}
[09/24 05:23:10][INFO] utils.logging:   91: {"_type": "val_iter", "gpu_mem": "1.79 GB", "iter": "3400/10000", "top1_acc": 66.500001}
[09/24 05:23:45][WARNING] datasets.base.few_shot_dataset:  251: Error at decoding. 1/5. Vid index: [185, 52], Vid path: 9
[09/24 05:24:06][INFO] utils.logging:   91: {"_type": "val_iter", "gpu_mem": "1.79 GB", "iter": "3600/10000", "top1_acc": 68.200002}
[09/24 05:25:02][INFO] utils.logging:   91: {"_type": "val_iter", "gpu_mem": "1.79 GB", "iter": "3800/10000", "top1_acc": 68.800001}
[09/24 05:25:48][WARNING] datasets.base.few_shot_dataset:  251: Error at decoding. 1/5. Vid index: [116, 185], Vid path: 9
[09/24 05:25:58][INFO] utils.logging:   91: {"_type": "val_iter", "gpu_mem": "1.79 GB", "iter": "4000/10000", "top1_acc": 70.300001}
[09/24 05:26:51][INFO] datasets.base.few_shot_dataset:  420: Error at decoding. Vid index: 2581, Vid path: /mnt/data/yanyi2025/lrc/action_data/ssv2/videos/videos/113474.webm
[09/24 05:26:54][INFO] utils.logging:   91: {"_type": "val_iter", "gpu_mem": "1.79 GB", "iter": "4200/10000", "top1_acc": 68.700001}
[09/24 05:27:50][INFO] utils.logging:   91: {"_type": "val_iter", "gpu_mem": "1.79 GB", "iter": "4400/10000", "top1_acc": 67.400001}
[09/24 05:28:46][INFO] utils.logging:   91: {"_type": "val_iter", "gpu_mem": "1.79 GB", "iter": "4600/10000", "top1_acc": 65.800001}
[09/24 05:29:42][INFO] utils.logging:   91: {"_type": "val_iter", "gpu_mem": "1.79 GB", "iter": "4800/10000", "top1_acc": 64.900001}
[09/24 05:30:38][INFO] utils.logging:   91: {"_type": "val_iter", "gpu_mem": "1.79 GB", "iter": "5000/10000", "top1_acc": 67.300001}
[09/24 05:31:17][WARNING] datasets.base.few_shot_dataset:  251: Error at decoding. 1/5. Vid index: [179, 185], Vid path: 9
[09/24 05:31:26][WARNING] datasets.base.few_shot_dataset:  251: Error at decoding. 1/5. Vid index: [185, 88], Vid path: 9
[09/24 05:31:34][INFO] utils.logging:   91: {"_type": "val_iter", "gpu_mem": "1.79 GB", "iter": "5200/10000", "top1_acc": 63.800001}
[09/24 05:32:30][INFO] utils.logging:   91: {"_type": "val_iter", "gpu_mem": "1.79 GB", "iter": "5400/10000", "top1_acc": 66.300001}
[09/24 05:33:26][INFO] utils.logging:   91: {"_type": "val_iter", "gpu_mem": "1.79 GB", "iter": "5600/10000", "top1_acc": 63.900001}
[09/24 05:33:50][WARNING] datasets.base.few_shot_dataset:  251: Error at decoding. 1/5. Vid index: [159, 185], Vid path: 9
[09/24 05:34:22][INFO] utils.logging:   91: {"_type": "val_iter", "gpu_mem": "1.79 GB", "iter": "5800/10000", "top1_acc": 66.800001}
[09/24 05:35:18][INFO] utils.logging:   91: {"_type": "val_iter", "gpu_mem": "1.79 GB", "iter": "6000/10000", "top1_acc": 67.000001}
[09/24 05:36:14][INFO] utils.logging:   91: {"_type": "val_iter", "gpu_mem": "1.79 GB", "iter": "6200/10000", "top1_acc": 64.400001}
[09/24 05:37:10][INFO] utils.logging:   91: {"_type": "val_iter", "gpu_mem": "1.79 GB", "iter": "6400/10000", "top1_acc": 67.400002}
[09/24 05:38:06][INFO] utils.logging:   91: {"_type": "val_iter", "gpu_mem": "1.79 GB", "iter": "6600/10000", "top1_acc": 66.600001}
[09/24 05:39:02][INFO] utils.logging:   91: {"_type": "val_iter", "gpu_mem": "1.79 GB", "iter": "6800/10000", "top1_acc": 68.800001}
[09/24 05:39:58][INFO] utils.logging:   91: {"_type": "val_iter", "gpu_mem": "1.79 GB", "iter": "7000/10000", "top1_acc": 66.500001}
[09/24 05:40:54][INFO] utils.logging:   91: {"_type": "val_iter", "gpu_mem": "1.79 GB", "iter": "7200/10000", "top1_acc": 65.900001}
[09/24 05:41:50][INFO] utils.logging:   91: {"_type": "val_iter", "gpu_mem": "1.79 GB", "iter": "7400/10000", "top1_acc": 66.100001}
[09/24 05:42:46][INFO] utils.logging:   91: {"_type": "val_iter", "gpu_mem": "1.79 GB", "iter": "7600/10000", "top1_acc": 68.000001}
[09/24 05:43:42][INFO] utils.logging:   91: {"_type": "val_iter", "gpu_mem": "1.79 GB", "iter": "7800/10000", "top1_acc": 64.600001}
[09/24 05:44:38][INFO] utils.logging:   91: {"_type": "val_iter", "gpu_mem": "1.79 GB", "iter": "8000/10000", "top1_acc": 66.600001}
[09/24 05:45:34][INFO] utils.logging:   91: {"_type": "val_iter", "gpu_mem": "1.79 GB", "iter": "8200/10000", "top1_acc": 65.600002}
[09/24 05:46:30][INFO] utils.logging:   91: {"_type": "val_iter", "gpu_mem": "1.79 GB", "iter": "8400/10000", "top1_acc": 66.400001}
[09/24 05:47:27][INFO] utils.logging:   91: {"_type": "val_iter", "gpu_mem": "1.79 GB", "iter": "8600/10000", "top1_acc": 66.000001}
[09/24 05:48:22][INFO] utils.logging:   91: {"_type": "val_iter", "gpu_mem": "1.79 GB", "iter": "8800/10000", "top1_acc": 68.100001}
[09/24 05:49:19][INFO] utils.logging:   91: {"_type": "val_iter", "gpu_mem": "1.79 GB", "iter": "9000/10000", "top1_acc": 63.600001}
[09/24 05:50:13][INFO] datasets.base.few_shot_dataset:  420: Error at decoding. Vid index: 2581, Vid path: /mnt/data/yanyi2025/lrc/action_data/ssv2/videos/videos/113474.webm
[09/24 05:50:14][INFO] utils.logging:   91: {"_type": "val_iter", "gpu_mem": "1.79 GB", "iter": "9200/10000", "top1_acc": 67.200002}
[09/24 05:51:11][INFO] utils.logging:   91: {"_type": "val_iter", "gpu_mem": "1.79 GB", "iter": "9400/10000", "top1_acc": 66.700001}
[09/24 05:51:52][WARNING] datasets.base.few_shot_dataset:  251: Error at decoding. 1/5. Vid index: [81, 185], Vid path: 9
[09/24 05:52:07][INFO] utils.logging:   91: {"_type": "val_iter", "gpu_mem": "1.79 GB", "iter": "9600/10000", "top1_acc": 66.800001}
[09/24 05:53:03][INFO] utils.logging:   91: {"_type": "val_iter", "gpu_mem": "1.79 GB", "iter": "9800/10000", "top1_acc": 63.900001}
[09/24 05:53:59][INFO] utils.logging:   91: {"_type": "val_iter", "gpu_mem": "1.79 GB", "iter": "10000/10000", "top1_acc": 66.000001}
[09/24 05:53:59][INFO] utils.logging:   91: {"RAM": "20.81/125.63 GB", "_type": "val_epoch", "epoch": "2", "gpu_mem": "1.79 GB", "top1_acc": 66.440001}
[09/24 05:53:59][INFO] train_net_few_shot:   53: Fusion weights: task_match=0.044346, multi_velocity=0.029300, spatial_pattern=0.017986
[09/24 05:53:59][INFO] train_net_few_shot:   73: Multi-velocity matcher: motion_delta=0.028090666979551315, velocity_weights=[0.4260474443435669, 0.5739525556564331], logit_delta=4.412977695465088
[09/24 05:53:59][INFO] train_net_few_shot:   83: Spatial pattern matcher: logit_delta=5.788300514221191
[09/24 05:54:00][INFO] train_net_few_shot:  155: New best validation accuracy: 66.4400; checkpoint=output/SSv2_Full_TASK_MATCH_MULTI_VELOCITY_SPATIAL_PATTERN/checkpoints/checkpoint_best.pyth
[09/24 05:54:01][INFO] utils.logging:   91: {"_type": "train_iter", "iter": "20000/30000", "loss": 1.073457, "lr": 0.000100, "top1_acc": 90.900001}
[09/24 05:56:46][INFO] utils.logging:   91: {"_type": "train_iter", "iter": "20200/30000", "loss": 0.978097, "lr": 0.000100, "top1_acc": 90.500001}
[09/24 05:59:31][INFO] utils.logging:   91: {"_type": "train_iter", "iter": "20400/30000", "loss": 1.163949, "lr": 0.000100, "top1_acc": 89.700001}
[09/24 06:02:16][INFO] utils.logging:   91: {"_type": "train_iter", "iter": "20600/30000", "loss": 1.060789, "lr": 0.000100, "top1_acc": 89.900001}
[09/24 06:05:01][INFO] utils.logging:   91: {"_type": "train_iter", "iter": "20800/30000", "loss": 1.079651, "lr": 0.000100, "top1_acc": 89.500001}
[09/24 06:07:46][INFO] utils.logging:   91: {"_type": "train_iter", "iter": "21000/30000", "loss": 1.038788, "lr": 0.000100, "top1_acc": 90.000001}
[09/24 06:10:31][INFO] utils.logging:   91: {"_type": "train_iter", "iter": "21200/30000", "loss": 1.009983, "lr": 0.000100, "top1_acc": 90.400001}
[09/24 06:13:16][INFO] utils.logging:   91: {"_type": "train_iter", "iter": "21400/30000", "loss": 0.889185, "lr": 0.000100, "top1_acc": 92.000001}
[09/24 06:16:01][INFO] utils.logging:   91: {"_type": "train_iter", "iter": "21600/30000", "loss": 0.926208, "lr": 0.000100, "top1_acc": 91.100001}
[09/24 06:18:46][INFO] utils.logging:   91: {"_type": "train_iter", "iter": "21800/30000", "loss": 1.038485, "lr": 0.000100, "top1_acc": 90.100001}
[09/24 06:21:30][INFO] utils.logging:   91: {"_type": "train_iter", "iter": "22000/30000", "loss": 1.031581, "lr": 0.000100, "top1_acc": 90.700001}
[09/24 06:24:16][INFO] utils.logging:   91: {"_type": "train_iter", "iter": "22200/30000", "loss": 1.017016, "lr": 0.000100, "top1_acc": 89.600001}
[09/24 06:27:00][INFO] utils.logging:   91: {"_type": "train_iter", "iter": "22400/30000", "loss": 0.936384, "lr": 0.000100, "top1_acc": 91.600001}
[09/24 06:29:45][INFO] utils.logging:   91: {"_type": "train_iter", "iter": "22600/30000", "loss": 0.943982, "lr": 0.000100, "top1_acc": 90.600001}
[09/24 06:32:30][INFO] utils.logging:   91: {"_type": "train_iter", "iter": "22800/30000", "loss": 0.967156, "lr": 0.000100, "top1_acc": 90.200001}
[09/24 06:35:15][INFO] utils.logging:   91: {"_type": "train_iter", "iter": "23000/30000", "loss": 1.001695, "lr": 0.000100, "top1_acc": 90.500001}
[09/24 06:38:00][INFO] utils.logging:   91: {"_type": "train_iter", "iter": "23200/30000", "loss": 0.995357, "lr": 0.000100, "top1_acc": 90.500001}
[09/24 06:40:45][INFO] utils.logging:   91: {"_type": "train_iter", "iter": "23400/30000", "loss": 1.029552, "lr": 0.000100, "top1_acc": 90.700001}
[09/24 06:43:30][INFO] utils.logging:   91: {"_type": "train_iter", "iter": "23600/30000", "loss": 1.016085, "lr": 0.000100, "top1_acc": 90.700001}
[09/24 06:46:15][INFO] utils.logging:   91: {"_type": "train_iter", "iter": "23800/30000", "loss": 0.987470, "lr": 0.000100, "top1_acc": 90.200001}
[09/24 06:49:00][INFO] utils.logging:   91: {"_type": "train_iter", "iter": "24000/30000", "loss": 0.889072, "lr": 0.000100, "top1_acc": 90.600001}
[09/24 06:51:45][INFO] utils.logging:   91: {"_type": "train_iter", "iter": "24200/30000", "loss": 0.890530, "lr": 0.000050, "top1_acc": 90.200001}
[09/24 06:54:30][INFO] utils.logging:   91: {"_type": "train_iter", "iter": "24400/30000", "loss": 0.812243, "lr": 0.000050, "top1_acc": 91.700001}
[09/24 06:57:15][INFO] utils.logging:   91: {"_type": "train_iter", "iter": "24600/30000", "loss": 0.994136, "lr": 0.000050, "top1_acc": 91.000001}
[09/24 07:00:00][INFO] utils.logging:   91: {"_type": "train_iter", "iter": "24800/30000", "loss": 0.860348, "lr": 0.000050, "top1_acc": 90.000001}
[09/24 07:02:45][INFO] utils.logging:   91: {"_type": "train_iter", "iter": "25000/30000", "loss": 0.899013, "lr": 0.000050, "top1_acc": 90.600001}
[09/24 07:05:30][INFO] utils.logging:   91: {"_type": "train_iter", "iter": "25200/30000", "loss": 0.862549, "lr": 0.000050, "top1_acc": 90.600001}
[09/24 07:08:14][INFO] utils.logging:   91: {"_type": "train_iter", "iter": "25400/30000", "loss": 0.972243, "lr": 0.000050, "top1_acc": 89.300001}
[09/24 07:10:59][INFO] utils.logging:   91: {"_type": "train_iter", "iter": "25600/30000", "loss": 0.813863, "lr": 0.000050, "top1_acc": 92.000001}
[09/24 07:13:44][INFO] utils.logging:   91: {"_type": "train_iter", "iter": "25800/30000", "loss": 0.851394, "lr": 0.000050, "top1_acc": 92.600001}
[09/24 07:16:29][INFO] utils.logging:   91: {"_type": "train_iter", "iter": "26000/30000", "loss": 0.921872, "lr": 0.000050, "top1_acc": 91.200001}
[09/24 07:19:14][INFO] utils.logging:   91: {"_type": "train_iter", "iter": "26200/30000", "loss": 0.917572, "lr": 0.000050, "top1_acc": 91.500001}
[09/24 07:21:43][INFO] utils.logging:   91: {"_type": "train_iter", "iter": "26400/30000", "loss": 0.903549, "lr": 0.000050, "top1_acc": 91.000001}
[09/24 07:24:05][INFO] utils.logging:   91: {"_type": "train_iter", "iter": "26600/30000", "loss": 0.850678, "lr": 0.000050, "top1_acc": 90.900001}
[09/24 07:26:27][INFO] utils.logging:   91: {"_type": "train_iter", "iter": "26800/30000", "loss": 0.968182, "lr": 0.000050, "top1_acc": 90.900001}
[09/24 07:28:49][INFO] utils.logging:   91: {"_type": "train_iter", "iter": "27000/30000", "loss": 0.889510, "lr": 0.000050, "top1_acc": 91.000001}
[09/24 07:31:11][INFO] utils.logging:   91: {"_type": "train_iter", "iter": "27200/30000", "loss": 0.843728, "lr": 0.000050, "top1_acc": 90.500001}
[09/24 07:33:33][INFO] utils.logging:   91: {"_type": "train_iter", "iter": "27400/30000", "loss": 0.958096, "lr": 0.000050, "top1_acc": 90.500001}
[09/24 07:35:55][INFO] utils.logging:   91: {"_type": "train_iter", "iter": "27600/30000", "loss": 0.866102, "lr": 0.000050, "top1_acc": 91.400001}
[09/24 07:38:17][INFO] utils.logging:   91: {"_type": "train_iter", "iter": "27800/30000", "loss": 0.922103, "lr": 0.000050, "top1_acc": 90.800001}
[09/24 07:40:39][INFO] utils.logging:   91: {"_type": "train_iter", "iter": "28000/30000", "loss": 0.832838, "lr": 0.000050, "top1_acc": 90.900001}
[09/24 07:43:01][INFO] utils.logging:   91: {"_type": "train_iter", "iter": "28200/30000", "loss": 0.812578, "lr": 0.000050, "top1_acc": 92.200001}
[09/24 07:45:23][INFO] utils.logging:   91: {"_type": "train_iter", "iter": "28400/30000", "loss": 0.818103, "lr": 0.000050, "top1_acc": 90.900001}
[09/24 07:47:45][INFO] utils.logging:   91: {"_type": "train_iter", "iter": "28600/30000", "loss": 0.978599, "lr": 0.000050, "top1_acc": 92.000001}
[09/24 07:50:07][INFO] utils.logging:   91: {"_type": "train_iter", "iter": "28800/30000", "loss": 0.861953, "lr": 0.000050, "top1_acc": 92.900001}
[09/24 07:52:29][INFO] utils.logging:   91: {"_type": "train_iter", "iter": "29000/30000", "loss": 0.883981, "lr": 0.000050, "top1_acc": 90.300001}
[09/24 07:54:51][INFO] utils.logging:   91: {"_type": "train_iter", "iter": "29200/30000", "loss": 0.804812, "lr": 0.000050, "top1_acc": 91.100001}
[09/24 07:57:13][INFO] utils.logging:   91: {"_type": "train_iter", "iter": "29400/30000", "loss": 0.878278, "lr": 0.000050, "top1_acc": 91.800001}
[09/24 07:59:35][INFO] utils.logging:   91: {"_type": "train_iter", "iter": "29600/30000", "loss": 0.953232, "lr": 0.000050, "top1_acc": 89.200001}
[09/24 08:01:53][INFO] utils.logging:   91: {"_type": "train_iter", "iter": "29800/30000", "loss": 0.833109, "lr": 0.000050, "top1_acc": 90.900001}
[09/24 08:04:21][INFO] datasets.base.few_shot_dataset:  420: Error at decoding. Vid index: 2581, Vid path: /mnt/data/yanyi2025/lrc/action_data/ssv2/videos/videos/113474.webm
[09/24 08:04:36][INFO] datasets.base.few_shot_dataset:  420: Error at decoding. Vid index: 2581, Vid path: /mnt/data/yanyi2025/lrc/action_data/ssv2/videos/videos/113474.webm
[09/24 08:04:59][INFO] utils.logging:   91: {"_type": "val_iter", "gpu_mem": "1.79 GB", "iter": "200/10000", "top1_acc": 66.100001}
[09/24 08:05:45][INFO] utils.logging:   91: {"_type": "val_iter", "gpu_mem": "1.79 GB", "iter": "400/10000", "top1_acc": 64.300001}
[09/24 08:06:30][WARNING] datasets.base.few_shot_dataset:  251: Error at decoding. 1/5. Vid index: [185, 182], Vid path: 9
[09/24 08:06:31][INFO] utils.logging:   91: {"_type": "val_iter", "gpu_mem": "1.79 GB", "iter": "600/10000", "top1_acc": 67.000001}
[09/24 08:07:16][INFO] utils.logging:   91: {"_type": "val_iter", "gpu_mem": "1.79 GB", "iter": "800/10000", "top1_acc": 66.800001}
[09/24 08:08:02][INFO] utils.logging:   91: {"_type": "val_iter", "gpu_mem": "1.79 GB", "iter": "1000/10000", "top1_acc": 67.900001}
[09/24 08:08:36][WARNING] datasets.base.few_shot_dataset:  251: Error at decoding. 1/5. Vid index: [64, 185], Vid path: 9
[09/24 08:08:48][INFO] utils.logging:   91: {"_type": "val_iter", "gpu_mem": "1.79 GB", "iter": "1200/10000", "top1_acc": 67.500001}
[09/24 08:09:34][INFO] utils.logging:   91: {"_type": "val_iter", "gpu_mem": "1.79 GB", "iter": "1400/10000", "top1_acc": 66.600001}
[09/24 08:10:20][INFO] utils.logging:   91: {"_type": "val_iter", "gpu_mem": "1.79 GB", "iter": "1600/10000", "top1_acc": 66.000001}
[09/24 08:11:05][INFO] utils.logging:   91: {"_type": "val_iter", "gpu_mem": "1.79 GB", "iter": "1800/10000", "top1_acc": 67.600001}
[09/24 08:11:51][INFO] utils.logging:   91: {"_type": "val_iter", "gpu_mem": "1.79 GB", "iter": "2000/10000", "top1_acc": 69.100001}
[09/24 08:12:25][INFO] datasets.base.few_shot_dataset:  420: Error at decoding. Vid index: 2581, Vid path: /mnt/data/yanyi2025/lrc/action_data/ssv2/videos/videos/113474.webm
[09/24 08:12:37][INFO] utils.logging:   91: {"_type": "val_iter", "gpu_mem": "1.79 GB", "iter": "2200/10000", "top1_acc": 66.700001}
[09/24 08:13:14][WARNING] datasets.base.few_shot_dataset:  251: Error at decoding. 1/5. Vid index: [86, 185], Vid path: 9
[09/24 08:13:23][INFO] utils.logging:   91: {"_type": "val_iter", "gpu_mem": "1.79 GB", "iter": "2400/10000", "top1_acc": 65.900001}
[09/24 08:14:08][INFO] utils.logging:   91: {"_type": "val_iter", "gpu_mem": "1.79 GB", "iter": "2600/10000", "top1_acc": 65.700001}
[09/24 08:14:54][INFO] utils.logging:   91: {"_type": "val_iter", "gpu_mem": "1.79 GB", "iter": "2800/10000", "top1_acc": 68.100001}
[09/24 08:15:40][INFO] utils.logging:   91: {"_type": "val_iter", "gpu_mem": "1.79 GB", "iter": "3000/10000", "top1_acc": 67.700001}
[09/24 08:16:25][INFO] utils.logging:   91: {"_type": "val_iter", "gpu_mem": "1.79 GB", "iter": "3200/10000", "top1_acc": 66.400001}
[09/24 08:17:11][INFO] utils.logging:   91: {"_type": "val_iter", "gpu_mem": "1.79 GB", "iter": "3400/10000", "top1_acc": 68.200001}
[09/24 08:17:39][WARNING] datasets.base.few_shot_dataset:  251: Error at decoding. 1/5. Vid index: [185, 52], Vid path: 9
[09/24 08:17:57][INFO] utils.logging:   91: {"_type": "val_iter", "gpu_mem": "1.79 GB", "iter": "3600/10000", "top1_acc": 68.500001}
[09/24 08:18:43][INFO] utils.logging:   91: {"_type": "val_iter", "gpu_mem": "1.79 GB", "iter": "3800/10000", "top1_acc": 68.300001}
[09/24 08:19:20][WARNING] datasets.base.few_shot_dataset:  251: Error at decoding. 1/5. Vid index: [116, 185], Vid path: 9
[09/24 08:19:28][INFO] utils.logging:   91: {"_type": "val_iter", "gpu_mem": "1.79 GB", "iter": "4000/10000", "top1_acc": 71.800001}
[09/24 08:20:11][INFO] datasets.base.few_shot_dataset:  420: Error at decoding. Vid index: 2581, Vid path: /mnt/data/yanyi2025/lrc/action_data/ssv2/videos/videos/113474.webm
[09/24 08:20:14][INFO] utils.logging:   91: {"_type": "val_iter", "gpu_mem": "1.79 GB", "iter": "4200/10000", "top1_acc": 67.100001}
[09/24 08:21:00][INFO] utils.logging:   91: {"_type": "val_iter", "gpu_mem": "1.79 GB", "iter": "4400/10000", "top1_acc": 67.800001}
[09/24 08:21:45][INFO] utils.logging:   91: {"_type": "val_iter", "gpu_mem": "1.79 GB", "iter": "4600/10000", "top1_acc": 67.700001}
[09/24 08:22:31][INFO] utils.logging:   91: {"_type": "val_iter", "gpu_mem": "1.79 GB", "iter": "4800/10000", "top1_acc": 67.200001}
[09/24 08:23:17][INFO] utils.logging:   91: {"_type": "val_iter", "gpu_mem": "1.79 GB", "iter": "5000/10000", "top1_acc": 67.400001}
[09/24 08:23:49][WARNING] datasets.base.few_shot_dataset:  251: Error at decoding. 1/5. Vid index: [179, 185], Vid path: 9
[09/24 08:23:56][WARNING] datasets.base.few_shot_dataset:  251: Error at decoding. 1/5. Vid index: [185, 88], Vid path: 9
[09/24 08:24:03][INFO] utils.logging:   91: {"_type": "val_iter", "gpu_mem": "1.79 GB", "iter": "5200/10000", "top1_acc": 66.600001}
[09/24 08:24:49][INFO] utils.logging:   91: {"_type": "val_iter", "gpu_mem": "1.79 GB", "iter": "5400/10000", "top1_acc": 65.600001}
[09/24 08:25:34][INFO] utils.logging:   91: {"_type": "val_iter", "gpu_mem": "1.79 GB", "iter": "5600/10000", "top1_acc": 65.200001}
[09/24 08:25:54][WARNING] datasets.base.few_shot_dataset:  251: Error at decoding. 1/5. Vid index: [159, 185], Vid path: 9
[09/24 08:26:20][INFO] utils.logging:   91: {"_type": "val_iter", "gpu_mem": "1.79 GB", "iter": "5800/10000", "top1_acc": 69.200001}
[09/24 08:27:06][INFO] utils.logging:   91: {"_type": "val_iter", "gpu_mem": "1.79 GB", "iter": "6000/10000", "top1_acc": 67.900001}
[09/24 08:27:51][INFO] utils.logging:   91: {"_type": "val_iter", "gpu_mem": "1.79 GB", "iter": "6200/10000", "top1_acc": 67.000001}
[09/24 08:28:37][INFO] utils.logging:   91: {"_type": "val_iter", "gpu_mem": "1.79 GB", "iter": "6400/10000", "top1_acc": 67.700001}
[09/24 08:29:23][INFO] utils.logging:   91: {"_type": "val_iter", "gpu_mem": "1.79 GB", "iter": "6600/10000", "top1_acc": 67.200001}
[09/24 08:30:09][INFO] utils.logging:   91: {"_type": "val_iter", "gpu_mem": "1.79 GB", "iter": "6800/10000", "top1_acc": 69.300001}
[09/24 08:30:54][INFO] utils.logging:   91: {"_type": "val_iter", "gpu_mem": "1.79 GB", "iter": "7000/10000", "top1_acc": 70.200002}
[09/24 08:31:40][INFO] utils.logging:   91: {"_type": "val_iter", "gpu_mem": "1.79 GB", "iter": "7200/10000", "top1_acc": 67.000001}
[09/24 08:32:25][INFO] utils.logging:   91: {"_type": "val_iter", "gpu_mem": "1.79 GB", "iter": "7400/10000", "top1_acc": 68.500001}
[09/24 08:33:11][INFO] utils.logging:   91: {"_type": "val_iter", "gpu_mem": "1.79 GB", "iter": "7600/10000", "top1_acc": 70.600002}
[09/24 08:33:57][INFO] utils.logging:   91: {"_type": "val_iter", "gpu_mem": "1.79 GB", "iter": "7800/10000", "top1_acc": 66.100001}
[09/24 08:34:43][INFO] utils.logging:   91: {"_type": "val_iter", "gpu_mem": "1.79 GB", "iter": "8000/10000", "top1_acc": 66.800001}
[09/24 08:35:28][INFO] utils.logging:   91: {"_type": "val_iter", "gpu_mem": "1.79 GB", "iter": "8200/10000", "top1_acc": 67.600002}
[09/24 08:36:14][INFO] utils.logging:   91: {"_type": "val_iter", "gpu_mem": "1.79 GB", "iter": "8400/10000", "top1_acc": 67.900001}
[09/24 08:37:00][INFO] utils.logging:   91: {"_type": "val_iter", "gpu_mem": "1.79 GB", "iter": "8600/10000", "top1_acc": 66.900001}
[09/24 08:37:47][INFO] utils.logging:   91: {"_type": "val_iter", "gpu_mem": "1.79 GB", "iter": "8800/10000", "top1_acc": 68.000001}
[09/24 08:38:48][INFO] utils.logging:   91: {"_type": "val_iter", "gpu_mem": "1.79 GB", "iter": "9000/10000", "top1_acc": 65.800001}
[09/24 08:39:47][INFO] datasets.base.few_shot_dataset:  420: Error at decoding. Vid index: 2581, Vid path: /mnt/data/yanyi2025/lrc/action_data/ssv2/videos/videos/113474.webm
[09/24 08:39:49][INFO] utils.logging:   91: {"_type": "val_iter", "gpu_mem": "1.79 GB", "iter": "9200/10000", "top1_acc": 67.300001}
[09/24 08:40:50][INFO] utils.logging:   91: {"_type": "val_iter", "gpu_mem": "1.79 GB", "iter": "9400/10000", "top1_acc": 69.300001}
[09/24 08:41:35][WARNING] datasets.base.few_shot_dataset:  251: Error at decoding. 1/5. Vid index: [81, 185], Vid path: 9
[09/24 08:41:51][INFO] utils.logging:   91: {"_type": "val_iter", "gpu_mem": "1.79 GB", "iter": "9600/10000", "top1_acc": 68.200001}
[09/24 08:42:52][INFO] utils.logging:   91: {"_type": "val_iter", "gpu_mem": "1.79 GB", "iter": "9800/10000", "top1_acc": 66.600001}
[09/24 08:43:53][INFO] utils.logging:   91: {"_type": "val_iter", "gpu_mem": "1.79 GB", "iter": "10000/10000", "top1_acc": 66.600001}
[09/24 08:43:53][INFO] utils.logging:   91: {"RAM": "24.38/125.63 GB", "_type": "val_epoch", "epoch": "3", "gpu_mem": "1.79 GB", "top1_acc": 67.450001}
[09/24 08:43:53][INFO] train_net_few_shot:   53: Fusion weights: task_match=0.046796, multi_velocity=0.028194, spatial_pattern=0.017986
[09/24 08:43:53][INFO] train_net_few_shot:   73: Multi-velocity matcher: motion_delta=0.028131775557994843, velocity_weights=[0.43749842047691345, 0.5625015497207642], logit_delta=4.396887302398682
[09/24 08:43:53][INFO] train_net_few_shot:   83: Spatial pattern matcher: logit_delta=5.260009765625
[09/24 08:43:55][INFO] train_net_few_shot:  155: New best validation accuracy: 67.4500; checkpoint=output/SSv2_Full_TASK_MATCH_MULTI_VELOCITY_SPATIAL_PATTERN/checkpoints/checkpoint_best.pyth
[09/24 08:43:56][INFO] utils.logging:   91: {"_type": "train_iter", "iter": "30000/30000", "loss": 0.877552, "lr": 0.000050, "top1_acc": 90.200001}
[09/24 08:43:56][INFO] utils.logging:   91: {"RAM": "21.35/125.63 GB", "_type": "train_epoch", "epoch": "10", "gpu_mem": "1.79 GB", "loss": 2.455989, "lr": 0.000050, "top1_acc": 81.784001}
