[08/20 14:17:37][INFO] train_net_few_shot:  251: Train with config:
[08/20 14:17:37][INFO] train_net_few_shot:  252: {
  "TASK_TYPE": "few_shot_action",
  "PRETRAIN": {
    "ENABLE": false
  },
  "LOCALIZATION": {
    "ENABLE": false
  },
  "TRAIN": {
    "ENABLE": true,
    "DATASET": "UCF101",
    "BATCH_SIZE": 1,
    "LOG_FILE": "train.log",
    "EVAL_PERIOD": 2,
    "NUM_FOLDS": 1,
    "AUTO_RESUME": false,
    "CHECKPOINT_PERIOD": 10,
    "CHECKPOINT_FILE_PATH": "",
    "CHECKPOINT_TYPE": "pytorch",
    "CHECKPOINT_INFLATE": false,
    "CHECKPOINT_PRE_PROCESS": {
      "ENABLE": false
    },
    "FINE_TUNE": true,
    "ONLY_LINEAR": false,
    "LR_REDUCE": false,
    "TRAIN_VAL_COMBINE": false,
    "LOSS_FUNC": "cross_entropy",
    "NUM_CLASS": 70,
    "META_BATCH": true,
    "WAY": 5,
    "SHOT": 1,
    "QUERY_PER_CLASS": 1,
    "QUERY_PER_CLASS_TEST": 1,
    "NUM_TRAIN_TASKS": 18000,
    "NUM_TEST_TASKS": 10000,
    "VAL_FRE_ITER": 6000,
    "BATCH_SIZE_PER_TASK": 16,
    "EARLY_STOP": {
      "ENABLE": true,
      "PATIENCE": 0,
      "MIN_DELTA": 0.05
    }
  },
  "TEST": {
    "ENABLE": true,
    "DATASET": "UCF101",
    "BATCH_SIZE": 1,
    "NUM_SPATIAL_CROPS": 1,
    "SPATIAL_CROPS": "cctltr",
    "NUM_ENSEMBLE_VIEWS": 1,
    "LOG_FILE": "test.log",
    "CHECKPOINT_FILE_PATH": "",
    "CHECKPOINT_TYPE": "pytorch",
    "AUTOMATIC_MULTI_SCALE_TEST": false,
    "TEST_SET": "val",
    "UPLOAD_CLASSIFIER_RESULTS": true,
    "SHOT": [
      1,
      5
    ],
    "EPISODE_SEED": 2026
  },
  "VISUALIZATION": {
    "ENABLE": false,
    "NAME": "",
    "FEATURE_MAPS": {
      "ENABLE": false,
      "BASE_OUTPUT_DIR": ""
    }
  },
  "SUBMISSION": {
    "ENABLE": false,
    "SAVE_RESULTS_PATH": "test.json"
  },
  "DATA": {
    "DATA_ROOT_DIR": "/mnt/data/yanyi2025/lrc/action_data/ucf101/",
    "ANNO_DIR": "config/ucf101/",
    "NUM_INPUT_FRAMES": 8,
    "NUM_INPUT_CHANNELS": 2304,
    "SAMPLING_MODE": "interval_based",
    "SAMPLING_RATE": 50,
    "TRAIN_JITTER_SCALES": [
      256,
      256
    ],
    "TRAIN_CROP_SIZE": 224,
    "TEST_SCALE": 256,
    "TEST_CROP_SIZE": 224,
    "MEAN": [
      0.48145466,
      0.4578275,
      0.40821073
    ],
    "STD": [
      0.26862954,
      0.26130258,
      0.27577711
    ],
    "MULTI_LABEL": false,
    "ENSEMBLE_METHOD": "sum",
    "TARGET_FPS": 12,
    "MINUS_INTERVAL": false,
    "FPS": 12,
    "NORM_FEATURE": false,
    "USE_AUG_FEATURE": false,
    "AUG": false,
    "LOAD_PROPS": false,
    "TEMPORAL_SCALE": 256,
    "LABELS_TYPE": "cls",
    "LOAD_TYPE": "pickle",
    "DOWNLOAD_FEATURE": true,
    "SAMPLING_UNIFORM": false,
    "TEST_CENTER_CROP": true,
    "CLIP_INTERVAL": 8
  },
  "MODEL": {
    "NAME": "BaseVideoModel",
    "EMA": {
      "ENABLE": false,
      "DECAY": 0.99996
    }
  },
  "VIDEO": {
    "BACKBONE": {
      "DEPTH": null,
      "META_ARCH": "Identity",
      "NUM_FILTERS": null,
      "NUM_INPUT_CHANNELS": 3,
      "NUM_OUT_FEATURES": null,
      "KERNEL_SIZE": null,
      "DOWNSAMPLING": null,
      "DOWNSAMPLING_TEMPORAL": null,
      "NUM_STREAMS": 1,
      "EXPANSION_RATIO": 2,
      "BRANCH": {
        "NAME": null
      },
      "STEM": {
        "NAME": null
      },
      "NONLOCAL": {
        "ENABLE": false,
        "STAGES": [
          5
        ],
        "MASK_ENABLE": false
      },
      "INITIALIZATION": null
    },
    "HEAD": {
      "NAME": "BaseTemporalClassifier",
      "ACTIVATION": "softmax",
      "DROPOUT_RATE": 0.0,
      "NUM_CLASSES": 200
    }
  },
  "OPTIMIZER": {
    "ADJUST_LR": false,
    "BASE_LR": 0.002,
    "LR_POLICY": "cosine",
    "MAX_EPOCH": 300,
    "MOMENTUM": 0.9,
    "WEIGHT_DECAY": "5e-3",
    "WARMUP_EPOCHS": 10,
    "WARMUP_START_LR": 0.0002,
    "OPTIM_METHOD": "adam",
    "DAMPENING": 0.0,
    "NESTEROV": true
  },
  "BN": {
    "WB_LOCK": false,
    "FREEZE": false,
    "WEIGHT_DECAY": 0.0,
    "MOMENTUM": 0.1,
    "EPS": "1e-3",
    "SYNC": false
  },
  "DATA_LOADER": {
    "NUM_WORKERS": 8,
    "PIN_MEMORY": true,
    "ENABLE_MULTI_THREAD_DECODE": true,
    "COLLATE_FN": null
  },
  "NUM_GPUS": 1,
  "SHARD_ID": 0,
  "NUM_SHARDS": 1,
  "RANDOM_SEED": 18,
  "OUTPUT_DIR": "output/UCF101_TASK_MATCH_v3",
  "OUTPUT_CFG_FILE": "configuration.log",
  "LOG_PERIOD": 200,
  "DIST_BACKEND": "nccl",
  "LOG_MODEL_INFO": false,
  "LOG_CONFIG_INFO": true,
  "OSS": {
    "ENABLE": false,
    "KEY": null,
    "SECRET": null,
    "ENDPOINT": null,
    "CHECKPOINT_OUTPUT_PATH": null,
    "SECONDARY_DATA_OSS": {
      "ENABLE": false,
      "KEY": null,
      "SECRET": null,
      "ENDPOINT": null,
      "BUCKETS": [
        ""
      ]
    }
  },
  "AUGMENTATION": {
    "COLOR_AUG": false,
    "BRIGHTNESS": 0.5,
    "CONTRAST": 0.5,
    "SATURATION": 0.5,
    "HUE": 0.25,
    "GRAYSCALE": 0.3,
    "CONSISTENT": true,
    "SHUFFLE": true,
    "GRAY_FIRST": true,
    "RATIO": [
      0.857142857142857,
      1.1666666666666667
    ],
    "USE_GPU": false,
    "MIXUP": {
      "ENABLE": false,
      "ALPHA": 0.0,
      "PROB": 1.0,
      "MODE": "batch",
      "SWITCH_PROB": 0.5
    },
    "CUTMIX": {
      "ENABLE": false,
      "ALPHA": 0.0,
      "MINMAX": null
    },
    "RANDOM_ERASING": {
      "ENABLE": false,
      "PROB": 0.25,
      "MODE": "const",
      "COUNT": [
        1,
        1
      ],
      "NUM_SPLITS": 0,
      "AREA_RANGE": [
        0.02,
        0.33
      ],
      "MIN_ASPECT": 0.3
    },
    "LABEL_SMOOTHING": 0.0,
    "SSV2_FLIP": false,
    "IS_SPLIT": false,
    "NO_RANDOM_ERASE": true,
    "SUPPORT_QUERY_DIFF": true
  },
  "PAI": false,
  "USE_MULTISEG_VAL_DIST": false,
  "DETECTION": {
    "ENABLE": false
  },
  "TENSORBOARD": {
    "ENABLE": false
  },
  "SOLVER": {
    "BASE_LR": 0.00025,
    "LR_POLICY": "steps_with_relative_lrs",
    "MAX_EPOCH": 10,
    "MOMENTUM": 0.9,
    "WEIGHT_DECAY": "5e-4",
    "WARMUP_EPOCHS": 1,
    "WARMUP_START_LR": 5e-05,
    "OPTIM_METHOD": "adam",
    "DAMPENING": 0.0,
    "NESTEROV": true,
    "STEPS_ITER": 1800,
    "STEPS": [
      0,
      5,
      7,
      9
    ],
    "LRS": [
      1,
      0.1,
      0.05,
      0.01
    ]
  },
  "PRE_DOWNLOAD": {
    "ENABLE": false
  },
  "SUPPORT_SHOT": 1,
  "TASK_MATCH": {
    "ENABLE": true,
    "HIDDEN_RATIO": 0.25,
    "DROPOUT": 0.1,
    "TEMPERATURE": 1.0,
    "DISTANCE_SCALE": 16.0,
    "ALPHA_INIT": -4.0,
    "USE_FOCUS_FEATURES": false
  },
  "ADAPTER": {
    "NAME": "ViT_CLIP",
    "PRETRAINED": "ViT-B/16",
    "WIDTH": 768,
    "PATCH_SIZE": 16,
    "LAYERS": 12,
    "HEADS": 12,
    "ADAPTER_SCALE": 0.25
  },
  "INIT_METHOD": "tcp://localhost:1111",
  "CUDA_VISIBLE_DEVICES": "0"
}

[08/20 14:17:37][INFO] models.base.adapter:  748: load model from: ViT-B/16
[08/20 14:17:38][INFO] models.base.adapter:  755: Missing keys: ['temporal_embedding', 'task_match_alpha', 'transformer.resblocks.0.Adapter.down.weight', 'transformer.resblocks.0.Adapter.down.bias', 'transformer.resblocks.0.Adapter.pos_embed.weight', 'transformer.resblocks.0.Adapter.pos_embed.bias', 'transformer.resblocks.0.Adapter.s_ln.weight', 'transformer.resblocks.0.Adapter.s_ln.bias', 'transformer.resblocks.0.Adapter.s_attn.conv_offset.0.weight', 'transformer.resblocks.0.Adapter.s_attn.conv_offset.0.bias', 'transformer.resblocks.0.Adapter.s_attn.conv_offset.1.norm.weight', 'transformer.resblocks.0.Adapter.s_attn.conv_offset.1.norm.bias', 'transformer.resblocks.0.Adapter.s_attn.conv_offset.3.weight', 'transformer.resblocks.0.Adapter.s_attn.proj_q.weight', 'transformer.resblocks.0.Adapter.s_attn.proj_q.bias', 'transformer.resblocks.0.Adapter.s_attn.proj_k.weight', 'transformer.resblocks.0.Adapter.s_attn.proj_k.bias', 'transformer.resblocks.0.Adapter.s_attn.proj_v.weight', 'transformer.resblocks.0.Adapter.s_attn.proj_v.bias', 'transformer.resblocks.0.Adapter.s_attn.proj_out.weight', 'transformer.resblocks.0.Adapter.s_attn.proj_out.bias', 'transformer.resblocks.0.Adapter.t_ln.weight', 'transformer.resblocks.0.Adapter.t_ln.bias', 'transformer.resblocks.0.Adapter.t_attn.conv_offset.0.weight', 'transformer.resblocks.0.Adapter.t_attn.conv_offset.0.bias', 'transformer.resblocks.0.Adapter.t_attn.conv_offset.1.norm.weight', 'transformer.resblocks.0.Adapter.t_attn.conv_offset.1.norm.bias', 'transformer.resblocks.0.Adapter.t_attn.conv_offset.3.weight', 'transformer.resblocks.0.Adapter.t_attn.proj_q.weight', 'transformer.resblocks.0.Adapter.t_attn.proj_q.bias', 'transformer.resblocks.0.Adapter.t_attn.proj_k.weight', 'transformer.resblocks.0.Adapter.t_attn.proj_k.bias', 'transformer.resblocks.0.Adapter.t_attn.proj_v.weight', 'transformer.resblocks.0.Adapter.t_attn.proj_v.bias', 'transformer.resblocks.0.Adapter.t_attn.proj_out.weight', 'transformer.resblocks.0.Adapter.t_attn.proj_out.bias', 'transformer.resblocks.0.Adapter.up.weight', 'transformer.resblocks.0.Adapter.up.bias', 'transformer.resblocks.1.Adapter.down.weight', 'transformer.resblocks.1.Adapter.down.bias', 'transformer.resblocks.1.Adapter.pos_embed.weight', 'transformer.resblocks.1.Adapter.pos_embed.bias', 'transformer.resblocks.1.Adapter.s_ln.weight', 'transformer.resblocks.1.Adapter.s_ln.bias', 'transformer.resblocks.1.Adapter.s_attn.conv_offset.0.weight', 'transformer.resblocks.1.Adapter.s_attn.conv_offset.0.bias', 'transformer.resblocks.1.Adapter.s_attn.conv_offset.1.norm.weight', 'transformer.resblocks.1.Adapter.s_attn.conv_offset.1.norm.bias', 'transformer.resblocks.1.Adapter.s_attn.conv_offset.3.weight', 'transformer.resblocks.1.Adapter.s_attn.proj_q.weight', 'transformer.resblocks.1.Adapter.s_attn.proj_q.bias', 'transformer.resblocks.1.Adapter.s_attn.proj_k.weight', 'transformer.resblocks.1.Adapter.s_attn.proj_k.bias', 'transformer.resblocks.1.Adapter.s_attn.proj_v.weight', 'transformer.resblocks.1.Adapter.s_attn.proj_v.bias', 'transformer.resblocks.1.Adapter.s_attn.proj_out.weight', 'transformer.resblocks.1.Adapter.s_attn.proj_out.bias', 'transformer.resblocks.1.Adapter.t_ln.weight', 'transformer.resblocks.1.Adapter.t_ln.bias', 'transformer.resblocks.1.Adapter.t_attn.conv_offset.0.weight', 'transformer.resblocks.1.Adapter.t_attn.conv_offset.0.bias', 'transformer.resblocks.1.Adapter.t_attn.conv_offset.1.norm.weight', 'transformer.resblocks.1.Adapter.t_attn.conv_offset.1.norm.bias', 'transformer.resblocks.1.Adapter.t_attn.conv_offset.3.weight', 'transformer.resblocks.1.Adapter.t_attn.proj_q.weight', 'transformer.resblocks.1.Adapter.t_attn.proj_q.bias', 'transformer.resblocks.1.Adapter.t_attn.proj_k.weight', 'transformer.resblocks.1.Adapter.t_attn.proj_k.bias', 'transformer.resblocks.1.Adapter.t_attn.proj_v.weight', 'transformer.resblocks.1.Adapter.t_attn.proj_v.bias', 'transformer.resblocks.1.Adapter.t_attn.proj_out.weight', 'transformer.resblocks.1.Adapter.t_attn.proj_out.bias', 'transformer.resblocks.1.Adapter.up.weight', 'transformer.resblocks.1.Adapter.up.bias', 'transformer.resblocks.2.Adapter.down.weight', 'transformer.resblocks.2.Adapter.down.bias', 'transformer.resblocks.2.Adapter.pos_embed.weight', 'transformer.resblocks.2.Adapter.pos_embed.bias', 'transformer.resblocks.2.Adapter.s_ln.weight', 'transformer.resblocks.2.Adapter.s_ln.bias', 'transformer.resblocks.2.Adapter.s_attn.conv_offset.0.weight', 'transformer.resblocks.2.Adapter.s_attn.conv_offset.0.bias', 'transformer.resblocks.2.Adapter.s_attn.conv_offset.1.norm.weight', 'transformer.resblocks.2.Adapter.s_attn.conv_offset.1.norm.bias', 'transformer.resblocks.2.Adapter.s_attn.conv_offset.3.weight', 'transformer.resblocks.2.Adapter.s_attn.proj_q.weight', 'transformer.resblocks.2.Adapter.s_attn.proj_q.bias', 'transformer.resblocks.2.Adapter.s_attn.proj_k.weight', 'transformer.resblocks.2.Adapter.s_attn.proj_k.bias', 'transformer.resblocks.2.Adapter.s_attn.proj_v.weight', 'transformer.resblocks.2.Adapter.s_attn.proj_v.bias', 'transformer.resblocks.2.Adapter.s_attn.proj_out.weight', 'transformer.resblocks.2.Adapter.s_attn.proj_out.bias', 'transformer.resblocks.2.Adapter.t_ln.weight', 'transformer.resblocks.2.Adapter.t_ln.bias', 'transformer.resblocks.2.Adapter.t_attn.conv_offset.0.weight', 'transformer.resblocks.2.Adapter.t_attn.conv_offset.0.bias', 'transformer.resblocks.2.Adapter.t_attn.conv_offset.1.norm.weight', 'transformer.resblocks.2.Adapter.t_attn.conv_offset.1.norm.bias', 'transformer.resblocks.2.Adapter.t_attn.conv_offset.3.weight', 'transformer.resblocks.2.Adapter.t_attn.proj_q.weight', 'transformer.resblocks.2.Adapter.t_attn.proj_q.bias', 'transformer.resblocks.2.Adapter.t_attn.proj_k.weight', 'transformer.resblocks.2.Adapter.t_attn.proj_k.bias', 'transformer.resblocks.2.Adapter.t_attn.proj_v.weight', 'transformer.resblocks.2.Adapter.t_attn.proj_v.bias', 'transformer.resblocks.2.Adapter.t_attn.proj_out.weight', 'transformer.resblocks.2.Adapter.t_attn.proj_out.bias', 'transformer.resblocks.2.Adapter.up.weight', 'transformer.resblocks.2.Adapter.up.bias', 'transformer.resblocks.3.Adapter.down.weight', 'transformer.resblocks.3.Adapter.down.bias', 'transformer.resblocks.3.Adapter.pos_embed.weight', 'transformer.resblocks.3.Adapter.pos_embed.bias', 'transformer.resblocks.3.Adapter.s_ln.weight', 'transformer.resblocks.3.Adapter.s_ln.bias', 'transformer.resblocks.3.Adapter.s_attn.conv_offset.0.weight', 'transformer.resblocks.3.Adapter.s_attn.conv_offset.0.bias', 'transformer.resblocks.3.Adapter.s_attn.conv_offset.1.norm.weight', 'transformer.resblocks.3.Adapter.s_attn.conv_offset.1.norm.bias', 'transformer.resblocks.3.Adapter.s_attn.conv_offset.3.weight', 'transformer.resblocks.3.Adapter.s_attn.proj_q.weight', 'transformer.resblocks.3.Adapter.s_attn.proj_q.bias', 'transformer.resblocks.3.Adapter.s_attn.proj_k.weight', 'transformer.resblocks.3.Adapter.s_attn.proj_k.bias', 'transformer.resblocks.3.Adapter.s_attn.proj_v.weight', 'transformer.resblocks.3.Adapter.s_attn.proj_v.bias', 'transformer.resblocks.3.Adapter.s_attn.proj_out.weight', 'transformer.resblocks.3.Adapter.s_attn.proj_out.bias', 'transformer.resblocks.3.Adapter.t_ln.weight', 'transformer.resblocks.3.Adapter.t_ln.bias', 'transformer.resblocks.3.Adapter.t_attn.conv_offset.0.weight', 'transformer.resblocks.3.Adapter.t_attn.conv_offset.0.bias', 'transformer.resblocks.3.Adapter.t_attn.conv_offset.1.norm.weight', 'transformer.resblocks.3.Adapter.t_attn.conv_offset.1.norm.bias', 'transformer.resblocks.3.Adapter.t_attn.conv_offset.3.weight', 'transformer.resblocks.3.Adapter.t_attn.proj_q.weight', 'transformer.resblocks.3.Adapter.t_attn.proj_q.bias', 'transformer.resblocks.3.Adapter.t_attn.proj_k.weight', 'transformer.resblocks.3.Adapter.t_attn.proj_k.bias', 'transformer.resblocks.3.Adapter.t_attn.proj_v.weight', 'transformer.resblocks.3.Adapter.t_attn.proj_v.bias', 'transformer.resblocks.3.Adapter.t_attn.proj_out.weight', 'transformer.resblocks.3.Adapter.t_attn.proj_out.bias', 'transformer.resblocks.3.Adapter.up.weight', 'transformer.resblocks.3.Adapter.up.bias', 'transformer.resblocks.4.Adapter.down.weight', 'transformer.resblocks.4.Adapter.down.bias', 'transformer.resblocks.4.Adapter.pos_embed.weight', 'transformer.resblocks.4.Adapter.pos_embed.bias', 'transformer.resblocks.4.Adapter.s_ln.weight', 'transformer.resblocks.4.Adapter.s_ln.bias', 'transformer.resblocks.4.Adapter.s_attn.conv_offset.0.weight', 'transformer.resblocks.4.Adapter.s_attn.conv_offset.0.bias', 'transformer.resblocks.4.Adapter.s_attn.conv_offset.1.norm.weight', 'transformer.resblocks.4.Adapter.s_attn.conv_offset.1.norm.bias', 'transformer.resblocks.4.Adapter.s_attn.conv_offset.3.weight', 'transformer.resblocks.4.Adapter.s_attn.proj_q.weight', 'transformer.resblocks.4.Adapter.s_attn.proj_q.bias', 'transformer.resblocks.4.Adapter.s_attn.proj_k.weight', 'transformer.resblocks.4.Adapter.s_attn.proj_k.bias', 'transformer.resblocks.4.Adapter.s_attn.proj_v.weight', 'transformer.resblocks.4.Adapter.s_attn.proj_v.bias', 'transformer.resblocks.4.Adapter.s_attn.proj_out.weight', 'transformer.resblocks.4.Adapter.s_attn.proj_out.bias', 'transformer.resblocks.4.Adapter.t_ln.weight', 'transformer.resblocks.4.Adapter.t_ln.bias', 'transformer.resblocks.4.Adapter.t_attn.conv_offset.0.weight', 'transformer.resblocks.4.Adapter.t_attn.conv_offset.0.bias', 'transformer.resblocks.4.Adapter.t_attn.conv_offset.1.norm.weight', 'transformer.resblocks.4.Adapter.t_attn.conv_offset.1.norm.bias', 'transformer.resblocks.4.Adapter.t_attn.conv_offset.3.weight', 'transformer.resblocks.4.Adapter.t_attn.proj_q.weight', 'transformer.resblocks.4.Adapter.t_attn.proj_q.bias', 'transformer.resblocks.4.Adapter.t_attn.proj_k.weight', 'transformer.resblocks.4.Adapter.t_attn.proj_k.bias', 'transformer.resblocks.4.Adapter.t_attn.proj_v.weight', 'transformer.resblocks.4.Adapter.t_attn.proj_v.bias', 'transformer.resblocks.4.Adapter.t_attn.proj_out.weight', 'transformer.resblocks.4.Adapter.t_attn.proj_out.bias', 'transformer.resblocks.4.Adapter.up.weight', 'transformer.resblocks.4.Adapter.up.bias', 'transformer.resblocks.5.Adapter.down.weight', 'transformer.resblocks.5.Adapter.down.bias', 'transformer.resblocks.5.Adapter.pos_embed.weight', 'transformer.resblocks.5.Adapter.pos_embed.bias', 'transformer.resblocks.5.Adapter.s_ln.weight', 'transformer.resblocks.5.Adapter.s_ln.bias', 'transformer.resblocks.5.Adapter.s_attn.conv_offset.0.weight', 'transformer.resblocks.5.Adapter.s_attn.conv_offset.0.bias', 'transformer.resblocks.5.Adapter.s_attn.conv_offset.1.norm.weight', 'transformer.resblocks.5.Adapter.s_attn.conv_offset.1.norm.bias', 'transformer.resblocks.5.Adapter.s_attn.conv_offset.3.weight', 'transformer.resblocks.5.Adapter.s_attn.proj_q.weight', 'transformer.resblocks.5.Adapter.s_attn.proj_q.bias', 'transformer.resblocks.5.Adapter.s_attn.proj_k.weight', 'transformer.resblocks.5.Adapter.s_attn.proj_k.bias', 'transformer.resblocks.5.Adapter.s_attn.proj_v.weight', 'transformer.resblocks.5.Adapter.s_attn.proj_v.bias', 'transformer.resblocks.5.Adapter.s_attn.proj_out.weight', 'transformer.resblocks.5.Adapter.s_attn.proj_out.bias', 'transformer.resblocks.5.Adapter.t_ln.weight', 'transformer.resblocks.5.Adapter.t_ln.bias', 'transformer.resblocks.5.Adapter.t_attn.conv_offset.0.weight', 'transformer.resblocks.5.Adapter.t_attn.conv_offset.0.bias', 'transformer.resblocks.5.Adapter.t_attn.conv_offset.1.norm.weight', 'transformer.resblocks.5.Adapter.t_attn.conv_offset.1.norm.bias', 'transformer.resblocks.5.Adapter.t_attn.conv_offset.3.weight', 'transformer.resblocks.5.Adapter.t_attn.proj_q.weight', 'transformer.resblocks.5.Adapter.t_attn.proj_q.bias', 'transformer.resblocks.5.Adapter.t_attn.proj_k.weight', 'transformer.resblocks.5.Adapter.t_attn.proj_k.bias', 'transformer.resblocks.5.Adapter.t_attn.proj_v.weight', 'transformer.resblocks.5.Adapter.t_attn.proj_v.bias', 'transformer.resblocks.5.Adapter.t_attn.proj_out.weight', 'transformer.resblocks.5.Adapter.t_attn.proj_out.bias', 'transformer.resblocks.5.Adapter.up.weight', 'transformer.resblocks.5.Adapter.up.bias', 'transformer.resblocks.6.Adapter.down.weight', 'transformer.resblocks.6.Adapter.down.bias', 'transformer.resblocks.6.Adapter.pos_embed.weight', 'transformer.resblocks.6.Adapter.pos_embed.bias', 'transformer.resblocks.6.Adapter.s_ln.weight', 'transformer.resblocks.6.Adapter.s_ln.bias', 'transformer.resblocks.6.Adapter.s_attn.conv_offset.0.weight', 'transformer.resblocks.6.Adapter.s_attn.conv_offset.0.bias', 'transformer.resblocks.6.Adapter.s_attn.conv_offset.1.norm.weight', 'transformer.resblocks.6.Adapter.s_attn.conv_offset.1.norm.bias', 'transformer.resblocks.6.Adapter.s_attn.conv_offset.3.weight', 'transformer.resblocks.6.Adapter.s_attn.proj_q.weight', 'transformer.resblocks.6.Adapter.s_attn.proj_q.bias', 'transformer.resblocks.6.Adapter.s_attn.proj_k.weight', 'transformer.resblocks.6.Adapter.s_attn.proj_k.bias', 'transformer.resblocks.6.Adapter.s_attn.proj_v.weight', 'transformer.resblocks.6.Adapter.s_attn.proj_v.bias', 'transformer.resblocks.6.Adapter.s_attn.proj_out.weight', 'transformer.resblocks.6.Adapter.s_attn.proj_out.bias', 'transformer.resblocks.6.Adapter.t_ln.weight', 'transformer.resblocks.6.Adapter.t_ln.bias', 'transformer.resblocks.6.Adapter.t_attn.conv_offset.0.weight', 'transformer.resblocks.6.Adapter.t_attn.conv_offset.0.bias', 'transformer.resblocks.6.Adapter.t_attn.conv_offset.1.norm.weight', 'transformer.resblocks.6.Adapter.t_attn.conv_offset.1.norm.bias', 'transformer.resblocks.6.Adapter.t_attn.conv_offset.3.weight', 'transformer.resblocks.6.Adapter.t_attn.proj_q.weight', 'transformer.resblocks.6.Adapter.t_attn.proj_q.bias', 'transformer.resblocks.6.Adapter.t_attn.proj_k.weight', 'transformer.resblocks.6.Adapter.t_attn.proj_k.bias', 'transformer.resblocks.6.Adapter.t_attn.proj_v.weight', 'transformer.resblocks.6.Adapter.t_attn.proj_v.bias', 'transformer.resblocks.6.Adapter.t_attn.proj_out.weight', 'transformer.resblocks.6.Adapter.t_attn.proj_out.bias', 'transformer.resblocks.6.Adapter.up.weight', 'transformer.resblocks.6.Adapter.up.bias', 'transformer.resblocks.7.Adapter.down.weight', 'transformer.resblocks.7.Adapter.down.bias', 'transformer.resblocks.7.Adapter.pos_embed.weight', 'transformer.resblocks.7.Adapter.pos_embed.bias', 'transformer.resblocks.7.Adapter.s_ln.weight', 'transformer.resblocks.7.Adapter.s_ln.bias', 'transformer.resblocks.7.Adapter.s_attn.conv_offset.0.weight', 'transformer.resblocks.7.Adapter.s_attn.conv_offset.0.bias', 'transformer.resblocks.7.Adapter.s_attn.conv_offset.1.norm.weight', 'transformer.resblocks.7.Adapter.s_attn.conv_offset.1.norm.bias', 'transformer.resblocks.7.Adapter.s_attn.conv_offset.3.weight', 'transformer.resblocks.7.Adapter.s_attn.proj_q.weight', 'transformer.resblocks.7.Adapter.s_attn.proj_q.bias', 'transformer.resblocks.7.Adapter.s_attn.proj_k.weight', 'transformer.resblocks.7.Adapter.s_attn.proj_k.bias', 'transformer.resblocks.7.Adapter.s_attn.proj_v.weight', 'transformer.resblocks.7.Adapter.s_attn.proj_v.bias', 'transformer.resblocks.7.Adapter.s_attn.proj_out.weight', 'transformer.resblocks.7.Adapter.s_attn.proj_out.bias', 'transformer.resblocks.7.Adapter.t_ln.weight', 'transformer.resblocks.7.Adapter.t_ln.bias', 'transformer.resblocks.7.Adapter.t_attn.conv_offset.0.weight', 'transformer.resblocks.7.Adapter.t_attn.conv_offset.0.bias', 'transformer.resblocks.7.Adapter.t_attn.conv_offset.1.norm.weight', 'transformer.resblocks.7.Adapter.t_attn.conv_offset.1.norm.bias', 'transformer.resblocks.7.Adapter.t_attn.conv_offset.3.weight', 'transformer.resblocks.7.Adapter.t_attn.proj_q.weight', 'transformer.resblocks.7.Adapter.t_attn.proj_q.bias', 'transformer.resblocks.7.Adapter.t_attn.proj_k.weight', 'transformer.resblocks.7.Adapter.t_attn.proj_k.bias', 'transformer.resblocks.7.Adapter.t_attn.proj_v.weight', 'transformer.resblocks.7.Adapter.t_attn.proj_v.bias', 'transformer.resblocks.7.Adapter.t_attn.proj_out.weight', 'transformer.resblocks.7.Adapter.t_attn.proj_out.bias', 'transformer.resblocks.7.Adapter.up.weight', 'transformer.resblocks.7.Adapter.up.bias', 'transformer.resblocks.8.Adapter.down.weight', 'transformer.resblocks.8.Adapter.down.bias', 'transformer.resblocks.8.Adapter.pos_embed.weight', 'transformer.resblocks.8.Adapter.pos_embed.bias', 'transformer.resblocks.8.Adapter.s_ln.weight', 'transformer.resblocks.8.Adapter.s_ln.bias', 'transformer.resblocks.8.Adapter.s_attn.conv_offset.0.weight', 'transformer.resblocks.8.Adapter.s_attn.conv_offset.0.bias', 'transformer.resblocks.8.Adapter.s_attn.conv_offset.1.norm.weight', 'transformer.resblocks.8.Adapter.s_attn.conv_offset.1.norm.bias', 'transformer.resblocks.8.Adapter.s_attn.conv_offset.3.weight', 'transformer.resblocks.8.Adapter.s_attn.proj_q.weight', 'transformer.resblocks.8.Adapter.s_attn.proj_q.bias', 'transformer.resblocks.8.Adapter.s_attn.proj_k.weight', 'transformer.resblocks.8.Adapter.s_attn.proj_k.bias', 'transformer.resblocks.8.Adapter.s_attn.proj_v.weight', 'transformer.resblocks.8.Adapter.s_attn.proj_v.bias', 'transformer.resblocks.8.Adapter.s_attn.proj_out.weight', 'transformer.resblocks.8.Adapter.s_attn.proj_out.bias', 'transformer.resblocks.8.Adapter.t_ln.weight', 'transformer.resblocks.8.Adapter.t_ln.bias', 'transformer.resblocks.8.Adapter.t_attn.conv_offset.0.weight', 'transformer.resblocks.8.Adapter.t_attn.conv_offset.0.bias', 'transformer.resblocks.8.Adapter.t_attn.conv_offset.1.norm.weight', 'transformer.resblocks.8.Adapter.t_attn.conv_offset.1.norm.bias', 'transformer.resblocks.8.Adapter.t_attn.conv_offset.3.weight', 'transformer.resblocks.8.Adapter.t_attn.proj_q.weight', 'transformer.resblocks.8.Adapter.t_attn.proj_q.bias', 'transformer.resblocks.8.Adapter.t_attn.proj_k.weight', 'transformer.resblocks.8.Adapter.t_attn.proj_k.bias', 'transformer.resblocks.8.Adapter.t_attn.proj_v.weight', 'transformer.resblocks.8.Adapter.t_attn.proj_v.bias', 'transformer.resblocks.8.Adapter.t_attn.proj_out.weight', 'transformer.resblocks.8.Adapter.t_attn.proj_out.bias', 'transformer.resblocks.8.Adapter.up.weight', 'transformer.resblocks.8.Adapter.up.bias', 'transformer.resblocks.9.Adapter.down.weight', 'transformer.resblocks.9.Adapter.down.bias', 'transformer.resblocks.9.Adapter.pos_embed.weight', 'transformer.resblocks.9.Adapter.pos_embed.bias', 'transformer.resblocks.9.Adapter.s_ln.weight', 'transformer.resblocks.9.Adapter.s_ln.bias', 'transformer.resblocks.9.Adapter.s_attn.conv_offset.0.weight', 'transformer.resblocks.9.Adapter.s_attn.conv_offset.0.bias', 'transformer.resblocks.9.Adapter.s_attn.conv_offset.1.norm.weight', 'transformer.resblocks.9.Adapter.s_attn.conv_offset.1.norm.bias', 'transformer.resblocks.9.Adapter.s_attn.conv_offset.3.weight', 'transformer.resblocks.9.Adapter.s_attn.proj_q.weight', 'transformer.resblocks.9.Adapter.s_attn.proj_q.bias', 'transformer.resblocks.9.Adapter.s_attn.proj_k.weight', 'transformer.resblocks.9.Adapter.s_attn.proj_k.bias', 'transformer.resblocks.9.Adapter.s_attn.proj_v.weight', 'transformer.resblocks.9.Adapter.s_attn.proj_v.bias', 'transformer.resblocks.9.Adapter.s_attn.proj_out.weight', 'transformer.resblocks.9.Adapter.s_attn.proj_out.bias', 'transformer.resblocks.9.Adapter.t_ln.weight', 'transformer.resblocks.9.Adapter.t_ln.bias', 'transformer.resblocks.9.Adapter.t_attn.conv_offset.0.weight', 'transformer.resblocks.9.Adapter.t_attn.conv_offset.0.bias', 'transformer.resblocks.9.Adapter.t_attn.conv_offset.1.norm.weight', 'transformer.resblocks.9.Adapter.t_attn.conv_offset.1.norm.bias', 'transformer.resblocks.9.Adapter.t_attn.conv_offset.3.weight', 'transformer.resblocks.9.Adapter.t_attn.proj_q.weight', 'transformer.resblocks.9.Adapter.t_attn.proj_q.bias', 'transformer.resblocks.9.Adapter.t_attn.proj_k.weight', 'transformer.resblocks.9.Adapter.t_attn.proj_k.bias', 'transformer.resblocks.9.Adapter.t_attn.proj_v.weight', 'transformer.resblocks.9.Adapter.t_attn.proj_v.bias', 'transformer.resblocks.9.Adapter.t_attn.proj_out.weight', 'transformer.resblocks.9.Adapter.t_attn.proj_out.bias', 'transformer.resblocks.9.Adapter.up.weight', 'transformer.resblocks.9.Adapter.up.bias', 'transformer.resblocks.10.Adapter.down.weight', 'transformer.resblocks.10.Adapter.down.bias', 'transformer.resblocks.10.Adapter.pos_embed.weight', 'transformer.resblocks.10.Adapter.pos_embed.bias', 'transformer.resblocks.10.Adapter.s_ln.weight', 'transformer.resblocks.10.Adapter.s_ln.bias', 'transformer.resblocks.10.Adapter.s_attn.conv_offset.0.weight', 'transformer.resblocks.10.Adapter.s_attn.conv_offset.0.bias', 'transformer.resblocks.10.Adapter.s_attn.conv_offset.1.norm.weight', 'transformer.resblocks.10.Adapter.s_attn.conv_offset.1.norm.bias', 'transformer.resblocks.10.Adapter.s_attn.conv_offset.3.weight', 'transformer.resblocks.10.Adapter.s_attn.proj_q.weight', 'transformer.resblocks.10.Adapter.s_attn.proj_q.bias', 'transformer.resblocks.10.Adapter.s_attn.proj_k.weight', 'transformer.resblocks.10.Adapter.s_attn.proj_k.bias', 'transformer.resblocks.10.Adapter.s_attn.proj_v.weight', 'transformer.resblocks.10.Adapter.s_attn.proj_v.bias', 'transformer.resblocks.10.Adapter.s_attn.proj_out.weight', 'transformer.resblocks.10.Adapter.s_attn.proj_out.bias', 'transformer.resblocks.10.Adapter.t_ln.weight', 'transformer.resblocks.10.Adapter.t_ln.bias', 'transformer.resblocks.10.Adapter.t_attn.conv_offset.0.weight', 'transformer.resblocks.10.Adapter.t_attn.conv_offset.0.bias', 'transformer.resblocks.10.Adapter.t_attn.conv_offset.1.norm.weight', 'transformer.resblocks.10.Adapter.t_attn.conv_offset.1.norm.bias', 'transformer.resblocks.10.Adapter.t_attn.conv_offset.3.weight', 'transformer.resblocks.10.Adapter.t_attn.proj_q.weight', 'transformer.resblocks.10.Adapter.t_attn.proj_q.bias', 'transformer.resblocks.10.Adapter.t_attn.proj_k.weight', 'transformer.resblocks.10.Adapter.t_attn.proj_k.bias', 'transformer.resblocks.10.Adapter.t_attn.proj_v.weight', 'transformer.resblocks.10.Adapter.t_attn.proj_v.bias', 'transformer.resblocks.10.Adapter.t_attn.proj_out.weight', 'transformer.resblocks.10.Adapter.t_attn.proj_out.bias', 'transformer.resblocks.10.Adapter.up.weight', 'transformer.resblocks.10.Adapter.up.bias', 'transformer.resblocks.11.Adapter.down.weight', 'transformer.resblocks.11.Adapter.down.bias', 'transformer.resblocks.11.Adapter.pos_embed.weight', 'transformer.resblocks.11.Adapter.pos_embed.bias', 'transformer.resblocks.11.Adapter.s_ln.weight', 'transformer.resblocks.11.Adapter.s_ln.bias', 'transformer.resblocks.11.Adapter.s_attn.conv_offset.0.weight', 'transformer.resblocks.11.Adapter.s_attn.conv_offset.0.bias', 'transformer.resblocks.11.Adapter.s_attn.conv_offset.1.norm.weight', 'transformer.resblocks.11.Adapter.s_attn.conv_offset.1.norm.bias', 'transformer.resblocks.11.Adapter.s_attn.conv_offset.3.weight', 'transformer.resblocks.11.Adapter.s_attn.proj_q.weight', 'transformer.resblocks.11.Adapter.s_attn.proj_q.bias', 'transformer.resblocks.11.Adapter.s_attn.proj_k.weight', 'transformer.resblocks.11.Adapter.s_attn.proj_k.bias', 'transformer.resblocks.11.Adapter.s_attn.proj_v.weight', 'transformer.resblocks.11.Adapter.s_attn.proj_v.bias', 'transformer.resblocks.11.Adapter.s_attn.proj_out.weight', 'transformer.resblocks.11.Adapter.s_attn.proj_out.bias', 'transformer.resblocks.11.Adapter.t_ln.weight', 'transformer.resblocks.11.Adapter.t_ln.bias', 'transformer.resblocks.11.Adapter.t_attn.conv_offset.0.weight', 'transformer.resblocks.11.Adapter.t_attn.conv_offset.0.bias', 'transformer.resblocks.11.Adapter.t_attn.conv_offset.1.norm.weight', 'transformer.resblocks.11.Adapter.t_attn.conv_offset.1.norm.bias', 'transformer.resblocks.11.Adapter.t_attn.conv_offset.3.weight', 'transformer.resblocks.11.Adapter.t_attn.proj_q.weight', 'transformer.resblocks.11.Adapter.t_attn.proj_q.bias', 'transformer.resblocks.11.Adapter.t_attn.proj_k.weight', 'transformer.resblocks.11.Adapter.t_attn.proj_k.bias', 'transformer.resblocks.11.Adapter.t_attn.proj_v.weight', 'transformer.resblocks.11.Adapter.t_attn.proj_v.bias', 'transformer.resblocks.11.Adapter.t_attn.proj_out.weight', 'transformer.resblocks.11.Adapter.t_attn.proj_out.bias', 'transformer.resblocks.11.Adapter.up.weight', 'transformer.resblocks.11.Adapter.up.bias', 'task_matcher.context_norm.weight', 'task_matcher.context_norm.bias', 'task_matcher.generator.0.weight', 'task_matcher.generator.0.bias', 'task_matcher.generator.3.weight', 'task_matcher.generator.3.bias']
[08/20 14:17:38][INFO] models.base.adapter:  756: Unexpected keys: []
[08/20 14:17:38][INFO] models.base.adapter:  757: => loaded successfully 'ViT-B/16'
[08/20 14:17:38][INFO] models.base.adapter:  764: init:  transformer.resblocks.0.Adapter.up
[08/20 14:17:38][INFO] models.base.adapter:  764: init:  transformer.resblocks.1.Adapter.up
[08/20 14:17:38][INFO] models.base.adapter:  764: init:  transformer.resblocks.2.Adapter.up
[08/20 14:17:38][INFO] models.base.adapter:  764: init:  transformer.resblocks.3.Adapter.up
[08/20 14:17:38][INFO] models.base.adapter:  764: init:  transformer.resblocks.4.Adapter.up
[08/20 14:17:38][INFO] models.base.adapter:  764: init:  transformer.resblocks.5.Adapter.up
[08/20 14:17:38][INFO] models.base.adapter:  764: init:  transformer.resblocks.6.Adapter.up
[08/20 14:17:38][INFO] models.base.adapter:  764: init:  transformer.resblocks.7.Adapter.up
[08/20 14:17:38][INFO] models.base.adapter:  764: init:  transformer.resblocks.8.Adapter.up
[08/20 14:17:38][INFO] models.base.adapter:  764: init:  transformer.resblocks.9.Adapter.up
[08/20 14:17:38][INFO] models.base.adapter:  764: init:  transformer.resblocks.10.Adapter.up
[08/20 14:17:38][INFO] models.base.adapter:  764: init:  transformer.resblocks.11.Adapter.up
[08/20 14:17:38][INFO] train_net_few_shot:  256: Model:
BaseVideoModel(
  (model): ViT_CLIP(
    (conv1): Conv2d(3, 768, kernel_size=(16, 16), stride=(16, 16), bias=False)
    (ln_pre): LayerNorm((768,), eps=1e-05, elementwise_affine=True, bias=True)
    (transformer): Transformer(
      (resblocks): ModuleList(
        (0-11): 12 x ResidualAttentionBlock(
          (ln_1): LayerNorm((768,), eps=1e-05, elementwise_affine=True, bias=True)
          (attn): MultiheadAttention(
            (out_proj): NonDynamicallyQuantizableLinear(in_features=768, out_features=768, bias=True)
          )
          (ln_2): LayerNorm((768,), eps=1e-05, elementwise_affine=True, bias=True)
          (mlp): Sequential(
            (c_fc): Linear(in_features=768, out_features=3072, bias=True)
            (gelu): QuickGELU()
            (c_proj): Linear(in_features=3072, out_features=768, bias=True)
          )
          (Adapter): ViT_D2ST_Adapter(
            (down): Linear(in_features=768, out_features=192, bias=True)
            (gelu1): GELU(approximate='none')
            (pos_embed): Conv3d(192, 192, kernel_size=(3, 3, 3), stride=(1, 1, 1), padding=(1, 1, 1), groups=192)
            (s_ln): LayerNorm((192,), eps=1e-05, elementwise_affine=True, bias=True)
            (s_attn): ViT_DeformAttention(
              (conv_offset): Sequential(
                (0): Conv3d(48, 48, kernel_size=(4, 5, 5), stride=(4, 3, 3), groups=48)
                (1): LayerNormProxy(
                  (norm): LayerNorm((48,), eps=1e-05, elementwise_affine=True, bias=True)
                )
                (2): GELU(approximate='none')
                (3): Conv3d(48, 3, kernel_size=(1, 1, 1), stride=(1, 1, 1), bias=False)
              )
              (proj_q): Linear(in_features=192, out_features=192, bias=True)
              (proj_k): Linear(in_features=192, out_features=192, bias=True)
              (proj_v): Linear(in_features=192, out_features=192, bias=True)
              (proj_out): Linear(in_features=192, out_features=192, bias=True)
            )
            (t_ln): LayerNorm((192,), eps=1e-05, elementwise_affine=True, bias=True)
            (t_attn): ViT_DeformAttention(
              (conv_offset): Sequential(
                (0): Conv3d(48, 48, kernel_size=(1, 7, 7), stride=(1, 7, 7), groups=48)
                (1): LayerNormProxy(
                  (norm): LayerNorm((48,), eps=1e-05, elementwise_affine=True, bias=True)
                )
                (2): GELU(approximate='none')
                (3): Conv3d(48, 3, kernel_size=(1, 1, 1), stride=(1, 1, 1), bias=False)
              )
              (proj_q): Linear(in_features=192, out_features=192, bias=True)
              (proj_k): Linear(in_features=192, out_features=192, bias=True)
              (proj_v): Linear(in_features=192, out_features=192, bias=True)
              (proj_out): Linear(in_features=192, out_features=192, bias=True)
            )
            (gelu): GELU(approximate='none')
            (up): Linear(in_features=192, out_features=768, bias=True)
            (gelu2): GELU(approximate='none')
          )
        )
      )
    )
    (ln_post): LayerNorm((768,), eps=1e-05, elementwise_affine=True, bias=True)
    (task_matcher): D2STTaskAwareMatcher(
      (context_norm): LayerNorm((768,), eps=1e-05, elementwise_affine=True, bias=True)
      (generator): Sequential(
        (0): Linear(in_features=768, out_features=192, bias=True)
        (1): GELU(approximate='none')
        (2): Dropout(p=0.1, inplace=False)
        (3): Linear(in_features=192, out_features=64, bias=True)
      )
    )
  )
)
[08/20 14:17:38][INFO] models.utils.optimizer:   82: Optimized parameters constructed. Parameters without weight decay: []
[08/20 14:17:38][INFO] datasets.base.few_shot_dataset:   97: Reading video list from file: train_few_shot.txt
[08/20 14:17:38][INFO] datasets.base.few_shot_dataset:  127: Loading UCF101 dataset list for split 'train'...
[08/20 14:17:38][INFO] datasets.base.few_shot_dataset:   47: loaded 9154 videos from train dataset: UCF101 !
[08/20 14:17:38][INFO] datasets.base.few_shot_dataset:  153: Dataset UCF101 split train loaded. Length 9154.
[08/20 14:17:38][INFO] datasets.base.few_shot_dataset:   97: Reading video list from file: test_few_shot.txt
[08/20 14:17:38][INFO] datasets.base.few_shot_dataset:  127: Loading UCF101 dataset list for split 'test'...
[08/20 14:17:38][INFO] datasets.base.few_shot_dataset:   47: loaded 2745 videos from test dataset: UCF101 !
[08/20 14:17:38][INFO] datasets.base.few_shot_dataset:  153: Dataset UCF101 split test loaded. Length 2745.
[08/20 14:17:38][INFO] train_net_few_shot:  278: Start epoch: 1
[08/20 14:17:38][INFO] train_net_few_shot:  307: Number of total parameters: 93241409, tunable parameters: 7444289
[08/20 14:17:38][INFO] train_net_few_shot:   45: Norm training: True
[08/20 14:18:37][INFO] utils.logging:   91: {"_type": "train_iter", "iter": "200/18000", "loss": 0.236814, "lr": 0.000072, "top1_acc": 90.800001}
[08/20 14:19:36][INFO] utils.logging:   91: {"_type": "train_iter", "iter": "400/18000", "loss": 0.146694, "lr": 0.000094, "top1_acc": 94.300001}
[08/20 14:20:58][INFO] utils.logging:   91: {"_type": "train_iter", "iter": "600/18000", "loss": 0.083588, "lr": 0.000117, "top1_acc": 96.200000}
[08/20 14:22:31][INFO] utils.logging:   91: {"_type": "train_iter", "iter": "800/18000", "loss": 0.057846, "lr": 0.000139, "top1_acc": 96.400000}
[08/20 14:24:01][INFO] utils.logging:   91: {"_type": "train_iter", "iter": "1000/18000", "loss": 0.052241, "lr": 0.000161, "top1_acc": 96.600000}
[08/20 14:25:36][INFO] utils.logging:   91: {"_type": "train_iter", "iter": "1200/18000", "loss": 0.036615, "lr": 0.000183, "top1_acc": 96.700000}
[08/20 14:27:09][INFO] utils.logging:   91: {"_type": "train_iter", "iter": "1400/18000", "loss": 0.027928, "lr": 0.000205, "top1_acc": 97.000000}
[08/20 14:28:40][INFO] utils.logging:   91: {"_type": "train_iter", "iter": "1600/18000", "loss": 0.031804, "lr": 0.000228, "top1_acc": 96.700000}
[08/20 14:30:13][INFO] utils.logging:   91: {"_type": "train_iter", "iter": "1800/18000", "loss": 0.024577, "lr": 0.000250, "top1_acc": 96.800000}
[08/20 14:31:47][INFO] utils.logging:   91: {"_type": "train_iter", "iter": "2000/18000", "loss": 0.018761, "lr": 0.000250, "top1_acc": 97.600000}
[08/20 14:33:20][INFO] utils.logging:   91: {"_type": "train_iter", "iter": "2200/18000", "loss": 0.012561, "lr": 0.000250, "top1_acc": 98.200000}
[08/20 14:34:54][INFO] utils.logging:   91: {"_type": "train_iter", "iter": "2400/18000", "loss": 0.025221, "lr": 0.000250, "top1_acc": 97.000000}
[08/20 14:36:27][INFO] utils.logging:   91: {"_type": "train_iter", "iter": "2600/18000", "loss": 0.024772, "lr": 0.000250, "top1_acc": 97.300000}
[08/20 14:38:01][INFO] utils.logging:   91: {"_type": "train_iter", "iter": "2800/18000", "loss": 0.026548, "lr": 0.000250, "top1_acc": 97.300000}
[08/20 14:39:34][INFO] utils.logging:   91: {"_type": "train_iter", "iter": "3000/18000", "loss": 0.018001, "lr": 0.000250, "top1_acc": 97.500000}
[08/20 14:41:09][INFO] utils.logging:   91: {"_type": "train_iter", "iter": "3200/18000", "loss": 0.018422, "lr": 0.000250, "top1_acc": 97.800000}
[08/20 14:42:46][INFO] utils.logging:   91: {"_type": "train_iter", "iter": "3400/18000", "loss": 0.024495, "lr": 0.000250, "top1_acc": 97.000000}
[08/20 14:44:21][INFO] utils.logging:   91: {"_type": "train_iter", "iter": "3600/18000", "loss": 0.018918, "lr": 0.000250, "top1_acc": 97.700000}
[08/20 14:45:55][INFO] utils.logging:   91: {"_type": "train_iter", "iter": "3800/18000", "loss": 0.031776, "lr": 0.000250, "top1_acc": 96.700000}
[08/20 14:47:30][INFO] utils.logging:   91: {"_type": "train_iter", "iter": "4000/18000", "loss": 0.018409, "lr": 0.000250, "top1_acc": 98.200000}
[08/20 14:49:07][INFO] utils.logging:   91: {"_type": "train_iter", "iter": "4200/18000", "loss": 0.013922, "lr": 0.000250, "top1_acc": 98.300000}
[08/20 14:50:41][INFO] utils.logging:   91: {"_type": "train_iter", "iter": "4400/18000", "loss": 0.012726, "lr": 0.000250, "top1_acc": 98.200000}
[08/20 14:52:18][INFO] utils.logging:   91: {"_type": "train_iter", "iter": "4600/18000", "loss": 0.018077, "lr": 0.000250, "top1_acc": 98.500000}
[08/20 14:53:53][INFO] utils.logging:   91: {"_type": "train_iter", "iter": "4800/18000", "loss": 0.019911, "lr": 0.000250, "top1_acc": 97.700000}
[08/20 14:55:28][INFO] utils.logging:   91: {"_type": "train_iter", "iter": "5000/18000", "loss": 0.015627, "lr": 0.000250, "top1_acc": 97.100000}
[08/20 14:57:02][INFO] utils.logging:   91: {"_type": "train_iter", "iter": "5200/18000", "loss": 0.023111, "lr": 0.000250, "top1_acc": 97.200000}
[08/20 14:58:36][INFO] utils.logging:   91: {"_type": "train_iter", "iter": "5400/18000", "loss": 0.013785, "lr": 0.000250, "top1_acc": 98.400000}
[08/20 15:00:12][INFO] utils.logging:   91: {"_type": "train_iter", "iter": "5600/18000", "loss": 0.016444, "lr": 0.000250, "top1_acc": 98.100000}
[08/20 15:01:48][INFO] utils.logging:   91: {"_type": "train_iter", "iter": "5800/18000", "loss": 0.018735, "lr": 0.000250, "top1_acc": 98.000000}
[08/20 15:04:04][INFO] utils.logging:   91: {"_type": "val_iter", "gpu_mem": "11.77 GB", "iter": "200/10000", "top1_acc": 97.300000}
[08/20 15:04:45][INFO] utils.logging:   91: {"_type": "val_iter", "gpu_mem": "11.77 GB", "iter": "400/10000", "top1_acc": 96.900000}
[08/20 15:05:26][INFO] utils.logging:   91: {"_type": "val_iter", "gpu_mem": "11.77 GB", "iter": "600/10000", "top1_acc": 96.500000}
[08/20 15:06:07][INFO] utils.logging:   91: {"_type": "val_iter", "gpu_mem": "11.77 GB", "iter": "800/10000", "top1_acc": 97.100000}
[08/20 15:06:47][INFO] utils.logging:   91: {"_type": "val_iter", "gpu_mem": "11.77 GB", "iter": "1000/10000", "top1_acc": 97.600000}
[08/20 15:07:28][INFO] utils.logging:   91: {"_type": "val_iter", "gpu_mem": "11.77 GB", "iter": "1200/10000", "top1_acc": 98.200000}
[08/20 15:08:09][INFO] utils.logging:   91: {"_type": "val_iter", "gpu_mem": "11.77 GB", "iter": "1400/10000", "top1_acc": 97.700000}
[08/20 15:08:50][INFO] utils.logging:   91: {"_type": "val_iter", "gpu_mem": "11.77 GB", "iter": "1600/10000", "top1_acc": 97.300000}
[08/20 15:09:30][INFO] utils.logging:   91: {"_type": "val_iter", "gpu_mem": "11.77 GB", "iter": "1800/10000", "top1_acc": 96.800000}
[08/20 15:10:11][INFO] utils.logging:   91: {"_type": "val_iter", "gpu_mem": "11.77 GB", "iter": "2000/10000", "top1_acc": 96.500000}
[08/20 15:10:52][INFO] utils.logging:   91: {"_type": "val_iter", "gpu_mem": "11.77 GB", "iter": "2200/10000", "top1_acc": 98.300000}
[08/20 15:11:33][INFO] utils.logging:   91: {"_type": "val_iter", "gpu_mem": "11.77 GB", "iter": "2400/10000", "top1_acc": 96.900000}
[08/20 15:12:13][INFO] utils.logging:   91: {"_type": "val_iter", "gpu_mem": "11.77 GB", "iter": "2600/10000", "top1_acc": 97.800000}
[08/20 15:12:54][INFO] utils.logging:   91: {"_type": "val_iter", "gpu_mem": "11.77 GB", "iter": "2800/10000", "top1_acc": 96.700000}
[08/20 15:13:35][INFO] utils.logging:   91: {"_type": "val_iter", "gpu_mem": "11.77 GB", "iter": "3000/10000", "top1_acc": 96.500000}
[08/20 15:14:16][INFO] utils.logging:   91: {"_type": "val_iter", "gpu_mem": "11.77 GB", "iter": "3200/10000", "top1_acc": 97.200000}
[08/20 15:14:57][INFO] utils.logging:   91: {"_type": "val_iter", "gpu_mem": "11.77 GB", "iter": "3400/10000", "top1_acc": 97.100000}
[08/20 15:15:37][INFO] utils.logging:   91: {"_type": "val_iter", "gpu_mem": "11.77 GB", "iter": "3600/10000", "top1_acc": 97.500000}
[08/20 15:16:19][INFO] utils.logging:   91: {"_type": "val_iter", "gpu_mem": "11.77 GB", "iter": "3800/10000", "top1_acc": 97.800000}
[08/20 15:17:00][INFO] utils.logging:   91: {"_type": "val_iter", "gpu_mem": "11.77 GB", "iter": "4000/10000", "top1_acc": 96.800000}
[08/20 15:17:41][INFO] utils.logging:   91: {"_type": "val_iter", "gpu_mem": "11.77 GB", "iter": "4200/10000", "top1_acc": 97.600000}
[08/20 15:18:22][INFO] utils.logging:   91: {"_type": "val_iter", "gpu_mem": "11.77 GB", "iter": "4400/10000", "top1_acc": 95.800000}
[08/20 15:19:03][INFO] utils.logging:   91: {"_type": "val_iter", "gpu_mem": "11.77 GB", "iter": "4600/10000", "top1_acc": 97.400000}
[08/20 15:19:44][INFO] utils.logging:   91: {"_type": "val_iter", "gpu_mem": "11.77 GB", "iter": "4800/10000", "top1_acc": 97.000000}
[08/20 15:20:24][INFO] utils.logging:   91: {"_type": "val_iter", "gpu_mem": "11.77 GB", "iter": "5000/10000", "top1_acc": 96.400000}
[08/20 15:21:05][INFO] utils.logging:   91: {"_type": "val_iter", "gpu_mem": "11.77 GB", "iter": "5200/10000", "top1_acc": 96.600000}
[08/20 15:21:46][INFO] utils.logging:   91: {"_type": "val_iter", "gpu_mem": "11.77 GB", "iter": "5400/10000", "top1_acc": 95.700000}
[08/20 15:22:27][INFO] utils.logging:   91: {"_type": "val_iter", "gpu_mem": "11.77 GB", "iter": "5600/10000", "top1_acc": 96.600000}
[08/20 15:23:07][INFO] utils.logging:   91: {"_type": "val_iter", "gpu_mem": "11.77 GB", "iter": "5800/10000", "top1_acc": 96.800000}
[08/20 15:23:48][INFO] utils.logging:   91: {"_type": "val_iter", "gpu_mem": "11.77 GB", "iter": "6000/10000", "top1_acc": 97.200000}
[08/20 15:24:29][INFO] utils.logging:   91: {"_type": "val_iter", "gpu_mem": "11.77 GB", "iter": "6200/10000", "top1_acc": 96.700000}
[08/20 15:25:10][INFO] utils.logging:   91: {"_type": "val_iter", "gpu_mem": "11.77 GB", "iter": "6400/10000", "top1_acc": 97.200000}
[08/20 15:25:51][INFO] utils.logging:   91: {"_type": "val_iter", "gpu_mem": "11.77 GB", "iter": "6600/10000", "top1_acc": 96.700000}
[08/20 15:26:32][INFO] utils.logging:   91: {"_type": "val_iter", "gpu_mem": "11.77 GB", "iter": "6800/10000", "top1_acc": 96.700000}
[08/20 15:27:13][INFO] utils.logging:   91: {"_type": "val_iter", "gpu_mem": "11.77 GB", "iter": "7000/10000", "top1_acc": 96.900000}
[08/20 15:27:55][INFO] utils.logging:   91: {"_type": "val_iter", "gpu_mem": "11.77 GB", "iter": "7200/10000", "top1_acc": 96.700000}
[08/20 15:28:36][INFO] utils.logging:   91: {"_type": "val_iter", "gpu_mem": "11.77 GB", "iter": "7400/10000", "top1_acc": 97.300000}
[08/20 15:29:18][INFO] utils.logging:   91: {"_type": "val_iter", "gpu_mem": "11.77 GB", "iter": "7600/10000", "top1_acc": 97.300000}
[08/20 15:29:56][INFO] utils.logging:   91: {"_type": "val_iter", "gpu_mem": "11.77 GB", "iter": "7800/10000", "top1_acc": 97.900000}
[08/20 15:30:38][INFO] utils.logging:   91: {"_type": "val_iter", "gpu_mem": "11.77 GB", "iter": "8000/10000", "top1_acc": 97.600000}
[08/20 15:31:20][INFO] utils.logging:   91: {"_type": "val_iter", "gpu_mem": "11.77 GB", "iter": "8200/10000", "top1_acc": 97.100000}
[08/20 15:32:02][INFO] utils.logging:   91: {"_type": "val_iter", "gpu_mem": "11.77 GB", "iter": "8400/10000", "top1_acc": 96.500000}
[08/20 15:32:43][INFO] utils.logging:   91: {"_type": "val_iter", "gpu_mem": "11.77 GB", "iter": "8600/10000", "top1_acc": 97.900000}
[08/20 15:33:16][INFO] utils.logging:   91: {"_type": "val_iter", "gpu_mem": "11.77 GB", "iter": "8800/10000", "top1_acc": 97.300000}
[08/20 15:33:39][INFO] utils.logging:   91: {"_type": "val_iter", "gpu_mem": "11.77 GB", "iter": "9000/10000", "top1_acc": 97.700000}
[08/20 15:34:01][INFO] utils.logging:   91: {"_type": "val_iter", "gpu_mem": "11.77 GB", "iter": "9200/10000", "top1_acc": 96.600000}
[08/20 15:34:24][INFO] utils.logging:   91: {"_type": "val_iter", "gpu_mem": "11.77 GB", "iter": "9400/10000", "top1_acc": 97.100000}
[08/20 15:34:46][INFO] utils.logging:   91: {"_type": "val_iter", "gpu_mem": "11.77 GB", "iter": "9600/10000", "top1_acc": 96.700000}
[08/20 15:35:08][INFO] utils.logging:   91: {"_type": "val_iter", "gpu_mem": "11.77 GB", "iter": "9800/10000", "top1_acc": 97.300000}
[08/20 15:35:31][INFO] utils.logging:   91: {"_type": "val_iter", "gpu_mem": "11.77 GB", "iter": "10000/10000", "top1_acc": 96.700000}
[08/20 15:35:31][INFO] utils.logging:   91: {"RAM": "20.71/125.63 GB", "_type": "val_epoch", "epoch": "1", "gpu_mem": "11.77 GB", "top1_acc": 97.070000}
[08/20 15:35:31][INFO] train_net_few_shot:   91: New best validation accuracy: 97.0700; checkpoint=output/UCF101_TASK_MATCH_v3/checkpoints/checkpoint_best.pyth
[08/20 15:35:32][INFO] utils.logging:   91: {"_type": "train_iter", "iter": "6000/18000", "loss": 0.017944, "lr": 0.000250, "top1_acc": 97.300000}
[08/20 15:36:28][INFO] utils.logging:   91: {"_type": "train_iter", "iter": "6200/18000", "loss": 0.017770, "lr": 0.000250, "top1_acc": 98.000000}
[08/20 15:37:25][INFO] utils.logging:   91: {"_type": "train_iter", "iter": "6400/18000", "loss": 0.010971, "lr": 0.000250, "top1_acc": 98.200000}
[08/20 15:38:21][INFO] utils.logging:   91: {"_type": "train_iter", "iter": "6600/18000", "loss": 0.014854, "lr": 0.000250, "top1_acc": 97.800000}
[08/20 15:39:18][INFO] utils.logging:   91: {"_type": "train_iter", "iter": "6800/18000", "loss": 0.020714, "lr": 0.000250, "top1_acc": 97.500000}
[08/20 15:40:14][INFO] utils.logging:   91: {"_type": "train_iter", "iter": "7000/18000", "loss": 0.015750, "lr": 0.000250, "top1_acc": 97.200000}
[08/20 15:41:11][INFO] utils.logging:   91: {"_type": "train_iter", "iter": "7200/18000", "loss": 0.015444, "lr": 0.000250, "top1_acc": 98.500000}
[08/20 15:42:08][INFO] utils.logging:   91: {"_type": "train_iter", "iter": "7400/18000", "loss": 0.020015, "lr": 0.000250, "top1_acc": 97.600000}
[08/20 15:43:04][INFO] utils.logging:   91: {"_type": "train_iter", "iter": "7600/18000", "loss": 0.018634, "lr": 0.000250, "top1_acc": 97.500000}
[08/20 15:44:01][INFO] utils.logging:   91: {"_type": "train_iter", "iter": "7800/18000", "loss": 0.013477, "lr": 0.000250, "top1_acc": 98.400000}
[08/20 15:44:57][INFO] utils.logging:   91: {"_type": "train_iter", "iter": "8000/18000", "loss": 0.015278, "lr": 0.000250, "top1_acc": 97.700000}
[08/20 15:45:54][INFO] utils.logging:   91: {"_type": "train_iter", "iter": "8200/18000", "loss": 0.013153, "lr": 0.000250, "top1_acc": 98.000000}
[08/20 15:46:50][INFO] utils.logging:   91: {"_type": "train_iter", "iter": "8400/18000", "loss": 0.020103, "lr": 0.000250, "top1_acc": 98.000000}
[08/20 15:47:47][INFO] utils.logging:   91: {"_type": "train_iter", "iter": "8600/18000", "loss": 0.015511, "lr": 0.000250, "top1_acc": 97.900000}
[08/20 15:48:44][INFO] utils.logging:   91: {"_type": "train_iter", "iter": "8800/18000", "loss": 0.009808, "lr": 0.000250, "top1_acc": 99.000000}
[08/20 15:49:40][INFO] utils.logging:   91: {"_type": "train_iter", "iter": "9000/18000", "loss": 0.013097, "lr": 0.000250, "top1_acc": 98.400000}
[08/20 15:50:37][INFO] utils.logging:   91: {"_type": "train_iter", "iter": "9200/18000", "loss": 0.017914, "lr": 0.000025, "top1_acc": 98.300000}
[08/20 15:51:33][INFO] utils.logging:   91: {"_type": "train_iter", "iter": "9400/18000", "loss": 0.015369, "lr": 0.000025, "top1_acc": 98.800000}
[08/20 15:52:30][INFO] utils.logging:   91: {"_type": "train_iter", "iter": "9600/18000", "loss": 0.014912, "lr": 0.000025, "top1_acc": 97.800000}
[08/20 15:53:26][INFO] utils.logging:   91: {"_type": "train_iter", "iter": "9800/18000", "loss": 0.015200, "lr": 0.000025, "top1_acc": 98.000000}
[08/20 15:54:23][INFO] utils.logging:   91: {"_type": "train_iter", "iter": "10000/18000", "loss": 0.016388, "lr": 0.000025, "top1_acc": 98.800000}
[08/20 15:55:19][INFO] utils.logging:   91: {"_type": "train_iter", "iter": "10200/18000", "loss": 0.012929, "lr": 0.000025, "top1_acc": 98.100000}
[08/20 15:56:16][INFO] utils.logging:   91: {"_type": "train_iter", "iter": "10400/18000", "loss": 0.012970, "lr": 0.000025, "top1_acc": 98.300000}
[08/20 15:57:12][INFO] utils.logging:   91: {"_type": "train_iter", "iter": "10600/18000", "loss": 0.010237, "lr": 0.000025, "top1_acc": 98.600000}
[08/20 15:58:09][INFO] utils.logging:   91: {"_type": "train_iter", "iter": "10800/18000", "loss": 0.011900, "lr": 0.000025, "top1_acc": 98.400000}
[08/20 15:59:05][INFO] utils.logging:   91: {"_type": "train_iter", "iter": "11000/18000", "loss": 0.012383, "lr": 0.000025, "top1_acc": 97.500000}
[08/20 16:00:02][INFO] utils.logging:   91: {"_type": "train_iter", "iter": "11200/18000", "loss": 0.010510, "lr": 0.000025, "top1_acc": 98.200000}
[08/20 16:00:58][INFO] utils.logging:   91: {"_type": "train_iter", "iter": "11400/18000", "loss": 0.012254, "lr": 0.000025, "top1_acc": 97.800000}
[08/20 16:01:55][INFO] utils.logging:   91: {"_type": "train_iter", "iter": "11600/18000", "loss": 0.017654, "lr": 0.000025, "top1_acc": 97.600000}
[08/20 16:02:52][INFO] utils.logging:   91: {"_type": "train_iter", "iter": "11800/18000", "loss": 0.009957, "lr": 0.000025, "top1_acc": 97.500000}
[08/20 16:04:11][INFO] utils.logging:   91: {"_type": "val_iter", "gpu_mem": "11.77 GB", "iter": "200/10000", "top1_acc": 97.100000}
[08/20 16:04:33][INFO] utils.logging:   91: {"_type": "val_iter", "gpu_mem": "11.77 GB", "iter": "400/10000", "top1_acc": 97.200000}
[08/20 16:04:56][INFO] utils.logging:   91: {"_type": "val_iter", "gpu_mem": "11.77 GB", "iter": "600/10000", "top1_acc": 97.200000}
[08/20 16:05:18][INFO] utils.logging:   91: {"_type": "val_iter", "gpu_mem": "11.77 GB", "iter": "800/10000", "top1_acc": 96.400000}
[08/20 16:05:41][INFO] utils.logging:   91: {"_type": "val_iter", "gpu_mem": "11.77 GB", "iter": "1000/10000", "top1_acc": 97.300000}
[08/20 16:06:03][INFO] utils.logging:   91: {"_type": "val_iter", "gpu_mem": "11.77 GB", "iter": "1200/10000", "top1_acc": 98.400000}
[08/20 16:06:26][INFO] utils.logging:   91: {"_type": "val_iter", "gpu_mem": "11.77 GB", "iter": "1400/10000", "top1_acc": 97.000000}
[08/20 16:06:48][INFO] utils.logging:   91: {"_type": "val_iter", "gpu_mem": "11.77 GB", "iter": "1600/10000", "top1_acc": 97.100000}
[08/20 16:07:11][INFO] utils.logging:   91: {"_type": "val_iter", "gpu_mem": "11.77 GB", "iter": "1800/10000", "top1_acc": 96.600000}
[08/20 16:07:33][INFO] utils.logging:   91: {"_type": "val_iter", "gpu_mem": "11.77 GB", "iter": "2000/10000", "top1_acc": 96.900000}
[08/20 16:07:56][INFO] utils.logging:   91: {"_type": "val_iter", "gpu_mem": "11.77 GB", "iter": "2200/10000", "top1_acc": 98.000000}
[08/20 16:08:18][INFO] utils.logging:   91: {"_type": "val_iter", "gpu_mem": "11.77 GB", "iter": "2400/10000", "top1_acc": 96.400000}
[08/20 16:08:41][INFO] utils.logging:   91: {"_type": "val_iter", "gpu_mem": "11.77 GB", "iter": "2600/10000", "top1_acc": 96.800000}
[08/20 16:09:03][INFO] utils.logging:   91: {"_type": "val_iter", "gpu_mem": "11.77 GB", "iter": "2800/10000", "top1_acc": 96.900000}
[08/20 16:09:26][INFO] utils.logging:   91: {"_type": "val_iter", "gpu_mem": "11.77 GB", "iter": "3000/10000", "top1_acc": 96.600000}
[08/20 16:09:48][INFO] utils.logging:   91: {"_type": "val_iter", "gpu_mem": "11.77 GB", "iter": "3200/10000", "top1_acc": 97.200000}
[08/20 16:10:11][INFO] utils.logging:   91: {"_type": "val_iter", "gpu_mem": "11.77 GB", "iter": "3400/10000", "top1_acc": 96.800000}
[08/20 16:10:33][INFO] utils.logging:   91: {"_type": "val_iter", "gpu_mem": "11.77 GB", "iter": "3600/10000", "top1_acc": 97.300000}
[08/20 16:10:55][INFO] utils.logging:   91: {"_type": "val_iter", "gpu_mem": "11.77 GB", "iter": "3800/10000", "top1_acc": 97.300000}
[08/20 16:11:18][INFO] utils.logging:   91: {"_type": "val_iter", "gpu_mem": "11.77 GB", "iter": "4000/10000", "top1_acc": 96.600000}
[08/20 16:11:40][INFO] utils.logging:   91: {"_type": "val_iter", "gpu_mem": "11.77 GB", "iter": "4200/10000", "top1_acc": 96.800000}
[08/20 16:12:03][INFO] utils.logging:   91: {"_type": "val_iter", "gpu_mem": "11.77 GB", "iter": "4400/10000", "top1_acc": 95.900000}
[08/20 16:12:25][INFO] utils.logging:   91: {"_type": "val_iter", "gpu_mem": "11.77 GB", "iter": "4600/10000", "top1_acc": 97.500000}
[08/20 16:12:48][INFO] utils.logging:   91: {"_type": "val_iter", "gpu_mem": "11.77 GB", "iter": "4800/10000", "top1_acc": 97.200000}
[08/20 16:13:10][INFO] utils.logging:   91: {"_type": "val_iter", "gpu_mem": "11.77 GB", "iter": "5000/10000", "top1_acc": 97.000000}
[08/20 16:13:33][INFO] utils.logging:   91: {"_type": "val_iter", "gpu_mem": "11.77 GB", "iter": "5200/10000", "top1_acc": 95.500000}
[08/20 16:13:55][INFO] utils.logging:   91: {"_type": "val_iter", "gpu_mem": "11.77 GB", "iter": "5400/10000", "top1_acc": 96.300000}
[08/20 16:14:18][INFO] utils.logging:   91: {"_type": "val_iter", "gpu_mem": "11.77 GB", "iter": "5600/10000", "top1_acc": 96.400000}
[08/20 16:14:40][INFO] utils.logging:   91: {"_type": "val_iter", "gpu_mem": "11.77 GB", "iter": "5800/10000", "top1_acc": 96.600000}
[08/20 16:15:03][INFO] utils.logging:   91: {"_type": "val_iter", "gpu_mem": "11.77 GB", "iter": "6000/10000", "top1_acc": 96.400000}
[08/20 16:15:25][INFO] utils.logging:   91: {"_type": "val_iter", "gpu_mem": "11.77 GB", "iter": "6200/10000", "top1_acc": 96.300000}
[08/20 16:15:48][INFO] utils.logging:   91: {"_type": "val_iter", "gpu_mem": "11.77 GB", "iter": "6400/10000", "top1_acc": 96.700000}
[08/20 16:16:10][INFO] utils.logging:   91: {"_type": "val_iter", "gpu_mem": "11.77 GB", "iter": "6600/10000", "top1_acc": 96.400000}
[08/20 16:16:32][INFO] utils.logging:   91: {"_type": "val_iter", "gpu_mem": "11.77 GB", "iter": "6800/10000", "top1_acc": 96.800000}
[08/20 16:16:55][INFO] utils.logging:   91: {"_type": "val_iter", "gpu_mem": "11.77 GB", "iter": "7000/10000", "top1_acc": 96.900000}
[08/20 16:17:17][INFO] utils.logging:   91: {"_type": "val_iter", "gpu_mem": "11.77 GB", "iter": "7200/10000", "top1_acc": 96.200000}
[08/20 16:17:40][INFO] utils.logging:   91: {"_type": "val_iter", "gpu_mem": "11.77 GB", "iter": "7400/10000", "top1_acc": 97.600000}
[08/20 16:18:02][INFO] utils.logging:   91: {"_type": "val_iter", "gpu_mem": "11.77 GB", "iter": "7600/10000", "top1_acc": 96.900000}
[08/20 16:18:25][INFO] utils.logging:   91: {"_type": "val_iter", "gpu_mem": "11.77 GB", "iter": "7800/10000", "top1_acc": 96.800000}
[08/20 16:18:47][INFO] utils.logging:   91: {"_type": "val_iter", "gpu_mem": "11.77 GB", "iter": "8000/10000", "top1_acc": 97.600000}
[08/20 16:19:10][INFO] utils.logging:   91: {"_type": "val_iter", "gpu_mem": "11.77 GB", "iter": "8200/10000", "top1_acc": 97.000000}
[08/20 16:19:32][INFO] utils.logging:   91: {"_type": "val_iter", "gpu_mem": "11.77 GB", "iter": "8400/10000", "top1_acc": 96.100000}
[08/20 16:19:55][INFO] utils.logging:   91: {"_type": "val_iter", "gpu_mem": "11.77 GB", "iter": "8600/10000", "top1_acc": 97.300000}
[08/20 16:20:17][INFO] utils.logging:   91: {"_type": "val_iter", "gpu_mem": "11.77 GB", "iter": "8800/10000", "top1_acc": 97.700000}
[08/20 16:20:39][INFO] utils.logging:   91: {"_type": "val_iter", "gpu_mem": "11.77 GB", "iter": "9000/10000", "top1_acc": 97.500000}
[08/20 16:21:02][INFO] utils.logging:   91: {"_type": "val_iter", "gpu_mem": "11.77 GB", "iter": "9200/10000", "top1_acc": 96.500000}
[08/20 16:21:24][INFO] utils.logging:   91: {"_type": "val_iter", "gpu_mem": "11.77 GB", "iter": "9400/10000", "top1_acc": 96.800000}
[08/20 16:21:47][INFO] utils.logging:   91: {"_type": "val_iter", "gpu_mem": "11.77 GB", "iter": "9600/10000", "top1_acc": 96.500000}
[08/20 16:22:09][INFO] utils.logging:   91: {"_type": "val_iter", "gpu_mem": "11.77 GB", "iter": "9800/10000", "top1_acc": 97.300000}
[08/20 16:22:32][INFO] utils.logging:   91: {"_type": "val_iter", "gpu_mem": "11.77 GB", "iter": "10000/10000", "top1_acc": 96.900000}
[08/20 16:22:32][INFO] utils.logging:   91: {"RAM": "18.59/125.63 GB", "_type": "val_epoch", "epoch": "2", "gpu_mem": "11.77 GB", "top1_acc": 96.890000}
[08/20 16:22:32][INFO] train_net_few_shot:   98: Validation accuracy 96.8900 did not improve best 97.0700 (1/0 evaluations without improvement).
[08/20 16:22:32][INFO] train_net_few_shot:  107: Early stopping at iteration 12000; best validation accuracy was 97.0700.
[08/20 16:22:32][INFO] utils.logging:   91: {"RAM": "14.97/125.63 GB", "_type": "train_epoch", "epoch": "7", "gpu_mem": "11.77 GB", "loss": 0.075740, "lr": 0.000025, "top1_acc": 97.573131}
