[08/27 10:50:52][INFO] train_net_few_shot:  303: Train with config:
[08/27 10:50:52][INFO] train_net_few_shot:  304: {
  "TASK_TYPE": "few_shot_action",
  "PRETRAIN": {
    "ENABLE": false
  },
  "LOCALIZATION": {
    "ENABLE": false
  },
  "TRAIN": {
    "ENABLE": true,
    "DATASET": "UCF101",
    "BATCH_SIZE": 1,
    "LOG_FILE": "train.log",
    "EVAL_PERIOD": 2,
    "NUM_FOLDS": 1,
    "AUTO_RESUME": false,
    "CHECKPOINT_PERIOD": 10,
    "CHECKPOINT_FILE_PATH": "",
    "CHECKPOINT_TYPE": "pytorch",
    "CHECKPOINT_INFLATE": false,
    "CHECKPOINT_PRE_PROCESS": {
      "ENABLE": false
    },
    "FINE_TUNE": true,
    "ONLY_LINEAR": false,
    "LR_REDUCE": false,
    "TRAIN_VAL_COMBINE": false,
    "LOSS_FUNC": "cross_entropy",
    "NUM_CLASS": 70,
    "META_BATCH": true,
    "WAY": 5,
    "SHOT": 1,
    "QUERY_PER_CLASS": 1,
    "QUERY_PER_CLASS_TEST": 1,
    "NUM_TRAIN_TASKS": 18000,
    "NUM_TEST_TASKS": 10000,
    "VAL_FRE_ITER": 6000,
    "BATCH_SIZE_PER_TASK": 16,
    "NORMALIZE_ACCUMULATED_GRADIENTS": true,
    "EARLY_STOP": {
      "ENABLE": true,
      "PATIENCE": 0,
      "MIN_DELTA": 0.05
    }
  },
  "TEST": {
    "ENABLE": true,
    "DATASET": "UCF101",
    "BATCH_SIZE": 1,
    "NUM_SPATIAL_CROPS": 1,
    "SPATIAL_CROPS": "cctltr",
    "NUM_ENSEMBLE_VIEWS": 1,
    "LOG_FILE": "test.log",
    "CHECKPOINT_FILE_PATH": "",
    "CHECKPOINT_TYPE": "pytorch",
    "AUTOMATIC_MULTI_SCALE_TEST": false,
    "TEST_SET": "val",
    "UPLOAD_CLASSIFIER_RESULTS": true,
    "SHOT": [
      1,
      5
    ],
    "EPISODE_SEED": 2026
  },
  "VISUALIZATION": {
    "ENABLE": false,
    "NAME": "",
    "FEATURE_MAPS": {
      "ENABLE": false,
      "BASE_OUTPUT_DIR": ""
    }
  },
  "SUBMISSION": {
    "ENABLE": false,
    "SAVE_RESULTS_PATH": "test.json"
  },
  "DATA": {
    "DATA_ROOT_DIR": "/mnt/data/yanyi2025/lrc/action_data/ucf101/",
    "ANNO_DIR": "config/ucf101/",
    "NUM_INPUT_FRAMES": 8,
    "NUM_INPUT_CHANNELS": 2304,
    "SAMPLING_MODE": "interval_based",
    "SAMPLING_RATE": 50,
    "TRAIN_JITTER_SCALES": [
      256,
      256
    ],
    "TRAIN_CROP_SIZE": 224,
    "TEST_SCALE": 256,
    "TEST_CROP_SIZE": 224,
    "MEAN": [
      0.48145466,
      0.4578275,
      0.40821073
    ],
    "STD": [
      0.26862954,
      0.26130258,
      0.27577711
    ],
    "MULTI_LABEL": false,
    "ENSEMBLE_METHOD": "sum",
    "TARGET_FPS": 12,
    "MINUS_INTERVAL": false,
    "FPS": 12,
    "NORM_FEATURE": false,
    "USE_AUG_FEATURE": false,
    "AUG": false,
    "LOAD_PROPS": false,
    "TEMPORAL_SCALE": 256,
    "LABELS_TYPE": "cls",
    "LOAD_TYPE": "pickle",
    "DOWNLOAD_FEATURE": true,
    "SAMPLING_UNIFORM": false,
    "TEST_CENTER_CROP": true,
    "CLIP_INTERVAL": 8
  },
  "MODEL": {
    "NAME": "BaseVideoModel",
    "EMA": {
      "ENABLE": false,
      "DECAY": 0.99996
    }
  },
  "VIDEO": {
    "BACKBONE": {
      "DEPTH": null,
      "META_ARCH": "Identity",
      "NUM_FILTERS": null,
      "NUM_INPUT_CHANNELS": 3,
      "NUM_OUT_FEATURES": null,
      "KERNEL_SIZE": null,
      "DOWNSAMPLING": null,
      "DOWNSAMPLING_TEMPORAL": null,
      "NUM_STREAMS": 1,
      "EXPANSION_RATIO": 2,
      "BRANCH": {
        "NAME": null
      },
      "STEM": {
        "NAME": null
      },
      "NONLOCAL": {
        "ENABLE": false,
        "STAGES": [
          5
        ],
        "MASK_ENABLE": false
      },
      "INITIALIZATION": null
    },
    "HEAD": {
      "NAME": "BaseTemporalClassifier",
      "ACTIVATION": "softmax",
      "DROPOUT_RATE": 0.0,
      "NUM_CLASSES": 200
    }
  },
  "OPTIMIZER": {
    "ADJUST_LR": false,
    "BASE_LR": 0.002,
    "LR_POLICY": "cosine",
    "MAX_EPOCH": 300,
    "MOMENTUM": 0.9,
    "WEIGHT_DECAY": "5e-3",
    "WARMUP_EPOCHS": 10,
    "WARMUP_START_LR": 0.0002,
    "OPTIM_METHOD": "adam",
    "DAMPENING": 0.0,
    "NESTEROV": true
  },
  "BN": {
    "WB_LOCK": false,
    "FREEZE": false,
    "WEIGHT_DECAY": 0.0,
    "MOMENTUM": 0.1,
    "EPS": "1e-3",
    "SYNC": false
  },
  "DATA_LOADER": {
    "NUM_WORKERS": 8,
    "PIN_MEMORY": true,
    "ENABLE_MULTI_THREAD_DECODE": true,
    "COLLATE_FN": null
  },
  "NUM_GPUS": 1,
  "SHARD_ID": 0,
  "NUM_SHARDS": 1,
  "RANDOM_SEED": 18,
  "OUTPUT_DIR": "output/UCF101_MULTI_VELOCITY",
  "OUTPUT_CFG_FILE": "configuration.log",
  "LOG_PERIOD": 200,
  "DIST_BACKEND": "nccl",
  "LOG_MODEL_INFO": false,
  "LOG_CONFIG_INFO": true,
  "OSS": {
    "ENABLE": false,
    "KEY": null,
    "SECRET": null,
    "ENDPOINT": null,
    "CHECKPOINT_OUTPUT_PATH": null,
    "SECONDARY_DATA_OSS": {
      "ENABLE": false,
      "KEY": null,
      "SECRET": null,
      "ENDPOINT": null,
      "BUCKETS": [
        ""
      ]
    }
  },
  "AUGMENTATION": {
    "COLOR_AUG": false,
    "BRIGHTNESS": 0.5,
    "CONTRAST": 0.5,
    "SATURATION": 0.5,
    "HUE": 0.25,
    "GRAYSCALE": 0.3,
    "CONSISTENT": true,
    "SHUFFLE": true,
    "GRAY_FIRST": true,
    "RATIO": [
      0.857142857142857,
      1.1666666666666667
    ],
    "USE_GPU": false,
    "MIXUP": {
      "ENABLE": false,
      "ALPHA": 0.0,
      "PROB": 1.0,
      "MODE": "batch",
      "SWITCH_PROB": 0.5
    },
    "CUTMIX": {
      "ENABLE": false,
      "ALPHA": 0.0,
      "MINMAX": null
    },
    "RANDOM_ERASING": {
      "ENABLE": false,
      "PROB": 0.25,
      "MODE": "const",
      "COUNT": [
        1,
        1
      ],
      "NUM_SPLITS": 0,
      "AREA_RANGE": [
        0.02,
        0.33
      ],
      "MIN_ASPECT": 0.3
    },
    "LABEL_SMOOTHING": 0.0,
    "SSV2_FLIP": false,
    "IS_SPLIT": false,
    "NO_RANDOM_ERASE": true,
    "SUPPORT_QUERY_DIFF": true
  },
  "PAI": false,
  "USE_MULTISEG_VAL_DIST": false,
  "DETECTION": {
    "ENABLE": false
  },
  "TENSORBOARD": {
    "ENABLE": false
  },
  "SOLVER": {
    "BASE_LR": 0.00025,
    "LR_POLICY": "steps_with_relative_lrs",
    "MAX_EPOCH": 10,
    "MOMENTUM": 0.9,
    "WEIGHT_DECAY": "5e-4",
    "WARMUP_EPOCHS": 1,
    "WARMUP_START_LR": 5e-05,
    "OPTIM_METHOD": "adam",
    "DAMPENING": 0.0,
    "NESTEROV": true,
    "STEPS_ITER": 1800,
    "STEPS": [
      0,
      5,
      7,
      9
    ],
    "LRS": [
      1,
      0.1,
      0.05,
      0.01
    ]
  },
  "PRE_DOWNLOAD": {
    "ENABLE": false
  },
  "SUPPORT_SHOT": 1,
  "MULTI_VELOCITY": {
    "ENABLE": true,
    "VELOCITIES": [
      1,
      2
    ],
    "HIDDEN_RATIO": 0.25,
    "DROPOUT": 0.1,
    "DISTANCE_SCALE": 16.0,
    "OTAM_LAMBDA": 0.5,
    "ALPHA_INIT": -4.0
  },
  "ADAPTER": {
    "NAME": "ViT_CLIP",
    "PRETRAINED": "ViT-B/16",
    "WIDTH": 768,
    "PATCH_SIZE": 16,
    "LAYERS": 12,
    "HEADS": 12,
    "ADAPTER_SCALE": 0.25
  },
  "INIT_METHOD": "tcp://localhost:1111",
  "CUDA_VISIBLE_DEVICES": "0"
}

[08/27 10:50:53][INFO] models.base.adapter: 1070: load model from: ViT-B/16
[08/27 10:50:54][INFO] models.base.adapter: 1077: Missing keys: ['temporal_embedding', 'multi_velocity_alpha', 'transformer.resblocks.0.Adapter.down.weight', 'transformer.resblocks.0.Adapter.down.bias', 'transformer.resblocks.0.Adapter.pos_embed.weight', 'transformer.resblocks.0.Adapter.pos_embed.bias', 'transformer.resblocks.0.Adapter.s_ln.weight', 'transformer.resblocks.0.Adapter.s_ln.bias', 'transformer.resblocks.0.Adapter.s_attn.conv_offset.0.weight', 'transformer.resblocks.0.Adapter.s_attn.conv_offset.0.bias', 'transformer.resblocks.0.Adapter.s_attn.conv_offset.1.norm.weight', 'transformer.resblocks.0.Adapter.s_attn.conv_offset.1.norm.bias', 'transformer.resblocks.0.Adapter.s_attn.conv_offset.3.weight', 'transformer.resblocks.0.Adapter.s_attn.proj_q.weight', 'transformer.resblocks.0.Adapter.s_attn.proj_q.bias', 'transformer.resblocks.0.Adapter.s_attn.proj_k.weight', 'transformer.resblocks.0.Adapter.s_attn.proj_k.bias', 'transformer.resblocks.0.Adapter.s_attn.proj_v.weight', 'transformer.resblocks.0.Adapter.s_attn.proj_v.bias', 'transformer.resblocks.0.Adapter.s_attn.proj_out.weight', 'transformer.resblocks.0.Adapter.s_attn.proj_out.bias', 'transformer.resblocks.0.Adapter.t_ln.weight', 'transformer.resblocks.0.Adapter.t_ln.bias', 'transformer.resblocks.0.Adapter.t_attn.conv_offset.0.weight', 'transformer.resblocks.0.Adapter.t_attn.conv_offset.0.bias', 'transformer.resblocks.0.Adapter.t_attn.conv_offset.1.norm.weight', 'transformer.resblocks.0.Adapter.t_attn.conv_offset.1.norm.bias', 'transformer.resblocks.0.Adapter.t_attn.conv_offset.3.weight', 'transformer.resblocks.0.Adapter.t_attn.proj_q.weight', 'transformer.resblocks.0.Adapter.t_attn.proj_q.bias', 'transformer.resblocks.0.Adapter.t_attn.proj_k.weight', 'transformer.resblocks.0.Adapter.t_attn.proj_k.bias', 'transformer.resblocks.0.Adapter.t_attn.proj_v.weight', 'transformer.resblocks.0.Adapter.t_attn.proj_v.bias', 'transformer.resblocks.0.Adapter.t_attn.proj_out.weight', 'transformer.resblocks.0.Adapter.t_attn.proj_out.bias', 'transformer.resblocks.0.Adapter.up.weight', 'transformer.resblocks.0.Adapter.up.bias', 'transformer.resblocks.1.Adapter.down.weight', 'transformer.resblocks.1.Adapter.down.bias', 'transformer.resblocks.1.Adapter.pos_embed.weight', 'transformer.resblocks.1.Adapter.pos_embed.bias', 'transformer.resblocks.1.Adapter.s_ln.weight', 'transformer.resblocks.1.Adapter.s_ln.bias', 'transformer.resblocks.1.Adapter.s_attn.conv_offset.0.weight', 'transformer.resblocks.1.Adapter.s_attn.conv_offset.0.bias', 'transformer.resblocks.1.Adapter.s_attn.conv_offset.1.norm.weight', 'transformer.resblocks.1.Adapter.s_attn.conv_offset.1.norm.bias', 'transformer.resblocks.1.Adapter.s_attn.conv_offset.3.weight', 'transformer.resblocks.1.Adapter.s_attn.proj_q.weight', 'transformer.resblocks.1.Adapter.s_attn.proj_q.bias', 'transformer.resblocks.1.Adapter.s_attn.proj_k.weight', 'transformer.resblocks.1.Adapter.s_attn.proj_k.bias', 'transformer.resblocks.1.Adapter.s_attn.proj_v.weight', 'transformer.resblocks.1.Adapter.s_attn.proj_v.bias', 'transformer.resblocks.1.Adapter.s_attn.proj_out.weight', 'transformer.resblocks.1.Adapter.s_attn.proj_out.bias', 'transformer.resblocks.1.Adapter.t_ln.weight', 'transformer.resblocks.1.Adapter.t_ln.bias', 'transformer.resblocks.1.Adapter.t_attn.conv_offset.0.weight', 'transformer.resblocks.1.Adapter.t_attn.conv_offset.0.bias', 'transformer.resblocks.1.Adapter.t_attn.conv_offset.1.norm.weight', 'transformer.resblocks.1.Adapter.t_attn.conv_offset.1.norm.bias', 'transformer.resblocks.1.Adapter.t_attn.conv_offset.3.weight', 'transformer.resblocks.1.Adapter.t_attn.proj_q.weight', 'transformer.resblocks.1.Adapter.t_attn.proj_q.bias', 'transformer.resblocks.1.Adapter.t_attn.proj_k.weight', 'transformer.resblocks.1.Adapter.t_attn.proj_k.bias', 'transformer.resblocks.1.Adapter.t_attn.proj_v.weight', 'transformer.resblocks.1.Adapter.t_attn.proj_v.bias', 'transformer.resblocks.1.Adapter.t_attn.proj_out.weight', 'transformer.resblocks.1.Adapter.t_attn.proj_out.bias', 'transformer.resblocks.1.Adapter.up.weight', 'transformer.resblocks.1.Adapter.up.bias', 'transformer.resblocks.2.Adapter.down.weight', 'transformer.resblocks.2.Adapter.down.bias', 'transformer.resblocks.2.Adapter.pos_embed.weight', 'transformer.resblocks.2.Adapter.pos_embed.bias', 'transformer.resblocks.2.Adapter.s_ln.weight', 'transformer.resblocks.2.Adapter.s_ln.bias', 'transformer.resblocks.2.Adapter.s_attn.conv_offset.0.weight', 'transformer.resblocks.2.Adapter.s_attn.conv_offset.0.bias', 'transformer.resblocks.2.Adapter.s_attn.conv_offset.1.norm.weight', 'transformer.resblocks.2.Adapter.s_attn.conv_offset.1.norm.bias', 'transformer.resblocks.2.Adapter.s_attn.conv_offset.3.weight', 'transformer.resblocks.2.Adapter.s_attn.proj_q.weight', 'transformer.resblocks.2.Adapter.s_attn.proj_q.bias', 'transformer.resblocks.2.Adapter.s_attn.proj_k.weight', 'transformer.resblocks.2.Adapter.s_attn.proj_k.bias', 'transformer.resblocks.2.Adapter.s_attn.proj_v.weight', 'transformer.resblocks.2.Adapter.s_attn.proj_v.bias', 'transformer.resblocks.2.Adapter.s_attn.proj_out.weight', 'transformer.resblocks.2.Adapter.s_attn.proj_out.bias', 'transformer.resblocks.2.Adapter.t_ln.weight', 'transformer.resblocks.2.Adapter.t_ln.bias', 'transformer.resblocks.2.Adapter.t_attn.conv_offset.0.weight', 'transformer.resblocks.2.Adapter.t_attn.conv_offset.0.bias', 'transformer.resblocks.2.Adapter.t_attn.conv_offset.1.norm.weight', 'transformer.resblocks.2.Adapter.t_attn.conv_offset.1.norm.bias', 'transformer.resblocks.2.Adapter.t_attn.conv_offset.3.weight', 'transformer.resblocks.2.Adapter.t_attn.proj_q.weight', 'transformer.resblocks.2.Adapter.t_attn.proj_q.bias', 'transformer.resblocks.2.Adapter.t_attn.proj_k.weight', 'transformer.resblocks.2.Adapter.t_attn.proj_k.bias', 'transformer.resblocks.2.Adapter.t_attn.proj_v.weight', 'transformer.resblocks.2.Adapter.t_attn.proj_v.bias', 'transformer.resblocks.2.Adapter.t_attn.proj_out.weight', 'transformer.resblocks.2.Adapter.t_attn.proj_out.bias', 'transformer.resblocks.2.Adapter.up.weight', 'transformer.resblocks.2.Adapter.up.bias', 'transformer.resblocks.3.Adapter.down.weight', 'transformer.resblocks.3.Adapter.down.bias', 'transformer.resblocks.3.Adapter.pos_embed.weight', 'transformer.resblocks.3.Adapter.pos_embed.bias', 'transformer.resblocks.3.Adapter.s_ln.weight', 'transformer.resblocks.3.Adapter.s_ln.bias', 'transformer.resblocks.3.Adapter.s_attn.conv_offset.0.weight', 'transformer.resblocks.3.Adapter.s_attn.conv_offset.0.bias', 'transformer.resblocks.3.Adapter.s_attn.conv_offset.1.norm.weight', 'transformer.resblocks.3.Adapter.s_attn.conv_offset.1.norm.bias', 'transformer.resblocks.3.Adapter.s_attn.conv_offset.3.weight', 'transformer.resblocks.3.Adapter.s_attn.proj_q.weight', 'transformer.resblocks.3.Adapter.s_attn.proj_q.bias', 'transformer.resblocks.3.Adapter.s_attn.proj_k.weight', 'transformer.resblocks.3.Adapter.s_attn.proj_k.bias', 'transformer.resblocks.3.Adapter.s_attn.proj_v.weight', 'transformer.resblocks.3.Adapter.s_attn.proj_v.bias', 'transformer.resblocks.3.Adapter.s_attn.proj_out.weight', 'transformer.resblocks.3.Adapter.s_attn.proj_out.bias', 'transformer.resblocks.3.Adapter.t_ln.weight', 'transformer.resblocks.3.Adapter.t_ln.bias', 'transformer.resblocks.3.Adapter.t_attn.conv_offset.0.weight', 'transformer.resblocks.3.Adapter.t_attn.conv_offset.0.bias', 'transformer.resblocks.3.Adapter.t_attn.conv_offset.1.norm.weight', 'transformer.resblocks.3.Adapter.t_attn.conv_offset.1.norm.bias', 'transformer.resblocks.3.Adapter.t_attn.conv_offset.3.weight', 'transformer.resblocks.3.Adapter.t_attn.proj_q.weight', 'transformer.resblocks.3.Adapter.t_attn.proj_q.bias', 'transformer.resblocks.3.Adapter.t_attn.proj_k.weight', 'transformer.resblocks.3.Adapter.t_attn.proj_k.bias', 'transformer.resblocks.3.Adapter.t_attn.proj_v.weight', 'transformer.resblocks.3.Adapter.t_attn.proj_v.bias', 'transformer.resblocks.3.Adapter.t_attn.proj_out.weight', 'transformer.resblocks.3.Adapter.t_attn.proj_out.bias', 'transformer.resblocks.3.Adapter.up.weight', 'transformer.resblocks.3.Adapter.up.bias', 'transformer.resblocks.4.Adapter.down.weight', 'transformer.resblocks.4.Adapter.down.bias', 'transformer.resblocks.4.Adapter.pos_embed.weight', 'transformer.resblocks.4.Adapter.pos_embed.bias', 'transformer.resblocks.4.Adapter.s_ln.weight', 'transformer.resblocks.4.Adapter.s_ln.bias', 'transformer.resblocks.4.Adapter.s_attn.conv_offset.0.weight', 'transformer.resblocks.4.Adapter.s_attn.conv_offset.0.bias', 'transformer.resblocks.4.Adapter.s_attn.conv_offset.1.norm.weight', 'transformer.resblocks.4.Adapter.s_attn.conv_offset.1.norm.bias', 'transformer.resblocks.4.Adapter.s_attn.conv_offset.3.weight', 'transformer.resblocks.4.Adapter.s_attn.proj_q.weight', 'transformer.resblocks.4.Adapter.s_attn.proj_q.bias', 'transformer.resblocks.4.Adapter.s_attn.proj_k.weight', 'transformer.resblocks.4.Adapter.s_attn.proj_k.bias', 'transformer.resblocks.4.Adapter.s_attn.proj_v.weight', 'transformer.resblocks.4.Adapter.s_attn.proj_v.bias', 'transformer.resblocks.4.Adapter.s_attn.proj_out.weight', 'transformer.resblocks.4.Adapter.s_attn.proj_out.bias', 'transformer.resblocks.4.Adapter.t_ln.weight', 'transformer.resblocks.4.Adapter.t_ln.bias', 'transformer.resblocks.4.Adapter.t_attn.conv_offset.0.weight', 'transformer.resblocks.4.Adapter.t_attn.conv_offset.0.bias', 'transformer.resblocks.4.Adapter.t_attn.conv_offset.1.norm.weight', 'transformer.resblocks.4.Adapter.t_attn.conv_offset.1.norm.bias', 'transformer.resblocks.4.Adapter.t_attn.conv_offset.3.weight', 'transformer.resblocks.4.Adapter.t_attn.proj_q.weight', 'transformer.resblocks.4.Adapter.t_attn.proj_q.bias', 'transformer.resblocks.4.Adapter.t_attn.proj_k.weight', 'transformer.resblocks.4.Adapter.t_attn.proj_k.bias', 'transformer.resblocks.4.Adapter.t_attn.proj_v.weight', 'transformer.resblocks.4.Adapter.t_attn.proj_v.bias', 'transformer.resblocks.4.Adapter.t_attn.proj_out.weight', 'transformer.resblocks.4.Adapter.t_attn.proj_out.bias', 'transformer.resblocks.4.Adapter.up.weight', 'transformer.resblocks.4.Adapter.up.bias', 'transformer.resblocks.5.Adapter.down.weight', 'transformer.resblocks.5.Adapter.down.bias', 'transformer.resblocks.5.Adapter.pos_embed.weight', 'transformer.resblocks.5.Adapter.pos_embed.bias', 'transformer.resblocks.5.Adapter.s_ln.weight', 'transformer.resblocks.5.Adapter.s_ln.bias', 'transformer.resblocks.5.Adapter.s_attn.conv_offset.0.weight', 'transformer.resblocks.5.Adapter.s_attn.conv_offset.0.bias', 'transformer.resblocks.5.Adapter.s_attn.conv_offset.1.norm.weight', 'transformer.resblocks.5.Adapter.s_attn.conv_offset.1.norm.bias', 'transformer.resblocks.5.Adapter.s_attn.conv_offset.3.weight', 'transformer.resblocks.5.Adapter.s_attn.proj_q.weight', 'transformer.resblocks.5.Adapter.s_attn.proj_q.bias', 'transformer.resblocks.5.Adapter.s_attn.proj_k.weight', 'transformer.resblocks.5.Adapter.s_attn.proj_k.bias', 'transformer.resblocks.5.Adapter.s_attn.proj_v.weight', 'transformer.resblocks.5.Adapter.s_attn.proj_v.bias', 'transformer.resblocks.5.Adapter.s_attn.proj_out.weight', 'transformer.resblocks.5.Adapter.s_attn.proj_out.bias', 'transformer.resblocks.5.Adapter.t_ln.weight', 'transformer.resblocks.5.Adapter.t_ln.bias', 'transformer.resblocks.5.Adapter.t_attn.conv_offset.0.weight', 'transformer.resblocks.5.Adapter.t_attn.conv_offset.0.bias', 'transformer.resblocks.5.Adapter.t_attn.conv_offset.1.norm.weight', 'transformer.resblocks.5.Adapter.t_attn.conv_offset.1.norm.bias', 'transformer.resblocks.5.Adapter.t_attn.conv_offset.3.weight', 'transformer.resblocks.5.Adapter.t_attn.proj_q.weight', 'transformer.resblocks.5.Adapter.t_attn.proj_q.bias', 'transformer.resblocks.5.Adapter.t_attn.proj_k.weight', 'transformer.resblocks.5.Adapter.t_attn.proj_k.bias', 'transformer.resblocks.5.Adapter.t_attn.proj_v.weight', 'transformer.resblocks.5.Adapter.t_attn.proj_v.bias', 'transformer.resblocks.5.Adapter.t_attn.proj_out.weight', 'transformer.resblocks.5.Adapter.t_attn.proj_out.bias', 'transformer.resblocks.5.Adapter.up.weight', 'transformer.resblocks.5.Adapter.up.bias', 'transformer.resblocks.6.Adapter.down.weight', 'transformer.resblocks.6.Adapter.down.bias', 'transformer.resblocks.6.Adapter.pos_embed.weight', 'transformer.resblocks.6.Adapter.pos_embed.bias', 'transformer.resblocks.6.Adapter.s_ln.weight', 'transformer.resblocks.6.Adapter.s_ln.bias', 'transformer.resblocks.6.Adapter.s_attn.conv_offset.0.weight', 'transformer.resblocks.6.Adapter.s_attn.conv_offset.0.bias', 'transformer.resblocks.6.Adapter.s_attn.conv_offset.1.norm.weight', 'transformer.resblocks.6.Adapter.s_attn.conv_offset.1.norm.bias', 'transformer.resblocks.6.Adapter.s_attn.conv_offset.3.weight', 'transformer.resblocks.6.Adapter.s_attn.proj_q.weight', 'transformer.resblocks.6.Adapter.s_attn.proj_q.bias', 'transformer.resblocks.6.Adapter.s_attn.proj_k.weight', 'transformer.resblocks.6.Adapter.s_attn.proj_k.bias', 'transformer.resblocks.6.Adapter.s_attn.proj_v.weight', 'transformer.resblocks.6.Adapter.s_attn.proj_v.bias', 'transformer.resblocks.6.Adapter.s_attn.proj_out.weight', 'transformer.resblocks.6.Adapter.s_attn.proj_out.bias', 'transformer.resblocks.6.Adapter.t_ln.weight', 'transformer.resblocks.6.Adapter.t_ln.bias', 'transformer.resblocks.6.Adapter.t_attn.conv_offset.0.weight', 'transformer.resblocks.6.Adapter.t_attn.conv_offset.0.bias', 'transformer.resblocks.6.Adapter.t_attn.conv_offset.1.norm.weight', 'transformer.resblocks.6.Adapter.t_attn.conv_offset.1.norm.bias', 'transformer.resblocks.6.Adapter.t_attn.conv_offset.3.weight', 'transformer.resblocks.6.Adapter.t_attn.proj_q.weight', 'transformer.resblocks.6.Adapter.t_attn.proj_q.bias', 'transformer.resblocks.6.Adapter.t_attn.proj_k.weight', 'transformer.resblocks.6.Adapter.t_attn.proj_k.bias', 'transformer.resblocks.6.Adapter.t_attn.proj_v.weight', 'transformer.resblocks.6.Adapter.t_attn.proj_v.bias', 'transformer.resblocks.6.Adapter.t_attn.proj_out.weight', 'transformer.resblocks.6.Adapter.t_attn.proj_out.bias', 'transformer.resblocks.6.Adapter.up.weight', 'transformer.resblocks.6.Adapter.up.bias', 'transformer.resblocks.7.Adapter.down.weight', 'transformer.resblocks.7.Adapter.down.bias', 'transformer.resblocks.7.Adapter.pos_embed.weight', 'transformer.resblocks.7.Adapter.pos_embed.bias', 'transformer.resblocks.7.Adapter.s_ln.weight', 'transformer.resblocks.7.Adapter.s_ln.bias', 'transformer.resblocks.7.Adapter.s_attn.conv_offset.0.weight', 'transformer.resblocks.7.Adapter.s_attn.conv_offset.0.bias', 'transformer.resblocks.7.Adapter.s_attn.conv_offset.1.norm.weight', 'transformer.resblocks.7.Adapter.s_attn.conv_offset.1.norm.bias', 'transformer.resblocks.7.Adapter.s_attn.conv_offset.3.weight', 'transformer.resblocks.7.Adapter.s_attn.proj_q.weight', 'transformer.resblocks.7.Adapter.s_attn.proj_q.bias', 'transformer.resblocks.7.Adapter.s_attn.proj_k.weight', 'transformer.resblocks.7.Adapter.s_attn.proj_k.bias', 'transformer.resblocks.7.Adapter.s_attn.proj_v.weight', 'transformer.resblocks.7.Adapter.s_attn.proj_v.bias', 'transformer.resblocks.7.Adapter.s_attn.proj_out.weight', 'transformer.resblocks.7.Adapter.s_attn.proj_out.bias', 'transformer.resblocks.7.Adapter.t_ln.weight', 'transformer.resblocks.7.Adapter.t_ln.bias', 'transformer.resblocks.7.Adapter.t_attn.conv_offset.0.weight', 'transformer.resblocks.7.Adapter.t_attn.conv_offset.0.bias', 'transformer.resblocks.7.Adapter.t_attn.conv_offset.1.norm.weight', 'transformer.resblocks.7.Adapter.t_attn.conv_offset.1.norm.bias', 'transformer.resblocks.7.Adapter.t_attn.conv_offset.3.weight', 'transformer.resblocks.7.Adapter.t_attn.proj_q.weight', 'transformer.resblocks.7.Adapter.t_attn.proj_q.bias', 'transformer.resblocks.7.Adapter.t_attn.proj_k.weight', 'transformer.resblocks.7.Adapter.t_attn.proj_k.bias', 'transformer.resblocks.7.Adapter.t_attn.proj_v.weight', 'transformer.resblocks.7.Adapter.t_attn.proj_v.bias', 'transformer.resblocks.7.Adapter.t_attn.proj_out.weight', 'transformer.resblocks.7.Adapter.t_attn.proj_out.bias', 'transformer.resblocks.7.Adapter.up.weight', 'transformer.resblocks.7.Adapter.up.bias', 'transformer.resblocks.8.Adapter.down.weight', 'transformer.resblocks.8.Adapter.down.bias', 'transformer.resblocks.8.Adapter.pos_embed.weight', 'transformer.resblocks.8.Adapter.pos_embed.bias', 'transformer.resblocks.8.Adapter.s_ln.weight', 'transformer.resblocks.8.Adapter.s_ln.bias', 'transformer.resblocks.8.Adapter.s_attn.conv_offset.0.weight', 'transformer.resblocks.8.Adapter.s_attn.conv_offset.0.bias', 'transformer.resblocks.8.Adapter.s_attn.conv_offset.1.norm.weight', 'transformer.resblocks.8.Adapter.s_attn.conv_offset.1.norm.bias', 'transformer.resblocks.8.Adapter.s_attn.conv_offset.3.weight', 'transformer.resblocks.8.Adapter.s_attn.proj_q.weight', 'transformer.resblocks.8.Adapter.s_attn.proj_q.bias', 'transformer.resblocks.8.Adapter.s_attn.proj_k.weight', 'transformer.resblocks.8.Adapter.s_attn.proj_k.bias', 'transformer.resblocks.8.Adapter.s_attn.proj_v.weight', 'transformer.resblocks.8.Adapter.s_attn.proj_v.bias', 'transformer.resblocks.8.Adapter.s_attn.proj_out.weight', 'transformer.resblocks.8.Adapter.s_attn.proj_out.bias', 'transformer.resblocks.8.Adapter.t_ln.weight', 'transformer.resblocks.8.Adapter.t_ln.bias', 'transformer.resblocks.8.Adapter.t_attn.conv_offset.0.weight', 'transformer.resblocks.8.Adapter.t_attn.conv_offset.0.bias', 'transformer.resblocks.8.Adapter.t_attn.conv_offset.1.norm.weight', 'transformer.resblocks.8.Adapter.t_attn.conv_offset.1.norm.bias', 'transformer.resblocks.8.Adapter.t_attn.conv_offset.3.weight', 'transformer.resblocks.8.Adapter.t_attn.proj_q.weight', 'transformer.resblocks.8.Adapter.t_attn.proj_q.bias', 'transformer.resblocks.8.Adapter.t_attn.proj_k.weight', 'transformer.resblocks.8.Adapter.t_attn.proj_k.bias', 'transformer.resblocks.8.Adapter.t_attn.proj_v.weight', 'transformer.resblocks.8.Adapter.t_attn.proj_v.bias', 'transformer.resblocks.8.Adapter.t_attn.proj_out.weight', 'transformer.resblocks.8.Adapter.t_attn.proj_out.bias', 'transformer.resblocks.8.Adapter.up.weight', 'transformer.resblocks.8.Adapter.up.bias', 'transformer.resblocks.9.Adapter.down.weight', 'transformer.resblocks.9.Adapter.down.bias', 'transformer.resblocks.9.Adapter.pos_embed.weight', 'transformer.resblocks.9.Adapter.pos_embed.bias', 'transformer.resblocks.9.Adapter.s_ln.weight', 'transformer.resblocks.9.Adapter.s_ln.bias', 'transformer.resblocks.9.Adapter.s_attn.conv_offset.0.weight', 'transformer.resblocks.9.Adapter.s_attn.conv_offset.0.bias', 'transformer.resblocks.9.Adapter.s_attn.conv_offset.1.norm.weight', 'transformer.resblocks.9.Adapter.s_attn.conv_offset.1.norm.bias', 'transformer.resblocks.9.Adapter.s_attn.conv_offset.3.weight', 'transformer.resblocks.9.Adapter.s_attn.proj_q.weight', 'transformer.resblocks.9.Adapter.s_attn.proj_q.bias', 'transformer.resblocks.9.Adapter.s_attn.proj_k.weight', 'transformer.resblocks.9.Adapter.s_attn.proj_k.bias', 'transformer.resblocks.9.Adapter.s_attn.proj_v.weight', 'transformer.resblocks.9.Adapter.s_attn.proj_v.bias', 'transformer.resblocks.9.Adapter.s_attn.proj_out.weight', 'transformer.resblocks.9.Adapter.s_attn.proj_out.bias', 'transformer.resblocks.9.Adapter.t_ln.weight', 'transformer.resblocks.9.Adapter.t_ln.bias', 'transformer.resblocks.9.Adapter.t_attn.conv_offset.0.weight', 'transformer.resblocks.9.Adapter.t_attn.conv_offset.0.bias', 'transformer.resblocks.9.Adapter.t_attn.conv_offset.1.norm.weight', 'transformer.resblocks.9.Adapter.t_attn.conv_offset.1.norm.bias', 'transformer.resblocks.9.Adapter.t_attn.conv_offset.3.weight', 'transformer.resblocks.9.Adapter.t_attn.proj_q.weight', 'transformer.resblocks.9.Adapter.t_attn.proj_q.bias', 'transformer.resblocks.9.Adapter.t_attn.proj_k.weight', 'transformer.resblocks.9.Adapter.t_attn.proj_k.bias', 'transformer.resblocks.9.Adapter.t_attn.proj_v.weight', 'transformer.resblocks.9.Adapter.t_attn.proj_v.bias', 'transformer.resblocks.9.Adapter.t_attn.proj_out.weight', 'transformer.resblocks.9.Adapter.t_attn.proj_out.bias', 'transformer.resblocks.9.Adapter.up.weight', 'transformer.resblocks.9.Adapter.up.bias', 'transformer.resblocks.10.Adapter.down.weight', 'transformer.resblocks.10.Adapter.down.bias', 'transformer.resblocks.10.Adapter.pos_embed.weight', 'transformer.resblocks.10.Adapter.pos_embed.bias', 'transformer.resblocks.10.Adapter.s_ln.weight', 'transformer.resblocks.10.Adapter.s_ln.bias', 'transformer.resblocks.10.Adapter.s_attn.conv_offset.0.weight', 'transformer.resblocks.10.Adapter.s_attn.conv_offset.0.bias', 'transformer.resblocks.10.Adapter.s_attn.conv_offset.1.norm.weight', 'transformer.resblocks.10.Adapter.s_attn.conv_offset.1.norm.bias', 'transformer.resblocks.10.Adapter.s_attn.conv_offset.3.weight', 'transformer.resblocks.10.Adapter.s_attn.proj_q.weight', 'transformer.resblocks.10.Adapter.s_attn.proj_q.bias', 'transformer.resblocks.10.Adapter.s_attn.proj_k.weight', 'transformer.resblocks.10.Adapter.s_attn.proj_k.bias', 'transformer.resblocks.10.Adapter.s_attn.proj_v.weight', 'transformer.resblocks.10.Adapter.s_attn.proj_v.bias', 'transformer.resblocks.10.Adapter.s_attn.proj_out.weight', 'transformer.resblocks.10.Adapter.s_attn.proj_out.bias', 'transformer.resblocks.10.Adapter.t_ln.weight', 'transformer.resblocks.10.Adapter.t_ln.bias', 'transformer.resblocks.10.Adapter.t_attn.conv_offset.0.weight', 'transformer.resblocks.10.Adapter.t_attn.conv_offset.0.bias', 'transformer.resblocks.10.Adapter.t_attn.conv_offset.1.norm.weight', 'transformer.resblocks.10.Adapter.t_attn.conv_offset.1.norm.bias', 'transformer.resblocks.10.Adapter.t_attn.conv_offset.3.weight', 'transformer.resblocks.10.Adapter.t_attn.proj_q.weight', 'transformer.resblocks.10.Adapter.t_attn.proj_q.bias', 'transformer.resblocks.10.Adapter.t_attn.proj_k.weight', 'transformer.resblocks.10.Adapter.t_attn.proj_k.bias', 'transformer.resblocks.10.Adapter.t_attn.proj_v.weight', 'transformer.resblocks.10.Adapter.t_attn.proj_v.bias', 'transformer.resblocks.10.Adapter.t_attn.proj_out.weight', 'transformer.resblocks.10.Adapter.t_attn.proj_out.bias', 'transformer.resblocks.10.Adapter.up.weight', 'transformer.resblocks.10.Adapter.up.bias', 'transformer.resblocks.11.Adapter.down.weight', 'transformer.resblocks.11.Adapter.down.bias', 'transformer.resblocks.11.Adapter.pos_embed.weight', 'transformer.resblocks.11.Adapter.pos_embed.bias', 'transformer.resblocks.11.Adapter.s_ln.weight', 'transformer.resblocks.11.Adapter.s_ln.bias', 'transformer.resblocks.11.Adapter.s_attn.conv_offset.0.weight', 'transformer.resblocks.11.Adapter.s_attn.conv_offset.0.bias', 'transformer.resblocks.11.Adapter.s_attn.conv_offset.1.norm.weight', 'transformer.resblocks.11.Adapter.s_attn.conv_offset.1.norm.bias', 'transformer.resblocks.11.Adapter.s_attn.conv_offset.3.weight', 'transformer.resblocks.11.Adapter.s_attn.proj_q.weight', 'transformer.resblocks.11.Adapter.s_attn.proj_q.bias', 'transformer.resblocks.11.Adapter.s_attn.proj_k.weight', 'transformer.resblocks.11.Adapter.s_attn.proj_k.bias', 'transformer.resblocks.11.Adapter.s_attn.proj_v.weight', 'transformer.resblocks.11.Adapter.s_attn.proj_v.bias', 'transformer.resblocks.11.Adapter.s_attn.proj_out.weight', 'transformer.resblocks.11.Adapter.s_attn.proj_out.bias', 'transformer.resblocks.11.Adapter.t_ln.weight', 'transformer.resblocks.11.Adapter.t_ln.bias', 'transformer.resblocks.11.Adapter.t_attn.conv_offset.0.weight', 'transformer.resblocks.11.Adapter.t_attn.conv_offset.0.bias', 'transformer.resblocks.11.Adapter.t_attn.conv_offset.1.norm.weight', 'transformer.resblocks.11.Adapter.t_attn.conv_offset.1.norm.bias', 'transformer.resblocks.11.Adapter.t_attn.conv_offset.3.weight', 'transformer.resblocks.11.Adapter.t_attn.proj_q.weight', 'transformer.resblocks.11.Adapter.t_attn.proj_q.bias', 'transformer.resblocks.11.Adapter.t_attn.proj_k.weight', 'transformer.resblocks.11.Adapter.t_attn.proj_k.bias', 'transformer.resblocks.11.Adapter.t_attn.proj_v.weight', 'transformer.resblocks.11.Adapter.t_attn.proj_v.bias', 'transformer.resblocks.11.Adapter.t_attn.proj_out.weight', 'transformer.resblocks.11.Adapter.t_attn.proj_out.bias', 'transformer.resblocks.11.Adapter.up.weight', 'transformer.resblocks.11.Adapter.up.bias', 'multi_velocity_matcher.velocity_logits', 'multi_velocity_matcher.motion_norm.weight', 'multi_velocity_matcher.motion_norm.bias', 'multi_velocity_matcher.motion_projection.0.weight', 'multi_velocity_matcher.motion_projection.0.bias', 'multi_velocity_matcher.motion_projection.3.weight', 'multi_velocity_matcher.motion_projection.3.bias']
[08/27 10:50:54][INFO] models.base.adapter: 1078: Unexpected keys: []
[08/27 10:50:54][INFO] models.base.adapter: 1079: => loaded successfully 'ViT-B/16'
[08/27 10:50:54][INFO] models.base.adapter: 1086: init:  transformer.resblocks.0.Adapter.up
[08/27 10:50:54][INFO] models.base.adapter: 1086: init:  transformer.resblocks.1.Adapter.up
[08/27 10:50:54][INFO] models.base.adapter: 1086: init:  transformer.resblocks.2.Adapter.up
[08/27 10:50:54][INFO] models.base.adapter: 1086: init:  transformer.resblocks.3.Adapter.up
[08/27 10:50:54][INFO] models.base.adapter: 1086: init:  transformer.resblocks.4.Adapter.up
[08/27 10:50:54][INFO] models.base.adapter: 1086: init:  transformer.resblocks.5.Adapter.up
[08/27 10:50:54][INFO] models.base.adapter: 1086: init:  transformer.resblocks.6.Adapter.up
[08/27 10:50:54][INFO] models.base.adapter: 1086: init:  transformer.resblocks.7.Adapter.up
[08/27 10:50:54][INFO] models.base.adapter: 1086: init:  transformer.resblocks.8.Adapter.up
[08/27 10:50:54][INFO] models.base.adapter: 1086: init:  transformer.resblocks.9.Adapter.up
[08/27 10:50:54][INFO] models.base.adapter: 1086: init:  transformer.resblocks.10.Adapter.up
[08/27 10:50:54][INFO] models.base.adapter: 1086: init:  transformer.resblocks.11.Adapter.up
[08/27 10:50:54][INFO] train_net_few_shot:  308: Model:
BaseVideoModel(
  (model): ViT_CLIP(
    (conv1): Conv2d(3, 768, kernel_size=(16, 16), stride=(16, 16), bias=False)
    (ln_pre): LayerNorm((768,), eps=1e-05, elementwise_affine=True, bias=True)
    (transformer): Transformer(
      (resblocks): ModuleList(
        (0-11): 12 x ResidualAttentionBlock(
          (ln_1): LayerNorm((768,), eps=1e-05, elementwise_affine=True, bias=True)
          (attn): MultiheadAttention(
            (out_proj): NonDynamicallyQuantizableLinear(in_features=768, out_features=768, bias=True)
          )
          (ln_2): LayerNorm((768,), eps=1e-05, elementwise_affine=True, bias=True)
          (mlp): Sequential(
            (c_fc): Linear(in_features=768, out_features=3072, bias=True)
            (gelu): QuickGELU()
            (c_proj): Linear(in_features=3072, out_features=768, bias=True)
          )
          (Adapter): ViT_D2ST_Adapter(
            (down): Linear(in_features=768, out_features=192, bias=True)
            (gelu1): GELU(approximate='none')
            (pos_embed): Conv3d(192, 192, kernel_size=(3, 3, 3), stride=(1, 1, 1), padding=(1, 1, 1), groups=192)
            (s_ln): LayerNorm((192,), eps=1e-05, elementwise_affine=True, bias=True)
            (s_attn): ViT_DeformAttention(
              (conv_offset): Sequential(
                (0): Conv3d(48, 48, kernel_size=(4, 5, 5), stride=(4, 3, 3), groups=48)
                (1): LayerNormProxy(
                  (norm): LayerNorm((48,), eps=1e-05, elementwise_affine=True, bias=True)
                )
                (2): GELU(approximate='none')
                (3): Conv3d(48, 3, kernel_size=(1, 1, 1), stride=(1, 1, 1), bias=False)
              )
              (proj_q): Linear(in_features=192, out_features=192, bias=True)
              (proj_k): Linear(in_features=192, out_features=192, bias=True)
              (proj_v): Linear(in_features=192, out_features=192, bias=True)
              (proj_out): Linear(in_features=192, out_features=192, bias=True)
            )
            (t_ln): LayerNorm((192,), eps=1e-05, elementwise_affine=True, bias=True)
            (t_attn): ViT_DeformAttention(
              (conv_offset): Sequential(
                (0): Conv3d(48, 48, kernel_size=(1, 7, 7), stride=(1, 7, 7), groups=48)
                (1): LayerNormProxy(
                  (norm): LayerNorm((48,), eps=1e-05, elementwise_affine=True, bias=True)
                )
                (2): GELU(approximate='none')
                (3): Conv3d(48, 3, kernel_size=(1, 1, 1), stride=(1, 1, 1), bias=False)
              )
              (proj_q): Linear(in_features=192, out_features=192, bias=True)
              (proj_k): Linear(in_features=192, out_features=192, bias=True)
              (proj_v): Linear(in_features=192, out_features=192, bias=True)
              (proj_out): Linear(in_features=192, out_features=192, bias=True)
            )
            (gelu): GELU(approximate='none')
            (up): Linear(in_features=192, out_features=768, bias=True)
            (gelu2): GELU(approximate='none')
          )
        )
      )
    )
    (ln_post): LayerNorm((768,), eps=1e-05, elementwise_affine=True, bias=True)
    (multi_velocity_matcher): D2STMultiVelocityMatcher(
      (motion_norm): LayerNorm((768,), eps=1e-05, elementwise_affine=True, bias=True)
      (motion_projection): Sequential(
        (0): Linear(in_features=768, out_features=192, bias=True)
        (1): GELU(approximate='none')
        (2): Dropout(p=0.1, inplace=False)
        (3): Linear(in_features=192, out_features=768, bias=True)
      )
    )
  )
)
[08/27 10:50:54][INFO] models.utils.optimizer:   82: Optimized parameters constructed. Parameters without weight decay: []
[08/27 10:50:54][INFO] datasets.base.few_shot_dataset:   97: Reading video list from file: train_few_shot.txt
[08/27 10:50:54][INFO] datasets.base.few_shot_dataset:  127: Loading UCF101 dataset list for split 'train'...
[08/27 10:50:54][INFO] datasets.base.few_shot_dataset:   47: loaded 9154 videos from train dataset: UCF101 !
[08/27 10:50:54][INFO] datasets.base.few_shot_dataset:  153: Dataset UCF101 split train loaded. Length 9154.
[08/27 10:50:54][INFO] datasets.base.few_shot_dataset:   97: Reading video list from file: test_few_shot.txt
[08/27 10:50:54][INFO] datasets.base.few_shot_dataset:  127: Loading UCF101 dataset list for split 'test'...
[08/27 10:50:54][INFO] datasets.base.few_shot_dataset:   47: loaded 2745 videos from test dataset: UCF101 !
[08/27 10:50:54][INFO] datasets.base.few_shot_dataset:  153: Dataset UCF101 split test loaded. Length 2745.
[08/27 10:50:54][INFO] train_net_few_shot:  330: Start epoch: 1
[08/27 10:50:54][INFO] train_net_few_shot:  363: Number of total parameters: 93377283, tunable parameters: 7580163
[08/27 10:50:54][INFO] train_net_few_shot:   89: Norm training: True
[08/27 10:50:54][INFO] train_net_few_shot:  107: Gradient accumulation: steps=16, normalize=True
[08/27 10:52:00][INFO] utils.logging:   91: {"_type": "train_iter", "iter": "200/18000", "loss": 0.266742, "lr": 0.000072, "top1_acc": 90.500001}
[08/27 10:53:03][INFO] utils.logging:   91: {"_type": "train_iter", "iter": "400/18000", "loss": 0.150940, "lr": 0.000094, "top1_acc": 93.600001}
[08/27 10:54:07][INFO] utils.logging:   91: {"_type": "train_iter", "iter": "600/18000", "loss": 0.116256, "lr": 0.000117, "top1_acc": 95.300000}
[08/27 10:55:10][INFO] utils.logging:   91: {"_type": "train_iter", "iter": "800/18000", "loss": 0.080435, "lr": 0.000139, "top1_acc": 96.100000}
[08/27 10:56:14][INFO] utils.logging:   91: {"_type": "train_iter", "iter": "1000/18000", "loss": 0.033028, "lr": 0.000161, "top1_acc": 96.800000}
[08/27 10:57:17][INFO] utils.logging:   91: {"_type": "train_iter", "iter": "1200/18000", "loss": 0.029014, "lr": 0.000183, "top1_acc": 97.100000}
[08/27 10:58:21][INFO] utils.logging:   91: {"_type": "train_iter", "iter": "1400/18000", "loss": 0.028976, "lr": 0.000205, "top1_acc": 96.500000}
[08/27 10:59:24][INFO] utils.logging:   91: {"_type": "train_iter", "iter": "1600/18000", "loss": 0.027401, "lr": 0.000228, "top1_acc": 97.000000}
[08/27 11:00:27][INFO] utils.logging:   91: {"_type": "train_iter", "iter": "1800/18000", "loss": 0.037982, "lr": 0.000250, "top1_acc": 96.800000}
[08/27 11:01:30][INFO] utils.logging:   91: {"_type": "train_iter", "iter": "2000/18000", "loss": 0.024272, "lr": 0.000250, "top1_acc": 96.700000}
[08/27 11:02:33][INFO] utils.logging:   91: {"_type": "train_iter", "iter": "2200/18000", "loss": 0.022815, "lr": 0.000250, "top1_acc": 97.600000}
[08/27 11:03:36][INFO] utils.logging:   91: {"_type": "train_iter", "iter": "2400/18000", "loss": 0.029695, "lr": 0.000250, "top1_acc": 96.200000}
[08/27 11:04:39][INFO] utils.logging:   91: {"_type": "train_iter", "iter": "2600/18000", "loss": 0.026985, "lr": 0.000250, "top1_acc": 97.000000}
[08/27 11:05:43][INFO] utils.logging:   91: {"_type": "train_iter", "iter": "2800/18000", "loss": 0.023260, "lr": 0.000250, "top1_acc": 98.100000}
[08/27 11:06:46][INFO] utils.logging:   91: {"_type": "train_iter", "iter": "3000/18000", "loss": 0.024471, "lr": 0.000250, "top1_acc": 97.900000}
[08/27 11:07:49][INFO] utils.logging:   91: {"_type": "train_iter", "iter": "3200/18000", "loss": 0.016073, "lr": 0.000250, "top1_acc": 98.300000}
[08/27 11:08:52][INFO] utils.logging:   91: {"_type": "train_iter", "iter": "3400/18000", "loss": 0.015844, "lr": 0.000250, "top1_acc": 98.200000}
[08/27 11:09:55][INFO] utils.logging:   91: {"_type": "train_iter", "iter": "3600/18000", "loss": 0.025216, "lr": 0.000250, "top1_acc": 97.200000}
[08/27 11:10:58][INFO] utils.logging:   91: {"_type": "train_iter", "iter": "3800/18000", "loss": 0.018020, "lr": 0.000250, "top1_acc": 97.200000}
[08/27 11:12:01][INFO] utils.logging:   91: {"_type": "train_iter", "iter": "4000/18000", "loss": 0.023381, "lr": 0.000250, "top1_acc": 97.300000}
[08/27 11:13:04][INFO] utils.logging:   91: {"_type": "train_iter", "iter": "4200/18000", "loss": 0.023234, "lr": 0.000250, "top1_acc": 97.100000}
[08/27 11:14:07][INFO] utils.logging:   91: {"_type": "train_iter", "iter": "4400/18000", "loss": 0.019872, "lr": 0.000250, "top1_acc": 98.000000}
[08/27 11:15:10][INFO] utils.logging:   91: {"_type": "train_iter", "iter": "4600/18000", "loss": 0.018909, "lr": 0.000250, "top1_acc": 97.800000}
[08/27 11:16:13][INFO] utils.logging:   91: {"_type": "train_iter", "iter": "4800/18000", "loss": 0.011584, "lr": 0.000250, "top1_acc": 98.100000}
[08/27 11:17:16][INFO] utils.logging:   91: {"_type": "train_iter", "iter": "5000/18000", "loss": 0.013852, "lr": 0.000250, "top1_acc": 98.100000}
[08/27 11:18:19][INFO] utils.logging:   91: {"_type": "train_iter", "iter": "5200/18000", "loss": 0.015330, "lr": 0.000250, "top1_acc": 98.600000}
[08/27 11:19:22][INFO] utils.logging:   91: {"_type": "train_iter", "iter": "5400/18000", "loss": 0.020739, "lr": 0.000250, "top1_acc": 97.100000}
[08/27 11:20:25][INFO] utils.logging:   91: {"_type": "train_iter", "iter": "5600/18000", "loss": 0.020337, "lr": 0.000250, "top1_acc": 97.400000}
[08/27 11:21:28][INFO] utils.logging:   91: {"_type": "train_iter", "iter": "5800/18000", "loss": 0.012886, "lr": 0.000250, "top1_acc": 98.300000}
[08/27 11:22:57][INFO] utils.logging:   91: {"_type": "val_iter", "gpu_mem": "11.77 GB", "iter": "200/10000", "top1_acc": 96.600000}
[08/27 11:23:21][INFO] utils.logging:   91: {"_type": "val_iter", "gpu_mem": "11.77 GB", "iter": "400/10000", "top1_acc": 96.000000}
[08/27 11:23:45][INFO] utils.logging:   91: {"_type": "val_iter", "gpu_mem": "11.77 GB", "iter": "600/10000", "top1_acc": 96.900000}
[08/27 11:24:09][INFO] utils.logging:   91: {"_type": "val_iter", "gpu_mem": "11.77 GB", "iter": "800/10000", "top1_acc": 95.900000}
[08/27 11:24:33][INFO] utils.logging:   91: {"_type": "val_iter", "gpu_mem": "11.77 GB", "iter": "1000/10000", "top1_acc": 97.000000}
[08/27 11:24:56][INFO] utils.logging:   91: {"_type": "val_iter", "gpu_mem": "11.77 GB", "iter": "1200/10000", "top1_acc": 96.900000}
[08/27 11:25:20][INFO] utils.logging:   91: {"_type": "val_iter", "gpu_mem": "11.77 GB", "iter": "1400/10000", "top1_acc": 96.600000}
[08/27 11:25:44][INFO] utils.logging:   91: {"_type": "val_iter", "gpu_mem": "11.77 GB", "iter": "1600/10000", "top1_acc": 96.900000}
[08/27 11:26:08][INFO] utils.logging:   91: {"_type": "val_iter", "gpu_mem": "11.77 GB", "iter": "1800/10000", "top1_acc": 96.700000}
[08/27 11:26:32][INFO] utils.logging:   91: {"_type": "val_iter", "gpu_mem": "11.77 GB", "iter": "2000/10000", "top1_acc": 96.600000}
[08/27 11:26:56][INFO] utils.logging:   91: {"_type": "val_iter", "gpu_mem": "11.77 GB", "iter": "2200/10000", "top1_acc": 97.500000}
[08/27 11:27:20][INFO] utils.logging:   91: {"_type": "val_iter", "gpu_mem": "11.77 GB", "iter": "2400/10000", "top1_acc": 96.000000}
[08/27 11:27:44][INFO] utils.logging:   91: {"_type": "val_iter", "gpu_mem": "11.77 GB", "iter": "2600/10000", "top1_acc": 95.900000}
[08/27 11:28:08][INFO] utils.logging:   91: {"_type": "val_iter", "gpu_mem": "11.77 GB", "iter": "2800/10000", "top1_acc": 95.300000}
[08/27 11:28:32][INFO] utils.logging:   91: {"_type": "val_iter", "gpu_mem": "11.77 GB", "iter": "3000/10000", "top1_acc": 96.100000}
[08/27 11:28:55][INFO] utils.logging:   91: {"_type": "val_iter", "gpu_mem": "11.77 GB", "iter": "3200/10000", "top1_acc": 96.200000}
[08/27 11:29:19][INFO] utils.logging:   91: {"_type": "val_iter", "gpu_mem": "11.77 GB", "iter": "3400/10000", "top1_acc": 96.400000}
[08/27 11:29:43][INFO] utils.logging:   91: {"_type": "val_iter", "gpu_mem": "11.77 GB", "iter": "3600/10000", "top1_acc": 97.300000}
[08/27 11:30:07][INFO] utils.logging:   91: {"_type": "val_iter", "gpu_mem": "11.77 GB", "iter": "3800/10000", "top1_acc": 96.800000}
[08/27 11:30:31][INFO] utils.logging:   91: {"_type": "val_iter", "gpu_mem": "11.77 GB", "iter": "4000/10000", "top1_acc": 95.600000}
[08/27 11:30:55][INFO] utils.logging:   91: {"_type": "val_iter", "gpu_mem": "11.77 GB", "iter": "4200/10000", "top1_acc": 97.100000}
[08/27 11:31:19][INFO] utils.logging:   91: {"_type": "val_iter", "gpu_mem": "11.77 GB", "iter": "4400/10000", "top1_acc": 95.600000}
[08/27 11:31:43][INFO] utils.logging:   91: {"_type": "val_iter", "gpu_mem": "11.77 GB", "iter": "4600/10000", "top1_acc": 96.900000}
[08/27 11:32:07][INFO] utils.logging:   91: {"_type": "val_iter", "gpu_mem": "11.77 GB", "iter": "4800/10000", "top1_acc": 96.700000}
[08/27 11:32:31][INFO] utils.logging:   91: {"_type": "val_iter", "gpu_mem": "11.77 GB", "iter": "5000/10000", "top1_acc": 96.200000}
[08/27 11:32:55][INFO] utils.logging:   91: {"_type": "val_iter", "gpu_mem": "11.77 GB", "iter": "5200/10000", "top1_acc": 94.500000}
[08/27 11:33:19][INFO] utils.logging:   91: {"_type": "val_iter", "gpu_mem": "11.77 GB", "iter": "5400/10000", "top1_acc": 95.900000}
[08/27 11:33:43][INFO] utils.logging:   91: {"_type": "val_iter", "gpu_mem": "11.77 GB", "iter": "5600/10000", "top1_acc": 95.900000}
[08/27 11:34:07][INFO] utils.logging:   91: {"_type": "val_iter", "gpu_mem": "11.77 GB", "iter": "5800/10000", "top1_acc": 96.400000}
[08/27 11:34:31][INFO] utils.logging:   91: {"_type": "val_iter", "gpu_mem": "11.77 GB", "iter": "6000/10000", "top1_acc": 96.600000}
[08/27 11:34:55][INFO] utils.logging:   91: {"_type": "val_iter", "gpu_mem": "11.77 GB", "iter": "6200/10000", "top1_acc": 96.400000}
[08/27 11:35:18][INFO] utils.logging:   91: {"_type": "val_iter", "gpu_mem": "11.77 GB", "iter": "6400/10000", "top1_acc": 95.500000}
[08/27 11:35:42][INFO] utils.logging:   91: {"_type": "val_iter", "gpu_mem": "11.77 GB", "iter": "6600/10000", "top1_acc": 96.300000}
[08/27 11:36:06][INFO] utils.logging:   91: {"_type": "val_iter", "gpu_mem": "11.77 GB", "iter": "6800/10000", "top1_acc": 95.500000}
[08/27 11:36:30][INFO] utils.logging:   91: {"_type": "val_iter", "gpu_mem": "11.77 GB", "iter": "7000/10000", "top1_acc": 96.800000}
[08/27 11:36:54][INFO] utils.logging:   91: {"_type": "val_iter", "gpu_mem": "11.77 GB", "iter": "7200/10000", "top1_acc": 95.700000}
[08/27 11:37:18][INFO] utils.logging:   91: {"_type": "val_iter", "gpu_mem": "11.77 GB", "iter": "7400/10000", "top1_acc": 97.300000}
[08/27 11:37:42][INFO] utils.logging:   91: {"_type": "val_iter", "gpu_mem": "11.77 GB", "iter": "7600/10000", "top1_acc": 96.200000}
[08/27 11:38:06][INFO] utils.logging:   91: {"_type": "val_iter", "gpu_mem": "11.77 GB", "iter": "7800/10000", "top1_acc": 96.600000}
[08/27 11:38:30][INFO] utils.logging:   91: {"_type": "val_iter", "gpu_mem": "11.77 GB", "iter": "8000/10000", "top1_acc": 96.700000}
[08/27 11:38:54][INFO] utils.logging:   91: {"_type": "val_iter", "gpu_mem": "11.77 GB", "iter": "8200/10000", "top1_acc": 96.600000}
[08/27 11:39:18][INFO] utils.logging:   91: {"_type": "val_iter", "gpu_mem": "11.77 GB", "iter": "8400/10000", "top1_acc": 96.500000}
[08/27 11:39:42][INFO] utils.logging:   91: {"_type": "val_iter", "gpu_mem": "11.77 GB", "iter": "8600/10000", "top1_acc": 96.200000}
[08/27 11:40:06][INFO] utils.logging:   91: {"_type": "val_iter", "gpu_mem": "11.77 GB", "iter": "8800/10000", "top1_acc": 96.700000}
[08/27 11:40:30][INFO] utils.logging:   91: {"_type": "val_iter", "gpu_mem": "11.77 GB", "iter": "9000/10000", "top1_acc": 96.200000}
[08/27 11:40:54][INFO] utils.logging:   91: {"_type": "val_iter", "gpu_mem": "11.77 GB", "iter": "9200/10000", "top1_acc": 96.400000}
[08/27 11:41:18][INFO] utils.logging:   91: {"_type": "val_iter", "gpu_mem": "11.77 GB", "iter": "9400/10000", "top1_acc": 95.500000}
[08/27 11:41:41][INFO] utils.logging:   91: {"_type": "val_iter", "gpu_mem": "11.77 GB", "iter": "9600/10000", "top1_acc": 96.900000}
[08/27 11:42:05][INFO] utils.logging:   91: {"_type": "val_iter", "gpu_mem": "11.77 GB", "iter": "9800/10000", "top1_acc": 96.100000}
[08/27 11:42:29][INFO] utils.logging:   91: {"_type": "val_iter", "gpu_mem": "11.77 GB", "iter": "10000/10000", "top1_acc": 96.400000}
[08/27 11:42:29][INFO] utils.logging:   91: {"RAM": "17.24/125.63 GB", "_type": "val_epoch", "epoch": "1", "gpu_mem": "11.77 GB", "top1_acc": 96.350000}
[08/27 11:42:29][INFO] train_net_few_shot:   53: Fusion weights: multi_velocity=0.019529
[08/27 11:42:29][INFO] train_net_few_shot:   73: Multi-velocity matcher: motion_delta=0.028541121631860733, velocity_weights=[0.4992176294326782, 0.5007824301719666], logit_delta=4.601630210876465
[08/27 11:42:30][INFO] train_net_few_shot:  145: New best validation accuracy: 96.3500; checkpoint=output/UCF101_MULTI_VELOCITY/checkpoints/checkpoint_best.pyth
[08/27 11:42:30][INFO] utils.logging:   91: {"_type": "train_iter", "iter": "6000/18000", "loss": 0.015140, "lr": 0.000250, "top1_acc": 98.000000}
[08/27 11:43:34][INFO] utils.logging:   91: {"_type": "train_iter", "iter": "6200/18000", "loss": 0.011958, "lr": 0.000250, "top1_acc": 98.200000}
[08/27 11:44:38][INFO] utils.logging:   91: {"_type": "train_iter", "iter": "6400/18000", "loss": 0.018940, "lr": 0.000250, "top1_acc": 97.700000}
[08/27 11:45:41][INFO] utils.logging:   91: {"_type": "train_iter", "iter": "6600/18000", "loss": 0.017077, "lr": 0.000250, "top1_acc": 98.200000}
[08/27 11:46:45][INFO] utils.logging:   91: {"_type": "train_iter", "iter": "6800/18000", "loss": 0.017073, "lr": 0.000250, "top1_acc": 98.300000}
[08/27 11:47:48][INFO] utils.logging:   91: {"_type": "train_iter", "iter": "7000/18000", "loss": 0.020082, "lr": 0.000250, "top1_acc": 97.700000}
[08/27 11:48:52][INFO] utils.logging:   91: {"_type": "train_iter", "iter": "7200/18000", "loss": 0.019767, "lr": 0.000250, "top1_acc": 97.500000}
[08/27 11:49:55][INFO] utils.logging:   91: {"_type": "train_iter", "iter": "7400/18000", "loss": 0.012908, "lr": 0.000250, "top1_acc": 98.600000}
[08/27 11:50:59][INFO] utils.logging:   91: {"_type": "train_iter", "iter": "7600/18000", "loss": 0.017205, "lr": 0.000250, "top1_acc": 98.000000}
[08/27 11:52:02][INFO] utils.logging:   91: {"_type": "train_iter", "iter": "7800/18000", "loss": 0.016172, "lr": 0.000250, "top1_acc": 97.300000}
[08/27 11:53:06][INFO] utils.logging:   91: {"_type": "train_iter", "iter": "8000/18000", "loss": 0.016768, "lr": 0.000250, "top1_acc": 98.000000}
[08/27 11:54:09][INFO] utils.logging:   91: {"_type": "train_iter", "iter": "8200/18000", "loss": 0.023898, "lr": 0.000250, "top1_acc": 97.600000}
[08/27 11:55:13][INFO] utils.logging:   91: {"_type": "train_iter", "iter": "8400/18000", "loss": 0.018879, "lr": 0.000250, "top1_acc": 98.300000}
[08/27 11:56:16][INFO] utils.logging:   91: {"_type": "train_iter", "iter": "8600/18000", "loss": 0.018999, "lr": 0.000250, "top1_acc": 97.100000}
[08/27 11:57:20][INFO] utils.logging:   91: {"_type": "train_iter", "iter": "8800/18000", "loss": 0.015202, "lr": 0.000250, "top1_acc": 98.400000}
[08/27 11:58:23][INFO] utils.logging:   91: {"_type": "train_iter", "iter": "9000/18000", "loss": 0.016082, "lr": 0.000250, "top1_acc": 98.400000}
[08/27 11:59:27][INFO] utils.logging:   91: {"_type": "train_iter", "iter": "9200/18000", "loss": 0.018821, "lr": 0.000025, "top1_acc": 98.100000}
[08/27 12:00:30][INFO] utils.logging:   91: {"_type": "train_iter", "iter": "9400/18000", "loss": 0.014113, "lr": 0.000025, "top1_acc": 98.300000}
[08/27 12:01:33][INFO] utils.logging:   91: {"_type": "train_iter", "iter": "9600/18000", "loss": 0.015949, "lr": 0.000025, "top1_acc": 98.300000}
[08/27 12:02:37][INFO] utils.logging:   91: {"_type": "train_iter", "iter": "9800/18000", "loss": 0.009638, "lr": 0.000025, "top1_acc": 98.800000}
[08/27 12:03:40][INFO] utils.logging:   91: {"_type": "train_iter", "iter": "10000/18000", "loss": 0.013448, "lr": 0.000025, "top1_acc": 98.600000}
[08/27 12:04:43][INFO] utils.logging:   91: {"_type": "train_iter", "iter": "10200/18000", "loss": 0.016447, "lr": 0.000025, "top1_acc": 98.100000}
[08/27 12:05:45][INFO] utils.logging:   91: {"_type": "train_iter", "iter": "10400/18000", "loss": 0.013203, "lr": 0.000025, "top1_acc": 98.200000}
[08/27 12:06:48][INFO] utils.logging:   91: {"_type": "train_iter", "iter": "10600/18000", "loss": 0.018736, "lr": 0.000025, "top1_acc": 98.500000}
[08/27 12:07:51][INFO] utils.logging:   91: {"_type": "train_iter", "iter": "10800/18000", "loss": 0.008950, "lr": 0.000025, "top1_acc": 98.800000}
[08/27 12:08:54][INFO] utils.logging:   91: {"_type": "train_iter", "iter": "11000/18000", "loss": 0.011224, "lr": 0.000025, "top1_acc": 97.300000}
[08/27 12:09:57][INFO] utils.logging:   91: {"_type": "train_iter", "iter": "11200/18000", "loss": 0.008889, "lr": 0.000025, "top1_acc": 98.300000}
[08/27 12:11:00][INFO] utils.logging:   91: {"_type": "train_iter", "iter": "11400/18000", "loss": 0.013947, "lr": 0.000025, "top1_acc": 97.900000}
[08/27 12:12:03][INFO] utils.logging:   91: {"_type": "train_iter", "iter": "11600/18000", "loss": 0.015860, "lr": 0.000025, "top1_acc": 96.900000}
[08/27 12:13:05][INFO] utils.logging:   91: {"_type": "train_iter", "iter": "11800/18000", "loss": 0.013499, "lr": 0.000025, "top1_acc": 98.400000}
[08/27 12:14:32][INFO] utils.logging:   91: {"_type": "val_iter", "gpu_mem": "11.77 GB", "iter": "200/10000", "top1_acc": 97.000000}
[08/27 12:14:56][INFO] utils.logging:   91: {"_type": "val_iter", "gpu_mem": "11.77 GB", "iter": "400/10000", "top1_acc": 96.900000}
[08/27 12:15:20][INFO] utils.logging:   91: {"_type": "val_iter", "gpu_mem": "11.77 GB", "iter": "600/10000", "top1_acc": 97.200000}
[08/27 12:15:44][INFO] utils.logging:   91: {"_type": "val_iter", "gpu_mem": "11.77 GB", "iter": "800/10000", "top1_acc": 96.600000}
[08/27 12:16:08][INFO] utils.logging:   91: {"_type": "val_iter", "gpu_mem": "11.77 GB", "iter": "1000/10000", "top1_acc": 97.000000}
[08/27 12:16:32][INFO] utils.logging:   91: {"_type": "val_iter", "gpu_mem": "11.77 GB", "iter": "1200/10000", "top1_acc": 97.600000}
[08/27 12:16:56][INFO] utils.logging:   91: {"_type": "val_iter", "gpu_mem": "11.77 GB", "iter": "1400/10000", "top1_acc": 97.200000}
[08/27 12:17:20][INFO] utils.logging:   91: {"_type": "val_iter", "gpu_mem": "11.77 GB", "iter": "1600/10000", "top1_acc": 97.100000}
[08/27 12:17:44][INFO] utils.logging:   91: {"_type": "val_iter", "gpu_mem": "11.77 GB", "iter": "1800/10000", "top1_acc": 96.900000}
[08/27 12:18:08][INFO] utils.logging:   91: {"_type": "val_iter", "gpu_mem": "11.77 GB", "iter": "2000/10000", "top1_acc": 96.600000}
[08/27 12:18:32][INFO] utils.logging:   91: {"_type": "val_iter", "gpu_mem": "11.77 GB", "iter": "2200/10000", "top1_acc": 98.200000}
[08/27 12:18:56][INFO] utils.logging:   91: {"_type": "val_iter", "gpu_mem": "11.77 GB", "iter": "2400/10000", "top1_acc": 96.800000}
[08/27 12:19:20][INFO] utils.logging:   91: {"_type": "val_iter", "gpu_mem": "11.77 GB", "iter": "2600/10000", "top1_acc": 97.100000}
[08/27 12:19:44][INFO] utils.logging:   91: {"_type": "val_iter", "gpu_mem": "11.77 GB", "iter": "2800/10000", "top1_acc": 97.200000}
[08/27 12:20:08][INFO] utils.logging:   91: {"_type": "val_iter", "gpu_mem": "11.77 GB", "iter": "3000/10000", "top1_acc": 96.800000}
[08/27 12:20:32][INFO] utils.logging:   91: {"_type": "val_iter", "gpu_mem": "11.77 GB", "iter": "3200/10000", "top1_acc": 96.700000}
[08/27 12:20:56][INFO] utils.logging:   91: {"_type": "val_iter", "gpu_mem": "11.77 GB", "iter": "3400/10000", "top1_acc": 97.200000}
[08/27 12:21:20][INFO] utils.logging:   91: {"_type": "val_iter", "gpu_mem": "11.77 GB", "iter": "3600/10000", "top1_acc": 97.200000}
[08/27 12:21:44][INFO] utils.logging:   91: {"_type": "val_iter", "gpu_mem": "11.77 GB", "iter": "3800/10000", "top1_acc": 96.700000}
[08/27 12:22:08][INFO] utils.logging:   91: {"_type": "val_iter", "gpu_mem": "11.77 GB", "iter": "4000/10000", "top1_acc": 96.800000}
[08/27 12:22:31][INFO] utils.logging:   91: {"_type": "val_iter", "gpu_mem": "11.77 GB", "iter": "4200/10000", "top1_acc": 97.100000}
[08/27 12:22:55][INFO] utils.logging:   91: {"_type": "val_iter", "gpu_mem": "11.77 GB", "iter": "4400/10000", "top1_acc": 95.500000}
[08/27 12:23:19][INFO] utils.logging:   91: {"_type": "val_iter", "gpu_mem": "11.77 GB", "iter": "4600/10000", "top1_acc": 97.800000}
[08/27 12:23:43][INFO] utils.logging:   91: {"_type": "val_iter", "gpu_mem": "11.77 GB", "iter": "4800/10000", "top1_acc": 97.600000}
[08/27 12:24:07][INFO] utils.logging:   91: {"_type": "val_iter", "gpu_mem": "11.77 GB", "iter": "5000/10000", "top1_acc": 96.500000}
[08/27 12:24:31][INFO] utils.logging:   91: {"_type": "val_iter", "gpu_mem": "11.77 GB", "iter": "5200/10000", "top1_acc": 95.900000}
[08/27 12:24:55][INFO] utils.logging:   91: {"_type": "val_iter", "gpu_mem": "11.77 GB", "iter": "5400/10000", "top1_acc": 95.800000}
[08/27 12:25:19][INFO] utils.logging:   91: {"_type": "val_iter", "gpu_mem": "11.77 GB", "iter": "5600/10000", "top1_acc": 96.300000}
[08/27 12:25:43][INFO] utils.logging:   91: {"_type": "val_iter", "gpu_mem": "11.77 GB", "iter": "5800/10000", "top1_acc": 96.700000}
[08/27 12:26:07][INFO] utils.logging:   91: {"_type": "val_iter", "gpu_mem": "11.77 GB", "iter": "6000/10000", "top1_acc": 97.400000}
[08/27 12:26:31][INFO] utils.logging:   91: {"_type": "val_iter", "gpu_mem": "11.77 GB", "iter": "6200/10000", "top1_acc": 97.000000}
[08/27 12:26:55][INFO] utils.logging:   91: {"_type": "val_iter", "gpu_mem": "11.77 GB", "iter": "6400/10000", "top1_acc": 96.200000}
[08/27 12:27:19][INFO] utils.logging:   91: {"_type": "val_iter", "gpu_mem": "11.77 GB", "iter": "6600/10000", "top1_acc": 96.200000}
[08/27 12:27:43][INFO] utils.logging:   91: {"_type": "val_iter", "gpu_mem": "11.77 GB", "iter": "6800/10000", "top1_acc": 96.200000}
[08/27 12:28:07][INFO] utils.logging:   91: {"_type": "val_iter", "gpu_mem": "11.77 GB", "iter": "7000/10000", "top1_acc": 96.700000}
[08/27 12:28:31][INFO] utils.logging:   91: {"_type": "val_iter", "gpu_mem": "11.77 GB", "iter": "7200/10000", "top1_acc": 96.200000}
[08/27 12:28:55][INFO] utils.logging:   91: {"_type": "val_iter", "gpu_mem": "11.77 GB", "iter": "7400/10000", "top1_acc": 97.800000}
[08/27 12:29:19][INFO] utils.logging:   91: {"_type": "val_iter", "gpu_mem": "11.77 GB", "iter": "7600/10000", "top1_acc": 97.100000}
[08/27 12:29:43][INFO] utils.logging:   91: {"_type": "val_iter", "gpu_mem": "11.77 GB", "iter": "7800/10000", "top1_acc": 97.100000}
[08/27 12:30:07][INFO] utils.logging:   91: {"_type": "val_iter", "gpu_mem": "11.77 GB", "iter": "8000/10000", "top1_acc": 96.800000}
[08/27 12:30:31][INFO] utils.logging:   91: {"_type": "val_iter", "gpu_mem": "11.77 GB", "iter": "8200/10000", "top1_acc": 97.300000}
[08/27 12:30:55][INFO] utils.logging:   91: {"_type": "val_iter", "gpu_mem": "11.77 GB", "iter": "8400/10000", "top1_acc": 96.200000}
[08/27 12:31:19][INFO] utils.logging:   91: {"_type": "val_iter", "gpu_mem": "11.77 GB", "iter": "8600/10000", "top1_acc": 97.300000}
[08/27 12:31:42][INFO] utils.logging:   91: {"_type": "val_iter", "gpu_mem": "11.77 GB", "iter": "8800/10000", "top1_acc": 97.500000}
[08/27 12:32:06][INFO] utils.logging:   91: {"_type": "val_iter", "gpu_mem": "11.77 GB", "iter": "9000/10000", "top1_acc": 96.700000}
[08/27 12:32:30][INFO] utils.logging:   91: {"_type": "val_iter", "gpu_mem": "11.77 GB", "iter": "9200/10000", "top1_acc": 97.300000}
[08/27 12:32:54][INFO] utils.logging:   91: {"_type": "val_iter", "gpu_mem": "11.77 GB", "iter": "9400/10000", "top1_acc": 96.400000}
[08/27 12:33:18][INFO] utils.logging:   91: {"_type": "val_iter", "gpu_mem": "11.77 GB", "iter": "9600/10000", "top1_acc": 96.600000}
[08/27 12:33:42][INFO] utils.logging:   91: {"_type": "val_iter", "gpu_mem": "11.77 GB", "iter": "9800/10000", "top1_acc": 97.100000}
[08/27 12:34:06][INFO] utils.logging:   91: {"_type": "val_iter", "gpu_mem": "11.77 GB", "iter": "10000/10000", "top1_acc": 97.000000}
[08/27 12:34:06][INFO] utils.logging:   91: {"RAM": "17.45/125.63 GB", "_type": "val_epoch", "epoch": "2", "gpu_mem": "11.77 GB", "top1_acc": 96.882000}
[08/27 12:34:06][INFO] train_net_few_shot:   53: Fusion weights: multi_velocity=0.020538
[08/27 12:34:06][INFO] train_net_few_shot:   73: Multi-velocity matcher: motion_delta=0.02855544164776802, velocity_weights=[0.49906450510025024, 0.5009354948997498], logit_delta=4.696542263031006
[08/27 12:34:08][INFO] train_net_few_shot:  145: New best validation accuracy: 96.8820; checkpoint=output/UCF101_MULTI_VELOCITY/checkpoints/checkpoint_best.pyth
[08/27 12:34:09][INFO] utils.logging:   91: {"_type": "train_iter", "iter": "12000/18000", "loss": 0.011559, "lr": 0.000025, "top1_acc": 98.800000}
[08/27 12:35:12][INFO] utils.logging:   91: {"_type": "train_iter", "iter": "12200/18000", "loss": 0.013445, "lr": 0.000025, "top1_acc": 98.700000}
[08/27 12:36:16][INFO] utils.logging:   91: {"_type": "train_iter", "iter": "12400/18000", "loss": 0.014847, "lr": 0.000025, "top1_acc": 98.100000}
[08/27 12:37:19][INFO] utils.logging:   91: {"_type": "train_iter", "iter": "12600/18000", "loss": 0.017304, "lr": 0.000025, "top1_acc": 98.700000}
[08/27 12:38:23][INFO] utils.logging:   91: {"_type": "train_iter", "iter": "12800/18000", "loss": 0.008497, "lr": 0.000013, "top1_acc": 97.900000}
[08/27 12:39:27][INFO] utils.logging:   91: {"_type": "train_iter", "iter": "13000/18000", "loss": 0.012335, "lr": 0.000013, "top1_acc": 97.900000}
[08/27 12:40:30][INFO] utils.logging:   91: {"_type": "train_iter", "iter": "13200/18000", "loss": 0.010141, "lr": 0.000013, "top1_acc": 97.700000}
[08/27 12:41:33][INFO] utils.logging:   91: {"_type": "train_iter", "iter": "13400/18000", "loss": 0.014032, "lr": 0.000013, "top1_acc": 98.200000}
[08/27 12:42:37][INFO] utils.logging:   91: {"_type": "train_iter", "iter": "13600/18000", "loss": 0.010947, "lr": 0.000013, "top1_acc": 98.000000}
[08/27 12:43:41][INFO] utils.logging:   91: {"_type": "train_iter", "iter": "13800/18000", "loss": 0.008293, "lr": 0.000013, "top1_acc": 98.500000}
[08/27 12:44:44][INFO] utils.logging:   91: {"_type": "train_iter", "iter": "14000/18000", "loss": 0.010156, "lr": 0.000013, "top1_acc": 98.800000}
[08/27 12:45:48][INFO] utils.logging:   91: {"_type": "train_iter", "iter": "14200/18000", "loss": 0.009333, "lr": 0.000013, "top1_acc": 98.900000}
[08/27 12:46:51][INFO] utils.logging:   91: {"_type": "train_iter", "iter": "14400/18000", "loss": 0.009851, "lr": 0.000013, "top1_acc": 98.800000}
[08/27 12:47:55][INFO] utils.logging:   91: {"_type": "train_iter", "iter": "14600/18000", "loss": 0.008808, "lr": 0.000013, "top1_acc": 97.600000}
[08/27 12:48:58][INFO] utils.logging:   91: {"_type": "train_iter", "iter": "14800/18000", "loss": 0.006547, "lr": 0.000013, "top1_acc": 98.000000}
[08/27 12:50:02][INFO] utils.logging:   91: {"_type": "train_iter", "iter": "15000/18000", "loss": 0.014059, "lr": 0.000013, "top1_acc": 97.600000}
[08/27 12:51:05][INFO] utils.logging:   91: {"_type": "train_iter", "iter": "15200/18000", "loss": 0.006551, "lr": 0.000013, "top1_acc": 98.700000}
[08/27 12:52:09][INFO] utils.logging:   91: {"_type": "train_iter", "iter": "15400/18000", "loss": 0.014199, "lr": 0.000013, "top1_acc": 97.700000}
[08/27 12:53:12][INFO] utils.logging:   91: {"_type": "train_iter", "iter": "15600/18000", "loss": 0.013265, "lr": 0.000013, "top1_acc": 97.900000}
[08/27 12:54:16][INFO] utils.logging:   91: {"_type": "train_iter", "iter": "15800/18000", "loss": 0.009006, "lr": 0.000013, "top1_acc": 98.600000}
[08/27 12:55:19][INFO] utils.logging:   91: {"_type": "train_iter", "iter": "16000/18000", "loss": 0.012624, "lr": 0.000013, "top1_acc": 98.000000}
[08/27 12:56:23][INFO] utils.logging:   91: {"_type": "train_iter", "iter": "16200/18000", "loss": 0.010681, "lr": 0.000013, "top1_acc": 99.000000}
[08/27 12:57:26][INFO] utils.logging:   91: {"_type": "train_iter", "iter": "16400/18000", "loss": 0.007044, "lr": 0.000003, "top1_acc": 98.900000}
[08/27 12:58:29][INFO] utils.logging:   91: {"_type": "train_iter", "iter": "16600/18000", "loss": 0.007969, "lr": 0.000003, "top1_acc": 98.800000}
[08/27 12:59:33][INFO] utils.logging:   91: {"_type": "train_iter", "iter": "16800/18000", "loss": 0.011662, "lr": 0.000003, "top1_acc": 98.600000}
[08/27 13:00:37][INFO] utils.logging:   91: {"_type": "train_iter", "iter": "17000/18000", "loss": 0.009364, "lr": 0.000003, "top1_acc": 97.600000}
[08/27 13:01:40][INFO] utils.logging:   91: {"_type": "train_iter", "iter": "17200/18000", "loss": 0.013441, "lr": 0.000003, "top1_acc": 98.300000}
[08/27 13:02:44][INFO] utils.logging:   91: {"_type": "train_iter", "iter": "17400/18000", "loss": 0.011108, "lr": 0.000003, "top1_acc": 97.900000}
[08/27 13:03:47][INFO] utils.logging:   91: {"_type": "train_iter", "iter": "17600/18000", "loss": 0.011049, "lr": 0.000003, "top1_acc": 98.700000}
[08/27 13:04:50][INFO] utils.logging:   91: {"_type": "train_iter", "iter": "17800/18000", "loss": 0.011284, "lr": 0.000003, "top1_acc": 99.000000}
[08/27 13:06:18][INFO] utils.logging:   91: {"_type": "val_iter", "gpu_mem": "11.77 GB", "iter": "200/10000", "top1_acc": 97.300000}
[08/27 13:06:42][INFO] utils.logging:   91: {"_type": "val_iter", "gpu_mem": "11.77 GB", "iter": "400/10000", "top1_acc": 97.000000}
[08/27 13:07:06][INFO] utils.logging:   91: {"_type": "val_iter", "gpu_mem": "11.77 GB", "iter": "600/10000", "top1_acc": 96.600000}
[08/27 13:07:30][INFO] utils.logging:   91: {"_type": "val_iter", "gpu_mem": "11.77 GB", "iter": "800/10000", "top1_acc": 96.800000}
[08/27 13:07:54][INFO] utils.logging:   91: {"_type": "val_iter", "gpu_mem": "11.77 GB", "iter": "1000/10000", "top1_acc": 97.200000}
[08/27 13:08:18][INFO] utils.logging:   91: {"_type": "val_iter", "gpu_mem": "11.77 GB", "iter": "1200/10000", "top1_acc": 98.100000}
[08/27 13:08:41][INFO] utils.logging:   91: {"_type": "val_iter", "gpu_mem": "11.77 GB", "iter": "1400/10000", "top1_acc": 97.100000}
[08/27 13:09:05][INFO] utils.logging:   91: {"_type": "val_iter", "gpu_mem": "11.77 GB", "iter": "1600/10000", "top1_acc": 97.500000}
[08/27 13:09:29][INFO] utils.logging:   91: {"_type": "val_iter", "gpu_mem": "11.77 GB", "iter": "1800/10000", "top1_acc": 96.800000}
[08/27 13:09:53][INFO] utils.logging:   91: {"_type": "val_iter", "gpu_mem": "11.77 GB", "iter": "2000/10000", "top1_acc": 96.400000}
[08/27 13:10:17][INFO] utils.logging:   91: {"_type": "val_iter", "gpu_mem": "11.77 GB", "iter": "2200/10000", "top1_acc": 97.800000}
[08/27 13:10:41][INFO] utils.logging:   91: {"_type": "val_iter", "gpu_mem": "11.77 GB", "iter": "2400/10000", "top1_acc": 96.300000}
[08/27 13:11:05][INFO] utils.logging:   91: {"_type": "val_iter", "gpu_mem": "11.77 GB", "iter": "2600/10000", "top1_acc": 96.500000}
[08/27 13:11:29][INFO] utils.logging:   91: {"_type": "val_iter", "gpu_mem": "11.77 GB", "iter": "2800/10000", "top1_acc": 96.800000}
[08/27 13:11:53][INFO] utils.logging:   91: {"_type": "val_iter", "gpu_mem": "11.77 GB", "iter": "3000/10000", "top1_acc": 96.500000}
[08/27 13:12:17][INFO] utils.logging:   91: {"_type": "val_iter", "gpu_mem": "11.77 GB", "iter": "3200/10000", "top1_acc": 96.300000}
[08/27 13:12:41][INFO] utils.logging:   91: {"_type": "val_iter", "gpu_mem": "11.77 GB", "iter": "3400/10000", "top1_acc": 96.900000}
[08/27 13:13:04][INFO] utils.logging:   91: {"_type": "val_iter", "gpu_mem": "11.77 GB", "iter": "3600/10000", "top1_acc": 97.000000}
[08/27 13:13:28][INFO] utils.logging:   91: {"_type": "val_iter", "gpu_mem": "11.77 GB", "iter": "3800/10000", "top1_acc": 97.700000}
[08/27 13:13:52][INFO] utils.logging:   91: {"_type": "val_iter", "gpu_mem": "11.77 GB", "iter": "4000/10000", "top1_acc": 97.000000}
[08/27 13:14:16][INFO] utils.logging:   91: {"_type": "val_iter", "gpu_mem": "11.77 GB", "iter": "4200/10000", "top1_acc": 97.300000}
[08/27 13:14:40][INFO] utils.logging:   91: {"_type": "val_iter", "gpu_mem": "11.77 GB", "iter": "4400/10000", "top1_acc": 96.100000}
[08/27 13:15:04][INFO] utils.logging:   91: {"_type": "val_iter", "gpu_mem": "11.77 GB", "iter": "4600/10000", "top1_acc": 97.400000}
[08/27 13:15:28][INFO] utils.logging:   91: {"_type": "val_iter", "gpu_mem": "11.77 GB", "iter": "4800/10000", "top1_acc": 97.100000}
[08/27 13:15:52][INFO] utils.logging:   91: {"_type": "val_iter", "gpu_mem": "11.77 GB", "iter": "5000/10000", "top1_acc": 96.200000}
[08/27 13:16:16][INFO] utils.logging:   91: {"_type": "val_iter", "gpu_mem": "11.77 GB", "iter": "5200/10000", "top1_acc": 96.200000}
[08/27 13:16:40][INFO] utils.logging:   91: {"_type": "val_iter", "gpu_mem": "11.77 GB", "iter": "5400/10000", "top1_acc": 95.700000}
[08/27 13:17:04][INFO] utils.logging:   91: {"_type": "val_iter", "gpu_mem": "11.77 GB", "iter": "5600/10000", "top1_acc": 97.000000}
[08/27 13:17:28][INFO] utils.logging:   91: {"_type": "val_iter", "gpu_mem": "11.77 GB", "iter": "5800/10000", "top1_acc": 97.100000}
[08/27 13:17:52][INFO] utils.logging:   91: {"_type": "val_iter", "gpu_mem": "11.77 GB", "iter": "6000/10000", "top1_acc": 96.900000}
[08/27 13:18:16][INFO] utils.logging:   91: {"_type": "val_iter", "gpu_mem": "11.77 GB", "iter": "6200/10000", "top1_acc": 97.200000}
[08/27 13:18:40][INFO] utils.logging:   91: {"_type": "val_iter", "gpu_mem": "11.77 GB", "iter": "6400/10000", "top1_acc": 96.800000}
[08/27 13:19:03][INFO] utils.logging:   91: {"_type": "val_iter", "gpu_mem": "11.77 GB", "iter": "6600/10000", "top1_acc": 96.800000}
[08/27 13:19:27][INFO] utils.logging:   91: {"_type": "val_iter", "gpu_mem": "11.77 GB", "iter": "6800/10000", "top1_acc": 97.000000}
[08/27 13:19:51][INFO] utils.logging:   91: {"_type": "val_iter", "gpu_mem": "11.77 GB", "iter": "7000/10000", "top1_acc": 96.800000}
[08/27 13:20:15][INFO] utils.logging:   91: {"_type": "val_iter", "gpu_mem": "11.77 GB", "iter": "7200/10000", "top1_acc": 96.200000}
[08/27 13:20:39][INFO] utils.logging:   91: {"_type": "val_iter", "gpu_mem": "11.77 GB", "iter": "7400/10000", "top1_acc": 97.000000}
[08/27 13:21:03][INFO] utils.logging:   91: {"_type": "val_iter", "gpu_mem": "11.77 GB", "iter": "7600/10000", "top1_acc": 97.500000}
[08/27 13:21:27][INFO] utils.logging:   91: {"_type": "val_iter", "gpu_mem": "11.77 GB", "iter": "7800/10000", "top1_acc": 97.200000}
[08/27 13:21:51][INFO] utils.logging:   91: {"_type": "val_iter", "gpu_mem": "11.77 GB", "iter": "8000/10000", "top1_acc": 96.400000}
[08/27 13:22:15][INFO] utils.logging:   91: {"_type": "val_iter", "gpu_mem": "11.77 GB", "iter": "8200/10000", "top1_acc": 97.200000}
[08/27 13:22:39][INFO] utils.logging:   91: {"_type": "val_iter", "gpu_mem": "11.77 GB", "iter": "8400/10000", "top1_acc": 96.400000}
[08/27 13:23:03][INFO] utils.logging:   91: {"_type": "val_iter", "gpu_mem": "11.77 GB", "iter": "8600/10000", "top1_acc": 97.400000}
[08/27 13:23:27][INFO] utils.logging:   91: {"_type": "val_iter", "gpu_mem": "11.77 GB", "iter": "8800/10000", "top1_acc": 97.700000}
[08/27 13:23:51][INFO] utils.logging:   91: {"_type": "val_iter", "gpu_mem": "11.77 GB", "iter": "9000/10000", "top1_acc": 96.900000}
[08/27 13:24:15][INFO] utils.logging:   91: {"_type": "val_iter", "gpu_mem": "11.77 GB", "iter": "9200/10000", "top1_acc": 97.000000}
[08/27 13:24:39][INFO] utils.logging:   91: {"_type": "val_iter", "gpu_mem": "11.77 GB", "iter": "9400/10000", "top1_acc": 96.500000}
[08/27 13:25:03][INFO] utils.logging:   91: {"_type": "val_iter", "gpu_mem": "11.77 GB", "iter": "9600/10000", "top1_acc": 96.600000}
[08/27 13:25:27][INFO] utils.logging:   91: {"_type": "val_iter", "gpu_mem": "11.77 GB", "iter": "9800/10000", "top1_acc": 97.400000}
[08/27 13:25:50][INFO] utils.logging:   91: {"_type": "val_iter", "gpu_mem": "11.77 GB", "iter": "10000/10000", "top1_acc": 97.000000}
[08/27 13:25:50][INFO] utils.logging:   91: {"RAM": "17.42/125.63 GB", "_type": "val_epoch", "epoch": "3", "gpu_mem": "11.77 GB", "top1_acc": 96.912000}
[08/27 13:25:50][INFO] train_net_few_shot:   53: Fusion weights: multi_velocity=0.020619
[08/27 13:25:50][INFO] train_net_few_shot:   73: Multi-velocity matcher: motion_delta=0.028585001826286316, velocity_weights=[0.4990558922290802, 0.5009441375732422], logit_delta=4.709312438964844
[08/27 13:25:50][INFO] train_net_few_shot:  152: Validation accuracy 96.9120 did not improve best 96.8820 (1/0 evaluations without improvement).
[08/27 13:25:50][INFO] train_net_few_shot:  161: Early stopping at iteration 18000; best validation accuracy was 96.8820.
[08/27 13:25:51][INFO] utils.logging:   91: {"RAM": "13.30/125.63 GB", "_type": "train_epoch", "epoch": "10", "gpu_mem": "11.77 GB", "loss": 0.069693, "lr": 0.000003, "top1_acc": 97.807656}
