[09/03 18:32:53][INFO] train_net_few_shot:  303: Train with config:
[09/03 18:32:53][INFO] train_net_few_shot:  304: {
  "TASK_TYPE": "few_shot_action",
  "PRETRAIN": {
    "ENABLE": false
  },
  "LOCALIZATION": {
    "ENABLE": false
  },
  "TRAIN": {
    "ENABLE": true,
    "DATASET": "HMDB51",
    "BATCH_SIZE": 1,
    "LOG_FILE": "train.log",
    "EVAL_PERIOD": 2,
    "NUM_FOLDS": 1,
    "AUTO_RESUME": false,
    "CHECKPOINT_PERIOD": 10,
    "CHECKPOINT_FILE_PATH": "",
    "CHECKPOINT_TYPE": "pytorch",
    "CHECKPOINT_INFLATE": false,
    "CHECKPOINT_PRE_PROCESS": {
      "ENABLE": false
    },
    "FINE_TUNE": true,
    "ONLY_LINEAR": false,
    "LR_REDUCE": false,
    "TRAIN_VAL_COMBINE": false,
    "LOSS_FUNC": "cross_entropy",
    "USE_CLASSIFICATION_VALUE": 2.5,
    "GRADIENT_CHECKPOINT": true,
    "NUM_CLASS": 31,
    "META_BATCH": true,
    "WAY": 5,
    "SHOT": 1,
    "QUERY_PER_CLASS": 1,
    "QUERY_PER_CLASS_TEST": 1,
    "NUM_TRAIN_TASKS": 6000,
    "NUM_TEST_TASKS": 10000,
    "VAL_FRE_ITER": 2000,
    "BATCH_SIZE_PER_TASK": 8,
    "NORMALIZE_ACCUMULATED_GRADIENTS": false,
    "EARLY_STOP": {
      "ENABLE": true,
      "PATIENCE": 0,
      "MIN_DELTA": 0.05
    }
  },
  "TEST": {
    "ENABLE": true,
    "DATASET": "HMDB51",
    "BATCH_SIZE": 1,
    "NUM_SPATIAL_CROPS": 1,
    "SPATIAL_CROPS": "cctltr",
    "NUM_ENSEMBLE_VIEWS": 1,
    "LOG_FILE": "test.log",
    "CHECKPOINT_FILE_PATH": "",
    "CHECKPOINT_TYPE": "pytorch",
    "AUTOMATIC_MULTI_SCALE_TEST": false,
    "TEST_SET": "val",
    "UPLOAD_CLASSIFIER_RESULTS": true,
    "SHOT": [
      1,
      5
    ],
    "EPISODE_SEED": 2026
  },
  "VISUALIZATION": {
    "ENABLE": false,
    "NAME": "",
    "FEATURE_MAPS": {
      "ENABLE": false,
      "BASE_OUTPUT_DIR": ""
    }
  },
  "SUBMISSION": {
    "ENABLE": false,
    "SAVE_RESULTS_PATH": "test.json"
  },
  "DATA": {
    "DATA_ROOT_DIR": "/mnt/data/yanyi2025/lrc/action_data/hmdb51/",
    "ANNO_DIR": "config/hmdb51/",
    "NUM_INPUT_FRAMES": 8,
    "NUM_INPUT_CHANNELS": 2304,
    "SAMPLING_MODE": "interval_based",
    "SAMPLING_RATE": 50,
    "TRAIN_JITTER_SCALES": [
      256,
      256
    ],
    "TRAIN_CROP_SIZE": 224,
    "TEST_SCALE": 256,
    "TEST_CROP_SIZE": 224,
    "MEAN": [
      0.48145466,
      0.4578275,
      0.40821073
    ],
    "STD": [
      0.26862954,
      0.26130258,
      0.27577711
    ],
    "MULTI_LABEL": false,
    "ENSEMBLE_METHOD": "sum",
    "TARGET_FPS": 12,
    "MINUS_INTERVAL": false,
    "FPS": 12,
    "NORM_FEATURE": false,
    "USE_AUG_FEATURE": false,
    "AUG": false,
    "LOAD_PROPS": false,
    "TEMPORAL_SCALE": 256,
    "LABELS_TYPE": "cls",
    "LOAD_TYPE": "pickle",
    "DOWNLOAD_FEATURE": true,
    "SAMPLING_UNIFORM": false,
    "TEST_CENTER_CROP": true,
    "CLIP_INTERVAL": 8
  },
  "MODEL": {
    "NAME": "BaseVideoModel",
    "EMA": {
      "ENABLE": false,
      "DECAY": 0.99996
    }
  },
  "VIDEO": {
    "BACKBONE": {
      "DEPTH": null,
      "META_ARCH": "Identity",
      "NUM_FILTERS": null,
      "NUM_INPUT_CHANNELS": 3,
      "NUM_OUT_FEATURES": null,
      "KERNEL_SIZE": null,
      "DOWNSAMPLING": null,
      "DOWNSAMPLING_TEMPORAL": null,
      "NUM_STREAMS": 1,
      "EXPANSION_RATIO": 2,
      "BRANCH": {
        "NAME": null
      },
      "STEM": {
        "NAME": null
      },
      "NONLOCAL": {
        "ENABLE": false,
        "STAGES": [
          5
        ],
        "MASK_ENABLE": false
      },
      "INITIALIZATION": null
    },
    "HEAD": {
      "NAME": "BaseTemporalClassifier",
      "ACTIVATION": "softmax",
      "DROPOUT_RATE": 0.0,
      "NUM_CLASSES": 200
    }
  },
  "OPTIMIZER": {
    "ADJUST_LR": false,
    "BASE_LR": 0.002,
    "LR_POLICY": "cosine",
    "MAX_EPOCH": 300,
    "MOMENTUM": 0.9,
    "WEIGHT_DECAY": "1e-3",
    "WARMUP_EPOCHS": 10,
    "WARMUP_START_LR": 0.0002,
    "OPTIM_METHOD": "adam",
    "DAMPENING": 0.0,
    "NESTEROV": true
  },
  "BN": {
    "WB_LOCK": false,
    "FREEZE": false,
    "WEIGHT_DECAY": 0.0,
    "MOMENTUM": 0.1,
    "EPS": "1e-3",
    "SYNC": false
  },
  "DATA_LOADER": {
    "NUM_WORKERS": 8,
    "PIN_MEMORY": true,
    "ENABLE_MULTI_THREAD_DECODE": true,
    "COLLATE_FN": null
  },
  "NUM_GPUS": 1,
  "SHARD_ID": 0,
  "NUM_SHARDS": 1,
  "RANDOM_SEED": 18,
  "OUTPUT_DIR": "output/HMDB51_MULTI_VELOCITY",
  "OUTPUT_CFG_FILE": "configuration.log",
  "LOG_PERIOD": 100,
  "DIST_BACKEND": "nccl",
  "LOG_MODEL_INFO": false,
  "LOG_CONFIG_INFO": true,
  "OSS": {
    "ENABLE": false,
    "KEY": null,
    "SECRET": null,
    "ENDPOINT": null,
    "CHECKPOINT_OUTPUT_PATH": null,
    "SECONDARY_DATA_OSS": {
      "ENABLE": false,
      "KEY": null,
      "SECRET": null,
      "ENDPOINT": null,
      "BUCKETS": [
        ""
      ]
    }
  },
  "AUGMENTATION": {
    "COLOR_AUG": false,
    "BRIGHTNESS": 0.5,
    "CONTRAST": 0.5,
    "SATURATION": 0.5,
    "HUE": 0.25,
    "GRAYSCALE": 0.3,
    "CONSISTENT": true,
    "SHUFFLE": true,
    "GRAY_FIRST": true,
    "RATIO": [
      0.857142857142857,
      1.1666666666666667
    ],
    "USE_GPU": false,
    "MIXUP": {
      "ENABLE": false,
      "ALPHA": 0.0,
      "PROB": 1.0,
      "MODE": "batch",
      "SWITCH_PROB": 0.5
    },
    "CUTMIX": {
      "ENABLE": false,
      "ALPHA": 0.0,
      "MINMAX": null
    },
    "RANDOM_ERASING": {
      "ENABLE": false,
      "PROB": 0.25,
      "MODE": "const",
      "COUNT": [
        1,
        1
      ],
      "NUM_SPLITS": 0,
      "AREA_RANGE": [
        0.02,
        0.33
      ],
      "MIN_ASPECT": 0.3
    },
    "LABEL_SMOOTHING": 0.0,
    "SSV2_FLIP": false,
    "IS_SPLIT": false,
    "NO_RANDOM_ERASE": true,
    "SUPPORT_QUERY_DIFF": true
  },
  "PAI": false,
  "USE_MULTISEG_VAL_DIST": false,
  "DETECTION": {
    "ENABLE": false
  },
  "TENSORBOARD": {
    "ENABLE": false
  },
  "SOLVER": {
    "BASE_LR": 0.001,
    "LR_POLICY": "steps_with_relative_lrs",
    "MAX_EPOCH": 10,
    "MOMENTUM": 0.9,
    "WEIGHT_DECAY": "5e-4",
    "WARMUP_EPOCHS": 1,
    "WARMUP_START_LR": 0.0002,
    "OPTIM_METHOD": "adam",
    "DAMPENING": 0.0,
    "NESTEROV": true,
    "STEPS_ITER": 600,
    "STEPS": [
      0,
      5,
      7,
      9
    ],
    "LRS": [
      1,
      0.5,
      0.1,
      0.05
    ]
  },
  "PRE_DOWNLOAD": {
    "ENABLE": false
  },
  "SUPPORT_SHOT": 1,
  "MULTI_VELOCITY": {
    "ENABLE": true,
    "VELOCITIES": [
      1,
      2
    ],
    "HIDDEN_RATIO": 0.25,
    "DROPOUT": 0.1,
    "DISTANCE_SCALE": 16.0,
    "OTAM_LAMBDA": 0.5,
    "ALPHA_INIT": -4.0
  },
  "ADAPTER": {
    "NAME": "ViT_CLIP",
    "PRETRAINED": "ViT-B/16",
    "WIDTH": 768,
    "PATCH_SIZE": 16,
    "LAYERS": 12,
    "HEADS": 12,
    "ADAPTER_SCALE": 0.25
  },
  "INIT_METHOD": "tcp://localhost:1111",
  "CUDA_VISIBLE_DEVICES": "0"
}

[09/03 18:32:54][INFO] models.base.adapter: 1070: load model from: ViT-B/16
[09/03 18:32:55][INFO] models.base.adapter: 1077: Missing keys: ['temporal_embedding', 'multi_velocity_alpha', 'transformer.resblocks.0.Adapter.down.weight', 'transformer.resblocks.0.Adapter.down.bias', 'transformer.resblocks.0.Adapter.pos_embed.weight', 'transformer.resblocks.0.Adapter.pos_embed.bias', 'transformer.resblocks.0.Adapter.s_ln.weight', 'transformer.resblocks.0.Adapter.s_ln.bias', 'transformer.resblocks.0.Adapter.s_attn.conv_offset.0.weight', 'transformer.resblocks.0.Adapter.s_attn.conv_offset.0.bias', 'transformer.resblocks.0.Adapter.s_attn.conv_offset.1.norm.weight', 'transformer.resblocks.0.Adapter.s_attn.conv_offset.1.norm.bias', 'transformer.resblocks.0.Adapter.s_attn.conv_offset.3.weight', 'transformer.resblocks.0.Adapter.s_attn.proj_q.weight', 'transformer.resblocks.0.Adapter.s_attn.proj_q.bias', 'transformer.resblocks.0.Adapter.s_attn.proj_k.weight', 'transformer.resblocks.0.Adapter.s_attn.proj_k.bias', 'transformer.resblocks.0.Adapter.s_attn.proj_v.weight', 'transformer.resblocks.0.Adapter.s_attn.proj_v.bias', 'transformer.resblocks.0.Adapter.s_attn.proj_out.weight', 'transformer.resblocks.0.Adapter.s_attn.proj_out.bias', 'transformer.resblocks.0.Adapter.t_ln.weight', 'transformer.resblocks.0.Adapter.t_ln.bias', 'transformer.resblocks.0.Adapter.t_attn.conv_offset.0.weight', 'transformer.resblocks.0.Adapter.t_attn.conv_offset.0.bias', 'transformer.resblocks.0.Adapter.t_attn.conv_offset.1.norm.weight', 'transformer.resblocks.0.Adapter.t_attn.conv_offset.1.norm.bias', 'transformer.resblocks.0.Adapter.t_attn.conv_offset.3.weight', 'transformer.resblocks.0.Adapter.t_attn.proj_q.weight', 'transformer.resblocks.0.Adapter.t_attn.proj_q.bias', 'transformer.resblocks.0.Adapter.t_attn.proj_k.weight', 'transformer.resblocks.0.Adapter.t_attn.proj_k.bias', 'transformer.resblocks.0.Adapter.t_attn.proj_v.weight', 'transformer.resblocks.0.Adapter.t_attn.proj_v.bias', 'transformer.resblocks.0.Adapter.t_attn.proj_out.weight', 'transformer.resblocks.0.Adapter.t_attn.proj_out.bias', 'transformer.resblocks.0.Adapter.up.weight', 'transformer.resblocks.0.Adapter.up.bias', 'transformer.resblocks.1.Adapter.down.weight', 'transformer.resblocks.1.Adapter.down.bias', 'transformer.resblocks.1.Adapter.pos_embed.weight', 'transformer.resblocks.1.Adapter.pos_embed.bias', 'transformer.resblocks.1.Adapter.s_ln.weight', 'transformer.resblocks.1.Adapter.s_ln.bias', 'transformer.resblocks.1.Adapter.s_attn.conv_offset.0.weight', 'transformer.resblocks.1.Adapter.s_attn.conv_offset.0.bias', 'transformer.resblocks.1.Adapter.s_attn.conv_offset.1.norm.weight', 'transformer.resblocks.1.Adapter.s_attn.conv_offset.1.norm.bias', 'transformer.resblocks.1.Adapter.s_attn.conv_offset.3.weight', 'transformer.resblocks.1.Adapter.s_attn.proj_q.weight', 'transformer.resblocks.1.Adapter.s_attn.proj_q.bias', 'transformer.resblocks.1.Adapter.s_attn.proj_k.weight', 'transformer.resblocks.1.Adapter.s_attn.proj_k.bias', 'transformer.resblocks.1.Adapter.s_attn.proj_v.weight', 'transformer.resblocks.1.Adapter.s_attn.proj_v.bias', 'transformer.resblocks.1.Adapter.s_attn.proj_out.weight', 'transformer.resblocks.1.Adapter.s_attn.proj_out.bias', 'transformer.resblocks.1.Adapter.t_ln.weight', 'transformer.resblocks.1.Adapter.t_ln.bias', 'transformer.resblocks.1.Adapter.t_attn.conv_offset.0.weight', 'transformer.resblocks.1.Adapter.t_attn.conv_offset.0.bias', 'transformer.resblocks.1.Adapter.t_attn.conv_offset.1.norm.weight', 'transformer.resblocks.1.Adapter.t_attn.conv_offset.1.norm.bias', 'transformer.resblocks.1.Adapter.t_attn.conv_offset.3.weight', 'transformer.resblocks.1.Adapter.t_attn.proj_q.weight', 'transformer.resblocks.1.Adapter.t_attn.proj_q.bias', 'transformer.resblocks.1.Adapter.t_attn.proj_k.weight', 'transformer.resblocks.1.Adapter.t_attn.proj_k.bias', 'transformer.resblocks.1.Adapter.t_attn.proj_v.weight', 'transformer.resblocks.1.Adapter.t_attn.proj_v.bias', 'transformer.resblocks.1.Adapter.t_attn.proj_out.weight', 'transformer.resblocks.1.Adapter.t_attn.proj_out.bias', 'transformer.resblocks.1.Adapter.up.weight', 'transformer.resblocks.1.Adapter.up.bias', 'transformer.resblocks.2.Adapter.down.weight', 'transformer.resblocks.2.Adapter.down.bias', 'transformer.resblocks.2.Adapter.pos_embed.weight', 'transformer.resblocks.2.Adapter.pos_embed.bias', 'transformer.resblocks.2.Adapter.s_ln.weight', 'transformer.resblocks.2.Adapter.s_ln.bias', 'transformer.resblocks.2.Adapter.s_attn.conv_offset.0.weight', 'transformer.resblocks.2.Adapter.s_attn.conv_offset.0.bias', 'transformer.resblocks.2.Adapter.s_attn.conv_offset.1.norm.weight', 'transformer.resblocks.2.Adapter.s_attn.conv_offset.1.norm.bias', 'transformer.resblocks.2.Adapter.s_attn.conv_offset.3.weight', 'transformer.resblocks.2.Adapter.s_attn.proj_q.weight', 'transformer.resblocks.2.Adapter.s_attn.proj_q.bias', 'transformer.resblocks.2.Adapter.s_attn.proj_k.weight', 'transformer.resblocks.2.Adapter.s_attn.proj_k.bias', 'transformer.resblocks.2.Adapter.s_attn.proj_v.weight', 'transformer.resblocks.2.Adapter.s_attn.proj_v.bias', 'transformer.resblocks.2.Adapter.s_attn.proj_out.weight', 'transformer.resblocks.2.Adapter.s_attn.proj_out.bias', 'transformer.resblocks.2.Adapter.t_ln.weight', 'transformer.resblocks.2.Adapter.t_ln.bias', 'transformer.resblocks.2.Adapter.t_attn.conv_offset.0.weight', 'transformer.resblocks.2.Adapter.t_attn.conv_offset.0.bias', 'transformer.resblocks.2.Adapter.t_attn.conv_offset.1.norm.weight', 'transformer.resblocks.2.Adapter.t_attn.conv_offset.1.norm.bias', 'transformer.resblocks.2.Adapter.t_attn.conv_offset.3.weight', 'transformer.resblocks.2.Adapter.t_attn.proj_q.weight', 'transformer.resblocks.2.Adapter.t_attn.proj_q.bias', 'transformer.resblocks.2.Adapter.t_attn.proj_k.weight', 'transformer.resblocks.2.Adapter.t_attn.proj_k.bias', 'transformer.resblocks.2.Adapter.t_attn.proj_v.weight', 'transformer.resblocks.2.Adapter.t_attn.proj_v.bias', 'transformer.resblocks.2.Adapter.t_attn.proj_out.weight', 'transformer.resblocks.2.Adapter.t_attn.proj_out.bias', 'transformer.resblocks.2.Adapter.up.weight', 'transformer.resblocks.2.Adapter.up.bias', 'transformer.resblocks.3.Adapter.down.weight', 'transformer.resblocks.3.Adapter.down.bias', 'transformer.resblocks.3.Adapter.pos_embed.weight', 'transformer.resblocks.3.Adapter.pos_embed.bias', 'transformer.resblocks.3.Adapter.s_ln.weight', 'transformer.resblocks.3.Adapter.s_ln.bias', 'transformer.resblocks.3.Adapter.s_attn.conv_offset.0.weight', 'transformer.resblocks.3.Adapter.s_attn.conv_offset.0.bias', 'transformer.resblocks.3.Adapter.s_attn.conv_offset.1.norm.weight', 'transformer.resblocks.3.Adapter.s_attn.conv_offset.1.norm.bias', 'transformer.resblocks.3.Adapter.s_attn.conv_offset.3.weight', 'transformer.resblocks.3.Adapter.s_attn.proj_q.weight', 'transformer.resblocks.3.Adapter.s_attn.proj_q.bias', 'transformer.resblocks.3.Adapter.s_attn.proj_k.weight', 'transformer.resblocks.3.Adapter.s_attn.proj_k.bias', 'transformer.resblocks.3.Adapter.s_attn.proj_v.weight', 'transformer.resblocks.3.Adapter.s_attn.proj_v.bias', 'transformer.resblocks.3.Adapter.s_attn.proj_out.weight', 'transformer.resblocks.3.Adapter.s_attn.proj_out.bias', 'transformer.resblocks.3.Adapter.t_ln.weight', 'transformer.resblocks.3.Adapter.t_ln.bias', 'transformer.resblocks.3.Adapter.t_attn.conv_offset.0.weight', 'transformer.resblocks.3.Adapter.t_attn.conv_offset.0.bias', 'transformer.resblocks.3.Adapter.t_attn.conv_offset.1.norm.weight', 'transformer.resblocks.3.Adapter.t_attn.conv_offset.1.norm.bias', 'transformer.resblocks.3.Adapter.t_attn.conv_offset.3.weight', 'transformer.resblocks.3.Adapter.t_attn.proj_q.weight', 'transformer.resblocks.3.Adapter.t_attn.proj_q.bias', 'transformer.resblocks.3.Adapter.t_attn.proj_k.weight', 'transformer.resblocks.3.Adapter.t_attn.proj_k.bias', 'transformer.resblocks.3.Adapter.t_attn.proj_v.weight', 'transformer.resblocks.3.Adapter.t_attn.proj_v.bias', 'transformer.resblocks.3.Adapter.t_attn.proj_out.weight', 'transformer.resblocks.3.Adapter.t_attn.proj_out.bias', 'transformer.resblocks.3.Adapter.up.weight', 'transformer.resblocks.3.Adapter.up.bias', 'transformer.resblocks.4.Adapter.down.weight', 'transformer.resblocks.4.Adapter.down.bias', 'transformer.resblocks.4.Adapter.pos_embed.weight', 'transformer.resblocks.4.Adapter.pos_embed.bias', 'transformer.resblocks.4.Adapter.s_ln.weight', 'transformer.resblocks.4.Adapter.s_ln.bias', 'transformer.resblocks.4.Adapter.s_attn.conv_offset.0.weight', 'transformer.resblocks.4.Adapter.s_attn.conv_offset.0.bias', 'transformer.resblocks.4.Adapter.s_attn.conv_offset.1.norm.weight', 'transformer.resblocks.4.Adapter.s_attn.conv_offset.1.norm.bias', 'transformer.resblocks.4.Adapter.s_attn.conv_offset.3.weight', 'transformer.resblocks.4.Adapter.s_attn.proj_q.weight', 'transformer.resblocks.4.Adapter.s_attn.proj_q.bias', 'transformer.resblocks.4.Adapter.s_attn.proj_k.weight', 'transformer.resblocks.4.Adapter.s_attn.proj_k.bias', 'transformer.resblocks.4.Adapter.s_attn.proj_v.weight', 'transformer.resblocks.4.Adapter.s_attn.proj_v.bias', 'transformer.resblocks.4.Adapter.s_attn.proj_out.weight', 'transformer.resblocks.4.Adapter.s_attn.proj_out.bias', 'transformer.resblocks.4.Adapter.t_ln.weight', 'transformer.resblocks.4.Adapter.t_ln.bias', 'transformer.resblocks.4.Adapter.t_attn.conv_offset.0.weight', 'transformer.resblocks.4.Adapter.t_attn.conv_offset.0.bias', 'transformer.resblocks.4.Adapter.t_attn.conv_offset.1.norm.weight', 'transformer.resblocks.4.Adapter.t_attn.conv_offset.1.norm.bias', 'transformer.resblocks.4.Adapter.t_attn.conv_offset.3.weight', 'transformer.resblocks.4.Adapter.t_attn.proj_q.weight', 'transformer.resblocks.4.Adapter.t_attn.proj_q.bias', 'transformer.resblocks.4.Adapter.t_attn.proj_k.weight', 'transformer.resblocks.4.Adapter.t_attn.proj_k.bias', 'transformer.resblocks.4.Adapter.t_attn.proj_v.weight', 'transformer.resblocks.4.Adapter.t_attn.proj_v.bias', 'transformer.resblocks.4.Adapter.t_attn.proj_out.weight', 'transformer.resblocks.4.Adapter.t_attn.proj_out.bias', 'transformer.resblocks.4.Adapter.up.weight', 'transformer.resblocks.4.Adapter.up.bias', 'transformer.resblocks.5.Adapter.down.weight', 'transformer.resblocks.5.Adapter.down.bias', 'transformer.resblocks.5.Adapter.pos_embed.weight', 'transformer.resblocks.5.Adapter.pos_embed.bias', 'transformer.resblocks.5.Adapter.s_ln.weight', 'transformer.resblocks.5.Adapter.s_ln.bias', 'transformer.resblocks.5.Adapter.s_attn.conv_offset.0.weight', 'transformer.resblocks.5.Adapter.s_attn.conv_offset.0.bias', 'transformer.resblocks.5.Adapter.s_attn.conv_offset.1.norm.weight', 'transformer.resblocks.5.Adapter.s_attn.conv_offset.1.norm.bias', 'transformer.resblocks.5.Adapter.s_attn.conv_offset.3.weight', 'transformer.resblocks.5.Adapter.s_attn.proj_q.weight', 'transformer.resblocks.5.Adapter.s_attn.proj_q.bias', 'transformer.resblocks.5.Adapter.s_attn.proj_k.weight', 'transformer.resblocks.5.Adapter.s_attn.proj_k.bias', 'transformer.resblocks.5.Adapter.s_attn.proj_v.weight', 'transformer.resblocks.5.Adapter.s_attn.proj_v.bias', 'transformer.resblocks.5.Adapter.s_attn.proj_out.weight', 'transformer.resblocks.5.Adapter.s_attn.proj_out.bias', 'transformer.resblocks.5.Adapter.t_ln.weight', 'transformer.resblocks.5.Adapter.t_ln.bias', 'transformer.resblocks.5.Adapter.t_attn.conv_offset.0.weight', 'transformer.resblocks.5.Adapter.t_attn.conv_offset.0.bias', 'transformer.resblocks.5.Adapter.t_attn.conv_offset.1.norm.weight', 'transformer.resblocks.5.Adapter.t_attn.conv_offset.1.norm.bias', 'transformer.resblocks.5.Adapter.t_attn.conv_offset.3.weight', 'transformer.resblocks.5.Adapter.t_attn.proj_q.weight', 'transformer.resblocks.5.Adapter.t_attn.proj_q.bias', 'transformer.resblocks.5.Adapter.t_attn.proj_k.weight', 'transformer.resblocks.5.Adapter.t_attn.proj_k.bias', 'transformer.resblocks.5.Adapter.t_attn.proj_v.weight', 'transformer.resblocks.5.Adapter.t_attn.proj_v.bias', 'transformer.resblocks.5.Adapter.t_attn.proj_out.weight', 'transformer.resblocks.5.Adapter.t_attn.proj_out.bias', 'transformer.resblocks.5.Adapter.up.weight', 'transformer.resblocks.5.Adapter.up.bias', 'transformer.resblocks.6.Adapter.down.weight', 'transformer.resblocks.6.Adapter.down.bias', 'transformer.resblocks.6.Adapter.pos_embed.weight', 'transformer.resblocks.6.Adapter.pos_embed.bias', 'transformer.resblocks.6.Adapter.s_ln.weight', 'transformer.resblocks.6.Adapter.s_ln.bias', 'transformer.resblocks.6.Adapter.s_attn.conv_offset.0.weight', 'transformer.resblocks.6.Adapter.s_attn.conv_offset.0.bias', 'transformer.resblocks.6.Adapter.s_attn.conv_offset.1.norm.weight', 'transformer.resblocks.6.Adapter.s_attn.conv_offset.1.norm.bias', 'transformer.resblocks.6.Adapter.s_attn.conv_offset.3.weight', 'transformer.resblocks.6.Adapter.s_attn.proj_q.weight', 'transformer.resblocks.6.Adapter.s_attn.proj_q.bias', 'transformer.resblocks.6.Adapter.s_attn.proj_k.weight', 'transformer.resblocks.6.Adapter.s_attn.proj_k.bias', 'transformer.resblocks.6.Adapter.s_attn.proj_v.weight', 'transformer.resblocks.6.Adapter.s_attn.proj_v.bias', 'transformer.resblocks.6.Adapter.s_attn.proj_out.weight', 'transformer.resblocks.6.Adapter.s_attn.proj_out.bias', 'transformer.resblocks.6.Adapter.t_ln.weight', 'transformer.resblocks.6.Adapter.t_ln.bias', 'transformer.resblocks.6.Adapter.t_attn.conv_offset.0.weight', 'transformer.resblocks.6.Adapter.t_attn.conv_offset.0.bias', 'transformer.resblocks.6.Adapter.t_attn.conv_offset.1.norm.weight', 'transformer.resblocks.6.Adapter.t_attn.conv_offset.1.norm.bias', 'transformer.resblocks.6.Adapter.t_attn.conv_offset.3.weight', 'transformer.resblocks.6.Adapter.t_attn.proj_q.weight', 'transformer.resblocks.6.Adapter.t_attn.proj_q.bias', 'transformer.resblocks.6.Adapter.t_attn.proj_k.weight', 'transformer.resblocks.6.Adapter.t_attn.proj_k.bias', 'transformer.resblocks.6.Adapter.t_attn.proj_v.weight', 'transformer.resblocks.6.Adapter.t_attn.proj_v.bias', 'transformer.resblocks.6.Adapter.t_attn.proj_out.weight', 'transformer.resblocks.6.Adapter.t_attn.proj_out.bias', 'transformer.resblocks.6.Adapter.up.weight', 'transformer.resblocks.6.Adapter.up.bias', 'transformer.resblocks.7.Adapter.down.weight', 'transformer.resblocks.7.Adapter.down.bias', 'transformer.resblocks.7.Adapter.pos_embed.weight', 'transformer.resblocks.7.Adapter.pos_embed.bias', 'transformer.resblocks.7.Adapter.s_ln.weight', 'transformer.resblocks.7.Adapter.s_ln.bias', 'transformer.resblocks.7.Adapter.s_attn.conv_offset.0.weight', 'transformer.resblocks.7.Adapter.s_attn.conv_offset.0.bias', 'transformer.resblocks.7.Adapter.s_attn.conv_offset.1.norm.weight', 'transformer.resblocks.7.Adapter.s_attn.conv_offset.1.norm.bias', 'transformer.resblocks.7.Adapter.s_attn.conv_offset.3.weight', 'transformer.resblocks.7.Adapter.s_attn.proj_q.weight', 'transformer.resblocks.7.Adapter.s_attn.proj_q.bias', 'transformer.resblocks.7.Adapter.s_attn.proj_k.weight', 'transformer.resblocks.7.Adapter.s_attn.proj_k.bias', 'transformer.resblocks.7.Adapter.s_attn.proj_v.weight', 'transformer.resblocks.7.Adapter.s_attn.proj_v.bias', 'transformer.resblocks.7.Adapter.s_attn.proj_out.weight', 'transformer.resblocks.7.Adapter.s_attn.proj_out.bias', 'transformer.resblocks.7.Adapter.t_ln.weight', 'transformer.resblocks.7.Adapter.t_ln.bias', 'transformer.resblocks.7.Adapter.t_attn.conv_offset.0.weight', 'transformer.resblocks.7.Adapter.t_attn.conv_offset.0.bias', 'transformer.resblocks.7.Adapter.t_attn.conv_offset.1.norm.weight', 'transformer.resblocks.7.Adapter.t_attn.conv_offset.1.norm.bias', 'transformer.resblocks.7.Adapter.t_attn.conv_offset.3.weight', 'transformer.resblocks.7.Adapter.t_attn.proj_q.weight', 'transformer.resblocks.7.Adapter.t_attn.proj_q.bias', 'transformer.resblocks.7.Adapter.t_attn.proj_k.weight', 'transformer.resblocks.7.Adapter.t_attn.proj_k.bias', 'transformer.resblocks.7.Adapter.t_attn.proj_v.weight', 'transformer.resblocks.7.Adapter.t_attn.proj_v.bias', 'transformer.resblocks.7.Adapter.t_attn.proj_out.weight', 'transformer.resblocks.7.Adapter.t_attn.proj_out.bias', 'transformer.resblocks.7.Adapter.up.weight', 'transformer.resblocks.7.Adapter.up.bias', 'transformer.resblocks.8.Adapter.down.weight', 'transformer.resblocks.8.Adapter.down.bias', 'transformer.resblocks.8.Adapter.pos_embed.weight', 'transformer.resblocks.8.Adapter.pos_embed.bias', 'transformer.resblocks.8.Adapter.s_ln.weight', 'transformer.resblocks.8.Adapter.s_ln.bias', 'transformer.resblocks.8.Adapter.s_attn.conv_offset.0.weight', 'transformer.resblocks.8.Adapter.s_attn.conv_offset.0.bias', 'transformer.resblocks.8.Adapter.s_attn.conv_offset.1.norm.weight', 'transformer.resblocks.8.Adapter.s_attn.conv_offset.1.norm.bias', 'transformer.resblocks.8.Adapter.s_attn.conv_offset.3.weight', 'transformer.resblocks.8.Adapter.s_attn.proj_q.weight', 'transformer.resblocks.8.Adapter.s_attn.proj_q.bias', 'transformer.resblocks.8.Adapter.s_attn.proj_k.weight', 'transformer.resblocks.8.Adapter.s_attn.proj_k.bias', 'transformer.resblocks.8.Adapter.s_attn.proj_v.weight', 'transformer.resblocks.8.Adapter.s_attn.proj_v.bias', 'transformer.resblocks.8.Adapter.s_attn.proj_out.weight', 'transformer.resblocks.8.Adapter.s_attn.proj_out.bias', 'transformer.resblocks.8.Adapter.t_ln.weight', 'transformer.resblocks.8.Adapter.t_ln.bias', 'transformer.resblocks.8.Adapter.t_attn.conv_offset.0.weight', 'transformer.resblocks.8.Adapter.t_attn.conv_offset.0.bias', 'transformer.resblocks.8.Adapter.t_attn.conv_offset.1.norm.weight', 'transformer.resblocks.8.Adapter.t_attn.conv_offset.1.norm.bias', 'transformer.resblocks.8.Adapter.t_attn.conv_offset.3.weight', 'transformer.resblocks.8.Adapter.t_attn.proj_q.weight', 'transformer.resblocks.8.Adapter.t_attn.proj_q.bias', 'transformer.resblocks.8.Adapter.t_attn.proj_k.weight', 'transformer.resblocks.8.Adapter.t_attn.proj_k.bias', 'transformer.resblocks.8.Adapter.t_attn.proj_v.weight', 'transformer.resblocks.8.Adapter.t_attn.proj_v.bias', 'transformer.resblocks.8.Adapter.t_attn.proj_out.weight', 'transformer.resblocks.8.Adapter.t_attn.proj_out.bias', 'transformer.resblocks.8.Adapter.up.weight', 'transformer.resblocks.8.Adapter.up.bias', 'transformer.resblocks.9.Adapter.down.weight', 'transformer.resblocks.9.Adapter.down.bias', 'transformer.resblocks.9.Adapter.pos_embed.weight', 'transformer.resblocks.9.Adapter.pos_embed.bias', 'transformer.resblocks.9.Adapter.s_ln.weight', 'transformer.resblocks.9.Adapter.s_ln.bias', 'transformer.resblocks.9.Adapter.s_attn.conv_offset.0.weight', 'transformer.resblocks.9.Adapter.s_attn.conv_offset.0.bias', 'transformer.resblocks.9.Adapter.s_attn.conv_offset.1.norm.weight', 'transformer.resblocks.9.Adapter.s_attn.conv_offset.1.norm.bias', 'transformer.resblocks.9.Adapter.s_attn.conv_offset.3.weight', 'transformer.resblocks.9.Adapter.s_attn.proj_q.weight', 'transformer.resblocks.9.Adapter.s_attn.proj_q.bias', 'transformer.resblocks.9.Adapter.s_attn.proj_k.weight', 'transformer.resblocks.9.Adapter.s_attn.proj_k.bias', 'transformer.resblocks.9.Adapter.s_attn.proj_v.weight', 'transformer.resblocks.9.Adapter.s_attn.proj_v.bias', 'transformer.resblocks.9.Adapter.s_attn.proj_out.weight', 'transformer.resblocks.9.Adapter.s_attn.proj_out.bias', 'transformer.resblocks.9.Adapter.t_ln.weight', 'transformer.resblocks.9.Adapter.t_ln.bias', 'transformer.resblocks.9.Adapter.t_attn.conv_offset.0.weight', 'transformer.resblocks.9.Adapter.t_attn.conv_offset.0.bias', 'transformer.resblocks.9.Adapter.t_attn.conv_offset.1.norm.weight', 'transformer.resblocks.9.Adapter.t_attn.conv_offset.1.norm.bias', 'transformer.resblocks.9.Adapter.t_attn.conv_offset.3.weight', 'transformer.resblocks.9.Adapter.t_attn.proj_q.weight', 'transformer.resblocks.9.Adapter.t_attn.proj_q.bias', 'transformer.resblocks.9.Adapter.t_attn.proj_k.weight', 'transformer.resblocks.9.Adapter.t_attn.proj_k.bias', 'transformer.resblocks.9.Adapter.t_attn.proj_v.weight', 'transformer.resblocks.9.Adapter.t_attn.proj_v.bias', 'transformer.resblocks.9.Adapter.t_attn.proj_out.weight', 'transformer.resblocks.9.Adapter.t_attn.proj_out.bias', 'transformer.resblocks.9.Adapter.up.weight', 'transformer.resblocks.9.Adapter.up.bias', 'transformer.resblocks.10.Adapter.down.weight', 'transformer.resblocks.10.Adapter.down.bias', 'transformer.resblocks.10.Adapter.pos_embed.weight', 'transformer.resblocks.10.Adapter.pos_embed.bias', 'transformer.resblocks.10.Adapter.s_ln.weight', 'transformer.resblocks.10.Adapter.s_ln.bias', 'transformer.resblocks.10.Adapter.s_attn.conv_offset.0.weight', 'transformer.resblocks.10.Adapter.s_attn.conv_offset.0.bias', 'transformer.resblocks.10.Adapter.s_attn.conv_offset.1.norm.weight', 'transformer.resblocks.10.Adapter.s_attn.conv_offset.1.norm.bias', 'transformer.resblocks.10.Adapter.s_attn.conv_offset.3.weight', 'transformer.resblocks.10.Adapter.s_attn.proj_q.weight', 'transformer.resblocks.10.Adapter.s_attn.proj_q.bias', 'transformer.resblocks.10.Adapter.s_attn.proj_k.weight', 'transformer.resblocks.10.Adapter.s_attn.proj_k.bias', 'transformer.resblocks.10.Adapter.s_attn.proj_v.weight', 'transformer.resblocks.10.Adapter.s_attn.proj_v.bias', 'transformer.resblocks.10.Adapter.s_attn.proj_out.weight', 'transformer.resblocks.10.Adapter.s_attn.proj_out.bias', 'transformer.resblocks.10.Adapter.t_ln.weight', 'transformer.resblocks.10.Adapter.t_ln.bias', 'transformer.resblocks.10.Adapter.t_attn.conv_offset.0.weight', 'transformer.resblocks.10.Adapter.t_attn.conv_offset.0.bias', 'transformer.resblocks.10.Adapter.t_attn.conv_offset.1.norm.weight', 'transformer.resblocks.10.Adapter.t_attn.conv_offset.1.norm.bias', 'transformer.resblocks.10.Adapter.t_attn.conv_offset.3.weight', 'transformer.resblocks.10.Adapter.t_attn.proj_q.weight', 'transformer.resblocks.10.Adapter.t_attn.proj_q.bias', 'transformer.resblocks.10.Adapter.t_attn.proj_k.weight', 'transformer.resblocks.10.Adapter.t_attn.proj_k.bias', 'transformer.resblocks.10.Adapter.t_attn.proj_v.weight', 'transformer.resblocks.10.Adapter.t_attn.proj_v.bias', 'transformer.resblocks.10.Adapter.t_attn.proj_out.weight', 'transformer.resblocks.10.Adapter.t_attn.proj_out.bias', 'transformer.resblocks.10.Adapter.up.weight', 'transformer.resblocks.10.Adapter.up.bias', 'transformer.resblocks.11.Adapter.down.weight', 'transformer.resblocks.11.Adapter.down.bias', 'transformer.resblocks.11.Adapter.pos_embed.weight', 'transformer.resblocks.11.Adapter.pos_embed.bias', 'transformer.resblocks.11.Adapter.s_ln.weight', 'transformer.resblocks.11.Adapter.s_ln.bias', 'transformer.resblocks.11.Adapter.s_attn.conv_offset.0.weight', 'transformer.resblocks.11.Adapter.s_attn.conv_offset.0.bias', 'transformer.resblocks.11.Adapter.s_attn.conv_offset.1.norm.weight', 'transformer.resblocks.11.Adapter.s_attn.conv_offset.1.norm.bias', 'transformer.resblocks.11.Adapter.s_attn.conv_offset.3.weight', 'transformer.resblocks.11.Adapter.s_attn.proj_q.weight', 'transformer.resblocks.11.Adapter.s_attn.proj_q.bias', 'transformer.resblocks.11.Adapter.s_attn.proj_k.weight', 'transformer.resblocks.11.Adapter.s_attn.proj_k.bias', 'transformer.resblocks.11.Adapter.s_attn.proj_v.weight', 'transformer.resblocks.11.Adapter.s_attn.proj_v.bias', 'transformer.resblocks.11.Adapter.s_attn.proj_out.weight', 'transformer.resblocks.11.Adapter.s_attn.proj_out.bias', 'transformer.resblocks.11.Adapter.t_ln.weight', 'transformer.resblocks.11.Adapter.t_ln.bias', 'transformer.resblocks.11.Adapter.t_attn.conv_offset.0.weight', 'transformer.resblocks.11.Adapter.t_attn.conv_offset.0.bias', 'transformer.resblocks.11.Adapter.t_attn.conv_offset.1.norm.weight', 'transformer.resblocks.11.Adapter.t_attn.conv_offset.1.norm.bias', 'transformer.resblocks.11.Adapter.t_attn.conv_offset.3.weight', 'transformer.resblocks.11.Adapter.t_attn.proj_q.weight', 'transformer.resblocks.11.Adapter.t_attn.proj_q.bias', 'transformer.resblocks.11.Adapter.t_attn.proj_k.weight', 'transformer.resblocks.11.Adapter.t_attn.proj_k.bias', 'transformer.resblocks.11.Adapter.t_attn.proj_v.weight', 'transformer.resblocks.11.Adapter.t_attn.proj_v.bias', 'transformer.resblocks.11.Adapter.t_attn.proj_out.weight', 'transformer.resblocks.11.Adapter.t_attn.proj_out.bias', 'transformer.resblocks.11.Adapter.up.weight', 'transformer.resblocks.11.Adapter.up.bias', 'classification_layer.weight', 'classification_layer.bias', 'multi_velocity_matcher.velocity_logits', 'multi_velocity_matcher.motion_norm.weight', 'multi_velocity_matcher.motion_norm.bias', 'multi_velocity_matcher.motion_projection.0.weight', 'multi_velocity_matcher.motion_projection.0.bias', 'multi_velocity_matcher.motion_projection.3.weight', 'multi_velocity_matcher.motion_projection.3.bias']
[09/03 18:32:55][INFO] models.base.adapter: 1078: Unexpected keys: []
[09/03 18:32:55][INFO] models.base.adapter: 1079: => loaded successfully 'ViT-B/16'
[09/03 18:32:55][INFO] models.base.adapter: 1086: init:  transformer.resblocks.0.Adapter.up
[09/03 18:32:55][INFO] models.base.adapter: 1086: init:  transformer.resblocks.1.Adapter.up
[09/03 18:32:55][INFO] models.base.adapter: 1086: init:  transformer.resblocks.2.Adapter.up
[09/03 18:32:55][INFO] models.base.adapter: 1086: init:  transformer.resblocks.3.Adapter.up
[09/03 18:32:55][INFO] models.base.adapter: 1086: init:  transformer.resblocks.4.Adapter.up
[09/03 18:32:55][INFO] models.base.adapter: 1086: init:  transformer.resblocks.5.Adapter.up
[09/03 18:32:55][INFO] models.base.adapter: 1086: init:  transformer.resblocks.6.Adapter.up
[09/03 18:32:55][INFO] models.base.adapter: 1086: init:  transformer.resblocks.7.Adapter.up
[09/03 18:32:55][INFO] models.base.adapter: 1086: init:  transformer.resblocks.8.Adapter.up
[09/03 18:32:55][INFO] models.base.adapter: 1086: init:  transformer.resblocks.9.Adapter.up
[09/03 18:32:55][INFO] models.base.adapter: 1086: init:  transformer.resblocks.10.Adapter.up
[09/03 18:32:55][INFO] models.base.adapter: 1086: init:  transformer.resblocks.11.Adapter.up
[09/03 18:32:55][INFO] train_net_few_shot:  308: Model:
BaseVideoModel(
  (model): ViT_CLIP(
    (conv1): Conv2d(3, 768, kernel_size=(16, 16), stride=(16, 16), bias=False)
    (ln_pre): LayerNorm((768,), eps=1e-05, elementwise_affine=True, bias=True)
    (transformer): Transformer(
      (resblocks): ModuleList(
        (0-11): 12 x ResidualAttentionBlock(
          (ln_1): LayerNorm((768,), eps=1e-05, elementwise_affine=True, bias=True)
          (attn): MultiheadAttention(
            (out_proj): NonDynamicallyQuantizableLinear(in_features=768, out_features=768, bias=True)
          )
          (ln_2): LayerNorm((768,), eps=1e-05, elementwise_affine=True, bias=True)
          (mlp): Sequential(
            (c_fc): Linear(in_features=768, out_features=3072, bias=True)
            (gelu): QuickGELU()
            (c_proj): Linear(in_features=3072, out_features=768, bias=True)
          )
          (Adapter): ViT_D2ST_Adapter(
            (down): Linear(in_features=768, out_features=192, bias=True)
            (gelu1): GELU(approximate='none')
            (pos_embed): Conv3d(192, 192, kernel_size=(3, 3, 3), stride=(1, 1, 1), padding=(1, 1, 1), groups=192)
            (s_ln): LayerNorm((192,), eps=1e-05, elementwise_affine=True, bias=True)
            (s_attn): ViT_DeformAttention(
              (conv_offset): Sequential(
                (0): Conv3d(48, 48, kernel_size=(4, 5, 5), stride=(4, 3, 3), groups=48)
                (1): LayerNormProxy(
                  (norm): LayerNorm((48,), eps=1e-05, elementwise_affine=True, bias=True)
                )
                (2): GELU(approximate='none')
                (3): Conv3d(48, 3, kernel_size=(1, 1, 1), stride=(1, 1, 1), bias=False)
              )
              (proj_q): Linear(in_features=192, out_features=192, bias=True)
              (proj_k): Linear(in_features=192, out_features=192, bias=True)
              (proj_v): Linear(in_features=192, out_features=192, bias=True)
              (proj_out): Linear(in_features=192, out_features=192, bias=True)
            )
            (t_ln): LayerNorm((192,), eps=1e-05, elementwise_affine=True, bias=True)
            (t_attn): ViT_DeformAttention(
              (conv_offset): Sequential(
                (0): Conv3d(48, 48, kernel_size=(1, 7, 7), stride=(1, 7, 7), groups=48)
                (1): LayerNormProxy(
                  (norm): LayerNorm((48,), eps=1e-05, elementwise_affine=True, bias=True)
                )
                (2): GELU(approximate='none')
                (3): Conv3d(48, 3, kernel_size=(1, 1, 1), stride=(1, 1, 1), bias=False)
              )
              (proj_q): Linear(in_features=192, out_features=192, bias=True)
              (proj_k): Linear(in_features=192, out_features=192, bias=True)
              (proj_v): Linear(in_features=192, out_features=192, bias=True)
              (proj_out): Linear(in_features=192, out_features=192, bias=True)
            )
            (gelu): GELU(approximate='none')
            (up): Linear(in_features=192, out_features=768, bias=True)
            (gelu2): GELU(approximate='none')
          )
        )
      )
    )
    (ln_post): LayerNorm((768,), eps=1e-05, elementwise_affine=True, bias=True)
    (classification_layer): Linear(in_features=768, out_features=31, bias=True)
    (multi_velocity_matcher): D2STMultiVelocityMatcher(
      (motion_norm): LayerNorm((768,), eps=1e-05, elementwise_affine=True, bias=True)
      (motion_projection): Sequential(
        (0): Linear(in_features=768, out_features=192, bias=True)
        (1): GELU(approximate='none')
        (2): Dropout(p=0.1, inplace=False)
        (3): Linear(in_features=192, out_features=768, bias=True)
      )
    )
  )
)
[09/03 18:32:55][INFO] models.utils.optimizer:   82: Optimized parameters constructed. Parameters without weight decay: []
[09/03 18:32:55][INFO] datasets.base.few_shot_dataset:   97: Reading video list from file: train_few_shot.txt
[09/03 18:32:55][INFO] datasets.base.few_shot_dataset:  127: Loading HMDB51 dataset list for split 'train'...
[09/03 18:32:55][INFO] datasets.base.few_shot_dataset:   47: loaded 4280 videos from train dataset: HMDB51 !
[09/03 18:32:55][INFO] datasets.base.few_shot_dataset:  153: Dataset HMDB51 split train loaded. Length 4280.
[09/03 18:32:55][INFO] datasets.base.few_shot_dataset:   97: Reading video list from file: test_few_shot.txt
[09/03 18:32:55][INFO] datasets.base.few_shot_dataset:  127: Loading HMDB51 dataset list for split 'test'...
[09/03 18:32:55][INFO] datasets.base.few_shot_dataset:   47: loaded 1292 videos from test dataset: HMDB51 !
[09/03 18:32:55][INFO] datasets.base.few_shot_dataset:  153: Dataset HMDB51 split test loaded. Length 1292.
[09/03 18:32:55][INFO] train_net_few_shot:  330: Start epoch: 1
[09/03 18:32:55][INFO] train_net_few_shot:  363: Number of total parameters: 93401122, tunable parameters: 7604002
[09/03 18:32:55][INFO] train_net_few_shot:   89: Norm training: True
[09/03 18:32:55][INFO] train_net_few_shot:  107: Gradient accumulation: steps=8, normalize=False
[09/03 18:33:39][INFO] utils.logging:   91: {"_type": "train_iter", "iter": "100/6000", "loss": 9.353701, "lr": 0.000332, "top1_acc": 64.800001}
[09/03 18:34:21][INFO] utils.logging:   91: {"_type": "train_iter", "iter": "200/6000", "loss": 8.131274, "lr": 0.000465, "top1_acc": 66.600001}
[09/03 18:35:03][INFO] utils.logging:   91: {"_type": "train_iter", "iter": "300/6000", "loss": 6.226958, "lr": 0.000599, "top1_acc": 68.600001}
[09/03 18:35:45][INFO] utils.logging:   91: {"_type": "train_iter", "iter": "400/6000", "loss": 4.154670, "lr": 0.000732, "top1_acc": 73.200001}
[09/03 18:36:28][INFO] utils.logging:   91: {"_type": "train_iter", "iter": "500/6000", "loss": 3.082992, "lr": 0.000865, "top1_acc": 79.000001}
[09/03 18:37:10][INFO] utils.logging:   91: {"_type": "train_iter", "iter": "600/6000", "loss": 2.290983, "lr": 0.000999, "top1_acc": 85.400001}
[09/03 18:37:52][INFO] utils.logging:   91: {"_type": "train_iter", "iter": "700/6000", "loss": 2.019336, "lr": 0.001000, "top1_acc": 83.200001}
[09/03 18:38:34][INFO] utils.logging:   91: {"_type": "train_iter", "iter": "800/6000", "loss": 1.821176, "lr": 0.001000, "top1_acc": 85.800001}
[09/03 18:39:16][INFO] utils.logging:   91: {"_type": "train_iter", "iter": "900/6000", "loss": 1.803188, "lr": 0.001000, "top1_acc": 83.600001}
[09/03 18:39:58][INFO] utils.logging:   91: {"_type": "train_iter", "iter": "1000/6000", "loss": 1.663750, "lr": 0.001000, "top1_acc": 83.600001}
[09/03 18:40:40][INFO] utils.logging:   91: {"_type": "train_iter", "iter": "1100/6000", "loss": 1.491179, "lr": 0.001000, "top1_acc": 85.200001}
[09/03 18:41:22][INFO] utils.logging:   91: {"_type": "train_iter", "iter": "1200/6000", "loss": 1.350649, "lr": 0.001000, "top1_acc": 85.400001}
[09/03 18:42:05][INFO] utils.logging:   91: {"_type": "train_iter", "iter": "1300/6000", "loss": 1.257859, "lr": 0.001000, "top1_acc": 89.800001}
[09/03 18:42:47][INFO] utils.logging:   91: {"_type": "train_iter", "iter": "1400/6000", "loss": 1.403624, "lr": 0.001000, "top1_acc": 86.400001}
[09/03 18:43:29][INFO] utils.logging:   91: {"_type": "train_iter", "iter": "1500/6000", "loss": 1.204788, "lr": 0.001000, "top1_acc": 87.200001}
[09/03 18:44:11][INFO] utils.logging:   91: {"_type": "train_iter", "iter": "1600/6000", "loss": 1.243936, "lr": 0.001000, "top1_acc": 87.800001}
[09/03 18:44:53][INFO] utils.logging:   91: {"_type": "train_iter", "iter": "1700/6000", "loss": 0.951163, "lr": 0.001000, "top1_acc": 89.800001}
[09/03 18:45:35][INFO] utils.logging:   91: {"_type": "train_iter", "iter": "1800/6000", "loss": 0.962770, "lr": 0.001000, "top1_acc": 89.200001}
[09/03 18:46:17][INFO] utils.logging:   91: {"_type": "train_iter", "iter": "1900/6000", "loss": 1.085471, "lr": 0.001000, "top1_acc": 88.800001}
[09/03 18:47:12][INFO] utils.logging:   91: {"_type": "val_iter", "gpu_mem": "1.79 GB", "iter": "100/10000", "top1_acc": 76.200001}
[09/03 18:47:24][INFO] utils.logging:   91: {"_type": "val_iter", "gpu_mem": "1.79 GB", "iter": "200/10000", "top1_acc": 77.200002}
[09/03 18:47:36][INFO] utils.logging:   91: {"_type": "val_iter", "gpu_mem": "1.79 GB", "iter": "300/10000", "top1_acc": 73.800001}
[09/03 18:47:48][INFO] utils.logging:   91: {"_type": "val_iter", "gpu_mem": "1.79 GB", "iter": "400/10000", "top1_acc": 76.400001}
[09/03 18:48:00][INFO] utils.logging:   91: {"_type": "val_iter", "gpu_mem": "1.79 GB", "iter": "500/10000", "top1_acc": 76.600001}
[09/03 18:48:12][INFO] utils.logging:   91: {"_type": "val_iter", "gpu_mem": "1.79 GB", "iter": "600/10000", "top1_acc": 75.800002}
[09/03 18:48:24][INFO] utils.logging:   91: {"_type": "val_iter", "gpu_mem": "1.79 GB", "iter": "700/10000", "top1_acc": 77.200001}
[09/03 18:48:36][INFO] utils.logging:   91: {"_type": "val_iter", "gpu_mem": "1.79 GB", "iter": "800/10000", "top1_acc": 73.600002}
[09/03 18:48:48][INFO] utils.logging:   91: {"_type": "val_iter", "gpu_mem": "1.79 GB", "iter": "900/10000", "top1_acc": 75.600002}
[09/03 18:49:00][INFO] utils.logging:   91: {"_type": "val_iter", "gpu_mem": "1.79 GB", "iter": "1000/10000", "top1_acc": 74.400002}
[09/03 18:49:12][INFO] utils.logging:   91: {"_type": "val_iter", "gpu_mem": "1.79 GB", "iter": "1100/10000", "top1_acc": 74.600001}
[09/03 18:49:24][INFO] utils.logging:   91: {"_type": "val_iter", "gpu_mem": "1.79 GB", "iter": "1200/10000", "top1_acc": 73.800002}
[09/03 18:49:36][INFO] utils.logging:   91: {"_type": "val_iter", "gpu_mem": "1.79 GB", "iter": "1300/10000", "top1_acc": 74.400002}
[09/03 18:49:48][INFO] utils.logging:   91: {"_type": "val_iter", "gpu_mem": "1.79 GB", "iter": "1400/10000", "top1_acc": 77.800002}
[09/03 18:50:00][INFO] utils.logging:   91: {"_type": "val_iter", "gpu_mem": "1.79 GB", "iter": "1500/10000", "top1_acc": 77.600002}
[09/03 18:50:12][INFO] utils.logging:   91: {"_type": "val_iter", "gpu_mem": "1.79 GB", "iter": "1600/10000", "top1_acc": 76.200001}
[09/03 18:50:24][INFO] utils.logging:   91: {"_type": "val_iter", "gpu_mem": "1.79 GB", "iter": "1700/10000", "top1_acc": 74.800002}
[09/03 18:50:36][INFO] utils.logging:   91: {"_type": "val_iter", "gpu_mem": "1.79 GB", "iter": "1800/10000", "top1_acc": 73.600002}
[09/03 18:50:48][INFO] utils.logging:   91: {"_type": "val_iter", "gpu_mem": "1.79 GB", "iter": "1900/10000", "top1_acc": 80.400002}
[09/03 18:51:00][INFO] utils.logging:   91: {"_type": "val_iter", "gpu_mem": "1.79 GB", "iter": "2000/10000", "top1_acc": 78.200001}
[09/03 18:51:12][INFO] utils.logging:   91: {"_type": "val_iter", "gpu_mem": "1.79 GB", "iter": "2100/10000", "top1_acc": 75.600001}
[09/03 18:51:24][INFO] utils.logging:   91: {"_type": "val_iter", "gpu_mem": "1.79 GB", "iter": "2200/10000", "top1_acc": 74.600002}
[09/03 18:51:36][INFO] utils.logging:   91: {"_type": "val_iter", "gpu_mem": "1.79 GB", "iter": "2300/10000", "top1_acc": 78.400001}
[09/03 18:51:48][INFO] utils.logging:   91: {"_type": "val_iter", "gpu_mem": "1.79 GB", "iter": "2400/10000", "top1_acc": 74.000002}
[09/03 18:52:00][INFO] utils.logging:   91: {"_type": "val_iter", "gpu_mem": "1.79 GB", "iter": "2500/10000", "top1_acc": 75.400002}
[09/03 18:52:12][INFO] utils.logging:   91: {"_type": "val_iter", "gpu_mem": "1.79 GB", "iter": "2600/10000", "top1_acc": 76.400002}
[09/03 18:52:24][INFO] utils.logging:   91: {"_type": "val_iter", "gpu_mem": "1.79 GB", "iter": "2700/10000", "top1_acc": 76.200001}
[09/03 18:52:36][INFO] utils.logging:   91: {"_type": "val_iter", "gpu_mem": "1.79 GB", "iter": "2800/10000", "top1_acc": 77.400001}
[09/03 18:52:48][INFO] utils.logging:   91: {"_type": "val_iter", "gpu_mem": "1.79 GB", "iter": "2900/10000", "top1_acc": 72.600001}
[09/03 18:53:00][INFO] utils.logging:   91: {"_type": "val_iter", "gpu_mem": "1.79 GB", "iter": "3000/10000", "top1_acc": 81.200002}
[09/03 18:53:13][INFO] utils.logging:   91: {"_type": "val_iter", "gpu_mem": "1.79 GB", "iter": "3100/10000", "top1_acc": 74.600001}
[09/03 18:53:25][INFO] utils.logging:   91: {"_type": "val_iter", "gpu_mem": "1.79 GB", "iter": "3200/10000", "top1_acc": 79.000001}
[09/03 18:53:37][INFO] utils.logging:   91: {"_type": "val_iter", "gpu_mem": "1.79 GB", "iter": "3300/10000", "top1_acc": 76.000002}
[09/03 18:53:49][INFO] utils.logging:   91: {"_type": "val_iter", "gpu_mem": "1.79 GB", "iter": "3400/10000", "top1_acc": 73.600002}
[09/03 18:54:01][INFO] utils.logging:   91: {"_type": "val_iter", "gpu_mem": "1.79 GB", "iter": "3500/10000", "top1_acc": 75.800001}
[09/03 18:54:13][INFO] utils.logging:   91: {"_type": "val_iter", "gpu_mem": "1.79 GB", "iter": "3600/10000", "top1_acc": 76.600002}
[09/03 18:54:25][INFO] utils.logging:   91: {"_type": "val_iter", "gpu_mem": "1.79 GB", "iter": "3700/10000", "top1_acc": 78.400002}
[09/03 18:54:37][INFO] utils.logging:   91: {"_type": "val_iter", "gpu_mem": "1.79 GB", "iter": "3800/10000", "top1_acc": 78.000002}
[09/03 18:54:49][INFO] utils.logging:   91: {"_type": "val_iter", "gpu_mem": "1.79 GB", "iter": "3900/10000", "top1_acc": 75.600001}
[09/03 18:55:01][INFO] utils.logging:   91: {"_type": "val_iter", "gpu_mem": "1.79 GB", "iter": "4000/10000", "top1_acc": 78.400002}
[09/03 18:55:13][INFO] utils.logging:   91: {"_type": "val_iter", "gpu_mem": "1.79 GB", "iter": "4100/10000", "top1_acc": 75.800002}
[09/03 18:55:25][INFO] utils.logging:   91: {"_type": "val_iter", "gpu_mem": "1.79 GB", "iter": "4200/10000", "top1_acc": 77.200002}
[09/03 18:55:37][INFO] utils.logging:   91: {"_type": "val_iter", "gpu_mem": "1.79 GB", "iter": "4300/10000", "top1_acc": 74.200001}
[09/03 18:55:49][INFO] utils.logging:   91: {"_type": "val_iter", "gpu_mem": "1.79 GB", "iter": "4400/10000", "top1_acc": 75.200002}
[09/03 18:56:01][INFO] utils.logging:   91: {"_type": "val_iter", "gpu_mem": "1.79 GB", "iter": "4500/10000", "top1_acc": 73.800002}
[09/03 18:56:13][INFO] utils.logging:   91: {"_type": "val_iter", "gpu_mem": "1.79 GB", "iter": "4600/10000", "top1_acc": 73.000002}
[09/03 18:56:25][INFO] utils.logging:   91: {"_type": "val_iter", "gpu_mem": "1.79 GB", "iter": "4700/10000", "top1_acc": 73.400002}
[09/03 18:56:37][INFO] utils.logging:   91: {"_type": "val_iter", "gpu_mem": "1.79 GB", "iter": "4800/10000", "top1_acc": 74.400002}
[09/03 18:56:49][INFO] utils.logging:   91: {"_type": "val_iter", "gpu_mem": "1.79 GB", "iter": "4900/10000", "top1_acc": 76.000001}
[09/03 18:57:01][INFO] utils.logging:   91: {"_type": "val_iter", "gpu_mem": "1.79 GB", "iter": "5000/10000", "top1_acc": 75.200001}
[09/03 18:57:13][INFO] utils.logging:   91: {"_type": "val_iter", "gpu_mem": "1.79 GB", "iter": "5100/10000", "top1_acc": 77.000001}
[09/03 18:57:25][INFO] utils.logging:   91: {"_type": "val_iter", "gpu_mem": "1.79 GB", "iter": "5200/10000", "top1_acc": 77.600002}
[09/03 18:57:37][INFO] utils.logging:   91: {"_type": "val_iter", "gpu_mem": "1.79 GB", "iter": "5300/10000", "top1_acc": 75.800002}
[09/03 18:57:49][INFO] utils.logging:   91: {"_type": "val_iter", "gpu_mem": "1.79 GB", "iter": "5400/10000", "top1_acc": 72.000001}
[09/03 18:58:01][INFO] utils.logging:   91: {"_type": "val_iter", "gpu_mem": "1.79 GB", "iter": "5500/10000", "top1_acc": 72.200001}
[09/03 18:58:14][INFO] utils.logging:   91: {"_type": "val_iter", "gpu_mem": "1.79 GB", "iter": "5600/10000", "top1_acc": 78.000002}
[09/03 18:58:26][INFO] utils.logging:   91: {"_type": "val_iter", "gpu_mem": "1.79 GB", "iter": "5700/10000", "top1_acc": 76.000002}
[09/03 18:58:38][INFO] utils.logging:   91: {"_type": "val_iter", "gpu_mem": "1.79 GB", "iter": "5800/10000", "top1_acc": 76.400001}
[09/03 18:58:50][INFO] utils.logging:   91: {"_type": "val_iter", "gpu_mem": "1.79 GB", "iter": "5900/10000", "top1_acc": 73.400002}
[09/03 18:59:02][INFO] utils.logging:   91: {"_type": "val_iter", "gpu_mem": "1.79 GB", "iter": "6000/10000", "top1_acc": 73.800002}
[09/03 18:59:14][INFO] utils.logging:   91: {"_type": "val_iter", "gpu_mem": "1.79 GB", "iter": "6100/10000", "top1_acc": 77.800002}
[09/03 18:59:26][INFO] utils.logging:   91: {"_type": "val_iter", "gpu_mem": "1.79 GB", "iter": "6200/10000", "top1_acc": 77.000002}
[09/03 18:59:38][INFO] utils.logging:   91: {"_type": "val_iter", "gpu_mem": "1.79 GB", "iter": "6300/10000", "top1_acc": 73.800002}
[09/03 18:59:50][INFO] utils.logging:   91: {"_type": "val_iter", "gpu_mem": "1.79 GB", "iter": "6400/10000", "top1_acc": 72.400002}
[09/03 19:00:02][INFO] utils.logging:   91: {"_type": "val_iter", "gpu_mem": "1.79 GB", "iter": "6500/10000", "top1_acc": 75.600002}
[09/03 19:00:14][INFO] utils.logging:   91: {"_type": "val_iter", "gpu_mem": "1.79 GB", "iter": "6600/10000", "top1_acc": 72.400002}
[09/03 19:00:26][INFO] utils.logging:   91: {"_type": "val_iter", "gpu_mem": "1.79 GB", "iter": "6700/10000", "top1_acc": 72.000002}
[09/03 19:00:38][INFO] utils.logging:   91: {"_type": "val_iter", "gpu_mem": "1.79 GB", "iter": "6800/10000", "top1_acc": 78.000002}
[09/03 19:00:50][INFO] utils.logging:   91: {"_type": "val_iter", "gpu_mem": "1.79 GB", "iter": "6900/10000", "top1_acc": 80.600001}
[09/03 19:01:02][INFO] utils.logging:   91: {"_type": "val_iter", "gpu_mem": "1.79 GB", "iter": "7000/10000", "top1_acc": 75.800001}
[09/03 19:01:14][INFO] utils.logging:   91: {"_type": "val_iter", "gpu_mem": "1.79 GB", "iter": "7100/10000", "top1_acc": 73.400001}
[09/03 19:01:26][INFO] utils.logging:   91: {"_type": "val_iter", "gpu_mem": "1.79 GB", "iter": "7200/10000", "top1_acc": 75.200002}
[09/03 19:01:39][INFO] utils.logging:   91: {"_type": "val_iter", "gpu_mem": "1.79 GB", "iter": "7300/10000", "top1_acc": 72.800001}
[09/03 19:01:51][INFO] utils.logging:   91: {"_type": "val_iter", "gpu_mem": "1.79 GB", "iter": "7400/10000", "top1_acc": 77.200002}
[09/03 19:02:03][INFO] utils.logging:   91: {"_type": "val_iter", "gpu_mem": "1.79 GB", "iter": "7500/10000", "top1_acc": 77.400001}
[09/03 19:02:15][INFO] utils.logging:   91: {"_type": "val_iter", "gpu_mem": "1.79 GB", "iter": "7600/10000", "top1_acc": 79.200001}
[09/03 19:02:27][INFO] utils.logging:   91: {"_type": "val_iter", "gpu_mem": "1.79 GB", "iter": "7700/10000", "top1_acc": 76.600002}
[09/03 19:02:39][INFO] utils.logging:   91: {"_type": "val_iter", "gpu_mem": "1.79 GB", "iter": "7800/10000", "top1_acc": 72.800002}
[09/03 19:02:51][INFO] utils.logging:   91: {"_type": "val_iter", "gpu_mem": "1.79 GB", "iter": "7900/10000", "top1_acc": 73.000002}
[09/03 19:03:03][INFO] utils.logging:   91: {"_type": "val_iter", "gpu_mem": "1.79 GB", "iter": "8000/10000", "top1_acc": 73.200002}
[09/03 19:03:15][INFO] utils.logging:   91: {"_type": "val_iter", "gpu_mem": "1.79 GB", "iter": "8100/10000", "top1_acc": 75.400002}
[09/03 19:03:27][INFO] utils.logging:   91: {"_type": "val_iter", "gpu_mem": "1.79 GB", "iter": "8200/10000", "top1_acc": 81.800001}
[09/03 19:03:39][INFO] utils.logging:   91: {"_type": "val_iter", "gpu_mem": "1.79 GB", "iter": "8300/10000", "top1_acc": 78.400001}
[09/03 19:03:51][INFO] utils.logging:   91: {"_type": "val_iter", "gpu_mem": "1.79 GB", "iter": "8400/10000", "top1_acc": 78.600002}
[09/03 19:04:03][INFO] utils.logging:   91: {"_type": "val_iter", "gpu_mem": "1.79 GB", "iter": "8500/10000", "top1_acc": 75.000001}
[09/03 19:04:16][INFO] utils.logging:   91: {"_type": "val_iter", "gpu_mem": "1.79 GB", "iter": "8600/10000", "top1_acc": 76.000002}
[09/03 19:04:28][INFO] utils.logging:   91: {"_type": "val_iter", "gpu_mem": "1.79 GB", "iter": "8700/10000", "top1_acc": 74.400002}
[09/03 19:04:40][INFO] utils.logging:   91: {"_type": "val_iter", "gpu_mem": "1.79 GB", "iter": "8800/10000", "top1_acc": 75.400001}
[09/03 19:04:52][INFO] utils.logging:   91: {"_type": "val_iter", "gpu_mem": "1.79 GB", "iter": "8900/10000", "top1_acc": 74.400001}
[09/03 19:05:04][INFO] utils.logging:   91: {"_type": "val_iter", "gpu_mem": "1.79 GB", "iter": "9000/10000", "top1_acc": 77.000002}
[09/03 19:05:16][INFO] utils.logging:   91: {"_type": "val_iter", "gpu_mem": "1.79 GB", "iter": "9100/10000", "top1_acc": 74.600001}
[09/03 19:05:28][INFO] utils.logging:   91: {"_type": "val_iter", "gpu_mem": "1.79 GB", "iter": "9200/10000", "top1_acc": 81.000001}
[09/03 19:05:40][INFO] utils.logging:   91: {"_type": "val_iter", "gpu_mem": "1.79 GB", "iter": "9300/10000", "top1_acc": 76.600001}
[09/03 19:05:52][INFO] utils.logging:   91: {"_type": "val_iter", "gpu_mem": "1.79 GB", "iter": "9400/10000", "top1_acc": 72.800001}
[09/03 19:06:05][INFO] utils.logging:   91: {"_type": "val_iter", "gpu_mem": "1.79 GB", "iter": "9500/10000", "top1_acc": 77.200002}
[09/03 19:06:17][INFO] utils.logging:   91: {"_type": "val_iter", "gpu_mem": "1.79 GB", "iter": "9600/10000", "top1_acc": 76.600001}
[09/03 19:06:29][INFO] utils.logging:   91: {"_type": "val_iter", "gpu_mem": "1.79 GB", "iter": "9700/10000", "top1_acc": 76.000001}
[09/03 19:06:41][INFO] utils.logging:   91: {"_type": "val_iter", "gpu_mem": "1.79 GB", "iter": "9800/10000", "top1_acc": 77.800001}
[09/03 19:06:53][INFO] utils.logging:   91: {"_type": "val_iter", "gpu_mem": "1.79 GB", "iter": "9900/10000", "top1_acc": 78.000001}
[09/03 19:07:05][INFO] utils.logging:   91: {"_type": "val_iter", "gpu_mem": "1.79 GB", "iter": "10000/10000", "top1_acc": 75.600002}
[09/03 19:07:05][INFO] utils.logging:   91: {"RAM": "18.17/125.63 GB", "_type": "val_epoch", "epoch": "1", "gpu_mem": "1.79 GB", "top1_acc": 75.852001}
[09/03 19:07:05][INFO] train_net_few_shot:   53: Fusion weights: multi_velocity=0.019236
[09/03 19:07:05][INFO] train_net_few_shot:   73: Multi-velocity matcher: motion_delta=0.028525717556476593, velocity_weights=[0.4694128632545471, 0.5305871367454529], logit_delta=4.290499687194824
[09/03 19:07:05][INFO] train_net_few_shot:  145: New best validation accuracy: 75.8520; checkpoint=output/HMDB51_MULTI_VELOCITY/checkpoints/checkpoint_best.pyth
[09/03 19:07:06][INFO] utils.logging:   91: {"_type": "train_iter", "iter": "2000/6000", "loss": 1.063190, "lr": 0.001000, "top1_acc": 87.400001}
[09/03 19:07:48][INFO] utils.logging:   91: {"_type": "train_iter", "iter": "2100/6000", "loss": 0.752785, "lr": 0.001000, "top1_acc": 91.800001}
[09/03 19:08:30][INFO] utils.logging:   91: {"_type": "train_iter", "iter": "2200/6000", "loss": 0.942878, "lr": 0.001000, "top1_acc": 88.600001}
[09/03 19:09:13][INFO] utils.logging:   91: {"_type": "train_iter", "iter": "2300/6000", "loss": 0.810246, "lr": 0.001000, "top1_acc": 90.600001}
[09/03 19:09:55][INFO] utils.logging:   91: {"_type": "train_iter", "iter": "2400/6000", "loss": 0.725677, "lr": 0.001000, "top1_acc": 94.400001}
[09/03 19:10:37][INFO] utils.logging:   91: {"_type": "train_iter", "iter": "2500/6000", "loss": 0.671142, "lr": 0.001000, "top1_acc": 92.000001}
[09/03 19:11:20][INFO] utils.logging:   91: {"_type": "train_iter", "iter": "2600/6000", "loss": 0.768668, "lr": 0.001000, "top1_acc": 89.400001}
[09/03 19:12:02][INFO] utils.logging:   91: {"_type": "train_iter", "iter": "2700/6000", "loss": 0.689511, "lr": 0.001000, "top1_acc": 92.600001}
[09/03 19:12:44][INFO] utils.logging:   91: {"_type": "train_iter", "iter": "2800/6000", "loss": 0.755955, "lr": 0.001000, "top1_acc": 92.800001}
[09/03 19:13:27][INFO] utils.logging:   91: {"_type": "train_iter", "iter": "2900/6000", "loss": 0.711397, "lr": 0.001000, "top1_acc": 91.400001}
[09/03 19:14:09][INFO] utils.logging:   91: {"_type": "train_iter", "iter": "3000/6000", "loss": 0.839459, "lr": 0.001000, "top1_acc": 90.400001}
[09/03 19:14:51][INFO] utils.logging:   91: {"_type": "train_iter", "iter": "3100/6000", "loss": 0.611569, "lr": 0.000500, "top1_acc": 91.200001}
[09/03 19:15:34][INFO] utils.logging:   91: {"_type": "train_iter", "iter": "3200/6000", "loss": 0.446646, "lr": 0.000500, "top1_acc": 94.800000}
[09/03 19:16:16][INFO] utils.logging:   91: {"_type": "train_iter", "iter": "3300/6000", "loss": 0.425000, "lr": 0.000500, "top1_acc": 94.200001}
[09/03 19:16:58][INFO] utils.logging:   91: {"_type": "train_iter", "iter": "3400/6000", "loss": 0.465880, "lr": 0.000500, "top1_acc": 92.600001}
[09/03 19:17:41][INFO] utils.logging:   91: {"_type": "train_iter", "iter": "3500/6000", "loss": 0.358153, "lr": 0.000500, "top1_acc": 93.000001}
[09/03 19:18:23][INFO] utils.logging:   91: {"_type": "train_iter", "iter": "3600/6000", "loss": 0.360411, "lr": 0.000500, "top1_acc": 94.600000}
[09/03 19:19:05][INFO] utils.logging:   91: {"_type": "train_iter", "iter": "3700/6000", "loss": 0.352099, "lr": 0.000500, "top1_acc": 94.600001}
[09/03 19:19:48][INFO] utils.logging:   91: {"_type": "train_iter", "iter": "3800/6000", "loss": 0.401800, "lr": 0.000500, "top1_acc": 93.800001}
[09/03 19:20:30][INFO] utils.logging:   91: {"_type": "train_iter", "iter": "3900/6000", "loss": 0.484464, "lr": 0.000500, "top1_acc": 93.200001}
[09/03 19:21:25][INFO] utils.logging:   91: {"_type": "val_iter", "gpu_mem": "1.79 GB", "iter": "100/10000", "top1_acc": 77.600001}
[09/03 19:21:37][INFO] utils.logging:   91: {"_type": "val_iter", "gpu_mem": "1.79 GB", "iter": "200/10000", "top1_acc": 76.000001}
[09/03 19:21:49][INFO] utils.logging:   91: {"_type": "val_iter", "gpu_mem": "1.79 GB", "iter": "300/10000", "top1_acc": 73.000001}
[09/03 19:22:01][INFO] utils.logging:   91: {"_type": "val_iter", "gpu_mem": "1.79 GB", "iter": "400/10000", "top1_acc": 77.400001}
[09/03 19:22:13][INFO] utils.logging:   91: {"_type": "val_iter", "gpu_mem": "1.79 GB", "iter": "500/10000", "top1_acc": 76.600001}
[09/03 19:22:25][INFO] utils.logging:   91: {"_type": "val_iter", "gpu_mem": "1.79 GB", "iter": "600/10000", "top1_acc": 79.000001}
[09/03 19:22:37][INFO] utils.logging:   91: {"_type": "val_iter", "gpu_mem": "1.79 GB", "iter": "700/10000", "top1_acc": 77.800001}
[09/03 19:22:49][INFO] utils.logging:   91: {"_type": "val_iter", "gpu_mem": "1.79 GB", "iter": "800/10000", "top1_acc": 73.600002}
[09/03 19:23:01][INFO] utils.logging:   91: {"_type": "val_iter", "gpu_mem": "1.79 GB", "iter": "900/10000", "top1_acc": 73.400002}
[09/03 19:23:13][INFO] utils.logging:   91: {"_type": "val_iter", "gpu_mem": "1.79 GB", "iter": "1000/10000", "top1_acc": 73.600002}
[09/03 19:23:26][INFO] utils.logging:   91: {"_type": "val_iter", "gpu_mem": "1.79 GB", "iter": "1100/10000", "top1_acc": 75.000002}
[09/03 19:23:38][INFO] utils.logging:   91: {"_type": "val_iter", "gpu_mem": "1.79 GB", "iter": "1200/10000", "top1_acc": 72.800001}
[09/03 19:23:50][INFO] utils.logging:   91: {"_type": "val_iter", "gpu_mem": "1.79 GB", "iter": "1300/10000", "top1_acc": 74.600001}
[09/03 19:24:02][INFO] utils.logging:   91: {"_type": "val_iter", "gpu_mem": "1.79 GB", "iter": "1400/10000", "top1_acc": 78.400001}
[09/03 19:24:14][INFO] utils.logging:   91: {"_type": "val_iter", "gpu_mem": "1.79 GB", "iter": "1500/10000", "top1_acc": 78.600002}
[09/03 19:24:26][INFO] utils.logging:   91: {"_type": "val_iter", "gpu_mem": "1.79 GB", "iter": "1600/10000", "top1_acc": 77.200001}
[09/03 19:24:38][INFO] utils.logging:   91: {"_type": "val_iter", "gpu_mem": "1.79 GB", "iter": "1700/10000", "top1_acc": 76.400002}
[09/03 19:24:50][INFO] utils.logging:   91: {"_type": "val_iter", "gpu_mem": "1.79 GB", "iter": "1800/10000", "top1_acc": 74.600002}
[09/03 19:25:02][INFO] utils.logging:   91: {"_type": "val_iter", "gpu_mem": "1.79 GB", "iter": "1900/10000", "top1_acc": 80.600001}
[09/03 19:25:15][INFO] utils.logging:   91: {"_type": "val_iter", "gpu_mem": "1.79 GB", "iter": "2000/10000", "top1_acc": 79.000001}
[09/03 19:25:27][INFO] utils.logging:   91: {"_type": "val_iter", "gpu_mem": "1.79 GB", "iter": "2100/10000", "top1_acc": 76.600001}
[09/03 19:25:39][INFO] utils.logging:   91: {"_type": "val_iter", "gpu_mem": "1.79 GB", "iter": "2200/10000", "top1_acc": 76.600001}
[09/03 19:25:51][INFO] utils.logging:   91: {"_type": "val_iter", "gpu_mem": "1.79 GB", "iter": "2300/10000", "top1_acc": 77.200002}
[09/03 19:26:03][INFO] utils.logging:   91: {"_type": "val_iter", "gpu_mem": "1.79 GB", "iter": "2400/10000", "top1_acc": 75.000002}
[09/03 19:26:15][INFO] utils.logging:   91: {"_type": "val_iter", "gpu_mem": "1.79 GB", "iter": "2500/10000", "top1_acc": 75.200002}
[09/03 19:26:27][INFO] utils.logging:   91: {"_type": "val_iter", "gpu_mem": "1.79 GB", "iter": "2600/10000", "top1_acc": 76.000002}
[09/03 19:26:39][INFO] utils.logging:   91: {"_type": "val_iter", "gpu_mem": "1.79 GB", "iter": "2700/10000", "top1_acc": 79.600002}
[09/03 19:26:52][INFO] utils.logging:   91: {"_type": "val_iter", "gpu_mem": "1.79 GB", "iter": "2800/10000", "top1_acc": 75.600001}
[09/03 19:27:04][INFO] utils.logging:   91: {"_type": "val_iter", "gpu_mem": "1.79 GB", "iter": "2900/10000", "top1_acc": 73.400001}
[09/03 19:27:16][INFO] utils.logging:   91: {"_type": "val_iter", "gpu_mem": "1.79 GB", "iter": "3000/10000", "top1_acc": 81.000002}
[09/03 19:27:28][INFO] utils.logging:   91: {"_type": "val_iter", "gpu_mem": "1.79 GB", "iter": "3100/10000", "top1_acc": 76.200002}
[09/03 19:27:40][INFO] utils.logging:   91: {"_type": "val_iter", "gpu_mem": "1.79 GB", "iter": "3200/10000", "top1_acc": 77.600001}
[09/03 19:27:52][INFO] utils.logging:   91: {"_type": "val_iter", "gpu_mem": "1.79 GB", "iter": "3300/10000", "top1_acc": 76.200001}
[09/03 19:28:04][INFO] utils.logging:   91: {"_type": "val_iter", "gpu_mem": "1.79 GB", "iter": "3400/10000", "top1_acc": 74.200001}
[09/03 19:28:16][INFO] utils.logging:   91: {"_type": "val_iter", "gpu_mem": "1.79 GB", "iter": "3500/10000", "top1_acc": 76.800002}
[09/03 19:28:29][INFO] utils.logging:   91: {"_type": "val_iter", "gpu_mem": "1.79 GB", "iter": "3600/10000", "top1_acc": 73.600001}
[09/03 19:28:41][INFO] utils.logging:   91: {"_type": "val_iter", "gpu_mem": "1.79 GB", "iter": "3700/10000", "top1_acc": 76.400002}
[09/03 19:28:53][INFO] utils.logging:   91: {"_type": "val_iter", "gpu_mem": "1.79 GB", "iter": "3800/10000", "top1_acc": 78.800001}
[09/03 19:29:05][INFO] utils.logging:   91: {"_type": "val_iter", "gpu_mem": "1.79 GB", "iter": "3900/10000", "top1_acc": 74.600001}
[09/03 19:29:17][INFO] utils.logging:   91: {"_type": "val_iter", "gpu_mem": "1.79 GB", "iter": "4000/10000", "top1_acc": 77.000002}
[09/03 19:29:29][INFO] utils.logging:   91: {"_type": "val_iter", "gpu_mem": "1.79 GB", "iter": "4100/10000", "top1_acc": 77.000002}
[09/03 19:29:41][INFO] utils.logging:   91: {"_type": "val_iter", "gpu_mem": "1.79 GB", "iter": "4200/10000", "top1_acc": 74.600002}
[09/03 19:29:54][INFO] utils.logging:   91: {"_type": "val_iter", "gpu_mem": "1.79 GB", "iter": "4300/10000", "top1_acc": 76.400002}
[09/03 19:30:06][INFO] utils.logging:   91: {"_type": "val_iter", "gpu_mem": "1.79 GB", "iter": "4400/10000", "top1_acc": 74.800002}
[09/03 19:30:18][INFO] utils.logging:   91: {"_type": "val_iter", "gpu_mem": "1.79 GB", "iter": "4500/10000", "top1_acc": 74.000002}
[09/03 19:30:30][INFO] utils.logging:   91: {"_type": "val_iter", "gpu_mem": "1.79 GB", "iter": "4600/10000", "top1_acc": 74.200001}
[09/03 19:30:42][INFO] utils.logging:   91: {"_type": "val_iter", "gpu_mem": "1.79 GB", "iter": "4700/10000", "top1_acc": 73.600002}
[09/03 19:30:54][INFO] utils.logging:   91: {"_type": "val_iter", "gpu_mem": "1.79 GB", "iter": "4800/10000", "top1_acc": 72.800001}
[09/03 19:31:06][INFO] utils.logging:   91: {"_type": "val_iter", "gpu_mem": "1.79 GB", "iter": "4900/10000", "top1_acc": 77.000001}
[09/03 19:31:19][INFO] utils.logging:   91: {"_type": "val_iter", "gpu_mem": "1.79 GB", "iter": "5000/10000", "top1_acc": 76.200002}
[09/03 19:31:31][INFO] utils.logging:   91: {"_type": "val_iter", "gpu_mem": "1.79 GB", "iter": "5100/10000", "top1_acc": 78.000002}
[09/03 19:31:43][INFO] utils.logging:   91: {"_type": "val_iter", "gpu_mem": "1.79 GB", "iter": "5200/10000", "top1_acc": 79.200001}
[09/03 19:31:55][INFO] utils.logging:   91: {"_type": "val_iter", "gpu_mem": "1.79 GB", "iter": "5300/10000", "top1_acc": 76.400002}
[09/03 19:32:07][INFO] utils.logging:   91: {"_type": "val_iter", "gpu_mem": "1.79 GB", "iter": "5400/10000", "top1_acc": 75.600001}
[09/03 19:32:19][INFO] utils.logging:   91: {"_type": "val_iter", "gpu_mem": "1.79 GB", "iter": "5500/10000", "top1_acc": 73.800001}
[09/03 19:32:31][INFO] utils.logging:   91: {"_type": "val_iter", "gpu_mem": "1.79 GB", "iter": "5600/10000", "top1_acc": 77.600002}
[09/03 19:32:44][INFO] utils.logging:   91: {"_type": "val_iter", "gpu_mem": "1.79 GB", "iter": "5700/10000", "top1_acc": 76.600001}
[09/03 19:32:56][INFO] utils.logging:   91: {"_type": "val_iter", "gpu_mem": "1.79 GB", "iter": "5800/10000", "top1_acc": 76.200002}
[09/03 19:33:08][INFO] utils.logging:   91: {"_type": "val_iter", "gpu_mem": "1.79 GB", "iter": "5900/10000", "top1_acc": 77.000001}
[09/03 19:33:20][INFO] utils.logging:   91: {"_type": "val_iter", "gpu_mem": "1.79 GB", "iter": "6000/10000", "top1_acc": 74.400002}
[09/03 19:33:32][INFO] utils.logging:   91: {"_type": "val_iter", "gpu_mem": "1.79 GB", "iter": "6100/10000", "top1_acc": 75.600002}
[09/03 19:33:44][INFO] utils.logging:   91: {"_type": "val_iter", "gpu_mem": "1.79 GB", "iter": "6200/10000", "top1_acc": 76.600002}
[09/03 19:33:56][INFO] utils.logging:   91: {"_type": "val_iter", "gpu_mem": "1.79 GB", "iter": "6300/10000", "top1_acc": 73.400002}
[09/03 19:34:09][INFO] utils.logging:   91: {"_type": "val_iter", "gpu_mem": "1.79 GB", "iter": "6400/10000", "top1_acc": 75.200002}
[09/03 19:34:21][INFO] utils.logging:   91: {"_type": "val_iter", "gpu_mem": "1.79 GB", "iter": "6500/10000", "top1_acc": 75.600002}
[09/03 19:34:33][INFO] utils.logging:   91: {"_type": "val_iter", "gpu_mem": "1.79 GB", "iter": "6600/10000", "top1_acc": 72.400001}
[09/03 19:34:45][INFO] utils.logging:   91: {"_type": "val_iter", "gpu_mem": "1.79 GB", "iter": "6700/10000", "top1_acc": 71.600001}
[09/03 19:34:57][INFO] utils.logging:   91: {"_type": "val_iter", "gpu_mem": "1.79 GB", "iter": "6800/10000", "top1_acc": 79.200002}
[09/03 19:35:09][INFO] utils.logging:   91: {"_type": "val_iter", "gpu_mem": "1.79 GB", "iter": "6900/10000", "top1_acc": 78.200002}
[09/03 19:35:22][INFO] utils.logging:   91: {"_type": "val_iter", "gpu_mem": "1.79 GB", "iter": "7000/10000", "top1_acc": 75.200002}
[09/03 19:35:34][INFO] utils.logging:   91: {"_type": "val_iter", "gpu_mem": "1.79 GB", "iter": "7100/10000", "top1_acc": 74.200001}
[09/03 19:35:46][INFO] utils.logging:   91: {"_type": "val_iter", "gpu_mem": "1.79 GB", "iter": "7200/10000", "top1_acc": 76.600001}
[09/03 19:35:58][INFO] utils.logging:   91: {"_type": "val_iter", "gpu_mem": "1.79 GB", "iter": "7300/10000", "top1_acc": 72.200001}
[09/03 19:36:10][INFO] utils.logging:   91: {"_type": "val_iter", "gpu_mem": "1.79 GB", "iter": "7400/10000", "top1_acc": 80.200001}
[09/03 19:36:22][INFO] utils.logging:   91: {"_type": "val_iter", "gpu_mem": "1.79 GB", "iter": "7500/10000", "top1_acc": 76.200002}
[09/03 19:36:34][INFO] utils.logging:   91: {"_type": "val_iter", "gpu_mem": "1.79 GB", "iter": "7600/10000", "top1_acc": 81.000001}
[09/03 19:36:47][INFO] utils.logging:   91: {"_type": "val_iter", "gpu_mem": "1.79 GB", "iter": "7700/10000", "top1_acc": 75.600002}
[09/03 19:36:59][INFO] utils.logging:   91: {"_type": "val_iter", "gpu_mem": "1.79 GB", "iter": "7800/10000", "top1_acc": 74.800001}
[09/03 19:37:11][INFO] utils.logging:   91: {"_type": "val_iter", "gpu_mem": "1.79 GB", "iter": "7900/10000", "top1_acc": 75.000002}
[09/03 19:37:23][INFO] utils.logging:   91: {"_type": "val_iter", "gpu_mem": "1.79 GB", "iter": "8000/10000", "top1_acc": 73.200002}
[09/03 19:37:35][INFO] utils.logging:   91: {"_type": "val_iter", "gpu_mem": "1.79 GB", "iter": "8100/10000", "top1_acc": 74.600002}
[09/03 19:37:47][INFO] utils.logging:   91: {"_type": "val_iter", "gpu_mem": "1.79 GB", "iter": "8200/10000", "top1_acc": 79.400001}
[09/03 19:38:00][INFO] utils.logging:   91: {"_type": "val_iter", "gpu_mem": "1.79 GB", "iter": "8300/10000", "top1_acc": 79.200001}
[09/03 19:38:12][INFO] utils.logging:   91: {"_type": "val_iter", "gpu_mem": "1.79 GB", "iter": "8400/10000", "top1_acc": 78.600001}
[09/03 19:38:24][INFO] utils.logging:   91: {"_type": "val_iter", "gpu_mem": "1.79 GB", "iter": "8500/10000", "top1_acc": 75.600002}
[09/03 19:38:36][INFO] utils.logging:   91: {"_type": "val_iter", "gpu_mem": "1.79 GB", "iter": "8600/10000", "top1_acc": 77.200002}
[09/03 19:38:48][INFO] utils.logging:   91: {"_type": "val_iter", "gpu_mem": "1.79 GB", "iter": "8700/10000", "top1_acc": 75.000001}
[09/03 19:39:00][INFO] utils.logging:   91: {"_type": "val_iter", "gpu_mem": "1.79 GB", "iter": "8800/10000", "top1_acc": 75.600001}
[09/03 19:39:13][INFO] utils.logging:   91: {"_type": "val_iter", "gpu_mem": "1.79 GB", "iter": "8900/10000", "top1_acc": 74.400001}
[09/03 19:39:25][INFO] utils.logging:   91: {"_type": "val_iter", "gpu_mem": "1.79 GB", "iter": "9000/10000", "top1_acc": 77.000001}
[09/03 19:39:37][INFO] utils.logging:   91: {"_type": "val_iter", "gpu_mem": "1.79 GB", "iter": "9100/10000", "top1_acc": 78.800001}
[09/03 19:39:49][INFO] utils.logging:   91: {"_type": "val_iter", "gpu_mem": "1.79 GB", "iter": "9200/10000", "top1_acc": 79.000002}
[09/03 19:40:01][INFO] utils.logging:   91: {"_type": "val_iter", "gpu_mem": "1.79 GB", "iter": "9300/10000", "top1_acc": 77.800001}
[09/03 19:40:13][INFO] utils.logging:   91: {"_type": "val_iter", "gpu_mem": "1.79 GB", "iter": "9400/10000", "top1_acc": 75.000001}
[09/03 19:40:26][INFO] utils.logging:   91: {"_type": "val_iter", "gpu_mem": "1.79 GB", "iter": "9500/10000", "top1_acc": 77.400001}
[09/03 19:40:38][INFO] utils.logging:   91: {"_type": "val_iter", "gpu_mem": "1.79 GB", "iter": "9600/10000", "top1_acc": 77.600001}
[09/03 19:40:50][INFO] utils.logging:   91: {"_type": "val_iter", "gpu_mem": "1.79 GB", "iter": "9700/10000", "top1_acc": 77.200002}
[09/03 19:41:02][INFO] utils.logging:   91: {"_type": "val_iter", "gpu_mem": "1.79 GB", "iter": "9800/10000", "top1_acc": 80.400001}
[09/03 19:41:14][INFO] utils.logging:   91: {"_type": "val_iter", "gpu_mem": "1.79 GB", "iter": "9900/10000", "top1_acc": 77.200001}
[09/03 19:41:27][INFO] utils.logging:   91: {"_type": "val_iter", "gpu_mem": "1.79 GB", "iter": "10000/10000", "top1_acc": 75.600001}
[09/03 19:41:27][INFO] utils.logging:   91: {"RAM": "17.33/125.63 GB", "_type": "val_epoch", "epoch": "2", "gpu_mem": "1.79 GB", "top1_acc": 76.228001}
[09/03 19:41:27][INFO] train_net_few_shot:   53: Fusion weights: multi_velocity=0.018919
[09/03 19:41:27][INFO] train_net_few_shot:   73: Multi-velocity matcher: motion_delta=0.028513949364423752, velocity_weights=[0.4485595226287842, 0.551440417766571], logit_delta=4.25001335144043
[09/03 19:41:28][INFO] train_net_few_shot:  145: New best validation accuracy: 76.2280; checkpoint=output/HMDB51_MULTI_VELOCITY/checkpoints/checkpoint_best.pyth
[09/03 19:41:29][INFO] utils.logging:   91: {"_type": "train_iter", "iter": "4000/6000", "loss": 0.366177, "lr": 0.000500, "top1_acc": 94.800000}
[09/03 19:42:11][INFO] utils.logging:   91: {"_type": "train_iter", "iter": "4100/6000", "loss": 0.409273, "lr": 0.000500, "top1_acc": 95.200000}
[09/03 19:42:54][INFO] utils.logging:   91: {"_type": "train_iter", "iter": "4200/6000", "loss": 0.360170, "lr": 0.000500, "top1_acc": 95.400000}
[09/03 19:43:36][INFO] utils.logging:   91: {"_type": "train_iter", "iter": "4300/6000", "loss": 0.285348, "lr": 0.000100, "top1_acc": 95.800000}
[09/03 19:44:18][INFO] utils.logging:   91: {"_type": "train_iter", "iter": "4400/6000", "loss": 0.346336, "lr": 0.000100, "top1_acc": 95.200000}
[09/03 19:45:01][INFO] utils.logging:   91: {"_type": "train_iter", "iter": "4500/6000", "loss": 0.286071, "lr": 0.000100, "top1_acc": 96.800000}
[09/03 19:45:43][INFO] utils.logging:   91: {"_type": "train_iter", "iter": "4600/6000", "loss": 0.291161, "lr": 0.000100, "top1_acc": 95.400000}
[09/03 19:46:26][INFO] utils.logging:   91: {"_type": "train_iter", "iter": "4700/6000", "loss": 0.282932, "lr": 0.000100, "top1_acc": 95.400000}
[09/03 19:47:08][INFO] utils.logging:   91: {"_type": "train_iter", "iter": "4800/6000", "loss": 0.241242, "lr": 0.000100, "top1_acc": 94.800000}
[09/03 19:47:51][INFO] utils.logging:   91: {"_type": "train_iter", "iter": "4900/6000", "loss": 0.247588, "lr": 0.000100, "top1_acc": 97.000000}
[09/03 19:48:33][INFO] utils.logging:   91: {"_type": "train_iter", "iter": "5000/6000", "loss": 0.237708, "lr": 0.000100, "top1_acc": 95.800000}
[09/03 19:49:15][INFO] utils.logging:   91: {"_type": "train_iter", "iter": "5100/6000", "loss": 0.286148, "lr": 0.000100, "top1_acc": 95.200000}
[09/03 19:49:58][INFO] utils.logging:   91: {"_type": "train_iter", "iter": "5200/6000", "loss": 0.317003, "lr": 0.000100, "top1_acc": 95.000000}
[09/03 19:50:40][INFO] utils.logging:   91: {"_type": "train_iter", "iter": "5300/6000", "loss": 0.236655, "lr": 0.000100, "top1_acc": 94.400001}
[09/03 19:51:23][INFO] utils.logging:   91: {"_type": "train_iter", "iter": "5400/6000", "loss": 0.191523, "lr": 0.000100, "top1_acc": 96.200000}
[09/03 19:52:05][INFO] utils.logging:   91: {"_type": "train_iter", "iter": "5500/6000", "loss": 0.307819, "lr": 0.000050, "top1_acc": 94.400001}
[09/03 19:52:47][INFO] utils.logging:   91: {"_type": "train_iter", "iter": "5600/6000", "loss": 0.174999, "lr": 0.000050, "top1_acc": 97.200000}
[09/03 19:53:30][INFO] utils.logging:   91: {"_type": "train_iter", "iter": "5700/6000", "loss": 0.204210, "lr": 0.000050, "top1_acc": 97.200000}
[09/03 19:54:12][INFO] utils.logging:   91: {"_type": "train_iter", "iter": "5800/6000", "loss": 0.213837, "lr": 0.000050, "top1_acc": 96.800000}
[09/03 19:54:55][INFO] utils.logging:   91: {"_type": "train_iter", "iter": "5900/6000", "loss": 0.185285, "lr": 0.000050, "top1_acc": 95.800000}
[09/03 19:55:49][INFO] utils.logging:   91: {"_type": "val_iter", "gpu_mem": "1.79 GB", "iter": "100/10000", "top1_acc": 75.600001}
[09/03 19:56:01][INFO] utils.logging:   91: {"_type": "val_iter", "gpu_mem": "1.79 GB", "iter": "200/10000", "top1_acc": 77.200001}
[09/03 19:56:13][INFO] utils.logging:   91: {"_type": "val_iter", "gpu_mem": "1.79 GB", "iter": "300/10000", "top1_acc": 73.000001}
[09/03 19:56:25][INFO] utils.logging:   91: {"_type": "val_iter", "gpu_mem": "1.79 GB", "iter": "400/10000", "top1_acc": 76.400001}
[09/03 19:56:38][INFO] utils.logging:   91: {"_type": "val_iter", "gpu_mem": "1.79 GB", "iter": "500/10000", "top1_acc": 75.800001}
[09/03 19:56:50][INFO] utils.logging:   91: {"_type": "val_iter", "gpu_mem": "1.79 GB", "iter": "600/10000", "top1_acc": 76.000001}
[09/03 19:57:02][INFO] utils.logging:   91: {"_type": "val_iter", "gpu_mem": "1.79 GB", "iter": "700/10000", "top1_acc": 75.600001}
[09/03 19:57:14][INFO] utils.logging:   91: {"_type": "val_iter", "gpu_mem": "1.79 GB", "iter": "800/10000", "top1_acc": 72.400002}
[09/03 19:57:26][INFO] utils.logging:   91: {"_type": "val_iter", "gpu_mem": "1.79 GB", "iter": "900/10000", "top1_acc": 74.800002}
[09/03 19:57:38][INFO] utils.logging:   91: {"_type": "val_iter", "gpu_mem": "1.79 GB", "iter": "1000/10000", "top1_acc": 74.000001}
[09/03 19:57:50][INFO] utils.logging:   91: {"_type": "val_iter", "gpu_mem": "1.79 GB", "iter": "1100/10000", "top1_acc": 75.400002}
[09/03 19:58:02][INFO] utils.logging:   91: {"_type": "val_iter", "gpu_mem": "1.79 GB", "iter": "1200/10000", "top1_acc": 73.400002}
[09/03 19:58:15][INFO] utils.logging:   91: {"_type": "val_iter", "gpu_mem": "1.79 GB", "iter": "1300/10000", "top1_acc": 71.000002}
[09/03 19:58:27][INFO] utils.logging:   91: {"_type": "val_iter", "gpu_mem": "1.79 GB", "iter": "1400/10000", "top1_acc": 74.800001}
[09/03 19:58:39][INFO] utils.logging:   91: {"_type": "val_iter", "gpu_mem": "1.79 GB", "iter": "1500/10000", "top1_acc": 78.000001}
[09/03 19:58:51][INFO] utils.logging:   91: {"_type": "val_iter", "gpu_mem": "1.79 GB", "iter": "1600/10000", "top1_acc": 77.400001}
[09/03 19:59:03][INFO] utils.logging:   91: {"_type": "val_iter", "gpu_mem": "1.79 GB", "iter": "1700/10000", "top1_acc": 75.400002}
[09/03 19:59:15][INFO] utils.logging:   91: {"_type": "val_iter", "gpu_mem": "1.79 GB", "iter": "1800/10000", "top1_acc": 71.800002}
[09/03 19:59:27][INFO] utils.logging:   91: {"_type": "val_iter", "gpu_mem": "1.79 GB", "iter": "1900/10000", "top1_acc": 78.400001}
[09/03 19:59:39][INFO] utils.logging:   91: {"_type": "val_iter", "gpu_mem": "1.79 GB", "iter": "2000/10000", "top1_acc": 76.000001}
[09/03 19:59:52][INFO] utils.logging:   91: {"_type": "val_iter", "gpu_mem": "1.79 GB", "iter": "2100/10000", "top1_acc": 76.000002}
[09/03 20:00:04][INFO] utils.logging:   91: {"_type": "val_iter", "gpu_mem": "1.79 GB", "iter": "2200/10000", "top1_acc": 76.800001}
[09/03 20:00:16][INFO] utils.logging:   91: {"_type": "val_iter", "gpu_mem": "1.79 GB", "iter": "2300/10000", "top1_acc": 77.000001}
[09/03 20:00:28][INFO] utils.logging:   91: {"_type": "val_iter", "gpu_mem": "1.79 GB", "iter": "2400/10000", "top1_acc": 74.200002}
[09/03 20:00:40][INFO] utils.logging:   91: {"_type": "val_iter", "gpu_mem": "1.79 GB", "iter": "2500/10000", "top1_acc": 75.200002}
[09/03 20:00:52][INFO] utils.logging:   91: {"_type": "val_iter", "gpu_mem": "1.79 GB", "iter": "2600/10000", "top1_acc": 75.000001}
[09/03 20:01:04][INFO] utils.logging:   91: {"_type": "val_iter", "gpu_mem": "1.79 GB", "iter": "2700/10000", "top1_acc": 78.800001}
[09/03 20:01:16][INFO] utils.logging:   91: {"_type": "val_iter", "gpu_mem": "1.79 GB", "iter": "2800/10000", "top1_acc": 73.800001}
[09/03 20:01:29][INFO] utils.logging:   91: {"_type": "val_iter", "gpu_mem": "1.79 GB", "iter": "2900/10000", "top1_acc": 73.200002}
[09/03 20:01:41][INFO] utils.logging:   91: {"_type": "val_iter", "gpu_mem": "1.79 GB", "iter": "3000/10000", "top1_acc": 79.200002}
[09/03 20:01:53][INFO] utils.logging:   91: {"_type": "val_iter", "gpu_mem": "1.79 GB", "iter": "3100/10000", "top1_acc": 74.200002}
[09/03 20:02:05][INFO] utils.logging:   91: {"_type": "val_iter", "gpu_mem": "1.79 GB", "iter": "3200/10000", "top1_acc": 76.400001}
[09/03 20:02:17][INFO] utils.logging:   91: {"_type": "val_iter", "gpu_mem": "1.79 GB", "iter": "3300/10000", "top1_acc": 76.000001}
[09/03 20:02:29][INFO] utils.logging:   91: {"_type": "val_iter", "gpu_mem": "1.79 GB", "iter": "3400/10000", "top1_acc": 73.200001}
[09/03 20:02:41][INFO] utils.logging:   91: {"_type": "val_iter", "gpu_mem": "1.79 GB", "iter": "3500/10000", "top1_acc": 76.200001}
[09/03 20:02:53][INFO] utils.logging:   91: {"_type": "val_iter", "gpu_mem": "1.79 GB", "iter": "3600/10000", "top1_acc": 76.000002}
[09/03 20:03:06][INFO] utils.logging:   91: {"_type": "val_iter", "gpu_mem": "1.79 GB", "iter": "3700/10000", "top1_acc": 78.000002}
[09/03 20:03:18][INFO] utils.logging:   91: {"_type": "val_iter", "gpu_mem": "1.79 GB", "iter": "3800/10000", "top1_acc": 78.000001}
[09/03 20:03:30][INFO] utils.logging:   91: {"_type": "val_iter", "gpu_mem": "1.79 GB", "iter": "3900/10000", "top1_acc": 74.800001}
[09/03 20:03:42][INFO] utils.logging:   91: {"_type": "val_iter", "gpu_mem": "1.79 GB", "iter": "4000/10000", "top1_acc": 76.000001}
[09/03 20:03:54][INFO] utils.logging:   91: {"_type": "val_iter", "gpu_mem": "1.79 GB", "iter": "4100/10000", "top1_acc": 76.400001}
[09/03 20:04:06][INFO] utils.logging:   91: {"_type": "val_iter", "gpu_mem": "1.79 GB", "iter": "4200/10000", "top1_acc": 73.800001}
[09/03 20:04:18][INFO] utils.logging:   91: {"_type": "val_iter", "gpu_mem": "1.79 GB", "iter": "4300/10000", "top1_acc": 73.200001}
[09/03 20:04:31][INFO] utils.logging:   91: {"_type": "val_iter", "gpu_mem": "1.79 GB", "iter": "4400/10000", "top1_acc": 73.600001}
[09/03 20:04:43][INFO] utils.logging:   91: {"_type": "val_iter", "gpu_mem": "1.79 GB", "iter": "4500/10000", "top1_acc": 72.800001}
[09/03 20:04:55][INFO] utils.logging:   91: {"_type": "val_iter", "gpu_mem": "1.79 GB", "iter": "4600/10000", "top1_acc": 73.600002}
[09/03 20:05:07][INFO] utils.logging:   91: {"_type": "val_iter", "gpu_mem": "1.79 GB", "iter": "4700/10000", "top1_acc": 73.600002}
[09/03 20:05:19][INFO] utils.logging:   91: {"_type": "val_iter", "gpu_mem": "1.79 GB", "iter": "4800/10000", "top1_acc": 75.200002}
[09/03 20:05:31][INFO] utils.logging:   91: {"_type": "val_iter", "gpu_mem": "1.79 GB", "iter": "4900/10000", "top1_acc": 75.400001}
[09/03 20:05:43][INFO] utils.logging:   91: {"_type": "val_iter", "gpu_mem": "1.79 GB", "iter": "5000/10000", "top1_acc": 75.000001}
[09/03 20:05:55][INFO] utils.logging:   91: {"_type": "val_iter", "gpu_mem": "1.79 GB", "iter": "5100/10000", "top1_acc": 75.400002}
[09/03 20:06:08][INFO] utils.logging:   91: {"_type": "val_iter", "gpu_mem": "1.79 GB", "iter": "5200/10000", "top1_acc": 76.600001}
[09/03 20:06:20][INFO] utils.logging:   91: {"_type": "val_iter", "gpu_mem": "1.79 GB", "iter": "5300/10000", "top1_acc": 75.400001}
[09/03 20:06:32][INFO] utils.logging:   91: {"_type": "val_iter", "gpu_mem": "1.79 GB", "iter": "5400/10000", "top1_acc": 74.200002}
[09/03 20:06:44][INFO] utils.logging:   91: {"_type": "val_iter", "gpu_mem": "1.79 GB", "iter": "5500/10000", "top1_acc": 73.400001}
[09/03 20:06:56][INFO] utils.logging:   91: {"_type": "val_iter", "gpu_mem": "1.79 GB", "iter": "5600/10000", "top1_acc": 76.400001}
[09/03 20:07:08][INFO] utils.logging:   91: {"_type": "val_iter", "gpu_mem": "1.79 GB", "iter": "5700/10000", "top1_acc": 76.000001}
[09/03 20:07:20][INFO] utils.logging:   91: {"_type": "val_iter", "gpu_mem": "1.79 GB", "iter": "5800/10000", "top1_acc": 76.000001}
[09/03 20:07:32][INFO] utils.logging:   91: {"_type": "val_iter", "gpu_mem": "1.79 GB", "iter": "5900/10000", "top1_acc": 72.800001}
[09/03 20:07:45][INFO] utils.logging:   91: {"_type": "val_iter", "gpu_mem": "1.79 GB", "iter": "6000/10000", "top1_acc": 74.400002}
[09/03 20:07:57][INFO] utils.logging:   91: {"_type": "val_iter", "gpu_mem": "1.79 GB", "iter": "6100/10000", "top1_acc": 75.800002}
[09/03 20:08:09][INFO] utils.logging:   91: {"_type": "val_iter", "gpu_mem": "1.79 GB", "iter": "6200/10000", "top1_acc": 76.000001}
[09/03 20:08:21][INFO] utils.logging:   91: {"_type": "val_iter", "gpu_mem": "1.79 GB", "iter": "6300/10000", "top1_acc": 73.600002}
[09/03 20:08:33][INFO] utils.logging:   91: {"_type": "val_iter", "gpu_mem": "1.79 GB", "iter": "6400/10000", "top1_acc": 73.600002}
[09/03 20:08:45][INFO] utils.logging:   91: {"_type": "val_iter", "gpu_mem": "1.79 GB", "iter": "6500/10000", "top1_acc": 75.600002}
[09/03 20:08:58][INFO] utils.logging:   91: {"_type": "val_iter", "gpu_mem": "1.79 GB", "iter": "6600/10000", "top1_acc": 71.200002}
[09/03 20:09:10][INFO] utils.logging:   91: {"_type": "val_iter", "gpu_mem": "1.79 GB", "iter": "6700/10000", "top1_acc": 70.200002}
[09/03 20:09:22][INFO] utils.logging:   91: {"_type": "val_iter", "gpu_mem": "1.79 GB", "iter": "6800/10000", "top1_acc": 77.600002}
[09/03 20:09:34][INFO] utils.logging:   91: {"_type": "val_iter", "gpu_mem": "1.79 GB", "iter": "6900/10000", "top1_acc": 77.800001}
[09/03 20:09:46][INFO] utils.logging:   91: {"_type": "val_iter", "gpu_mem": "1.79 GB", "iter": "7000/10000", "top1_acc": 75.800002}
[09/03 20:09:58][INFO] utils.logging:   91: {"_type": "val_iter", "gpu_mem": "1.79 GB", "iter": "7100/10000", "top1_acc": 73.800001}
[09/03 20:10:10][INFO] utils.logging:   91: {"_type": "val_iter", "gpu_mem": "1.79 GB", "iter": "7200/10000", "top1_acc": 75.400002}
[09/03 20:10:23][INFO] utils.logging:   91: {"_type": "val_iter", "gpu_mem": "1.79 GB", "iter": "7300/10000", "top1_acc": 70.800001}
[09/03 20:10:35][INFO] utils.logging:   91: {"_type": "val_iter", "gpu_mem": "1.79 GB", "iter": "7400/10000", "top1_acc": 79.200002}
[09/03 20:10:47][INFO] utils.logging:   91: {"_type": "val_iter", "gpu_mem": "1.79 GB", "iter": "7500/10000", "top1_acc": 73.000001}
[09/03 20:10:59][INFO] utils.logging:   91: {"_type": "val_iter", "gpu_mem": "1.79 GB", "iter": "7600/10000", "top1_acc": 76.800002}
[09/03 20:11:11][INFO] utils.logging:   91: {"_type": "val_iter", "gpu_mem": "1.79 GB", "iter": "7700/10000", "top1_acc": 76.800001}
[09/03 20:11:23][INFO] utils.logging:   91: {"_type": "val_iter", "gpu_mem": "1.79 GB", "iter": "7800/10000", "top1_acc": 73.200001}
[09/03 20:11:36][INFO] utils.logging:   91: {"_type": "val_iter", "gpu_mem": "1.79 GB", "iter": "7900/10000", "top1_acc": 74.200001}
[09/03 20:11:48][INFO] utils.logging:   91: {"_type": "val_iter", "gpu_mem": "1.79 GB", "iter": "8000/10000", "top1_acc": 73.800001}
[09/03 20:12:00][INFO] utils.logging:   91: {"_type": "val_iter", "gpu_mem": "1.79 GB", "iter": "8100/10000", "top1_acc": 73.600002}
[09/03 20:12:12][INFO] utils.logging:   91: {"_type": "val_iter", "gpu_mem": "1.79 GB", "iter": "8200/10000", "top1_acc": 78.200001}
[09/03 20:12:24][INFO] utils.logging:   91: {"_type": "val_iter", "gpu_mem": "1.79 GB", "iter": "8300/10000", "top1_acc": 78.200001}
[09/03 20:12:36][INFO] utils.logging:   91: {"_type": "val_iter", "gpu_mem": "1.79 GB", "iter": "8400/10000", "top1_acc": 82.000002}
[09/03 20:12:49][INFO] utils.logging:   91: {"_type": "val_iter", "gpu_mem": "1.79 GB", "iter": "8500/10000", "top1_acc": 74.800002}
[09/03 20:13:01][INFO] utils.logging:   91: {"_type": "val_iter", "gpu_mem": "1.79 GB", "iter": "8600/10000", "top1_acc": 76.800001}
[09/03 20:13:13][INFO] utils.logging:   91: {"_type": "val_iter", "gpu_mem": "1.79 GB", "iter": "8700/10000", "top1_acc": 74.000001}
[09/03 20:13:25][INFO] utils.logging:   91: {"_type": "val_iter", "gpu_mem": "1.79 GB", "iter": "8800/10000", "top1_acc": 73.600001}
[09/03 20:13:37][INFO] utils.logging:   91: {"_type": "val_iter", "gpu_mem": "1.79 GB", "iter": "8900/10000", "top1_acc": 74.800002}
[09/03 20:13:49][INFO] utils.logging:   91: {"_type": "val_iter", "gpu_mem": "1.79 GB", "iter": "9000/10000", "top1_acc": 75.600002}
[09/03 20:14:02][INFO] utils.logging:   91: {"_type": "val_iter", "gpu_mem": "1.79 GB", "iter": "9100/10000", "top1_acc": 74.400001}
[09/03 20:14:14][INFO] utils.logging:   91: {"_type": "val_iter", "gpu_mem": "1.79 GB", "iter": "9200/10000", "top1_acc": 76.800002}
[09/03 20:14:26][INFO] utils.logging:   91: {"_type": "val_iter", "gpu_mem": "1.79 GB", "iter": "9300/10000", "top1_acc": 77.200001}
[09/03 20:14:38][INFO] utils.logging:   91: {"_type": "val_iter", "gpu_mem": "1.79 GB", "iter": "9400/10000", "top1_acc": 74.200001}
[09/03 20:14:50][INFO] utils.logging:   91: {"_type": "val_iter", "gpu_mem": "1.79 GB", "iter": "9500/10000", "top1_acc": 76.800001}
[09/03 20:15:02][INFO] utils.logging:   91: {"_type": "val_iter", "gpu_mem": "1.79 GB", "iter": "9600/10000", "top1_acc": 76.800001}
[09/03 20:15:15][INFO] utils.logging:   91: {"_type": "val_iter", "gpu_mem": "1.79 GB", "iter": "9700/10000", "top1_acc": 76.400001}
[09/03 20:15:27][INFO] utils.logging:   91: {"_type": "val_iter", "gpu_mem": "1.79 GB", "iter": "9800/10000", "top1_acc": 80.600001}
[09/03 20:15:39][INFO] utils.logging:   91: {"_type": "val_iter", "gpu_mem": "1.79 GB", "iter": "9900/10000", "top1_acc": 74.400002}
[09/03 20:15:51][INFO] utils.logging:   91: {"_type": "val_iter", "gpu_mem": "1.79 GB", "iter": "10000/10000", "top1_acc": 75.000002}
[09/03 20:15:51][INFO] utils.logging:   91: {"RAM": "17.39/125.63 GB", "_type": "val_epoch", "epoch": "3", "gpu_mem": "1.79 GB", "top1_acc": 75.320001}
[09/03 20:15:51][INFO] train_net_few_shot:   53: Fusion weights: multi_velocity=0.018795
[09/03 20:15:51][INFO] train_net_few_shot:   73: Multi-velocity matcher: motion_delta=0.028527170419692993, velocity_weights=[0.44627928733825684, 0.5537207126617432], logit_delta=4.493257522583008
[09/03 20:15:51][INFO] train_net_few_shot:  152: Validation accuracy 75.3200 did not improve best 76.2280 (1/0 evaluations without improvement).
[09/03 20:15:51][INFO] train_net_few_shot:  161: Early stopping at iteration 6000; best validation accuracy was 76.2280.
[09/03 20:15:51][INFO] utils.logging:   91: {"RAM": "14.28/125.63 GB", "_type": "train_epoch", "epoch": "10", "gpu_mem": "1.79 GB", "loss": 1.320525, "lr": 0.000050, "top1_acc": 90.255043}
