[09/08 09:47:12][INFO] train_net_few_shot:  303: Train with config:
[09/08 09:47:12][INFO] train_net_few_shot:  304: {
  "TASK_TYPE": "few_shot_action",
  "PRETRAIN": {
    "ENABLE": false
  },
  "LOCALIZATION": {
    "ENABLE": false
  },
  "TRAIN": {
    "ENABLE": true,
    "DATASET": "SSv2-Full",
    "BATCH_SIZE": 1,
    "LOG_FILE": "train.log",
    "EVAL_PERIOD": 2,
    "NUM_FOLDS": 1,
    "AUTO_RESUME": false,
    "CHECKPOINT_PERIOD": 10,
    "CHECKPOINT_FILE_PATH": "",
    "CHECKPOINT_TYPE": "pytorch",
    "CHECKPOINT_INFLATE": false,
    "CHECKPOINT_PRE_PROCESS": {
      "ENABLE": false
    },
    "FINE_TUNE": true,
    "ONLY_LINEAR": false,
    "LR_REDUCE": false,
    "TRAIN_VAL_COMBINE": false,
    "LOSS_FUNC": "cross_entropy",
    "USE_CLASSIFICATION_VALUE": 2.0,
    "GRADIENT_CHECKPOINT": true,
    "NUM_CLASS": 64,
    "META_BATCH": true,
    "WAY": 5,
    "SHOT": 1,
    "QUERY_PER_CLASS": 1,
    "QUERY_PER_CLASS_TEST": 1,
    "NUM_TRAIN_TASKS": 30000,
    "NUM_TEST_TASKS": 10000,
    "VAL_FRE_ITER": 10000,
    "BATCH_SIZE_PER_TASK": 4,
    "NORMALIZE_ACCUMULATED_GRADIENTS": false
  },
  "TEST": {
    "ENABLE": true,
    "DATASET": "SSv2-Full",
    "BATCH_SIZE": 1,
    "NUM_SPATIAL_CROPS": 1,
    "SPATIAL_CROPS": "cctltr",
    "NUM_ENSEMBLE_VIEWS": 1,
    "LOG_FILE": "test.log",
    "CHECKPOINT_FILE_PATH": "",
    "CHECKPOINT_TYPE": "pytorch",
    "AUTOMATIC_MULTI_SCALE_TEST": false,
    "TEST_SET": "val",
    "UPLOAD_CLASSIFIER_RESULTS": true,
    "SHOT": [
      1,
      5
    ],
    "EPISODE_SEED": 2026
  },
  "VISUALIZATION": {
    "ENABLE": false,
    "NAME": "",
    "FEATURE_MAPS": {
      "ENABLE": false,
      "BASE_OUTPUT_DIR": ""
    }
  },
  "SUBMISSION": {
    "ENABLE": false,
    "SAVE_RESULTS_PATH": "test.json"
  },
  "DATA": {
    "DATA_ROOT_DIR": "/mnt/data/yanyi2025/lrc/action_data/ssv2/videos/videos/",
    "ANNO_DIR": "config/ssv2_full/",
    "NUM_INPUT_FRAMES": 8,
    "NUM_INPUT_CHANNELS": 2304,
    "SAMPLING_MODE": "interval_based",
    "SAMPLING_RATE": 50,
    "TRAIN_JITTER_SCALES": [
      256,
      256
    ],
    "TRAIN_CROP_SIZE": 224,
    "TEST_SCALE": 256,
    "TEST_CROP_SIZE": 224,
    "MEAN": [
      0.48145466,
      0.4578275,
      0.40821073
    ],
    "STD": [
      0.26862954,
      0.26130258,
      0.27577711
    ],
    "MULTI_LABEL": false,
    "ENSEMBLE_METHOD": "sum",
    "TARGET_FPS": 12,
    "MINUS_INTERVAL": false,
    "FPS": 12,
    "NORM_FEATURE": false,
    "USE_AUG_FEATURE": false,
    "AUG": false,
    "LOAD_PROPS": false,
    "TEMPORAL_SCALE": 256,
    "LABELS_TYPE": "cls",
    "LOAD_TYPE": "pickle",
    "DOWNLOAD_FEATURE": true,
    "VIDEO_EXT": ".webm",
    "SAMPLING_UNIFORM": false,
    "TEST_CENTER_CROP": true,
    "CLIP_INTERVAL": 8
  },
  "MODEL": {
    "NAME": "BaseVideoModel",
    "EMA": {
      "ENABLE": false,
      "DECAY": 0.99996
    }
  },
  "VIDEO": {
    "BACKBONE": {
      "DEPTH": null,
      "META_ARCH": "Identity",
      "NUM_FILTERS": null,
      "NUM_INPUT_CHANNELS": 3,
      "NUM_OUT_FEATURES": null,
      "KERNEL_SIZE": null,
      "DOWNSAMPLING": null,
      "DOWNSAMPLING_TEMPORAL": null,
      "NUM_STREAMS": 1,
      "EXPANSION_RATIO": 2,
      "BRANCH": {
        "NAME": null
      },
      "STEM": {
        "NAME": null
      },
      "NONLOCAL": {
        "ENABLE": false,
        "STAGES": [
          5
        ],
        "MASK_ENABLE": false
      },
      "INITIALIZATION": null
    },
    "HEAD": {
      "NAME": "BaseTemporalClassifier",
      "ACTIVATION": "softmax",
      "DROPOUT_RATE": 0.0,
      "NUM_CLASSES": 200
    }
  },
  "OPTIMIZER": {
    "ADJUST_LR": false,
    "BASE_LR": 0.002,
    "LR_POLICY": "cosine",
    "MAX_EPOCH": 300,
    "MOMENTUM": 0.9,
    "WEIGHT_DECAY": "1e-3",
    "WARMUP_EPOCHS": 10,
    "WARMUP_START_LR": 0.0002,
    "OPTIM_METHOD": "adam",
    "DAMPENING": 0.0,
    "NESTEROV": true
  },
  "BN": {
    "WB_LOCK": false,
    "FREEZE": false,
    "WEIGHT_DECAY": 0.0,
    "MOMENTUM": 0.1,
    "EPS": "1e-3",
    "SYNC": false
  },
  "DATA_LOADER": {
    "NUM_WORKERS": 8,
    "PIN_MEMORY": true,
    "ENABLE_MULTI_THREAD_DECODE": true,
    "COLLATE_FN": null
  },
  "NUM_GPUS": 1,
  "SHARD_ID": 0,
  "NUM_SHARDS": 1,
  "RANDOM_SEED": 18,
  "OUTPUT_DIR": "output/SSv2_Full_FOCUS_TASK_MATCH_MULTI_VELOCITY",
  "OUTPUT_CFG_FILE": "configuration.log",
  "LOG_PERIOD": 200,
  "DIST_BACKEND": "nccl",
  "LOG_MODEL_INFO": false,
  "LOG_CONFIG_INFO": true,
  "OSS": {
    "ENABLE": false,
    "KEY": null,
    "SECRET": null,
    "ENDPOINT": null,
    "CHECKPOINT_OUTPUT_PATH": null,
    "SECONDARY_DATA_OSS": {
      "ENABLE": false,
      "KEY": null,
      "SECRET": null,
      "ENDPOINT": null,
      "BUCKETS": [
        ""
      ]
    }
  },
  "AUGMENTATION": {
    "COLOR_AUG": false,
    "BRIGHTNESS": 0.5,
    "CONTRAST": 0.5,
    "SATURATION": 0.5,
    "HUE": 0.25,
    "GRAYSCALE": 0.3,
    "CONSISTENT": true,
    "SHUFFLE": true,
    "GRAY_FIRST": true,
    "RATIO": [
      0.857142857142857,
      1.1666666666666667
    ],
    "USE_GPU": false,
    "MIXUP": {
      "ENABLE": false,
      "ALPHA": 0.0,
      "PROB": 1.0,
      "MODE": "batch",
      "SWITCH_PROB": 0.5
    },
    "CUTMIX": {
      "ENABLE": false,
      "ALPHA": 0.0,
      "MINMAX": null
    },
    "RANDOM_ERASING": {
      "ENABLE": false,
      "PROB": 0.25,
      "MODE": "const",
      "COUNT": [
        1,
        1
      ],
      "NUM_SPLITS": 0,
      "AREA_RANGE": [
        0.02,
        0.33
      ],
      "MIN_ASPECT": 0.3
    },
    "LABEL_SMOOTHING": 0.0,
    "SSV2_FLIP": false,
    "IS_SPLIT": false,
    "NO_RANDOM_ERASE": true,
    "SUPPORT_QUERY_DIFF": true
  },
  "PAI": false,
  "USE_MULTISEG_VAL_DIST": false,
  "DETECTION": {
    "ENABLE": false
  },
  "TENSORBOARD": {
    "ENABLE": false
  },
  "SOLVER": {
    "BASE_LR": 0.001,
    "LR_POLICY": "steps_with_relative_lrs",
    "MAX_EPOCH": 10,
    "MOMENTUM": 0.9,
    "WEIGHT_DECAY": "5e-4",
    "WARMUP_EPOCHS": 1,
    "WARMUP_START_LR": 0.0002,
    "OPTIM_METHOD": "adam",
    "DAMPENING": 0.0,
    "NESTEROV": true,
    "STEPS_ITER": 3000,
    "STEPS": [
      0,
      4,
      6,
      8
    ],
    "LRS": [
      1,
      0.5,
      0.1,
      0.05
    ]
  },
  "PRE_DOWNLOAD": {
    "ENABLE": false
  },
  "SUPPORT_SHOT": 1,
  "FOCUS": {
    "ENABLE": true,
    "HEADS": 8,
    "DROPOUT": 0.1,
    "GATE_INIT": -4.0,
    "TEMPORAL_GATE_INIT": -4.0,
    "ALPHA_INIT": -4.0,
    "DETACH_INPUT": true
  },
  "TASK_MATCH": {
    "ENABLE": true,
    "HIDDEN_RATIO": 0.25,
    "DROPOUT": 0.1,
    "TEMPERATURE": 1.0,
    "DISTANCE_SCALE": 16.0,
    "ALPHA_INIT": -4.0,
    "USE_FOCUS_FEATURES": false
  },
  "MULTI_VELOCITY": {
    "ENABLE": true,
    "VELOCITIES": [
      1,
      2
    ],
    "HIDDEN_RATIO": 0.25,
    "DROPOUT": 0.1,
    "DISTANCE_SCALE": 16.0,
    "OTAM_LAMBDA": 0.5,
    "ALPHA_INIT": -4.0
  },
  "ADAPTER": {
    "NAME": "ViT_CLIP",
    "PRETRAINED": "ViT-B/16",
    "WIDTH": 768,
    "PATCH_SIZE": 16,
    "LAYERS": 12,
    "HEADS": 12,
    "ADAPTER_SCALE": 0.25
  },
  "INIT_METHOD": "tcp://localhost:1111",
  "CUDA_VISIBLE_DEVICES": "1"
}

[09/08 09:47:12][INFO] models.base.adapter: 1070: load model from: ViT-B/16
[09/08 09:47:13][INFO] models.base.adapter: 1077: Missing keys: ['temporal_embedding', 'focus_alpha', 'task_match_alpha', 'multi_velocity_alpha', 'transformer.resblocks.0.Adapter.down.weight', 'transformer.resblocks.0.Adapter.down.bias', 'transformer.resblocks.0.Adapter.pos_embed.weight', 'transformer.resblocks.0.Adapter.pos_embed.bias', 'transformer.resblocks.0.Adapter.s_ln.weight', 'transformer.resblocks.0.Adapter.s_ln.bias', 'transformer.resblocks.0.Adapter.s_attn.conv_offset.0.weight', 'transformer.resblocks.0.Adapter.s_attn.conv_offset.0.bias', 'transformer.resblocks.0.Adapter.s_attn.conv_offset.1.norm.weight', 'transformer.resblocks.0.Adapter.s_attn.conv_offset.1.norm.bias', 'transformer.resblocks.0.Adapter.s_attn.conv_offset.3.weight', 'transformer.resblocks.0.Adapter.s_attn.proj_q.weight', 'transformer.resblocks.0.Adapter.s_attn.proj_q.bias', 'transformer.resblocks.0.Adapter.s_attn.proj_k.weight', 'transformer.resblocks.0.Adapter.s_attn.proj_k.bias', 'transformer.resblocks.0.Adapter.s_attn.proj_v.weight', 'transformer.resblocks.0.Adapter.s_attn.proj_v.bias', 'transformer.resblocks.0.Adapter.s_attn.proj_out.weight', 'transformer.resblocks.0.Adapter.s_attn.proj_out.bias', 'transformer.resblocks.0.Adapter.t_ln.weight', 'transformer.resblocks.0.Adapter.t_ln.bias', 'transformer.resblocks.0.Adapter.t_attn.conv_offset.0.weight', 'transformer.resblocks.0.Adapter.t_attn.conv_offset.0.bias', 'transformer.resblocks.0.Adapter.t_attn.conv_offset.1.norm.weight', 'transformer.resblocks.0.Adapter.t_attn.conv_offset.1.norm.bias', 'transformer.resblocks.0.Adapter.t_attn.conv_offset.3.weight', 'transformer.resblocks.0.Adapter.t_attn.proj_q.weight', 'transformer.resblocks.0.Adapter.t_attn.proj_q.bias', 'transformer.resblocks.0.Adapter.t_attn.proj_k.weight', 'transformer.resblocks.0.Adapter.t_attn.proj_k.bias', 'transformer.resblocks.0.Adapter.t_attn.proj_v.weight', 'transformer.resblocks.0.Adapter.t_attn.proj_v.bias', 'transformer.resblocks.0.Adapter.t_attn.proj_out.weight', 'transformer.resblocks.0.Adapter.t_attn.proj_out.bias', 'transformer.resblocks.0.Adapter.up.weight', 'transformer.resblocks.0.Adapter.up.bias', 'transformer.resblocks.1.Adapter.down.weight', 'transformer.resblocks.1.Adapter.down.bias', 'transformer.resblocks.1.Adapter.pos_embed.weight', 'transformer.resblocks.1.Adapter.pos_embed.bias', 'transformer.resblocks.1.Adapter.s_ln.weight', 'transformer.resblocks.1.Adapter.s_ln.bias', 'transformer.resblocks.1.Adapter.s_attn.conv_offset.0.weight', 'transformer.resblocks.1.Adapter.s_attn.conv_offset.0.bias', 'transformer.resblocks.1.Adapter.s_attn.conv_offset.1.norm.weight', 'transformer.resblocks.1.Adapter.s_attn.conv_offset.1.norm.bias', 'transformer.resblocks.1.Adapter.s_attn.conv_offset.3.weight', 'transformer.resblocks.1.Adapter.s_attn.proj_q.weight', 'transformer.resblocks.1.Adapter.s_attn.proj_q.bias', 'transformer.resblocks.1.Adapter.s_attn.proj_k.weight', 'transformer.resblocks.1.Adapter.s_attn.proj_k.bias', 'transformer.resblocks.1.Adapter.s_attn.proj_v.weight', 'transformer.resblocks.1.Adapter.s_attn.proj_v.bias', 'transformer.resblocks.1.Adapter.s_attn.proj_out.weight', 'transformer.resblocks.1.Adapter.s_attn.proj_out.bias', 'transformer.resblocks.1.Adapter.t_ln.weight', 'transformer.resblocks.1.Adapter.t_ln.bias', 'transformer.resblocks.1.Adapter.t_attn.conv_offset.0.weight', 'transformer.resblocks.1.Adapter.t_attn.conv_offset.0.bias', 'transformer.resblocks.1.Adapter.t_attn.conv_offset.1.norm.weight', 'transformer.resblocks.1.Adapter.t_attn.conv_offset.1.norm.bias', 'transformer.resblocks.1.Adapter.t_attn.conv_offset.3.weight', 'transformer.resblocks.1.Adapter.t_attn.proj_q.weight', 'transformer.resblocks.1.Adapter.t_attn.proj_q.bias', 'transformer.resblocks.1.Adapter.t_attn.proj_k.weight', 'transformer.resblocks.1.Adapter.t_attn.proj_k.bias', 'transformer.resblocks.1.Adapter.t_attn.proj_v.weight', 'transformer.resblocks.1.Adapter.t_attn.proj_v.bias', 'transformer.resblocks.1.Adapter.t_attn.proj_out.weight', 'transformer.resblocks.1.Adapter.t_attn.proj_out.bias', 'transformer.resblocks.1.Adapter.up.weight', 'transformer.resblocks.1.Adapter.up.bias', 'transformer.resblocks.2.Adapter.down.weight', 'transformer.resblocks.2.Adapter.down.bias', 'transformer.resblocks.2.Adapter.pos_embed.weight', 'transformer.resblocks.2.Adapter.pos_embed.bias', 'transformer.resblocks.2.Adapter.s_ln.weight', 'transformer.resblocks.2.Adapter.s_ln.bias', 'transformer.resblocks.2.Adapter.s_attn.conv_offset.0.weight', 'transformer.resblocks.2.Adapter.s_attn.conv_offset.0.bias', 'transformer.resblocks.2.Adapter.s_attn.conv_offset.1.norm.weight', 'transformer.resblocks.2.Adapter.s_attn.conv_offset.1.norm.bias', 'transformer.resblocks.2.Adapter.s_attn.conv_offset.3.weight', 'transformer.resblocks.2.Adapter.s_attn.proj_q.weight', 'transformer.resblocks.2.Adapter.s_attn.proj_q.bias', 'transformer.resblocks.2.Adapter.s_attn.proj_k.weight', 'transformer.resblocks.2.Adapter.s_attn.proj_k.bias', 'transformer.resblocks.2.Adapter.s_attn.proj_v.weight', 'transformer.resblocks.2.Adapter.s_attn.proj_v.bias', 'transformer.resblocks.2.Adapter.s_attn.proj_out.weight', 'transformer.resblocks.2.Adapter.s_attn.proj_out.bias', 'transformer.resblocks.2.Adapter.t_ln.weight', 'transformer.resblocks.2.Adapter.t_ln.bias', 'transformer.resblocks.2.Adapter.t_attn.conv_offset.0.weight', 'transformer.resblocks.2.Adapter.t_attn.conv_offset.0.bias', 'transformer.resblocks.2.Adapter.t_attn.conv_offset.1.norm.weight', 'transformer.resblocks.2.Adapter.t_attn.conv_offset.1.norm.bias', 'transformer.resblocks.2.Adapter.t_attn.conv_offset.3.weight', 'transformer.resblocks.2.Adapter.t_attn.proj_q.weight', 'transformer.resblocks.2.Adapter.t_attn.proj_q.bias', 'transformer.resblocks.2.Adapter.t_attn.proj_k.weight', 'transformer.resblocks.2.Adapter.t_attn.proj_k.bias', 'transformer.resblocks.2.Adapter.t_attn.proj_v.weight', 'transformer.resblocks.2.Adapter.t_attn.proj_v.bias', 'transformer.resblocks.2.Adapter.t_attn.proj_out.weight', 'transformer.resblocks.2.Adapter.t_attn.proj_out.bias', 'transformer.resblocks.2.Adapter.up.weight', 'transformer.resblocks.2.Adapter.up.bias', 'transformer.resblocks.3.Adapter.down.weight', 'transformer.resblocks.3.Adapter.down.bias', 'transformer.resblocks.3.Adapter.pos_embed.weight', 'transformer.resblocks.3.Adapter.pos_embed.bias', 'transformer.resblocks.3.Adapter.s_ln.weight', 'transformer.resblocks.3.Adapter.s_ln.bias', 'transformer.resblocks.3.Adapter.s_attn.conv_offset.0.weight', 'transformer.resblocks.3.Adapter.s_attn.conv_offset.0.bias', 'transformer.resblocks.3.Adapter.s_attn.conv_offset.1.norm.weight', 'transformer.resblocks.3.Adapter.s_attn.conv_offset.1.norm.bias', 'transformer.resblocks.3.Adapter.s_attn.conv_offset.3.weight', 'transformer.resblocks.3.Adapter.s_attn.proj_q.weight', 'transformer.resblocks.3.Adapter.s_attn.proj_q.bias', 'transformer.resblocks.3.Adapter.s_attn.proj_k.weight', 'transformer.resblocks.3.Adapter.s_attn.proj_k.bias', 'transformer.resblocks.3.Adapter.s_attn.proj_v.weight', 'transformer.resblocks.3.Adapter.s_attn.proj_v.bias', 'transformer.resblocks.3.Adapter.s_attn.proj_out.weight', 'transformer.resblocks.3.Adapter.s_attn.proj_out.bias', 'transformer.resblocks.3.Adapter.t_ln.weight', 'transformer.resblocks.3.Adapter.t_ln.bias', 'transformer.resblocks.3.Adapter.t_attn.conv_offset.0.weight', 'transformer.resblocks.3.Adapter.t_attn.conv_offset.0.bias', 'transformer.resblocks.3.Adapter.t_attn.conv_offset.1.norm.weight', 'transformer.resblocks.3.Adapter.t_attn.conv_offset.1.norm.bias', 'transformer.resblocks.3.Adapter.t_attn.conv_offset.3.weight', 'transformer.resblocks.3.Adapter.t_attn.proj_q.weight', 'transformer.resblocks.3.Adapter.t_attn.proj_q.bias', 'transformer.resblocks.3.Adapter.t_attn.proj_k.weight', 'transformer.resblocks.3.Adapter.t_attn.proj_k.bias', 'transformer.resblocks.3.Adapter.t_attn.proj_v.weight', 'transformer.resblocks.3.Adapter.t_attn.proj_v.bias', 'transformer.resblocks.3.Adapter.t_attn.proj_out.weight', 'transformer.resblocks.3.Adapter.t_attn.proj_out.bias', 'transformer.resblocks.3.Adapter.up.weight', 'transformer.resblocks.3.Adapter.up.bias', 'transformer.resblocks.4.Adapter.down.weight', 'transformer.resblocks.4.Adapter.down.bias', 'transformer.resblocks.4.Adapter.pos_embed.weight', 'transformer.resblocks.4.Adapter.pos_embed.bias', 'transformer.resblocks.4.Adapter.s_ln.weight', 'transformer.resblocks.4.Adapter.s_ln.bias', 'transformer.resblocks.4.Adapter.s_attn.conv_offset.0.weight', 'transformer.resblocks.4.Adapter.s_attn.conv_offset.0.bias', 'transformer.resblocks.4.Adapter.s_attn.conv_offset.1.norm.weight', 'transformer.resblocks.4.Adapter.s_attn.conv_offset.1.norm.bias', 'transformer.resblocks.4.Adapter.s_attn.conv_offset.3.weight', 'transformer.resblocks.4.Adapter.s_attn.proj_q.weight', 'transformer.resblocks.4.Adapter.s_attn.proj_q.bias', 'transformer.resblocks.4.Adapter.s_attn.proj_k.weight', 'transformer.resblocks.4.Adapter.s_attn.proj_k.bias', 'transformer.resblocks.4.Adapter.s_attn.proj_v.weight', 'transformer.resblocks.4.Adapter.s_attn.proj_v.bias', 'transformer.resblocks.4.Adapter.s_attn.proj_out.weight', 'transformer.resblocks.4.Adapter.s_attn.proj_out.bias', 'transformer.resblocks.4.Adapter.t_ln.weight', 'transformer.resblocks.4.Adapter.t_ln.bias', 'transformer.resblocks.4.Adapter.t_attn.conv_offset.0.weight', 'transformer.resblocks.4.Adapter.t_attn.conv_offset.0.bias', 'transformer.resblocks.4.Adapter.t_attn.conv_offset.1.norm.weight', 'transformer.resblocks.4.Adapter.t_attn.conv_offset.1.norm.bias', 'transformer.resblocks.4.Adapter.t_attn.conv_offset.3.weight', 'transformer.resblocks.4.Adapter.t_attn.proj_q.weight', 'transformer.resblocks.4.Adapter.t_attn.proj_q.bias', 'transformer.resblocks.4.Adapter.t_attn.proj_k.weight', 'transformer.resblocks.4.Adapter.t_attn.proj_k.bias', 'transformer.resblocks.4.Adapter.t_attn.proj_v.weight', 'transformer.resblocks.4.Adapter.t_attn.proj_v.bias', 'transformer.resblocks.4.Adapter.t_attn.proj_out.weight', 'transformer.resblocks.4.Adapter.t_attn.proj_out.bias', 'transformer.resblocks.4.Adapter.up.weight', 'transformer.resblocks.4.Adapter.up.bias', 'transformer.resblocks.5.Adapter.down.weight', 'transformer.resblocks.5.Adapter.down.bias', 'transformer.resblocks.5.Adapter.pos_embed.weight', 'transformer.resblocks.5.Adapter.pos_embed.bias', 'transformer.resblocks.5.Adapter.s_ln.weight', 'transformer.resblocks.5.Adapter.s_ln.bias', 'transformer.resblocks.5.Adapter.s_attn.conv_offset.0.weight', 'transformer.resblocks.5.Adapter.s_attn.conv_offset.0.bias', 'transformer.resblocks.5.Adapter.s_attn.conv_offset.1.norm.weight', 'transformer.resblocks.5.Adapter.s_attn.conv_offset.1.norm.bias', 'transformer.resblocks.5.Adapter.s_attn.conv_offset.3.weight', 'transformer.resblocks.5.Adapter.s_attn.proj_q.weight', 'transformer.resblocks.5.Adapter.s_attn.proj_q.bias', 'transformer.resblocks.5.Adapter.s_attn.proj_k.weight', 'transformer.resblocks.5.Adapter.s_attn.proj_k.bias', 'transformer.resblocks.5.Adapter.s_attn.proj_v.weight', 'transformer.resblocks.5.Adapter.s_attn.proj_v.bias', 'transformer.resblocks.5.Adapter.s_attn.proj_out.weight', 'transformer.resblocks.5.Adapter.s_attn.proj_out.bias', 'transformer.resblocks.5.Adapter.t_ln.weight', 'transformer.resblocks.5.Adapter.t_ln.bias', 'transformer.resblocks.5.Adapter.t_attn.conv_offset.0.weight', 'transformer.resblocks.5.Adapter.t_attn.conv_offset.0.bias', 'transformer.resblocks.5.Adapter.t_attn.conv_offset.1.norm.weight', 'transformer.resblocks.5.Adapter.t_attn.conv_offset.1.norm.bias', 'transformer.resblocks.5.Adapter.t_attn.conv_offset.3.weight', 'transformer.resblocks.5.Adapter.t_attn.proj_q.weight', 'transformer.resblocks.5.Adapter.t_attn.proj_q.bias', 'transformer.resblocks.5.Adapter.t_attn.proj_k.weight', 'transformer.resblocks.5.Adapter.t_attn.proj_k.bias', 'transformer.resblocks.5.Adapter.t_attn.proj_v.weight', 'transformer.resblocks.5.Adapter.t_attn.proj_v.bias', 'transformer.resblocks.5.Adapter.t_attn.proj_out.weight', 'transformer.resblocks.5.Adapter.t_attn.proj_out.bias', 'transformer.resblocks.5.Adapter.up.weight', 'transformer.resblocks.5.Adapter.up.bias', 'transformer.resblocks.6.Adapter.down.weight', 'transformer.resblocks.6.Adapter.down.bias', 'transformer.resblocks.6.Adapter.pos_embed.weight', 'transformer.resblocks.6.Adapter.pos_embed.bias', 'transformer.resblocks.6.Adapter.s_ln.weight', 'transformer.resblocks.6.Adapter.s_ln.bias', 'transformer.resblocks.6.Adapter.s_attn.conv_offset.0.weight', 'transformer.resblocks.6.Adapter.s_attn.conv_offset.0.bias', 'transformer.resblocks.6.Adapter.s_attn.conv_offset.1.norm.weight', 'transformer.resblocks.6.Adapter.s_attn.conv_offset.1.norm.bias', 'transformer.resblocks.6.Adapter.s_attn.conv_offset.3.weight', 'transformer.resblocks.6.Adapter.s_attn.proj_q.weight', 'transformer.resblocks.6.Adapter.s_attn.proj_q.bias', 'transformer.resblocks.6.Adapter.s_attn.proj_k.weight', 'transformer.resblocks.6.Adapter.s_attn.proj_k.bias', 'transformer.resblocks.6.Adapter.s_attn.proj_v.weight', 'transformer.resblocks.6.Adapter.s_attn.proj_v.bias', 'transformer.resblocks.6.Adapter.s_attn.proj_out.weight', 'transformer.resblocks.6.Adapter.s_attn.proj_out.bias', 'transformer.resblocks.6.Adapter.t_ln.weight', 'transformer.resblocks.6.Adapter.t_ln.bias', 'transformer.resblocks.6.Adapter.t_attn.conv_offset.0.weight', 'transformer.resblocks.6.Adapter.t_attn.conv_offset.0.bias', 'transformer.resblocks.6.Adapter.t_attn.conv_offset.1.norm.weight', 'transformer.resblocks.6.Adapter.t_attn.conv_offset.1.norm.bias', 'transformer.resblocks.6.Adapter.t_attn.conv_offset.3.weight', 'transformer.resblocks.6.Adapter.t_attn.proj_q.weight', 'transformer.resblocks.6.Adapter.t_attn.proj_q.bias', 'transformer.resblocks.6.Adapter.t_attn.proj_k.weight', 'transformer.resblocks.6.Adapter.t_attn.proj_k.bias', 'transformer.resblocks.6.Adapter.t_attn.proj_v.weight', 'transformer.resblocks.6.Adapter.t_attn.proj_v.bias', 'transformer.resblocks.6.Adapter.t_attn.proj_out.weight', 'transformer.resblocks.6.Adapter.t_attn.proj_out.bias', 'transformer.resblocks.6.Adapter.up.weight', 'transformer.resblocks.6.Adapter.up.bias', 'transformer.resblocks.7.Adapter.down.weight', 'transformer.resblocks.7.Adapter.down.bias', 'transformer.resblocks.7.Adapter.pos_embed.weight', 'transformer.resblocks.7.Adapter.pos_embed.bias', 'transformer.resblocks.7.Adapter.s_ln.weight', 'transformer.resblocks.7.Adapter.s_ln.bias', 'transformer.resblocks.7.Adapter.s_attn.conv_offset.0.weight', 'transformer.resblocks.7.Adapter.s_attn.conv_offset.0.bias', 'transformer.resblocks.7.Adapter.s_attn.conv_offset.1.norm.weight', 'transformer.resblocks.7.Adapter.s_attn.conv_offset.1.norm.bias', 'transformer.resblocks.7.Adapter.s_attn.conv_offset.3.weight', 'transformer.resblocks.7.Adapter.s_attn.proj_q.weight', 'transformer.resblocks.7.Adapter.s_attn.proj_q.bias', 'transformer.resblocks.7.Adapter.s_attn.proj_k.weight', 'transformer.resblocks.7.Adapter.s_attn.proj_k.bias', 'transformer.resblocks.7.Adapter.s_attn.proj_v.weight', 'transformer.resblocks.7.Adapter.s_attn.proj_v.bias', 'transformer.resblocks.7.Adapter.s_attn.proj_out.weight', 'transformer.resblocks.7.Adapter.s_attn.proj_out.bias', 'transformer.resblocks.7.Adapter.t_ln.weight', 'transformer.resblocks.7.Adapter.t_ln.bias', 'transformer.resblocks.7.Adapter.t_attn.conv_offset.0.weight', 'transformer.resblocks.7.Adapter.t_attn.conv_offset.0.bias', 'transformer.resblocks.7.Adapter.t_attn.conv_offset.1.norm.weight', 'transformer.resblocks.7.Adapter.t_attn.conv_offset.1.norm.bias', 'transformer.resblocks.7.Adapter.t_attn.conv_offset.3.weight', 'transformer.resblocks.7.Adapter.t_attn.proj_q.weight', 'transformer.resblocks.7.Adapter.t_attn.proj_q.bias', 'transformer.resblocks.7.Adapter.t_attn.proj_k.weight', 'transformer.resblocks.7.Adapter.t_attn.proj_k.bias', 'transformer.resblocks.7.Adapter.t_attn.proj_v.weight', 'transformer.resblocks.7.Adapter.t_attn.proj_v.bias', 'transformer.resblocks.7.Adapter.t_attn.proj_out.weight', 'transformer.resblocks.7.Adapter.t_attn.proj_out.bias', 'transformer.resblocks.7.Adapter.up.weight', 'transformer.resblocks.7.Adapter.up.bias', 'transformer.resblocks.8.Adapter.down.weight', 'transformer.resblocks.8.Adapter.down.bias', 'transformer.resblocks.8.Adapter.pos_embed.weight', 'transformer.resblocks.8.Adapter.pos_embed.bias', 'transformer.resblocks.8.Adapter.s_ln.weight', 'transformer.resblocks.8.Adapter.s_ln.bias', 'transformer.resblocks.8.Adapter.s_attn.conv_offset.0.weight', 'transformer.resblocks.8.Adapter.s_attn.conv_offset.0.bias', 'transformer.resblocks.8.Adapter.s_attn.conv_offset.1.norm.weight', 'transformer.resblocks.8.Adapter.s_attn.conv_offset.1.norm.bias', 'transformer.resblocks.8.Adapter.s_attn.conv_offset.3.weight', 'transformer.resblocks.8.Adapter.s_attn.proj_q.weight', 'transformer.resblocks.8.Adapter.s_attn.proj_q.bias', 'transformer.resblocks.8.Adapter.s_attn.proj_k.weight', 'transformer.resblocks.8.Adapter.s_attn.proj_k.bias', 'transformer.resblocks.8.Adapter.s_attn.proj_v.weight', 'transformer.resblocks.8.Adapter.s_attn.proj_v.bias', 'transformer.resblocks.8.Adapter.s_attn.proj_out.weight', 'transformer.resblocks.8.Adapter.s_attn.proj_out.bias', 'transformer.resblocks.8.Adapter.t_ln.weight', 'transformer.resblocks.8.Adapter.t_ln.bias', 'transformer.resblocks.8.Adapter.t_attn.conv_offset.0.weight', 'transformer.resblocks.8.Adapter.t_attn.conv_offset.0.bias', 'transformer.resblocks.8.Adapter.t_attn.conv_offset.1.norm.weight', 'transformer.resblocks.8.Adapter.t_attn.conv_offset.1.norm.bias', 'transformer.resblocks.8.Adapter.t_attn.conv_offset.3.weight', 'transformer.resblocks.8.Adapter.t_attn.proj_q.weight', 'transformer.resblocks.8.Adapter.t_attn.proj_q.bias', 'transformer.resblocks.8.Adapter.t_attn.proj_k.weight', 'transformer.resblocks.8.Adapter.t_attn.proj_k.bias', 'transformer.resblocks.8.Adapter.t_attn.proj_v.weight', 'transformer.resblocks.8.Adapter.t_attn.proj_v.bias', 'transformer.resblocks.8.Adapter.t_attn.proj_out.weight', 'transformer.resblocks.8.Adapter.t_attn.proj_out.bias', 'transformer.resblocks.8.Adapter.up.weight', 'transformer.resblocks.8.Adapter.up.bias', 'transformer.resblocks.9.Adapter.down.weight', 'transformer.resblocks.9.Adapter.down.bias', 'transformer.resblocks.9.Adapter.pos_embed.weight', 'transformer.resblocks.9.Adapter.pos_embed.bias', 'transformer.resblocks.9.Adapter.s_ln.weight', 'transformer.resblocks.9.Adapter.s_ln.bias', 'transformer.resblocks.9.Adapter.s_attn.conv_offset.0.weight', 'transformer.resblocks.9.Adapter.s_attn.conv_offset.0.bias', 'transformer.resblocks.9.Adapter.s_attn.conv_offset.1.norm.weight', 'transformer.resblocks.9.Adapter.s_attn.conv_offset.1.norm.bias', 'transformer.resblocks.9.Adapter.s_attn.conv_offset.3.weight', 'transformer.resblocks.9.Adapter.s_attn.proj_q.weight', 'transformer.resblocks.9.Adapter.s_attn.proj_q.bias', 'transformer.resblocks.9.Adapter.s_attn.proj_k.weight', 'transformer.resblocks.9.Adapter.s_attn.proj_k.bias', 'transformer.resblocks.9.Adapter.s_attn.proj_v.weight', 'transformer.resblocks.9.Adapter.s_attn.proj_v.bias', 'transformer.resblocks.9.Adapter.s_attn.proj_out.weight', 'transformer.resblocks.9.Adapter.s_attn.proj_out.bias', 'transformer.resblocks.9.Adapter.t_ln.weight', 'transformer.resblocks.9.Adapter.t_ln.bias', 'transformer.resblocks.9.Adapter.t_attn.conv_offset.0.weight', 'transformer.resblocks.9.Adapter.t_attn.conv_offset.0.bias', 'transformer.resblocks.9.Adapter.t_attn.conv_offset.1.norm.weight', 'transformer.resblocks.9.Adapter.t_attn.conv_offset.1.norm.bias', 'transformer.resblocks.9.Adapter.t_attn.conv_offset.3.weight', 'transformer.resblocks.9.Adapter.t_attn.proj_q.weight', 'transformer.resblocks.9.Adapter.t_attn.proj_q.bias', 'transformer.resblocks.9.Adapter.t_attn.proj_k.weight', 'transformer.resblocks.9.Adapter.t_attn.proj_k.bias', 'transformer.resblocks.9.Adapter.t_attn.proj_v.weight', 'transformer.resblocks.9.Adapter.t_attn.proj_v.bias', 'transformer.resblocks.9.Adapter.t_attn.proj_out.weight', 'transformer.resblocks.9.Adapter.t_attn.proj_out.bias', 'transformer.resblocks.9.Adapter.up.weight', 'transformer.resblocks.9.Adapter.up.bias', 'transformer.resblocks.10.Adapter.down.weight', 'transformer.resblocks.10.Adapter.down.bias', 'transformer.resblocks.10.Adapter.pos_embed.weight', 'transformer.resblocks.10.Adapter.pos_embed.bias', 'transformer.resblocks.10.Adapter.s_ln.weight', 'transformer.resblocks.10.Adapter.s_ln.bias', 'transformer.resblocks.10.Adapter.s_attn.conv_offset.0.weight', 'transformer.resblocks.10.Adapter.s_attn.conv_offset.0.bias', 'transformer.resblocks.10.Adapter.s_attn.conv_offset.1.norm.weight', 'transformer.resblocks.10.Adapter.s_attn.conv_offset.1.norm.bias', 'transformer.resblocks.10.Adapter.s_attn.conv_offset.3.weight', 'transformer.resblocks.10.Adapter.s_attn.proj_q.weight', 'transformer.resblocks.10.Adapter.s_attn.proj_q.bias', 'transformer.resblocks.10.Adapter.s_attn.proj_k.weight', 'transformer.resblocks.10.Adapter.s_attn.proj_k.bias', 'transformer.resblocks.10.Adapter.s_attn.proj_v.weight', 'transformer.resblocks.10.Adapter.s_attn.proj_v.bias', 'transformer.resblocks.10.Adapter.s_attn.proj_out.weight', 'transformer.resblocks.10.Adapter.s_attn.proj_out.bias', 'transformer.resblocks.10.Adapter.t_ln.weight', 'transformer.resblocks.10.Adapter.t_ln.bias', 'transformer.resblocks.10.Adapter.t_attn.conv_offset.0.weight', 'transformer.resblocks.10.Adapter.t_attn.conv_offset.0.bias', 'transformer.resblocks.10.Adapter.t_attn.conv_offset.1.norm.weight', 'transformer.resblocks.10.Adapter.t_attn.conv_offset.1.norm.bias', 'transformer.resblocks.10.Adapter.t_attn.conv_offset.3.weight', 'transformer.resblocks.10.Adapter.t_attn.proj_q.weight', 'transformer.resblocks.10.Adapter.t_attn.proj_q.bias', 'transformer.resblocks.10.Adapter.t_attn.proj_k.weight', 'transformer.resblocks.10.Adapter.t_attn.proj_k.bias', 'transformer.resblocks.10.Adapter.t_attn.proj_v.weight', 'transformer.resblocks.10.Adapter.t_attn.proj_v.bias', 'transformer.resblocks.10.Adapter.t_attn.proj_out.weight', 'transformer.resblocks.10.Adapter.t_attn.proj_out.bias', 'transformer.resblocks.10.Adapter.up.weight', 'transformer.resblocks.10.Adapter.up.bias', 'transformer.resblocks.11.Adapter.down.weight', 'transformer.resblocks.11.Adapter.down.bias', 'transformer.resblocks.11.Adapter.pos_embed.weight', 'transformer.resblocks.11.Adapter.pos_embed.bias', 'transformer.resblocks.11.Adapter.s_ln.weight', 'transformer.resblocks.11.Adapter.s_ln.bias', 'transformer.resblocks.11.Adapter.s_attn.conv_offset.0.weight', 'transformer.resblocks.11.Adapter.s_attn.conv_offset.0.bias', 'transformer.resblocks.11.Adapter.s_attn.conv_offset.1.norm.weight', 'transformer.resblocks.11.Adapter.s_attn.conv_offset.1.norm.bias', 'transformer.resblocks.11.Adapter.s_attn.conv_offset.3.weight', 'transformer.resblocks.11.Adapter.s_attn.proj_q.weight', 'transformer.resblocks.11.Adapter.s_attn.proj_q.bias', 'transformer.resblocks.11.Adapter.s_attn.proj_k.weight', 'transformer.resblocks.11.Adapter.s_attn.proj_k.bias', 'transformer.resblocks.11.Adapter.s_attn.proj_v.weight', 'transformer.resblocks.11.Adapter.s_attn.proj_v.bias', 'transformer.resblocks.11.Adapter.s_attn.proj_out.weight', 'transformer.resblocks.11.Adapter.s_attn.proj_out.bias', 'transformer.resblocks.11.Adapter.t_ln.weight', 'transformer.resblocks.11.Adapter.t_ln.bias', 'transformer.resblocks.11.Adapter.t_attn.conv_offset.0.weight', 'transformer.resblocks.11.Adapter.t_attn.conv_offset.0.bias', 'transformer.resblocks.11.Adapter.t_attn.conv_offset.1.norm.weight', 'transformer.resblocks.11.Adapter.t_attn.conv_offset.1.norm.bias', 'transformer.resblocks.11.Adapter.t_attn.conv_offset.3.weight', 'transformer.resblocks.11.Adapter.t_attn.proj_q.weight', 'transformer.resblocks.11.Adapter.t_attn.proj_q.bias', 'transformer.resblocks.11.Adapter.t_attn.proj_k.weight', 'transformer.resblocks.11.Adapter.t_attn.proj_k.bias', 'transformer.resblocks.11.Adapter.t_attn.proj_v.weight', 'transformer.resblocks.11.Adapter.t_attn.proj_v.bias', 'transformer.resblocks.11.Adapter.t_attn.proj_out.weight', 'transformer.resblocks.11.Adapter.t_attn.proj_out.bias', 'transformer.resblocks.11.Adapter.up.weight', 'transformer.resblocks.11.Adapter.up.bias', 'classification_layer.weight', 'classification_layer.bias', 'focus_branch.temporal_alpha', 'focus_branch.norm.weight', 'focus_branch.norm.bias', 'focus_branch.time_proj.weight', 'focus_branch.time_proj.bias', 'focus_branch.temporal.self_attn.in_proj_weight', 'focus_branch.temporal.self_attn.in_proj_bias', 'focus_branch.temporal.self_attn.out_proj.weight', 'focus_branch.temporal.self_attn.out_proj.bias', 'focus_branch.temporal.linear1.weight', 'focus_branch.temporal.linear1.bias', 'focus_branch.temporal.linear2.weight', 'focus_branch.temporal.linear2.bias', 'focus_branch.temporal.norm1.weight', 'focus_branch.temporal.norm1.bias', 'focus_branch.temporal.norm2.weight', 'focus_branch.temporal.norm2.bias', 'focus_branch.gate.0.weight', 'focus_branch.gate.0.bias', 'focus_branch.gate.2.weight', 'focus_branch.gate.2.bias', 'task_matcher.context_norm.weight', 'task_matcher.context_norm.bias', 'task_matcher.generator.0.weight', 'task_matcher.generator.0.bias', 'task_matcher.generator.3.weight', 'task_matcher.generator.3.bias', 'multi_velocity_matcher.velocity_logits', 'multi_velocity_matcher.motion_norm.weight', 'multi_velocity_matcher.motion_norm.bias', 'multi_velocity_matcher.motion_projection.0.weight', 'multi_velocity_matcher.motion_projection.0.bias', 'multi_velocity_matcher.motion_projection.3.weight', 'multi_velocity_matcher.motion_projection.3.bias']
[09/08 09:47:13][INFO] models.base.adapter: 1078: Unexpected keys: []
[09/08 09:47:13][INFO] models.base.adapter: 1079: => loaded successfully 'ViT-B/16'
[09/08 09:47:13][INFO] models.base.adapter: 1086: init:  transformer.resblocks.0.Adapter.up
[09/08 09:47:13][INFO] models.base.adapter: 1086: init:  transformer.resblocks.1.Adapter.up
[09/08 09:47:13][INFO] models.base.adapter: 1086: init:  transformer.resblocks.2.Adapter.up
[09/08 09:47:13][INFO] models.base.adapter: 1086: init:  transformer.resblocks.3.Adapter.up
[09/08 09:47:13][INFO] models.base.adapter: 1086: init:  transformer.resblocks.4.Adapter.up
[09/08 09:47:13][INFO] models.base.adapter: 1086: init:  transformer.resblocks.5.Adapter.up
[09/08 09:47:13][INFO] models.base.adapter: 1086: init:  transformer.resblocks.6.Adapter.up
[09/08 09:47:13][INFO] models.base.adapter: 1086: init:  transformer.resblocks.7.Adapter.up
[09/08 09:47:13][INFO] models.base.adapter: 1086: init:  transformer.resblocks.8.Adapter.up
[09/08 09:47:13][INFO] models.base.adapter: 1086: init:  transformer.resblocks.9.Adapter.up
[09/08 09:47:13][INFO] models.base.adapter: 1086: init:  transformer.resblocks.10.Adapter.up
[09/08 09:47:13][INFO] models.base.adapter: 1086: init:  transformer.resblocks.11.Adapter.up
[09/08 09:47:13][INFO] train_net_few_shot:  308: Model:
BaseVideoModel(
  (model): ViT_CLIP(
    (conv1): Conv2d(3, 768, kernel_size=(16, 16), stride=(16, 16), bias=False)
    (ln_pre): LayerNorm((768,), eps=1e-05, elementwise_affine=True, bias=True)
    (transformer): Transformer(
      (resblocks): ModuleList(
        (0-11): 12 x ResidualAttentionBlock(
          (ln_1): LayerNorm((768,), eps=1e-05, elementwise_affine=True, bias=True)
          (attn): MultiheadAttention(
            (out_proj): NonDynamicallyQuantizableLinear(in_features=768, out_features=768, bias=True)
          )
          (ln_2): LayerNorm((768,), eps=1e-05, elementwise_affine=True, bias=True)
          (mlp): Sequential(
            (c_fc): Linear(in_features=768, out_features=3072, bias=True)
            (gelu): QuickGELU()
            (c_proj): Linear(in_features=3072, out_features=768, bias=True)
          )
          (Adapter): ViT_D2ST_Adapter(
            (down): Linear(in_features=768, out_features=192, bias=True)
            (gelu1): GELU(approximate='none')
            (pos_embed): Conv3d(192, 192, kernel_size=(3, 3, 3), stride=(1, 1, 1), padding=(1, 1, 1), groups=192)
            (s_ln): LayerNorm((192,), eps=1e-05, elementwise_affine=True, bias=True)
            (s_attn): ViT_DeformAttention(
              (conv_offset): Sequential(
                (0): Conv3d(48, 48, kernel_size=(4, 5, 5), stride=(4, 3, 3), groups=48)
                (1): LayerNormProxy(
                  (norm): LayerNorm((48,), eps=1e-05, elementwise_affine=True, bias=True)
                )
                (2): GELU(approximate='none')
                (3): Conv3d(48, 3, kernel_size=(1, 1, 1), stride=(1, 1, 1), bias=False)
              )
              (proj_q): Linear(in_features=192, out_features=192, bias=True)
              (proj_k): Linear(in_features=192, out_features=192, bias=True)
              (proj_v): Linear(in_features=192, out_features=192, bias=True)
              (proj_out): Linear(in_features=192, out_features=192, bias=True)
            )
            (t_ln): LayerNorm((192,), eps=1e-05, elementwise_affine=True, bias=True)
            (t_attn): ViT_DeformAttention(
              (conv_offset): Sequential(
                (0): Conv3d(48, 48, kernel_size=(1, 7, 7), stride=(1, 7, 7), groups=48)
                (1): LayerNormProxy(
                  (norm): LayerNorm((48,), eps=1e-05, elementwise_affine=True, bias=True)
                )
                (2): GELU(approximate='none')
                (3): Conv3d(48, 3, kernel_size=(1, 1, 1), stride=(1, 1, 1), bias=False)
              )
              (proj_q): Linear(in_features=192, out_features=192, bias=True)
              (proj_k): Linear(in_features=192, out_features=192, bias=True)
              (proj_v): Linear(in_features=192, out_features=192, bias=True)
              (proj_out): Linear(in_features=192, out_features=192, bias=True)
            )
            (gelu): GELU(approximate='none')
            (up): Linear(in_features=192, out_features=768, bias=True)
            (gelu2): GELU(approximate='none')
          )
        )
      )
    )
    (ln_post): LayerNorm((768,), eps=1e-05, elementwise_affine=True, bias=True)
    (classification_layer): Linear(in_features=768, out_features=64, bias=True)
    (focus_branch): D2STFocusResidual(
      (norm): LayerNorm((768,), eps=1e-05, elementwise_affine=True, bias=True)
      (time_proj): Linear(in_features=1, out_features=768, bias=True)
      (temporal): TransformerEncoderLayer(
        (self_attn): MultiheadAttention(
          (out_proj): NonDynamicallyQuantizableLinear(in_features=768, out_features=768, bias=True)
        )
        (linear1): Linear(in_features=768, out_features=1536, bias=True)
        (dropout): Dropout(p=0.1, inplace=False)
        (linear2): Linear(in_features=1536, out_features=768, bias=True)
        (norm1): LayerNorm((768,), eps=1e-05, elementwise_affine=True, bias=True)
        (norm2): LayerNorm((768,), eps=1e-05, elementwise_affine=True, bias=True)
        (dropout1): Dropout(p=0.1, inplace=False)
        (dropout2): Dropout(p=0.1, inplace=False)
      )
      (gate): Sequential(
        (0): Linear(in_features=768, out_features=48, bias=True)
        (1): GELU(approximate='none')
        (2): Linear(in_features=48, out_features=1, bias=True)
      )
    )
    (task_matcher): D2STTaskAwareMatcher(
      (context_norm): LayerNorm((768,), eps=1e-05, elementwise_affine=True, bias=True)
      (generator): Sequential(
        (0): Linear(in_features=768, out_features=192, bias=True)
        (1): GELU(approximate='none')
        (2): Dropout(p=0.1, inplace=False)
        (3): Linear(in_features=192, out_features=64, bias=True)
      )
    )
    (multi_velocity_matcher): D2STMultiVelocityMatcher(
      (motion_norm): LayerNorm((768,), eps=1e-05, elementwise_affine=True, bias=True)
      (motion_projection): Sequential(
        (0): Linear(in_features=768, out_features=192, bias=True)
        (1): GELU(approximate='none')
        (2): Dropout(p=0.1, inplace=False)
        (3): Linear(in_features=192, out_features=768, bias=True)
      )
    )
  )
)
[09/08 09:47:13][INFO] models.utils.optimizer:   82: Optimized parameters constructed. Parameters without weight decay: []
[09/08 09:47:13][INFO] datasets.base.few_shot_dataset:   97: Reading video list from file: train_few_shot.txt
[09/08 09:47:13][INFO] datasets.base.few_shot_dataset:  127: Loading SSv2-Full dataset list for split 'train'...
[09/08 09:47:13][INFO] datasets.base.few_shot_dataset:   47: loaded 67013 videos from train dataset: SSv2-Full !
[09/08 09:47:13][INFO] datasets.base.few_shot_dataset:  153: Dataset SSv2-Full split train loaded. Length 67013.
[09/08 09:47:13][INFO] datasets.base.few_shot_dataset:   97: Reading video list from file: test_few_shot.txt
[09/08 09:47:13][INFO] datasets.base.few_shot_dataset:  127: Loading SSv2-Full dataset list for split 'test'...
[09/08 09:47:13][INFO] datasets.base.few_shot_dataset:   47: loaded 2857 videos from test dataset: SSv2-Full !
[09/08 09:47:13][INFO] datasets.base.few_shot_dataset:  153: Dataset SSv2-Full split test loaded. Length 2857.
[09/08 09:47:13][INFO] train_net_few_shot:  330: Start epoch: 1
[09/08 09:47:13][INFO] train_net_few_shot:  363: Number of total parameters: 98355111, tunable parameters: 12557991
[09/08 09:47:13][INFO] train_net_few_shot:   89: Norm training: True
[09/08 09:47:13][INFO] train_net_few_shot:  107: Gradient accumulation: steps=4, normalize=False
[09/08 09:48:39][INFO] utils.logging:   91: {"_type": "train_iter", "iter": "200/30000", "loss": 9.865407, "lr": 0.000253, "top1_acc": 37.099999}
[09/08 09:50:03][INFO] utils.logging:   91: {"_type": "train_iter", "iter": "400/30000", "loss": 9.035128, "lr": 0.000306, "top1_acc": 43.900000}
[09/08 09:51:28][INFO] utils.logging:   91: {"_type": "train_iter", "iter": "600/30000", "loss": 8.115482, "lr": 0.000360, "top1_acc": 47.400000}
[09/08 09:52:52][INFO] utils.logging:   91: {"_type": "train_iter", "iter": "800/30000", "loss": 7.472027, "lr": 0.000413, "top1_acc": 51.900000}
[09/08 09:54:16][INFO] utils.logging:   91: {"_type": "train_iter", "iter": "1000/30000", "loss": 7.049879, "lr": 0.000466, "top1_acc": 51.700000}
[09/08 09:55:41][INFO] utils.logging:   91: {"_type": "train_iter", "iter": "1200/30000", "loss": 6.343661, "lr": 0.000520, "top1_acc": 53.000001}
[09/08 09:57:06][INFO] utils.logging:   91: {"_type": "train_iter", "iter": "1400/30000", "loss": 5.962033, "lr": 0.000573, "top1_acc": 60.500001}
[09/08 09:58:31][INFO] utils.logging:   91: {"_type": "train_iter", "iter": "1600/30000", "loss": 5.959679, "lr": 0.000626, "top1_acc": 57.300001}
[09/08 09:59:56][INFO] utils.logging:   91: {"_type": "train_iter", "iter": "1800/30000", "loss": 5.580439, "lr": 0.000680, "top1_acc": 57.600001}
[09/08 10:01:20][INFO] utils.logging:   91: {"_type": "train_iter", "iter": "2000/30000", "loss": 5.566774, "lr": 0.000733, "top1_acc": 63.700001}
[09/08 10:02:45][INFO] utils.logging:   91: {"_type": "train_iter", "iter": "2200/30000", "loss": 5.395759, "lr": 0.000786, "top1_acc": 62.400001}
[09/08 10:04:09][INFO] utils.logging:   91: {"_type": "train_iter", "iter": "2400/30000", "loss": 5.184845, "lr": 0.000840, "top1_acc": 62.500001}
[09/08 10:05:33][INFO] utils.logging:   91: {"_type": "train_iter", "iter": "2600/30000", "loss": 4.925635, "lr": 0.000893, "top1_acc": 64.300001}
[09/08 10:06:58][INFO] utils.logging:   91: {"_type": "train_iter", "iter": "2800/30000", "loss": 5.025913, "lr": 0.000946, "top1_acc": 64.800001}
[09/08 10:08:22][INFO] utils.logging:   91: {"_type": "train_iter", "iter": "3000/30000", "loss": 4.800506, "lr": 0.001000, "top1_acc": 66.700001}
[09/08 10:09:46][INFO] utils.logging:   91: {"_type": "train_iter", "iter": "3200/30000", "loss": 4.784083, "lr": 0.001000, "top1_acc": 63.600001}
[09/08 10:11:11][INFO] utils.logging:   91: {"_type": "train_iter", "iter": "3400/30000", "loss": 4.556078, "lr": 0.001000, "top1_acc": 67.300001}
[09/08 10:12:35][INFO] utils.logging:   91: {"_type": "train_iter", "iter": "3600/30000", "loss": 4.579034, "lr": 0.001000, "top1_acc": 66.900001}
[09/08 10:13:59][INFO] utils.logging:   91: {"_type": "train_iter", "iter": "3800/30000", "loss": 4.299286, "lr": 0.001000, "top1_acc": 69.000002}
[09/08 10:15:24][INFO] utils.logging:   91: {"_type": "train_iter", "iter": "4000/30000", "loss": 4.014705, "lr": 0.001000, "top1_acc": 68.400001}
[09/08 10:16:48][INFO] utils.logging:   91: {"_type": "train_iter", "iter": "4200/30000", "loss": 4.316124, "lr": 0.001000, "top1_acc": 69.400001}
[09/08 10:18:12][INFO] utils.logging:   91: {"_type": "train_iter", "iter": "4400/30000", "loss": 4.135773, "lr": 0.001000, "top1_acc": 66.600001}
[09/08 10:19:36][INFO] utils.logging:   91: {"_type": "train_iter", "iter": "4600/30000", "loss": 3.724257, "lr": 0.001000, "top1_acc": 69.100001}
[09/08 10:21:01][INFO] utils.logging:   91: {"_type": "train_iter", "iter": "4800/30000", "loss": 3.722611, "lr": 0.001000, "top1_acc": 71.100001}
[09/08 10:22:25][INFO] utils.logging:   91: {"_type": "train_iter", "iter": "5000/30000", "loss": 3.749898, "lr": 0.001000, "top1_acc": 72.900002}
[09/08 10:23:49][INFO] utils.logging:   91: {"_type": "train_iter", "iter": "5200/30000", "loss": 3.407067, "lr": 0.001000, "top1_acc": 74.700001}
[09/08 10:25:14][INFO] utils.logging:   91: {"_type": "train_iter", "iter": "5400/30000", "loss": 3.796421, "lr": 0.001000, "top1_acc": 70.700002}
[09/08 10:26:38][INFO] utils.logging:   91: {"_type": "train_iter", "iter": "5600/30000", "loss": 3.521429, "lr": 0.001000, "top1_acc": 71.000001}
[09/08 10:28:02][INFO] utils.logging:   91: {"_type": "train_iter", "iter": "5800/30000", "loss": 3.739068, "lr": 0.001000, "top1_acc": 70.400002}
[09/08 10:29:27][INFO] utils.logging:   91: {"_type": "train_iter", "iter": "6000/30000", "loss": 3.341632, "lr": 0.001000, "top1_acc": 75.300001}
[09/08 10:30:51][INFO] utils.logging:   91: {"_type": "train_iter", "iter": "6200/30000", "loss": 3.193159, "lr": 0.001000, "top1_acc": 75.600001}
[09/08 10:32:15][INFO] utils.logging:   91: {"_type": "train_iter", "iter": "6400/30000", "loss": 3.320767, "lr": 0.001000, "top1_acc": 73.700002}
[09/08 10:33:40][INFO] utils.logging:   91: {"_type": "train_iter", "iter": "6600/30000", "loss": 3.459922, "lr": 0.001000, "top1_acc": 74.800001}
[09/08 10:35:04][INFO] utils.logging:   91: {"_type": "train_iter", "iter": "6800/30000", "loss": 3.382544, "lr": 0.001000, "top1_acc": 75.600001}
[09/08 10:36:28][INFO] utils.logging:   91: {"_type": "train_iter", "iter": "7000/30000", "loss": 3.104429, "lr": 0.001000, "top1_acc": 79.000001}
[09/08 10:37:53][INFO] utils.logging:   91: {"_type": "train_iter", "iter": "7200/30000", "loss": 3.063620, "lr": 0.001000, "top1_acc": 75.800001}
[09/08 10:39:18][INFO] utils.logging:   91: {"_type": "train_iter", "iter": "7400/30000", "loss": 2.971120, "lr": 0.001000, "top1_acc": 76.900001}
[09/08 10:40:43][INFO] utils.logging:   91: {"_type": "train_iter", "iter": "7600/30000", "loss": 2.868124, "lr": 0.001000, "top1_acc": 79.600001}
[09/08 10:42:07][INFO] utils.logging:   91: {"_type": "train_iter", "iter": "7800/30000", "loss": 2.793942, "lr": 0.001000, "top1_acc": 77.900001}
[09/08 10:43:32][INFO] utils.logging:   91: {"_type": "train_iter", "iter": "8000/30000", "loss": 2.832309, "lr": 0.001000, "top1_acc": 76.400001}
[09/08 10:44:57][INFO] utils.logging:   91: {"_type": "train_iter", "iter": "8200/30000", "loss": 2.858832, "lr": 0.001000, "top1_acc": 77.100001}
[09/08 10:46:22][INFO] utils.logging:   91: {"_type": "train_iter", "iter": "8400/30000", "loss": 2.829000, "lr": 0.001000, "top1_acc": 77.200001}
[09/08 10:47:24][INFO] datasets.base.few_shot_dataset:  500: Error at decoding. Vid index: 54100, Vid path: /mnt/data/yanyi2025/lrc/action_data/ssv2/videos/videos/96464.webm
[09/08 10:47:47][INFO] utils.logging:   91: {"_type": "train_iter", "iter": "8600/30000", "loss": 2.764162, "lr": 0.001000, "top1_acc": 77.500001}
[09/08 10:49:11][INFO] utils.logging:   91: {"_type": "train_iter", "iter": "8800/30000", "loss": 2.850833, "lr": 0.001000, "top1_acc": 77.200001}
[09/08 10:50:36][INFO] utils.logging:   91: {"_type": "train_iter", "iter": "9000/30000", "loss": 2.963275, "lr": 0.001000, "top1_acc": 76.300001}
[09/08 10:52:00][INFO] utils.logging:   91: {"_type": "train_iter", "iter": "9200/30000", "loss": 2.572576, "lr": 0.001000, "top1_acc": 80.300001}
[09/08 10:53:24][INFO] utils.logging:   91: {"_type": "train_iter", "iter": "9400/30000", "loss": 2.716780, "lr": 0.001000, "top1_acc": 76.700002}
[09/08 10:54:48][INFO] utils.logging:   91: {"_type": "train_iter", "iter": "9600/30000", "loss": 2.656834, "lr": 0.001000, "top1_acc": 80.400001}
[09/08 10:56:13][INFO] utils.logging:   91: {"_type": "train_iter", "iter": "9800/30000", "loss": 2.342090, "lr": 0.001000, "top1_acc": 79.500001}
[09/08 10:57:41][INFO] datasets.base.few_shot_dataset:  420: Error at decoding. Vid index: 2581, Vid path: /mnt/data/yanyi2025/lrc/action_data/ssv2/videos/videos/113474.webm
[09/08 10:57:49][INFO] datasets.base.few_shot_dataset:  420: Error at decoding. Vid index: 2581, Vid path: /mnt/data/yanyi2025/lrc/action_data/ssv2/videos/videos/113474.webm
[09/08 10:58:01][INFO] utils.logging:   91: {"_type": "val_iter", "gpu_mem": "1.86 GB", "iter": "200/10000", "top1_acc": 59.700001}
[09/08 10:58:25][INFO] utils.logging:   91: {"_type": "val_iter", "gpu_mem": "1.86 GB", "iter": "400/10000", "top1_acc": 57.800001}
[09/08 10:58:49][WARNING] datasets.base.few_shot_dataset:  251: Error at decoding. 1/5. Vid index: [185, 182], Vid path: 9
[09/08 10:58:49][INFO] utils.logging:   91: {"_type": "val_iter", "gpu_mem": "1.86 GB", "iter": "600/10000", "top1_acc": 61.600001}
[09/08 10:59:13][INFO] utils.logging:   91: {"_type": "val_iter", "gpu_mem": "1.86 GB", "iter": "800/10000", "top1_acc": 62.500001}
[09/08 10:59:37][INFO] utils.logging:   91: {"_type": "val_iter", "gpu_mem": "1.86 GB", "iter": "1000/10000", "top1_acc": 60.100001}
[09/08 10:59:55][WARNING] datasets.base.few_shot_dataset:  251: Error at decoding. 1/5. Vid index: [64, 185], Vid path: 9
[09/08 11:00:01][INFO] utils.logging:   91: {"_type": "val_iter", "gpu_mem": "1.86 GB", "iter": "1200/10000", "top1_acc": 60.800001}
[09/08 11:00:25][INFO] utils.logging:   91: {"_type": "val_iter", "gpu_mem": "1.86 GB", "iter": "1400/10000", "top1_acc": 57.800001}
[09/08 11:00:49][INFO] utils.logging:   91: {"_type": "val_iter", "gpu_mem": "1.86 GB", "iter": "1600/10000", "top1_acc": 58.200001}
[09/08 11:01:14][INFO] utils.logging:   91: {"_type": "val_iter", "gpu_mem": "1.86 GB", "iter": "1800/10000", "top1_acc": 59.400001}
[09/08 11:01:38][INFO] utils.logging:   91: {"_type": "val_iter", "gpu_mem": "1.86 GB", "iter": "2000/10000", "top1_acc": 60.100001}
[09/08 11:01:56][INFO] datasets.base.few_shot_dataset:  420: Error at decoding. Vid index: 2581, Vid path: /mnt/data/yanyi2025/lrc/action_data/ssv2/videos/videos/113474.webm
[09/08 11:02:02][INFO] utils.logging:   91: {"_type": "val_iter", "gpu_mem": "1.86 GB", "iter": "2200/10000", "top1_acc": 57.900001}
[09/08 11:02:21][WARNING] datasets.base.few_shot_dataset:  251: Error at decoding. 1/5. Vid index: [86, 185], Vid path: 9
[09/08 11:02:26][INFO] utils.logging:   91: {"_type": "val_iter", "gpu_mem": "1.86 GB", "iter": "2400/10000", "top1_acc": 57.000001}
[09/08 11:02:50][INFO] utils.logging:   91: {"_type": "val_iter", "gpu_mem": "1.86 GB", "iter": "2600/10000", "top1_acc": 58.400001}
[09/08 11:03:14][INFO] utils.logging:   91: {"_type": "val_iter", "gpu_mem": "1.86 GB", "iter": "2800/10000", "top1_acc": 63.100001}
[09/08 11:03:38][INFO] utils.logging:   91: {"_type": "val_iter", "gpu_mem": "1.86 GB", "iter": "3000/10000", "top1_acc": 62.800001}
[09/08 11:04:02][INFO] utils.logging:   91: {"_type": "val_iter", "gpu_mem": "1.86 GB", "iter": "3200/10000", "top1_acc": 59.200001}
[09/08 11:04:26][INFO] utils.logging:   91: {"_type": "val_iter", "gpu_mem": "1.86 GB", "iter": "3400/10000", "top1_acc": 60.800001}
[09/08 11:04:41][WARNING] datasets.base.few_shot_dataset:  251: Error at decoding. 1/5. Vid index: [185, 52], Vid path: 9
[09/08 11:04:50][INFO] utils.logging:   91: {"_type": "val_iter", "gpu_mem": "1.86 GB", "iter": "3600/10000", "top1_acc": 59.200001}
[09/08 11:05:14][INFO] utils.logging:   91: {"_type": "val_iter", "gpu_mem": "1.86 GB", "iter": "3800/10000", "top1_acc": 59.700001}
[09/08 11:05:34][WARNING] datasets.base.few_shot_dataset:  251: Error at decoding. 1/5. Vid index: [116, 185], Vid path: 9
[09/08 11:05:38][INFO] utils.logging:   91: {"_type": "val_iter", "gpu_mem": "1.86 GB", "iter": "4000/10000", "top1_acc": 60.700001}
[09/08 11:06:01][INFO] datasets.base.few_shot_dataset:  420: Error at decoding. Vid index: 2581, Vid path: /mnt/data/yanyi2025/lrc/action_data/ssv2/videos/videos/113474.webm
[09/08 11:06:03][INFO] utils.logging:   91: {"_type": "val_iter", "gpu_mem": "1.86 GB", "iter": "4200/10000", "top1_acc": 61.600001}
[09/08 11:06:27][INFO] utils.logging:   91: {"_type": "val_iter", "gpu_mem": "1.86 GB", "iter": "4400/10000", "top1_acc": 59.200001}
[09/08 11:06:51][INFO] utils.logging:   91: {"_type": "val_iter", "gpu_mem": "1.86 GB", "iter": "4600/10000", "top1_acc": 61.200001}
[09/08 11:07:15][INFO] utils.logging:   91: {"_type": "val_iter", "gpu_mem": "1.86 GB", "iter": "4800/10000", "top1_acc": 61.400001}
[09/08 11:07:39][INFO] utils.logging:   91: {"_type": "val_iter", "gpu_mem": "1.86 GB", "iter": "5000/10000", "top1_acc": 58.700001}
[09/08 11:07:56][WARNING] datasets.base.few_shot_dataset:  251: Error at decoding. 1/5. Vid index: [179, 185], Vid path: 9
[09/08 11:08:00][WARNING] datasets.base.few_shot_dataset:  251: Error at decoding. 1/5. Vid index: [185, 88], Vid path: 9
[09/08 11:08:03][INFO] utils.logging:   91: {"_type": "val_iter", "gpu_mem": "1.86 GB", "iter": "5200/10000", "top1_acc": 60.500001}
[09/08 11:08:27][INFO] utils.logging:   91: {"_type": "val_iter", "gpu_mem": "1.86 GB", "iter": "5400/10000", "top1_acc": 57.100001}
[09/08 11:08:51][INFO] utils.logging:   91: {"_type": "val_iter", "gpu_mem": "1.86 GB", "iter": "5600/10000", "top1_acc": 58.200001}
[09/08 11:09:02][WARNING] datasets.base.few_shot_dataset:  251: Error at decoding. 1/5. Vid index: [159, 185], Vid path: 9
[09/08 11:09:15][INFO] utils.logging:   91: {"_type": "val_iter", "gpu_mem": "1.86 GB", "iter": "5800/10000", "top1_acc": 62.200001}
[09/08 11:09:40][INFO] utils.logging:   91: {"_type": "val_iter", "gpu_mem": "1.86 GB", "iter": "6000/10000", "top1_acc": 60.400001}
[09/08 11:10:04][INFO] utils.logging:   91: {"_type": "val_iter", "gpu_mem": "1.86 GB", "iter": "6200/10000", "top1_acc": 60.100001}
[09/08 11:10:28][INFO] utils.logging:   91: {"_type": "val_iter", "gpu_mem": "1.86 GB", "iter": "6400/10000", "top1_acc": 59.200001}
[09/08 11:10:52][INFO] utils.logging:   91: {"_type": "val_iter", "gpu_mem": "1.86 GB", "iter": "6600/10000", "top1_acc": 60.200001}
[09/08 11:11:16][INFO] utils.logging:   91: {"_type": "val_iter", "gpu_mem": "1.86 GB", "iter": "6800/10000", "top1_acc": 59.600001}
[09/08 11:11:40][INFO] utils.logging:   91: {"_type": "val_iter", "gpu_mem": "1.86 GB", "iter": "7000/10000", "top1_acc": 63.700001}
[09/08 11:12:04][INFO] utils.logging:   91: {"_type": "val_iter", "gpu_mem": "1.86 GB", "iter": "7200/10000", "top1_acc": 60.400001}
[09/08 11:12:28][INFO] utils.logging:   91: {"_type": "val_iter", "gpu_mem": "1.86 GB", "iter": "7400/10000", "top1_acc": 61.100001}
[09/08 11:12:53][INFO] utils.logging:   91: {"_type": "val_iter", "gpu_mem": "1.86 GB", "iter": "7600/10000", "top1_acc": 63.600001}
[09/08 11:13:17][INFO] utils.logging:   91: {"_type": "val_iter", "gpu_mem": "1.86 GB", "iter": "7800/10000", "top1_acc": 57.400001}
[09/08 11:13:41][INFO] utils.logging:   91: {"_type": "val_iter", "gpu_mem": "1.86 GB", "iter": "8000/10000", "top1_acc": 60.700001}
[09/08 11:14:05][INFO] utils.logging:   91: {"_type": "val_iter", "gpu_mem": "1.86 GB", "iter": "8200/10000", "top1_acc": 63.800001}
[09/08 11:14:29][INFO] utils.logging:   91: {"_type": "val_iter", "gpu_mem": "1.86 GB", "iter": "8400/10000", "top1_acc": 61.000002}
[09/08 11:14:53][INFO] utils.logging:   91: {"_type": "val_iter", "gpu_mem": "1.86 GB", "iter": "8600/10000", "top1_acc": 60.200001}
[09/08 11:15:17][INFO] utils.logging:   91: {"_type": "val_iter", "gpu_mem": "1.86 GB", "iter": "8800/10000", "top1_acc": 60.600001}
[09/08 11:15:42][INFO] utils.logging:   91: {"_type": "val_iter", "gpu_mem": "1.86 GB", "iter": "9000/10000", "top1_acc": 60.200001}
[09/08 11:16:05][INFO] datasets.base.few_shot_dataset:  420: Error at decoding. Vid index: 2581, Vid path: /mnt/data/yanyi2025/lrc/action_data/ssv2/videos/videos/113474.webm
[09/08 11:16:06][INFO] utils.logging:   91: {"_type": "val_iter", "gpu_mem": "1.86 GB", "iter": "9200/10000", "top1_acc": 61.400001}
[09/08 11:16:30][INFO] utils.logging:   91: {"_type": "val_iter", "gpu_mem": "1.86 GB", "iter": "9400/10000", "top1_acc": 62.300001}
[09/08 11:16:48][WARNING] datasets.base.few_shot_dataset:  251: Error at decoding. 1/5. Vid index: [81, 185], Vid path: 9
[09/08 11:16:54][INFO] utils.logging:   91: {"_type": "val_iter", "gpu_mem": "1.86 GB", "iter": "9600/10000", "top1_acc": 60.900001}
[09/08 11:17:18][INFO] utils.logging:   91: {"_type": "val_iter", "gpu_mem": "1.86 GB", "iter": "9800/10000", "top1_acc": 57.000001}
[09/08 11:17:42][INFO] utils.logging:   91: {"_type": "val_iter", "gpu_mem": "1.86 GB", "iter": "10000/10000", "top1_acc": 58.200001}
[09/08 11:17:42][INFO] utils.logging:   91: {"RAM": "13.42/125.63 GB", "_type": "val_epoch", "epoch": "1", "gpu_mem": "1.86 GB", "top1_acc": 60.178001}
[09/08 11:17:42][INFO] train_net_few_shot:   53: Fusion weights: focus=0.061953, task_match=0.038443, multi_velocity=0.036526
[09/08 11:17:42][INFO] train_net_few_shot:   73: Multi-velocity matcher: motion_delta=0.02824673056602478, velocity_weights=[0.3639199733734131, 0.6360800266265869], logit_delta=4.013776779174805
[09/08 11:17:43][INFO] train_net_few_shot:  145: New best validation accuracy: 60.1780; checkpoint=output/SSv2_Full_FOCUS_TASK_MATCH_MULTI_VELOCITY/checkpoints/checkpoint_best.pyth
[09/08 11:17:43][INFO] utils.logging:   91: {"_type": "train_iter", "iter": "10000/30000", "loss": 2.547354, "lr": 0.001000, "top1_acc": 80.800001}
[09/08 11:19:07][INFO] utils.logging:   91: {"_type": "train_iter", "iter": "10200/30000", "loss": 2.459095, "lr": 0.001000, "top1_acc": 80.400001}
[09/08 11:20:32][INFO] utils.logging:   91: {"_type": "train_iter", "iter": "10400/30000", "loss": 2.440818, "lr": 0.001000, "top1_acc": 79.500001}
[09/08 11:21:56][INFO] utils.logging:   91: {"_type": "train_iter", "iter": "10600/30000", "loss": 2.538541, "lr": 0.001000, "top1_acc": 78.500002}
[09/08 11:23:20][INFO] utils.logging:   91: {"_type": "train_iter", "iter": "10800/30000", "loss": 2.272702, "lr": 0.001000, "top1_acc": 82.600001}
[09/08 11:24:44][INFO] utils.logging:   91: {"_type": "train_iter", "iter": "11000/30000", "loss": 2.368354, "lr": 0.001000, "top1_acc": 81.800001}
[09/08 11:26:09][INFO] utils.logging:   91: {"_type": "train_iter", "iter": "11200/30000", "loss": 2.477064, "lr": 0.001000, "top1_acc": 81.000001}
[09/08 11:27:33][INFO] utils.logging:   91: {"_type": "train_iter", "iter": "11400/30000", "loss": 2.264280, "lr": 0.001000, "top1_acc": 81.100001}
[09/08 11:28:57][INFO] utils.logging:   91: {"_type": "train_iter", "iter": "11600/30000", "loss": 2.151119, "lr": 0.001000, "top1_acc": 83.000001}
[09/08 11:30:22][INFO] utils.logging:   91: {"_type": "train_iter", "iter": "11800/30000", "loss": 2.204427, "lr": 0.001000, "top1_acc": 81.500001}
[09/08 11:31:46][INFO] utils.logging:   91: {"_type": "train_iter", "iter": "12000/30000", "loss": 2.105314, "lr": 0.001000, "top1_acc": 81.200001}
[09/08 11:33:10][INFO] utils.logging:   91: {"_type": "train_iter", "iter": "12200/30000", "loss": 2.080426, "lr": 0.000500, "top1_acc": 79.800001}
[09/08 11:34:34][INFO] utils.logging:   91: {"_type": "train_iter", "iter": "12400/30000", "loss": 1.889678, "lr": 0.000500, "top1_acc": 83.200001}
[09/08 11:35:59][INFO] utils.logging:   91: {"_type": "train_iter", "iter": "12600/30000", "loss": 1.761699, "lr": 0.000500, "top1_acc": 86.000001}
[09/08 11:37:23][INFO] utils.logging:   91: {"_type": "train_iter", "iter": "12800/30000", "loss": 1.816182, "lr": 0.000500, "top1_acc": 83.700001}
[09/08 11:38:47][INFO] utils.logging:   91: {"_type": "train_iter", "iter": "13000/30000", "loss": 1.665794, "lr": 0.000500, "top1_acc": 86.400001}
[09/08 11:40:12][INFO] utils.logging:   91: {"_type": "train_iter", "iter": "13200/30000", "loss": 1.608616, "lr": 0.000500, "top1_acc": 85.400001}
[09/08 11:41:36][INFO] utils.logging:   91: {"_type": "train_iter", "iter": "13400/30000", "loss": 1.713639, "lr": 0.000500, "top1_acc": 83.900001}
[09/08 11:43:00][INFO] utils.logging:   91: {"_type": "train_iter", "iter": "13600/30000", "loss": 1.643069, "lr": 0.000500, "top1_acc": 87.600001}
[09/08 11:44:25][INFO] utils.logging:   91: {"_type": "train_iter", "iter": "13800/30000", "loss": 1.598793, "lr": 0.000500, "top1_acc": 86.800001}
[09/08 11:45:49][INFO] utils.logging:   91: {"_type": "train_iter", "iter": "14000/30000", "loss": 1.638353, "lr": 0.000500, "top1_acc": 86.000001}
[09/08 11:47:13][INFO] utils.logging:   91: {"_type": "train_iter", "iter": "14200/30000", "loss": 1.674070, "lr": 0.000500, "top1_acc": 84.900001}
[09/08 11:48:37][INFO] utils.logging:   91: {"_type": "train_iter", "iter": "14400/30000", "loss": 1.611637, "lr": 0.000500, "top1_acc": 84.400001}
[09/08 11:50:02][INFO] utils.logging:   91: {"_type": "train_iter", "iter": "14600/30000", "loss": 1.717341, "lr": 0.000500, "top1_acc": 85.600001}
[09/08 11:51:26][INFO] utils.logging:   91: {"_type": "train_iter", "iter": "14800/30000", "loss": 1.530584, "lr": 0.000500, "top1_acc": 86.600001}
[09/08 11:52:50][INFO] utils.logging:   91: {"_type": "train_iter", "iter": "15000/30000", "loss": 1.498433, "lr": 0.000500, "top1_acc": 86.800001}
[09/08 11:54:14][INFO] utils.logging:   91: {"_type": "train_iter", "iter": "15200/30000", "loss": 1.456775, "lr": 0.000500, "top1_acc": 87.700001}
[09/08 11:55:39][INFO] utils.logging:   91: {"_type": "train_iter", "iter": "15400/30000", "loss": 1.640344, "lr": 0.000500, "top1_acc": 86.800001}
[09/08 11:57:03][INFO] utils.logging:   91: {"_type": "train_iter", "iter": "15600/30000", "loss": 1.516729, "lr": 0.000500, "top1_acc": 86.900001}
[09/08 11:58:27][INFO] utils.logging:   91: {"_type": "train_iter", "iter": "15800/30000", "loss": 1.355994, "lr": 0.000500, "top1_acc": 88.600001}
[09/08 11:59:51][INFO] utils.logging:   91: {"_type": "train_iter", "iter": "16000/30000", "loss": 1.484816, "lr": 0.000500, "top1_acc": 86.100001}
[09/08 12:01:16][INFO] utils.logging:   91: {"_type": "train_iter", "iter": "16200/30000", "loss": 1.364522, "lr": 0.000500, "top1_acc": 87.600001}
[09/08 12:02:40][INFO] utils.logging:   91: {"_type": "train_iter", "iter": "16400/30000", "loss": 1.415259, "lr": 0.000500, "top1_acc": 89.200001}
[09/08 12:04:04][INFO] utils.logging:   91: {"_type": "train_iter", "iter": "16600/30000", "loss": 1.468540, "lr": 0.000500, "top1_acc": 87.600001}
[09/08 12:05:29][INFO] utils.logging:   91: {"_type": "train_iter", "iter": "16800/30000", "loss": 1.309651, "lr": 0.000500, "top1_acc": 88.500001}
[09/08 12:06:53][INFO] utils.logging:   91: {"_type": "train_iter", "iter": "17000/30000", "loss": 1.474989, "lr": 0.000500, "top1_acc": 88.500001}
[09/08 12:08:17][INFO] utils.logging:   91: {"_type": "train_iter", "iter": "17200/30000", "loss": 1.388721, "lr": 0.000500, "top1_acc": 87.500001}
[09/08 12:09:42][INFO] utils.logging:   91: {"_type": "train_iter", "iter": "17400/30000", "loss": 1.496785, "lr": 0.000500, "top1_acc": 86.600001}
[09/08 12:11:06][INFO] utils.logging:   91: {"_type": "train_iter", "iter": "17600/30000", "loss": 1.338773, "lr": 0.000500, "top1_acc": 89.000001}
[09/08 12:12:30][INFO] utils.logging:   91: {"_type": "train_iter", "iter": "17800/30000", "loss": 1.300957, "lr": 0.000500, "top1_acc": 88.200001}
[09/08 12:13:54][INFO] utils.logging:   91: {"_type": "train_iter", "iter": "18000/30000", "loss": 1.147381, "lr": 0.000500, "top1_acc": 89.700001}
[09/08 12:15:19][INFO] utils.logging:   91: {"_type": "train_iter", "iter": "18200/30000", "loss": 1.407689, "lr": 0.000100, "top1_acc": 88.200001}
[09/08 12:16:43][INFO] utils.logging:   91: {"_type": "train_iter", "iter": "18400/30000", "loss": 1.220446, "lr": 0.000100, "top1_acc": 90.300001}
[09/08 12:18:07][INFO] utils.logging:   91: {"_type": "train_iter", "iter": "18600/30000", "loss": 1.185170, "lr": 0.000100, "top1_acc": 87.600001}
[09/08 12:19:31][INFO] utils.logging:   91: {"_type": "train_iter", "iter": "18800/30000", "loss": 1.103702, "lr": 0.000100, "top1_acc": 88.100001}
[09/08 12:20:56][INFO] utils.logging:   91: {"_type": "train_iter", "iter": "19000/30000", "loss": 1.043731, "lr": 0.000100, "top1_acc": 89.200001}
[09/08 12:22:20][INFO] utils.logging:   91: {"_type": "train_iter", "iter": "19200/30000", "loss": 1.142417, "lr": 0.000100, "top1_acc": 88.900001}
[09/08 12:23:44][INFO] utils.logging:   91: {"_type": "train_iter", "iter": "19400/30000", "loss": 1.040105, "lr": 0.000100, "top1_acc": 90.800001}
[09/08 12:25:09][INFO] utils.logging:   91: {"_type": "train_iter", "iter": "19600/30000", "loss": 1.027451, "lr": 0.000100, "top1_acc": 91.600001}
[09/08 12:26:33][INFO] utils.logging:   91: {"_type": "train_iter", "iter": "19800/30000", "loss": 1.067238, "lr": 0.000100, "top1_acc": 91.200001}
[09/08 12:28:01][INFO] datasets.base.few_shot_dataset:  420: Error at decoding. Vid index: 2581, Vid path: /mnt/data/yanyi2025/lrc/action_data/ssv2/videos/videos/113474.webm
[09/08 12:28:09][INFO] datasets.base.few_shot_dataset:  420: Error at decoding. Vid index: 2581, Vid path: /mnt/data/yanyi2025/lrc/action_data/ssv2/videos/videos/113474.webm
[09/08 12:28:21][INFO] utils.logging:   91: {"_type": "val_iter", "gpu_mem": "1.86 GB", "iter": "200/10000", "top1_acc": 66.600001}
[09/08 12:28:45][INFO] utils.logging:   91: {"_type": "val_iter", "gpu_mem": "1.86 GB", "iter": "400/10000", "top1_acc": 62.800001}
[09/08 12:29:09][WARNING] datasets.base.few_shot_dataset:  251: Error at decoding. 1/5. Vid index: [185, 182], Vid path: 9
[09/08 12:29:09][INFO] utils.logging:   91: {"_type": "val_iter", "gpu_mem": "1.86 GB", "iter": "600/10000", "top1_acc": 65.300002}
[09/08 12:29:33][INFO] utils.logging:   91: {"_type": "val_iter", "gpu_mem": "1.86 GB", "iter": "800/10000", "top1_acc": 66.000001}
[09/08 12:29:57][INFO] utils.logging:   91: {"_type": "val_iter", "gpu_mem": "1.86 GB", "iter": "1000/10000", "top1_acc": 66.100001}
[09/08 12:30:15][WARNING] datasets.base.few_shot_dataset:  251: Error at decoding. 1/5. Vid index: [64, 185], Vid path: 9
[09/08 12:30:21][INFO] utils.logging:   91: {"_type": "val_iter", "gpu_mem": "1.86 GB", "iter": "1200/10000", "top1_acc": 64.400001}
[09/08 12:30:45][INFO] utils.logging:   91: {"_type": "val_iter", "gpu_mem": "1.86 GB", "iter": "1400/10000", "top1_acc": 64.000001}
[09/08 12:31:09][INFO] utils.logging:   91: {"_type": "val_iter", "gpu_mem": "1.86 GB", "iter": "1600/10000", "top1_acc": 64.700001}
[09/08 12:31:33][INFO] utils.logging:   91: {"_type": "val_iter", "gpu_mem": "1.86 GB", "iter": "1800/10000", "top1_acc": 66.100001}
[09/08 12:31:58][INFO] utils.logging:   91: {"_type": "val_iter", "gpu_mem": "1.86 GB", "iter": "2000/10000", "top1_acc": 64.900001}
[09/08 12:32:16][INFO] datasets.base.few_shot_dataset:  420: Error at decoding. Vid index: 2581, Vid path: /mnt/data/yanyi2025/lrc/action_data/ssv2/videos/videos/113474.webm
[09/08 12:32:22][INFO] utils.logging:   91: {"_type": "val_iter", "gpu_mem": "1.86 GB", "iter": "2200/10000", "top1_acc": 64.500001}
[09/08 12:32:41][WARNING] datasets.base.few_shot_dataset:  251: Error at decoding. 1/5. Vid index: [86, 185], Vid path: 9
[09/08 12:32:46][INFO] utils.logging:   91: {"_type": "val_iter", "gpu_mem": "1.86 GB", "iter": "2400/10000", "top1_acc": 64.900001}
[09/08 12:33:10][INFO] utils.logging:   91: {"_type": "val_iter", "gpu_mem": "1.86 GB", "iter": "2600/10000", "top1_acc": 63.000001}
[09/08 12:33:34][INFO] utils.logging:   91: {"_type": "val_iter", "gpu_mem": "1.86 GB", "iter": "2800/10000", "top1_acc": 65.400001}
[09/08 12:33:58][INFO] utils.logging:   91: {"_type": "val_iter", "gpu_mem": "1.86 GB", "iter": "3000/10000", "top1_acc": 65.600002}
[09/08 12:34:22][INFO] utils.logging:   91: {"_type": "val_iter", "gpu_mem": "1.86 GB", "iter": "3200/10000", "top1_acc": 64.200001}
[09/08 12:34:46][INFO] utils.logging:   91: {"_type": "val_iter", "gpu_mem": "1.86 GB", "iter": "3400/10000", "top1_acc": 66.300001}
[09/08 12:35:01][WARNING] datasets.base.few_shot_dataset:  251: Error at decoding. 1/5. Vid index: [185, 52], Vid path: 9
[09/08 12:35:10][INFO] utils.logging:   91: {"_type": "val_iter", "gpu_mem": "1.86 GB", "iter": "3600/10000", "top1_acc": 66.100001}
[09/08 12:35:34][INFO] utils.logging:   91: {"_type": "val_iter", "gpu_mem": "1.86 GB", "iter": "3800/10000", "top1_acc": 65.400001}
[09/08 12:35:54][WARNING] datasets.base.few_shot_dataset:  251: Error at decoding. 1/5. Vid index: [116, 185], Vid path: 9
[09/08 12:35:58][INFO] utils.logging:   91: {"_type": "val_iter", "gpu_mem": "1.86 GB", "iter": "4000/10000", "top1_acc": 67.500001}
[09/08 12:36:21][INFO] datasets.base.few_shot_dataset:  420: Error at decoding. Vid index: 2581, Vid path: /mnt/data/yanyi2025/lrc/action_data/ssv2/videos/videos/113474.webm
[09/08 12:36:22][INFO] utils.logging:   91: {"_type": "val_iter", "gpu_mem": "1.86 GB", "iter": "4200/10000", "top1_acc": 66.300001}
[09/08 12:36:46][INFO] utils.logging:   91: {"_type": "val_iter", "gpu_mem": "1.86 GB", "iter": "4400/10000", "top1_acc": 65.200002}
[09/08 12:37:10][INFO] utils.logging:   91: {"_type": "val_iter", "gpu_mem": "1.86 GB", "iter": "4600/10000", "top1_acc": 64.900001}
[09/08 12:37:34][INFO] utils.logging:   91: {"_type": "val_iter", "gpu_mem": "1.86 GB", "iter": "4800/10000", "top1_acc": 64.200001}
[09/08 12:37:58][INFO] utils.logging:   91: {"_type": "val_iter", "gpu_mem": "1.86 GB", "iter": "5000/10000", "top1_acc": 64.800001}
[09/08 12:38:15][WARNING] datasets.base.few_shot_dataset:  251: Error at decoding. 1/5. Vid index: [179, 185], Vid path: 9
[09/08 12:38:19][WARNING] datasets.base.few_shot_dataset:  251: Error at decoding. 1/5. Vid index: [185, 88], Vid path: 9
[09/08 12:38:23][INFO] utils.logging:   91: {"_type": "val_iter", "gpu_mem": "1.86 GB", "iter": "5200/10000", "top1_acc": 65.700001}
[09/08 12:38:47][INFO] utils.logging:   91: {"_type": "val_iter", "gpu_mem": "1.86 GB", "iter": "5400/10000", "top1_acc": 64.200001}
[09/08 12:39:11][INFO] utils.logging:   91: {"_type": "val_iter", "gpu_mem": "1.86 GB", "iter": "5600/10000", "top1_acc": 63.500001}
[09/08 12:39:21][WARNING] datasets.base.few_shot_dataset:  251: Error at decoding. 1/5. Vid index: [159, 185], Vid path: 9
[09/08 12:39:35][INFO] utils.logging:   91: {"_type": "val_iter", "gpu_mem": "1.86 GB", "iter": "5800/10000", "top1_acc": 66.800002}
[09/08 12:39:59][INFO] utils.logging:   91: {"_type": "val_iter", "gpu_mem": "1.86 GB", "iter": "6000/10000", "top1_acc": 66.900001}
[09/08 12:40:23][INFO] utils.logging:   91: {"_type": "val_iter", "gpu_mem": "1.86 GB", "iter": "6200/10000", "top1_acc": 63.500001}
[09/08 12:40:47][INFO] utils.logging:   91: {"_type": "val_iter", "gpu_mem": "1.86 GB", "iter": "6400/10000", "top1_acc": 64.600001}
[09/08 12:41:12][INFO] utils.logging:   91: {"_type": "val_iter", "gpu_mem": "1.86 GB", "iter": "6600/10000", "top1_acc": 66.000002}
[09/08 12:41:36][INFO] utils.logging:   91: {"_type": "val_iter", "gpu_mem": "1.86 GB", "iter": "6800/10000", "top1_acc": 64.100001}
[09/08 12:42:00][INFO] utils.logging:   91: {"_type": "val_iter", "gpu_mem": "1.86 GB", "iter": "7000/10000", "top1_acc": 67.700001}
[09/08 12:42:24][INFO] utils.logging:   91: {"_type": "val_iter", "gpu_mem": "1.86 GB", "iter": "7200/10000", "top1_acc": 65.100001}
[09/08 12:42:48][INFO] utils.logging:   91: {"_type": "val_iter", "gpu_mem": "1.86 GB", "iter": "7400/10000", "top1_acc": 65.900001}
[09/08 12:43:12][INFO] utils.logging:   91: {"_type": "val_iter", "gpu_mem": "1.86 GB", "iter": "7600/10000", "top1_acc": 65.400001}
[09/08 12:43:36][INFO] utils.logging:   91: {"_type": "val_iter", "gpu_mem": "1.86 GB", "iter": "7800/10000", "top1_acc": 62.600001}
[09/08 12:44:00][INFO] utils.logging:   91: {"_type": "val_iter", "gpu_mem": "1.86 GB", "iter": "8000/10000", "top1_acc": 64.900001}
[09/08 12:44:25][INFO] utils.logging:   91: {"_type": "val_iter", "gpu_mem": "1.86 GB", "iter": "8200/10000", "top1_acc": 65.600001}
[09/08 12:44:49][INFO] utils.logging:   91: {"_type": "val_iter", "gpu_mem": "1.86 GB", "iter": "8400/10000", "top1_acc": 63.800001}
[09/08 12:45:13][INFO] utils.logging:   91: {"_type": "val_iter", "gpu_mem": "1.86 GB", "iter": "8600/10000", "top1_acc": 65.000001}
[09/08 12:45:37][INFO] utils.logging:   91: {"_type": "val_iter", "gpu_mem": "1.86 GB", "iter": "8800/10000", "top1_acc": 67.000001}
[09/08 12:46:01][INFO] utils.logging:   91: {"_type": "val_iter", "gpu_mem": "1.86 GB", "iter": "9000/10000", "top1_acc": 63.600001}
[09/08 12:46:25][INFO] datasets.base.few_shot_dataset:  420: Error at decoding. Vid index: 2581, Vid path: /mnt/data/yanyi2025/lrc/action_data/ssv2/videos/videos/113474.webm
[09/08 12:46:25][INFO] utils.logging:   91: {"_type": "val_iter", "gpu_mem": "1.86 GB", "iter": "9200/10000", "top1_acc": 65.200001}
[09/08 12:46:49][INFO] utils.logging:   91: {"_type": "val_iter", "gpu_mem": "1.86 GB", "iter": "9400/10000", "top1_acc": 64.500001}
[09/08 12:47:08][WARNING] datasets.base.few_shot_dataset:  251: Error at decoding. 1/5. Vid index: [81, 185], Vid path: 9
[09/08 12:47:14][INFO] utils.logging:   91: {"_type": "val_iter", "gpu_mem": "1.86 GB", "iter": "9600/10000", "top1_acc": 66.400001}
[09/08 12:47:38][INFO] utils.logging:   91: {"_type": "val_iter", "gpu_mem": "1.86 GB", "iter": "9800/10000", "top1_acc": 63.800001}
[09/08 12:48:02][INFO] utils.logging:   91: {"_type": "val_iter", "gpu_mem": "1.86 GB", "iter": "10000/10000", "top1_acc": 63.200001}
[09/08 12:48:02][INFO] utils.logging:   91: {"RAM": "13.50/125.63 GB", "_type": "val_epoch", "epoch": "2", "gpu_mem": "1.86 GB", "top1_acc": 65.084001}
[09/08 12:48:02][INFO] train_net_few_shot:   53: Fusion weights: focus=0.076188, task_match=0.049791, multi_velocity=0.030123
[09/08 12:48:02][INFO] train_net_few_shot:   73: Multi-velocity matcher: motion_delta=0.028147593140602112, velocity_weights=[0.42608118057250977, 0.5739188194274902], logit_delta=4.692248821258545
[09/08 12:48:04][INFO] train_net_few_shot:  145: New best validation accuracy: 65.0840; checkpoint=output/SSv2_Full_FOCUS_TASK_MATCH_MULTI_VELOCITY/checkpoints/checkpoint_best.pyth
[09/08 12:48:05][INFO] utils.logging:   91: {"_type": "train_iter", "iter": "20000/30000", "loss": 1.053270, "lr": 0.000100, "top1_acc": 90.200001}
[09/08 12:49:29][INFO] utils.logging:   91: {"_type": "train_iter", "iter": "20200/30000", "loss": 0.961560, "lr": 0.000100, "top1_acc": 90.300001}
[09/08 12:50:53][INFO] utils.logging:   91: {"_type": "train_iter", "iter": "20400/30000", "loss": 1.009402, "lr": 0.000100, "top1_acc": 91.300001}
[09/08 12:52:17][INFO] utils.logging:   91: {"_type": "train_iter", "iter": "20600/30000", "loss": 0.984474, "lr": 0.000100, "top1_acc": 91.400001}
[09/08 12:53:42][INFO] utils.logging:   91: {"_type": "train_iter", "iter": "20800/30000", "loss": 1.092871, "lr": 0.000100, "top1_acc": 89.800001}
[09/08 12:55:06][INFO] utils.logging:   91: {"_type": "train_iter", "iter": "21000/30000", "loss": 0.966493, "lr": 0.000100, "top1_acc": 89.700001}
[09/08 12:56:30][INFO] utils.logging:   91: {"_type": "train_iter", "iter": "21200/30000", "loss": 1.155688, "lr": 0.000100, "top1_acc": 89.500001}
[09/08 12:57:54][INFO] utils.logging:   91: {"_type": "train_iter", "iter": "21400/30000", "loss": 0.875619, "lr": 0.000100, "top1_acc": 91.800001}
[09/08 12:59:19][INFO] utils.logging:   91: {"_type": "train_iter", "iter": "21600/30000", "loss": 0.946537, "lr": 0.000100, "top1_acc": 91.800001}
[09/08 13:00:43][INFO] utils.logging:   91: {"_type": "train_iter", "iter": "21800/30000", "loss": 0.915787, "lr": 0.000100, "top1_acc": 90.100001}
[09/08 13:02:07][INFO] utils.logging:   91: {"_type": "train_iter", "iter": "22000/30000", "loss": 0.958644, "lr": 0.000100, "top1_acc": 92.100001}
[09/08 13:03:32][INFO] utils.logging:   91: {"_type": "train_iter", "iter": "22200/30000", "loss": 1.015102, "lr": 0.000100, "top1_acc": 90.700001}
[09/08 13:04:56][INFO] utils.logging:   91: {"_type": "train_iter", "iter": "22400/30000", "loss": 0.910554, "lr": 0.000100, "top1_acc": 90.600001}
[09/08 13:06:20][INFO] utils.logging:   91: {"_type": "train_iter", "iter": "22600/30000", "loss": 1.057936, "lr": 0.000100, "top1_acc": 89.800001}
[09/08 13:07:44][INFO] utils.logging:   91: {"_type": "train_iter", "iter": "22800/30000", "loss": 1.001766, "lr": 0.000100, "top1_acc": 90.000001}
[09/08 13:09:09][INFO] utils.logging:   91: {"_type": "train_iter", "iter": "23000/30000", "loss": 0.952008, "lr": 0.000100, "top1_acc": 90.900001}
[09/08 13:10:33][INFO] utils.logging:   91: {"_type": "train_iter", "iter": "23200/30000", "loss": 1.064137, "lr": 0.000100, "top1_acc": 90.700001}
[09/08 13:11:57][INFO] utils.logging:   91: {"_type": "train_iter", "iter": "23400/30000", "loss": 0.727530, "lr": 0.000100, "top1_acc": 92.500001}
[09/08 13:13:22][INFO] utils.logging:   91: {"_type": "train_iter", "iter": "23600/30000", "loss": 0.868893, "lr": 0.000100, "top1_acc": 90.400001}
[09/08 13:14:46][INFO] utils.logging:   91: {"_type": "train_iter", "iter": "23800/30000", "loss": 0.972716, "lr": 0.000100, "top1_acc": 90.700001}
[09/08 13:16:08][INFO] datasets.base.few_shot_dataset:  500: Error at decoding. Vid index: 54100, Vid path: /mnt/data/yanyi2025/lrc/action_data/ssv2/videos/videos/96464.webm
[09/08 13:16:10][INFO] utils.logging:   91: {"_type": "train_iter", "iter": "24000/30000", "loss": 0.938444, "lr": 0.000100, "top1_acc": 91.900001}
[09/08 13:17:34][INFO] utils.logging:   91: {"_type": "train_iter", "iter": "24200/30000", "loss": 0.986784, "lr": 0.000050, "top1_acc": 91.600001}
[09/08 13:18:59][INFO] utils.logging:   91: {"_type": "train_iter", "iter": "24400/30000", "loss": 0.947052, "lr": 0.000050, "top1_acc": 91.200001}
[09/08 13:20:23][INFO] utils.logging:   91: {"_type": "train_iter", "iter": "24600/30000", "loss": 0.878227, "lr": 0.000050, "top1_acc": 91.300001}
[09/08 13:21:47][INFO] utils.logging:   91: {"_type": "train_iter", "iter": "24800/30000", "loss": 0.956631, "lr": 0.000050, "top1_acc": 90.600001}
[09/08 13:23:12][INFO] utils.logging:   91: {"_type": "train_iter", "iter": "25000/30000", "loss": 0.868849, "lr": 0.000050, "top1_acc": 91.000001}
[09/08 13:24:36][INFO] utils.logging:   91: {"_type": "train_iter", "iter": "25200/30000", "loss": 0.963154, "lr": 0.000050, "top1_acc": 91.600001}
[09/08 13:26:00][INFO] utils.logging:   91: {"_type": "train_iter", "iter": "25400/30000", "loss": 0.814092, "lr": 0.000050, "top1_acc": 92.200001}
[09/08 13:27:24][INFO] utils.logging:   91: {"_type": "train_iter", "iter": "25600/30000", "loss": 0.884486, "lr": 0.000050, "top1_acc": 91.300001}
[09/08 13:28:49][INFO] utils.logging:   91: {"_type": "train_iter", "iter": "25800/30000", "loss": 0.873879, "lr": 0.000050, "top1_acc": 92.000001}
[09/08 13:30:13][INFO] utils.logging:   91: {"_type": "train_iter", "iter": "26000/30000", "loss": 0.795500, "lr": 0.000050, "top1_acc": 91.600001}
[09/08 13:31:37][INFO] utils.logging:   91: {"_type": "train_iter", "iter": "26200/30000", "loss": 0.891968, "lr": 0.000050, "top1_acc": 91.000001}
[09/08 13:33:02][INFO] utils.logging:   91: {"_type": "train_iter", "iter": "26400/30000", "loss": 0.872723, "lr": 0.000050, "top1_acc": 90.600001}
[09/08 13:34:26][INFO] utils.logging:   91: {"_type": "train_iter", "iter": "26600/30000", "loss": 1.018716, "lr": 0.000050, "top1_acc": 89.600001}
[09/08 13:35:50][INFO] utils.logging:   91: {"_type": "train_iter", "iter": "26800/30000", "loss": 0.820425, "lr": 0.000050, "top1_acc": 92.600001}
[09/08 13:37:14][INFO] utils.logging:   91: {"_type": "train_iter", "iter": "27000/30000", "loss": 0.833808, "lr": 0.000050, "top1_acc": 91.300001}
[09/08 13:38:39][INFO] utils.logging:   91: {"_type": "train_iter", "iter": "27200/30000", "loss": 0.835221, "lr": 0.000050, "top1_acc": 91.900001}
[09/08 13:40:03][INFO] utils.logging:   91: {"_type": "train_iter", "iter": "27400/30000", "loss": 0.887758, "lr": 0.000050, "top1_acc": 91.400001}
[09/08 13:41:27][INFO] utils.logging:   91: {"_type": "train_iter", "iter": "27600/30000", "loss": 0.769702, "lr": 0.000050, "top1_acc": 92.300001}
[09/08 13:42:52][INFO] utils.logging:   91: {"_type": "train_iter", "iter": "27800/30000", "loss": 0.795408, "lr": 0.000050, "top1_acc": 92.600001}
[09/08 13:44:16][INFO] utils.logging:   91: {"_type": "train_iter", "iter": "28000/30000", "loss": 0.820336, "lr": 0.000050, "top1_acc": 91.700001}
[09/08 13:45:40][INFO] utils.logging:   91: {"_type": "train_iter", "iter": "28200/30000", "loss": 0.905466, "lr": 0.000050, "top1_acc": 90.800001}
[09/08 13:47:05][INFO] utils.logging:   91: {"_type": "train_iter", "iter": "28400/30000", "loss": 0.825020, "lr": 0.000050, "top1_acc": 91.300001}
[09/08 13:48:29][INFO] utils.logging:   91: {"_type": "train_iter", "iter": "28600/30000", "loss": 0.795008, "lr": 0.000050, "top1_acc": 92.500001}
[09/08 13:49:53][INFO] utils.logging:   91: {"_type": "train_iter", "iter": "28800/30000", "loss": 0.805740, "lr": 0.000050, "top1_acc": 92.800001}
[09/08 13:51:17][INFO] utils.logging:   91: {"_type": "train_iter", "iter": "29000/30000", "loss": 0.999127, "lr": 0.000050, "top1_acc": 90.700001}
[09/08 13:52:42][INFO] utils.logging:   91: {"_type": "train_iter", "iter": "29200/30000", "loss": 0.799193, "lr": 0.000050, "top1_acc": 92.900001}
[09/08 13:54:06][INFO] utils.logging:   91: {"_type": "train_iter", "iter": "29400/30000", "loss": 0.677122, "lr": 0.000050, "top1_acc": 92.100001}
[09/08 13:55:30][INFO] utils.logging:   91: {"_type": "train_iter", "iter": "29600/30000", "loss": 0.839667, "lr": 0.000050, "top1_acc": 93.000001}
[09/08 13:56:55][INFO] utils.logging:   91: {"_type": "train_iter", "iter": "29800/30000", "loss": 0.739550, "lr": 0.000050, "top1_acc": 92.000001}
[09/08 13:58:23][INFO] datasets.base.few_shot_dataset:  420: Error at decoding. Vid index: 2581, Vid path: /mnt/data/yanyi2025/lrc/action_data/ssv2/videos/videos/113474.webm
[09/08 13:58:31][INFO] datasets.base.few_shot_dataset:  420: Error at decoding. Vid index: 2581, Vid path: /mnt/data/yanyi2025/lrc/action_data/ssv2/videos/videos/113474.webm
[09/08 13:58:43][INFO] utils.logging:   91: {"_type": "val_iter", "gpu_mem": "1.86 GB", "iter": "200/10000", "top1_acc": 66.300001}
[09/08 13:59:07][INFO] utils.logging:   91: {"_type": "val_iter", "gpu_mem": "1.86 GB", "iter": "400/10000", "top1_acc": 65.400001}
[09/08 13:59:31][WARNING] datasets.base.few_shot_dataset:  251: Error at decoding. 1/5. Vid index: [185, 182], Vid path: 9
[09/08 13:59:31][INFO] utils.logging:   91: {"_type": "val_iter", "gpu_mem": "1.86 GB", "iter": "600/10000", "top1_acc": 65.100001}
[09/08 13:59:55][INFO] utils.logging:   91: {"_type": "val_iter", "gpu_mem": "1.86 GB", "iter": "800/10000", "top1_acc": 66.100001}
[09/08 14:00:19][INFO] utils.logging:   91: {"_type": "val_iter", "gpu_mem": "1.86 GB", "iter": "1000/10000", "top1_acc": 66.200001}
[09/08 14:00:37][WARNING] datasets.base.few_shot_dataset:  251: Error at decoding. 1/5. Vid index: [64, 185], Vid path: 9
[09/08 14:00:43][INFO] utils.logging:   91: {"_type": "val_iter", "gpu_mem": "1.86 GB", "iter": "1200/10000", "top1_acc": 65.800001}
[09/08 14:01:07][INFO] utils.logging:   91: {"_type": "val_iter", "gpu_mem": "1.86 GB", "iter": "1400/10000", "top1_acc": 65.300001}
[09/08 14:01:31][INFO] utils.logging:   91: {"_type": "val_iter", "gpu_mem": "1.86 GB", "iter": "1600/10000", "top1_acc": 64.100001}
[09/08 14:01:55][INFO] utils.logging:   91: {"_type": "val_iter", "gpu_mem": "1.86 GB", "iter": "1800/10000", "top1_acc": 67.500001}
[09/08 14:02:19][INFO] utils.logging:   91: {"_type": "val_iter", "gpu_mem": "1.86 GB", "iter": "2000/10000", "top1_acc": 65.700002}
[09/08 14:02:37][INFO] datasets.base.few_shot_dataset:  420: Error at decoding. Vid index: 2581, Vid path: /mnt/data/yanyi2025/lrc/action_data/ssv2/videos/videos/113474.webm
[09/08 14:02:43][INFO] utils.logging:   91: {"_type": "val_iter", "gpu_mem": "1.86 GB", "iter": "2200/10000", "top1_acc": 65.700001}
[09/08 14:03:03][WARNING] datasets.base.few_shot_dataset:  251: Error at decoding. 1/5. Vid index: [86, 185], Vid path: 9
[09/08 14:03:07][INFO] utils.logging:   91: {"_type": "val_iter", "gpu_mem": "1.86 GB", "iter": "2400/10000", "top1_acc": 64.100001}
[09/08 14:03:32][INFO] utils.logging:   91: {"_type": "val_iter", "gpu_mem": "1.86 GB", "iter": "2600/10000", "top1_acc": 64.400001}
[09/08 14:03:56][INFO] utils.logging:   91: {"_type": "val_iter", "gpu_mem": "1.86 GB", "iter": "2800/10000", "top1_acc": 65.200001}
[09/08 14:04:20][INFO] utils.logging:   91: {"_type": "val_iter", "gpu_mem": "1.86 GB", "iter": "3000/10000", "top1_acc": 67.700001}
[09/08 14:04:44][INFO] utils.logging:   91: {"_type": "val_iter", "gpu_mem": "1.86 GB", "iter": "3200/10000", "top1_acc": 64.700001}
[09/08 14:05:08][INFO] utils.logging:   91: {"_type": "val_iter", "gpu_mem": "1.86 GB", "iter": "3400/10000", "top1_acc": 67.100001}
[09/08 14:05:23][WARNING] datasets.base.few_shot_dataset:  251: Error at decoding. 1/5. Vid index: [185, 52], Vid path: 9
[09/08 14:05:32][INFO] utils.logging:   91: {"_type": "val_iter", "gpu_mem": "1.86 GB", "iter": "3600/10000", "top1_acc": 67.400001}
[09/08 14:05:56][INFO] utils.logging:   91: {"_type": "val_iter", "gpu_mem": "1.86 GB", "iter": "3800/10000", "top1_acc": 66.100001}
[09/08 14:06:16][WARNING] datasets.base.few_shot_dataset:  251: Error at decoding. 1/5. Vid index: [116, 185], Vid path: 9
[09/08 14:06:20][INFO] utils.logging:   91: {"_type": "val_iter", "gpu_mem": "1.86 GB", "iter": "4000/10000", "top1_acc": 68.000001}
[09/08 14:06:43][INFO] datasets.base.few_shot_dataset:  420: Error at decoding. Vid index: 2581, Vid path: /mnt/data/yanyi2025/lrc/action_data/ssv2/videos/videos/113474.webm
[09/08 14:06:44][INFO] utils.logging:   91: {"_type": "val_iter", "gpu_mem": "1.86 GB", "iter": "4200/10000", "top1_acc": 66.300001}
[09/08 14:07:08][INFO] utils.logging:   91: {"_type": "val_iter", "gpu_mem": "1.86 GB", "iter": "4400/10000", "top1_acc": 64.600001}
[09/08 14:07:32][INFO] utils.logging:   91: {"_type": "val_iter", "gpu_mem": "1.86 GB", "iter": "4600/10000", "top1_acc": 66.500001}
[09/08 14:07:56][INFO] utils.logging:   91: {"_type": "val_iter", "gpu_mem": "1.86 GB", "iter": "4800/10000", "top1_acc": 65.700001}
[09/08 14:08:20][INFO] utils.logging:   91: {"_type": "val_iter", "gpu_mem": "1.86 GB", "iter": "5000/10000", "top1_acc": 67.200001}
[09/08 14:08:37][WARNING] datasets.base.few_shot_dataset:  251: Error at decoding. 1/5. Vid index: [179, 185], Vid path: 9
[09/08 14:08:41][WARNING] datasets.base.few_shot_dataset:  251: Error at decoding. 1/5. Vid index: [185, 88], Vid path: 9
[09/08 14:08:44][INFO] utils.logging:   91: {"_type": "val_iter", "gpu_mem": "1.86 GB", "iter": "5200/10000", "top1_acc": 64.500001}
[09/08 14:09:08][INFO] utils.logging:   91: {"_type": "val_iter", "gpu_mem": "1.86 GB", "iter": "5400/10000", "top1_acc": 64.700001}
[09/08 14:09:32][INFO] utils.logging:   91: {"_type": "val_iter", "gpu_mem": "1.86 GB", "iter": "5600/10000", "top1_acc": 64.800001}
[09/08 14:09:43][WARNING] datasets.base.few_shot_dataset:  251: Error at decoding. 1/5. Vid index: [159, 185], Vid path: 9
[09/08 14:09:57][INFO] utils.logging:   91: {"_type": "val_iter", "gpu_mem": "1.86 GB", "iter": "5800/10000", "top1_acc": 67.200001}
[09/08 14:10:21][INFO] utils.logging:   91: {"_type": "val_iter", "gpu_mem": "1.86 GB", "iter": "6000/10000", "top1_acc": 65.900001}
[09/08 14:10:45][INFO] utils.logging:   91: {"_type": "val_iter", "gpu_mem": "1.86 GB", "iter": "6200/10000", "top1_acc": 65.100001}
[09/08 14:11:09][INFO] utils.logging:   91: {"_type": "val_iter", "gpu_mem": "1.86 GB", "iter": "6400/10000", "top1_acc": 65.800001}
[09/08 14:11:33][INFO] utils.logging:   91: {"_type": "val_iter", "gpu_mem": "1.86 GB", "iter": "6600/10000", "top1_acc": 66.900001}
[09/08 14:11:57][INFO] utils.logging:   91: {"_type": "val_iter", "gpu_mem": "1.86 GB", "iter": "6800/10000", "top1_acc": 66.600001}
[09/08 14:12:21][INFO] utils.logging:   91: {"_type": "val_iter", "gpu_mem": "1.86 GB", "iter": "7000/10000", "top1_acc": 69.300001}
[09/08 14:12:45][INFO] utils.logging:   91: {"_type": "val_iter", "gpu_mem": "1.86 GB", "iter": "7200/10000", "top1_acc": 64.500001}
[09/08 14:13:09][INFO] utils.logging:   91: {"_type": "val_iter", "gpu_mem": "1.86 GB", "iter": "7400/10000", "top1_acc": 65.600001}
[09/08 14:13:33][INFO] utils.logging:   91: {"_type": "val_iter", "gpu_mem": "1.86 GB", "iter": "7600/10000", "top1_acc": 67.900001}
[09/08 14:13:58][INFO] utils.logging:   91: {"_type": "val_iter", "gpu_mem": "1.86 GB", "iter": "7800/10000", "top1_acc": 63.800001}
[09/08 14:14:22][INFO] utils.logging:   91: {"_type": "val_iter", "gpu_mem": "1.86 GB", "iter": "8000/10000", "top1_acc": 65.100001}
[09/08 14:14:46][INFO] utils.logging:   91: {"_type": "val_iter", "gpu_mem": "1.86 GB", "iter": "8200/10000", "top1_acc": 66.500001}
[09/08 14:15:10][INFO] utils.logging:   91: {"_type": "val_iter", "gpu_mem": "1.86 GB", "iter": "8400/10000", "top1_acc": 65.300001}
[09/08 14:15:34][INFO] utils.logging:   91: {"_type": "val_iter", "gpu_mem": "1.86 GB", "iter": "8600/10000", "top1_acc": 65.300001}
[09/08 14:15:58][INFO] utils.logging:   91: {"_type": "val_iter", "gpu_mem": "1.86 GB", "iter": "8800/10000", "top1_acc": 67.400002}
[09/08 14:16:22][INFO] utils.logging:   91: {"_type": "val_iter", "gpu_mem": "1.86 GB", "iter": "9000/10000", "top1_acc": 65.700001}
[09/08 14:16:46][INFO] datasets.base.few_shot_dataset:  420: Error at decoding. Vid index: 2581, Vid path: /mnt/data/yanyi2025/lrc/action_data/ssv2/videos/videos/113474.webm
[09/08 14:16:47][INFO] utils.logging:   91: {"_type": "val_iter", "gpu_mem": "1.86 GB", "iter": "9200/10000", "top1_acc": 67.000001}
[09/08 14:17:11][INFO] utils.logging:   91: {"_type": "val_iter", "gpu_mem": "1.86 GB", "iter": "9400/10000", "top1_acc": 67.600001}
[09/08 14:17:29][WARNING] datasets.base.few_shot_dataset:  251: Error at decoding. 1/5. Vid index: [81, 185], Vid path: 9
[09/08 14:17:35][INFO] utils.logging:   91: {"_type": "val_iter", "gpu_mem": "1.86 GB", "iter": "9600/10000", "top1_acc": 66.500001}
[09/08 14:17:59][INFO] utils.logging:   91: {"_type": "val_iter", "gpu_mem": "1.86 GB", "iter": "9800/10000", "top1_acc": 64.700001}
[09/08 14:18:23][INFO] utils.logging:   91: {"_type": "val_iter", "gpu_mem": "1.86 GB", "iter": "10000/10000", "top1_acc": 66.100001}
[09/08 14:18:23][INFO] utils.logging:   91: {"RAM": "13.40/125.63 GB", "_type": "val_epoch", "epoch": "3", "gpu_mem": "1.86 GB", "top1_acc": 65.960001}
[09/08 14:18:23][INFO] train_net_few_shot:   53: Fusion weights: focus=0.079675, task_match=0.052123, multi_velocity=0.028988
[09/08 14:18:23][INFO] train_net_few_shot:   73: Multi-velocity matcher: motion_delta=0.028284389525651932, velocity_weights=[0.43701475858688354, 0.5629853010177612], logit_delta=4.733682155609131
[09/08 14:18:25][INFO] train_net_few_shot:  145: New best validation accuracy: 65.9600; checkpoint=output/SSv2_Full_FOCUS_TASK_MATCH_MULTI_VELOCITY/checkpoints/checkpoint_best.pyth
[09/08 14:18:25][INFO] utils.logging:   91: {"_type": "train_iter", "iter": "30000/30000", "loss": 0.683293, "lr": 0.000050, "top1_acc": 92.700001}
[09/08 14:18:26][INFO] utils.logging:   91: {"RAM": "10.22/125.63 GB", "_type": "train_epoch", "epoch": "10", "gpu_mem": "1.86 GB", "loss": 2.421177, "lr": 0.000050, "top1_acc": 82.053334}
