[09/23 09:56:11][INFO] train_net_few_shot:  303: Train with config:
[09/23 09:56:11][INFO] train_net_few_shot:  304: {
  "TASK_TYPE": "few_shot_action",
  "PRETRAIN": {
    "ENABLE": false
  },
  "LOCALIZATION": {
    "ENABLE": false
  },
  "TRAIN": {
    "ENABLE": true,
    "DATASET": "UCF101",
    "BATCH_SIZE": 1,
    "LOG_FILE": "train.log",
    "EVAL_PERIOD": 2,
    "NUM_FOLDS": 1,
    "AUTO_RESUME": false,
    "CHECKPOINT_PERIOD": 10,
    "CHECKPOINT_FILE_PATH": "",
    "CHECKPOINT_TYPE": "pytorch",
    "CHECKPOINT_INFLATE": false,
    "CHECKPOINT_PRE_PROCESS": {
      "ENABLE": false
    },
    "FINE_TUNE": true,
    "ONLY_LINEAR": false,
    "LR_REDUCE": false,
    "TRAIN_VAL_COMBINE": false,
    "LOSS_FUNC": "cross_entropy",
    "NUM_CLASS": 70,
    "META_BATCH": true,
    "WAY": 5,
    "SHOT": 1,
    "QUERY_PER_CLASS": 1,
    "QUERY_PER_CLASS_TEST": 1,
    "NUM_TRAIN_TASKS": 18000,
    "NUM_TEST_TASKS": 10000,
    "VAL_FRE_ITER": 6000,
    "BATCH_SIZE_PER_TASK": 16,
    "NORMALIZE_ACCUMULATED_GRADIENTS": true,
    "EARLY_STOP": {
      "ENABLE": true,
      "PATIENCE": 0,
      "MIN_DELTA": 0.05
    }
  },
  "TEST": {
    "ENABLE": true,
    "DATASET": "UCF101",
    "BATCH_SIZE": 1,
    "NUM_SPATIAL_CROPS": 1,
    "SPATIAL_CROPS": "cctltr",
    "NUM_ENSEMBLE_VIEWS": 1,
    "LOG_FILE": "test.log",
    "CHECKPOINT_FILE_PATH": "",
    "CHECKPOINT_TYPE": "pytorch",
    "AUTOMATIC_MULTI_SCALE_TEST": false,
    "TEST_SET": "val",
    "UPLOAD_CLASSIFIER_RESULTS": true,
    "SHOT": [
      1,
      5
    ],
    "EPISODE_SEED": 2026
  },
  "VISUALIZATION": {
    "ENABLE": false,
    "NAME": "",
    "FEATURE_MAPS": {
      "ENABLE": false,
      "BASE_OUTPUT_DIR": ""
    }
  },
  "SUBMISSION": {
    "ENABLE": false,
    "SAVE_RESULTS_PATH": "test.json"
  },
  "DATA": {
    "DATA_ROOT_DIR": "/mnt/data/yanyi2025/lrc/action_data/ucf101/",
    "ANNO_DIR": "config/ucf101/",
    "NUM_INPUT_FRAMES": 8,
    "NUM_INPUT_CHANNELS": 2304,
    "SAMPLING_MODE": "interval_based",
    "SAMPLING_RATE": 50,
    "TRAIN_JITTER_SCALES": [
      256,
      256
    ],
    "TRAIN_CROP_SIZE": 224,
    "TEST_SCALE": 256,
    "TEST_CROP_SIZE": 224,
    "MEAN": [
      0.48145466,
      0.4578275,
      0.40821073
    ],
    "STD": [
      0.26862954,
      0.26130258,
      0.27577711
    ],
    "MULTI_LABEL": false,
    "ENSEMBLE_METHOD": "sum",
    "TARGET_FPS": 12,
    "MINUS_INTERVAL": false,
    "FPS": 12,
    "NORM_FEATURE": false,
    "USE_AUG_FEATURE": false,
    "AUG": false,
    "LOAD_PROPS": false,
    "TEMPORAL_SCALE": 256,
    "LABELS_TYPE": "cls",
    "LOAD_TYPE": "pickle",
    "DOWNLOAD_FEATURE": true,
    "SAMPLING_UNIFORM": false,
    "TEST_CENTER_CROP": true,
    "CLIP_INTERVAL": 8
  },
  "MODEL": {
    "NAME": "BaseVideoModel",
    "EMA": {
      "ENABLE": false,
      "DECAY": 0.99996
    }
  },
  "VIDEO": {
    "BACKBONE": {
      "DEPTH": null,
      "META_ARCH": "Identity",
      "NUM_FILTERS": null,
      "NUM_INPUT_CHANNELS": 3,
      "NUM_OUT_FEATURES": null,
      "KERNEL_SIZE": null,
      "DOWNSAMPLING": null,
      "DOWNSAMPLING_TEMPORAL": null,
      "NUM_STREAMS": 1,
      "EXPANSION_RATIO": 2,
      "BRANCH": {
        "NAME": null
      },
      "STEM": {
        "NAME": null
      },
      "NONLOCAL": {
        "ENABLE": false,
        "STAGES": [
          5
        ],
        "MASK_ENABLE": false
      },
      "INITIALIZATION": null
    },
    "HEAD": {
      "NAME": "BaseTemporalClassifier",
      "ACTIVATION": "softmax",
      "DROPOUT_RATE": 0.0,
      "NUM_CLASSES": 200
    }
  },
  "OPTIMIZER": {
    "ADJUST_LR": false,
    "BASE_LR": 0.002,
    "LR_POLICY": "cosine",
    "MAX_EPOCH": 300,
    "MOMENTUM": 0.9,
    "WEIGHT_DECAY": "5e-3",
    "WARMUP_EPOCHS": 10,
    "WARMUP_START_LR": 0.0002,
    "OPTIM_METHOD": "adam",
    "DAMPENING": 0.0,
    "NESTEROV": true
  },
  "BN": {
    "WB_LOCK": false,
    "FREEZE": false,
    "WEIGHT_DECAY": 0.0,
    "MOMENTUM": 0.1,
    "EPS": "1e-3",
    "SYNC": false
  },
  "DATA_LOADER": {
    "NUM_WORKERS": 8,
    "PIN_MEMORY": true,
    "ENABLE_MULTI_THREAD_DECODE": true,
    "COLLATE_FN": null
  },
  "NUM_GPUS": 1,
  "SHARD_ID": 0,
  "NUM_SHARDS": 1,
  "RANDOM_SEED": 18,
  "OUTPUT_DIR": "output/UCF101_FOCUS_MULTI_VELOCITY",
  "OUTPUT_CFG_FILE": "configuration.log",
  "LOG_PERIOD": 200,
  "DIST_BACKEND": "nccl",
  "LOG_MODEL_INFO": false,
  "LOG_CONFIG_INFO": true,
  "OSS": {
    "ENABLE": false,
    "KEY": null,
    "SECRET": null,
    "ENDPOINT": null,
    "CHECKPOINT_OUTPUT_PATH": null,
    "SECONDARY_DATA_OSS": {
      "ENABLE": false,
      "KEY": null,
      "SECRET": null,
      "ENDPOINT": null,
      "BUCKETS": [
        ""
      ]
    }
  },
  "AUGMENTATION": {
    "COLOR_AUG": false,
    "BRIGHTNESS": 0.5,
    "CONTRAST": 0.5,
    "SATURATION": 0.5,
    "HUE": 0.25,
    "GRAYSCALE": 0.3,
    "CONSISTENT": true,
    "SHUFFLE": true,
    "GRAY_FIRST": true,
    "RATIO": [
      0.857142857142857,
      1.1666666666666667
    ],
    "USE_GPU": false,
    "MIXUP": {
      "ENABLE": false,
      "ALPHA": 0.0,
      "PROB": 1.0,
      "MODE": "batch",
      "SWITCH_PROB": 0.5
    },
    "CUTMIX": {
      "ENABLE": false,
      "ALPHA": 0.0,
      "MINMAX": null
    },
    "RANDOM_ERASING": {
      "ENABLE": false,
      "PROB": 0.25,
      "MODE": "const",
      "COUNT": [
        1,
        1
      ],
      "NUM_SPLITS": 0,
      "AREA_RANGE": [
        0.02,
        0.33
      ],
      "MIN_ASPECT": 0.3
    },
    "LABEL_SMOOTHING": 0.0,
    "SSV2_FLIP": false,
    "IS_SPLIT": false,
    "NO_RANDOM_ERASE": true,
    "SUPPORT_QUERY_DIFF": true
  },
  "PAI": false,
  "USE_MULTISEG_VAL_DIST": false,
  "DETECTION": {
    "ENABLE": false
  },
  "TENSORBOARD": {
    "ENABLE": false
  },
  "SOLVER": {
    "BASE_LR": 0.00025,
    "LR_POLICY": "steps_with_relative_lrs",
    "MAX_EPOCH": 10,
    "MOMENTUM": 0.9,
    "WEIGHT_DECAY": "5e-4",
    "WARMUP_EPOCHS": 1,
    "WARMUP_START_LR": 5e-05,
    "OPTIM_METHOD": "adam",
    "DAMPENING": 0.0,
    "NESTEROV": true,
    "STEPS_ITER": 1800,
    "STEPS": [
      0,
      5,
      7,
      9
    ],
    "LRS": [
      1,
      0.1,
      0.05,
      0.01
    ]
  },
  "PRE_DOWNLOAD": {
    "ENABLE": false
  },
  "SUPPORT_SHOT": 1,
  "FOCUS": {
    "ENABLE": true,
    "HEADS": 8,
    "DROPOUT": 0.1,
    "GATE_INIT": -4.0,
    "TEMPORAL_GATE_INIT": -4.0,
    "ALPHA_INIT": -4.0,
    "DETACH_INPUT": true
  },
  "MULTI_VELOCITY": {
    "ENABLE": true,
    "VELOCITIES": [
      1,
      2
    ],
    "HIDDEN_RATIO": 0.25,
    "DROPOUT": 0.1,
    "DISTANCE_SCALE": 16.0,
    "OTAM_LAMBDA": 0.5,
    "ALPHA_INIT": -4.0
  },
  "ADAPTER": {
    "NAME": "ViT_CLIP",
    "PRETRAINED": "ViT-B/16",
    "WIDTH": 768,
    "PATCH_SIZE": 16,
    "LAYERS": 12,
    "HEADS": 12,
    "ADAPTER_SCALE": 0.25
  },
  "INIT_METHOD": "tcp://localhost:1111",
  "CUDA_VISIBLE_DEVICES": "0"
}

[09/23 09:56:11][INFO] models.base.adapter: 1070: load model from: ViT-B/16
[09/23 09:56:12][INFO] models.base.adapter: 1077: Missing keys: ['temporal_embedding', 'focus_alpha', 'multi_velocity_alpha', 'transformer.resblocks.0.Adapter.down.weight', 'transformer.resblocks.0.Adapter.down.bias', 'transformer.resblocks.0.Adapter.pos_embed.weight', 'transformer.resblocks.0.Adapter.pos_embed.bias', 'transformer.resblocks.0.Adapter.s_ln.weight', 'transformer.resblocks.0.Adapter.s_ln.bias', 'transformer.resblocks.0.Adapter.s_attn.conv_offset.0.weight', 'transformer.resblocks.0.Adapter.s_attn.conv_offset.0.bias', 'transformer.resblocks.0.Adapter.s_attn.conv_offset.1.norm.weight', 'transformer.resblocks.0.Adapter.s_attn.conv_offset.1.norm.bias', 'transformer.resblocks.0.Adapter.s_attn.conv_offset.3.weight', 'transformer.resblocks.0.Adapter.s_attn.proj_q.weight', 'transformer.resblocks.0.Adapter.s_attn.proj_q.bias', 'transformer.resblocks.0.Adapter.s_attn.proj_k.weight', 'transformer.resblocks.0.Adapter.s_attn.proj_k.bias', 'transformer.resblocks.0.Adapter.s_attn.proj_v.weight', 'transformer.resblocks.0.Adapter.s_attn.proj_v.bias', 'transformer.resblocks.0.Adapter.s_attn.proj_out.weight', 'transformer.resblocks.0.Adapter.s_attn.proj_out.bias', 'transformer.resblocks.0.Adapter.t_ln.weight', 'transformer.resblocks.0.Adapter.t_ln.bias', 'transformer.resblocks.0.Adapter.t_attn.conv_offset.0.weight', 'transformer.resblocks.0.Adapter.t_attn.conv_offset.0.bias', 'transformer.resblocks.0.Adapter.t_attn.conv_offset.1.norm.weight', 'transformer.resblocks.0.Adapter.t_attn.conv_offset.1.norm.bias', 'transformer.resblocks.0.Adapter.t_attn.conv_offset.3.weight', 'transformer.resblocks.0.Adapter.t_attn.proj_q.weight', 'transformer.resblocks.0.Adapter.t_attn.proj_q.bias', 'transformer.resblocks.0.Adapter.t_attn.proj_k.weight', 'transformer.resblocks.0.Adapter.t_attn.proj_k.bias', 'transformer.resblocks.0.Adapter.t_attn.proj_v.weight', 'transformer.resblocks.0.Adapter.t_attn.proj_v.bias', 'transformer.resblocks.0.Adapter.t_attn.proj_out.weight', 'transformer.resblocks.0.Adapter.t_attn.proj_out.bias', 'transformer.resblocks.0.Adapter.up.weight', 'transformer.resblocks.0.Adapter.up.bias', 'transformer.resblocks.1.Adapter.down.weight', 'transformer.resblocks.1.Adapter.down.bias', 'transformer.resblocks.1.Adapter.pos_embed.weight', 'transformer.resblocks.1.Adapter.pos_embed.bias', 'transformer.resblocks.1.Adapter.s_ln.weight', 'transformer.resblocks.1.Adapter.s_ln.bias', 'transformer.resblocks.1.Adapter.s_attn.conv_offset.0.weight', 'transformer.resblocks.1.Adapter.s_attn.conv_offset.0.bias', 'transformer.resblocks.1.Adapter.s_attn.conv_offset.1.norm.weight', 'transformer.resblocks.1.Adapter.s_attn.conv_offset.1.norm.bias', 'transformer.resblocks.1.Adapter.s_attn.conv_offset.3.weight', 'transformer.resblocks.1.Adapter.s_attn.proj_q.weight', 'transformer.resblocks.1.Adapter.s_attn.proj_q.bias', 'transformer.resblocks.1.Adapter.s_attn.proj_k.weight', 'transformer.resblocks.1.Adapter.s_attn.proj_k.bias', 'transformer.resblocks.1.Adapter.s_attn.proj_v.weight', 'transformer.resblocks.1.Adapter.s_attn.proj_v.bias', 'transformer.resblocks.1.Adapter.s_attn.proj_out.weight', 'transformer.resblocks.1.Adapter.s_attn.proj_out.bias', 'transformer.resblocks.1.Adapter.t_ln.weight', 'transformer.resblocks.1.Adapter.t_ln.bias', 'transformer.resblocks.1.Adapter.t_attn.conv_offset.0.weight', 'transformer.resblocks.1.Adapter.t_attn.conv_offset.0.bias', 'transformer.resblocks.1.Adapter.t_attn.conv_offset.1.norm.weight', 'transformer.resblocks.1.Adapter.t_attn.conv_offset.1.norm.bias', 'transformer.resblocks.1.Adapter.t_attn.conv_offset.3.weight', 'transformer.resblocks.1.Adapter.t_attn.proj_q.weight', 'transformer.resblocks.1.Adapter.t_attn.proj_q.bias', 'transformer.resblocks.1.Adapter.t_attn.proj_k.weight', 'transformer.resblocks.1.Adapter.t_attn.proj_k.bias', 'transformer.resblocks.1.Adapter.t_attn.proj_v.weight', 'transformer.resblocks.1.Adapter.t_attn.proj_v.bias', 'transformer.resblocks.1.Adapter.t_attn.proj_out.weight', 'transformer.resblocks.1.Adapter.t_attn.proj_out.bias', 'transformer.resblocks.1.Adapter.up.weight', 'transformer.resblocks.1.Adapter.up.bias', 'transformer.resblocks.2.Adapter.down.weight', 'transformer.resblocks.2.Adapter.down.bias', 'transformer.resblocks.2.Adapter.pos_embed.weight', 'transformer.resblocks.2.Adapter.pos_embed.bias', 'transformer.resblocks.2.Adapter.s_ln.weight', 'transformer.resblocks.2.Adapter.s_ln.bias', 'transformer.resblocks.2.Adapter.s_attn.conv_offset.0.weight', 'transformer.resblocks.2.Adapter.s_attn.conv_offset.0.bias', 'transformer.resblocks.2.Adapter.s_attn.conv_offset.1.norm.weight', 'transformer.resblocks.2.Adapter.s_attn.conv_offset.1.norm.bias', 'transformer.resblocks.2.Adapter.s_attn.conv_offset.3.weight', 'transformer.resblocks.2.Adapter.s_attn.proj_q.weight', 'transformer.resblocks.2.Adapter.s_attn.proj_q.bias', 'transformer.resblocks.2.Adapter.s_attn.proj_k.weight', 'transformer.resblocks.2.Adapter.s_attn.proj_k.bias', 'transformer.resblocks.2.Adapter.s_attn.proj_v.weight', 'transformer.resblocks.2.Adapter.s_attn.proj_v.bias', 'transformer.resblocks.2.Adapter.s_attn.proj_out.weight', 'transformer.resblocks.2.Adapter.s_attn.proj_out.bias', 'transformer.resblocks.2.Adapter.t_ln.weight', 'transformer.resblocks.2.Adapter.t_ln.bias', 'transformer.resblocks.2.Adapter.t_attn.conv_offset.0.weight', 'transformer.resblocks.2.Adapter.t_attn.conv_offset.0.bias', 'transformer.resblocks.2.Adapter.t_attn.conv_offset.1.norm.weight', 'transformer.resblocks.2.Adapter.t_attn.conv_offset.1.norm.bias', 'transformer.resblocks.2.Adapter.t_attn.conv_offset.3.weight', 'transformer.resblocks.2.Adapter.t_attn.proj_q.weight', 'transformer.resblocks.2.Adapter.t_attn.proj_q.bias', 'transformer.resblocks.2.Adapter.t_attn.proj_k.weight', 'transformer.resblocks.2.Adapter.t_attn.proj_k.bias', 'transformer.resblocks.2.Adapter.t_attn.proj_v.weight', 'transformer.resblocks.2.Adapter.t_attn.proj_v.bias', 'transformer.resblocks.2.Adapter.t_attn.proj_out.weight', 'transformer.resblocks.2.Adapter.t_attn.proj_out.bias', 'transformer.resblocks.2.Adapter.up.weight', 'transformer.resblocks.2.Adapter.up.bias', 'transformer.resblocks.3.Adapter.down.weight', 'transformer.resblocks.3.Adapter.down.bias', 'transformer.resblocks.3.Adapter.pos_embed.weight', 'transformer.resblocks.3.Adapter.pos_embed.bias', 'transformer.resblocks.3.Adapter.s_ln.weight', 'transformer.resblocks.3.Adapter.s_ln.bias', 'transformer.resblocks.3.Adapter.s_attn.conv_offset.0.weight', 'transformer.resblocks.3.Adapter.s_attn.conv_offset.0.bias', 'transformer.resblocks.3.Adapter.s_attn.conv_offset.1.norm.weight', 'transformer.resblocks.3.Adapter.s_attn.conv_offset.1.norm.bias', 'transformer.resblocks.3.Adapter.s_attn.conv_offset.3.weight', 'transformer.resblocks.3.Adapter.s_attn.proj_q.weight', 'transformer.resblocks.3.Adapter.s_attn.proj_q.bias', 'transformer.resblocks.3.Adapter.s_attn.proj_k.weight', 'transformer.resblocks.3.Adapter.s_attn.proj_k.bias', 'transformer.resblocks.3.Adapter.s_attn.proj_v.weight', 'transformer.resblocks.3.Adapter.s_attn.proj_v.bias', 'transformer.resblocks.3.Adapter.s_attn.proj_out.weight', 'transformer.resblocks.3.Adapter.s_attn.proj_out.bias', 'transformer.resblocks.3.Adapter.t_ln.weight', 'transformer.resblocks.3.Adapter.t_ln.bias', 'transformer.resblocks.3.Adapter.t_attn.conv_offset.0.weight', 'transformer.resblocks.3.Adapter.t_attn.conv_offset.0.bias', 'transformer.resblocks.3.Adapter.t_attn.conv_offset.1.norm.weight', 'transformer.resblocks.3.Adapter.t_attn.conv_offset.1.norm.bias', 'transformer.resblocks.3.Adapter.t_attn.conv_offset.3.weight', 'transformer.resblocks.3.Adapter.t_attn.proj_q.weight', 'transformer.resblocks.3.Adapter.t_attn.proj_q.bias', 'transformer.resblocks.3.Adapter.t_attn.proj_k.weight', 'transformer.resblocks.3.Adapter.t_attn.proj_k.bias', 'transformer.resblocks.3.Adapter.t_attn.proj_v.weight', 'transformer.resblocks.3.Adapter.t_attn.proj_v.bias', 'transformer.resblocks.3.Adapter.t_attn.proj_out.weight', 'transformer.resblocks.3.Adapter.t_attn.proj_out.bias', 'transformer.resblocks.3.Adapter.up.weight', 'transformer.resblocks.3.Adapter.up.bias', 'transformer.resblocks.4.Adapter.down.weight', 'transformer.resblocks.4.Adapter.down.bias', 'transformer.resblocks.4.Adapter.pos_embed.weight', 'transformer.resblocks.4.Adapter.pos_embed.bias', 'transformer.resblocks.4.Adapter.s_ln.weight', 'transformer.resblocks.4.Adapter.s_ln.bias', 'transformer.resblocks.4.Adapter.s_attn.conv_offset.0.weight', 'transformer.resblocks.4.Adapter.s_attn.conv_offset.0.bias', 'transformer.resblocks.4.Adapter.s_attn.conv_offset.1.norm.weight', 'transformer.resblocks.4.Adapter.s_attn.conv_offset.1.norm.bias', 'transformer.resblocks.4.Adapter.s_attn.conv_offset.3.weight', 'transformer.resblocks.4.Adapter.s_attn.proj_q.weight', 'transformer.resblocks.4.Adapter.s_attn.proj_q.bias', 'transformer.resblocks.4.Adapter.s_attn.proj_k.weight', 'transformer.resblocks.4.Adapter.s_attn.proj_k.bias', 'transformer.resblocks.4.Adapter.s_attn.proj_v.weight', 'transformer.resblocks.4.Adapter.s_attn.proj_v.bias', 'transformer.resblocks.4.Adapter.s_attn.proj_out.weight', 'transformer.resblocks.4.Adapter.s_attn.proj_out.bias', 'transformer.resblocks.4.Adapter.t_ln.weight', 'transformer.resblocks.4.Adapter.t_ln.bias', 'transformer.resblocks.4.Adapter.t_attn.conv_offset.0.weight', 'transformer.resblocks.4.Adapter.t_attn.conv_offset.0.bias', 'transformer.resblocks.4.Adapter.t_attn.conv_offset.1.norm.weight', 'transformer.resblocks.4.Adapter.t_attn.conv_offset.1.norm.bias', 'transformer.resblocks.4.Adapter.t_attn.conv_offset.3.weight', 'transformer.resblocks.4.Adapter.t_attn.proj_q.weight', 'transformer.resblocks.4.Adapter.t_attn.proj_q.bias', 'transformer.resblocks.4.Adapter.t_attn.proj_k.weight', 'transformer.resblocks.4.Adapter.t_attn.proj_k.bias', 'transformer.resblocks.4.Adapter.t_attn.proj_v.weight', 'transformer.resblocks.4.Adapter.t_attn.proj_v.bias', 'transformer.resblocks.4.Adapter.t_attn.proj_out.weight', 'transformer.resblocks.4.Adapter.t_attn.proj_out.bias', 'transformer.resblocks.4.Adapter.up.weight', 'transformer.resblocks.4.Adapter.up.bias', 'transformer.resblocks.5.Adapter.down.weight', 'transformer.resblocks.5.Adapter.down.bias', 'transformer.resblocks.5.Adapter.pos_embed.weight', 'transformer.resblocks.5.Adapter.pos_embed.bias', 'transformer.resblocks.5.Adapter.s_ln.weight', 'transformer.resblocks.5.Adapter.s_ln.bias', 'transformer.resblocks.5.Adapter.s_attn.conv_offset.0.weight', 'transformer.resblocks.5.Adapter.s_attn.conv_offset.0.bias', 'transformer.resblocks.5.Adapter.s_attn.conv_offset.1.norm.weight', 'transformer.resblocks.5.Adapter.s_attn.conv_offset.1.norm.bias', 'transformer.resblocks.5.Adapter.s_attn.conv_offset.3.weight', 'transformer.resblocks.5.Adapter.s_attn.proj_q.weight', 'transformer.resblocks.5.Adapter.s_attn.proj_q.bias', 'transformer.resblocks.5.Adapter.s_attn.proj_k.weight', 'transformer.resblocks.5.Adapter.s_attn.proj_k.bias', 'transformer.resblocks.5.Adapter.s_attn.proj_v.weight', 'transformer.resblocks.5.Adapter.s_attn.proj_v.bias', 'transformer.resblocks.5.Adapter.s_attn.proj_out.weight', 'transformer.resblocks.5.Adapter.s_attn.proj_out.bias', 'transformer.resblocks.5.Adapter.t_ln.weight', 'transformer.resblocks.5.Adapter.t_ln.bias', 'transformer.resblocks.5.Adapter.t_attn.conv_offset.0.weight', 'transformer.resblocks.5.Adapter.t_attn.conv_offset.0.bias', 'transformer.resblocks.5.Adapter.t_attn.conv_offset.1.norm.weight', 'transformer.resblocks.5.Adapter.t_attn.conv_offset.1.norm.bias', 'transformer.resblocks.5.Adapter.t_attn.conv_offset.3.weight', 'transformer.resblocks.5.Adapter.t_attn.proj_q.weight', 'transformer.resblocks.5.Adapter.t_attn.proj_q.bias', 'transformer.resblocks.5.Adapter.t_attn.proj_k.weight', 'transformer.resblocks.5.Adapter.t_attn.proj_k.bias', 'transformer.resblocks.5.Adapter.t_attn.proj_v.weight', 'transformer.resblocks.5.Adapter.t_attn.proj_v.bias', 'transformer.resblocks.5.Adapter.t_attn.proj_out.weight', 'transformer.resblocks.5.Adapter.t_attn.proj_out.bias', 'transformer.resblocks.5.Adapter.up.weight', 'transformer.resblocks.5.Adapter.up.bias', 'transformer.resblocks.6.Adapter.down.weight', 'transformer.resblocks.6.Adapter.down.bias', 'transformer.resblocks.6.Adapter.pos_embed.weight', 'transformer.resblocks.6.Adapter.pos_embed.bias', 'transformer.resblocks.6.Adapter.s_ln.weight', 'transformer.resblocks.6.Adapter.s_ln.bias', 'transformer.resblocks.6.Adapter.s_attn.conv_offset.0.weight', 'transformer.resblocks.6.Adapter.s_attn.conv_offset.0.bias', 'transformer.resblocks.6.Adapter.s_attn.conv_offset.1.norm.weight', 'transformer.resblocks.6.Adapter.s_attn.conv_offset.1.norm.bias', 'transformer.resblocks.6.Adapter.s_attn.conv_offset.3.weight', 'transformer.resblocks.6.Adapter.s_attn.proj_q.weight', 'transformer.resblocks.6.Adapter.s_attn.proj_q.bias', 'transformer.resblocks.6.Adapter.s_attn.proj_k.weight', 'transformer.resblocks.6.Adapter.s_attn.proj_k.bias', 'transformer.resblocks.6.Adapter.s_attn.proj_v.weight', 'transformer.resblocks.6.Adapter.s_attn.proj_v.bias', 'transformer.resblocks.6.Adapter.s_attn.proj_out.weight', 'transformer.resblocks.6.Adapter.s_attn.proj_out.bias', 'transformer.resblocks.6.Adapter.t_ln.weight', 'transformer.resblocks.6.Adapter.t_ln.bias', 'transformer.resblocks.6.Adapter.t_attn.conv_offset.0.weight', 'transformer.resblocks.6.Adapter.t_attn.conv_offset.0.bias', 'transformer.resblocks.6.Adapter.t_attn.conv_offset.1.norm.weight', 'transformer.resblocks.6.Adapter.t_attn.conv_offset.1.norm.bias', 'transformer.resblocks.6.Adapter.t_attn.conv_offset.3.weight', 'transformer.resblocks.6.Adapter.t_attn.proj_q.weight', 'transformer.resblocks.6.Adapter.t_attn.proj_q.bias', 'transformer.resblocks.6.Adapter.t_attn.proj_k.weight', 'transformer.resblocks.6.Adapter.t_attn.proj_k.bias', 'transformer.resblocks.6.Adapter.t_attn.proj_v.weight', 'transformer.resblocks.6.Adapter.t_attn.proj_v.bias', 'transformer.resblocks.6.Adapter.t_attn.proj_out.weight', 'transformer.resblocks.6.Adapter.t_attn.proj_out.bias', 'transformer.resblocks.6.Adapter.up.weight', 'transformer.resblocks.6.Adapter.up.bias', 'transformer.resblocks.7.Adapter.down.weight', 'transformer.resblocks.7.Adapter.down.bias', 'transformer.resblocks.7.Adapter.pos_embed.weight', 'transformer.resblocks.7.Adapter.pos_embed.bias', 'transformer.resblocks.7.Adapter.s_ln.weight', 'transformer.resblocks.7.Adapter.s_ln.bias', 'transformer.resblocks.7.Adapter.s_attn.conv_offset.0.weight', 'transformer.resblocks.7.Adapter.s_attn.conv_offset.0.bias', 'transformer.resblocks.7.Adapter.s_attn.conv_offset.1.norm.weight', 'transformer.resblocks.7.Adapter.s_attn.conv_offset.1.norm.bias', 'transformer.resblocks.7.Adapter.s_attn.conv_offset.3.weight', 'transformer.resblocks.7.Adapter.s_attn.proj_q.weight', 'transformer.resblocks.7.Adapter.s_attn.proj_q.bias', 'transformer.resblocks.7.Adapter.s_attn.proj_k.weight', 'transformer.resblocks.7.Adapter.s_attn.proj_k.bias', 'transformer.resblocks.7.Adapter.s_attn.proj_v.weight', 'transformer.resblocks.7.Adapter.s_attn.proj_v.bias', 'transformer.resblocks.7.Adapter.s_attn.proj_out.weight', 'transformer.resblocks.7.Adapter.s_attn.proj_out.bias', 'transformer.resblocks.7.Adapter.t_ln.weight', 'transformer.resblocks.7.Adapter.t_ln.bias', 'transformer.resblocks.7.Adapter.t_attn.conv_offset.0.weight', 'transformer.resblocks.7.Adapter.t_attn.conv_offset.0.bias', 'transformer.resblocks.7.Adapter.t_attn.conv_offset.1.norm.weight', 'transformer.resblocks.7.Adapter.t_attn.conv_offset.1.norm.bias', 'transformer.resblocks.7.Adapter.t_attn.conv_offset.3.weight', 'transformer.resblocks.7.Adapter.t_attn.proj_q.weight', 'transformer.resblocks.7.Adapter.t_attn.proj_q.bias', 'transformer.resblocks.7.Adapter.t_attn.proj_k.weight', 'transformer.resblocks.7.Adapter.t_attn.proj_k.bias', 'transformer.resblocks.7.Adapter.t_attn.proj_v.weight', 'transformer.resblocks.7.Adapter.t_attn.proj_v.bias', 'transformer.resblocks.7.Adapter.t_attn.proj_out.weight', 'transformer.resblocks.7.Adapter.t_attn.proj_out.bias', 'transformer.resblocks.7.Adapter.up.weight', 'transformer.resblocks.7.Adapter.up.bias', 'transformer.resblocks.8.Adapter.down.weight', 'transformer.resblocks.8.Adapter.down.bias', 'transformer.resblocks.8.Adapter.pos_embed.weight', 'transformer.resblocks.8.Adapter.pos_embed.bias', 'transformer.resblocks.8.Adapter.s_ln.weight', 'transformer.resblocks.8.Adapter.s_ln.bias', 'transformer.resblocks.8.Adapter.s_attn.conv_offset.0.weight', 'transformer.resblocks.8.Adapter.s_attn.conv_offset.0.bias', 'transformer.resblocks.8.Adapter.s_attn.conv_offset.1.norm.weight', 'transformer.resblocks.8.Adapter.s_attn.conv_offset.1.norm.bias', 'transformer.resblocks.8.Adapter.s_attn.conv_offset.3.weight', 'transformer.resblocks.8.Adapter.s_attn.proj_q.weight', 'transformer.resblocks.8.Adapter.s_attn.proj_q.bias', 'transformer.resblocks.8.Adapter.s_attn.proj_k.weight', 'transformer.resblocks.8.Adapter.s_attn.proj_k.bias', 'transformer.resblocks.8.Adapter.s_attn.proj_v.weight', 'transformer.resblocks.8.Adapter.s_attn.proj_v.bias', 'transformer.resblocks.8.Adapter.s_attn.proj_out.weight', 'transformer.resblocks.8.Adapter.s_attn.proj_out.bias', 'transformer.resblocks.8.Adapter.t_ln.weight', 'transformer.resblocks.8.Adapter.t_ln.bias', 'transformer.resblocks.8.Adapter.t_attn.conv_offset.0.weight', 'transformer.resblocks.8.Adapter.t_attn.conv_offset.0.bias', 'transformer.resblocks.8.Adapter.t_attn.conv_offset.1.norm.weight', 'transformer.resblocks.8.Adapter.t_attn.conv_offset.1.norm.bias', 'transformer.resblocks.8.Adapter.t_attn.conv_offset.3.weight', 'transformer.resblocks.8.Adapter.t_attn.proj_q.weight', 'transformer.resblocks.8.Adapter.t_attn.proj_q.bias', 'transformer.resblocks.8.Adapter.t_attn.proj_k.weight', 'transformer.resblocks.8.Adapter.t_attn.proj_k.bias', 'transformer.resblocks.8.Adapter.t_attn.proj_v.weight', 'transformer.resblocks.8.Adapter.t_attn.proj_v.bias', 'transformer.resblocks.8.Adapter.t_attn.proj_out.weight', 'transformer.resblocks.8.Adapter.t_attn.proj_out.bias', 'transformer.resblocks.8.Adapter.up.weight', 'transformer.resblocks.8.Adapter.up.bias', 'transformer.resblocks.9.Adapter.down.weight', 'transformer.resblocks.9.Adapter.down.bias', 'transformer.resblocks.9.Adapter.pos_embed.weight', 'transformer.resblocks.9.Adapter.pos_embed.bias', 'transformer.resblocks.9.Adapter.s_ln.weight', 'transformer.resblocks.9.Adapter.s_ln.bias', 'transformer.resblocks.9.Adapter.s_attn.conv_offset.0.weight', 'transformer.resblocks.9.Adapter.s_attn.conv_offset.0.bias', 'transformer.resblocks.9.Adapter.s_attn.conv_offset.1.norm.weight', 'transformer.resblocks.9.Adapter.s_attn.conv_offset.1.norm.bias', 'transformer.resblocks.9.Adapter.s_attn.conv_offset.3.weight', 'transformer.resblocks.9.Adapter.s_attn.proj_q.weight', 'transformer.resblocks.9.Adapter.s_attn.proj_q.bias', 'transformer.resblocks.9.Adapter.s_attn.proj_k.weight', 'transformer.resblocks.9.Adapter.s_attn.proj_k.bias', 'transformer.resblocks.9.Adapter.s_attn.proj_v.weight', 'transformer.resblocks.9.Adapter.s_attn.proj_v.bias', 'transformer.resblocks.9.Adapter.s_attn.proj_out.weight', 'transformer.resblocks.9.Adapter.s_attn.proj_out.bias', 'transformer.resblocks.9.Adapter.t_ln.weight', 'transformer.resblocks.9.Adapter.t_ln.bias', 'transformer.resblocks.9.Adapter.t_attn.conv_offset.0.weight', 'transformer.resblocks.9.Adapter.t_attn.conv_offset.0.bias', 'transformer.resblocks.9.Adapter.t_attn.conv_offset.1.norm.weight', 'transformer.resblocks.9.Adapter.t_attn.conv_offset.1.norm.bias', 'transformer.resblocks.9.Adapter.t_attn.conv_offset.3.weight', 'transformer.resblocks.9.Adapter.t_attn.proj_q.weight', 'transformer.resblocks.9.Adapter.t_attn.proj_q.bias', 'transformer.resblocks.9.Adapter.t_attn.proj_k.weight', 'transformer.resblocks.9.Adapter.t_attn.proj_k.bias', 'transformer.resblocks.9.Adapter.t_attn.proj_v.weight', 'transformer.resblocks.9.Adapter.t_attn.proj_v.bias', 'transformer.resblocks.9.Adapter.t_attn.proj_out.weight', 'transformer.resblocks.9.Adapter.t_attn.proj_out.bias', 'transformer.resblocks.9.Adapter.up.weight', 'transformer.resblocks.9.Adapter.up.bias', 'transformer.resblocks.10.Adapter.down.weight', 'transformer.resblocks.10.Adapter.down.bias', 'transformer.resblocks.10.Adapter.pos_embed.weight', 'transformer.resblocks.10.Adapter.pos_embed.bias', 'transformer.resblocks.10.Adapter.s_ln.weight', 'transformer.resblocks.10.Adapter.s_ln.bias', 'transformer.resblocks.10.Adapter.s_attn.conv_offset.0.weight', 'transformer.resblocks.10.Adapter.s_attn.conv_offset.0.bias', 'transformer.resblocks.10.Adapter.s_attn.conv_offset.1.norm.weight', 'transformer.resblocks.10.Adapter.s_attn.conv_offset.1.norm.bias', 'transformer.resblocks.10.Adapter.s_attn.conv_offset.3.weight', 'transformer.resblocks.10.Adapter.s_attn.proj_q.weight', 'transformer.resblocks.10.Adapter.s_attn.proj_q.bias', 'transformer.resblocks.10.Adapter.s_attn.proj_k.weight', 'transformer.resblocks.10.Adapter.s_attn.proj_k.bias', 'transformer.resblocks.10.Adapter.s_attn.proj_v.weight', 'transformer.resblocks.10.Adapter.s_attn.proj_v.bias', 'transformer.resblocks.10.Adapter.s_attn.proj_out.weight', 'transformer.resblocks.10.Adapter.s_attn.proj_out.bias', 'transformer.resblocks.10.Adapter.t_ln.weight', 'transformer.resblocks.10.Adapter.t_ln.bias', 'transformer.resblocks.10.Adapter.t_attn.conv_offset.0.weight', 'transformer.resblocks.10.Adapter.t_attn.conv_offset.0.bias', 'transformer.resblocks.10.Adapter.t_attn.conv_offset.1.norm.weight', 'transformer.resblocks.10.Adapter.t_attn.conv_offset.1.norm.bias', 'transformer.resblocks.10.Adapter.t_attn.conv_offset.3.weight', 'transformer.resblocks.10.Adapter.t_attn.proj_q.weight', 'transformer.resblocks.10.Adapter.t_attn.proj_q.bias', 'transformer.resblocks.10.Adapter.t_attn.proj_k.weight', 'transformer.resblocks.10.Adapter.t_attn.proj_k.bias', 'transformer.resblocks.10.Adapter.t_attn.proj_v.weight', 'transformer.resblocks.10.Adapter.t_attn.proj_v.bias', 'transformer.resblocks.10.Adapter.t_attn.proj_out.weight', 'transformer.resblocks.10.Adapter.t_attn.proj_out.bias', 'transformer.resblocks.10.Adapter.up.weight', 'transformer.resblocks.10.Adapter.up.bias', 'transformer.resblocks.11.Adapter.down.weight', 'transformer.resblocks.11.Adapter.down.bias', 'transformer.resblocks.11.Adapter.pos_embed.weight', 'transformer.resblocks.11.Adapter.pos_embed.bias', 'transformer.resblocks.11.Adapter.s_ln.weight', 'transformer.resblocks.11.Adapter.s_ln.bias', 'transformer.resblocks.11.Adapter.s_attn.conv_offset.0.weight', 'transformer.resblocks.11.Adapter.s_attn.conv_offset.0.bias', 'transformer.resblocks.11.Adapter.s_attn.conv_offset.1.norm.weight', 'transformer.resblocks.11.Adapter.s_attn.conv_offset.1.norm.bias', 'transformer.resblocks.11.Adapter.s_attn.conv_offset.3.weight', 'transformer.resblocks.11.Adapter.s_attn.proj_q.weight', 'transformer.resblocks.11.Adapter.s_attn.proj_q.bias', 'transformer.resblocks.11.Adapter.s_attn.proj_k.weight', 'transformer.resblocks.11.Adapter.s_attn.proj_k.bias', 'transformer.resblocks.11.Adapter.s_attn.proj_v.weight', 'transformer.resblocks.11.Adapter.s_attn.proj_v.bias', 'transformer.resblocks.11.Adapter.s_attn.proj_out.weight', 'transformer.resblocks.11.Adapter.s_attn.proj_out.bias', 'transformer.resblocks.11.Adapter.t_ln.weight', 'transformer.resblocks.11.Adapter.t_ln.bias', 'transformer.resblocks.11.Adapter.t_attn.conv_offset.0.weight', 'transformer.resblocks.11.Adapter.t_attn.conv_offset.0.bias', 'transformer.resblocks.11.Adapter.t_attn.conv_offset.1.norm.weight', 'transformer.resblocks.11.Adapter.t_attn.conv_offset.1.norm.bias', 'transformer.resblocks.11.Adapter.t_attn.conv_offset.3.weight', 'transformer.resblocks.11.Adapter.t_attn.proj_q.weight', 'transformer.resblocks.11.Adapter.t_attn.proj_q.bias', 'transformer.resblocks.11.Adapter.t_attn.proj_k.weight', 'transformer.resblocks.11.Adapter.t_attn.proj_k.bias', 'transformer.resblocks.11.Adapter.t_attn.proj_v.weight', 'transformer.resblocks.11.Adapter.t_attn.proj_v.bias', 'transformer.resblocks.11.Adapter.t_attn.proj_out.weight', 'transformer.resblocks.11.Adapter.t_attn.proj_out.bias', 'transformer.resblocks.11.Adapter.up.weight', 'transformer.resblocks.11.Adapter.up.bias', 'focus_branch.temporal_alpha', 'focus_branch.norm.weight', 'focus_branch.norm.bias', 'focus_branch.time_proj.weight', 'focus_branch.time_proj.bias', 'focus_branch.temporal.self_attn.in_proj_weight', 'focus_branch.temporal.self_attn.in_proj_bias', 'focus_branch.temporal.self_attn.out_proj.weight', 'focus_branch.temporal.self_attn.out_proj.bias', 'focus_branch.temporal.linear1.weight', 'focus_branch.temporal.linear1.bias', 'focus_branch.temporal.linear2.weight', 'focus_branch.temporal.linear2.bias', 'focus_branch.temporal.norm1.weight', 'focus_branch.temporal.norm1.bias', 'focus_branch.temporal.norm2.weight', 'focus_branch.temporal.norm2.bias', 'focus_branch.gate.0.weight', 'focus_branch.gate.0.bias', 'focus_branch.gate.2.weight', 'focus_branch.gate.2.bias', 'multi_velocity_matcher.velocity_logits', 'multi_velocity_matcher.motion_norm.weight', 'multi_velocity_matcher.motion_norm.bias', 'multi_velocity_matcher.motion_projection.0.weight', 'multi_velocity_matcher.motion_projection.0.bias', 'multi_velocity_matcher.motion_projection.3.weight', 'multi_velocity_matcher.motion_projection.3.bias']
[09/23 09:56:12][INFO] models.base.adapter: 1078: Unexpected keys: []
[09/23 09:56:12][INFO] models.base.adapter: 1079: => loaded successfully 'ViT-B/16'
[09/23 09:56:12][INFO] models.base.adapter: 1086: init:  transformer.resblocks.0.Adapter.up
[09/23 09:56:12][INFO] models.base.adapter: 1086: init:  transformer.resblocks.1.Adapter.up
[09/23 09:56:12][INFO] models.base.adapter: 1086: init:  transformer.resblocks.2.Adapter.up
[09/23 09:56:12][INFO] models.base.adapter: 1086: init:  transformer.resblocks.3.Adapter.up
[09/23 09:56:12][INFO] models.base.adapter: 1086: init:  transformer.resblocks.4.Adapter.up
[09/23 09:56:12][INFO] models.base.adapter: 1086: init:  transformer.resblocks.5.Adapter.up
[09/23 09:56:12][INFO] models.base.adapter: 1086: init:  transformer.resblocks.6.Adapter.up
[09/23 09:56:12][INFO] models.base.adapter: 1086: init:  transformer.resblocks.7.Adapter.up
[09/23 09:56:12][INFO] models.base.adapter: 1086: init:  transformer.resblocks.8.Adapter.up
[09/23 09:56:12][INFO] models.base.adapter: 1086: init:  transformer.resblocks.9.Adapter.up
[09/23 09:56:12][INFO] models.base.adapter: 1086: init:  transformer.resblocks.10.Adapter.up
[09/23 09:56:12][INFO] models.base.adapter: 1086: init:  transformer.resblocks.11.Adapter.up
[09/23 09:56:12][INFO] train_net_few_shot:  308: Model:
BaseVideoModel(
  (model): ViT_CLIP(
    (conv1): Conv2d(3, 768, kernel_size=(16, 16), stride=(16, 16), bias=False)
    (ln_pre): LayerNorm((768,), eps=1e-05, elementwise_affine=True, bias=True)
    (transformer): Transformer(
      (resblocks): ModuleList(
        (0-11): 12 x ResidualAttentionBlock(
          (ln_1): LayerNorm((768,), eps=1e-05, elementwise_affine=True, bias=True)
          (attn): MultiheadAttention(
            (out_proj): NonDynamicallyQuantizableLinear(in_features=768, out_features=768, bias=True)
          )
          (ln_2): LayerNorm((768,), eps=1e-05, elementwise_affine=True, bias=True)
          (mlp): Sequential(
            (c_fc): Linear(in_features=768, out_features=3072, bias=True)
            (gelu): QuickGELU()
            (c_proj): Linear(in_features=3072, out_features=768, bias=True)
          )
          (Adapter): ViT_D2ST_Adapter(
            (down): Linear(in_features=768, out_features=192, bias=True)
            (gelu1): GELU(approximate='none')
            (pos_embed): Conv3d(192, 192, kernel_size=(3, 3, 3), stride=(1, 1, 1), padding=(1, 1, 1), groups=192)
            (s_ln): LayerNorm((192,), eps=1e-05, elementwise_affine=True, bias=True)
            (s_attn): ViT_DeformAttention(
              (conv_offset): Sequential(
                (0): Conv3d(48, 48, kernel_size=(4, 5, 5), stride=(4, 3, 3), groups=48)
                (1): LayerNormProxy(
                  (norm): LayerNorm((48,), eps=1e-05, elementwise_affine=True, bias=True)
                )
                (2): GELU(approximate='none')
                (3): Conv3d(48, 3, kernel_size=(1, 1, 1), stride=(1, 1, 1), bias=False)
              )
              (proj_q): Linear(in_features=192, out_features=192, bias=True)
              (proj_k): Linear(in_features=192, out_features=192, bias=True)
              (proj_v): Linear(in_features=192, out_features=192, bias=True)
              (proj_out): Linear(in_features=192, out_features=192, bias=True)
            )
            (t_ln): LayerNorm((192,), eps=1e-05, elementwise_affine=True, bias=True)
            (t_attn): ViT_DeformAttention(
              (conv_offset): Sequential(
                (0): Conv3d(48, 48, kernel_size=(1, 7, 7), stride=(1, 7, 7), groups=48)
                (1): LayerNormProxy(
                  (norm): LayerNorm((48,), eps=1e-05, elementwise_affine=True, bias=True)
                )
                (2): GELU(approximate='none')
                (3): Conv3d(48, 3, kernel_size=(1, 1, 1), stride=(1, 1, 1), bias=False)
              )
              (proj_q): Linear(in_features=192, out_features=192, bias=True)
              (proj_k): Linear(in_features=192, out_features=192, bias=True)
              (proj_v): Linear(in_features=192, out_features=192, bias=True)
              (proj_out): Linear(in_features=192, out_features=192, bias=True)
            )
            (gelu): GELU(approximate='none')
            (up): Linear(in_features=192, out_features=768, bias=True)
            (gelu2): GELU(approximate='none')
          )
        )
      )
    )
    (ln_post): LayerNorm((768,), eps=1e-05, elementwise_affine=True, bias=True)
    (focus_branch): D2STFocusResidual(
      (norm): LayerNorm((768,), eps=1e-05, elementwise_affine=True, bias=True)
      (time_proj): Linear(in_features=1, out_features=768, bias=True)
      (temporal): TransformerEncoderLayer(
        (self_attn): MultiheadAttention(
          (out_proj): NonDynamicallyQuantizableLinear(in_features=768, out_features=768, bias=True)
        )
        (linear1): Linear(in_features=768, out_features=1536, bias=True)
        (dropout): Dropout(p=0.1, inplace=False)
        (linear2): Linear(in_features=1536, out_features=768, bias=True)
        (norm1): LayerNorm((768,), eps=1e-05, elementwise_affine=True, bias=True)
        (norm2): LayerNorm((768,), eps=1e-05, elementwise_affine=True, bias=True)
        (dropout1): Dropout(p=0.1, inplace=False)
        (dropout2): Dropout(p=0.1, inplace=False)
      )
      (gate): Sequential(
        (0): Linear(in_features=768, out_features=48, bias=True)
        (1): GELU(approximate='none')
        (2): Linear(in_features=48, out_features=1, bias=True)
      )
    )
    (multi_velocity_matcher): D2STMultiVelocityMatcher(
      (motion_norm): LayerNorm((768,), eps=1e-05, elementwise_affine=True, bias=True)
      (motion_projection): Sequential(
        (0): Linear(in_features=768, out_features=192, bias=True)
        (1): GELU(approximate='none')
        (2): Dropout(p=0.1, inplace=False)
        (3): Linear(in_features=192, out_features=768, bias=True)
      )
    )
  )
)
[09/23 09:56:12][INFO] models.utils.optimizer:   82: Optimized parameters constructed. Parameters without weight decay: []
[09/23 09:56:12][INFO] datasets.base.few_shot_dataset:   97: Reading video list from file: train_few_shot.txt
[09/23 09:56:12][INFO] datasets.base.few_shot_dataset:  127: Loading UCF101 dataset list for split 'train'...
[09/23 09:56:12][INFO] datasets.base.few_shot_dataset:   47: loaded 9154 videos from train dataset: UCF101 !
[09/23 09:56:12][INFO] datasets.base.few_shot_dataset:  153: Dataset UCF101 split train loaded. Length 9154.
[09/23 09:56:12][INFO] datasets.base.few_shot_dataset:   97: Reading video list from file: test_few_shot.txt
[09/23 09:56:12][INFO] datasets.base.few_shot_dataset:  127: Loading UCF101 dataset list for split 'test'...
[09/23 09:56:12][INFO] datasets.base.few_shot_dataset:   47: loaded 2745 videos from test dataset: UCF101 !
[09/23 09:56:12][INFO] datasets.base.few_shot_dataset:  153: Dataset UCF101 split test loaded. Length 2745.
[09/23 09:56:12][INFO] train_net_few_shot:  330: Start epoch: 1
[09/23 09:56:12][INFO] train_net_few_shot:  363: Number of total parameters: 98144358, tunable parameters: 12347238
[09/23 09:56:12][INFO] train_net_few_shot:   89: Norm training: True
[09/23 09:56:12][INFO] train_net_few_shot:  107: Gradient accumulation: steps=16, normalize=True
[09/23 09:57:18][INFO] utils.logging:   91: {"_type": "train_iter", "iter": "200/18000", "loss": 0.257832, "lr": 0.000072, "top1_acc": 91.500001}
[09/23 09:58:21][INFO] utils.logging:   91: {"_type": "train_iter", "iter": "400/18000", "loss": 0.174050, "lr": 0.000094, "top1_acc": 92.700001}
[09/23 09:59:25][INFO] utils.logging:   91: {"_type": "train_iter", "iter": "600/18000", "loss": 0.095066, "lr": 0.000117, "top1_acc": 95.800000}
[09/23 10:00:29][INFO] utils.logging:   91: {"_type": "train_iter", "iter": "800/18000", "loss": 0.078194, "lr": 0.000139, "top1_acc": 96.300000}
[09/23 10:01:32][INFO] utils.logging:   91: {"_type": "train_iter", "iter": "1000/18000", "loss": 0.049364, "lr": 0.000161, "top1_acc": 96.500000}
[09/23 10:02:36][INFO] utils.logging:   91: {"_type": "train_iter", "iter": "1200/18000", "loss": 0.032823, "lr": 0.000183, "top1_acc": 96.800000}
[09/23 10:03:39][INFO] utils.logging:   91: {"_type": "train_iter", "iter": "1400/18000", "loss": 0.030111, "lr": 0.000205, "top1_acc": 97.200000}
[09/23 10:04:42][INFO] utils.logging:   91: {"_type": "train_iter", "iter": "1600/18000", "loss": 0.029888, "lr": 0.000228, "top1_acc": 97.100000}
[09/23 10:05:46][INFO] utils.logging:   91: {"_type": "train_iter", "iter": "1800/18000", "loss": 0.020945, "lr": 0.000250, "top1_acc": 97.200000}
[09/23 10:06:49][INFO] utils.logging:   91: {"_type": "train_iter", "iter": "2000/18000", "loss": 0.029586, "lr": 0.000250, "top1_acc": 96.600000}
[09/23 10:07:52][INFO] utils.logging:   91: {"_type": "train_iter", "iter": "2200/18000", "loss": 0.031580, "lr": 0.000250, "top1_acc": 97.400000}
[09/23 10:08:55][INFO] utils.logging:   91: {"_type": "train_iter", "iter": "2400/18000", "loss": 0.031447, "lr": 0.000250, "top1_acc": 96.800000}
[09/23 10:09:58][INFO] utils.logging:   91: {"_type": "train_iter", "iter": "2600/18000", "loss": 0.027396, "lr": 0.000250, "top1_acc": 97.000000}
[09/23 10:11:01][INFO] utils.logging:   91: {"_type": "train_iter", "iter": "2800/18000", "loss": 0.023858, "lr": 0.000250, "top1_acc": 96.600000}
[09/23 10:12:04][INFO] utils.logging:   91: {"_type": "train_iter", "iter": "3000/18000", "loss": 0.023446, "lr": 0.000250, "top1_acc": 96.600000}
[09/23 10:13:07][INFO] utils.logging:   91: {"_type": "train_iter", "iter": "3200/18000", "loss": 0.028805, "lr": 0.000250, "top1_acc": 97.300000}
[09/23 10:14:10][INFO] utils.logging:   91: {"_type": "train_iter", "iter": "3400/18000", "loss": 0.026805, "lr": 0.000250, "top1_acc": 97.200000}
[09/23 10:15:13][INFO] utils.logging:   91: {"_type": "train_iter", "iter": "3600/18000", "loss": 0.020661, "lr": 0.000250, "top1_acc": 97.900000}
[09/23 10:16:16][INFO] utils.logging:   91: {"_type": "train_iter", "iter": "3800/18000", "loss": 0.021984, "lr": 0.000250, "top1_acc": 97.800000}
[09/23 10:17:19][INFO] utils.logging:   91: {"_type": "train_iter", "iter": "4000/18000", "loss": 0.014446, "lr": 0.000250, "top1_acc": 97.800000}
[09/23 10:18:22][INFO] utils.logging:   91: {"_type": "train_iter", "iter": "4200/18000", "loss": 0.021022, "lr": 0.000250, "top1_acc": 97.300000}
[09/23 10:19:25][INFO] utils.logging:   91: {"_type": "train_iter", "iter": "4400/18000", "loss": 0.022449, "lr": 0.000250, "top1_acc": 96.900000}
[09/23 10:20:28][INFO] utils.logging:   91: {"_type": "train_iter", "iter": "4600/18000", "loss": 0.022466, "lr": 0.000250, "top1_acc": 97.700000}
[09/23 10:21:31][INFO] utils.logging:   91: {"_type": "train_iter", "iter": "4800/18000", "loss": 0.021598, "lr": 0.000250, "top1_acc": 98.100000}
[09/23 10:22:34][INFO] utils.logging:   91: {"_type": "train_iter", "iter": "5000/18000", "loss": 0.014637, "lr": 0.000250, "top1_acc": 98.100000}
[09/23 10:23:37][INFO] utils.logging:   91: {"_type": "train_iter", "iter": "5200/18000", "loss": 0.017252, "lr": 0.000250, "top1_acc": 97.900000}
[09/23 10:24:40][INFO] utils.logging:   91: {"_type": "train_iter", "iter": "5400/18000", "loss": 0.022119, "lr": 0.000250, "top1_acc": 98.300000}
[09/23 10:25:43][INFO] utils.logging:   91: {"_type": "train_iter", "iter": "5600/18000", "loss": 0.014650, "lr": 0.000250, "top1_acc": 98.100000}
[09/23 10:26:46][INFO] utils.logging:   91: {"_type": "train_iter", "iter": "5800/18000", "loss": 0.016919, "lr": 0.000250, "top1_acc": 98.600000}
[09/23 10:28:14][INFO] utils.logging:   91: {"_type": "val_iter", "gpu_mem": "11.84 GB", "iter": "200/10000", "top1_acc": 97.000000}
[09/23 10:28:38][INFO] utils.logging:   91: {"_type": "val_iter", "gpu_mem": "11.84 GB", "iter": "400/10000", "top1_acc": 97.300000}
[09/23 10:29:02][INFO] utils.logging:   91: {"_type": "val_iter", "gpu_mem": "11.84 GB", "iter": "600/10000", "top1_acc": 97.400000}
[09/23 10:29:26][INFO] utils.logging:   91: {"_type": "val_iter", "gpu_mem": "11.84 GB", "iter": "800/10000", "top1_acc": 97.000000}
[09/23 10:29:50][INFO] utils.logging:   91: {"_type": "val_iter", "gpu_mem": "11.84 GB", "iter": "1000/10000", "top1_acc": 97.700000}
[09/23 10:30:14][INFO] utils.logging:   91: {"_type": "val_iter", "gpu_mem": "11.84 GB", "iter": "1200/10000", "top1_acc": 98.300000}
[09/23 10:30:38][INFO] utils.logging:   91: {"_type": "val_iter", "gpu_mem": "11.84 GB", "iter": "1400/10000", "top1_acc": 96.900000}
[09/23 10:31:02][INFO] utils.logging:   91: {"_type": "val_iter", "gpu_mem": "11.84 GB", "iter": "1600/10000", "top1_acc": 97.500000}
[09/23 10:31:26][INFO] utils.logging:   91: {"_type": "val_iter", "gpu_mem": "11.84 GB", "iter": "1800/10000", "top1_acc": 97.500000}
[09/23 10:31:50][INFO] utils.logging:   91: {"_type": "val_iter", "gpu_mem": "11.84 GB", "iter": "2000/10000", "top1_acc": 97.000000}
[09/23 10:32:14][INFO] utils.logging:   91: {"_type": "val_iter", "gpu_mem": "11.84 GB", "iter": "2200/10000", "top1_acc": 98.300000}
[09/23 10:32:38][INFO] utils.logging:   91: {"_type": "val_iter", "gpu_mem": "11.84 GB", "iter": "2400/10000", "top1_acc": 97.200000}
[09/23 10:33:02][INFO] utils.logging:   91: {"_type": "val_iter", "gpu_mem": "11.84 GB", "iter": "2600/10000", "top1_acc": 97.100000}
[09/23 10:33:26][INFO] utils.logging:   91: {"_type": "val_iter", "gpu_mem": "11.84 GB", "iter": "2800/10000", "top1_acc": 97.500000}
[09/23 10:33:50][INFO] utils.logging:   91: {"_type": "val_iter", "gpu_mem": "11.84 GB", "iter": "3000/10000", "top1_acc": 97.000000}
[09/23 10:34:14][INFO] utils.logging:   91: {"_type": "val_iter", "gpu_mem": "11.84 GB", "iter": "3200/10000", "top1_acc": 97.100000}
[09/23 10:34:38][INFO] utils.logging:   91: {"_type": "val_iter", "gpu_mem": "11.84 GB", "iter": "3400/10000", "top1_acc": 97.600000}
[09/23 10:35:02][INFO] utils.logging:   91: {"_type": "val_iter", "gpu_mem": "11.84 GB", "iter": "3600/10000", "top1_acc": 97.900000}
[09/23 10:35:26][INFO] utils.logging:   91: {"_type": "val_iter", "gpu_mem": "11.84 GB", "iter": "3800/10000", "top1_acc": 97.600000}
[09/23 10:35:50][INFO] utils.logging:   91: {"_type": "val_iter", "gpu_mem": "11.84 GB", "iter": "4000/10000", "top1_acc": 96.700000}
[09/23 10:36:14][INFO] utils.logging:   91: {"_type": "val_iter", "gpu_mem": "11.84 GB", "iter": "4200/10000", "top1_acc": 97.400000}
[09/23 10:36:37][INFO] utils.logging:   91: {"_type": "val_iter", "gpu_mem": "11.84 GB", "iter": "4400/10000", "top1_acc": 96.500000}
[09/23 10:37:01][INFO] utils.logging:   91: {"_type": "val_iter", "gpu_mem": "11.84 GB", "iter": "4600/10000", "top1_acc": 97.600000}
[09/23 10:37:25][INFO] utils.logging:   91: {"_type": "val_iter", "gpu_mem": "11.84 GB", "iter": "4800/10000", "top1_acc": 97.700000}
[09/23 10:37:49][INFO] utils.logging:   91: {"_type": "val_iter", "gpu_mem": "11.84 GB", "iter": "5000/10000", "top1_acc": 96.900000}
[09/23 10:38:13][INFO] utils.logging:   91: {"_type": "val_iter", "gpu_mem": "11.84 GB", "iter": "5200/10000", "top1_acc": 96.700000}
[09/23 10:38:37][INFO] utils.logging:   91: {"_type": "val_iter", "gpu_mem": "11.84 GB", "iter": "5400/10000", "top1_acc": 96.500000}
[09/23 10:39:01][INFO] utils.logging:   91: {"_type": "val_iter", "gpu_mem": "11.84 GB", "iter": "5600/10000", "top1_acc": 96.800000}
[09/23 10:39:25][INFO] utils.logging:   91: {"_type": "val_iter", "gpu_mem": "11.84 GB", "iter": "5800/10000", "top1_acc": 96.900000}
[09/23 10:39:49][INFO] utils.logging:   91: {"_type": "val_iter", "gpu_mem": "11.84 GB", "iter": "6000/10000", "top1_acc": 97.700000}
[09/23 10:40:13][INFO] utils.logging:   91: {"_type": "val_iter", "gpu_mem": "11.84 GB", "iter": "6200/10000", "top1_acc": 96.900000}
[09/23 10:40:37][INFO] utils.logging:   91: {"_type": "val_iter", "gpu_mem": "11.84 GB", "iter": "6400/10000", "top1_acc": 97.000000}
[09/23 10:41:01][INFO] utils.logging:   91: {"_type": "val_iter", "gpu_mem": "11.84 GB", "iter": "6600/10000", "top1_acc": 96.600000}
[09/23 10:41:25][INFO] utils.logging:   91: {"_type": "val_iter", "gpu_mem": "11.84 GB", "iter": "6800/10000", "top1_acc": 96.400000}
[09/23 10:41:49][INFO] utils.logging:   91: {"_type": "val_iter", "gpu_mem": "11.84 GB", "iter": "7000/10000", "top1_acc": 97.400000}
[09/23 10:42:13][INFO] utils.logging:   91: {"_type": "val_iter", "gpu_mem": "11.84 GB", "iter": "7200/10000", "top1_acc": 96.400000}
[09/23 10:42:37][INFO] utils.logging:   91: {"_type": "val_iter", "gpu_mem": "11.84 GB", "iter": "7400/10000", "top1_acc": 97.800000}
[09/23 10:43:01][INFO] utils.logging:   91: {"_type": "val_iter", "gpu_mem": "11.84 GB", "iter": "7600/10000", "top1_acc": 97.500000}
[09/23 10:43:25][INFO] utils.logging:   91: {"_type": "val_iter", "gpu_mem": "11.84 GB", "iter": "7800/10000", "top1_acc": 97.400000}
[09/23 10:43:49][INFO] utils.logging:   91: {"_type": "val_iter", "gpu_mem": "11.84 GB", "iter": "8000/10000", "top1_acc": 97.100000}
[09/23 10:44:13][INFO] utils.logging:   91: {"_type": "val_iter", "gpu_mem": "11.84 GB", "iter": "8200/10000", "top1_acc": 97.700000}
[09/23 10:44:37][INFO] utils.logging:   91: {"_type": "val_iter", "gpu_mem": "11.84 GB", "iter": "8400/10000", "top1_acc": 96.500000}
[09/23 10:45:01][INFO] utils.logging:   91: {"_type": "val_iter", "gpu_mem": "11.84 GB", "iter": "8600/10000", "top1_acc": 97.200000}
[09/23 10:45:25][INFO] utils.logging:   91: {"_type": "val_iter", "gpu_mem": "11.84 GB", "iter": "8800/10000", "top1_acc": 97.700000}
[09/23 10:45:49][INFO] utils.logging:   91: {"_type": "val_iter", "gpu_mem": "11.84 GB", "iter": "9000/10000", "top1_acc": 97.400000}
[09/23 10:46:13][INFO] utils.logging:   91: {"_type": "val_iter", "gpu_mem": "11.84 GB", "iter": "9200/10000", "top1_acc": 96.900000}
[09/23 10:46:37][INFO] utils.logging:   91: {"_type": "val_iter", "gpu_mem": "11.84 GB", "iter": "9400/10000", "top1_acc": 96.600000}
[09/23 10:47:01][INFO] utils.logging:   91: {"_type": "val_iter", "gpu_mem": "11.84 GB", "iter": "9600/10000", "top1_acc": 97.100000}
[09/23 10:47:25][INFO] utils.logging:   91: {"_type": "val_iter", "gpu_mem": "11.84 GB", "iter": "9800/10000", "top1_acc": 97.500000}
[09/23 10:47:49][INFO] utils.logging:   91: {"_type": "val_iter", "gpu_mem": "11.84 GB", "iter": "10000/10000", "top1_acc": 97.400000}
[09/23 10:47:49][INFO] utils.logging:   91: {"RAM": "15.21/125.63 GB", "_type": "val_epoch", "epoch": "1", "gpu_mem": "11.84 GB", "top1_acc": 97.216000}
[09/23 10:47:49][INFO] train_net_few_shot:   53: Fusion weights: focus=0.019492, multi_velocity=0.019533
[09/23 10:47:49][INFO] train_net_few_shot:   73: Multi-velocity matcher: motion_delta=0.028594717383384705, velocity_weights=[0.4984789490699768, 0.5015209913253784], logit_delta=4.823799133300781
[09/23 10:47:49][INFO] train_net_few_shot:  145: New best validation accuracy: 97.2160; checkpoint=output/UCF101_FOCUS_MULTI_VELOCITY/checkpoints/checkpoint_best.pyth
[09/23 10:47:50][INFO] utils.logging:   91: {"_type": "train_iter", "iter": "6000/18000", "loss": 0.015512, "lr": 0.000250, "top1_acc": 98.100000}
[09/23 10:48:53][INFO] utils.logging:   91: {"_type": "train_iter", "iter": "6200/18000", "loss": 0.016935, "lr": 0.000250, "top1_acc": 97.900000}
[09/23 10:49:56][INFO] utils.logging:   91: {"_type": "train_iter", "iter": "6400/18000", "loss": 0.019227, "lr": 0.000250, "top1_acc": 97.700000}
[09/23 10:50:59][INFO] utils.logging:   91: {"_type": "train_iter", "iter": "6600/18000", "loss": 0.019662, "lr": 0.000250, "top1_acc": 97.500000}
[09/23 10:52:01][INFO] utils.logging:   91: {"_type": "train_iter", "iter": "6800/18000", "loss": 0.014645, "lr": 0.000250, "top1_acc": 98.500000}
[09/23 10:53:04][INFO] utils.logging:   91: {"_type": "train_iter", "iter": "7000/18000", "loss": 0.016297, "lr": 0.000250, "top1_acc": 98.200000}
[09/23 10:54:07][INFO] utils.logging:   91: {"_type": "train_iter", "iter": "7200/18000", "loss": 0.023056, "lr": 0.000250, "top1_acc": 96.700000}
[09/23 10:55:10][INFO] utils.logging:   91: {"_type": "train_iter", "iter": "7400/18000", "loss": 0.016952, "lr": 0.000250, "top1_acc": 97.500000}
[09/23 10:56:13][INFO] utils.logging:   91: {"_type": "train_iter", "iter": "7600/18000", "loss": 0.016308, "lr": 0.000250, "top1_acc": 97.900000}
[09/23 10:57:16][INFO] utils.logging:   91: {"_type": "train_iter", "iter": "7800/18000", "loss": 0.015713, "lr": 0.000250, "top1_acc": 97.900000}
[09/23 10:58:19][INFO] utils.logging:   91: {"_type": "train_iter", "iter": "8000/18000", "loss": 0.028066, "lr": 0.000250, "top1_acc": 97.300000}
[09/23 10:59:22][INFO] utils.logging:   91: {"_type": "train_iter", "iter": "8200/18000", "loss": 0.019180, "lr": 0.000250, "top1_acc": 97.800000}
[09/23 11:00:25][INFO] utils.logging:   91: {"_type": "train_iter", "iter": "8400/18000", "loss": 0.016951, "lr": 0.000250, "top1_acc": 98.000000}
[09/23 11:01:28][INFO] utils.logging:   91: {"_type": "train_iter", "iter": "8600/18000", "loss": 0.014057, "lr": 0.000250, "top1_acc": 98.400000}
[09/23 11:02:31][INFO] utils.logging:   91: {"_type": "train_iter", "iter": "8800/18000", "loss": 0.013030, "lr": 0.000250, "top1_acc": 99.100000}
[09/23 11:03:34][INFO] utils.logging:   91: {"_type": "train_iter", "iter": "9000/18000", "loss": 0.014514, "lr": 0.000250, "top1_acc": 98.300000}
[09/23 11:04:37][INFO] utils.logging:   91: {"_type": "train_iter", "iter": "9200/18000", "loss": 0.015152, "lr": 0.000025, "top1_acc": 98.400000}
[09/23 11:05:40][INFO] utils.logging:   91: {"_type": "train_iter", "iter": "9400/18000", "loss": 0.017280, "lr": 0.000025, "top1_acc": 98.000000}
[09/23 11:06:43][INFO] utils.logging:   91: {"_type": "train_iter", "iter": "9600/18000", "loss": 0.016569, "lr": 0.000025, "top1_acc": 98.400000}
[09/23 11:07:46][INFO] utils.logging:   91: {"_type": "train_iter", "iter": "9800/18000", "loss": 0.014774, "lr": 0.000025, "top1_acc": 99.100000}
[09/23 11:08:49][INFO] utils.logging:   91: {"_type": "train_iter", "iter": "10000/18000", "loss": 0.017039, "lr": 0.000025, "top1_acc": 98.300000}
[09/23 11:09:52][INFO] utils.logging:   91: {"_type": "train_iter", "iter": "10200/18000", "loss": 0.014302, "lr": 0.000025, "top1_acc": 98.100000}
[09/23 11:10:55][INFO] utils.logging:   91: {"_type": "train_iter", "iter": "10400/18000", "loss": 0.012529, "lr": 0.000025, "top1_acc": 97.200000}
[09/23 11:11:58][INFO] utils.logging:   91: {"_type": "train_iter", "iter": "10600/18000", "loss": 0.008581, "lr": 0.000025, "top1_acc": 99.000000}
[09/23 11:13:01][INFO] utils.logging:   91: {"_type": "train_iter", "iter": "10800/18000", "loss": 0.016144, "lr": 0.000025, "top1_acc": 98.400000}
[09/23 11:14:04][INFO] utils.logging:   91: {"_type": "train_iter", "iter": "11000/18000", "loss": 0.014279, "lr": 0.000025, "top1_acc": 97.800000}
[09/23 11:15:07][INFO] utils.logging:   91: {"_type": "train_iter", "iter": "11200/18000", "loss": 0.012620, "lr": 0.000025, "top1_acc": 97.700000}
[09/23 11:16:10][INFO] utils.logging:   91: {"_type": "train_iter", "iter": "11400/18000", "loss": 0.011196, "lr": 0.000025, "top1_acc": 98.400000}
[09/23 11:17:12][INFO] utils.logging:   91: {"_type": "train_iter", "iter": "11600/18000", "loss": 0.010310, "lr": 0.000025, "top1_acc": 98.200000}
[09/23 11:18:15][INFO] utils.logging:   91: {"_type": "train_iter", "iter": "11800/18000", "loss": 0.013520, "lr": 0.000025, "top1_acc": 98.600000}
[09/23 11:19:43][INFO] utils.logging:   91: {"_type": "val_iter", "gpu_mem": "11.84 GB", "iter": "200/10000", "top1_acc": 97.300000}
[09/23 11:20:06][INFO] utils.logging:   91: {"_type": "val_iter", "gpu_mem": "11.84 GB", "iter": "400/10000", "top1_acc": 97.000000}
[09/23 11:20:30][INFO] utils.logging:   91: {"_type": "val_iter", "gpu_mem": "11.84 GB", "iter": "600/10000", "top1_acc": 96.800000}
[09/23 11:20:54][INFO] utils.logging:   91: {"_type": "val_iter", "gpu_mem": "11.84 GB", "iter": "800/10000", "top1_acc": 96.300000}
[09/23 11:21:18][INFO] utils.logging:   91: {"_type": "val_iter", "gpu_mem": "11.84 GB", "iter": "1000/10000", "top1_acc": 97.800000}
[09/23 11:21:42][INFO] utils.logging:   91: {"_type": "val_iter", "gpu_mem": "11.84 GB", "iter": "1200/10000", "top1_acc": 98.400000}
[09/23 11:22:06][INFO] utils.logging:   91: {"_type": "val_iter", "gpu_mem": "11.84 GB", "iter": "1400/10000", "top1_acc": 97.300000}
[09/23 11:22:30][INFO] utils.logging:   91: {"_type": "val_iter", "gpu_mem": "11.84 GB", "iter": "1600/10000", "top1_acc": 97.400000}
[09/23 11:22:54][INFO] utils.logging:   91: {"_type": "val_iter", "gpu_mem": "11.84 GB", "iter": "1800/10000", "top1_acc": 97.000000}
[09/23 11:23:18][INFO] utils.logging:   91: {"_type": "val_iter", "gpu_mem": "11.84 GB", "iter": "2000/10000", "top1_acc": 97.000000}
[09/23 11:23:41][INFO] utils.logging:   91: {"_type": "val_iter", "gpu_mem": "11.84 GB", "iter": "2200/10000", "top1_acc": 98.400000}
[09/23 11:24:05][INFO] utils.logging:   91: {"_type": "val_iter", "gpu_mem": "11.84 GB", "iter": "2400/10000", "top1_acc": 96.900000}
[09/23 11:24:29][INFO] utils.logging:   91: {"_type": "val_iter", "gpu_mem": "11.84 GB", "iter": "2600/10000", "top1_acc": 97.000000}
[09/23 11:24:53][INFO] utils.logging:   91: {"_type": "val_iter", "gpu_mem": "11.84 GB", "iter": "2800/10000", "top1_acc": 96.800000}
[09/23 11:25:17][INFO] utils.logging:   91: {"_type": "val_iter", "gpu_mem": "11.84 GB", "iter": "3000/10000", "top1_acc": 96.600000}
[09/23 11:25:41][INFO] utils.logging:   91: {"_type": "val_iter", "gpu_mem": "11.84 GB", "iter": "3200/10000", "top1_acc": 96.100000}
[09/23 11:26:05][INFO] utils.logging:   91: {"_type": "val_iter", "gpu_mem": "11.84 GB", "iter": "3400/10000", "top1_acc": 96.800000}
[09/23 11:26:29][INFO] utils.logging:   91: {"_type": "val_iter", "gpu_mem": "11.84 GB", "iter": "3600/10000", "top1_acc": 97.200000}
[09/23 11:26:53][INFO] utils.logging:   91: {"_type": "val_iter", "gpu_mem": "11.84 GB", "iter": "3800/10000", "top1_acc": 97.600000}
[09/23 11:27:17][INFO] utils.logging:   91: {"_type": "val_iter", "gpu_mem": "11.84 GB", "iter": "4000/10000", "top1_acc": 96.700000}
[09/23 11:27:41][INFO] utils.logging:   91: {"_type": "val_iter", "gpu_mem": "11.84 GB", "iter": "4200/10000", "top1_acc": 97.200000}
[09/23 11:28:04][INFO] utils.logging:   91: {"_type": "val_iter", "gpu_mem": "11.84 GB", "iter": "4400/10000", "top1_acc": 96.000000}
[09/23 11:28:28][INFO] utils.logging:   91: {"_type": "val_iter", "gpu_mem": "11.84 GB", "iter": "4600/10000", "top1_acc": 97.400000}
[09/23 11:28:52][INFO] utils.logging:   91: {"_type": "val_iter", "gpu_mem": "11.84 GB", "iter": "4800/10000", "top1_acc": 97.300000}
[09/23 11:29:16][INFO] utils.logging:   91: {"_type": "val_iter", "gpu_mem": "11.84 GB", "iter": "5000/10000", "top1_acc": 97.200000}
[09/23 11:29:40][INFO] utils.logging:   91: {"_type": "val_iter", "gpu_mem": "11.84 GB", "iter": "5200/10000", "top1_acc": 95.800000}
[09/23 11:30:04][INFO] utils.logging:   91: {"_type": "val_iter", "gpu_mem": "11.84 GB", "iter": "5400/10000", "top1_acc": 96.500000}
[09/23 11:30:28][INFO] utils.logging:   91: {"_type": "val_iter", "gpu_mem": "11.84 GB", "iter": "5600/10000", "top1_acc": 96.300000}
[09/23 11:30:52][INFO] utils.logging:   91: {"_type": "val_iter", "gpu_mem": "11.84 GB", "iter": "5800/10000", "top1_acc": 97.000000}
[09/23 11:31:16][INFO] utils.logging:   91: {"_type": "val_iter", "gpu_mem": "11.84 GB", "iter": "6000/10000", "top1_acc": 96.900000}
[09/23 11:31:40][INFO] utils.logging:   91: {"_type": "val_iter", "gpu_mem": "11.84 GB", "iter": "6200/10000", "top1_acc": 96.700000}
[09/23 11:32:04][INFO] utils.logging:   91: {"_type": "val_iter", "gpu_mem": "11.84 GB", "iter": "6400/10000", "top1_acc": 96.500000}
[09/23 11:32:28][INFO] utils.logging:   91: {"_type": "val_iter", "gpu_mem": "11.84 GB", "iter": "6600/10000", "top1_acc": 96.400000}
[09/23 11:32:52][INFO] utils.logging:   91: {"_type": "val_iter", "gpu_mem": "11.84 GB", "iter": "6800/10000", "top1_acc": 96.700000}
[09/23 11:33:16][INFO] utils.logging:   91: {"_type": "val_iter", "gpu_mem": "11.84 GB", "iter": "7000/10000", "top1_acc": 97.000000}
[09/23 11:33:40][INFO] utils.logging:   91: {"_type": "val_iter", "gpu_mem": "11.84 GB", "iter": "7200/10000", "top1_acc": 95.800000}
[09/23 11:34:04][INFO] utils.logging:   91: {"_type": "val_iter", "gpu_mem": "11.84 GB", "iter": "7400/10000", "top1_acc": 97.800000}
[09/23 11:34:28][INFO] utils.logging:   91: {"_type": "val_iter", "gpu_mem": "11.84 GB", "iter": "7600/10000", "top1_acc": 96.700000}
[09/23 11:34:52][INFO] utils.logging:   91: {"_type": "val_iter", "gpu_mem": "11.84 GB", "iter": "7800/10000", "top1_acc": 97.300000}
[09/23 11:35:16][INFO] utils.logging:   91: {"_type": "val_iter", "gpu_mem": "11.84 GB", "iter": "8000/10000", "top1_acc": 97.600000}
[09/23 11:35:40][INFO] utils.logging:   91: {"_type": "val_iter", "gpu_mem": "11.84 GB", "iter": "8200/10000", "top1_acc": 97.000000}
[09/23 11:36:04][INFO] utils.logging:   91: {"_type": "val_iter", "gpu_mem": "11.84 GB", "iter": "8400/10000", "top1_acc": 96.200000}
[09/23 11:36:28][INFO] utils.logging:   91: {"_type": "val_iter", "gpu_mem": "11.84 GB", "iter": "8600/10000", "top1_acc": 97.300000}
[09/23 11:36:51][INFO] utils.logging:   91: {"_type": "val_iter", "gpu_mem": "11.84 GB", "iter": "8800/10000", "top1_acc": 97.600000}
[09/23 11:37:15][INFO] utils.logging:   91: {"_type": "val_iter", "gpu_mem": "11.84 GB", "iter": "9000/10000", "top1_acc": 97.300000}
[09/23 11:37:39][INFO] utils.logging:   91: {"_type": "val_iter", "gpu_mem": "11.84 GB", "iter": "9200/10000", "top1_acc": 97.200000}
[09/23 11:38:03][INFO] utils.logging:   91: {"_type": "val_iter", "gpu_mem": "11.84 GB", "iter": "9400/10000", "top1_acc": 96.500000}
[09/23 11:38:27][INFO] utils.logging:   91: {"_type": "val_iter", "gpu_mem": "11.84 GB", "iter": "9600/10000", "top1_acc": 96.000000}
[09/23 11:38:51][INFO] utils.logging:   91: {"_type": "val_iter", "gpu_mem": "11.84 GB", "iter": "9800/10000", "top1_acc": 97.000000}
[09/23 11:39:15][INFO] utils.logging:   91: {"_type": "val_iter", "gpu_mem": "11.84 GB", "iter": "10000/10000", "top1_acc": 97.100000}
[09/23 11:39:15][INFO] utils.logging:   91: {"RAM": "15.24/125.63 GB", "_type": "val_epoch", "epoch": "2", "gpu_mem": "11.84 GB", "top1_acc": 96.954000}
[09/23 11:39:15][INFO] train_net_few_shot:   53: Fusion weights: focus=0.020491, multi_velocity=0.020542
[09/23 11:39:15][INFO] train_net_few_shot:   73: Multi-velocity matcher: motion_delta=0.028528518974781036, velocity_weights=[0.499135822057724, 0.5008642077445984], logit_delta=4.907386779785156
[09/23 11:39:15][INFO] train_net_few_shot:  152: Validation accuracy 96.9540 did not improve best 97.2160 (1/0 evaluations without improvement).
[09/23 11:39:15][INFO] train_net_few_shot:  161: Early stopping at iteration 12000; best validation accuracy was 97.2160.
[09/23 11:39:15][INFO] utils.logging:   91: {"RAM": "11.17/125.63 GB", "_type": "train_epoch", "epoch": "7", "gpu_mem": "11.84 GB", "loss": 0.077906, "lr": 0.000025, "top1_acc": 97.534795}
